OpenJDK 64-Bit Server VM (25.362-b09) for linux-amd64 JRE (1.8.0_362-8u372-ga~us1-0ubuntu1~22.04-b09), built on May  6 2023 10:53:54 by "buildd" with gcc 11.3.0
Memory: 4k page, physical 32563104k(26014496k free), swap 8388604k(8388604k free)
CommandLine flags: -XX:+ExplicitGCInvokesConcurrent -XX:GCLogFileSize=104857600 -XX:InitialHeapSize=1073741824 -XX:InitiatingHeapOccupancyPercent=35 -XX:+ManagementServer -XX:MaxGCPauseMillis=20 -XX:MaxHeapSize=1073741824 -XX:MaxInlineLevel=15 -XX:NumberOfGCLogFiles=10 -XX:+PrintGC -XX:+PrintGCDateStamps -XX:+PrintGCDetails -XX:+PrintGCTimeStamps -XX:+UseCompressedClassPointers -XX:+UseCompressedOops -XX:+UseG1GC -XX:+UseGCLogFileRotation 
2023-06-13T16:13:01.005+0000: 0.631: [GC pause (G1 Evacuation Pause) (young), 0.0259020 secs]
   [Parallel Time: 10.4 ms, GC Workers: 43]
      [GC Worker Start (ms): Min: 630.8, Avg: 633.0, Max: 640.5, Diff: 9.7]
      [Ext Root Scanning (ms): Min: 0.0, Avg: 0.1, Max: 1.7, Diff: 1.7, Sum: 4.4]
      [Update RS (ms): Min: 0.0, Avg: 0.0, Max: 0.0, Diff: 0.0, Sum: 0.0]
         [Processed Buffers: Min: 0, Avg: 0.0, Max: 0, Diff: 0, Sum: 0]
      [Scan RS (ms): Min: 0.0, Avg: 0.0, Max: 0.0, Diff: 0.0, Sum: 0.2]
      [Code Root Scanning (ms): Min: 0.0, Avg: 0.0, Max: 0.5, Diff: 0.5, Sum: 1.3]
      [Object Copy (ms): Min: 0.0, Avg: 4.5, Max: 6.0, Diff: 6.0, Sum: 194.9]
      [Termination (ms): Min: 0.0, Avg: 2.8, Max: 3.2, Diff: 3.2, Sum: 122.5]
         [Termination Attempts: Min: 1, Avg: 10.1, Max: 17, Diff: 16, Sum: 434]
      [GC Worker Other (ms): Min: 0.0, Avg: 0.0, Max: 0.1, Diff: 0.1, Sum: 1.4]
      [GC Worker Total (ms): Min: 0.0, Avg: 7.6, Max: 9.8, Diff: 9.7, Sum: 324.8]
      [GC Worker End (ms): Min: 640.5, Avg: 640.6, Max: 640.6, Diff: 0.1]
   [Code Root Fixup: 0.0 ms]
   [Code Root Purge: 0.0 ms]
   [Clear CT: 4.1 ms]
   [Other: 11.3 ms]
      [Choose CSet: 0.0 ms]
      [Ref Proc: 8.2 ms]
      [Ref Enq: 0.1 ms]
      [Redirty Cards: 2.5 ms]
      [Humongous Register: 0.0 ms]
      [Humongous Reclaim: 0.0 ms]
      [Free CSet: 0.2 ms]
   [Eden: 52224.0K(52224.0K)->0.0B(45056.0K) Survivors: 0.0B->7168.0K Heap: 52224.0K(1024.0M)->9188.0K(1024.0M)]
 [Times: user=0.36 sys=0.01, real=0.03 secs] 
2023-06-13T16:13:01.267+0000: 0.893: [GC pause (Metadata GC Threshold) (young) (initial-mark), 0.0270750 secs]
   [Parallel Time: 11.0 ms, GC Workers: 43]
      [GC Worker Start (ms): Min: 893.3, Avg: 894.4, Max: 895.2, Diff: 1.9]
      [Ext Root Scanning (ms): Min: 0.1, Avg: 1.3, Max: 2.4, Diff: 2.2, Sum: 54.6]
      [Update RS (ms): Min: 0.0, Avg: 0.0, Max: 0.4, Diff: 0.4, Sum: 0.6]
         [Processed Buffers: Min: 0, Avg: 0.0, Max: 1, Diff: 1, Sum: 2]
      [Scan RS (ms): Min: 0.0, Avg: 0.0, Max: 0.0, Diff: 0.0, Sum: 0.2]
      [Code Root Scanning (ms): Min: 0.0, Avg: 0.1, Max: 2.1, Diff: 2.1, Sum: 2.3]
      [Object Copy (ms): Min: 5.9, Avg: 7.7, Max: 8.1, Diff: 2.2, Sum: 329.0]
      [Termination (ms): Min: 0.0, Avg: 0.1, Max: 0.2, Diff: 0.2, Sum: 3.3]
         [Termination Attempts: Min: 1, Avg: 2.7, Max: 5, Diff: 4, Sum: 116]
      [GC Worker Other (ms): Min: 0.0, Avg: 0.1, Max: 0.2, Diff: 0.2, Sum: 2.8]
      [GC Worker Total (ms): Min: 8.3, Avg: 9.1, Max: 10.3, Diff: 1.9, Sum: 392.7]
      [GC Worker End (ms): Min: 903.5, Avg: 903.5, Max: 903.7, Diff: 0.2]
   [Code Root Fixup: 0.0 ms]
   [Code Root Purge: 0.0 ms]
   [Clear CT: 4.7 ms]
   [Other: 11.4 ms]
      [Choose CSet: 0.0 ms]
      [Ref Proc: 6.6 ms]
      [Ref Enq: 0.0 ms]
      [Redirty Cards: 4.2 ms]
      [Humongous Register: 0.0 ms]
      [Humongous Reclaim: 0.0 ms]
      [Free CSet: 0.1 ms]
   [Eden: 25600.0K(45056.0K)->0.0B(45056.0K) Survivors: 7168.0K->7168.0K Heap: 34278.0K(1024.0M)->12067.5K(1024.0M)]
 [Times: user=0.38 sys=0.01, real=0.03 secs] 
2023-06-13T16:13:01.295+0000: 0.921: [GC concurrent-root-region-scan-start]
2023-06-13T16:13:01.298+0000: 0.924: [GC concurrent-root-region-scan-end, 0.0026241 secs]
2023-06-13T16:13:01.298+0000: 0.924: [GC concurrent-mark-start]
2023-06-13T16:13:01.299+0000: 0.924: [GC concurrent-mark-end, 0.0008059 secs]
2023-06-13T16:13:01.299+0000: 0.925: [GC remark 2023-06-13T16:13:01.299+0000: 0.925: [Finalize Marking, 0.0026363 secs] 2023-06-13T16:13:01.302+0000: 0.927: [GC ref-proc, 0.0011725 secs] 2023-06-13T16:13:01.303+0000: 0.929: [Unloading, 0.0079625 secs], 0.0160844 secs]
 [Times: user=0.19 sys=0.00, real=0.02 secs] 
2023-06-13T16:13:01.316+0000: 0.941: [GC cleanup 12579K->11555K(1024M), 0.0142275 secs]
 [Times: user=0.03 sys=0.00, real=0.02 secs] 
2023-06-13T16:13:01.330+0000: 0.955: [GC concurrent-cleanup-start]
2023-06-13T16:13:01.330+0000: 0.955: [GC concurrent-cleanup-end, 0.0000231 secs]
2023-06-13T16:13:01.732+0000: 1.358: [GC pause (G1 Evacuation Pause) (young), 0.0487084 secs]
   [Parallel Time: 28.0 ms, GC Workers: 43]
      [GC Worker Start (ms): Min: 1357.9, Avg: 1359.2, Max: 1360.4, Diff: 2.5]
      [Ext Root Scanning (ms): Min: 0.0, Avg: 0.4, Max: 5.8, Diff: 5.8, Sum: 18.9]
      [Update RS (ms): Min: 0.0, Avg: 0.1, Max: 2.1, Diff: 2.1, Sum: 4.5]
         [Processed Buffers: Min: 0, Avg: 0.9, Max: 11, Diff: 11, Sum: 39]
      [Scan RS (ms): Min: 0.0, Avg: 0.0, Max: 0.0, Diff: 0.0, Sum: 0.4]
      [Code Root Scanning (ms): Min: 0.0, Avg: 0.1, Max: 1.5, Diff: 1.5, Sum: 5.5]
      [Object Copy (ms): Min: 20.4, Avg: 24.1, Max: 24.9, Diff: 4.6, Sum: 1037.0]
      [Termination (ms): Min: 0.1, Avg: 0.2, Max: 0.2, Diff: 0.2, Sum: 6.8]
         [Termination Attempts: Min: 1, Avg: 28.1, Max: 41, Diff: 40, Sum: 1207]
      [GC Worker Other (ms): Min: 0.0, Avg: 0.1, Max: 0.3, Diff: 0.3, Sum: 3.6]
      [GC Worker Total (ms): Min: 23.8, Avg: 25.0, Max: 26.5, Diff: 2.7, Sum: 1076.8]
      [GC Worker End (ms): Min: 1384.2, Avg: 1384.3, Max: 1384.4, Diff: 0.3]
   [Code Root Fixup: 0.1 ms]
   [Code Root Purge: 0.0 ms]
   [Clear CT: 5.2 ms]
   [Other: 15.4 ms]
      [Choose CSet: 0.0 ms]
      [Ref Proc: 9.6 ms]
      [Ref Enq: 0.1 ms]
      [Redirty Cards: 5.1 ms]
      [Humongous Register: 0.1 ms]
      [Humongous Reclaim: 0.0 ms]
      [Free CSet: 0.3 ms]
   [Eden: 45056.0K(45056.0K)->0.0B(45056.0K) Survivors: 7168.0K->7168.0K Heap: 182.8M(1024.0M)->146.2M(1024.0M)]
 [Times: user=1.16 sys=0.01, real=0.05 secs] 
2023-06-13T16:13:02.111+0000: 1.737: [GC pause (G1 Evacuation Pause) (young), 0.0284257 secs]
   [Parallel Time: 11.9 ms, GC Workers: 43]
      [GC Worker Start (ms): Min: 1737.1, Avg: 1738.3, Max: 1739.3, Diff: 2.2]
      [Ext Root Scanning (ms): Min: 0.0, Avg: 0.4, Max: 3.0, Diff: 3.0, Sum: 17.3]
      [Update RS (ms): Min: 0.0, Avg: 0.6, Max: 1.5, Diff: 1.5, Sum: 26.2]
         [Processed Buffers: Min: 0, Avg: 1.2, Max: 3, Diff: 3, Sum: 51]
      [Scan RS (ms): Min: 0.0, Avg: 0.0, Max: 0.0, Diff: 0.0, Sum: 0.5]
      [Code Root Scanning (ms): Min: 0.0, Avg: 0.1, Max: 0.6, Diff: 0.6, Sum: 2.9]
      [Object Copy (ms): Min: 8.4, Avg: 9.0, Max: 9.5, Diff: 1.0, Sum: 388.6]
      [Termination (ms): Min: 0.0, Avg: 0.1, Max: 0.2, Diff: 0.2, Sum: 5.9]
         [Termination Attempts: Min: 1, Avg: 12.9, Max: 21, Diff: 20, Sum: 553]
      [GC Worker Other (ms): Min: 0.0, Avg: 0.1, Max: 0.3, Diff: 0.3, Sum: 4.6]
      [GC Worker Total (ms): Min: 9.3, Avg: 10.4, Max: 11.7, Diff: 2.4, Sum: 446.0]
      [GC Worker End (ms): Min: 1748.6, Avg: 1748.7, Max: 1748.9, Diff: 0.3]
   [Code Root Fixup: 0.0 ms]
   [Code Root Purge: 0.0 ms]
   [Clear CT: 5.2 ms]
   [Other: 11.3 ms]
      [Choose CSet: 0.0 ms]
      [Ref Proc: 6.1 ms]
      [Ref Enq: 0.0 ms]
      [Redirty Cards: 4.7 ms]
      [Humongous Register: 0.1 ms]
      [Humongous Reclaim: 0.0 ms]
      [Free CSet: 0.2 ms]
   [Eden: 45056.0K(45056.0K)->0.0B(45056.0K) Survivors: 7168.0K->7168.0K Heap: 190.2M(1024.0M)->150.2M(1024.0M)]
 [Times: user=0.53 sys=0.02, real=0.02 secs] 
2023-06-13T16:13:02.204+0000: 1.830: [GC pause (Metadata GC Threshold) (young) (initial-mark), 0.0287652 secs]
   [Parallel Time: 19.2 ms, GC Workers: 43]
      [GC Worker Start (ms): Min: 1830.4, Avg: 1831.4, Max: 1832.3, Diff: 1.9]
      [Ext Root Scanning (ms): Min: 2.1, Avg: 2.9, Max: 4.0, Diff: 1.9, Sum: 123.6]
      [Update RS (ms): Min: 0.0, Avg: 0.1, Max: 0.5, Diff: 0.5, Sum: 3.6]
         [Processed Buffers: Min: 0, Avg: 1.2, Max: 10, Diff: 10, Sum: 53]
      [Scan RS (ms): Min: 0.0, Avg: 0.0, Max: 0.0, Diff: 0.0, Sum: 0.2]
      [Code Root Scanning (ms): Min: 0.0, Avg: 0.0, Max: 0.6, Diff: 0.6, Sum: 1.2]
      [Object Copy (ms): Min: 13.5, Avg: 14.3, Max: 14.8, Diff: 1.3, Sum: 613.7]
      [Termination (ms): Min: 0.1, Avg: 0.1, Max: 0.2, Diff: 0.1, Sum: 6.3]
         [Termination Attempts: Min: 1, Avg: 27.7, Max: 35, Diff: 34, Sum: 1192]
      [GC Worker Other (ms): Min: 0.0, Avg: 0.1, Max: 0.2, Diff: 0.2, Sum: 3.1]
      [GC Worker Total (ms): Min: 16.5, Avg: 17.5, Max: 18.4, Diff: 1.8, Sum: 751.7]
      [GC Worker End (ms): Min: 1848.8, Avg: 1848.9, Max: 1849.0, Diff: 0.2]
   [Code Root Fixup: 0.0 ms]
   [Code Root Purge: 0.0 ms]
   [Clear CT: 3.7 ms]
   [Other: 5.8 ms]
      [Choose CSet: 0.0 ms]
      [Ref Proc: 1.7 ms]
      [Ref Enq: 0.0 ms]
      [Redirty Cards: 3.6 ms]
      [Humongous Register: 0.0 ms]
      [Humongous Reclaim: 0.0 ms]
      [Free CSet: 0.1 ms]
   [Eden: 11264.0K(45056.0K)->0.0B(46080.0K) Survivors: 7168.0K->6144.0K Heap: 160.4M(1024.0M)->156.0M(1024.0M)]
 [Times: user=0.69 sys=0.01, real=0.03 secs] 
2023-06-13T16:13:02.233+0000: 1.859: [GC concurrent-root-region-scan-start]
2023-06-13T16:13:02.234+0000: 1.860: [GC concurrent-root-region-scan-end, 0.0007950 secs]
2023-06-13T16:13:02.234+0000: 1.860: [GC concurrent-mark-start]
2023-06-13T16:13:02.238+0000: 1.864: [GC concurrent-mark-end, 0.0040075 secs]
2023-06-13T16:13:02.239+0000: 1.865: [GC remark 2023-06-13T16:13:02.239+0000: 1.865: [Finalize Marking, 0.0025100 secs] 2023-06-13T16:13:02.242+0000: 1.868: [GC ref-proc, 0.0015082 secs] 2023-06-13T16:13:02.244+0000: 1.869: [Unloading, 0.0083370 secs], 0.0171407 secs]
 [Times: user=0.31 sys=0.00, real=0.02 secs] 
2023-06-13T16:13:02.257+0000: 1.883: [GC cleanup 157M->149M(1024M), 0.0149327 secs]
 [Times: user=0.03 sys=0.01, real=0.02 secs] 
2023-06-13T16:13:02.272+0000: 1.898: [GC concurrent-cleanup-start]
2023-06-13T16:13:02.272+0000: 1.898: [GC concurrent-cleanup-end, 0.0000443 secs]
2023-06-13T16:25:17.504+0000: 737.130: [GC pause (G1 Evacuation Pause) (young), 0.0235148 secs]
   [Parallel Time: 8.7 ms, GC Workers: 43]
      [GC Worker Start (ms): Min: 737130.0, Avg: 737131.4, Max: 737132.6, Diff: 2.7]
      [Ext Root Scanning (ms): Min: 0.0, Avg: 0.7, Max: 2.7, Diff: 2.7, Sum: 30.2]
      [Update RS (ms): Min: 1.1, Avg: 2.1, Max: 2.9, Diff: 1.8, Sum: 89.6]
         [Processed Buffers: Min: 1, Avg: 1.9, Max: 10, Diff: 9, Sum: 80]
      [Scan RS (ms): Min: 0.0, Avg: 0.0, Max: 0.1, Diff: 0.1, Sum: 0.5]
      [Code Root Scanning (ms): Min: 0.0, Avg: 0.0, Max: 0.1, Diff: 0.1, Sum: 0.2]
      [Object Copy (ms): Min: 2.5, Avg: 3.3, Max: 3.7, Diff: 1.2, Sum: 142.0]
      [Termination (ms): Min: 0.0, Avg: 0.1, Max: 0.2, Diff: 0.1, Sum: 5.0]
         [Termination Attempts: Min: 1, Avg: 5.6, Max: 8, Diff: 7, Sum: 239]
      [GC Worker Other (ms): Min: 0.0, Avg: 0.1, Max: 0.3, Diff: 0.3, Sum: 3.9]
      [GC Worker Total (ms): Min: 5.0, Avg: 6.3, Max: 7.9, Diff: 2.9, Sum: 271.3]
      [GC Worker End (ms): Min: 737137.6, Avg: 737137.7, Max: 737137.9, Diff: 0.3]
   [Code Root Fixup: 0.0 ms]
   [Code Root Purge: 0.0 ms]
   [Clear CT: 4.7 ms]
   [Other: 10.1 ms]
      [Choose CSet: 0.0 ms]
      [Ref Proc: 4.8 ms]
      [Ref Enq: 0.1 ms]
      [Redirty Cards: 4.7 ms]
      [Humongous Register: 0.1 ms]
      [Humongous Reclaim: 0.0 ms]
      [Free CSet: 0.1 ms]
   [Eden: 46080.0K(46080.0K)->0.0B(46080.0K) Survivors: 6144.0K->6144.0K Heap: 193.0M(1024.0M)->148.4M(1024.0M)]
 [Times: user=0.30 sys=0.02, real=0.02 secs] 
2023-06-13T17:01:41.403+0000: 2921.028: [GC pause (G1 Evacuation Pause) (young), 0.0215490 secs]
   [Parallel Time: 8.0 ms, GC Workers: 43]
      [GC Worker Start (ms): Min: 2921028.9, Avg: 2921030.4, Max: 2921031.9, Diff: 2.9]
      [Ext Root Scanning (ms): Min: 0.0, Avg: 0.9, Max: 6.8, Diff: 6.8, Sum: 39.4]
      [Update RS (ms): Min: 0.0, Avg: 0.4, Max: 0.8, Diff: 0.8, Sum: 17.1]
         [Processed Buffers: Min: 0, Avg: 1.8, Max: 4, Diff: 4, Sum: 79]
      [Scan RS (ms): Min: 0.0, Avg: 0.0, Max: 0.1, Diff: 0.0, Sum: 0.8]
      [Code Root Scanning (ms): Min: 0.0, Avg: 0.1, Max: 0.7, Diff: 0.7, Sum: 3.3]
      [Object Copy (ms): Min: 0.0, Avg: 3.5, Max: 3.9, Diff: 3.8, Sum: 150.6]
      [Termination (ms): Min: 0.0, Avg: 0.5, Max: 0.8, Diff: 0.8, Sum: 22.2]
         [Termination Attempts: Min: 1, Avg: 1.9, Max: 4, Diff: 3, Sum: 80]
      [GC Worker Other (ms): Min: 0.0, Avg: 0.0, Max: 0.1, Diff: 0.1, Sum: 2.0]
      [GC Worker Total (ms): Min: 4.1, Avg: 5.5, Max: 6.9, Diff: 2.8, Sum: 235.5]
      [GC Worker End (ms): Min: 2921035.8, Avg: 2921035.9, Max: 2921036.0, Diff: 0.2]
   [Code Root Fixup: 0.0 ms]
   [Code Root Purge: 0.1 ms]
   [Clear CT: 4.5 ms]
   [Other: 8.9 ms]
      [Choose CSet: 0.0 ms]
      [Ref Proc: 3.6 ms]
      [Ref Enq: 0.0 ms]
      [Redirty Cards: 4.1 ms]
      [Humongous Register: 0.2 ms]
      [Humongous Reclaim: 0.0 ms]
      [Free CSet: 0.4 ms]
   [Eden: 46080.0K(46080.0K)->0.0B(47104.0K) Survivors: 6144.0K->5120.0K Heap: 193.4M(1024.0M)->147.6M(1024.0M)]
 [Times: user=0.18 sys=0.09, real=0.02 secs] 
2023-06-13T17:53:31.543+0000: 6031.168: [GC pause (G1 Evacuation Pause) (young), 0.0349787 secs]
   [Parallel Time: 11.4 ms, GC Workers: 43]
      [GC Worker Start (ms): Min: 6031176.7, Avg: 6031178.8, Max: 6031180.9, Diff: 4.2]
      [Ext Root Scanning (ms): Min: 0.0, Avg: 0.8, Max: 9.0, Diff: 9.0, Sum: 34.9]
      [Update RS (ms): Min: 0.0, Avg: 0.6, Max: 1.7, Diff: 1.7, Sum: 25.8]
         [Processed Buffers: Min: 0, Avg: 1.5, Max: 12, Diff: 12, Sum: 66]
      [Scan RS (ms): Min: 0.0, Avg: 0.0, Max: 0.1, Diff: 0.1, Sum: 0.6]
      [Code Root Scanning (ms): Min: 0.0, Avg: 0.1, Max: 1.0, Diff: 1.0, Sum: 3.4]
      [Object Copy (ms): Min: 0.0, Avg: 3.8, Max: 4.3, Diff: 4.3, Sum: 163.9]
      [Termination (ms): Min: 0.0, Avg: 1.7, Max: 1.9, Diff: 1.9, Sum: 74.7]
         [Termination Attempts: Min: 1, Avg: 1.5, Max: 4, Diff: 3, Sum: 63]
      [GC Worker Other (ms): Min: 0.0, Avg: 0.1, Max: 0.1, Diff: 0.1, Sum: 2.2]
      [GC Worker Total (ms): Min: 4.9, Avg: 7.1, Max: 9.1, Diff: 4.1, Sum: 305.4]
      [GC Worker End (ms): Min: 6031185.8, Avg: 6031185.9, Max: 6031186.0, Diff: 0.2]
   [Code Root Fixup: 0.0 ms]
   [Code Root Purge: 0.0 ms]
   [Clear CT: 5.2 ms]
   [Other: 18.3 ms]
      [Choose CSet: 0.0 ms]
      [Ref Proc: 4.7 ms]
      [Ref Enq: 0.1 ms]
      [Redirty Cards: 4.7 ms]
      [Humongous Register: 7.5 ms]
      [Humongous Reclaim: 0.0 ms]
      [Free CSet: 0.3 ms]
   [Eden: 47104.0K(47104.0K)->0.0B(47104.0K) Survivors: 5120.0K->5120.0K Heap: 193.6M(1024.0M)->146.9M(1024.0M)]
 [Times: user=0.32 sys=0.06, real=0.03 secs] 
2023-06-13T18:46:49.737+0000: 9229.363: [GC pause (G1 Evacuation Pause) (young), 0.0278609 secs]
   [Parallel Time: 9.8 ms, GC Workers: 43]
      [GC Worker Start (ms): Min: 9229365.4, Avg: 9229367.5, Max: 9229369.4, Diff: 4.0]
      [Ext Root Scanning (ms): Min: 0.0, Avg: 0.7, Max: 8.1, Diff: 8.1, Sum: 29.3]
      [Update RS (ms): Min: 0.0, Avg: 0.5, Max: 1.3, Diff: 1.3, Sum: 20.3]
         [Processed Buffers: Min: 0, Avg: 1.2, Max: 5, Diff: 5, Sum: 53]
      [Scan RS (ms): Min: 0.0, Avg: 0.0, Max: 0.1, Diff: 0.1, Sum: 0.6]
      [Code Root Scanning (ms): Min: 0.0, Avg: 0.1, Max: 2.0, Diff: 2.0, Sum: 4.3]
      [Object Copy (ms): Min: 0.0, Avg: 3.5, Max: 4.1, Diff: 4.1, Sum: 148.6]
      [Termination (ms): Min: 0.0, Avg: 1.5, Max: 1.7, Diff: 1.7, Sum: 63.9]
         [Termination Attempts: Min: 1, Avg: 2.6, Max: 4, Diff: 3, Sum: 110]
      [GC Worker Other (ms): Min: 0.0, Avg: 0.0, Max: 0.1, Diff: 0.1, Sum: 2.0]
      [GC Worker Total (ms): Min: 4.3, Avg: 6.3, Max: 8.2, Diff: 3.8, Sum: 268.9]
      [GC Worker End (ms): Min: 9229373.6, Avg: 9229373.7, Max: 9229373.8, Diff: 0.2]
   [Code Root Fixup: 0.0 ms]
   [Code Root Purge: 0.0 ms]
   [Clear CT: 5.0 ms]
   [Other: 13.0 ms]
      [Choose CSet: 0.0 ms]
      [Ref Proc: 5.0 ms]
      [Ref Enq: 0.0 ms]
      [Redirty Cards: 5.1 ms]
      [Humongous Register: 2.0 ms]
      [Humongous Reclaim: 0.0 ms]
      [Free CSet: 0.3 ms]
   [Eden: 47104.0K(47104.0K)->0.0B(47104.0K) Survivors: 5120.0K->5120.0K Heap: 192.9M(1024.0M)->146.9M(1024.0M)]
 [Times: user=0.32 sys=0.01, real=0.03 secs] 
2023-06-13T19:40:27.591+0000: 12447.217: [GC pause (G1 Evacuation Pause) (young), 0.0291162 secs]
   [Parallel Time: 11.1 ms, GC Workers: 43]
      [GC Worker Start (ms): Min: 12447219.1, Avg: 12447221.3, Max: 12447223.3, Diff: 4.2]
      [Ext Root Scanning (ms): Min: 0.0, Avg: 0.7, Max: 8.8, Diff: 8.7, Sum: 28.9]
      [Update RS (ms): Min: 0.0, Avg: 0.5, Max: 1.4, Diff: 1.4, Sum: 22.6]
         [Processed Buffers: Min: 0, Avg: 1.2, Max: 7, Diff: 7, Sum: 52]
      [Scan RS (ms): Min: 0.0, Avg: 0.0, Max: 0.1, Diff: 0.0, Sum: 0.7]
      [Code Root Scanning (ms): Min: 0.0, Avg: 0.1, Max: 2.0, Diff: 2.0, Sum: 4.5]
      [Object Copy (ms): Min: 0.0, Avg: 3.6, Max: 4.3, Diff: 4.2, Sum: 155.6]
      [Termination (ms): Min: 0.0, Avg: 1.7, Max: 1.9, Diff: 1.9, Sum: 73.7]
         [Termination Attempts: Min: 1, Avg: 2.9, Max: 5, Diff: 4, Sum: 125]
      [GC Worker Other (ms): Min: 0.0, Avg: 0.0, Max: 0.1, Diff: 0.1, Sum: 2.0]
      [GC Worker Total (ms): Min: 4.8, Avg: 6.7, Max: 8.8, Diff: 4.0, Sum: 288.0]
      [GC Worker End (ms): Min: 12447227.9, Avg: 12447228.0, Max: 12447228.1, Diff: 0.2]
   [Code Root Fixup: 0.0 ms]
   [Code Root Purge: 0.0 ms]
   [Clear CT: 5.3 ms]
   [Other: 12.7 ms]
      [Choose CSet: 0.0 ms]
      [Ref Proc: 4.6 ms]
      [Ref Enq: 0.0 ms]
      [Redirty Cards: 5.2 ms]
      [Humongous Register: 2.1 ms]
      [Humongous Reclaim: 0.0 ms]
      [Free CSet: 0.2 ms]
   [Eden: 47104.0K(47104.0K)->0.0B(48128.0K) Survivors: 5120.0K->4096.0K Heap: 192.9M(1024.0M)->146.6M(1024.0M)]
 [Times: user=0.29 sys=0.06, real=0.02 secs] 
2023-06-13T20:35:04.528+0000: 15724.153: [GC pause (G1 Evacuation Pause) (young), 0.0290617 secs]
   [Parallel Time: 12.1 ms, GC Workers: 43]
      [GC Worker Start (ms): Min: 15724155.9, Avg: 15724157.9, Max: 15724160.1, Diff: 4.2]
      [Ext Root Scanning (ms): Min: 0.0, Avg: 0.7, Max: 8.8, Diff: 8.8, Sum: 29.7]
      [Update RS (ms): Min: 0.0, Avg: 0.5, Max: 1.4, Diff: 1.4, Sum: 22.8]
         [Processed Buffers: Min: 0, Avg: 1.3, Max: 6, Diff: 6, Sum: 57]
      [Scan RS (ms): Min: 0.0, Avg: 0.0, Max: 0.0, Diff: 0.0, Sum: 0.5]
      [Code Root Scanning (ms): Min: 0.0, Avg: 0.1, Max: 1.7, Diff: 1.7, Sum: 3.5]
      [Object Copy (ms): Min: 0.0, Avg: 3.9, Max: 4.6, Diff: 4.6, Sum: 167.5]
      [Termination (ms): Min: 0.0, Avg: 1.6, Max: 1.9, Diff: 1.9, Sum: 70.2]
         [Termination Attempts: Min: 1, Avg: 3.0, Max: 5, Diff: 4, Sum: 130]
      [GC Worker Other (ms): Min: 0.0, Avg: 0.0, Max: 0.1, Diff: 0.1, Sum: 2.0]
      [GC Worker Total (ms): Min: 4.7, Avg: 6.9, Max: 9.0, Diff: 4.3, Sum: 296.3]
      [GC Worker End (ms): Min: 15724164.7, Avg: 15724164.8, Max: 15724164.9, Diff: 0.2]
   [Code Root Fixup: 0.1 ms]
   [Code Root Purge: 0.0 ms]
   [Clear CT: 5.0 ms]
   [Other: 11.8 ms]
      [Choose CSet: 0.0 ms]
      [Ref Proc: 3.8 ms]
      [Ref Enq: 0.0 ms]
      [Redirty Cards: 5.1 ms]
      [Humongous Register: 2.1 ms]
      [Humongous Reclaim: 0.0 ms]
      [Free CSet: 0.3 ms]
   [Eden: 48128.0K(48128.0K)->0.0B(47104.0K) Survivors: 4096.0K->5120.0K Heap: 193.6M(1024.0M)->147.0M(1024.0M)]
 [Times: user=0.28 sys=0.08, real=0.03 secs] 
2023-06-13T21:29:31.545+0000: 18991.170: [GC pause (G1 Evacuation Pause) (young), 0.0277617 secs]
   [Parallel Time: 10.6 ms, GC Workers: 43]
      [GC Worker Start (ms): Min: 18991172.9, Avg: 18991174.8, Max: 18991176.9, Diff: 4.0]
      [Ext Root Scanning (ms): Min: 0.0, Avg: 0.8, Max: 9.0, Diff: 9.0, Sum: 32.3]
      [Update RS (ms): Min: 0.0, Avg: 0.6, Max: 1.4, Diff: 1.4, Sum: 25.5]
         [Processed Buffers: Min: 0, Avg: 1.2, Max: 8, Diff: 8, Sum: 53]
      [Scan RS (ms): Min: 0.0, Avg: 0.0, Max: 0.1, Diff: 0.0, Sum: 0.5]
      [Code Root Scanning (ms): Min: 0.0, Avg: 0.1, Max: 2.9, Diff: 2.9, Sum: 4.7]
      [Object Copy (ms): Min: 0.0, Avg: 3.7, Max: 4.5, Diff: 4.5, Sum: 159.2]
      [Termination (ms): Min: 0.0, Avg: 2.0, Max: 2.5, Diff: 2.5, Sum: 84.3]
         [Termination Attempts: Min: 1, Avg: 4.5, Max: 7, Diff: 6, Sum: 192]
      [GC Worker Other (ms): Min: 0.0, Avg: 0.0, Max: 0.1, Diff: 0.1, Sum: 2.0]
      [GC Worker Total (ms): Min: 5.1, Avg: 7.2, Max: 9.1, Diff: 4.0, Sum: 308.6]
      [GC Worker End (ms): Min: 18991181.9, Avg: 18991182.0, Max: 18991182.1, Diff: 0.2]
   [Code Root Fixup: 0.1 ms]
   [Code Root Purge: 0.0 ms]
   [Clear CT: 4.8 ms]
   [Other: 12.2 ms]
      [Choose CSet: 0.0 ms]
      [Ref Proc: 4.1 ms]
      [Ref Enq: 0.0 ms]
      [Redirty Cards: 5.1 ms]
      [Humongous Register: 2.1 ms]
      [Humongous Reclaim: 0.0 ms]
      [Free CSet: 0.2 ms]
   [Eden: 47104.0K(47104.0K)->0.0B(47104.0K) Survivors: 5120.0K->5120.0K Heap: 193.0M(1024.0M)->146.8M(1024.0M)]
 [Times: user=0.32 sys=0.05, real=0.03 secs] 
2023-06-13T22:23:52.243+0000: 22251.868: [GC pause (G1 Evacuation Pause) (young), 0.0286767 secs]
   [Parallel Time: 10.4 ms, GC Workers: 43]
      [GC Worker Start (ms): Min: 22251870.5, Avg: 22251873.0, Max: 22251875.1, Diff: 4.5]
      [Ext Root Scanning (ms): Min: 0.0, Avg: 0.6, Max: 8.5, Diff: 8.5, Sum: 26.9]
      [Update RS (ms): Min: 0.0, Avg: 0.5, Max: 1.3, Diff: 1.3, Sum: 21.4]
         [Processed Buffers: Min: 0, Avg: 1.2, Max: 7, Diff: 7, Sum: 50]
      [Scan RS (ms): Min: 0.0, Avg: 0.0, Max: 0.1, Diff: 0.1, Sum: 0.6]
      [Code Root Scanning (ms): Min: 0.0, Avg: 0.1, Max: 1.8, Diff: 1.8, Sum: 3.6]
      [Object Copy (ms): Min: 0.0, Avg: 3.7, Max: 4.4, Diff: 4.4, Sum: 157.0]
      [Termination (ms): Min: 0.0, Avg: 1.4, Max: 1.6, Diff: 1.6, Sum: 58.1]
         [Termination Attempts: Min: 1, Avg: 3.8, Max: 7, Diff: 6, Sum: 162]
      [GC Worker Other (ms): Min: 0.0, Avg: 0.0, Max: 0.1, Diff: 0.1, Sum: 2.0]
      [GC Worker Total (ms): Min: 4.2, Avg: 6.3, Max: 8.6, Diff: 4.4, Sum: 269.6]
      [GC Worker End (ms): Min: 22251879.1, Avg: 22251879.2, Max: 22251879.3, Diff: 0.2]
   [Code Root Fixup: 0.0 ms]
   [Code Root Purge: 0.0 ms]
   [Clear CT: 6.0 ms]
   [Other: 12.3 ms]
      [Choose CSet: 0.0 ms]
      [Ref Proc: 4.7 ms]
      [Ref Enq: 0.0 ms]
      [Redirty Cards: 4.7 ms]
      [Humongous Register: 2.0 ms]
      [Humongous Reclaim: 0.0 ms]
      [Free CSet: 0.2 ms]
   [Eden: 47104.0K(47104.0K)->0.0B(47104.0K) Survivors: 5120.0K->5120.0K Heap: 192.8M(1024.0M)->146.9M(1024.0M)]
 [Times: user=0.33 sys=0.00, real=0.03 secs] 
2023-06-13T23:17:57.591+0000: 25497.216: [GC pause (G1 Evacuation Pause) (young), 0.0291735 secs]
   [Parallel Time: 10.4 ms, GC Workers: 43]
      [GC Worker Start (ms): Min: 25497218.9, Avg: 25497221.0, Max: 25497222.9, Diff: 4.0]
      [Ext Root Scanning (ms): Min: 0.0, Avg: 0.6, Max: 8.0, Diff: 8.0, Sum: 25.7]
      [Update RS (ms): Min: 0.0, Avg: 0.5, Max: 1.7, Diff: 1.7, Sum: 22.6]
         [Processed Buffers: Min: 0, Avg: 1.2, Max: 6, Diff: 6, Sum: 51]
      [Scan RS (ms): Min: 0.0, Avg: 0.0, Max: 0.1, Diff: 0.1, Sum: 0.6]
      [Code Root Scanning (ms): Min: 0.0, Avg: 0.1, Max: 2.4, Diff: 2.4, Sum: 4.2]
      [Object Copy (ms): Min: 0.0, Avg: 3.1, Max: 3.9, Diff: 3.9, Sum: 134.8]
      [Termination (ms): Min: 0.0, Avg: 1.6, Max: 1.9, Diff: 1.9, Sum: 68.6]
         [Termination Attempts: Min: 1, Avg: 4.0, Max: 7, Diff: 6, Sum: 174]
      [GC Worker Other (ms): Min: 0.0, Avg: 0.1, Max: 0.2, Diff: 0.2, Sum: 2.9]
      [GC Worker Total (ms): Min: 4.1, Avg: 6.0, Max: 8.1, Diff: 3.9, Sum: 259.5]
      [GC Worker End (ms): Min: 25497227.0, Avg: 25497227.0, Max: 25497227.2, Diff: 0.2]
   [Code Root Fixup: 0.1 ms]
   [Code Root Purge: 0.0 ms]
   [Clear CT: 5.6 ms]
   [Other: 13.1 ms]
      [Choose CSet: 0.0 ms]
      [Ref Proc: 4.6 ms]
      [Ref Enq: 0.0 ms]
      [Redirty Cards: 5.6 ms]
      [Humongous Register: 2.0 ms]
      [Humongous Reclaim: 0.0 ms]
      [Free CSet: 0.2 ms]
   [Eden: 47104.0K(47104.0K)->0.0B(48128.0K) Survivors: 5120.0K->4096.0K Heap: 192.9M(1024.0M)->146.6M(1024.0M)]
 [Times: user=0.32 sys=0.00, real=0.02 secs] 
2023-06-14T00:13:31.544+0000: 28831.170: [GC pause (G1 Evacuation Pause) (young), 0.0284126 secs]
   [Parallel Time: 9.4 ms, GC Workers: 43]
      [GC Worker Start (ms): Min: 28831172.3, Avg: 28831174.5, Max: 28831178.7, Diff: 6.4]
      [Ext Root Scanning (ms): Min: 0.0, Avg: 0.6, Max: 7.7, Diff: 7.7, Sum: 26.7]
      [Update RS (ms): Min: 0.0, Avg: 0.5, Max: 1.4, Diff: 1.4, Sum: 23.4]
         [Processed Buffers: Min: 0, Avg: 1.2, Max: 6, Diff: 6, Sum: 51]
      [Scan RS (ms): Min: 0.0, Avg: 0.0, Max: 0.1, Diff: 0.1, Sum: 0.5]
      [Code Root Scanning (ms): Min: 0.0, Avg: 0.1, Max: 1.7, Diff: 1.7, Sum: 3.4]
      [Object Copy (ms): Min: 0.0, Avg: 3.0, Max: 3.6, Diff: 3.6, Sum: 127.3]
      [Termination (ms): Min: 0.0, Avg: 1.4, Max: 1.8, Diff: 1.8, Sum: 61.3]
         [Termination Attempts: Min: 1, Avg: 4.2, Max: 7, Diff: 6, Sum: 181]
      [GC Worker Other (ms): Min: 0.0, Avg: 0.1, Max: 0.1, Diff: 0.1, Sum: 2.2]
      [GC Worker Total (ms): Min: 1.4, Avg: 5.7, Max: 7.8, Diff: 6.4, Sum: 244.8]
      [GC Worker End (ms): Min: 28831180.0, Avg: 28831180.2, Max: 28831180.2, Diff: 0.2]
   [Code Root Fixup: 0.1 ms]
   [Code Root Purge: 0.0 ms]
   [Clear CT: 5.3 ms]
   [Other: 13.6 ms]
      [Choose CSet: 0.0 ms]
      [Ref Proc: 5.4 ms]
      [Ref Enq: 0.0 ms]
      [Redirty Cards: 5.3 ms]
      [Humongous Register: 2.0 ms]
      [Humongous Reclaim: 0.0 ms]
      [Free CSet: 0.2 ms]
   [Eden: 48128.0K(48128.0K)->0.0B(47104.0K) Survivors: 4096.0K->5120.0K Heap: 193.6M(1024.0M)->146.9M(1024.0M)]
 [Times: user=0.31 sys=0.01, real=0.03 secs] 
2023-06-14T01:07:47.591+0000: 32087.216: [GC pause (G1 Evacuation Pause) (young), 0.0262223 secs]
   [Parallel Time: 9.0 ms, GC Workers: 43]
      [GC Worker Start (ms): Min: 32087218.9, Avg: 32087221.1, Max: 32087226.7, Diff: 7.8]
      [Ext Root Scanning (ms): Min: 0.0, Avg: 0.6, Max: 7.4, Diff: 7.3, Sum: 24.6]
      [Update RS (ms): Min: 0.0, Avg: 0.5, Max: 1.4, Diff: 1.4, Sum: 22.5]
         [Processed Buffers: Min: 0, Avg: 1.2, Max: 6, Diff: 6, Sum: 51]
      [Scan RS (ms): Min: 0.0, Avg: 0.0, Max: 0.1, Diff: 0.1, Sum: 0.5]
      [Code Root Scanning (ms): Min: 0.0, Avg: 0.1, Max: 2.8, Diff: 2.8, Sum: 4.6]
      [Object Copy (ms): Min: 0.0, Avg: 2.8, Max: 3.7, Diff: 3.7, Sum: 121.9]
      [Termination (ms): Min: 0.0, Avg: 1.6, Max: 1.8, Diff: 1.8, Sum: 68.9]
         [Termination Attempts: Min: 1, Avg: 3.0, Max: 7, Diff: 6, Sum: 128]
      [GC Worker Other (ms): Min: 0.0, Avg: 0.1, Max: 0.3, Diff: 0.2, Sum: 3.2]
      [GC Worker Total (ms): Min: 0.0, Avg: 5.7, Max: 8.1, Diff: 8.0, Sum: 246.2]
      [GC Worker End (ms): Min: 32087226.8, Avg: 32087226.9, Max: 32087227.0, Diff: 0.2]
   [Code Root Fixup: 0.1 ms]
   [Code Root Purge: 0.0 ms]
   [Clear CT: 5.0 ms]
   [Other: 12.2 ms]
      [Choose CSet: 0.0 ms]
      [Ref Proc: 4.3 ms]
      [Ref Enq: 0.0 ms]
      [Redirty Cards: 5.1 ms]
      [Humongous Register: 2.0 ms]
      [Humongous Reclaim: 0.0 ms]
      [Free CSet: 0.2 ms]
   [Eden: 47104.0K(47104.0K)->0.0B(47104.0K) Survivors: 5120.0K->5120.0K Heap: 192.9M(1024.0M)->146.8M(1024.0M)]
 [Times: user=0.26 sys=0.07, real=0.02 secs] 
2023-06-14T02:02:20.999+0000: 35360.625: [GC pause (G1 Evacuation Pause) (young), 0.0294367 secs]
   [Parallel Time: 10.8 ms, GC Workers: 43]
      [GC Worker Start (ms): Min: 35360627.4, Avg: 35360629.6, Max: 35360631.5, Diff: 4.1]
      [Ext Root Scanning (ms): Min: 0.0, Avg: 0.7, Max: 8.7, Diff: 8.7, Sum: 28.2]
      [Update RS (ms): Min: 0.0, Avg: 0.6, Max: 1.5, Diff: 1.5, Sum: 23.8]
         [Processed Buffers: Min: 0, Avg: 1.1, Max: 8, Diff: 8, Sum: 49]
      [Scan RS (ms): Min: 0.0, Avg: 0.0, Max: 0.1, Diff: 0.1, Sum: 0.5]
      [Code Root Scanning (ms): Min: 0.0, Avg: 0.1, Max: 2.4, Diff: 2.4, Sum: 5.7]
      [Object Copy (ms): Min: 0.0, Avg: 3.4, Max: 4.3, Diff: 4.3, Sum: 146.6]
      [Termination (ms): Min: 0.0, Avg: 1.9, Max: 2.1, Diff: 2.1, Sum: 82.3]
         [Termination Attempts: Min: 1, Avg: 3.0, Max: 6, Diff: 5, Sum: 128]
      [GC Worker Other (ms): Min: 0.0, Avg: 0.1, Max: 0.1, Diff: 0.1, Sum: 2.3]
      [GC Worker Total (ms): Min: 4.9, Avg: 6.7, Max: 8.8, Diff: 3.9, Sum: 289.5]
      [GC Worker End (ms): Min: 35360636.2, Avg: 35360636.3, Max: 35360636.4, Diff: 0.3]
   [Code Root Fixup: 0.0 ms]
   [Code Root Purge: 0.0 ms]
   [Clear CT: 5.3 ms]
   [Other: 13.3 ms]
      [Choose CSet: 0.0 ms]
      [Ref Proc: 5.0 ms]
      [Ref Enq: 0.0 ms]
      [Redirty Cards: 5.4 ms]
      [Humongous Register: 2.1 ms]
      [Humongous Reclaim: 0.0 ms]
      [Free CSet: 0.2 ms]
   [Eden: 47104.0K(47104.0K)->0.0B(47104.0K) Survivors: 5120.0K->5120.0K Heap: 192.8M(1024.0M)->146.9M(1024.0M)]
 [Times: user=0.31 sys=0.04, real=0.04 secs] 
2023-06-14T02:56:42.591+0000: 38622.216: [GC pause (G1 Evacuation Pause) (young), 0.0304484 secs]
   [Parallel Time: 11.9 ms, GC Workers: 43]
      [GC Worker Start (ms): Min: 38622218.9, Avg: 38622221.1, Max: 38622223.1, Diff: 4.2]
      [Ext Root Scanning (ms): Min: 0.0, Avg: 0.7, Max: 9.6, Diff: 9.6, Sum: 29.4]
      [Update RS (ms): Min: 0.0, Avg: 0.3, Max: 1.0, Diff: 1.0, Sum: 14.4]
         [Processed Buffers: Min: 0, Avg: 1.2, Max: 7, Diff: 7, Sum: 51]
      [Scan RS (ms): Min: 0.0, Avg: 0.0, Max: 0.1, Diff: 0.1, Sum: 0.5]
      [Code Root Scanning (ms): Min: 0.0, Avg: 0.2, Max: 5.2, Diff: 5.2, Sum: 8.1]
      [Object Copy (ms): Min: 0.0, Avg: 2.7, Max: 3.6, Diff: 3.6, Sum: 116.0]
      [Termination (ms): Min: 0.0, Avg: 3.6, Max: 4.0, Diff: 4.0, Sum: 154.2]
         [Termination Attempts: Min: 1, Avg: 3.2, Max: 7, Diff: 6, Sum: 139]
      [GC Worker Other (ms): Min: 0.0, Avg: 0.0, Max: 0.1, Diff: 0.1, Sum: 2.0]
      [GC Worker Total (ms): Min: 5.5, Avg: 7.6, Max: 9.6, Diff: 4.2, Sum: 324.7]
      [GC Worker End (ms): Min: 38622228.5, Avg: 38622228.6, Max: 38622228.7, Diff: 0.2]
   [Code Root Fixup: 0.1 ms]
   [Code Root Purge: 0.0 ms]
   [Clear CT: 5.6 ms]
   [Other: 12.9 ms]
      [Choose CSet: 0.0 ms]
      [Ref Proc: 4.6 ms]
      [Ref Enq: 0.0 ms]
      [Redirty Cards: 5.4 ms]
      [Humongous Register: 2.0 ms]
      [Humongous Reclaim: 0.0 ms]
      [Free CSet: 0.2 ms]
   [Eden: 47104.0K(47104.0K)->0.0B(47104.0K) Survivors: 5120.0K->5120.0K Heap: 192.9M(1024.0M)->146.8M(1024.0M)]
 [Times: user=0.38 sys=0.00, real=0.03 secs] 
2023-06-14T03:51:08.319+0000: 41887.945: [GC pause (G1 Evacuation Pause) (young), 0.0287344 secs]
   [Parallel Time: 11.4 ms, GC Workers: 43]
      [GC Worker Start (ms): Min: 41887947.3, Avg: 41887949.3, Max: 41887951.4, Diff: 4.2]
      [Ext Root Scanning (ms): Min: 0.0, Avg: 0.7, Max: 9.3, Diff: 9.2, Sum: 29.5]
      [Update RS (ms): Min: 0.0, Avg: 0.5, Max: 1.6, Diff: 1.6, Sum: 23.4]
         [Processed Buffers: Min: 0, Avg: 1.2, Max: 5, Diff: 5, Sum: 50]
      [Scan RS (ms): Min: 0.0, Avg: 0.0, Max: 0.1, Diff: 0.0, Sum: 0.5]
      [Code Root Scanning (ms): Min: 0.0, Avg: 0.1, Max: 3.4, Diff: 3.4, Sum: 5.3]
      [Object Copy (ms): Min: 0.0, Avg: 3.8, Max: 4.6, Diff: 4.6, Sum: 163.7]
      [Termination (ms): Min: 0.0, Avg: 2.1, Max: 2.4, Diff: 2.4, Sum: 89.8]
         [Termination Attempts: Min: 1, Avg: 6.9, Max: 10, Diff: 9, Sum: 295]
      [GC Worker Other (ms): Min: 0.0, Avg: 0.1, Max: 0.2, Diff: 0.1, Sum: 2.3]
      [GC Worker Total (ms): Min: 5.3, Avg: 7.3, Max: 9.3, Diff: 4.0, Sum: 314.4]
      [GC Worker End (ms): Min: 41887956.6, Avg: 41887956.7, Max: 41887956.8, Diff: 0.2]
   [Code Root Fixup: 0.1 ms]
   [Code Root Purge: 0.0 ms]
   [Clear CT: 5.2 ms]
   [Other: 12.0 ms]
      [Choose CSet: 0.0 ms]
      [Ref Proc: 4.0 ms]
      [Ref Enq: 0.0 ms]
      [Redirty Cards: 5.1 ms]
      [Humongous Register: 2.1 ms]
      [Humongous Reclaim: 0.0 ms]
      [Free CSet: 0.2 ms]
   [Eden: 47104.0K(47104.0K)->0.0B(47104.0K) Survivors: 5120.0K->5120.0K Heap: 192.8M(1024.0M)->146.9M(1024.0M)]
 [Times: user=0.33 sys=0.04, real=0.03 secs] 
2023-06-14T04:45:22.591+0000: 45142.216: [GC pause (G1 Evacuation Pause) (young), 0.0272356 secs]
   [Parallel Time: 9.8 ms, GC Workers: 43]
      [GC Worker Start (ms): Min: 45142218.9, Avg: 45142221.1, Max: 45142223.3, Diff: 4.3]
      [Ext Root Scanning (ms): Min: 0.0, Avg: 0.6, Max: 8.2, Diff: 8.2, Sum: 26.4]
      [Update RS (ms): Min: 0.0, Avg: 0.5, Max: 1.4, Diff: 1.4, Sum: 21.9]
         [Processed Buffers: Min: 0, Avg: 1.2, Max: 7, Diff: 7, Sum: 51]
      [Scan RS (ms): Min: 0.0, Avg: 0.0, Max: 0.1, Diff: 0.1, Sum: 0.5]
      [Code Root Scanning (ms): Min: 0.0, Avg: 0.1, Max: 2.3, Diff: 2.3, Sum: 4.9]
      [Object Copy (ms): Min: 0.0, Avg: 3.3, Max: 4.1, Diff: 4.1, Sum: 142.2]
      [Termination (ms): Min: 0.0, Avg: 1.5, Max: 1.6, Diff: 1.6, Sum: 64.6]
         [Termination Attempts: Min: 1, Avg: 2.5, Max: 4, Diff: 3, Sum: 108]
      [GC Worker Other (ms): Min: 0.0, Avg: 0.1, Max: 0.1, Diff: 0.1, Sum: 2.3]
      [GC Worker Total (ms): Min: 4.0, Avg: 6.1, Max: 8.3, Diff: 4.3, Sum: 262.9]
      [GC Worker End (ms): Min: 45142227.2, Avg: 45142227.3, Max: 45142227.3, Diff: 0.2]
   [Code Root Fixup: 0.0 ms]
   [Code Root Purge: 0.0 ms]
   [Clear CT: 5.1 ms]
   [Other: 12.3 ms]
      [Choose CSet: 0.0 ms]
      [Ref Proc: 4.0 ms]
      [Ref Enq: 0.0 ms]
      [Redirty Cards: 5.3 ms]
      [Humongous Register: 2.1 ms]
      [Humongous Reclaim: 0.0 ms]
      [Free CSet: 0.2 ms]
   [Eden: 47104.0K(47104.0K)->0.0B(48128.0K) Survivors: 5120.0K->4096.0K Heap: 192.9M(1024.0M)->147.0M(1024.0M)]
 [Times: user=0.32 sys=0.00, real=0.02 secs] 
2023-06-14T05:40:37.841+0000: 48457.467: [GC pause (G1 Evacuation Pause) (young), 0.0249341 secs]
   [Parallel Time: 8.4 ms, GC Workers: 43]
      [GC Worker Start (ms): Min: 48457469.1, Avg: 48457471.4, Max: 48457474.7, Diff: 5.6]
      [Ext Root Scanning (ms): Min: 0.0, Avg: 0.6, Max: 4.2, Diff: 4.2, Sum: 24.3]
      [Update RS (ms): Min: 0.0, Avg: 0.4, Max: 1.1, Diff: 1.1, Sum: 17.8]
         [Processed Buffers: Min: 0, Avg: 1.2, Max: 6, Diff: 6, Sum: 53]
      [Scan RS (ms): Min: 0.0, Avg: 0.0, Max: 0.1, Diff: 0.1, Sum: 0.5]
      [Code Root Scanning (ms): Min: 0.0, Avg: 0.1, Max: 1.7, Diff: 1.7, Sum: 2.6]
      [Object Copy (ms): Min: 1.6, Avg: 3.9, Max: 4.4, Diff: 2.8, Sum: 165.6]
      [Termination (ms): Min: 0.0, Avg: 0.1, Max: 0.2, Diff: 0.2, Sum: 6.1]
         [Termination Attempts: Min: 1, Avg: 12.2, Max: 16, Diff: 15, Sum: 523]
      [GC Worker Other (ms): Min: 0.0, Avg: 0.1, Max: 0.3, Diff: 0.2, Sum: 4.3]
      [GC Worker Total (ms): Min: 1.8, Avg: 5.1, Max: 7.6, Diff: 5.8, Sum: 221.2]
      [GC Worker End (ms): Min: 48457476.5, Avg: 48457476.5, Max: 48457476.7, Diff: 0.2]
   [Code Root Fixup: 0.1 ms]
   [Code Root Purge: 0.0 ms]
   [Clear CT: 4.7 ms]
   [Other: 11.8 ms]
      [Choose CSet: 0.0 ms]
      [Ref Proc: 4.5 ms]
      [Ref Enq: 0.0 ms]
      [Redirty Cards: 4.5 ms]
      [Humongous Register: 2.0 ms]
      [Humongous Reclaim: 0.0 ms]
      [Free CSet: 0.2 ms]
   [Eden: 48128.0K(48128.0K)->0.0B(49152.0K) Survivors: 4096.0K->3072.0K Heap: 194.0M(1024.0M)->147.3M(1024.0M)]
 [Times: user=0.28 sys=0.00, real=0.02 secs] 
2023-06-14T06:37:32.199+0000: 51871.825: [GC pause (G1 Evacuation Pause) (young), 0.0260861 secs]
   [Parallel Time: 8.2 ms, GC Workers: 43]
      [GC Worker Start (ms): Min: 51871827.5, Avg: 51871829.6, Max: 51871831.6, Diff: 4.0]
      [Ext Root Scanning (ms): Min: 0.0, Avg: 0.6, Max: 7.1, Diff: 7.0, Sum: 27.1]
      [Update RS (ms): Min: 0.0, Avg: 1.0, Max: 2.2, Diff: 2.2, Sum: 43.9]
         [Processed Buffers: Min: 0, Avg: 1.3, Max: 6, Diff: 6, Sum: 54]
      [Scan RS (ms): Min: 0.0, Avg: 0.0, Max: 0.1, Diff: 0.1, Sum: 0.7]
      [Code Root Scanning (ms): Min: 0.0, Avg: 0.1, Max: 2.0, Diff: 2.0, Sum: 2.9]
      [Object Copy (ms): Min: 0.0, Avg: 1.8, Max: 2.3, Diff: 2.3, Sum: 75.9]
      [Termination (ms): Min: 0.0, Avg: 1.6, Max: 1.9, Diff: 1.9, Sum: 70.2]
         [Termination Attempts: Min: 1, Avg: 5.1, Max: 8, Diff: 7, Sum: 219]
      [GC Worker Other (ms): Min: 0.0, Avg: 0.0, Max: 0.1, Diff: 0.1, Sum: 1.9]
      [GC Worker Total (ms): Min: 3.1, Avg: 5.2, Max: 7.2, Diff: 4.1, Sum: 222.6]
      [GC Worker End (ms): Min: 51871834.7, Avg: 51871834.7, Max: 51871834.9, Diff: 0.2]
   [Code Root Fixup: 0.1 ms]
   [Code Root Purge: 0.0 ms]
   [Clear CT: 5.1 ms]
   [Other: 12.7 ms]
      [Choose CSet: 0.0 ms]
      [Ref Proc: 4.8 ms]
      [Ref Enq: 0.0 ms]
      [Redirty Cards: 5.0 ms]
      [Humongous Register: 2.1 ms]
      [Humongous Reclaim: 0.0 ms]
      [Free CSet: 0.2 ms]
   [Eden: 49152.0K(49152.0K)->0.0B(51200.0K) Survivors: 3072.0K->1024.0K Heap: 195.3M(1024.0M)->146.8M(1024.0M)]
 [Times: user=0.28 sys=0.00, real=0.03 secs] 
2023-06-14T07:36:57.203+0000: 55436.828: [GC pause (G1 Evacuation Pause) (young), 0.0253782 secs]
   [Parallel Time: 8.6 ms, GC Workers: 43]
      [GC Worker Start (ms): Min: 55436831.0, Avg: 55436833.2, Max: 55436835.3, Diff: 4.2]
      [Ext Root Scanning (ms): Min: 0.0, Avg: 0.6, Max: 7.2, Diff: 7.2, Sum: 25.5]
      [Update RS (ms): Min: 0.0, Avg: 0.6, Max: 1.4, Diff: 1.4, Sum: 24.4]
         [Processed Buffers: Min: 0, Avg: 1.7, Max: 10, Diff: 10, Sum: 71]
      [Scan RS (ms): Min: 0.0, Avg: 0.0, Max: 0.1, Diff: 0.1, Sum: 0.7]
      [Code Root Scanning (ms): Min: 0.0, Avg: 0.0, Max: 0.3, Diff: 0.3, Sum: 0.3]
      [Object Copy (ms): Min: 0.0, Avg: 2.5, Max: 3.2, Diff: 3.1, Sum: 107.4]
      [Termination (ms): Min: 0.0, Avg: 1.4, Max: 1.7, Diff: 1.7, Sum: 58.5]
         [Termination Attempts: Min: 1, Avg: 12.8, Max: 20, Diff: 19, Sum: 549]
      [GC Worker Other (ms): Min: 0.0, Avg: 0.0, Max: 0.1, Diff: 0.1, Sum: 1.9]
      [GC Worker Total (ms): Min: 3.0, Avg: 5.1, Max: 7.3, Diff: 4.3, Sum: 218.8]
      [GC Worker End (ms): Min: 55436838.3, Avg: 55436838.3, Max: 55436838.5, Diff: 0.2]
   [Code Root Fixup: 0.0 ms]
   [Code Root Purge: 0.0 ms]
   [Clear CT: 5.0 ms]
   [Other: 11.8 ms]
      [Choose CSet: 0.0 ms]
      [Ref Proc: 3.7 ms]
      [Ref Enq: 0.0 ms]
      [Redirty Cards: 5.1 ms]
      [Humongous Register: 2.1 ms]
      [Humongous Reclaim: 0.0 ms]
      [Free CSet: 0.2 ms]
   [Eden: 51200.0K(51200.0K)->0.0B(51200.0K) Survivors: 1024.0K->1024.0K Heap: 196.8M(1024.0M)->146.9M(1024.0M)]
 [Times: user=0.21 sys=0.06, real=0.02 secs] 
2023-06-14T08:36:25.384+0000: 59005.010: [GC pause (G1 Evacuation Pause) (young), 0.0280952 secs]
   [Parallel Time: 9.3 ms, GC Workers: 43]
      [GC Worker Start (ms): Min: 59005012.6, Avg: 59005014.7, Max: 59005017.2, Diff: 4.6]
      [Ext Root Scanning (ms): Min: 0.0, Avg: 0.6, Max: 7.0, Diff: 7.0, Sum: 27.4]
      [Update RS (ms): Min: 0.0, Avg: 0.4, Max: 1.0, Diff: 1.0, Sum: 16.4]
         [Processed Buffers: Min: 0, Avg: 1.8, Max: 14, Diff: 14, Sum: 78]
      [Scan RS (ms): Min: 0.0, Avg: 0.0, Max: 0.0, Diff: 0.0, Sum: 0.4]
      [Code Root Scanning (ms): Min: 0.0, Avg: 0.0, Max: 0.1, Diff: 0.1, Sum: 0.1]
      [Object Copy (ms): Min: 0.0, Avg: 2.5, Max: 3.1, Diff: 3.1, Sum: 106.9]
      [Termination (ms): Min: 0.0, Avg: 1.5, Max: 2.3, Diff: 2.3, Sum: 64.1]
         [Termination Attempts: Min: 1, Avg: 11.6, Max: 17, Diff: 16, Sum: 497]
      [GC Worker Other (ms): Min: 0.0, Avg: 0.0, Max: 0.1, Diff: 0.1, Sum: 1.9]
      [GC Worker Total (ms): Min: 2.6, Avg: 5.0, Max: 7.1, Diff: 4.5, Sum: 217.1]
      [GC Worker End (ms): Min: 59005019.7, Avg: 59005019.8, Max: 59005019.8, Diff: 0.1]
   [Code Root Fixup: 0.0 ms]
   [Code Root Purge: 0.0 ms]
   [Clear CT: 5.6 ms]
   [Other: 13.3 ms]
      [Choose CSet: 0.0 ms]
      [Ref Proc: 4.9 ms]
      [Ref Enq: 0.0 ms]
      [Redirty Cards: 5.3 ms]
      [Humongous Register: 2.1 ms]
      [Humongous Reclaim: 0.0 ms]
      [Free CSet: 0.2 ms]
   [Eden: 51200.0K(51200.0K)->0.0B(51200.0K) Survivors: 1024.0K->1024.0K Heap: 196.9M(1024.0M)->146.8M(1024.0M)]
 [Times: user=0.28 sys=0.00, real=0.03 secs] 
2023-06-14T09:35:37.591+0000: 62557.217: [GC pause (G1 Evacuation Pause) (young), 0.0281858 secs]
   [Parallel Time: 10.0 ms, GC Workers: 43]
      [GC Worker Start (ms): Min: 62557219.6, Avg: 62557222.5, Max: 62557225.2, Diff: 5.6]
      [Ext Root Scanning (ms): Min: 0.0, Avg: 0.8, Max: 7.9, Diff: 7.9, Sum: 36.3]
      [Update RS (ms): Min: 0.0, Avg: 0.2, Max: 0.5, Diff: 0.5, Sum: 7.2]
         [Processed Buffers: Min: 0, Avg: 1.6, Max: 7, Diff: 7, Sum: 67]
      [Scan RS (ms): Min: 0.0, Avg: 0.0, Max: 0.1, Diff: 0.1, Sum: 0.6]
      [Code Root Scanning (ms): Min: 0.0, Avg: 0.0, Max: 0.0, Diff: 0.0, Sum: 0.0]
      [Object Copy (ms): Min: 0.0, Avg: 2.2, Max: 3.1, Diff: 3.1, Sum: 92.8]
      [Termination (ms): Min: 0.0, Avg: 1.9, Max: 2.7, Diff: 2.7, Sum: 82.9]
         [Termination Attempts: Min: 1, Avg: 9.6, Max: 16, Diff: 15, Sum: 412]
      [GC Worker Other (ms): Min: 0.0, Avg: 0.1, Max: 0.1, Diff: 0.1, Sum: 2.9]
      [GC Worker Total (ms): Min: 2.5, Avg: 5.2, Max: 8.1, Diff: 5.7, Sum: 222.7]
      [GC Worker End (ms): Min: 62557227.6, Avg: 62557227.7, Max: 62557227.8, Diff: 0.2]
   [Code Root Fixup: 0.0 ms]
   [Code Root Purge: 0.0 ms]
   [Clear CT: 5.6 ms]
   [Other: 12.6 ms]
      [Choose CSet: 0.0 ms]
      [Ref Proc: 4.0 ms]
      [Ref Enq: 0.0 ms]
      [Redirty Cards: 5.5 ms]
      [Humongous Register: 2.1 ms]
      [Humongous Reclaim: 0.0 ms]
      [Free CSet: 0.2 ms]
   [Eden: 51200.0K(51200.0K)->0.0B(51200.0K) Survivors: 1024.0K->1024.0K Heap: 196.8M(1024.0M)->146.9M(1024.0M)]
 [Times: user=0.28 sys=0.01, real=0.02 secs] 
2023-06-14T10:34:52.591+0000: 66112.216: [GC pause (G1 Evacuation Pause) (young), 0.0248441 secs]
   [Parallel Time: 8.3 ms, GC Workers: 43]
      [GC Worker Start (ms): Min: 66112219.0, Avg: 66112221.3, Max: 66112223.5, Diff: 4.5]
      [Ext Root Scanning (ms): Min: 0.0, Avg: 0.7, Max: 7.7, Diff: 7.6, Sum: 29.6]
      [Update RS (ms): Min: 0.0, Avg: 0.2, Max: 0.5, Diff: 0.5, Sum: 7.4]
         [Processed Buffers: Min: 0, Avg: 1.5, Max: 7, Diff: 7, Sum: 66]
      [Scan RS (ms): Min: 0.0, Avg: 0.0, Max: 0.1, Diff: 0.1, Sum: 0.7]
      [Code Root Scanning (ms): Min: 0.0, Avg: 0.0, Max: 0.0, Diff: 0.0, Sum: 0.0]
      [Object Copy (ms): Min: 0.0, Avg: 2.5, Max: 3.3, Diff: 3.3, Sum: 106.4]
      [Termination (ms): Min: 0.0, Avg: 2.2, Max: 2.9, Diff: 2.9, Sum: 94.1]
         [Termination Attempts: Min: 1, Avg: 12.2, Max: 19, Diff: 18, Sum: 525]
      [GC Worker Other (ms): Min: 0.0, Avg: 0.1, Max: 0.2, Diff: 0.1, Sum: 2.4]
      [GC Worker Total (ms): Min: 3.4, Avg: 5.6, Max: 7.8, Diff: 4.4, Sum: 240.7]
      [GC Worker End (ms): Min: 66112226.8, Avg: 66112226.9, Max: 66112227.0, Diff: 0.2]
   [Code Root Fixup: 0.0 ms]
   [Code Root Purge: 0.1 ms]
   [Clear CT: 5.3 ms]
   [Other: 11.2 ms]
      [Choose CSet: 0.0 ms]
      [Ref Proc: 2.9 ms]
      [Ref Enq: 0.0 ms]
      [Redirty Cards: 5.3 ms]
      [Humongous Register: 2.1 ms]
      [Humongous Reclaim: 0.0 ms]
      [Free CSet: 0.2 ms]
   [Eden: 51200.0K(51200.0K)->0.0B(51200.0K) Survivors: 1024.0K->1024.0K Heap: 196.9M(1024.0M)->146.9M(1024.0M)]
 [Times: user=0.27 sys=0.00, real=0.02 secs] 
2023-06-14T11:34:03.455+0000: 69663.080: [GC pause (G1 Evacuation Pause) (young), 0.0291345 secs]
   [Parallel Time: 10.4 ms, GC Workers: 43]
      [GC Worker Start (ms): Min: 69663083.2, Avg: 69663085.8, Max: 69663088.2, Diff: 5.1]
      [Ext Root Scanning (ms): Min: 0.0, Avg: 0.6, Max: 7.1, Diff: 7.1, Sum: 26.2]
      [Update RS (ms): Min: 0.0, Avg: 0.2, Max: 0.6, Diff: 0.6, Sum: 7.8]
         [Processed Buffers: Min: 0, Avg: 1.5, Max: 7, Diff: 7, Sum: 66]
      [Scan RS (ms): Min: 0.0, Avg: 0.0, Max: 0.0, Diff: 0.0, Sum: 0.6]
      [Code Root Scanning (ms): Min: 0.0, Avg: 0.0, Max: 0.0, Diff: 0.0, Sum: 0.0]
      [Object Copy (ms): Min: 0.0, Avg: 2.2, Max: 3.0, Diff: 3.0, Sum: 93.7]
      [Termination (ms): Min: 0.0, Avg: 1.7, Max: 2.2, Diff: 2.2, Sum: 72.4]
         [Termination Attempts: Min: 1, Avg: 11.0, Max: 17, Diff: 16, Sum: 472]
      [GC Worker Other (ms): Min: 0.0, Avg: 0.0, Max: 0.1, Diff: 0.1, Sum: 2.1]
      [GC Worker Total (ms): Min: 2.3, Avg: 4.7, Max: 7.2, Diff: 4.8, Sum: 202.8]
      [GC Worker End (ms): Min: 69663090.3, Avg: 69663090.5, Max: 69663090.5, Diff: 0.2]
   [Code Root Fixup: 0.0 ms]
   [Code Root Purge: 0.0 ms]
   [Clear CT: 5.3 ms]
   [Other: 13.4 ms]
      [Choose CSet: 0.0 ms]
      [Ref Proc: 5.0 ms]
      [Ref Enq: 0.0 ms]
      [Redirty Cards: 5.4 ms]
      [Humongous Register: 2.1 ms]
      [Humongous Reclaim: 0.0 ms]
      [Free CSet: 0.2 ms]
   [Eden: 51200.0K(51200.0K)->0.0B(51200.0K) Survivors: 1024.0K->1024.0K Heap: 196.9M(1024.0M)->146.9M(1024.0M)]
 [Times: user=0.27 sys=0.00, real=0.03 secs] 
2023-06-14T12:33:22.591+0000: 73222.217: [GC pause (G1 Evacuation Pause) (young), 0.0271830 secs]
   [Parallel Time: 10.1 ms, GC Workers: 43]
      [GC Worker Start (ms): Min: 73222219.1, Avg: 73222221.4, Max: 73222223.6, Diff: 4.4]
      [Ext Root Scanning (ms): Min: 0.0, Avg: 0.7, Max: 7.6, Diff: 7.6, Sum: 30.2]
      [Update RS (ms): Min: 0.0, Avg: 0.2, Max: 0.6, Diff: 0.6, Sum: 8.0]
         [Processed Buffers: Min: 0, Avg: 1.5, Max: 7, Diff: 7, Sum: 64]
      [Scan RS (ms): Min: 0.0, Avg: 0.0, Max: 0.0, Diff: 0.0, Sum: 0.4]
      [Code Root Scanning (ms): Min: 0.0, Avg: 0.0, Max: 0.0, Diff: 0.0, Sum: 0.0]
      [Object Copy (ms): Min: 0.0, Avg: 2.3, Max: 3.0, Diff: 3.0, Sum: 97.5]
      [Termination (ms): Min: 0.0, Avg: 2.3, Max: 2.8, Diff: 2.8, Sum: 100.5]
         [Termination Attempts: Min: 1, Avg: 9.4, Max: 14, Diff: 13, Sum: 405]
      [GC Worker Other (ms): Min: 0.0, Avg: 0.0, Max: 0.1, Diff: 0.1, Sum: 1.7]
      [GC Worker Total (ms): Min: 3.4, Avg: 5.5, Max: 7.7, Diff: 4.3, Sum: 238.4]
      [GC Worker End (ms): Min: 73222226.8, Avg: 73222226.9, Max: 73222227.0, Diff: 0.2]
   [Code Root Fixup: 0.0 ms]
   [Code Root Purge: 0.0 ms]
   [Clear CT: 4.8 ms]
   [Other: 12.3 ms]
      [Choose CSet: 0.0 ms]
      [Ref Proc: 4.0 ms]
      [Ref Enq: 0.0 ms]
      [Redirty Cards: 5.3 ms]
      [Humongous Register: 2.0 ms]
      [Humongous Reclaim: 0.0 ms]
      [Free CSet: 0.2 ms]
   [Eden: 51200.0K(51200.0K)->0.0B(51200.0K) Survivors: 1024.0K->1024.0K Heap: 196.9M(1024.0M)->146.9M(1024.0M)]
 [Times: user=0.30 sys=0.00, real=0.02 secs] 
2023-06-14T13:32:42.591+0000: 76782.216: [GC pause (G1 Evacuation Pause) (young), 0.0282011 secs]
   [Parallel Time: 10.6 ms, GC Workers: 43]
      [GC Worker Start (ms): Min: 76782219.1, Avg: 76782221.2, Max: 76782223.2, Diff: 4.2]
      [Ext Root Scanning (ms): Min: 0.0, Avg: 0.6, Max: 7.4, Diff: 7.4, Sum: 24.6]
      [Update RS (ms): Min: 0.0, Avg: 0.1, Max: 0.5, Diff: 0.5, Sum: 5.8]
         [Processed Buffers: Min: 0, Avg: 1.5, Max: 8, Diff: 8, Sum: 63]
      [Scan RS (ms): Min: 0.0, Avg: 0.0, Max: 0.1, Diff: 0.1, Sum: 0.7]
      [Code Root Scanning (ms): Min: 0.0, Avg: 0.0, Max: 0.0, Diff: 0.0, Sum: 0.0]
      [Object Copy (ms): Min: 0.0, Avg: 2.4, Max: 3.2, Diff: 3.1, Sum: 101.8]
      [Termination (ms): Min: 0.0, Avg: 2.2, Max: 2.8, Diff: 2.8, Sum: 95.1]
         [Termination Attempts: Min: 1, Avg: 11.3, Max: 17, Diff: 16, Sum: 485]
      [GC Worker Other (ms): Min: 0.0, Avg: 0.0, Max: 0.1, Diff: 0.1, Sum: 2.0]
      [GC Worker Total (ms): Min: 3.4, Avg: 5.3, Max: 7.4, Diff: 4.0, Sum: 229.9]
      [GC Worker End (ms): Min: 76782226.5, Avg: 76782226.5, Max: 76782226.7, Diff: 0.2]
   [Code Root Fixup: 0.0 ms]
   [Code Root Purge: 0.0 ms]
   [Clear CT: 5.2 ms]
   [Other: 12.4 ms]
      [Choose CSet: 0.0 ms]
      [Ref Proc: 4.1 ms]
      [Ref Enq: 0.0 ms]
      [Redirty Cards: 5.3 ms]
      [Humongous Register: 2.0 ms]
      [Humongous Reclaim: 0.0 ms]
      [Free CSet: 0.2 ms]
   [Eden: 51200.0K(51200.0K)->0.0B(51200.0K) Survivors: 1024.0K->1024.0K Heap: 196.9M(1024.0M)->146.9M(1024.0M)]
 [Times: user=0.29 sys=0.00, real=0.02 secs] 
2023-06-14T14:32:05.544+0000: 80345.170: [GC pause (G1 Evacuation Pause) (young), 0.0256946 secs]
   [Parallel Time: 8.3 ms, GC Workers: 43]
      [GC Worker Start (ms): Min: 80345172.2, Avg: 80345174.4, Max: 80345176.4, Diff: 4.2]
      [Ext Root Scanning (ms): Min: 0.0, Avg: 0.6, Max: 7.2, Diff: 7.2, Sum: 26.9]
      [Update RS (ms): Min: 0.0, Avg: 0.2, Max: 0.6, Diff: 0.6, Sum: 8.8]
         [Processed Buffers: Min: 0, Avg: 1.6, Max: 6, Diff: 6, Sum: 67]
      [Scan RS (ms): Min: 0.0, Avg: 0.0, Max: 0.0, Diff: 0.0, Sum: 0.6]
      [Code Root Scanning (ms): Min: 0.0, Avg: 0.0, Max: 0.0, Diff: 0.0, Sum: 0.0]
      [Object Copy (ms): Min: 0.0, Avg: 2.2, Max: 2.9, Diff: 2.9, Sum: 93.3]
      [Termination (ms): Min: 0.0, Avg: 2.1, Max: 2.5, Diff: 2.5, Sum: 88.4]
         [Termination Attempts: Min: 1, Avg: 10.5, Max: 18, Diff: 17, Sum: 451]
      [GC Worker Other (ms): Min: 0.0, Avg: 0.0, Max: 0.1, Diff: 0.1, Sum: 1.8]
      [GC Worker Total (ms): Min: 3.1, Avg: 5.1, Max: 7.2, Diff: 4.2, Sum: 219.8]
      [GC Worker End (ms): Min: 80345179.4, Avg: 80345179.5, Max: 80345179.6, Diff: 0.2]
   [Code Root Fixup: 0.0 ms]
   [Code Root Purge: 0.0 ms]
   [Clear CT: 5.3 ms]
   [Other: 12.0 ms]
      [Choose CSet: 0.0 ms]
      [Ref Proc: 3.7 ms]
      [Ref Enq: 0.0 ms]
      [Redirty Cards: 5.3 ms]
      [Humongous Register: 2.1 ms]
      [Humongous Reclaim: 0.0 ms]
      [Free CSet: 0.2 ms]
   [Eden: 51200.0K(51200.0K)->0.0B(51200.0K) Survivors: 1024.0K->1024.0K Heap: 196.9M(1024.0M)->147.0M(1024.0M)]
 [Times: user=0.28 sys=0.00, real=0.03 secs] 
2023-06-14T15:31:07.591+0000: 83887.217: [GC pause (G1 Evacuation Pause) (young), 0.0290244 secs]
   [Parallel Time: 9.9 ms, GC Workers: 43]
      [GC Worker Start (ms): Min: 83887219.4, Avg: 83887221.6, Max: 83887223.7, Diff: 4.3]
      [Ext Root Scanning (ms): Min: 0.0, Avg: 1.0, Max: 7.7, Diff: 7.7, Sum: 42.4]
      [Update RS (ms): Min: 0.0, Avg: 0.2, Max: 0.5, Diff: 0.5, Sum: 8.8]
         [Processed Buffers: Min: 0, Avg: 1.4, Max: 5, Diff: 5, Sum: 61]
      [Scan RS (ms): Min: 0.0, Avg: 0.0, Max: 0.0, Diff: 0.0, Sum: 0.5]
      [Code Root Scanning (ms): Min: 0.0, Avg: 0.0, Max: 0.0, Diff: 0.0, Sum: 0.0]
      [Object Copy (ms): Min: 0.0, Avg: 2.8, Max: 3.5, Diff: 3.4, Sum: 121.7]
      [Termination (ms): Min: 0.0, Avg: 1.4, Max: 2.1, Diff: 2.1, Sum: 61.5]
         [Termination Attempts: Min: 1, Avg: 14.6, Max: 22, Diff: 21, Sum: 629]
      [GC Worker Other (ms): Min: 0.0, Avg: 0.0, Max: 0.1, Diff: 0.1, Sum: 2.0]
      [GC Worker Total (ms): Min: 3.5, Avg: 5.5, Max: 7.7, Diff: 4.2, Sum: 237.0]
      [GC Worker End (ms): Min: 83887227.1, Avg: 83887227.1, Max: 83887227.2, Diff: 0.2]
   [Code Root Fixup: 0.0 ms]
   [Code Root Purge: 0.0 ms]
   [Clear CT: 6.4 ms]
   [Other: 12.7 ms]
      [Choose CSet: 0.0 ms]
      [Ref Proc: 4.6 ms]
      [Ref Enq: 0.0 ms]
      [Redirty Cards: 5.1 ms]
      [Humongous Register: 2.1 ms]
      [Humongous Reclaim: 0.0 ms]
      [Free CSet: 0.2 ms]
   [Eden: 51200.0K(51200.0K)->0.0B(51200.0K) Survivors: 1024.0K->1024.0K Heap: 197.0M(1024.0M)->147.0M(1024.0M)]
 [Times: user=0.29 sys=0.00, real=0.02 secs] 
2023-06-14T16:30:45.378+0000: 87465.004: [GC pause (G1 Evacuation Pause) (young), 0.0302650 secs]
   [Parallel Time: 13.1 ms, GC Workers: 43]
      [GC Worker Start (ms): Min: 87465006.3, Avg: 87465008.4, Max: 87465010.5, Diff: 4.3]
      [Ext Root Scanning (ms): Min: 0.0, Avg: 0.8, Max: 11.6, Diff: 11.6, Sum: 33.3]
      [Update RS (ms): Min: 0.0, Avg: 0.1, Max: 0.5, Diff: 0.5, Sum: 6.3]
         [Processed Buffers: Min: 0, Avg: 1.6, Max: 6, Diff: 6, Sum: 69]
      [Scan RS (ms): Min: 0.0, Avg: 0.0, Max: 0.0, Diff: 0.0, Sum: 0.6]
      [Code Root Scanning (ms): Min: 0.0, Avg: 0.0, Max: 0.0, Diff: 0.0, Sum: 0.0]
      [Object Copy (ms): Min: 0.0, Avg: 2.2, Max: 2.8, Diff: 2.8, Sum: 94.4]
      [Termination (ms): Min: 0.0, Avg: 6.5, Max: 7.0, Diff: 7.0, Sum: 278.6]
         [Termination Attempts: Min: 1, Avg: 10.8, Max: 17, Diff: 16, Sum: 463]
      [GC Worker Other (ms): Min: 0.0, Avg: 0.0, Max: 0.2, Diff: 0.1, Sum: 1.8]
      [GC Worker Total (ms): Min: 7.4, Avg: 9.6, Max: 11.7, Diff: 4.3, Sum: 414.9]
      [GC Worker End (ms): Min: 87465017.9, Avg: 87465018.0, Max: 87465018.2, Diff: 0.2]
   [Code Root Fixup: 0.0 ms]
   [Code Root Purge: 0.0 ms]
   [Clear CT: 5.3 ms]
   [Other: 11.9 ms]
      [Choose CSet: 0.0 ms]
      [Ref Proc: 3.7 ms]
      [Ref Enq: 0.0 ms]
      [Redirty Cards: 5.2 ms]
      [Humongous Register: 2.1 ms]
      [Humongous Reclaim: 0.0 ms]
      [Free CSet: 0.2 ms]
   [Eden: 51200.0K(51200.0K)->0.0B(51200.0K) Survivors: 1024.0K->1024.0K Heap: 197.0M(1024.0M)->147.0M(1024.0M)]
 [Times: user=0.47 sys=0.01, real=0.03 secs] 
2023-06-14T17:30:02.591+0000: 91022.217: [GC pause (G1 Evacuation Pause) (young), 0.0285287 secs]
   [Parallel Time: 10.6 ms, GC Workers: 43]
      [GC Worker Start (ms): Min: 91022219.4, Avg: 91022221.6, Max: 91022223.5, Diff: 4.1]
      [Ext Root Scanning (ms): Min: 0.0, Avg: 0.9, Max: 7.5, Diff: 7.5, Sum: 37.6]
      [Update RS (ms): Min: 0.0, Avg: 0.2, Max: 0.7, Diff: 0.7, Sum: 7.3]
         [Processed Buffers: Min: 0, Avg: 1.5, Max: 7, Diff: 7, Sum: 65]
      [Scan RS (ms): Min: 0.0, Avg: 0.0, Max: 0.1, Diff: 0.1, Sum: 0.7]
      [Code Root Scanning (ms): Min: 0.0, Avg: 0.0, Max: 0.0, Diff: 0.0, Sum: 0.0]
      [Object Copy (ms): Min: 0.0, Avg: 2.2, Max: 2.7, Diff: 2.7, Sum: 93.9]
      [Termination (ms): Min: 0.0, Avg: 2.2, Max: 2.5, Diff: 2.5, Sum: 93.1]
         [Termination Attempts: Min: 1, Avg: 8.4, Max: 12, Diff: 11, Sum: 362]
      [GC Worker Other (ms): Min: 0.0, Avg: 0.0, Max: 0.1, Diff: 0.1, Sum: 1.9]
      [GC Worker Total (ms): Min: 3.5, Avg: 5.5, Max: 7.5, Diff: 4.1, Sum: 234.4]
      [GC Worker End (ms): Min: 91022227.0, Avg: 91022227.0, Max: 91022227.1, Diff: 0.2]
   [Code Root Fixup: 0.0 ms]
   [Code Root Purge: 0.0 ms]
   [Clear CT: 5.5 ms]
   [Other: 12.5 ms]
      [Choose CSet: 0.0 ms]
      [Ref Proc: 4.4 ms]
      [Ref Enq: 0.0 ms]
      [Redirty Cards: 5.1 ms]
      [Humongous Register: 2.1 ms]
      [Humongous Reclaim: 0.0 ms]
      [Free CSet: 0.2 ms]
   [Eden: 51200.0K(51200.0K)->0.0B(51200.0K) Survivors: 1024.0K->1024.0K Heap: 197.0M(1024.0M)->147.0M(1024.0M)]
 [Times: user=0.30 sys=0.00, real=0.02 secs] 
2023-06-14T18:29:25.666+0000: 94585.291: [GC pause (G1 Evacuation Pause) (young), 0.0312329 secs]
   [Parallel Time: 14.3 ms, GC Workers: 43]
      [GC Worker Start (ms): Min: 94585294.1, Avg: 94585296.4, Max: 94585298.3, Diff: 4.1]
      [Ext Root Scanning (ms): Min: 0.0, Avg: 0.9, Max: 12.5, Diff: 12.5, Sum: 39.1]
      [Update RS (ms): Min: 0.0, Avg: 0.2, Max: 0.6, Diff: 0.6, Sum: 8.4]
         [Processed Buffers: Min: 0, Avg: 1.5, Max: 6, Diff: 6, Sum: 64]
      [Scan RS (ms): Min: 0.0, Avg: 0.0, Max: 0.0, Diff: 0.0, Sum: 0.5]
      [Code Root Scanning (ms): Min: 0.0, Avg: 0.0, Max: 0.1, Diff: 0.1, Sum: 0.1]
      [Object Copy (ms): Min: 0.0, Avg: 3.2, Max: 3.9, Diff: 3.9, Sum: 136.8]
      [Termination (ms): Min: 0.0, Avg: 6.1, Max: 6.8, Diff: 6.8, Sum: 261.7]
         [Termination Attempts: Min: 1, Avg: 14.1, Max: 20, Diff: 19, Sum: 608]
      [GC Worker Other (ms): Min: 0.0, Avg: 0.0, Max: 0.1, Diff: 0.1, Sum: 1.8]
      [GC Worker Total (ms): Min: 8.5, Avg: 10.4, Max: 12.7, Diff: 4.2, Sum: 448.4]
      [GC Worker End (ms): Min: 94585306.7, Avg: 94585306.8, Max: 94585306.9, Diff: 0.2]
   [Code Root Fixup: 0.0 ms]
   [Code Root Purge: 0.0 ms]
   [Clear CT: 5.2 ms]
   [Other: 11.7 ms]
      [Choose CSet: 0.0 ms]
      [Ref Proc: 3.5 ms]
      [Ref Enq: 0.0 ms]
      [Redirty Cards: 5.3 ms]
      [Humongous Register: 2.0 ms]
      [Humongous Reclaim: 0.0 ms]
      [Free CSet: 0.2 ms]
   [Eden: 51200.0K(51200.0K)->0.0B(51200.0K) Survivors: 1024.0K->1024.0K Heap: 197.0M(1024.0M)->147.0M(1024.0M)]
 [Times: user=0.51 sys=0.00, real=0.03 secs] 
2023-06-14T19:28:36.318+0000: 98135.943: [GC pause (G1 Evacuation Pause) (young), 0.0266054 secs]
   [Parallel Time: 8.0 ms, GC Workers: 43]
      [GC Worker Start (ms): Min: 98135945.8, Avg: 98135948.0, Max: 98135950.8, Diff: 5.0]
      [Ext Root Scanning (ms): Min: 0.0, Avg: 0.6, Max: 7.0, Diff: 7.0, Sum: 27.8]
      [Update RS (ms): Min: 0.0, Avg: 0.2, Max: 0.6, Diff: 0.6, Sum: 6.6]
         [Processed Buffers: Min: 0, Avg: 1.4, Max: 5, Diff: 5, Sum: 61]
      [Scan RS (ms): Min: 0.0, Avg: 0.0, Max: 0.0, Diff: 0.0, Sum: 0.6]
      [Code Root Scanning (ms): Min: 0.0, Avg: 0.0, Max: 0.2, Diff: 0.2, Sum: 0.2]
      [Object Copy (ms): Min: 0.0, Avg: 2.1, Max: 2.7, Diff: 2.7, Sum: 91.2]
      [Termination (ms): Min: 0.0, Avg: 2.0, Max: 2.4, Diff: 2.4, Sum: 85.8]
         [Termination Attempts: Min: 1, Avg: 12.0, Max: 18, Diff: 17, Sum: 514]
      [GC Worker Other (ms): Min: 0.0, Avg: 0.0, Max: 0.2, Diff: 0.2, Sum: 2.0]
      [GC Worker Total (ms): Min: 2.1, Avg: 5.0, Max: 7.1, Diff: 4.9, Sum: 214.2]
      [GC Worker End (ms): Min: 98135952.9, Avg: 98135953.0, Max: 98135953.1, Diff: 0.2]
   [Code Root Fixup: 0.0 ms]
   [Code Root Purge: 0.0 ms]
   [Clear CT: 5.2 ms]
   [Other: 13.4 ms]
      [Choose CSet: 0.0 ms]
      [Ref Proc: 4.6 ms]
      [Ref Enq: 0.0 ms]
      [Redirty Cards: 5.3 ms]
      [Humongous Register: 2.1 ms]
      [Humongous Reclaim: 0.0 ms]
      [Free CSet: 0.3 ms]
   [Eden: 51200.0K(51200.0K)->0.0B(51200.0K) Survivors: 1024.0K->1024.0K Heap: 197.0M(1024.0M)->147.0M(1024.0M)]
 [Times: user=0.27 sys=0.00, real=0.03 secs] 
2023-06-14T20:28:17.591+0000: 101717.217: [GC pause (G1 Evacuation Pause) (young), 0.0266566 secs]
   [Parallel Time: 8.8 ms, GC Workers: 43]
      [GC Worker Start (ms): Min: 101717219.4, Avg: 101717221.6, Max: 101717223.5, Diff: 4.1]
      [Ext Root Scanning (ms): Min: 0.0, Avg: 0.8, Max: 7.9, Diff: 7.9, Sum: 32.7]
      [Update RS (ms): Min: 0.0, Avg: 0.2, Max: 0.6, Diff: 0.6, Sum: 7.2]
         [Processed Buffers: Min: 0, Avg: 1.4, Max: 7, Diff: 7, Sum: 60]
      [Scan RS (ms): Min: 0.0, Avg: 0.0, Max: 0.0, Diff: 0.0, Sum: 0.6]
      [Code Root Scanning (ms): Min: 0.0, Avg: 0.0, Max: 0.5, Diff: 0.5, Sum: 0.5]
      [Object Copy (ms): Min: 0.0, Avg: 2.5, Max: 3.2, Diff: 3.1, Sum: 109.0]
      [Termination (ms): Min: 0.0, Avg: 2.3, Max: 3.4, Diff: 3.4, Sum: 100.9]
         [Termination Attempts: Min: 1, Avg: 11.5, Max: 16, Diff: 15, Sum: 495]
      [GC Worker Other (ms): Min: 0.0, Avg: 0.0, Max: 0.2, Diff: 0.1, Sum: 2.0]
      [GC Worker Total (ms): Min: 3.9, Avg: 5.9, Max: 8.0, Diff: 4.0, Sum: 252.9]
      [GC Worker End (ms): Min: 101717227.4, Avg: 101717227.4, Max: 101717227.6, Diff: 0.2]
   [Code Root Fixup: 0.0 ms]
   [Code Root Purge: 0.0 ms]
   [Clear CT: 5.2 ms]
   [Other: 12.7 ms]
      [Choose CSet: 0.0 ms]
      [Ref Proc: 4.3 ms]
      [Ref Enq: 0.0 ms]
      [Redirty Cards: 5.3 ms]
      [Humongous Register: 2.1 ms]
      [Humongous Reclaim: 0.0 ms]
      [Free CSet: 0.2 ms]
   [Eden: 51200.0K(51200.0K)->0.0B(51200.0K) Survivors: 1024.0K->1024.0K Heap: 197.0M(1024.0M)->147.0M(1024.0M)]
 [Times: user=0.31 sys=0.00, real=0.02 secs] 
2023-06-14T21:27:50.512+0000: 105290.138: [GC pause (G1 Evacuation Pause) (young), 0.0319259 secs]
   [Parallel Time: 13.7 ms, GC Workers: 43]
      [GC Worker Start (ms): Min: 105290140.4, Avg: 105290142.6, Max: 105290145.8, Diff: 5.4]
      [Ext Root Scanning (ms): Min: 0.0, Avg: 1.0, Max: 12.1, Diff: 12.1, Sum: 42.8]
      [Update RS (ms): Min: 0.0, Avg: 0.2, Max: 0.6, Diff: 0.6, Sum: 8.2]
         [Processed Buffers: Min: 0, Avg: 1.5, Max: 7, Diff: 7, Sum: 63]
      [Scan RS (ms): Min: 0.0, Avg: 0.0, Max: 0.0, Diff: 0.0, Sum: 0.5]
      [Code Root Scanning (ms): Min: 0.0, Avg: 0.0, Max: 0.3, Diff: 0.3, Sum: 0.4]
      [Object Copy (ms): Min: 0.0, Avg: 3.1, Max: 4.0, Diff: 4.0, Sum: 132.6]
      [Termination (ms): Min: 0.0, Avg: 5.7, Max: 7.1, Diff: 7.1, Sum: 246.1]
         [Termination Attempts: Min: 1, Avg: 15.8, Max: 22, Diff: 21, Sum: 680]
      [GC Worker Other (ms): Min: 0.0, Avg: 0.0, Max: 0.1, Diff: 0.1, Sum: 1.8]
      [GC Worker Total (ms): Min: 6.8, Avg: 10.1, Max: 12.2, Diff: 5.3, Sum: 432.4]
      [GC Worker End (ms): Min: 105290152.6, Avg: 105290152.7, Max: 105290152.8, Diff: 0.2]
   [Code Root Fixup: 0.0 ms]
   [Code Root Purge: 0.0 ms]
   [Clear CT: 5.6 ms]
   [Other: 12.7 ms]
      [Choose CSet: 0.0 ms]
      [Ref Proc: 4.4 ms]
      [Ref Enq: 0.0 ms]
      [Redirty Cards: 5.2 ms]
      [Humongous Register: 2.1 ms]
      [Humongous Reclaim: 0.0 ms]
      [Free CSet: 0.2 ms]
   [Eden: 51200.0K(51200.0K)->0.0B(51200.0K) Survivors: 1024.0K->1024.0K Heap: 197.0M(1024.0M)->147.0M(1024.0M)]
 [Times: user=0.49 sys=0.00, real=0.03 secs] 
2023-06-14T22:27:17.591+0000: 108857.217: [GC pause (G1 Evacuation Pause) (young), 0.0273893 secs]
   [Parallel Time: 8.5 ms, GC Workers: 43]
      [GC Worker Start (ms): Min: 108857219.4, Avg: 108857221.4, Max: 108857223.3, Diff: 3.9]
      [Ext Root Scanning (ms): Min: 0.0, Avg: 0.7, Max: 7.2, Diff: 7.2, Sum: 31.1]
      [Update RS (ms): Min: 0.0, Avg: 0.2, Max: 0.5, Diff: 0.5, Sum: 7.1]
         [Processed Buffers: Min: 0, Avg: 1.5, Max: 9, Diff: 9, Sum: 65]
      [Scan RS (ms): Min: 0.0, Avg: 0.0, Max: 0.0, Diff: 0.0, Sum: 0.5]
      [Code Root Scanning (ms): Min: 0.0, Avg: 0.0, Max: 0.5, Diff: 0.5, Sum: 0.5]
      [Object Copy (ms): Min: 0.0, Avg: 2.9, Max: 3.6, Diff: 3.6, Sum: 123.1]
      [Termination (ms): Min: 0.0, Avg: 1.6, Max: 2.4, Diff: 2.4, Sum: 67.0]
         [Termination Attempts: Min: 1, Avg: 14.0, Max: 20, Diff: 19, Sum: 603]
      [GC Worker Other (ms): Min: 0.0, Avg: 0.0, Max: 0.1, Diff: 0.1, Sum: 1.8]
      [GC Worker Total (ms): Min: 3.5, Avg: 5.4, Max: 7.3, Diff: 3.8, Sum: 231.1]
      [GC Worker End (ms): Min: 108857226.7, Avg: 108857226.8, Max: 108857226.9, Diff: 0.2]
   [Code Root Fixup: 0.0 ms]
   [Code Root Purge: 0.0 ms]
   [Clear CT: 5.2 ms]
   [Other: 13.7 ms]
      [Choose CSet: 0.0 ms]
      [Ref Proc: 5.2 ms]
      [Ref Enq: 0.0 ms]
      [Redirty Cards: 5.3 ms]
      [Humongous Register: 2.1 ms]
      [Humongous Reclaim: 0.0 ms]
      [Free CSet: 0.2 ms]
   [Eden: 51200.0K(51200.0K)->0.0B(51200.0K) Survivors: 1024.0K->1024.0K Heap: 197.0M(1024.0M)->147.0M(1024.0M)]
 [Times: user=0.29 sys=0.00, real=0.02 secs] 
2023-06-14T23:26:40.488+0000: 112420.114: [GC pause (G1 Evacuation Pause) (young), 0.0262796 secs]
   [Parallel Time: 8.7 ms, GC Workers: 43]
      [GC Worker Start (ms): Min: 112420116.3, Avg: 112420118.3, Max: 112420120.2, Diff: 3.9]
      [Ext Root Scanning (ms): Min: 0.0, Avg: 0.6, Max: 7.1, Diff: 7.1, Sum: 27.4]
      [Update RS (ms): Min: 0.0, Avg: 0.1, Max: 0.5, Diff: 0.5, Sum: 6.0]
         [Processed Buffers: Min: 0, Avg: 1.4, Max: 8, Diff: 8, Sum: 62]
      [Scan RS (ms): Min: 0.0, Avg: 0.0, Max: 0.0, Diff: 0.0, Sum: 0.6]
      [Code Root Scanning (ms): Min: 0.0, Avg: 0.0, Max: 0.3, Diff: 0.3, Sum: 0.3]
      [Object Copy (ms): Min: 0.0, Avg: 2.7, Max: 3.5, Diff: 3.5, Sum: 117.5]
      [Termination (ms): Min: 0.0, Avg: 1.7, Max: 2.8, Diff: 2.8, Sum: 74.2]
         [Termination Attempts: Min: 1, Avg: 12.6, Max: 19, Diff: 18, Sum: 542]
      [GC Worker Other (ms): Min: 0.0, Avg: 0.0, Max: 0.1, Diff: 0.1, Sum: 1.9]
      [GC Worker Total (ms): Min: 3.4, Avg: 5.3, Max: 7.2, Diff: 3.8, Sum: 227.9]
      [GC Worker End (ms): Min: 112420123.5, Avg: 112420123.6, Max: 112420123.7, Diff: 0.2]
   [Code Root Fixup: 0.0 ms]
   [Code Root Purge: 0.0 ms]
   [Clear CT: 5.5 ms]
   [Other: 12.0 ms]
      [Choose CSet: 0.0 ms]
      [Ref Proc: 3.7 ms]
      [Ref Enq: 0.0 ms]
      [Redirty Cards: 5.2 ms]
      [Humongous Register: 2.1 ms]
      [Humongous Reclaim: 0.0 ms]
      [Free CSet: 0.2 ms]
   [Eden: 51200.0K(51200.0K)->0.0B(51200.0K) Survivors: 1024.0K->1024.0K Heap: 197.0M(1024.0M)->147.1M(1024.0M)]
 [Times: user=0.29 sys=0.00, real=0.03 secs] 
2023-06-15T00:26:01.804+0000: 115981.429: [GC pause (G1 Evacuation Pause) (young), 0.0262770 secs]
   [Parallel Time: 9.1 ms, GC Workers: 43]
      [GC Worker Start (ms): Min: 115981431.9, Avg: 115981433.8, Max: 115981435.6, Diff: 3.8]
      [Ext Root Scanning (ms): Min: 0.0, Avg: 0.5, Max: 7.0, Diff: 7.0, Sum: 23.5]
      [Update RS (ms): Min: 0.0, Avg: 0.1, Max: 0.5, Diff: 0.5, Sum: 6.3]
         [Processed Buffers: Min: 0, Avg: 1.5, Max: 8, Diff: 8, Sum: 65]
      [Scan RS (ms): Min: 0.0, Avg: 0.0, Max: 0.0, Diff: 0.0, Sum: 0.5]
      [Code Root Scanning (ms): Min: 0.0, Avg: 0.0, Max: 0.2, Diff: 0.2, Sum: 0.2]
      [Object Copy (ms): Min: 0.0, Avg: 2.6, Max: 3.4, Diff: 3.3, Sum: 110.1]
      [Termination (ms): Min: 0.0, Avg: 2.0, Max: 2.8, Diff: 2.8, Sum: 84.4]
         [Termination Attempts: Min: 1, Avg: 12.8, Max: 20, Diff: 19, Sum: 552]
      [GC Worker Other (ms): Min: 0.0, Avg: 0.0, Max: 0.2, Diff: 0.2, Sum: 2.0]
      [GC Worker Total (ms): Min: 3.3, Avg: 5.3, Max: 7.1, Diff: 3.8, Sum: 227.1]
      [GC Worker End (ms): Min: 115981438.9, Avg: 115981439.1, Max: 115981439.1, Diff: 0.2]
   [Code Root Fixup: 0.0 ms]
   [Code Root Purge: 0.0 ms]
   [Clear CT: 4.8 ms]
   [Other: 12.3 ms]
      [Choose CSet: 0.0 ms]
      [Ref Proc: 4.4 ms]
      [Ref Enq: 0.0 ms]
      [Redirty Cards: 4.8 ms]
      [Humongous Register: 2.1 ms]
      [Humongous Reclaim: 0.0 ms]
      [Free CSet: 0.2 ms]
   [Eden: 51200.0K(51200.0K)->0.0B(51200.0K) Survivors: 1024.0K->1024.0K Heap: 197.1M(1024.0M)->147.1M(1024.0M)]
 [Times: user=0.29 sys=0.00, real=0.03 secs] 
2023-06-15T01:25:22.591+0000: 119542.217: [GC pause (G1 Evacuation Pause) (young), 0.0318035 secs]
   [Parallel Time: 13.0 ms, GC Workers: 43]
      [GC Worker Start (ms): Min: 119542219.6, Avg: 119542221.6, Max: 119542223.5, Diff: 3.9]
      [Ext Root Scanning (ms): Min: 0.0, Avg: 1.0, Max: 8.8, Diff: 8.8, Sum: 44.3]
      [Update RS (ms): Min: 0.0, Avg: 0.3, Max: 0.6, Diff: 0.6, Sum: 12.0]
         [Processed Buffers: Min: 0, Avg: 1.3, Max: 4, Diff: 4, Sum: 57]
      [Scan RS (ms): Min: 0.0, Avg: 0.0, Max: 0.0, Diff: 0.0, Sum: 0.5]
      [Code Root Scanning (ms): Min: 0.0, Avg: 0.0, Max: 0.4, Diff: 0.4, Sum: 0.4]
      [Object Copy (ms): Min: 0.0, Avg: 3.6, Max: 4.6, Diff: 4.6, Sum: 155.6]
      [Termination (ms): Min: 0.0, Avg: 2.0, Max: 3.0, Diff: 3.0, Sum: 85.0]
         [Termination Attempts: Min: 1, Avg: 18.7, Max: 30, Diff: 29, Sum: 805]
      [GC Worker Other (ms): Min: 0.0, Avg: 0.0, Max: 0.1, Diff: 0.0, Sum: 1.8]
      [GC Worker Total (ms): Min: 5.0, Avg: 7.0, Max: 8.9, Diff: 3.8, Sum: 299.8]
      [GC Worker End (ms): Min: 119542228.5, Avg: 119542228.5, Max: 119542228.6, Diff: 0.1]
   [Code Root Fixup: 0.0 ms]
   [Code Root Purge: 0.0 ms]
   [Clear CT: 5.5 ms]
   [Other: 13.3 ms]
      [Choose CSet: 0.0 ms]
      [Ref Proc: 4.8 ms]
      [Ref Enq: 0.0 ms]
      [Redirty Cards: 5.3 ms]
      [Humongous Register: 2.2 ms]
      [Humongous Reclaim: 0.0 ms]
      [Free CSet: 0.2 ms]
   [Eden: 51200.0K(51200.0K)->0.0B(51200.0K) Survivors: 1024.0K->1024.0K Heap: 197.1M(1024.0M)->147.1M(1024.0M)]
 [Times: user=0.36 sys=0.00, real=0.03 secs] 
2023-06-15T02:24:31.544+0000: 123091.170: [GC pause (G1 Evacuation Pause) (young), 0.0282815 secs]
   [Parallel Time: 10.0 ms, GC Workers: 43]
      [GC Worker Start (ms): Min: 123091172.3, Avg: 123091174.5, Max: 123091178.8, Diff: 6.5]
      [Ext Root Scanning (ms): Min: 0.0, Avg: 1.0, Max: 7.2, Diff: 7.1, Sum: 42.8]
      [Update RS (ms): Min: 0.0, Avg: 0.2, Max: 0.7, Diff: 0.7, Sum: 9.7]
         [Processed Buffers: Min: 0, Avg: 1.5, Max: 7, Diff: 7, Sum: 65]
      [Scan RS (ms): Min: 0.0, Avg: 0.0, Max: 0.1, Diff: 0.1, Sum: 0.6]
      [Code Root Scanning (ms): Min: 0.0, Avg: 0.0, Max: 0.4, Diff: 0.4, Sum: 0.4]
      [Object Copy (ms): Min: 0.1, Avg: 2.6, Max: 3.8, Diff: 3.7, Sum: 113.6]
      [Termination (ms): Min: 0.0, Avg: 1.3, Max: 2.2, Diff: 2.2, Sum: 53.9]
         [Termination Attempts: Min: 1, Avg: 21.3, Max: 31, Diff: 30, Sum: 915]
      [GC Worker Other (ms): Min: 0.0, Avg: 0.1, Max: 0.2, Diff: 0.2, Sum: 4.4]
      [GC Worker Total (ms): Min: 0.9, Avg: 5.2, Max: 7.4, Diff: 6.5, Sum: 225.4]
      [GC Worker End (ms): Min: 123091179.7, Avg: 123091179.7, Max: 123091179.9, Diff: 0.2]
   [Code Root Fixup: 0.0 ms]
   [Code Root Purge: 0.0 ms]
   [Clear CT: 5.2 ms]
   [Other: 13.1 ms]
      [Choose CSet: 0.0 ms]
      [Ref Proc: 4.8 ms]
      [Ref Enq: 0.0 ms]
      [Redirty Cards: 5.2 ms]
      [Humongous Register: 2.1 ms]
      [Humongous Reclaim: 0.0 ms]
      [Free CSet: 0.2 ms]
   [Eden: 51200.0K(51200.0K)->0.0B(51200.0K) Survivors: 1024.0K->1024.0K Heap: 197.1M(1024.0M)->147.1M(1024.0M)]
 [Times: user=0.23 sys=0.06, real=0.03 secs] 
2023-06-15T03:24:02.591+0000: 126662.216: [GC pause (G1 Evacuation Pause) (young), 0.0253538 secs]
   [Parallel Time: 8.0 ms, GC Workers: 43]
      [GC Worker Start (ms): Min: 126662219.0, Avg: 126662221.1, Max: 126662223.4, Diff: 4.4]
      [Ext Root Scanning (ms): Min: 0.0, Avg: 0.8, Max: 6.4, Diff: 6.4, Sum: 34.0]
      [Update RS (ms): Min: 0.0, Avg: 0.1, Max: 0.4, Diff: 0.4, Sum: 6.4]
         [Processed Buffers: Min: 0, Avg: 1.5, Max: 7, Diff: 7, Sum: 65]
      [Scan RS (ms): Min: 0.0, Avg: 0.0, Max: 0.0, Diff: 0.0, Sum: 0.6]
      [Code Root Scanning (ms): Min: 0.0, Avg: 0.0, Max: 0.3, Diff: 0.3, Sum: 0.3]
      [Object Copy (ms): Min: 0.5, Avg: 2.9, Max: 3.7, Diff: 3.2, Sum: 125.2]
      [Termination (ms): Min: 0.1, Avg: 1.1, Max: 1.9, Diff: 1.8, Sum: 47.2]
         [Termination Attempts: Min: 3, Avg: 20.2, Max: 27, Diff: 24, Sum: 870]
      [GC Worker Other (ms): Min: 0.0, Avg: 0.1, Max: 0.2, Diff: 0.2, Sum: 4.4]
      [GC Worker Total (ms): Min: 2.8, Avg: 5.1, Max: 7.1, Diff: 4.3, Sum: 218.1]
      [GC Worker End (ms): Min: 126662226.1, Avg: 126662226.2, Max: 126662226.3, Diff: 0.2]
   [Code Root Fixup: 0.0 ms]
   [Code Root Purge: 0.0 ms]
   [Clear CT: 4.7 ms]
   [Other: 12.6 ms]
      [Choose CSet: 0.0 ms]
      [Ref Proc: 4.4 ms]
      [Ref Enq: 0.0 ms]
      [Redirty Cards: 4.7 ms]
      [Humongous Register: 2.1 ms]
      [Humongous Reclaim: 0.0 ms]
      [Free CSet: 0.4 ms]
   [Eden: 51200.0K(51200.0K)->0.0B(51200.0K) Survivors: 1024.0K->1024.0K Heap: 197.1M(1024.0M)->147.1M(1024.0M)]
 [Times: user=0.24 sys=0.04, real=0.02 secs] 
2023-06-15T04:23:31.544+0000: 130231.170: [GC pause (G1 Evacuation Pause) (young), 0.0329107 secs]
   [Parallel Time: 15.9 ms, GC Workers: 43]
      [GC Worker Start (ms): Min: 130231172.4, Avg: 130231174.4, Max: 130231176.2, Diff: 3.8]
      [Ext Root Scanning (ms): Min: 0.0, Avg: 1.2, Max: 12.8, Diff: 12.8, Sum: 51.6]
      [Update RS (ms): Min: 0.0, Avg: 0.2, Max: 0.8, Diff: 0.8, Sum: 9.9]
         [Processed Buffers: Min: 0, Avg: 1.5, Max: 5, Diff: 5, Sum: 64]
      [Scan RS (ms): Min: 0.0, Avg: 0.0, Max: 0.0, Diff: 0.0, Sum: 0.5]
      [Code Root Scanning (ms): Min: 0.0, Avg: 0.0, Max: 0.4, Diff: 0.4, Sum: 0.4]
      [Object Copy (ms): Min: 0.0, Avg: 3.2, Max: 4.1, Diff: 4.0, Sum: 138.5]
      [Termination (ms): Min: 0.0, Avg: 6.4, Max: 8.0, Diff: 8.0, Sum: 273.3]
         [Termination Attempts: Min: 1, Avg: 17.7, Max: 24, Diff: 23, Sum: 761]
      [GC Worker Other (ms): Min: 0.0, Avg: 0.0, Max: 0.1, Diff: 0.1, Sum: 1.9]
      [GC Worker Total (ms): Min: 9.2, Avg: 11.1, Max: 12.9, Diff: 3.7, Sum: 476.0]
      [GC Worker End (ms): Min: 130231185.3, Avg: 130231185.4, Max: 130231185.5, Diff: 0.2]
   [Code Root Fixup: 0.0 ms]
   [Code Root Purge: 0.0 ms]
   [Clear CT: 4.9 ms]
   [Other: 12.1 ms]
      [Choose CSet: 0.0 ms]
      [Ref Proc: 3.8 ms]
      [Ref Enq: 0.0 ms]
      [Redirty Cards: 5.2 ms]
      [Humongous Register: 2.1 ms]
      [Humongous Reclaim: 0.0 ms]
      [Free CSet: 0.2 ms]
   [Eden: 51200.0K(51200.0K)->0.0B(51200.0K) Survivors: 1024.0K->1024.0K Heap: 197.1M(1024.0M)->147.1M(1024.0M)]
 [Times: user=0.42 sys=0.10, real=0.03 secs] 
2023-06-15T05:22:50.079+0000: 133789.704: [GC pause (G1 Evacuation Pause) (young), 0.0256001 secs]
   [Parallel Time: 9.1 ms, GC Workers: 43]
      [GC Worker Start (ms): Min: 133789707.0, Avg: 133789709.3, Max: 133789714.7, Diff: 7.6]
      [Ext Root Scanning (ms): Min: 0.0, Avg: 1.1, Max: 8.0, Diff: 8.0, Sum: 45.4]
      [Update RS (ms): Min: 0.0, Avg: 0.3, Max: 0.6, Diff: 0.6, Sum: 10.8]
         [Processed Buffers: Min: 0, Avg: 1.6, Max: 6, Diff: 6, Sum: 68]
      [Scan RS (ms): Min: 0.0, Avg: 0.0, Max: 0.0, Diff: 0.0, Sum: 0.6]
      [Code Root Scanning (ms): Min: 0.0, Avg: 0.0, Max: 0.4, Diff: 0.4, Sum: 0.4]
      [Object Copy (ms): Min: 0.0, Avg: 3.0, Max: 3.5, Diff: 3.5, Sum: 128.6]
      [Termination (ms): Min: 0.0, Avg: 1.5, Max: 2.1, Diff: 2.1, Sum: 62.8]
         [Termination Attempts: Min: 1, Avg: 15.1, Max: 22, Diff: 21, Sum: 651]
      [GC Worker Other (ms): Min: 0.0, Avg: 0.1, Max: 0.2, Diff: 0.2, Sum: 3.5]
      [GC Worker Total (ms): Min: 0.5, Avg: 5.9, Max: 8.0, Diff: 7.5, Sum: 252.1]
      [GC Worker End (ms): Min: 133789715.0, Avg: 133789715.1, Max: 133789715.3, Diff: 0.2]
   [Code Root Fixup: 0.0 ms]
   [Code Root Purge: 0.0 ms]
   [Clear CT: 5.0 ms]
   [Other: 11.4 ms]
      [Choose CSet: 0.0 ms]
      [Ref Proc: 3.4 ms]
      [Ref Enq: 0.0 ms]
      [Redirty Cards: 5.0 ms]
      [Humongous Register: 2.1 ms]
      [Humongous Reclaim: 0.0 ms]
      [Free CSet: 0.2 ms]
   [Eden: 51200.0K(51200.0K)->0.0B(51200.0K) Survivors: 1024.0K->1024.0K Heap: 197.1M(1024.0M)->147.1M(1024.0M)]
 [Times: user=0.30 sys=0.00, real=0.03 secs] 
2023-06-15T06:22:12.591+0000: 137352.217: [GC pause (G1 Evacuation Pause) (young), 0.0252787 secs]
   [Parallel Time: 9.6 ms, GC Workers: 43]
      [GC Worker Start (ms): Min: 137352219.5, Avg: 137352221.6, Max: 137352226.7, Diff: 7.2]
      [Ext Root Scanning (ms): Min: 0.0, Avg: 0.8, Max: 7.6, Diff: 7.6, Sum: 33.0]
      [Update RS (ms): Min: 0.0, Avg: 0.2, Max: 0.5, Diff: 0.5, Sum: 6.9]
         [Processed Buffers: Min: 0, Avg: 1.4, Max: 6, Diff: 6, Sum: 59]
      [Scan RS (ms): Min: 0.0, Avg: 0.0, Max: 0.0, Diff: 0.0, Sum: 0.6]
      [Code Root Scanning (ms): Min: 0.0, Avg: 0.0, Max: 0.4, Diff: 0.4, Sum: 0.4]
      [Object Copy (ms): Min: 0.0, Avg: 2.8, Max: 3.6, Diff: 3.6, Sum: 120.3]
      [Termination (ms): Min: 0.0, Avg: 1.9, Max: 3.2, Diff: 3.2, Sum: 79.6]
         [Termination Attempts: Min: 1, Avg: 17.3, Max: 27, Diff: 26, Sum: 746]
      [GC Worker Other (ms): Min: 0.0, Avg: 0.1, Max: 0.1, Diff: 0.1, Sum: 2.4]
      [GC Worker Total (ms): Min: 0.5, Avg: 5.7, Max: 7.8, Diff: 7.3, Sum: 243.2]
      [GC Worker End (ms): Min: 137352227.2, Avg: 137352227.3, Max: 137352227.4, Diff: 0.2]
   [Code Root Fixup: 0.0 ms]
   [Code Root Purge: 0.0 ms]
   [Clear CT: 4.4 ms]
   [Other: 11.3 ms]
      [Choose CSet: 0.0 ms]
      [Ref Proc: 4.1 ms]
      [Ref Enq: 0.0 ms]
      [Redirty Cards: 4.2 ms]
      [Humongous Register: 2.1 ms]
      [Humongous Reclaim: 0.0 ms]
      [Free CSet: 0.2 ms]
   [Eden: 51200.0K(51200.0K)->0.0B(51200.0K) Survivors: 1024.0K->1024.0K Heap: 197.1M(1024.0M)->147.1M(1024.0M)]
 [Times: user=0.30 sys=0.00, real=0.02 secs] 
2023-06-15T07:21:31.545+0000: 140911.170: [GC pause (G1 Evacuation Pause) (young), 0.0331494 secs]
   [Parallel Time: 15.8 ms, GC Workers: 43]
      [GC Worker Start (ms): Min: 140911172.9, Avg: 140911174.7, Max: 140911176.6, Diff: 3.8]
      [Ext Root Scanning (ms): Min: 0.0, Avg: 1.0, Max: 12.3, Diff: 12.3, Sum: 43.0]
      [Update RS (ms): Min: 0.0, Avg: 0.3, Max: 0.6, Diff: 0.6, Sum: 10.8]
         [Processed Buffers: Min: 0, Avg: 1.5, Max: 6, Diff: 6, Sum: 63]
      [Scan RS (ms): Min: 0.0, Avg: 0.0, Max: 0.0, Diff: 0.0, Sum: 0.4]
      [Code Root Scanning (ms): Min: 0.0, Avg: 0.0, Max: 0.1, Diff: 0.1, Sum: 0.1]
      [Object Copy (ms): Min: 0.0, Avg: 3.1, Max: 3.9, Diff: 3.9, Sum: 135.2]
      [Termination (ms): Min: 0.0, Avg: 6.1, Max: 6.9, Diff: 6.9, Sum: 262.2]
         [Termination Attempts: Min: 1, Avg: 15.7, Max: 22, Diff: 21, Sum: 673]
      [GC Worker Other (ms): Min: 0.0, Avg: 0.0, Max: 0.1, Diff: 0.1, Sum: 1.8]
      [GC Worker Total (ms): Min: 8.6, Avg: 10.5, Max: 12.3, Diff: 3.7, Sum: 453.6]
      [GC Worker End (ms): Min: 140911185.2, Avg: 140911185.3, Max: 140911185.4, Diff: 0.2]
   [Code Root Fixup: 0.0 ms]
   [Code Root Purge: 0.0 ms]
   [Clear CT: 5.0 ms]
   [Other: 12.3 ms]
      [Choose CSet: 0.0 ms]
      [Ref Proc: 4.4 ms]
      [Ref Enq: 0.0 ms]
      [Redirty Cards: 4.8 ms]
      [Humongous Register: 2.1 ms]
      [Humongous Reclaim: 0.0 ms]
      [Free CSet: 0.2 ms]
   [Eden: 51200.0K(51200.0K)->0.0B(51200.0K) Survivors: 1024.0K->1024.0K Heap: 197.1M(1024.0M)->147.2M(1024.0M)]
 [Times: user=0.51 sys=0.00, real=0.03 secs] 
2023-06-15T08:20:48.347+0000: 144467.972: [GC pause (G1 Evacuation Pause) (young), 0.0302828 secs]
   [Parallel Time: 9.8 ms, GC Workers: 43]
      [GC Worker Start (ms): Min: 144467974.9, Avg: 144467977.2, Max: 144467982.7, Diff: 7.8]
      [Ext Root Scanning (ms): Min: 0.0, Avg: 0.7, Max: 8.0, Diff: 8.0, Sum: 31.6]
      [Update RS (ms): Min: 0.0, Avg: 0.2, Max: 0.5, Diff: 0.5, Sum: 6.6]
         [Processed Buffers: Min: 0, Avg: 1.4, Max: 7, Diff: 7, Sum: 60]
      [Scan RS (ms): Min: 0.0, Avg: 0.0, Max: 0.0, Diff: 0.0, Sum: 0.4]
      [Code Root Scanning (ms): Min: 0.0, Avg: 0.0, Max: 0.1, Diff: 0.1, Sum: 0.1]
      [Object Copy (ms): Min: 0.0, Avg: 3.3, Max: 4.2, Diff: 4.2, Sum: 140.7]
      [Termination (ms): Min: 0.0, Avg: 1.7, Max: 2.7, Diff: 2.7, Sum: 73.1]
         [Termination Attempts: Min: 1, Avg: 17.8, Max: 26, Diff: 25, Sum: 764]
      [GC Worker Other (ms): Min: 0.0, Avg: 0.0, Max: 0.1, Diff: 0.1, Sum: 1.7]
      [GC Worker Total (ms): Min: 0.5, Avg: 5.9, Max: 8.1, Diff: 7.6, Sum: 254.3]
      [GC Worker End (ms): Min: 144467983.0, Avg: 144467983.1, Max: 144467983.2, Diff: 0.2]
   [Code Root Fixup: 0.0 ms]
   [Code Root Purge: 0.0 ms]
   [Clear CT: 6.5 ms]
   [Other: 14.0 ms]
      [Choose CSet: 0.0 ms]
      [Ref Proc: 5.2 ms]
      [Ref Enq: 0.0 ms]
      [Redirty Cards: 5.3 ms]
      [Humongous Register: 2.1 ms]
      [Humongous Reclaim: 0.0 ms]
      [Free CSet: 0.4 ms]
   [Eden: 51200.0K(51200.0K)->0.0B(51200.0K) Survivors: 1024.0K->1024.0K Heap: 197.2M(1024.0M)->147.1M(1024.0M)]
 [Times: user=0.31 sys=0.00, real=0.03 secs] 
2023-06-15T09:20:13.926+0000: 148033.551: [GC pause (G1 Evacuation Pause) (young), 0.0235687 secs]
   [Parallel Time: 8.2 ms, GC Workers: 43]
      [GC Worker Start (ms): Min: 148033553.7, Avg: 148033555.7, Max: 148033557.5, Diff: 3.8]
      [Ext Root Scanning (ms): Min: 0.0, Avg: 0.7, Max: 7.5, Diff: 7.5, Sum: 30.3]
      [Update RS (ms): Min: 0.0, Avg: 0.2, Max: 0.5, Diff: 0.5, Sum: 7.2]
         [Processed Buffers: Min: 0, Avg: 1.5, Max: 7, Diff: 7, Sum: 63]
      [Scan RS (ms): Min: 0.0, Avg: 0.0, Max: 0.0, Diff: 0.0, Sum: 0.5]
      [Code Root Scanning (ms): Min: 0.0, Avg: 0.0, Max: 0.1, Diff: 0.1, Sum: 0.1]
      [Object Copy (ms): Min: 0.0, Avg: 2.7, Max: 3.5, Diff: 3.5, Sum: 117.0]
      [Termination (ms): Min: 0.0, Avg: 2.0, Max: 2.9, Diff: 2.9, Sum: 88.1]
         [Termination Attempts: Min: 1, Avg: 15.2, Max: 23, Diff: 22, Sum: 655]
      [GC Worker Other (ms): Min: 0.0, Avg: 0.0, Max: 0.1, Diff: 0.0, Sum: 1.6]
      [GC Worker Total (ms): Min: 3.9, Avg: 5.7, Max: 7.6, Diff: 3.6, Sum: 244.8]
      [GC Worker End (ms): Min: 148033561.3, Avg: 148033561.4, Max: 148033561.5, Diff: 0.2]
   [Code Root Fixup: 0.0 ms]
   [Code Root Purge: 0.0 ms]
   [Clear CT: 4.8 ms]
   [Other: 10.6 ms]
      [Choose CSet: 0.0 ms]
      [Ref Proc: 2.5 ms]
      [Ref Enq: 0.0 ms]
      [Redirty Cards: 5.0 ms]
      [Humongous Register: 2.1 ms]
      [Humongous Reclaim: 0.0 ms]
      [Free CSet: 0.2 ms]
   [Eden: 51200.0K(51200.0K)->0.0B(51200.0K) Survivors: 1024.0K->1024.0K Heap: 197.1M(1024.0M)->147.1M(1024.0M)]
 [Times: user=0.29 sys=0.00, real=0.03 secs] 
2023-06-15T10:19:08.952+0000: 151568.577: [GC pause (G1 Evacuation Pause) (young), 0.0353434 secs]
   [Parallel Time: 15.6 ms, GC Workers: 43]
      [GC Worker Start (ms): Min: 151568579.8, Avg: 151568582.1, Max: 151568590.2, Diff: 10.4]
      [Ext Root Scanning (ms): Min: 0.0, Avg: 0.8, Max: 13.7, Diff: 13.6, Sum: 35.8]
      [Update RS (ms): Min: 0.0, Avg: 0.3, Max: 0.7, Diff: 0.7, Sum: 11.0]
         [Processed Buffers: Min: 0, Avg: 1.4, Max: 6, Diff: 6, Sum: 62]
      [Scan RS (ms): Min: 0.0, Avg: 0.0, Max: 0.0, Diff: 0.0, Sum: 0.4]
      [Code Root Scanning (ms): Min: 0.0, Avg: 0.0, Max: 0.1, Diff: 0.1, Sum: 0.1]
      [Object Copy (ms): Min: 0.0, Avg: 2.8, Max: 4.0, Diff: 4.0, Sum: 120.2]
      [Termination (ms): Min: 0.0, Avg: 7.6, Max: 9.2, Diff: 9.2, Sum: 327.5]
         [Termination Attempts: Min: 1, Avg: 23.9, Max: 38, Diff: 37, Sum: 1027]
      [GC Worker Other (ms): Min: 0.0, Avg: 0.0, Max: 0.1, Diff: 0.1, Sum: 1.7]
      [GC Worker Total (ms): Min: 3.5, Avg: 11.6, Max: 13.7, Diff: 10.2, Sum: 496.7]
      [GC Worker End (ms): Min: 151568593.5, Avg: 151568593.6, Max: 151568593.7, Diff: 0.2]
   [Code Root Fixup: 0.0 ms]
   [Code Root Purge: 0.0 ms]
   [Clear CT: 6.0 ms]
   [Other: 13.7 ms]
      [Choose CSet: 0.0 ms]
      [Ref Proc: 5.5 ms]
      [Ref Enq: 0.0 ms]
      [Redirty Cards: 5.1 ms]
      [Humongous Register: 2.1 ms]
      [Humongous Reclaim: 0.0 ms]
      [Free CSet: 0.2 ms]
   [Eden: 51200.0K(51200.0K)->0.0B(51200.0K) Survivors: 1024.0K->1024.0K Heap: 197.1M(1024.0M)->147.2M(1024.0M)]
 [Times: user=0.53 sys=0.06, real=0.03 secs] 
2023-06-15T11:18:19.822+0000: 155119.448: [GC pause (G1 Evacuation Pause) (young), 0.0283684 secs]
   [Parallel Time: 10.3 ms, GC Workers: 43]
      [GC Worker Start (ms): Min: 155119450.3, Avg: 155119452.3, Max: 155119458.6, Diff: 8.3]
      [Ext Root Scanning (ms): Min: 0.0, Avg: 0.8, Max: 7.2, Diff: 7.2, Sum: 33.6]
      [Update RS (ms): Min: 0.0, Avg: 0.2, Max: 0.5, Diff: 0.5, Sum: 7.2]
         [Processed Buffers: Min: 0, Avg: 1.3, Max: 6, Diff: 6, Sum: 57]
      [Scan RS (ms): Min: 0.0, Avg: 0.0, Max: 0.0, Diff: 0.0, Sum: 0.5]
      [Code Root Scanning (ms): Min: 0.0, Avg: 0.0, Max: 0.1, Diff: 0.1, Sum: 0.1]
      [Object Copy (ms): Min: 0.0, Avg: 3.1, Max: 3.7, Diff: 3.7, Sum: 131.2]
      [Termination (ms): Min: 0.0, Avg: 2.4, Max: 3.1, Diff: 3.1, Sum: 102.7]
         [Termination Attempts: Min: 1, Avg: 16.3, Max: 25, Diff: 24, Sum: 700]
      [GC Worker Other (ms): Min: 0.0, Avg: 0.0, Max: 0.2, Diff: 0.2, Sum: 2.1]
      [GC Worker Total (ms): Min: 0.1, Avg: 6.5, Max: 8.4, Diff: 8.3, Sum: 277.4]
      [GC Worker End (ms): Min: 155119458.6, Avg: 155119458.7, Max: 155119458.9, Diff: 0.2]
   [Code Root Fixup: 0.0 ms]
   [Code Root Purge: 0.0 ms]
   [Clear CT: 5.0 ms]
   [Other: 13.0 ms]
      [Choose CSet: 0.0 ms]
      [Ref Proc: 4.6 ms]
      [Ref Enq: 0.0 ms]
      [Redirty Cards: 5.0 ms]
      [Humongous Register: 2.1 ms]
      [Humongous Reclaim: 0.0 ms]
      [Free CSet: 0.4 ms]
   [Eden: 51200.0K(51200.0K)->0.0B(51200.0K) Survivors: 1024.0K->1024.0K Heap: 197.2M(1024.0M)->147.2M(1024.0M)]
 [Times: user=0.34 sys=0.00, real=0.03 secs] 
2023-06-15T12:17:27.591+0000: 158667.216: [GC pause (G1 Evacuation Pause) (young), 0.0344455 secs]
   [Parallel Time: 16.4 ms, GC Workers: 43]
      [GC Worker Start (ms): Min: 158667219.0, Avg: 158667220.9, Max: 158667223.0, Diff: 4.0]
      [Ext Root Scanning (ms): Min: 0.0, Avg: 0.8, Max: 13.6, Diff: 13.6, Sum: 36.2]
      [Update RS (ms): Min: 0.0, Avg: 0.2, Max: 0.5, Diff: 0.5, Sum: 7.7]
         [Processed Buffers: Min: 0, Avg: 1.4, Max: 7, Diff: 7, Sum: 60]
      [Scan RS (ms): Min: 0.0, Avg: 0.0, Max: 0.0, Diff: 0.0, Sum: 0.6]
      [Code Root Scanning (ms): Min: 0.0, Avg: 0.0, Max: 0.1, Diff: 0.1, Sum: 0.1]
      [Object Copy (ms): Min: 0.0, Avg: 3.0, Max: 3.8, Diff: 3.8, Sum: 129.8]
      [Termination (ms): Min: 0.0, Avg: 7.7, Max: 8.3, Diff: 8.3, Sum: 330.2]
         [Termination Attempts: Min: 1, Avg: 14.9, Max: 23, Diff: 22, Sum: 642]
      [GC Worker Other (ms): Min: 0.0, Avg: 0.0, Max: 0.1, Diff: 0.1, Sum: 1.7]
      [GC Worker Total (ms): Min: 9.7, Avg: 11.8, Max: 13.7, Diff: 4.0, Sum: 506.2]
      [GC Worker End (ms): Min: 158667232.6, Avg: 158667232.7, Max: 158667232.8, Diff: 0.2]
   [Code Root Fixup: 0.0 ms]
   [Code Root Purge: 0.0 ms]
   [Clear CT: 5.1 ms]
   [Other: 13.0 ms]
      [Choose CSet: 0.0 ms]
      [Ref Proc: 4.7 ms]
      [Ref Enq: 0.0 ms]
      [Redirty Cards: 5.2 ms]
      [Humongous Register: 2.0 ms]
      [Humongous Reclaim: 0.0 ms]
      [Free CSet: 0.2 ms]
   [Eden: 51200.0K(51200.0K)->0.0B(51200.0K) Survivors: 1024.0K->1024.0K Heap: 197.2M(1024.0M)->147.2M(1024.0M)]
 [Times: user=0.56 sys=0.00, real=0.03 secs] 
2023-06-15T13:12:21.411+0000: 161961.037: [GC pause (G1 Evacuation Pause) (young), 0.0255280 secs]
   [Parallel Time: 7.4 ms, GC Workers: 43]
      [GC Worker Start (ms): Min: 161961039.4, Avg: 161961041.6, Max: 161961045.2, Diff: 5.8]
      [Ext Root Scanning (ms): Min: 0.0, Avg: 0.5, Max: 5.4, Diff: 5.4, Sum: 22.2]
      [Update RS (ms): Min: 0.0, Avg: 0.3, Max: 2.0, Diff: 2.0, Sum: 12.3]
         [Processed Buffers: Min: 0, Avg: 1.5, Max: 6, Diff: 6, Sum: 64]
      [Scan RS (ms): Min: 0.0, Avg: 0.0, Max: 0.0, Diff: 0.0, Sum: 0.5]
      [Code Root Scanning (ms): Min: 0.0, Avg: 0.0, Max: 0.0, Diff: 0.0, Sum: 0.1]
      [Object Copy (ms): Min: 0.0, Avg: 1.3, Max: 2.0, Diff: 1.9, Sum: 54.8]
      [Termination (ms): Min: 0.0, Avg: 1.6, Max: 1.9, Diff: 1.9, Sum: 67.2]
         [Termination Attempts: Min: 1, Avg: 2.0, Max: 4, Diff: 3, Sum: 84]
      [GC Worker Other (ms): Min: 0.0, Avg: 0.0, Max: 0.1, Diff: 0.1, Sum: 1.8]
      [GC Worker Total (ms): Min: 0.1, Avg: 3.7, Max: 5.9, Diff: 5.8, Sum: 158.8]
      [GC Worker End (ms): Min: 161961045.3, Avg: 161961045.3, Max: 161961045.5, Diff: 0.2]
   [Code Root Fixup: 0.0 ms]
   [Code Root Purge: 0.0 ms]
   [Clear CT: 5.0 ms]
   [Other: 13.1 ms]
      [Choose CSet: 0.0 ms]
      [Ref Proc: 5.1 ms]
      [Ref Enq: 0.0 ms]
      [Redirty Cards: 5.1 ms]
      [Humongous Register: 2.1 ms]
      [Humongous Reclaim: 0.0 ms]
      [Free CSet: 0.2 ms]
   [Eden: 51200.0K(51200.0K)->0.0B(51200.0K) Survivors: 1024.0K->1024.0K Heap: 197.2M(1024.0M)->147.5M(1024.0M)]
 [Times: user=0.20 sys=0.04, real=0.02 secs] 
2023-06-15T13:52:30.937+0000: 164370.563: [GC pause (G1 Evacuation Pause) (young), 0.0298497 secs]
   [Parallel Time: 10.2 ms, GC Workers: 43]
      [GC Worker Start (ms): Min: 164370565.3, Avg: 164370567.2, Max: 164370569.2, Diff: 3.9]
      [Ext Root Scanning (ms): Min: 0.0, Avg: 0.6, Max: 6.5, Diff: 6.5, Sum: 26.0]
      [Update RS (ms): Min: 0.0, Avg: 0.2, Max: 0.6, Diff: 0.6, Sum: 9.7]
         [Processed Buffers: Min: 0, Avg: 2.1, Max: 10, Diff: 10, Sum: 90]
      [Scan RS (ms): Min: 0.0, Avg: 0.0, Max: 0.1, Diff: 0.1, Sum: 0.8]
      [Code Root Scanning (ms): Min: 0.0, Avg: 0.1, Max: 0.9, Diff: 0.9, Sum: 2.3]
      [Object Copy (ms): Min: 0.0, Avg: 2.4, Max: 2.9, Diff: 2.9, Sum: 101.7]
      [Termination (ms): Min: 0.0, Avg: 1.4, Max: 1.5, Diff: 1.5, Sum: 61.6]
         [Termination Attempts: Min: 1, Avg: 1.4, Max: 3, Diff: 2, Sum: 60]
      [GC Worker Other (ms): Min: 0.0, Avg: 0.1, Max: 0.2, Diff: 0.2, Sum: 2.6]
      [GC Worker Total (ms): Min: 2.8, Avg: 4.8, Max: 6.6, Diff: 3.9, Sum: 204.6]
      [GC Worker End (ms): Min: 164370571.8, Avg: 164370571.9, Max: 164370572.1, Diff: 0.2]
   [Code Root Fixup: 0.0 ms]
   [Code Root Purge: 0.1 ms]
   [Clear CT: 5.3 ms]
   [Other: 14.2 ms]
      [Choose CSet: 0.0 ms]
      [Ref Proc: 5.4 ms]
      [Ref Enq: 0.0 ms]
      [Redirty Cards: 5.2 ms]
      [Humongous Register: 2.0 ms]
      [Humongous Reclaim: 0.0 ms]
      [Free CSet: 0.4 ms]
   [Eden: 51200.0K(51200.0K)->0.0B(49152.0K) Survivors: 1024.0K->3072.0K Heap: 197.5M(1024.0M)->149.2M(1024.0M)]
 [Times: user=0.26 sys=0.00, real=0.03 secs] 
2023-06-15T14:35:07.591+0000: 166927.217: [GC pause (G1 Evacuation Pause) (young), 0.0308961 secs]
   [Parallel Time: 13.4 ms, GC Workers: 43]
      [GC Worker Start (ms): Min: 166927216.9, Avg: 166927218.5, Max: 166927220.7, Diff: 3.8]
      [Ext Root Scanning (ms): Min: 0.0, Avg: 0.7, Max: 8.7, Diff: 8.6, Sum: 31.4]
      [Update RS (ms): Min: 0.0, Avg: 0.5, Max: 1.2, Diff: 1.2, Sum: 21.6]
         [Processed Buffers: Min: 0, Avg: 1.7, Max: 6, Diff: 6, Sum: 74]
      [Scan RS (ms): Min: 0.0, Avg: 0.0, Max: 0.1, Diff: 0.0, Sum: 0.6]
      [Code Root Scanning (ms): Min: 0.0, Avg: 0.1, Max: 2.9, Diff: 2.9, Sum: 3.1]
      [Object Copy (ms): Min: 3.1, Avg: 8.8, Max: 9.4, Diff: 6.3, Sum: 377.2]
      [Termination (ms): Min: 0.0, Avg: 0.2, Max: 0.3, Diff: 0.3, Sum: 7.1]
         [Termination Attempts: Min: 1, Avg: 3.6, Max: 8, Diff: 7, Sum: 155]
      [GC Worker Other (ms): Min: 0.0, Avg: 0.1, Max: 0.4, Diff: 0.4, Sum: 5.8]
      [GC Worker Total (ms): Min: 8.2, Avg: 10.4, Max: 12.2, Diff: 4.0, Sum: 446.7]
      [GC Worker End (ms): Min: 166927228.8, Avg: 166927228.9, Max: 166927229.2, Diff: 0.4]
   [Code Root Fixup: 0.0 ms]
   [Code Root Purge: 0.1 ms]
   [Clear CT: 5.4 ms]
   [Other: 12.0 ms]
      [Choose CSet: 0.0 ms]
      [Ref Proc: 6.0 ms]
      [Ref Enq: 0.0 ms]
      [Redirty Cards: 5.2 ms]
      [Humongous Register: 0.1 ms]
      [Humongous Reclaim: 0.0 ms]
      [Free CSet: 0.2 ms]
   [Eden: 49152.0K(49152.0K)->0.0B(47104.0K) Survivors: 3072.0K->5120.0K Heap: 197.2M(1024.0M)->151.5M(1024.0M)]
 [Times: user=0.23 sys=0.27, real=0.03 secs] 
2023-06-15T15:28:40.677+0000: 170140.303: [GC pause (G1 Evacuation Pause) (young), 0.0325762 secs]
   [Parallel Time: 13.1 ms, GC Workers: 43]
      [GC Worker Start (ms): Min: 170140305.3, Avg: 170140307.3, Max: 170140309.4, Diff: 4.1]
      [Ext Root Scanning (ms): Min: 0.0, Avg: 1.2, Max: 10.6, Diff: 10.6, Sum: 49.5]
      [Update RS (ms): Min: 0.0, Avg: 0.6, Max: 1.5, Diff: 1.5, Sum: 27.5]
         [Processed Buffers: Min: 0, Avg: 1.6, Max: 7, Diff: 7, Sum: 70]
      [Scan RS (ms): Min: 0.0, Avg: 0.0, Max: 0.1, Diff: 0.1, Sum: 0.7]
      [Code Root Scanning (ms): Min: 0.0, Avg: 0.1, Max: 3.2, Diff: 3.2, Sum: 4.9]
      [Object Copy (ms): Min: 0.0, Avg: 4.2, Max: 4.8, Diff: 4.8, Sum: 180.6]
      [Termination (ms): Min: 0.0, Avg: 2.6, Max: 2.8, Diff: 2.8, Sum: 111.2]
         [Termination Attempts: Min: 1, Avg: 1.2, Max: 3, Diff: 2, Sum: 53]
      [GC Worker Other (ms): Min: 0.0, Avg: 0.1, Max: 0.2, Diff: 0.1, Sum: 2.4]
      [GC Worker Total (ms): Min: 6.7, Avg: 8.8, Max: 10.8, Diff: 4.1, Sum: 376.8]
      [GC Worker End (ms): Min: 170140316.0, Avg: 170140316.1, Max: 170140316.2, Diff: 0.2]
   [Code Root Fixup: 0.0 ms]
   [Code Root Purge: 0.0 ms]
   [Clear CT: 6.0 ms]
   [Other: 13.5 ms]
      [Choose CSet: 0.0 ms]
      [Ref Proc: 4.7 ms]
      [Ref Enq: 0.0 ms]
      [Redirty Cards: 5.8 ms]
      [Humongous Register: 2.0 ms]
      [Humongous Reclaim: 0.0 ms]
      [Free CSet: 0.2 ms]
   [Eden: 47104.0K(47104.0K)->0.0B(46080.0K) Survivors: 5120.0K->6144.0K Heap: 197.5M(1024.0M)->152.6M(1024.0M)]
 [Times: user=0.43 sys=0.00, real=0.04 secs] 
2023-06-15T16:21:12.591+0000: 173292.216: [GC pause (G1 Evacuation Pause) (young), 0.0298762 secs]
   [Parallel Time: 9.1 ms, GC Workers: 43]
      [GC Worker Start (ms): Min: 173292219.0, Avg: 173292221.2, Max: 173292223.4, Diff: 4.3]
      [Ext Root Scanning (ms): Min: 0.0, Avg: 0.8, Max: 2.6, Diff: 2.6, Sum: 34.2]
      [Update RS (ms): Min: 0.0, Avg: 0.4, Max: 1.0, Diff: 1.0, Sum: 17.1]
         [Processed Buffers: Min: 0, Avg: 1.7, Max: 7, Diff: 7, Sum: 74]
      [Scan RS (ms): Min: 0.0, Avg: 0.0, Max: 0.1, Diff: 0.0, Sum: 0.7]
      [Code Root Scanning (ms): Min: 0.0, Avg: 0.1, Max: 1.1, Diff: 1.1, Sum: 2.8]
      [Object Copy (ms): Min: 2.6, Avg: 3.6, Max: 4.1, Diff: 1.5, Sum: 154.0]
      [Termination (ms): Min: 0.0, Avg: 0.2, Max: 0.4, Diff: 0.4, Sum: 9.5]
         [Termination Attempts: Min: 1, Avg: 2.4, Max: 3, Diff: 2, Sum: 102]
      [GC Worker Other (ms): Min: 0.0, Avg: 0.1, Max: 0.4, Diff: 0.4, Sum: 6.1]
      [GC Worker Total (ms): Min: 3.0, Avg: 5.2, Max: 7.4, Diff: 4.3, Sum: 224.5]
      [GC Worker End (ms): Min: 173292226.4, Avg: 173292226.5, Max: 173292226.7, Diff: 0.4]
   [Code Root Fixup: 0.0 ms]
   [Code Root Purge: 0.0 ms]
   [Clear CT: 5.8 ms]
   [Other: 14.9 ms]
      [Choose CSet: 0.0 ms]
      [Ref Proc: 6.0 ms]
      [Ref Enq: 0.0 ms]
      [Redirty Cards: 5.4 ms]
      [Humongous Register: 2.1 ms]
      [Humongous Reclaim: 0.0 ms]
      [Free CSet: 0.4 ms]
   [Eden: 46080.0K(46080.0K)->0.0B(46080.0K) Survivors: 6144.0K->6144.0K Heap: 197.6M(1024.0M)->152.6M(1024.0M)]
 [Times: user=0.19 sys=0.09, real=0.03 secs] 
2023-06-15T17:13:42.591+0000: 176442.216: [GC pause (G1 Evacuation Pause) (young), 0.0263516 secs]
   [Parallel Time: 9.9 ms, GC Workers: 43]
      [GC Worker Start (ms): Min: 176442218.8, Avg: 176442220.8, Max: 176442222.6, Diff: 3.8]
      [Ext Root Scanning (ms): Min: 0.0, Avg: 1.1, Max: 8.0, Diff: 8.0, Sum: 45.4]
      [Update RS (ms): Min: 0.0, Avg: 0.3, Max: 0.7, Diff: 0.7, Sum: 13.8]
         [Processed Buffers: Min: 0, Avg: 1.6, Max: 5, Diff: 5, Sum: 70]
      [Scan RS (ms): Min: 0.0, Avg: 0.0, Max: 0.1, Diff: 0.1, Sum: 0.6]
      [Code Root Scanning (ms): Min: 0.0, Avg: 0.1, Max: 2.6, Diff: 2.6, Sum: 4.1]
      [Object Copy (ms): Min: 0.0, Avg: 2.8, Max: 3.2, Diff: 3.2, Sum: 121.1]
      [Termination (ms): Min: 0.0, Avg: 1.9, Max: 2.0, Diff: 2.0, Sum: 82.9]
         [Termination Attempts: Min: 1, Avg: 1.2, Max: 3, Diff: 2, Sum: 53]
      [GC Worker Other (ms): Min: 0.0, Avg: 0.0, Max: 0.1, Diff: 0.0, Sum: 1.8]
      [GC Worker Total (ms): Min: 4.5, Avg: 6.3, Max: 8.2, Diff: 3.7, Sum: 269.7]
      [GC Worker End (ms): Min: 176442226.9, Avg: 176442227.1, Max: 176442227.2, Diff: 0.2]
   [Code Root Fixup: 0.0 ms]
   [Code Root Purge: 0.0 ms]
   [Clear CT: 4.8 ms]
   [Other: 11.6 ms]
      [Choose CSet: 0.0 ms]
      [Ref Proc: 3.7 ms]
      [Ref Enq: 0.0 ms]
      [Redirty Cards: 4.9 ms]
      [Humongous Register: 2.0 ms]
      [Humongous Reclaim: 0.0 ms]
      [Free CSet: 0.2 ms]
   [Eden: 46080.0K(46080.0K)->0.0B(46080.0K) Survivors: 6144.0K->6144.0K Heap: 197.6M(1024.0M)->152.6M(1024.0M)]
 [Times: user=0.33 sys=0.00, real=0.02 secs] 
2023-06-15T18:06:20.160+0000: 179599.786: [GC pause (G1 Evacuation Pause) (young), 0.0286447 secs]
   [Parallel Time: 11.1 ms, GC Workers: 43]
      [GC Worker Start (ms): Min: 179599785.9, Avg: 179599787.2, Max: 179599788.4, Diff: 2.5]
      [Ext Root Scanning (ms): Min: 0.0, Avg: 0.7, Max: 8.2, Diff: 8.2, Sum: 31.7]
      [Update RS (ms): Min: 0.0, Avg: 0.5, Max: 1.3, Diff: 1.3, Sum: 21.0]
         [Processed Buffers: Min: 0, Avg: 1.7, Max: 6, Diff: 6, Sum: 72]
      [Scan RS (ms): Min: 0.0, Avg: 0.0, Max: 0.1, Diff: 0.0, Sum: 0.6]
      [Code Root Scanning (ms): Min: 0.0, Avg: 0.1, Max: 1.2, Diff: 1.2, Sum: 3.4]
      [Object Copy (ms): Min: 0.0, Avg: 3.2, Max: 3.5, Diff: 3.5, Sum: 135.9]
      [Termination (ms): Min: 0.0, Avg: 2.5, Max: 2.7, Diff: 2.7, Sum: 107.0]
         [Termination Attempts: Min: 1, Avg: 1.6, Max: 3, Diff: 2, Sum: 68]
      [GC Worker Other (ms): Min: 0.0, Avg: 0.0, Max: 0.0, Diff: 0.0, Sum: 0.9]
      [GC Worker Total (ms): Min: 5.7, Avg: 7.0, Max: 8.2, Diff: 2.5, Sum: 300.5]
      [GC Worker End (ms): Min: 179599794.1, Avg: 179599794.2, Max: 179599794.3, Diff: 0.2]
   [Code Root Fixup: 0.0 ms]
   [Code Root Purge: 0.0 ms]
   [Clear CT: 6.4 ms]
   [Other: 11.1 ms]
      [Choose CSet: 0.0 ms]
      [Ref Proc: 4.9 ms]
      [Ref Enq: 0.0 ms]
      [Redirty Cards: 5.4 ms]
      [Humongous Register: 0.1 ms]
      [Humongous Reclaim: 0.0 ms]
      [Free CSet: 0.2 ms]
   [Eden: 46080.0K(46080.0K)->0.0B(46080.0K) Survivors: 6144.0K->6144.0K Heap: 197.6M(1024.0M)->153.0M(1024.0M)]
 [Times: user=0.36 sys=0.00, real=0.04 secs] 
2023-06-15T18:58:47.591+0000: 182747.217: [GC pause (G1 Evacuation Pause) (young), 0.0286405 secs]
   [Parallel Time: 9.0 ms, GC Workers: 43]
      [GC Worker Start (ms): Min: 182747219.2, Avg: 182747221.2, Max: 182747223.2, Diff: 4.0]
      [Ext Root Scanning (ms): Min: 0.0, Avg: 0.7, Max: 2.4, Diff: 2.4, Sum: 32.2]
      [Update RS (ms): Min: 0.0, Avg: 0.4, Max: 0.9, Diff: 0.9, Sum: 16.6]
         [Processed Buffers: Min: 0, Avg: 1.7, Max: 9, Diff: 9, Sum: 71]
      [Scan RS (ms): Min: 0.0, Avg: 0.0, Max: 0.1, Diff: 0.1, Sum: 0.6]
      [Code Root Scanning (ms): Min: 0.0, Avg: 0.1, Max: 3.3, Diff: 3.3, Sum: 6.4]
      [Object Copy (ms): Min: 0.8, Avg: 3.7, Max: 4.4, Diff: 3.6, Sum: 157.5]
      [Termination (ms): Min: 0.1, Avg: 0.3, Max: 0.6, Diff: 0.6, Sum: 12.2]
         [Termination Attempts: Min: 2, Avg: 4.0, Max: 6, Diff: 4, Sum: 173]
      [GC Worker Other (ms): Min: 0.0, Avg: 0.1, Max: 0.3, Diff: 0.3, Sum: 5.0]
      [GC Worker Total (ms): Min: 3.4, Avg: 5.4, Max: 7.3, Diff: 4.0, Sum: 230.4]
      [GC Worker End (ms): Min: 182747226.5, Avg: 182747226.6, Max: 182747226.7, Diff: 0.2]
   [Code Root Fixup: 0.0 ms]
   [Code Root Purge: 0.0 ms]
   [Clear CT: 4.9 ms]
   [Other: 14.8 ms]
      [Choose CSet: 0.0 ms]
      [Ref Proc: 6.7 ms]
      [Ref Enq: 0.0 ms]
      [Redirty Cards: 4.9 ms]
      [Humongous Register: 2.1 ms]
      [Humongous Reclaim: 0.0 ms]
      [Free CSet: 0.2 ms]
   [Eden: 46080.0K(46080.0K)->0.0B(46080.0K) Survivors: 6144.0K->6144.0K Heap: 198.0M(1024.0M)->152.5M(1024.0M)]
 [Times: user=0.29 sys=0.00, real=0.02 secs] 
2023-06-15T19:51:35.120+0000: 185914.745: [GC pause (G1 Evacuation Pause) (young), 0.0262541 secs]
   [Parallel Time: 9.7 ms, GC Workers: 43]
      [GC Worker Start (ms): Min: 185914747.7, Avg: 185914749.6, Max: 185914751.1, Diff: 3.4]
      [Ext Root Scanning (ms): Min: 0.0, Avg: 1.2, Max: 7.2, Diff: 7.1, Sum: 52.3]
      [Update RS (ms): Min: 0.0, Avg: 0.3, Max: 0.6, Diff: 0.6, Sum: 14.3]
         [Processed Buffers: Min: 0, Avg: 1.6, Max: 4, Diff: 4, Sum: 67]
      [Scan RS (ms): Min: 0.0, Avg: 0.0, Max: 0.1, Diff: 0.1, Sum: 0.8]
      [Code Root Scanning (ms): Min: 0.0, Avg: 0.1, Max: 3.2, Diff: 3.2, Sum: 5.0]
      [Object Copy (ms): Min: 0.0, Avg: 2.5, Max: 3.0, Diff: 3.0, Sum: 107.1]
      [Termination (ms): Min: 0.0, Avg: 1.2, Max: 1.4, Diff: 1.4, Sum: 53.3]
         [Termination Attempts: Min: 1, Avg: 1.4, Max: 3, Diff: 2, Sum: 59]
      [GC Worker Other (ms): Min: 0.0, Avg: 0.1, Max: 0.1, Diff: 0.1, Sum: 2.2]
      [GC Worker Total (ms): Min: 3.9, Avg: 5.5, Max: 7.3, Diff: 3.4, Sum: 234.9]
      [GC Worker End (ms): Min: 185914754.9, Avg: 185914755.1, Max: 185914755.1, Diff: 0.2]
   [Code Root Fixup: 0.0 ms]
   [Code Root Purge: 0.0 ms]
   [Clear CT: 5.0 ms]
   [Other: 11.4 ms]
      [Choose CSet: 0.0 ms]
      [Ref Proc: 3.3 ms]
      [Ref Enq: 0.0 ms]
      [Redirty Cards: 5.1 ms]
      [Humongous Register: 2.1 ms]
      [Humongous Reclaim: 0.0 ms]
      [Free CSet: 0.3 ms]
   [Eden: 46080.0K(46080.0K)->0.0B(46080.0K) Survivors: 6144.0K->6144.0K Heap: 197.5M(1024.0M)->152.9M(1024.0M)]
 [Times: user=0.23 sys=0.06, real=0.03 secs] 
2023-06-15T20:44:10.231+0000: 189069.857: [GC pause (G1 Evacuation Pause) (young), 0.0208236 secs]
   [Parallel Time: 5.8 ms, GC Workers: 43]
      [GC Worker Start (ms): Min: 189069857.3, Avg: 189069858.6, Max: 189069859.8, Diff: 2.5]
      [Ext Root Scanning (ms): Min: 0.0, Avg: 0.6, Max: 1.8, Diff: 1.8, Sum: 24.6]
      [Update RS (ms): Min: 0.0, Avg: 0.2, Max: 0.4, Diff: 0.4, Sum: 7.8]
         [Processed Buffers: Min: 0, Avg: 1.7, Max: 6, Diff: 6, Sum: 71]
      [Scan RS (ms): Min: 0.0, Avg: 0.0, Max: 0.1, Diff: 0.0, Sum: 0.7]
      [Code Root Scanning (ms): Min: 0.0, Avg: 0.1, Max: 0.9, Diff: 0.9, Sum: 2.4]
      [Object Copy (ms): Min: 1.8, Avg: 2.6, Max: 2.9, Diff: 1.1, Sum: 111.3]
      [Termination (ms): Min: 0.0, Avg: 0.1, Max: 0.1, Diff: 0.1, Sum: 2.2]
         [Termination Attempts: Min: 1, Avg: 1.0, Max: 1, Diff: 0, Sum: 43]
      [GC Worker Other (ms): Min: 0.0, Avg: 0.1, Max: 0.4, Diff: 0.4, Sum: 5.4]
      [GC Worker Total (ms): Min: 2.3, Avg: 3.6, Max: 5.1, Diff: 2.8, Sum: 154.4]
      [GC Worker End (ms): Min: 189069862.1, Avg: 189069862.2, Max: 189069862.5, Diff: 0.3]
   [Code Root Fixup: 0.0 ms]
   [Code Root Purge: 0.0 ms]
   [Clear CT: 5.3 ms]
   [Other: 9.8 ms]
      [Choose CSet: 0.0 ms]
      [Ref Proc: 4.0 ms]
      [Ref Enq: 0.0 ms]
      [Redirty Cards: 5.1 ms]
      [Humongous Register: 0.1 ms]
      [Humongous Reclaim: 0.0 ms]
      [Free CSet: 0.2 ms]
   [Eden: 46080.0K(46080.0K)->0.0B(46080.0K) Survivors: 6144.0K->6144.0K Heap: 197.9M(1024.0M)->152.7M(1024.0M)]
 [Times: user=0.16 sys=0.04, real=0.02 secs] 
2023-06-15T21:36:30.707+0000: 192210.332: [GC pause (G1 Evacuation Pause) (young), 0.0288005 secs]
   [Parallel Time: 10.7 ms, GC Workers: 43]
      [GC Worker Start (ms): Min: 192210332.5, Avg: 192210334.0, Max: 192210335.3, Diff: 2.8]
      [Ext Root Scanning (ms): Min: 0.0, Avg: 0.7, Max: 7.0, Diff: 7.0, Sum: 30.2]
      [Update RS (ms): Min: 0.0, Avg: 0.4, Max: 1.0, Diff: 1.0, Sum: 18.7]
         [Processed Buffers: Min: 0, Avg: 1.7, Max: 7, Diff: 7, Sum: 73]
      [Scan RS (ms): Min: 0.0, Avg: 0.0, Max: 0.1, Diff: 0.1, Sum: 0.7]
      [Code Root Scanning (ms): Min: 0.0, Avg: 0.1, Max: 1.8, Diff: 1.8, Sum: 2.7]
      [Object Copy (ms): Min: 0.0, Avg: 3.2, Max: 3.7, Diff: 3.6, Sum: 136.5]
      [Termination (ms): Min: 0.0, Avg: 1.3, Max: 1.5, Diff: 1.5, Sum: 54.4]
         [Termination Attempts: Min: 1, Avg: 1.1, Max: 2, Diff: 1, Sum: 47]
      [GC Worker Other (ms): Min: 0.0, Avg: 0.1, Max: 0.3, Diff: 0.3, Sum: 2.3]
      [GC Worker Total (ms): Min: 4.4, Avg: 5.7, Max: 7.1, Diff: 2.8, Sum: 245.5]
      [GC Worker End (ms): Min: 192210339.6, Avg: 192210339.7, Max: 192210339.8, Diff: 0.2]
   [Code Root Fixup: 0.1 ms]
   [Code Root Purge: 0.0 ms]
   [Clear CT: 6.4 ms]
   [Other: 11.6 ms]
      [Choose CSet: 0.0 ms]
      [Ref Proc: 5.8 ms]
      [Ref Enq: 0.0 ms]
      [Redirty Cards: 5.1 ms]
      [Humongous Register: 0.1 ms]
      [Humongous Reclaim: 0.0 ms]
      [Free CSet: 0.2 ms]
   [Eden: 46080.0K(46080.0K)->0.0B(46080.0K) Survivors: 6144.0K->6144.0K Heap: 197.7M(1024.0M)->152.5M(1024.0M)]
 [Times: user=0.26 sys=0.05, real=0.03 secs] 
2023-06-15T22:28:47.591+0000: 195347.216: [GC pause (G1 Evacuation Pause) (young), 0.0213969 secs]
   [Parallel Time: 7.7 ms, GC Workers: 43]
      [GC Worker Start (ms): Min: 195347216.6, Avg: 195347218.1, Max: 195347219.2, Diff: 2.6]
      [Ext Root Scanning (ms): Min: 0.0, Avg: 0.5, Max: 1.8, Diff: 1.8, Sum: 21.4]
      [Update RS (ms): Min: 0.0, Avg: 0.2, Max: 0.5, Diff: 0.5, Sum: 7.4]
         [Processed Buffers: Min: 0, Avg: 1.7, Max: 7, Diff: 7, Sum: 72]
      [Scan RS (ms): Min: 0.0, Avg: 0.0, Max: 0.0, Diff: 0.0, Sum: 0.7]
      [Code Root Scanning (ms): Min: 0.0, Avg: 0.0, Max: 0.7, Diff: 0.7, Sum: 1.9]
      [Object Copy (ms): Min: 2.1, Avg: 2.6, Max: 2.9, Diff: 0.8, Sum: 111.1]
      [Termination (ms): Min: 0.0, Avg: 0.1, Max: 0.1, Diff: 0.1, Sum: 2.4]
         [Termination Attempts: Min: 1, Avg: 1.0, Max: 1, Diff: 0, Sum: 43]
      [GC Worker Other (ms): Min: 0.0, Avg: 0.1, Max: 0.3, Diff: 0.3, Sum: 4.7]
      [GC Worker Total (ms): Min: 2.2, Avg: 3.5, Max: 4.9, Diff: 2.6, Sum: 149.7]
      [GC Worker End (ms): Min: 195347221.5, Avg: 195347221.6, Max: 195347221.8, Diff: 0.3]
   [Code Root Fixup: 0.0 ms]
   [Code Root Purge: 0.0 ms]
   [Clear CT: 4.5 ms]
   [Other: 9.1 ms]
      [Choose CSet: 0.0 ms]
      [Ref Proc: 3.5 ms]
      [Ref Enq: 0.0 ms]
      [Redirty Cards: 5.0 ms]
      [Humongous Register: 0.1 ms]
      [Humongous Reclaim: 0.0 ms]
      [Free CSet: 0.2 ms]
   [Eden: 46080.0K(46080.0K)->0.0B(46080.0K) Survivors: 6144.0K->6144.0K Heap: 197.5M(1024.0M)->152.4M(1024.0M)]
 [Times: user=0.21 sys=0.00, real=0.02 secs] 
2023-06-15T23:20:58.013+0000: 198477.639: [GC pause (G1 Evacuation Pause) (young), 0.0249014 secs]
   [Parallel Time: 7.7 ms, GC Workers: 43]
      [GC Worker Start (ms): Min: 198477641.1, Avg: 198477643.3, Max: 198477645.2, Diff: 4.1]
      [Ext Root Scanning (ms): Min: 0.0, Avg: 0.7, Max: 4.0, Diff: 4.0, Sum: 30.9]
      [Update RS (ms): Min: 0.0, Avg: 0.3, Max: 0.8, Diff: 0.8, Sum: 14.7]
         [Processed Buffers: Min: 0, Avg: 1.7, Max: 8, Diff: 8, Sum: 71]
      [Scan RS (ms): Min: 0.0, Avg: 0.0, Max: 0.1, Diff: 0.1, Sum: 0.7]
      [Code Root Scanning (ms): Min: 0.0, Avg: 0.1, Max: 1.9, Diff: 1.9, Sum: 3.8]
      [Object Copy (ms): Min: 1.2, Avg: 2.8, Max: 3.2, Diff: 2.1, Sum: 119.4]
      [Termination (ms): Min: 0.0, Avg: 0.1, Max: 0.1, Diff: 0.1, Sum: 3.1]
         [Termination Attempts: Min: 1, Avg: 1.0, Max: 1, Diff: 0, Sum: 43]
      [GC Worker Other (ms): Min: 0.0, Avg: 0.1, Max: 0.4, Diff: 0.3, Sum: 6.1]
      [GC Worker Total (ms): Min: 2.1, Avg: 4.2, Max: 6.2, Diff: 4.1, Sum: 178.7]
      [GC Worker End (ms): Min: 198477647.3, Avg: 198477647.4, Max: 198477647.6, Diff: 0.3]
   [Code Root Fixup: 0.0 ms]
   [Code Root Purge: 0.0 ms]
   [Clear CT: 5.5 ms]
   [Other: 11.6 ms]
      [Choose CSet: 0.0 ms]
      [Ref Proc: 3.9 ms]
      [Ref Enq: 0.0 ms]
      [Redirty Cards: 4.8 ms]
      [Humongous Register: 2.1 ms]
      [Humongous Reclaim: 0.0 ms]
      [Free CSet: 0.2 ms]
   [Eden: 46080.0K(46080.0K)->0.0B(46080.0K) Survivors: 6144.0K->6144.0K Heap: 197.4M(1024.0M)->152.3M(1024.0M)]
 [Times: user=0.23 sys=0.00, real=0.02 secs] 
2023-06-16T00:13:08.208+0000: 201607.833: [GC pause (G1 Evacuation Pause) (young), 0.0237224 secs]
   [Parallel Time: 8.2 ms, GC Workers: 43]
      [GC Worker Start (ms): Min: 201607833.5, Avg: 201607834.9, Max: 201607836.2, Diff: 2.6]
      [Ext Root Scanning (ms): Min: 0.0, Avg: 0.8, Max: 6.8, Diff: 6.8, Sum: 33.5]
      [Update RS (ms): Min: 0.0, Avg: 0.2, Max: 0.7, Diff: 0.7, Sum: 10.2]
         [Processed Buffers: Min: 0, Avg: 1.6, Max: 6, Diff: 6, Sum: 67]
      [Scan RS (ms): Min: 0.0, Avg: 0.0, Max: 0.1, Diff: 0.1, Sum: 0.8]
      [Code Root Scanning (ms): Min: 0.0, Avg: 0.1, Max: 1.7, Diff: 1.7, Sum: 3.3]
      [Object Copy (ms): Min: 0.0, Avg: 3.3, Max: 3.9, Diff: 3.9, Sum: 144.0]
      [Termination (ms): Min: 0.0, Avg: 1.1, Max: 1.3, Diff: 1.3, Sum: 48.7]
         [Termination Attempts: Min: 1, Avg: 1.3, Max: 2, Diff: 1, Sum: 54]
      [GC Worker Other (ms): Min: 0.0, Avg: 0.0, Max: 0.0, Diff: 0.0, Sum: 0.8]
      [GC Worker Total (ms): Min: 4.4, Avg: 5.6, Max: 6.9, Diff: 2.5, Sum: 241.5]
      [GC Worker End (ms): Min: 201607840.4, Avg: 201607840.5, Max: 201607840.6, Diff: 0.2]
   [Code Root Fixup: 0.1 ms]
   [Code Root Purge: 0.0 ms]
   [Clear CT: 5.1 ms]
   [Other: 10.4 ms]
      [Choose CSet: 0.0 ms]
      [Ref Proc: 4.8 ms]
      [Ref Enq: 0.0 ms]
      [Redirty Cards: 4.8 ms]
      [Humongous Register: 0.1 ms]
      [Humongous Reclaim: 0.0 ms]
      [Free CSet: 0.2 ms]
   [Eden: 46080.0K(46080.0K)->0.0B(46080.0K) Survivors: 6144.0K->6144.0K Heap: 197.3M(1024.0M)->152.7M(1024.0M)]
 [Times: user=0.31 sys=0.00, real=0.03 secs] 
2023-06-16T01:05:22.957+0000: 204742.582: [GC pause (G1 Evacuation Pause) (young), 0.0287669 secs]
   [Parallel Time: 10.4 ms, GC Workers: 43]
      [GC Worker Start (ms): Min: 204742584.9, Avg: 204742586.8, Max: 204742588.7, Diff: 3.9]
      [Ext Root Scanning (ms): Min: 0.0, Avg: 0.9, Max: 2.7, Diff: 2.7, Sum: 37.1]
      [Update RS (ms): Min: 0.0, Avg: 0.2, Max: 0.5, Diff: 0.5, Sum: 8.1]
         [Processed Buffers: Min: 0, Avg: 1.7, Max: 6, Diff: 6, Sum: 72]
      [Scan RS (ms): Min: 0.0, Avg: 0.0, Max: 0.1, Diff: 0.1, Sum: 0.7]
      [Code Root Scanning (ms): Min: 0.0, Avg: 0.1, Max: 1.3, Diff: 1.3, Sum: 3.7]
      [Object Copy (ms): Min: 1.8, Avg: 2.8, Max: 3.3, Diff: 1.5, Sum: 120.2]
      [Termination (ms): Min: 0.0, Avg: 0.1, Max: 0.1, Diff: 0.1, Sum: 3.0]
         [Termination Attempts: Min: 1, Avg: 1.0, Max: 1, Diff: 0, Sum: 43]
      [GC Worker Other (ms): Min: 0.0, Avg: 0.1, Max: 0.3, Diff: 0.3, Sum: 5.4]
      [GC Worker Total (ms): Min: 2.2, Avg: 4.1, Max: 6.2, Diff: 4.0, Sum: 178.2]
      [GC Worker End (ms): Min: 204742590.9, Avg: 204742590.9, Max: 204742591.1, Diff: 0.3]
   [Code Root Fixup: 0.0 ms]
   [Code Root Purge: 0.0 ms]
   [Clear CT: 6.1 ms]
   [Other: 12.2 ms]
      [Choose CSet: 0.0 ms]
      [Ref Proc: 3.8 ms]
      [Ref Enq: 0.0 ms]
      [Redirty Cards: 5.3 ms]
      [Humongous Register: 2.1 ms]
      [Humongous Reclaim: 0.0 ms]
      [Free CSet: 0.3 ms]
   [Eden: 46080.0K(46080.0K)->0.0B(46080.0K) Survivors: 6144.0K->6144.0K Heap: 197.7M(1024.0M)->152.7M(1024.0M)]
 [Times: user=0.24 sys=0.00, real=0.03 secs] 
2023-06-16T01:58:00.147+0000: 207899.773: [GC pause (G1 Evacuation Pause) (young), 0.0252345 secs]
   [Parallel Time: 8.8 ms, GC Workers: 43]
      [GC Worker Start (ms): Min: 207899772.9, Avg: 207899774.3, Max: 207899775.6, Diff: 2.8]
      [Ext Root Scanning (ms): Min: 0.0, Avg: 0.7, Max: 7.1, Diff: 7.1, Sum: 31.2]
      [Update RS (ms): Min: 0.0, Avg: 0.5, Max: 1.0, Diff: 1.0, Sum: 20.2]
         [Processed Buffers: Min: 0, Avg: 1.6, Max: 6, Diff: 6, Sum: 67]
      [Scan RS (ms): Min: 0.0, Avg: 0.0, Max: 0.1, Diff: 0.1, Sum: 0.7]
      [Code Root Scanning (ms): Min: 0.0, Avg: 0.1, Max: 1.2, Diff: 1.2, Sum: 3.4]
      [Object Copy (ms): Min: 0.0, Avg: 3.1, Max: 3.4, Diff: 3.4, Sum: 132.0]
      [Termination (ms): Min: 0.0, Avg: 1.3, Max: 1.5, Diff: 1.5, Sum: 57.8]
         [Termination Attempts: Min: 1, Avg: 1.0, Max: 2, Diff: 1, Sum: 45]
      [GC Worker Other (ms): Min: 0.0, Avg: 0.0, Max: 0.1, Diff: 0.1, Sum: 1.6]
      [GC Worker Total (ms): Min: 4.3, Avg: 5.7, Max: 7.1, Diff: 2.8, Sum: 246.8]
      [GC Worker End (ms): Min: 207899780.0, Avg: 207899780.0, Max: 207899780.2, Diff: 0.2]
   [Code Root Fixup: 0.0 ms]
   [Code Root Purge: 0.0 ms]
   [Clear CT: 5.8 ms]
   [Other: 10.6 ms]
      [Choose CSet: 0.0 ms]
      [Ref Proc: 4.8 ms]
      [Ref Enq: 0.0 ms]
      [Redirty Cards: 5.1 ms]
      [Humongous Register: 0.1 ms]
      [Humongous Reclaim: 0.0 ms]
      [Free CSet: 0.2 ms]
   [Eden: 46080.0K(46080.0K)->0.0B(46080.0K) Survivors: 6144.0K->6144.0K Heap: 197.7M(1024.0M)->152.7M(1024.0M)]
 [Times: user=0.31 sys=0.00, real=0.03 secs] 
2023-06-16T02:50:27.591+0000: 211047.217: [GC pause (G1 Evacuation Pause) (young), 0.0265290 secs]
   [Parallel Time: 8.0 ms, GC Workers: 43]
      [GC Worker Start (ms): Min: 211047219.1, Avg: 211047221.1, Max: 211047223.0, Diff: 3.9]
      [Ext Root Scanning (ms): Min: 0.0, Avg: 0.8, Max: 3.1, Diff: 3.1, Sum: 34.9]
      [Update RS (ms): Min: 0.0, Avg: 0.4, Max: 0.9, Diff: 0.9, Sum: 18.5]
         [Processed Buffers: Min: 0, Avg: 1.7, Max: 9, Diff: 9, Sum: 73]
      [Scan RS (ms): Min: 0.0, Avg: 0.0, Max: 0.1, Diff: 0.1, Sum: 0.7]
      [Code Root Scanning (ms): Min: 0.0, Avg: 0.0, Max: 1.0, Diff: 1.0, Sum: 1.8]
      [Object Copy (ms): Min: 2.3, Avg: 3.1, Max: 3.4, Diff: 1.1, Sum: 132.5]
      [Termination (ms): Min: 0.0, Avg: 0.1, Max: 0.2, Diff: 0.2, Sum: 3.6]
         [Termination Attempts: Min: 1, Avg: 1.0, Max: 1, Diff: 0, Sum: 43]
      [GC Worker Other (ms): Min: 0.0, Avg: 0.1, Max: 0.3, Diff: 0.3, Sum: 5.3]
      [GC Worker Total (ms): Min: 2.6, Avg: 4.6, Max: 6.6, Diff: 4.0, Sum: 197.3]
      [GC Worker End (ms): Min: 211047225.6, Avg: 211047225.7, Max: 211047225.9, Diff: 0.3]
   [Code Root Fixup: 0.0 ms]
   [Code Root Purge: 0.0 ms]
   [Clear CT: 5.3 ms]
   [Other: 13.2 ms]
      [Choose CSet: 0.0 ms]
      [Ref Proc: 4.3 ms]
      [Ref Enq: 0.0 ms]
      [Redirty Cards: 5.5 ms]
      [Humongous Register: 2.1 ms]
      [Humongous Reclaim: 0.0 ms]
      [Free CSet: 0.4 ms]
   [Eden: 46080.0K(46080.0K)->0.0B(48128.0K) Survivors: 6144.0K->4096.0K Heap: 197.7M(1024.0M)->152.6M(1024.0M)]
 [Times: user=0.23 sys=0.03, real=0.02 secs] 
2023-06-16T03:45:17.210+0000: 214336.836: [GC pause (G1 Evacuation Pause) (young), 0.0225574 secs]
   [Parallel Time: 6.4 ms, GC Workers: 43]
      [GC Worker Start (ms): Min: 214336836.3, Avg: 214336837.8, Max: 214336839.1, Diff: 2.8]
      [Ext Root Scanning (ms): Min: 0.0, Avg: 0.5, Max: 1.7, Diff: 1.7, Sum: 20.2]
      [Update RS (ms): Min: 0.0, Avg: 0.8, Max: 1.5, Diff: 1.5, Sum: 35.8]
         [Processed Buffers: Min: 0, Avg: 1.8, Max: 8, Diff: 8, Sum: 76]
      [Scan RS (ms): Min: 0.0, Avg: 0.0, Max: 0.1, Diff: 0.1, Sum: 0.7]
      [Code Root Scanning (ms): Min: 0.0, Avg: 0.0, Max: 0.0, Diff: 0.0, Sum: 0.0]
      [Object Copy (ms): Min: 1.3, Avg: 1.6, Max: 1.9, Diff: 0.7, Sum: 70.9]
      [Termination (ms): Min: 0.0, Avg: 0.1, Max: 0.2, Diff: 0.2, Sum: 4.8]
         [Termination Attempts: Min: 1, Avg: 1.0, Max: 1, Diff: 0, Sum: 43]
      [GC Worker Other (ms): Min: 0.0, Avg: 0.1, Max: 0.4, Diff: 0.4, Sum: 6.2]
      [GC Worker Total (ms): Min: 1.9, Avg: 3.2, Max: 4.8, Diff: 2.9, Sum: 138.7]
      [GC Worker End (ms): Min: 214336840.9, Avg: 214336841.0, Max: 214336841.3, Diff: 0.4]
   [Code Root Fixup: 0.0 ms]
   [Code Root Purge: 0.0 ms]
   [Clear CT: 6.0 ms]
   [Other: 10.1 ms]
      [Choose CSet: 0.0 ms]
      [Ref Proc: 4.4 ms]
      [Ref Enq: 0.0 ms]
      [Redirty Cards: 5.0 ms]
      [Humongous Register: 0.1 ms]
      [Humongous Reclaim: 0.0 ms]
      [Free CSet: 0.1 ms]
   [Eden: 48128.0K(48128.0K)->0.0B(50176.0K) Survivors: 4096.0K->2048.0K Heap: 199.6M(1024.0M)->152.7M(1024.0M)]
 [Times: user=0.19 sys=0.00, real=0.02 secs] 
2023-06-16T04:42:31.872+0000: 217771.497: [GC pause (G1 Evacuation Pause) (young), 0.0252561 secs]
   [Parallel Time: 7.9 ms, GC Workers: 43]
      [GC Worker Start (ms): Min: 217771497.8, Avg: 217771499.1, Max: 217771500.4, Diff: 2.6]
      [Ext Root Scanning (ms): Min: 0.0, Avg: 0.5, Max: 1.6, Diff: 1.6, Sum: 20.5]
      [Update RS (ms): Min: 0.0, Avg: 0.9, Max: 1.6, Diff: 1.6, Sum: 37.0]
         [Processed Buffers: Min: 0, Avg: 2.0, Max: 10, Diff: 10, Sum: 88]
      [Scan RS (ms): Min: 0.0, Avg: 0.0, Max: 0.1, Diff: 0.1, Sum: 0.7]
      [Code Root Scanning (ms): Min: 0.0, Avg: 0.0, Max: 0.0, Diff: 0.0, Sum: 0.0]
      [Object Copy (ms): Min: 2.0, Avg: 2.9, Max: 3.5, Diff: 1.5, Sum: 125.4]
      [Termination (ms): Min: 0.2, Avg: 0.6, Max: 1.5, Diff: 1.3, Sum: 25.2]
         [Termination Attempts: Min: 7, Avg: 10.7, Max: 14, Diff: 7, Sum: 459]
      [GC Worker Other (ms): Min: 0.0, Avg: 0.1, Max: 0.4, Diff: 0.4, Sum: 5.4]
      [GC Worker Total (ms): Min: 3.7, Avg: 5.0, Max: 6.5, Diff: 2.8, Sum: 214.3]
      [GC Worker End (ms): Min: 217771504.0, Avg: 217771504.1, Max: 217771504.4, Diff: 0.4]
   [Code Root Fixup: 0.0 ms]
   [Code Root Purge: 0.0 ms]
   [Clear CT: 6.3 ms]
   [Other: 11.0 ms]
      [Choose CSet: 0.0 ms]
      [Ref Proc: 4.7 ms]
      [Ref Enq: 0.0 ms]
      [Redirty Cards: 5.6 ms]
      [Humongous Register: 0.1 ms]
      [Humongous Reclaim: 0.0 ms]
      [Free CSet: 0.1 ms]
   [Eden: 50176.0K(50176.0K)->0.0B(51200.0K) Survivors: 2048.0K->1024.0K Heap: 201.7M(1024.0M)->151.9M(1024.0M)]
 [Times: user=0.27 sys=0.00, real=0.02 secs] 
2023-06-16T05:40:32.157+0000: 221251.782: [GC pause (G1 Evacuation Pause) (young), 0.0290697 secs]
   [Parallel Time: 8.9 ms, GC Workers: 43]
      [GC Worker Start (ms): Min: 221251785.0, Avg: 221251787.2, Max: 221251789.2, Diff: 4.1]
      [Ext Root Scanning (ms): Min: 0.0, Avg: 0.8, Max: 6.8, Diff: 6.8, Sum: 34.6]
      [Update RS (ms): Min: 0.0, Avg: 0.3, Max: 2.7, Diff: 2.7, Sum: 12.2]
         [Processed Buffers: Min: 0, Avg: 1.6, Max: 9, Diff: 9, Sum: 70]
      [Scan RS (ms): Min: 0.0, Avg: 0.0, Max: 0.1, Diff: 0.1, Sum: 0.5]
      [Code Root Scanning (ms): Min: 0.0, Avg: 0.0, Max: 0.0, Diff: 0.0, Sum: 0.0]
      [Object Copy (ms): Min: 0.4, Avg: 3.7, Max: 4.3, Diff: 3.9, Sum: 160.2]
      [Termination (ms): Min: 0.0, Avg: 0.2, Max: 0.3, Diff: 0.2, Sum: 7.2]
         [Termination Attempts: Min: 1, Avg: 7.6, Max: 12, Diff: 11, Sum: 325]
      [GC Worker Other (ms): Min: 0.0, Avg: 0.1, Max: 0.4, Diff: 0.3, Sum: 6.1]
      [GC Worker Total (ms): Min: 3.1, Avg: 5.1, Max: 7.4, Diff: 4.3, Sum: 220.7]
      [GC Worker End (ms): Min: 221251792.3, Avg: 221251792.4, Max: 221251792.6, Diff: 0.3]
   [Code Root Fixup: 0.0 ms]
   [Code Root Purge: 0.0 ms]
   [Clear CT: 5.3 ms]
   [Other: 14.9 ms]
      [Choose CSet: 0.0 ms]
      [Ref Proc: 6.8 ms]
      [Ref Enq: 0.0 ms]
      [Redirty Cards: 5.1 ms]
      [Humongous Register: 2.0 ms]
      [Humongous Reclaim: 0.0 ms]
      [Free CSet: 0.2 ms]
   [Eden: 51200.0K(51200.0K)->0.0B(51200.0K) Survivors: 1024.0K->1024.0K Heap: 201.9M(1024.0M)->151.8M(1024.0M)]
 [Times: user=0.27 sys=0.00, real=0.03 secs] 
2023-06-16T06:06:50.906+0000: 222830.531: [GC pause (G1 Evacuation Pause) (young), 0.0281540 secs]
   [Parallel Time: 10.6 ms, GC Workers: 43]
      [GC Worker Start (ms): Min: 222830531.5, Avg: 222830532.8, Max: 222830534.1, Diff: 2.6]
      [Ext Root Scanning (ms): Min: 0.0, Avg: 0.5, Max: 1.5, Diff: 1.5, Sum: 19.9]
      [Update RS (ms): Min: 0.0, Avg: 0.5, Max: 2.0, Diff: 2.0, Sum: 20.1]
         [Processed Buffers: Min: 0, Avg: 2.3, Max: 7, Diff: 7, Sum: 97]
      [Scan RS (ms): Min: 0.0, Avg: 0.0, Max: 0.1, Diff: 0.1, Sum: 0.8]
      [Code Root Scanning (ms): Min: 0.0, Avg: 0.0, Max: 0.1, Diff: 0.1, Sum: 0.1]
      [Object Copy (ms): Min: 4.5, Avg: 5.8, Max: 6.2, Diff: 1.7, Sum: 247.7]
      [Termination (ms): Min: 0.0, Avg: 0.1, Max: 0.1, Diff: 0.1, Sum: 3.1]
         [Termination Attempts: Min: 1, Avg: 1.8, Max: 3, Diff: 2, Sum: 76]
      [GC Worker Other (ms): Min: 0.0, Avg: 0.1, Max: 0.3, Diff: 0.3, Sum: 4.3]
      [GC Worker Total (ms): Min: 5.5, Avg: 6.9, Max: 8.2, Diff: 2.7, Sum: 296.0]
      [GC Worker End (ms): Min: 222830539.6, Avg: 222830539.7, Max: 222830539.9, Diff: 0.3]
   [Code Root Fixup: 0.0 ms]
   [Code Root Purge: 0.0 ms]
   [Clear CT: 6.9 ms]
   [Other: 10.6 ms]
      [Choose CSet: 0.0 ms]
      [Ref Proc: 4.6 ms]
      [Ref Enq: 0.0 ms]
      [Redirty Cards: 5.4 ms]
      [Humongous Register: 0.1 ms]
      [Humongous Reclaim: 0.0 ms]
      [Free CSet: 0.1 ms]
   [Eden: 51200.0K(51200.0K)->0.0B(49152.0K) Survivors: 1024.0K->3072.0K Heap: 201.8M(1024.0M)->153.9M(1024.0M)]
 [Times: user=0.35 sys=0.00, real=0.03 secs] 
2023-06-16T06:25:17.782+0000: 223937.408: [GC pause (G1 Evacuation Pause) (young), 0.0275400 secs]
   [Parallel Time: 10.6 ms, GC Workers: 43]
      [GC Worker Start (ms): Min: 223937408.1, Avg: 223937409.5, Max: 223937410.8, Diff: 2.7]
      [Ext Root Scanning (ms): Min: 0.0, Avg: 0.7, Max: 6.6, Diff: 6.6, Sum: 28.1]
      [Update RS (ms): Min: 0.0, Avg: 1.3, Max: 1.7, Diff: 1.7, Sum: 56.4]
         [Processed Buffers: Min: 0, Avg: 2.1, Max: 15, Diff: 15, Sum: 91]
      [Scan RS (ms): Min: 0.0, Avg: 0.0, Max: 0.1, Diff: 0.1, Sum: 0.6]
      [Code Root Scanning (ms): Min: 0.0, Avg: 0.0, Max: 0.1, Diff: 0.1, Sum: 0.1]
      [Object Copy (ms): Min: 2.2, Avg: 5.4, Max: 5.7, Diff: 3.5, Sum: 232.3]
      [Termination (ms): Min: 0.0, Avg: 0.1, Max: 0.1, Diff: 0.1, Sum: 3.5]
         [Termination Attempts: Min: 1, Avg: 1.3, Max: 3, Diff: 2, Sum: 55]
      [GC Worker Other (ms): Min: 0.0, Avg: 0.1, Max: 0.3, Diff: 0.3, Sum: 4.3]
      [GC Worker Total (ms): Min: 6.3, Avg: 7.6, Max: 9.0, Diff: 2.7, Sum: 325.4]
      [GC Worker End (ms): Min: 223937417.0, Avg: 223937417.1, Max: 223937417.3, Diff: 0.3]
   [Code Root Fixup: 0.0 ms]
   [Code Root Purge: 0.0 ms]
   [Clear CT: 6.1 ms]
   [Other: 10.8 ms]
      [Choose CSet: 0.0 ms]
      [Ref Proc: 4.7 ms]
      [Ref Enq: 0.0 ms]
      [Redirty Cards: 5.4 ms]
      [Humongous Register: 0.1 ms]
      [Humongous Reclaim: 0.0 ms]
      [Free CSet: 0.2 ms]
   [Eden: 49152.0K(49152.0K)->0.0B(48128.0K) Survivors: 3072.0K->4096.0K Heap: 201.9M(1024.0M)->155.1M(1024.0M)]
 [Times: user=0.23 sys=0.15, real=0.03 secs] 
2023-06-16T06:43:31.505+0000: 225031.130: [GC pause (G1 Evacuation Pause) (young), 0.0264657 secs]
   [Parallel Time: 8.6 ms, GC Workers: 43]
      [GC Worker Start (ms): Min: 225031133.0, Avg: 225031135.2, Max: 225031138.3, Diff: 5.3]
      [Ext Root Scanning (ms): Min: 0.0, Avg: 0.4, Max: 2.2, Diff: 2.1, Sum: 16.4]
      [Update RS (ms): Min: 0.0, Avg: 0.6, Max: 1.5, Diff: 1.5, Sum: 24.1]
         [Processed Buffers: Min: 0, Avg: 2.0, Max: 8, Diff: 8, Sum: 86]
      [Scan RS (ms): Min: 0.0, Avg: 0.0, Max: 0.1, Diff: 0.1, Sum: 1.0]
      [Code Root Scanning (ms): Min: 0.0, Avg: 0.0, Max: 0.1, Diff: 0.1, Sum: 0.1]
      [Object Copy (ms): Min: 1.0, Avg: 3.2, Max: 3.6, Diff: 2.6, Sum: 136.5]
      [Termination (ms): Min: 0.0, Avg: 0.1, Max: 0.2, Diff: 0.2, Sum: 3.7]
         [Termination Attempts: Min: 1, Avg: 1.0, Max: 1, Diff: 0, Sum: 43]
      [GC Worker Other (ms): Min: 0.0, Avg: 0.2, Max: 0.5, Diff: 0.4, Sum: 6.7]
      [GC Worker Total (ms): Min: 1.2, Avg: 4.4, Max: 6.7, Diff: 5.5, Sum: 188.5]
      [GC Worker End (ms): Min: 225031139.5, Avg: 225031139.6, Max: 225031139.9, Diff: 0.4]
   [Code Root Fixup: 0.0 ms]
   [Code Root Purge: 0.0 ms]
   [Clear CT: 4.9 ms]
   [Other: 12.9 ms]
      [Choose CSet: 0.0 ms]
      [Ref Proc: 5.0 ms]
      [Ref Enq: 0.0 ms]
      [Redirty Cards: 4.9 ms]
      [Humongous Register: 2.0 ms]
      [Humongous Reclaim: 0.0 ms]
      [Free CSet: 0.2 ms]
   [Eden: 48128.0K(48128.0K)->0.0B(48128.0K) Survivors: 4096.0K->4096.0K Heap: 202.1M(1024.0M)->154.9M(1024.0M)]
 [Times: user=0.25 sys=0.00, real=0.03 secs] 
2023-06-16T07:06:44.137+0000: 226423.763: [GC pause (G1 Evacuation Pause) (young), 0.0258153 secs]
   [Parallel Time: 8.3 ms, GC Workers: 43]
      [GC Worker Start (ms): Min: 226423765.5, Avg: 226423767.6, Max: 226423772.8, Diff: 7.4]
      [Ext Root Scanning (ms): Min: 0.0, Avg: 0.8, Max: 7.3, Diff: 7.2, Sum: 33.5]
      [Update RS (ms): Min: 0.0, Avg: 0.5, Max: 1.6, Diff: 1.6, Sum: 21.5]
         [Processed Buffers: Min: 0, Avg: 2.1, Max: 8, Diff: 8, Sum: 89]
      [Scan RS (ms): Min: 0.0, Avg: 0.0, Max: 0.1, Diff: 0.1, Sum: 0.9]
      [Code Root Scanning (ms): Min: 0.0, Avg: 0.0, Max: 0.1, Diff: 0.1, Sum: 0.3]
      [Object Copy (ms): Min: 0.0, Avg: 3.0, Max: 3.5, Diff: 3.5, Sum: 130.6]
      [Termination (ms): Min: 0.0, Avg: 0.9, Max: 1.1, Diff: 1.1, Sum: 40.7]
         [Termination Attempts: Min: 1, Avg: 2.1, Max: 4, Diff: 3, Sum: 89]
      [GC Worker Other (ms): Min: 0.0, Avg: 0.1, Max: 0.3, Diff: 0.3, Sum: 3.7]
      [GC Worker Total (ms): Min: 0.1, Avg: 5.4, Max: 7.5, Diff: 7.4, Sum: 231.1]
      [GC Worker End (ms): Min: 226423772.9, Avg: 226423773.0, Max: 226423773.2, Diff: 0.3]
   [Code Root Fixup: 0.0 ms]
   [Code Root Purge: 0.0 ms]
   [Clear CT: 5.7 ms]
   [Other: 11.8 ms]
      [Choose CSet: 0.0 ms]
      [Ref Proc: 4.0 ms]
      [Ref Enq: 0.0 ms]
      [Redirty Cards: 4.8 ms]
      [Humongous Register: 2.0 ms]
      [Humongous Reclaim: 0.0 ms]
      [Free CSet: 0.2 ms]
   [Eden: 48128.0K(48128.0K)->0.0B(49152.0K) Survivors: 4096.0K->3072.0K Heap: 201.9M(1024.0M)->154.5M(1024.0M)]
 [Times: user=0.28 sys=0.01, real=0.03 secs] 
2023-06-16T07:46:12.668+0000: 228792.294: [GC pause (G1 Evacuation Pause) (young), 0.0288803 secs]
   [Parallel Time: 10.5 ms, GC Workers: 43]
      [GC Worker Start (ms): Min: 228792294.2, Avg: 228792295.5, Max: 228792297.4, Diff: 3.2]
      [Ext Root Scanning (ms): Min: 0.0, Avg: 0.7, Max: 6.4, Diff: 6.3, Sum: 30.1]
      [Update RS (ms): Min: 0.0, Avg: 0.6, Max: 1.4, Diff: 1.4, Sum: 26.9]
         [Processed Buffers: Min: 0, Avg: 2.1, Max: 8, Diff: 8, Sum: 90]
      [Scan RS (ms): Min: 0.0, Avg: 0.0, Max: 0.1, Diff: 0.1, Sum: 0.9]
      [Code Root Scanning (ms): Min: 0.0, Avg: 0.0, Max: 0.1, Diff: 0.1, Sum: 0.2]
      [Object Copy (ms): Min: 0.0, Avg: 2.5, Max: 3.6, Diff: 3.6, Sum: 106.0]
      [Termination (ms): Min: 0.0, Avg: 1.3, Max: 1.5, Diff: 1.5, Sum: 56.9]
         [Termination Attempts: Min: 1, Avg: 1.0, Max: 2, Diff: 1, Sum: 45]
      [GC Worker Other (ms): Min: 0.0, Avg: 0.0, Max: 0.1, Diff: 0.1, Sum: 1.1]
      [GC Worker Total (ms): Min: 3.3, Avg: 5.2, Max: 6.5, Diff: 3.1, Sum: 222.2]
      [GC Worker End (ms): Min: 228792300.6, Avg: 228792300.7, Max: 228792300.8, Diff: 0.2]
   [Code Root Fixup: 0.0 ms]
   [Code Root Purge: 0.0 ms]
   [Clear CT: 7.0 ms]
   [Other: 11.3 ms]
      [Choose CSet: 0.0 ms]
      [Ref Proc: 5.5 ms]
      [Ref Enq: 0.0 ms]
      [Redirty Cards: 5.2 ms]
      [Humongous Register: 0.1 ms]
      [Humongous Reclaim: 0.0 ms]
      [Free CSet: 0.2 ms]
   [Eden: 49152.0K(49152.0K)->0.0B(49152.0K) Survivors: 3072.0K->3072.0K Heap: 202.5M(1024.0M)->153.9M(1024.0M)]
 [Times: user=0.30 sys=0.00, real=0.03 secs] 
2023-06-16T08:07:34.267+0000: 230073.893: [GC pause (G1 Evacuation Pause) (young), 0.0286182 secs]
   [Parallel Time: 10.4 ms, GC Workers: 43]
      [GC Worker Start (ms): Min: 230073895.3, Avg: 230073897.2, Max: 230073899.1, Diff: 3.8]
      [Ext Root Scanning (ms): Min: 0.0, Avg: 0.5, Max: 2.0, Diff: 2.0, Sum: 20.7]
      [Update RS (ms): Min: 0.0, Avg: 0.5, Max: 1.1, Diff: 1.1, Sum: 21.4]
         [Processed Buffers: Min: 0, Avg: 2.2, Max: 9, Diff: 9, Sum: 94]
      [Scan RS (ms): Min: 0.0, Avg: 0.0, Max: 0.1, Diff: 0.1, Sum: 0.9]
      [Code Root Scanning (ms): Min: 0.0, Avg: 0.0, Max: 0.2, Diff: 0.2, Sum: 0.4]
      [Object Copy (ms): Min: 1.8, Avg: 2.6, Max: 2.9, Diff: 1.2, Sum: 113.4]
      [Termination (ms): Min: 0.0, Avg: 0.1, Max: 0.1, Diff: 0.1, Sum: 3.6]
         [Termination Attempts: Min: 1, Avg: 1.0, Max: 1, Diff: 0, Sum: 43]
      [GC Worker Other (ms): Min: 0.0, Avg: 0.1, Max: 0.4, Diff: 0.4, Sum: 6.2]
      [GC Worker Total (ms): Min: 2.0, Avg: 3.9, Max: 5.9, Diff: 3.9, Sum: 166.7]
      [GC Worker End (ms): Min: 230073901.0, Avg: 230073901.1, Max: 230073901.3, Diff: 0.3]
   [Code Root Fixup: 0.0 ms]
   [Code Root Purge: 0.0 ms]
   [Clear CT: 6.3 ms]
   [Other: 12.0 ms]
      [Choose CSet: 0.0 ms]
      [Ref Proc: 3.6 ms]
      [Ref Enq: 0.0 ms]
      [Redirty Cards: 5.0 ms]
      [Humongous Register: 2.0 ms]
      [Humongous Reclaim: 0.0 ms]
      [Free CSet: 0.4 ms]
   [Eden: 49152.0K(49152.0K)->0.0B(48128.0K) Survivors: 3072.0K->4096.0K Heap: 201.9M(1024.0M)->154.9M(1024.0M)]
 [Times: user=0.22 sys=0.00, real=0.03 secs] 
2023-06-16T08:15:32.077+0000: 230551.703: [GC pause (G1 Evacuation Pause) (young), 0.0264528 secs]
   [Parallel Time: 9.7 ms, GC Workers: 43]
      [GC Worker Start (ms): Min: 230551705.5, Avg: 230551707.7, Max: 230551711.2, Diff: 5.7]
      [Ext Root Scanning (ms): Min: 0.0, Avg: 0.8, Max: 7.7, Diff: 7.6, Sum: 36.3]
      [Update RS (ms): Min: 0.0, Avg: 0.6, Max: 1.3, Diff: 1.3, Sum: 25.7]
         [Processed Buffers: Min: 0, Avg: 2.2, Max: 9, Diff: 9, Sum: 93]
      [Scan RS (ms): Min: 0.0, Avg: 0.0, Max: 0.1, Diff: 0.1, Sum: 0.7]
      [Code Root Scanning (ms): Min: 0.0, Avg: 0.0, Max: 0.5, Diff: 0.5, Sum: 0.6]
      [Object Copy (ms): Min: 0.1, Avg: 4.0, Max: 4.4, Diff: 4.3, Sum: 173.7]
      [Termination (ms): Min: 0.0, Avg: 0.1, Max: 0.2, Diff: 0.2, Sum: 4.3]
         [Termination Attempts: Min: 1, Avg: 1.0, Max: 1, Diff: 0, Sum: 43]
      [GC Worker Other (ms): Min: 0.0, Avg: 0.1, Max: 0.4, Diff: 0.3, Sum: 6.1]
      [GC Worker Total (ms): Min: 2.3, Avg: 5.8, Max: 7.8, Diff: 5.5, Sum: 247.4]
      [GC Worker End (ms): Min: 230551713.3, Avg: 230551713.4, Max: 230551713.7, Diff: 0.4]
   [Code Root Fixup: 0.0 ms]
   [Code Root Purge: 0.0 ms]
   [Clear CT: 4.8 ms]
   [Other: 11.9 ms]
      [Choose CSet: 0.0 ms]
      [Ref Proc: 4.0 ms]
      [Ref Enq: 0.0 ms]
      [Redirty Cards: 5.0 ms]
      [Humongous Register: 2.0 ms]
      [Humongous Reclaim: 0.0 ms]
      [Free CSet: 0.2 ms]
   [Eden: 48128.0K(48128.0K)->0.0B(46080.0K) Survivors: 4096.0K->6144.0K Heap: 201.9M(1024.0M)->156.8M(1024.0M)]
 [Times: user=0.27 sys=0.03, real=0.03 secs] 
2023-06-16T08:25:22.591+0000: 231142.216: [GC pause (G1 Evacuation Pause) (young), 0.0244434 secs]
   [Parallel Time: 8.5 ms, GC Workers: 43]
      [GC Worker Start (ms): Min: 231142216.6, Avg: 231142218.0, Max: 231142219.2, Diff: 2.6]
      [Ext Root Scanning (ms): Min: 0.0, Avg: 0.5, Max: 1.7, Diff: 1.7, Sum: 23.3]
      [Update RS (ms): Min: 0.0, Avg: 0.5, Max: 1.0, Diff: 1.0, Sum: 19.8]
         [Processed Buffers: Min: 0, Avg: 2.0, Max: 9, Diff: 9, Sum: 87]
      [Scan RS (ms): Min: 0.0, Avg: 0.0, Max: 0.1, Diff: 0.1, Sum: 0.7]
      [Code Root Scanning (ms): Min: 0.0, Avg: 0.0, Max: 0.3, Diff: 0.3, Sum: 0.5]
      [Object Copy (ms): Min: 2.1, Avg: 2.5, Max: 3.5, Diff: 1.3, Sum: 108.6]
      [Termination (ms): Min: 0.0, Avg: 1.1, Max: 1.4, Diff: 1.4, Sum: 48.8]
         [Termination Attempts: Min: 1, Avg: 1.0, Max: 1, Diff: 0, Sum: 43]
      [GC Worker Other (ms): Min: 0.0, Avg: 0.0, Max: 0.1, Diff: 0.1, Sum: 1.3]
      [GC Worker Total (ms): Min: 3.5, Avg: 4.7, Max: 6.0, Diff: 2.5, Sum: 202.9]
      [GC Worker End (ms): Min: 231142222.6, Avg: 231142222.7, Max: 231142222.8, Diff: 0.2]
   [Code Root Fixup: 0.0 ms]
   [Code Root Purge: 0.0 ms]
   [Clear CT: 6.3 ms]
   [Other: 9.6 ms]
      [Choose CSet: 0.0 ms]
      [Ref Proc: 3.2 ms]
      [Ref Enq: 0.0 ms]
      [Redirty Cards: 5.7 ms]
      [Humongous Register: 0.1 ms]
      [Humongous Reclaim: 0.0 ms]
      [Free CSet: 0.2 ms]
   [Eden: 46080.0K(46080.0K)->0.0B(47104.0K) Survivors: 6144.0K->5120.0K Heap: 201.8M(1024.0M)->156.2M(1024.0M)]
 [Times: user=0.27 sys=0.00, real=0.02 secs] 
2023-06-16T08:36:45.276+0000: 231824.901: [GC pause (G1 Evacuation Pause) (young), 0.0216947 secs]
   [Parallel Time: 7.7 ms, GC Workers: 43]
      [GC Worker Start (ms): Min: 231824901.6, Avg: 231824903.0, Max: 231824904.2, Diff: 2.6]
      [Ext Root Scanning (ms): Min: 0.0, Avg: 0.6, Max: 1.8, Diff: 1.8, Sum: 24.3]
      [Update RS (ms): Min: 0.0, Avg: 0.7, Max: 1.5, Diff: 1.5, Sum: 32.0]
         [Processed Buffers: Min: 0, Avg: 2.1, Max: 9, Diff: 9, Sum: 90]
      [Scan RS (ms): Min: 0.0, Avg: 0.0, Max: 0.1, Diff: 0.1, Sum: 0.7]
      [Code Root Scanning (ms): Min: 0.0, Avg: 0.0, Max: 0.3, Diff: 0.3, Sum: 0.6]
      [Object Copy (ms): Min: 2.5, Avg: 3.0, Max: 3.4, Diff: 0.9, Sum: 129.9]
      [Termination (ms): Min: 0.0, Avg: 0.1, Max: 0.2, Diff: 0.2, Sum: 3.5]
         [Termination Attempts: Min: 1, Avg: 1.0, Max: 1, Diff: 0, Sum: 43]
      [GC Worker Other (ms): Min: 0.0, Avg: 0.1, Max: 0.4, Diff: 0.4, Sum: 6.4]
      [GC Worker Total (ms): Min: 3.3, Avg: 4.6, Max: 6.0, Diff: 2.7, Sum: 197.6]
      [GC Worker End (ms): Min: 231824907.5, Avg: 231824907.6, Max: 231824907.9, Diff: 0.4]
   [Code Root Fixup: 0.0 ms]
   [Code Root Purge: 0.0 ms]
   [Clear CT: 5.2 ms]
   [Other: 8.8 ms]
      [Choose CSet: 0.0 ms]
      [Ref Proc: 3.3 ms]
      [Ref Enq: 0.0 ms]
      [Redirty Cards: 4.9 ms]
      [Humongous Register: 0.1 ms]
      [Humongous Reclaim: 0.0 ms]
      [Free CSet: 0.2 ms]
   [Eden: 47104.0K(47104.0K)->0.0B(46080.0K) Survivors: 5120.0K->6144.0K Heap: 202.2M(1024.0M)->157.2M(1024.0M)]
 [Times: user=0.25 sys=0.00, real=0.02 secs] 
2023-06-16T08:47:29.624+0000: 232469.249: [GC pause (G1 Evacuation Pause) (young), 0.0220748 secs]
   [Parallel Time: 7.9 ms, GC Workers: 43]
      [GC Worker Start (ms): Min: 232469249.8, Avg: 232469251.1, Max: 232469252.3, Diff: 2.5]
      [Ext Root Scanning (ms): Min: 0.0, Avg: 0.5, Max: 1.7, Diff: 1.7, Sum: 23.2]
      [Update RS (ms): Min: 0.0, Avg: 0.1, Max: 0.4, Diff: 0.4, Sum: 6.3]
         [Processed Buffers: Min: 0, Avg: 2.1, Max: 6, Diff: 6, Sum: 90]
      [Scan RS (ms): Min: 0.0, Avg: 0.0, Max: 0.0, Diff: 0.0, Sum: 0.7]
      [Code Root Scanning (ms): Min: 0.0, Avg: 0.0, Max: 0.3, Diff: 0.3, Sum: 0.7]
      [Object Copy (ms): Min: 3.7, Avg: 4.2, Max: 4.6, Diff: 0.9, Sum: 181.5]
      [Termination (ms): Min: 0.0, Avg: 0.1, Max: 0.2, Diff: 0.2, Sum: 5.9]
         [Termination Attempts: Min: 1, Avg: 1.0, Max: 1, Diff: 0, Sum: 43]
      [GC Worker Other (ms): Min: 0.0, Avg: 0.1, Max: 0.3, Diff: 0.3, Sum: 3.8]
      [GC Worker Total (ms): Min: 3.9, Avg: 5.2, Max: 6.5, Diff: 2.6, Sum: 222.0]
      [GC Worker End (ms): Min: 232469256.2, Avg: 232469256.3, Max: 232469256.5, Diff: 0.3]
   [Code Root Fixup: 0.0 ms]
   [Code Root Purge: 0.0 ms]
   [Clear CT: 5.0 ms]
   [Other: 9.1 ms]
      [Choose CSet: 0.0 ms]
      [Ref Proc: 3.6 ms]
      [Ref Enq: 0.0 ms]
      [Redirty Cards: 4.9 ms]
      [Humongous Register: 0.1 ms]
      [Humongous Reclaim: 0.0 ms]
      [Free CSet: 0.1 ms]
   [Eden: 46080.0K(46080.0K)->0.0B(45056.0K) Survivors: 6144.0K->7168.0K Heap: 202.2M(1024.0M)->159.0M(1024.0M)]
 [Times: user=0.28 sys=0.00, real=0.02 secs] 
2023-06-16T08:56:42.520+0000: 233022.146: [GC pause (G1 Evacuation Pause) (young), 0.0209511 secs]
   [Parallel Time: 5.9 ms, GC Workers: 43]
      [GC Worker Start (ms): Min: 233022146.0, Avg: 233022147.4, Max: 233022148.5, Diff: 2.5]
      [Ext Root Scanning (ms): Min: 0.0, Avg: 0.6, Max: 1.8, Diff: 1.8, Sum: 24.9]
      [Update RS (ms): Min: 0.0, Avg: 0.2, Max: 0.4, Diff: 0.4, Sum: 8.4]
         [Processed Buffers: Min: 0, Avg: 2.1, Max: 7, Diff: 7, Sum: 89]
      [Scan RS (ms): Min: 0.0, Avg: 0.0, Max: 0.1, Diff: 0.0, Sum: 0.8]
      [Code Root Scanning (ms): Min: 0.0, Avg: 0.0, Max: 0.1, Diff: 0.1, Sum: 0.3]
      [Object Copy (ms): Min: 1.1, Avg: 1.6, Max: 1.8, Diff: 0.7, Sum: 68.7]
      [Termination (ms): Min: 0.0, Avg: 0.1, Max: 0.2, Diff: 0.2, Sum: 4.0]
         [Termination Attempts: Min: 1, Avg: 1.0, Max: 1, Diff: 0, Sum: 43]
      [GC Worker Other (ms): Min: 0.0, Avg: 0.1, Max: 0.4, Diff: 0.4, Sum: 5.8]
      [GC Worker Total (ms): Min: 1.4, Avg: 2.6, Max: 4.1, Diff: 2.8, Sum: 112.8]
      [GC Worker End (ms): Min: 233022149.8, Avg: 233022150.0, Max: 233022150.2, Diff: 0.4]
   [Code Root Fixup: 0.0 ms]
   [Code Root Purge: 0.0 ms]
   [Clear CT: 5.0 ms]
   [Other: 10.1 ms]
      [Choose CSet: 0.0 ms]
      [Ref Proc: 4.3 ms]
      [Ref Enq: 0.0 ms]
      [Redirty Cards: 5.1 ms]
      [Humongous Register: 0.1 ms]
      [Humongous Reclaim: 0.0 ms]
      [Free CSet: 0.1 ms]
   [Eden: 45056.0K(45056.0K)->0.0B(47104.0K) Survivors: 7168.0K->5120.0K Heap: 203.0M(1024.0M)->156.9M(1024.0M)]
 [Times: user=0.11 sys=0.05, real=0.03 secs] 
2023-06-16T09:05:50.390+0000: 233570.015: [GC pause (G1 Evacuation Pause) (young), 0.0196007 secs]
   [Parallel Time: 6.0 ms, GC Workers: 43]
      [GC Worker Start (ms): Min: 233570015.8, Avg: 233570017.1, Max: 233570018.3, Diff: 2.5]
      [Ext Root Scanning (ms): Min: 0.0, Avg: 0.6, Max: 1.8, Diff: 1.7, Sum: 24.8]
      [Update RS (ms): Min: 0.0, Avg: 0.3, Max: 0.5, Diff: 0.5, Sum: 11.1]
         [Processed Buffers: Min: 0, Avg: 2.1, Max: 6, Diff: 6, Sum: 91]
      [Scan RS (ms): Min: 0.0, Avg: 0.0, Max: 0.1, Diff: 0.1, Sum: 0.7]
      [Code Root Scanning (ms): Min: 0.0, Avg: 0.0, Max: 0.1, Diff: 0.1, Sum: 0.1]
      [Object Copy (ms): Min: 2.1, Avg: 2.5, Max: 2.6, Diff: 0.5, Sum: 107.9]
      [Termination (ms): Min: 0.0, Avg: 0.1, Max: 0.1, Diff: 0.1, Sum: 2.5]
         [Termination Attempts: Min: 1, Avg: 1.0, Max: 1, Diff: 0, Sum: 43]
      [GC Worker Other (ms): Min: 0.0, Avg: 0.1, Max: 0.3, Diff: 0.2, Sum: 3.6]
      [GC Worker Total (ms): Min: 2.3, Avg: 3.5, Max: 4.8, Diff: 2.5, Sum: 150.7]
      [GC Worker End (ms): Min: 233570020.5, Avg: 233570020.6, Max: 233570020.8, Diff: 0.2]
   [Code Root Fixup: 0.0 ms]
   [Code Root Purge: 0.0 ms]
   [Clear CT: 5.2 ms]
   [Other: 8.4 ms]
      [Choose CSet: 0.0 ms]
      [Ref Proc: 3.0 ms]
      [Ref Enq: 0.0 ms]
      [Redirty Cards: 4.8 ms]
      [Humongous Register: 0.1 ms]
      [Humongous Reclaim: 0.0 ms]
      [Free CSet: 0.1 ms]
   [Eden: 47104.0K(47104.0K)->0.0B(47104.0K) Survivors: 5120.0K->5120.0K Heap: 202.9M(1024.0M)->156.5M(1024.0M)]
 [Times: user=0.19 sys=0.00, real=0.02 secs] 
2023-06-16T09:15:59.383+0000: 234179.008: [GC pause (G1 Evacuation Pause) (young), 0.0223211 secs]
   [Parallel Time: 5.6 ms, GC Workers: 43]
      [GC Worker Start (ms): Min: 234179008.5, Avg: 234179009.8, Max: 234179011.0, Diff: 2.5]
      [Ext Root Scanning (ms): Min: 0.0, Avg: 0.5, Max: 1.9, Diff: 1.9, Sum: 23.1]
      [Update RS (ms): Min: 0.0, Avg: 0.1, Max: 0.5, Diff: 0.5, Sum: 6.4]
         [Processed Buffers: Min: 0, Avg: 2.1, Max: 7, Diff: 7, Sum: 90]
      [Scan RS (ms): Min: 0.0, Avg: 0.0, Max: 0.1, Diff: 0.0, Sum: 0.8]
      [Code Root Scanning (ms): Min: 0.0, Avg: 0.0, Max: 0.1, Diff: 0.1, Sum: 0.2]
      [Object Copy (ms): Min: 0.9, Avg: 1.3, Max: 1.5, Diff: 0.6, Sum: 58.0]
      [Termination (ms): Min: 0.0, Avg: 0.1, Max: 0.1, Diff: 0.1, Sum: 2.8]
         [Termination Attempts: Min: 1, Avg: 1.0, Max: 1, Diff: 0, Sum: 43]
      [GC Worker Other (ms): Min: 0.0, Avg: 0.2, Max: 0.4, Diff: 0.4, Sum: 7.0]
      [GC Worker Total (ms): Min: 1.0, Avg: 2.3, Max: 3.7, Diff: 2.7, Sum: 98.3]
      [GC Worker End (ms): Min: 234179012.0, Avg: 234179012.1, Max: 234179012.4, Diff: 0.4]
   [Code Root Fixup: 0.0 ms]
   [Code Root Purge: 0.0 ms]
   [Clear CT: 5.5 ms]
   [Other: 11.3 ms]
      [Choose CSet: 0.0 ms]
      [Ref Proc: 5.3 ms]
      [Ref Enq: 0.0 ms]
      [Redirty Cards: 5.2 ms]
      [Humongous Register: 0.1 ms]
      [Humongous Reclaim: 0.0 ms]
      [Free CSet: 0.2 ms]
   [Eden: 47104.0K(47104.0K)->0.0B(48128.0K) Survivors: 5120.0K->4096.0K Heap: 202.5M(1024.0M)->155.8M(1024.0M)]
 [Times: user=0.15 sys=0.00, real=0.02 secs] 
2023-06-16T09:27:38.480+0000: 234878.106: [GC pause (G1 Evacuation Pause) (young), 0.0213185 secs]
   [Parallel Time: 6.4 ms, GC Workers: 43]
      [GC Worker Start (ms): Min: 234878106.2, Avg: 234878107.5, Max: 234878108.6, Diff: 2.4]
      [Ext Root Scanning (ms): Min: 0.0, Avg: 0.6, Max: 1.7, Diff: 1.7, Sum: 25.2]
      [Update RS (ms): Min: 0.0, Avg: 0.2, Max: 0.5, Diff: 0.5, Sum: 7.6]
         [Processed Buffers: Min: 0, Avg: 2.0, Max: 6, Diff: 6, Sum: 86]
      [Scan RS (ms): Min: 0.0, Avg: 0.0, Max: 0.1, Diff: 0.1, Sum: 0.8]
      [Code Root Scanning (ms): Min: 0.0, Avg: 0.0, Max: 0.1, Diff: 0.1, Sum: 0.1]
      [Object Copy (ms): Min: 2.3, Avg: 2.7, Max: 2.8, Diff: 0.6, Sum: 115.0]
      [Termination (ms): Min: 0.0, Avg: 0.1, Max: 0.1, Diff: 0.1, Sum: 2.8]
         [Termination Attempts: Min: 1, Avg: 1.0, Max: 1, Diff: 0, Sum: 43]
      [GC Worker Other (ms): Min: 0.0, Avg: 0.1, Max: 0.4, Diff: 0.4, Sum: 5.1]
      [GC Worker Total (ms): Min: 2.5, Avg: 3.6, Max: 4.9, Diff: 2.4, Sum: 156.5]
      [GC Worker End (ms): Min: 234878111.0, Avg: 234878111.1, Max: 234878111.3, Diff: 0.3]
   [Code Root Fixup: 0.0 ms]
   [Code Root Purge: 0.0 ms]
   [Clear CT: 5.3 ms]
   [Other: 9.6 ms]
      [Choose CSet: 0.0 ms]
      [Ref Proc: 3.8 ms]
      [Ref Enq: 0.0 ms]
      [Redirty Cards: 5.3 ms]
      [Humongous Register: 0.1 ms]
      [Humongous Reclaim: 0.0 ms]
      [Free CSet: 0.1 ms]
   [Eden: 48128.0K(48128.0K)->0.0B(47104.0K) Survivors: 4096.0K->5120.0K Heap: 202.8M(1024.0M)->156.9M(1024.0M)]
 [Times: user=0.21 sys=0.00, real=0.03 secs] 
2023-06-16T09:39:05.597+0000: 235565.222: [GC pause (G1 Evacuation Pause) (young), 0.0237577 secs]
   [Parallel Time: 8.4 ms, GC Workers: 43]
      [GC Worker Start (ms): Min: 235565222.4, Avg: 235565223.7, Max: 235565224.9, Diff: 2.5]
      [Ext Root Scanning (ms): Min: 0.0, Avg: 0.8, Max: 7.1, Diff: 7.1, Sum: 34.5]
      [Update RS (ms): Min: 0.0, Avg: 0.2, Max: 0.6, Diff: 0.6, Sum: 9.5]
         [Processed Buffers: Min: 0, Avg: 2.0, Max: 10, Diff: 10, Sum: 87]
      [Scan RS (ms): Min: 0.0, Avg: 0.0, Max: 0.0, Diff: 0.0, Sum: 0.7]
      [Code Root Scanning (ms): Min: 0.0, Avg: 0.0, Max: 0.1, Diff: 0.1, Sum: 0.2]
      [Object Copy (ms): Min: 0.0, Avg: 4.0, Max: 4.3, Diff: 4.2, Sum: 174.0]
      [Termination (ms): Min: 0.0, Avg: 0.8, Max: 0.9, Diff: 0.9, Sum: 36.0]
         [Termination Attempts: Min: 1, Avg: 1.0, Max: 1, Diff: 0, Sum: 43]
      [GC Worker Other (ms): Min: 0.0, Avg: 0.0, Max: 0.1, Diff: 0.1, Sum: 1.0]
      [GC Worker Total (ms): Min: 4.7, Avg: 5.9, Max: 7.2, Diff: 2.5, Sum: 255.7]
      [GC Worker End (ms): Min: 235565229.6, Avg: 235565229.7, Max: 235565229.7, Diff: 0.1]
   [Code Root Fixup: 0.0 ms]
   [Code Root Purge: 0.0 ms]
   [Clear CT: 5.0 ms]
   [Other: 10.3 ms]
      [Choose CSet: 0.0 ms]
      [Ref Proc: 4.6 ms]
      [Ref Enq: 0.0 ms]
      [Redirty Cards: 5.1 ms]
      [Humongous Register: 0.1 ms]
      [Humongous Reclaim: 0.0 ms]
      [Free CSet: 0.1 ms]
   [Eden: 47104.0K(47104.0K)->0.0B(45056.0K) Survivors: 5120.0K->7168.0K Heap: 202.9M(1024.0M)->158.7M(1024.0M)]
 [Times: user=0.27 sys=0.04, real=0.02 secs] 
2023-06-16T09:49:56.614+0000: 236216.239: [GC pause (G1 Evacuation Pause) (young), 0.0232119 secs]
   [Parallel Time: 7.8 ms, GC Workers: 43]
      [GC Worker Start (ms): Min: 236216239.5, Avg: 236216240.9, Max: 236216242.1, Diff: 2.6]
      [Ext Root Scanning (ms): Min: 0.0, Avg: 0.5, Max: 1.7, Diff: 1.7, Sum: 21.9]
      [Update RS (ms): Min: 0.0, Avg: 0.2, Max: 0.9, Diff: 0.9, Sum: 7.2]
         [Processed Buffers: Min: 0, Avg: 2.1, Max: 7, Diff: 7, Sum: 92]
      [Scan RS (ms): Min: 0.0, Avg: 0.0, Max: 0.0, Diff: 0.0, Sum: 0.6]
      [Code Root Scanning (ms): Min: 0.0, Avg: 0.0, Max: 0.1, Diff: 0.1, Sum: 0.1]
      [Object Copy (ms): Min: 2.7, Avg: 3.3, Max: 3.6, Diff: 0.9, Sum: 141.3]
      [Termination (ms): Min: 0.0, Avg: 0.2, Max: 0.3, Diff: 0.3, Sum: 7.2]
         [Termination Attempts: Min: 1, Avg: 4.4, Max: 8, Diff: 7, Sum: 189]
      [GC Worker Other (ms): Min: 0.0, Avg: 0.1, Max: 0.5, Diff: 0.5, Sum: 6.3]
      [GC Worker Total (ms): Min: 3.0, Avg: 4.3, Max: 5.6, Diff: 2.6, Sum: 184.6]
      [GC Worker End (ms): Min: 236216245.1, Avg: 236216245.2, Max: 236216245.4, Diff: 0.3]
   [Code Root Fixup: 0.0 ms]
   [Code Root Purge: 0.0 ms]
   [Clear CT: 5.4 ms]
   [Other: 10.1 ms]
      [Choose CSet: 0.0 ms]
      [Ref Proc: 4.2 ms]
      [Ref Enq: 0.0 ms]
      [Redirty Cards: 5.2 ms]
      [Humongous Register: 0.1 ms]
      [Humongous Reclaim: 0.0 ms]
      [Free CSet: 0.1 ms]
   [Eden: 45056.0K(45056.0K)->0.0B(47104.0K) Survivors: 7168.0K->5120.0K Heap: 202.7M(1024.0M)->157.1M(1024.0M)]
 [Times: user=0.24 sys=0.00, real=0.02 secs] 
2023-06-16T10:00:53.180+0000: 236872.805: [GC pause (G1 Evacuation Pause) (young), 0.0230431 secs]
   [Parallel Time: 8.0 ms, GC Workers: 43]
      [GC Worker Start (ms): Min: 236872805.5, Avg: 236872806.9, Max: 236872808.0, Diff: 2.5]
      [Ext Root Scanning (ms): Min: 0.0, Avg: 0.6, Max: 1.8, Diff: 1.8, Sum: 24.4]
      [Update RS (ms): Min: 0.0, Avg: 0.2, Max: 0.6, Diff: 0.6, Sum: 10.7]
         [Processed Buffers: Min: 0, Avg: 2.0, Max: 7, Diff: 7, Sum: 88]
      [Scan RS (ms): Min: 0.0, Avg: 0.0, Max: 0.1, Diff: 0.1, Sum: 0.8]
      [Code Root Scanning (ms): Min: 0.0, Avg: 0.0, Max: 0.0, Diff: 0.0, Sum: 0.0]
      [Object Copy (ms): Min: 2.9, Avg: 3.2, Max: 3.4, Diff: 0.5, Sum: 139.3]
      [Termination (ms): Min: 0.0, Avg: 0.1, Max: 0.1, Diff: 0.1, Sum: 2.4]
         [Termination Attempts: Min: 1, Avg: 1.0, Max: 1, Diff: 0, Sum: 43]
      [GC Worker Other (ms): Min: 0.0, Avg: 0.1, Max: 0.4, Diff: 0.3, Sum: 5.5]
      [GC Worker Total (ms): Min: 3.1, Avg: 4.3, Max: 5.7, Diff: 2.7, Sum: 183.3]
      [GC Worker End (ms): Min: 236872811.1, Avg: 236872811.2, Max: 236872811.4, Diff: 0.3]
   [Code Root Fixup: 0.0 ms]
   [Code Root Purge: 0.0 ms]
   [Clear CT: 5.3 ms]
   [Other: 9.8 ms]
      [Choose CSet: 0.0 ms]
      [Ref Proc: 4.1 ms]
      [Ref Enq: 0.0 ms]
      [Redirty Cards: 5.0 ms]
      [Humongous Register: 0.1 ms]
      [Humongous Reclaim: 0.0 ms]
      [Free CSet: 0.1 ms]
   [Eden: 47104.0K(47104.0K)->0.0B(45056.0K) Survivors: 5120.0K->7168.0K Heap: 203.1M(1024.0M)->159.1M(1024.0M)]
 [Times: user=0.24 sys=0.00, real=0.03 secs] 
2023-06-16T10:11:49.569+0000: 237529.194: [GC pause (G1 Evacuation Pause) (young), 0.0278876 secs]
   [Parallel Time: 10.7 ms, GC Workers: 43]
      [GC Worker Start (ms): Min: 237529196.8, Avg: 237529198.8, Max: 237529200.6, Diff: 3.9]
      [Ext Root Scanning (ms): Min: 0.0, Avg: 0.7, Max: 2.5, Diff: 2.5, Sum: 31.6]
      [Update RS (ms): Min: 0.0, Avg: 0.3, Max: 0.7, Diff: 0.7, Sum: 12.4]
         [Processed Buffers: Min: 0, Avg: 2.0, Max: 9, Diff: 9, Sum: 88]
      [Scan RS (ms): Min: 0.0, Avg: 0.0, Max: 0.0, Diff: 0.0, Sum: 0.5]
      [Code Root Scanning (ms): Min: 0.0, Avg: 0.0, Max: 0.0, Diff: 0.0, Sum: 0.0]
      [Object Copy (ms): Min: 3.0, Avg: 3.8, Max: 4.5, Diff: 1.5, Sum: 162.6]
      [Termination (ms): Min: 0.0, Avg: 0.5, Max: 0.6, Diff: 0.6, Sum: 21.2]
         [Termination Attempts: Min: 1, Avg: 1.0, Max: 2, Diff: 1, Sum: 44]
      [GC Worker Other (ms): Min: 0.0, Avg: 0.1, Max: 0.3, Diff: 0.3, Sum: 3.2]
      [GC Worker Total (ms): Min: 3.6, Avg: 5.4, Max: 7.5, Diff: 3.9, Sum: 231.5]
      [GC Worker End (ms): Min: 237529204.1, Avg: 237529204.2, Max: 237529204.3, Diff: 0.2]
   [Code Root Fixup: 0.0 ms]
   [Code Root Purge: 0.0 ms]
   [Clear CT: 4.9 ms]
   [Other: 12.3 ms]
      [Choose CSet: 0.0 ms]
      [Ref Proc: 4.0 ms]
      [Ref Enq: 0.0 ms]
      [Redirty Cards: 5.2 ms]
      [Humongous Register: 2.1 ms]
      [Humongous Reclaim: 0.0 ms]
      [Free CSet: 0.2 ms]
   [Eden: 45056.0K(45056.0K)->0.0B(45056.0K) Survivors: 7168.0K->7168.0K Heap: 203.1M(1024.0M)->161.1M(1024.0M)]
 [Times: user=0.25 sys=0.00, real=0.03 secs] 
2023-06-16T10:22:43.245+0000: 238182.871: [GC pause (G1 Evacuation Pause) (young), 0.0229247 secs]
   [Parallel Time: 8.7 ms, GC Workers: 43]
      [GC Worker Start (ms): Min: 238182871.4, Avg: 238182872.8, Max: 238182874.1, Diff: 2.7]
      [Ext Root Scanning (ms): Min: 0.0, Avg: 0.6, Max: 1.8, Diff: 1.8, Sum: 23.7]
      [Update RS (ms): Min: 0.0, Avg: 0.3, Max: 0.7, Diff: 0.7, Sum: 13.7]
         [Processed Buffers: Min: 0, Avg: 2.1, Max: 7, Diff: 7, Sum: 89]
      [Scan RS (ms): Min: 0.0, Avg: 0.0, Max: 0.1, Diff: 0.1, Sum: 0.8]
      [Code Root Scanning (ms): Min: 0.0, Avg: 0.0, Max: 0.0, Diff: 0.0, Sum: 0.0]
      [Object Copy (ms): Min: 4.1, Avg: 4.6, Max: 4.8, Diff: 0.7, Sum: 197.4]
      [Termination (ms): Min: 0.0, Avg: 0.2, Max: 0.4, Diff: 0.4, Sum: 9.4]
         [Termination Attempts: Min: 4, Avg: 8.6, Max: 15, Diff: 11, Sum: 370]
      [GC Worker Other (ms): Min: 0.0, Avg: 0.1, Max: 0.3, Diff: 0.3, Sum: 4.5]
      [GC Worker Total (ms): Min: 4.5, Avg: 5.8, Max: 7.3, Diff: 2.8, Sum: 249.5]
      [GC Worker End (ms): Min: 238182878.5, Avg: 238182878.6, Max: 238182878.8, Diff: 0.3]
   [Code Root Fixup: 0.0 ms]
   [Code Root Purge: 0.0 ms]
   [Clear CT: 5.2 ms]
   [Other: 9.0 ms]
      [Choose CSet: 0.0 ms]
      [Ref Proc: 3.0 ms]
      [Ref Enq: 0.0 ms]
      [Redirty Cards: 5.4 ms]
      [Humongous Register: 0.1 ms]
      [Humongous Reclaim: 0.0 ms]
      [Free CSet: 0.1 ms]
   [Eden: 45056.0K(45056.0K)->0.0B(47104.0K) Survivors: 7168.0K->5120.0K Heap: 205.1M(1024.0M)->161.3M(1024.0M)]
 [Times: user=0.30 sys=0.00, real=0.02 secs] 
2023-06-16T10:34:09.074+0000: 238868.700: [GC pause (G1 Evacuation Pause) (young), 0.0242464 secs]
   [Parallel Time: 9.4 ms, GC Workers: 43]
      [GC Worker Start (ms): Min: 238868700.1, Avg: 238868701.6, Max: 238868702.8, Diff: 2.6]
      [Ext Root Scanning (ms): Min: 0.0, Avg: 0.5, Max: 1.8, Diff: 1.8, Sum: 22.8]
      [Update RS (ms): Min: 0.0, Avg: 0.5, Max: 0.8, Diff: 0.8, Sum: 20.1]
         [Processed Buffers: Min: 0, Avg: 2.0, Max: 8, Diff: 8, Sum: 88]
      [Scan RS (ms): Min: 0.0, Avg: 0.0, Max: 0.2, Diff: 0.2, Sum: 0.9]
      [Code Root Scanning (ms): Min: 0.0, Avg: 0.0, Max: 0.0, Diff: 0.0, Sum: 0.0]
      [Object Copy (ms): Min: 3.3, Avg: 3.6, Max: 3.7, Diff: 0.3, Sum: 154.2]
      [Termination (ms): Min: 0.0, Avg: 0.0, Max: 0.0, Diff: 0.0, Sum: 1.2]
         [Termination Attempts: Min: 1, Avg: 1.0, Max: 1, Diff: 0, Sum: 43]
      [GC Worker Other (ms): Min: 0.0, Avg: 0.2, Max: 0.4, Diff: 0.4, Sum: 6.8]
      [GC Worker Total (ms): Min: 3.5, Avg: 4.8, Max: 6.2, Diff: 2.6, Sum: 206.0]
      [GC Worker End (ms): Min: 238868706.3, Avg: 238868706.4, Max: 238868706.6, Diff: 0.4]
   [Code Root Fixup: 0.0 ms]
   [Code Root Purge: 0.0 ms]
   [Clear CT: 4.9 ms]
   [Other: 10.0 ms]
      [Choose CSet: 0.0 ms]
      [Ref Proc: 4.3 ms]
      [Ref Enq: 0.0 ms]
      [Redirty Cards: 5.1 ms]
      [Humongous Register: 0.1 ms]
      [Humongous Reclaim: 0.0 ms]
      [Free CSet: 0.1 ms]
   [Eden: 47104.0K(47104.0K)->0.0B(45056.0K) Survivors: 5120.0K->7168.0K Heap: 207.3M(1024.0M)->164.0M(1024.0M)]
 [Times: user=0.26 sys=0.00, real=0.02 secs] 
2023-06-16T10:45:02.687+0000: 239522.313: [GC pause (G1 Evacuation Pause) (young), 0.0274340 secs]
   [Parallel Time: 12.5 ms, GC Workers: 43]
      [GC Worker Start (ms): Min: 239522313.2, Avg: 239522314.5, Max: 239522315.8, Diff: 2.6]
      [Ext Root Scanning (ms): Min: 0.0, Avg: 0.6, Max: 2.2, Diff: 2.2, Sum: 24.7]
      [Update RS (ms): Min: 0.0, Avg: 0.4, Max: 1.5, Diff: 1.5, Sum: 18.3]
         [Processed Buffers: Min: 0, Avg: 2.1, Max: 7, Diff: 7, Sum: 89]
      [Scan RS (ms): Min: 0.0, Avg: 0.0, Max: 0.1, Diff: 0.1, Sum: 0.7]
      [Code Root Scanning (ms): Min: 0.0, Avg: 0.0, Max: 0.0, Diff: 0.0, Sum: 0.0]
      [Object Copy (ms): Min: 5.4, Avg: 6.3, Max: 6.6, Diff: 1.1, Sum: 269.0]
      [Termination (ms): Min: 0.0, Avg: 0.2, Max: 0.3, Diff: 0.3, Sum: 7.0]
         [Termination Attempts: Min: 1, Avg: 5.0, Max: 8, Diff: 7, Sum: 214]
      [GC Worker Other (ms): Min: 0.0, Avg: 0.1, Max: 0.3, Diff: 0.2, Sum: 3.9]
      [GC Worker Total (ms): Min: 6.2, Avg: 7.5, Max: 8.8, Diff: 2.6, Sum: 323.7]
      [GC Worker End (ms): Min: 239522321.9, Avg: 239522322.0, Max: 239522322.2, Diff: 0.3]
   [Code Root Fixup: 0.0 ms]
   [Code Root Purge: 0.0 ms]
   [Clear CT: 6.0 ms]
   [Other: 8.9 ms]
      [Choose CSet: 0.0 ms]
      [Ref Proc: 2.8 ms]
      [Ref Enq: 0.0 ms]
      [Redirty Cards: 5.4 ms]
      [Humongous Register: 0.1 ms]
      [Humongous Reclaim: 0.0 ms]
      [Free CSet: 0.1 ms]
   [Eden: 45056.0K(45056.0K)->0.0B(45056.0K) Survivors: 7168.0K->7168.0K Heap: 208.0M(1024.0M)->168.0M(1024.0M)]
 [Times: user=0.37 sys=0.00, real=0.03 secs] 
2023-06-16T10:55:28.436+0000: 240148.062: [GC pause (G1 Evacuation Pause) (young), 0.0220291 secs]
   [Parallel Time: 9.1 ms, GC Workers: 43]
      [GC Worker Start (ms): Min: 240148062.1, Avg: 240148063.6, Max: 240148064.9, Diff: 2.8]
      [Ext Root Scanning (ms): Min: 0.0, Avg: 0.8, Max: 7.2, Diff: 7.2, Sum: 33.4]
      [Update RS (ms): Min: 0.0, Avg: 2.1, Max: 2.8, Diff: 2.8, Sum: 89.4]
         [Processed Buffers: Min: 0, Avg: 2.2, Max: 19, Diff: 19, Sum: 93]
      [Scan RS (ms): Min: 0.0, Avg: 0.0, Max: 0.1, Diff: 0.1, Sum: 0.5]
      [Code Root Scanning (ms): Min: 0.0, Avg: 0.0, Max: 0.0, Diff: 0.0, Sum: 0.0]
      [Object Copy (ms): Min: 1.2, Avg: 4.1, Max: 4.6, Diff: 3.3, Sum: 174.7]
      [Termination (ms): Min: 0.0, Avg: 0.1, Max: 0.2, Diff: 0.2, Sum: 5.3]
         [Termination Attempts: Min: 1, Avg: 1.0, Max: 2, Diff: 1, Sum: 45]
      [GC Worker Other (ms): Min: 0.0, Avg: 0.1, Max: 0.3, Diff: 0.2, Sum: 3.8]
      [GC Worker Total (ms): Min: 5.9, Avg: 7.1, Max: 8.6, Diff: 2.7, Sum: 307.2]
      [GC Worker End (ms): Min: 240148070.7, Avg: 240148070.8, Max: 240148071.0, Diff: 0.3]
   [Code Root Fixup: 0.0 ms]
   [Code Root Purge: 0.0 ms]
   [Clear CT: 4.7 ms]
   [Other: 8.3 ms]
      [Choose CSet: 0.0 ms]
      [Ref Proc: 2.5 ms]
      [Ref Enq: 0.0 ms]
      [Redirty Cards: 5.1 ms]
      [Humongous Register: 0.1 ms]
      [Humongous Reclaim: 0.0 ms]
      [Free CSet: 0.1 ms]
   [Eden: 45056.0K(45056.0K)->0.0B(46080.0K) Survivors: 7168.0K->6144.0K Heap: 212.0M(1024.0M)->170.2M(1024.0M)]
 [Times: user=0.33 sys=0.02, real=0.02 secs] 
2023-06-16T11:06:37.591+0000: 240817.216: [GC pause (G1 Evacuation Pause) (young), 0.0236605 secs]
   [Parallel Time: 8.2 ms, GC Workers: 43]
      [GC Worker Start (ms): Min: 240817217.0, Avg: 240817218.7, Max: 240817220.2, Diff: 3.1]
      [Ext Root Scanning (ms): Min: 0.0, Avg: 1.0, Max: 2.5, Diff: 2.5, Sum: 43.0]
      [Update RS (ms): Min: 0.7, Avg: 1.5, Max: 2.0, Diff: 1.4, Sum: 64.5]
         [Processed Buffers: Min: 1, Avg: 2.2, Max: 18, Diff: 17, Sum: 93]
      [Scan RS (ms): Min: 0.0, Avg: 0.0, Max: 0.1, Diff: 0.1, Sum: 0.4]
      [Code Root Scanning (ms): Min: 0.0, Avg: 0.0, Max: 0.0, Diff: 0.0, Sum: 0.0]
      [Object Copy (ms): Min: 2.2, Avg: 2.6, Max: 3.1, Diff: 0.9, Sum: 112.4]
      [Termination (ms): Min: 0.0, Avg: 0.1, Max: 0.1, Diff: 0.1, Sum: 3.3]
         [Termination Attempts: Min: 1, Avg: 1.0, Max: 1, Diff: 0, Sum: 43]
      [GC Worker Other (ms): Min: 0.0, Avg: 0.1, Max: 0.4, Diff: 0.3, Sum: 5.9]
      [GC Worker Total (ms): Min: 3.7, Avg: 5.3, Max: 6.9, Diff: 3.2, Sum: 229.7]
      [GC Worker End (ms): Min: 240817223.9, Avg: 240817224.0, Max: 240817224.2, Diff: 0.3]
   [Code Root Fixup: 0.0 ms]
   [Code Root Purge: 0.0 ms]
   [Clear CT: 6.4 ms]
   [Other: 9.0 ms]
      [Choose CSet: 0.0 ms]
      [Ref Proc: 3.3 ms]
      [Ref Enq: 0.0 ms]
      [Redirty Cards: 4.7 ms]
      [Humongous Register: 0.3 ms]
      [Humongous Reclaim: 0.0 ms]
      [Free CSet: 0.2 ms]
   [Eden: 46080.0K(46080.0K)->0.0B(46080.0K) Survivors: 6144.0K->6144.0K Heap: 215.2M(1024.0M)->170.1M(1024.0M)]
 [Times: user=0.28 sys=0.00, real=0.02 secs] 
2023-06-16T11:17:47.591+0000: 241487.216: [GC pause (G1 Evacuation Pause) (young), 0.0250114 secs]
   [Parallel Time: 7.1 ms, GC Workers: 43]
      [GC Worker Start (ms): Min: 241487216.6, Avg: 241487218.1, Max: 241487219.3, Diff: 2.7]
      [Ext Root Scanning (ms): Min: 0.0, Avg: 0.5, Max: 1.8, Diff: 1.8, Sum: 22.9]
      [Update RS (ms): Min: 0.0, Avg: 0.4, Max: 0.9, Diff: 0.9, Sum: 19.3]
         [Processed Buffers: Min: 0, Avg: 2.1, Max: 8, Diff: 8, Sum: 90]
      [Scan RS (ms): Min: 0.0, Avg: 0.0, Max: 0.1, Diff: 0.1, Sum: 0.7]
      [Code Root Scanning (ms): Min: 0.0, Avg: 0.0, Max: 0.0, Diff: 0.0, Sum: 0.0]
      [Object Copy (ms): Min: 2.9, Avg: 3.1, Max: 3.3, Diff: 0.4, Sum: 134.8]
      [Termination (ms): Min: 0.0, Avg: 0.0, Max: 0.1, Diff: 0.1, Sum: 1.8]
         [Termination Attempts: Min: 1, Avg: 1.0, Max: 1, Diff: 0, Sum: 43]
      [GC Worker Other (ms): Min: 0.0, Avg: 0.1, Max: 0.2, Diff: 0.2, Sum: 3.1]
      [GC Worker Total (ms): Min: 3.0, Avg: 4.2, Max: 5.7, Diff: 2.7, Sum: 182.7]
      [GC Worker End (ms): Min: 241487222.2, Avg: 241487222.3, Max: 241487222.5, Diff: 0.2]
   [Code Root Fixup: 0.0 ms]
   [Code Root Purge: 0.0 ms]
   [Clear CT: 6.8 ms]
   [Other: 11.1 ms]
      [Choose CSet: 0.0 ms]
      [Ref Proc: 5.0 ms]
      [Ref Enq: 0.0 ms]
      [Redirty Cards: 5.4 ms]
      [Humongous Register: 0.1 ms]
      [Humongous Reclaim: 0.0 ms]
      [Free CSet: 0.1 ms]
   [Eden: 46080.0K(46080.0K)->0.0B(45056.0K) Survivors: 6144.0K->7168.0K Heap: 215.1M(1024.0M)->172.7M(1024.0M)]
 [Times: user=0.18 sys=0.07, real=0.02 secs] 
2023-06-16T11:28:40.046+0000: 242139.671: [GC pause (G1 Evacuation Pause) (young), 0.0254390 secs]
   [Parallel Time: 7.1 ms, GC Workers: 43]
      [GC Worker Start (ms): Min: 242139671.4, Avg: 242139672.9, Max: 242139674.2, Diff: 2.7]
      [Ext Root Scanning (ms): Min: 0.0, Avg: 0.5, Max: 1.9, Diff: 1.9, Sum: 23.2]
      [Update RS (ms): Min: 0.0, Avg: 0.8, Max: 1.5, Diff: 1.5, Sum: 33.5]
         [Processed Buffers: Min: 0, Avg: 2.0, Max: 11, Diff: 11, Sum: 88]
      [Scan RS (ms): Min: 0.0, Avg: 0.0, Max: 0.1, Diff: 0.1, Sum: 0.7]
      [Code Root Scanning (ms): Min: 0.0, Avg: 0.0, Max: 0.0, Diff: 0.0, Sum: 0.0]
      [Object Copy (ms): Min: 0.3, Avg: 0.8, Max: 1.1, Diff: 0.8, Sum: 34.0]
      [Termination (ms): Min: 0.0, Avg: 0.1, Max: 0.2, Diff: 0.2, Sum: 4.7]
         [Termination Attempts: Min: 1, Avg: 1.0, Max: 1, Diff: 0, Sum: 43]
      [GC Worker Other (ms): Min: 0.0, Avg: 0.1, Max: 0.4, Diff: 0.4, Sum: 6.2]
      [GC Worker Total (ms): Min: 1.0, Avg: 2.4, Max: 4.0, Diff: 2.9, Sum: 102.2]
      [GC Worker End (ms): Min: 242139675.1, Avg: 242139675.3, Max: 242139675.5, Diff: 0.4]
   [Code Root Fixup: 0.0 ms]
   [Code Root Purge: 0.0 ms]
   [Clear CT: 6.9 ms]
   [Other: 11.5 ms]
      [Choose CSet: 0.0 ms]
      [Ref Proc: 5.3 ms]
      [Ref Enq: 0.0 ms]
      [Redirty Cards: 5.6 ms]
      [Humongous Register: 0.1 ms]
      [Humongous Reclaim: 0.0 ms]
      [Free CSet: 0.2 ms]
   [Eden: 45056.0K(45056.0K)->0.0B(48128.0K) Survivors: 7168.0K->4096.0K Heap: 216.7M(1024.0M)->172.0M(1024.0M)]
 [Times: user=0.16 sys=0.00, real=0.03 secs] 
2023-06-16T11:40:22.079+0000: 242841.705: [GC pause (G1 Evacuation Pause) (young), 0.0258977 secs]
   [Parallel Time: 10.9 ms, GC Workers: 43]
      [GC Worker Start (ms): Min: 242841706.9, Avg: 242841708.8, Max: 242841710.5, Diff: 3.6]
      [Ext Root Scanning (ms): Min: 0.0, Avg: 0.6, Max: 5.0, Diff: 5.0, Sum: 24.3]
      [Update RS (ms): Min: 0.0, Avg: 0.2, Max: 0.5, Diff: 0.5, Sum: 8.6]
         [Processed Buffers: Min: 0, Avg: 2.1, Max: 8, Diff: 8, Sum: 89]
      [Scan RS (ms): Min: 0.0, Avg: 0.0, Max: 0.0, Diff: 0.0, Sum: 0.5]
      [Code Root Scanning (ms): Min: 0.0, Avg: 0.0, Max: 0.0, Diff: 0.0, Sum: 0.0]
      [Object Copy (ms): Min: 4.0, Avg: 6.3, Max: 6.9, Diff: 2.9, Sum: 272.7]
      [Termination (ms): Min: 0.1, Avg: 0.3, Max: 0.5, Diff: 0.4, Sum: 14.8]
         [Termination Attempts: Min: 9, Avg: 15.6, Max: 22, Diff: 13, Sum: 670]
      [GC Worker Other (ms): Min: 0.0, Avg: 0.1, Max: 0.3, Diff: 0.2, Sum: 4.3]
      [GC Worker Total (ms): Min: 5.9, Avg: 7.6, Max: 9.5, Diff: 3.6, Sum: 325.2]
      [GC Worker End (ms): Min: 242841716.3, Avg: 242841716.4, Max: 242841716.5, Diff: 0.2]
   [Code Root Fixup: 0.0 ms]
   [Code Root Purge: 0.0 ms]
   [Clear CT: 4.9 ms]
   [Other: 10.0 ms]
      [Choose CSet: 0.0 ms]
      [Ref Proc: 2.8 ms]
      [Ref Enq: 0.0 ms]
      [Redirty Cards: 4.7 ms]
      [Humongous Register: 1.8 ms]
      [Humongous Reclaim: 0.0 ms]
      [Free CSet: 0.1 ms]
   [Eden: 48128.0K(48128.0K)->0.0B(46080.0K) Survivors: 4096.0K->6144.0K Heap: 219.0M(1024.0M)->173.2M(1024.0M)]
 [Times: user=0.38 sys=0.00, real=0.03 secs] 
2023-06-16T11:51:29.479+0000: 243509.105: [GC pause (G1 Evacuation Pause) (young), 0.0217074 secs]
   [Parallel Time: 8.4 ms, GC Workers: 43]
      [GC Worker Start (ms): Min: 243509104.9, Avg: 243509106.4, Max: 243509107.6, Diff: 2.7]
      [Ext Root Scanning (ms): Min: 0.0, Avg: 0.5, Max: 1.8, Diff: 1.8, Sum: 23.5]
      [Update RS (ms): Min: 0.0, Avg: 0.3, Max: 1.5, Diff: 1.5, Sum: 11.0]
         [Processed Buffers: Min: 0, Avg: 2.0, Max: 6, Diff: 6, Sum: 85]
      [Scan RS (ms): Min: 0.0, Avg: 0.0, Max: 0.0, Diff: 0.0, Sum: 0.4]
      [Code Root Scanning (ms): Min: 0.0, Avg: 0.0, Max: 0.0, Diff: 0.0, Sum: 0.0]
      [Object Copy (ms): Min: 4.2, Avg: 5.2, Max: 5.5, Diff: 1.2, Sum: 222.8]
      [Termination (ms): Min: 0.1, Avg: 0.2, Max: 0.4, Diff: 0.3, Sum: 8.7]
         [Termination Attempts: Min: 2, Avg: 6.6, Max: 12, Diff: 10, Sum: 284]
      [GC Worker Other (ms): Min: 0.0, Avg: 0.1, Max: 0.3, Diff: 0.2, Sum: 4.0]
      [GC Worker Total (ms): Min: 5.1, Avg: 6.3, Max: 7.7, Diff: 2.7, Sum: 270.6]
      [GC Worker End (ms): Min: 243509112.6, Avg: 243509112.7, Max: 243509112.9, Diff: 0.2]
   [Code Root Fixup: 0.0 ms]
   [Code Root Purge: 0.0 ms]
   [Clear CT: 5.3 ms]
   [Other: 7.9 ms]
      [Choose CSet: 0.0 ms]
      [Ref Proc: 2.9 ms]
      [Ref Enq: 0.0 ms]
      [Redirty Cards: 4.5 ms]
      [Humongous Register: 0.1 ms]
      [Humongous Reclaim: 0.0 ms]
      [Free CSet: 0.1 ms]
   [Eden: 46080.0K(46080.0K)->0.0B(45056.0K) Survivors: 6144.0K->7168.0K Heap: 218.2M(1024.0M)->176.6M(1024.0M)]
 [Times: user=0.32 sys=0.00, real=0.03 secs] 
2023-06-16T12:01:55.729+0000: 244135.354: [GC pause (G1 Evacuation Pause) (young), 0.0302448 secs]
   [Parallel Time: 17.6 ms, GC Workers: 43]
      [GC Worker Start (ms): Min: 244135354.4, Avg: 244135355.8, Max: 244135357.0, Diff: 2.6]
      [Ext Root Scanning (ms): Min: 0.0, Avg: 0.5, Max: 1.7, Diff: 1.7, Sum: 22.9]
      [Update RS (ms): Min: 0.0, Avg: 0.7, Max: 1.4, Diff: 1.4, Sum: 28.4]
         [Processed Buffers: Min: 0, Avg: 2.1, Max: 12, Diff: 12, Sum: 90]
      [Scan RS (ms): Min: 0.0, Avg: 0.0, Max: 0.1, Diff: 0.1, Sum: 0.7]
      [Code Root Scanning (ms): Min: 0.0, Avg: 0.0, Max: 0.0, Diff: 0.0, Sum: 0.0]
      [Object Copy (ms): Min: 11.9, Avg: 12.7, Max: 13.2, Diff: 1.3, Sum: 545.3]
      [Termination (ms): Min: 0.6, Avg: 1.1, Max: 1.9, Diff: 1.3, Sum: 46.7]
         [Termination Attempts: Min: 27, Avg: 40.5, Max: 50, Diff: 23, Sum: 1741]
      [GC Worker Other (ms): Min: 0.0, Avg: 0.1, Max: 0.2, Diff: 0.2, Sum: 2.8]
      [GC Worker Total (ms): Min: 13.8, Avg: 15.0, Max: 16.4, Diff: 2.6, Sum: 646.8]
      [GC Worker End (ms): Min: 244135370.8, Avg: 244135370.9, Max: 244135371.0, Diff: 0.2]
   [Code Root Fixup: 0.0 ms]
   [Code Root Purge: 0.0 ms]
   [Clear CT: 4.9 ms]
   [Other: 7.8 ms]
      [Choose CSet: 0.0 ms]
      [Ref Proc: 3.4 ms]
      [Ref Enq: 0.0 ms]
      [Redirty Cards: 3.9 ms]
      [Humongous Register: 0.1 ms]
      [Humongous Reclaim: 0.0 ms]
      [Free CSet: 0.1 ms]
   [Eden: 45056.0K(45056.0K)->0.0B(46080.0K) Survivors: 7168.0K->6144.0K Heap: 220.6M(1024.0M)->179.7M(1024.0M)]
 [Times: user=0.70 sys=0.00, real=0.03 secs] 
2023-06-16T12:13:06.155+0000: 244805.781: [GC pause (G1 Evacuation Pause) (young), 0.0240279 secs]
   [Parallel Time: 10.4 ms, GC Workers: 43]
      [GC Worker Start (ms): Min: 244805781.2, Avg: 244805782.6, Max: 244805783.8, Diff: 2.5]
      [Ext Root Scanning (ms): Min: 0.0, Avg: 0.6, Max: 1.8, Diff: 1.8, Sum: 23.9]
      [Update RS (ms): Min: 0.9, Avg: 1.6, Max: 2.0, Diff: 1.1, Sum: 68.8]
         [Processed Buffers: Min: 1, Avg: 2.1, Max: 19, Diff: 18, Sum: 89]
      [Scan RS (ms): Min: 0.0, Avg: 0.0, Max: 0.1, Diff: 0.1, Sum: 0.5]
      [Code Root Scanning (ms): Min: 0.0, Avg: 0.0, Max: 0.0, Diff: 0.0, Sum: 0.0]
      [Object Copy (ms): Min: 3.1, Avg: 3.6, Max: 4.1, Diff: 1.0, Sum: 153.9]
      [Termination (ms): Min: 0.0, Avg: 0.1, Max: 0.2, Diff: 0.2, Sum: 4.4]
         [Termination Attempts: Min: 1, Avg: 4.0, Max: 8, Diff: 7, Sum: 174]
      [GC Worker Other (ms): Min: 0.0, Avg: 0.1, Max: 0.3, Diff: 0.3, Sum: 5.2]
      [GC Worker Total (ms): Min: 4.8, Avg: 6.0, Max: 7.3, Diff: 2.5, Sum: 256.7]
      [GC Worker End (ms): Min: 244805788.4, Avg: 244805788.5, Max: 244805788.8, Diff: 0.3]
   [Code Root Fixup: 0.0 ms]
   [Code Root Purge: 0.0 ms]
   [Clear CT: 5.2 ms]
   [Other: 8.4 ms]
      [Choose CSet: 0.0 ms]
      [Ref Proc: 3.0 ms]
      [Ref Enq: 0.0 ms]
      [Redirty Cards: 4.8 ms]
      [Humongous Register: 0.1 ms]
      [Humongous Reclaim: 0.0 ms]
      [Free CSet: 0.1 ms]
   [Eden: 46080.0K(46080.0K)->0.0B(47104.0K) Survivors: 6144.0K->5120.0K Heap: 224.7M(1024.0M)->178.2M(1024.0M)]
 [Times: user=0.31 sys=0.00, real=0.02 secs] 
2023-06-16T12:24:31.544+0000: 245491.169: [GC pause (G1 Evacuation Pause) (young), 0.0232176 secs]
   [Parallel Time: 8.7 ms, GC Workers: 43]
      [GC Worker Start (ms): Min: 245491169.6, Avg: 245491170.9, Max: 245491172.1, Diff: 2.5]
      [Ext Root Scanning (ms): Min: 0.0, Avg: 0.5, Max: 1.7, Diff: 1.7, Sum: 23.6]
      [Update RS (ms): Min: 0.0, Avg: 0.5, Max: 0.9, Diff: 0.9, Sum: 21.5]
         [Processed Buffers: Min: 0, Avg: 2.1, Max: 9, Diff: 9, Sum: 89]
      [Scan RS (ms): Min: 0.0, Avg: 0.0, Max: 0.1, Diff: 0.1, Sum: 0.6]
      [Code Root Scanning (ms): Min: 0.0, Avg: 0.0, Max: 0.0, Diff: 0.0, Sum: 0.0]
      [Object Copy (ms): Min: 2.8, Avg: 3.1, Max: 3.2, Diff: 0.5, Sum: 132.9]
      [Termination (ms): Min: 0.0, Avg: 0.1, Max: 0.1, Diff: 0.1, Sum: 2.4]
         [Termination Attempts: Min: 1, Avg: 1.0, Max: 1, Diff: 0, Sum: 43]
      [GC Worker Other (ms): Min: 0.0, Avg: 0.1, Max: 0.3, Diff: 0.3, Sum: 3.9]
      [GC Worker Total (ms): Min: 3.1, Avg: 4.3, Max: 5.7, Diff: 2.6, Sum: 184.8]
      [GC Worker End (ms): Min: 245491175.1, Avg: 245491175.2, Max: 245491175.4, Diff: 0.3]
   [Code Root Fixup: 0.0 ms]
   [Code Root Purge: 0.0 ms]
   [Clear CT: 5.6 ms]
   [Other: 8.9 ms]
      [Choose CSet: 0.0 ms]
      [Ref Proc: 3.1 ms]
      [Ref Enq: 0.0 ms]
      [Redirty Cards: 5.2 ms]
      [Humongous Register: 0.1 ms]
      [Humongous Reclaim: 0.0 ms]
      [Free CSet: 0.1 ms]
   [Eden: 47104.0K(47104.0K)->0.0B(46080.0K) Survivors: 5120.0K->6144.0K Heap: 224.2M(1024.0M)->180.0M(1024.0M)]
 [Times: user=0.24 sys=0.00, real=0.02 secs] 
2023-06-16T12:35:39.497+0000: 246159.123: [GC pause (G1 Evacuation Pause) (young), 0.0189329 secs]
   [Parallel Time: 7.4 ms, GC Workers: 43]
      [GC Worker Start (ms): Min: 246159123.0, Avg: 246159124.3, Max: 246159125.4, Diff: 2.3]
      [Ext Root Scanning (ms): Min: 0.0, Avg: 0.6, Max: 1.7, Diff: 1.7, Sum: 24.0]
      [Update RS (ms): Min: 0.0, Avg: 0.5, Max: 0.9, Diff: 0.9, Sum: 21.1]
         [Processed Buffers: Min: 0, Avg: 2.0, Max: 10, Diff: 10, Sum: 88]
      [Scan RS (ms): Min: 0.0, Avg: 0.0, Max: 0.1, Diff: 0.1, Sum: 0.7]
      [Code Root Scanning (ms): Min: 0.0, Avg: 0.0, Max: 0.0, Diff: 0.0, Sum: 0.0]
      [Object Copy (ms): Min: 1.8, Avg: 2.2, Max: 2.4, Diff: 0.6, Sum: 93.4]
      [Termination (ms): Min: 0.0, Avg: 0.1, Max: 0.2, Diff: 0.2, Sum: 4.3]
         [Termination Attempts: Min: 1, Avg: 1.3, Max: 2, Diff: 1, Sum: 54]
      [GC Worker Other (ms): Min: 0.0, Avg: 0.1, Max: 0.3, Diff: 0.3, Sum: 4.0]
      [GC Worker Total (ms): Min: 2.3, Avg: 3.4, Max: 4.6, Diff: 2.3, Sum: 147.6]
      [GC Worker End (ms): Min: 246159127.7, Avg: 246159127.7, Max: 246159128.0, Diff: 0.3]
   [Code Root Fixup: 0.0 ms]
   [Code Root Purge: 0.0 ms]
   [Clear CT: 3.2 ms]
   [Other: 8.3 ms]
      [Choose CSet: 0.0 ms]
      [Ref Proc: 2.8 ms]
      [Ref Enq: 0.0 ms]
      [Redirty Cards: 5.0 ms]
      [Humongous Register: 0.1 ms]
      [Humongous Reclaim: 0.0 ms]
      [Free CSet: 0.1 ms]
   [Eden: 46080.0K(46080.0K)->0.0B(48128.0K) Survivors: 6144.0K->4096.0K Heap: 225.0M(1024.0M)->179.0M(1024.0M)]
 [Times: user=0.20 sys=0.00, real=0.02 secs] 
2023-06-16T12:47:17.591+0000: 246857.216: [GC pause (G1 Evacuation Pause) (young), 0.0260695 secs]
   [Parallel Time: 11.5 ms, GC Workers: 43]
      [GC Worker Start (ms): Min: 246857216.6, Avg: 246857218.0, Max: 246857219.2, Diff: 2.6]
      [Ext Root Scanning (ms): Min: 0.0, Avg: 0.5, Max: 2.3, Diff: 2.3, Sum: 23.0]
      [Update RS (ms): Min: 0.0, Avg: 0.8, Max: 2.2, Diff: 2.2, Sum: 35.7]
         [Processed Buffers: Min: 0, Avg: 2.0, Max: 11, Diff: 11, Sum: 88]
      [Scan RS (ms): Min: 0.0, Avg: 0.0, Max: 0.1, Diff: 0.1, Sum: 0.7]
      [Code Root Scanning (ms): Min: 0.0, Avg: 0.0, Max: 0.0, Diff: 0.0, Sum: 0.0]
      [Object Copy (ms): Min: 4.9, Avg: 6.1, Max: 6.3, Diff: 1.4, Sum: 260.8]
      [Termination (ms): Min: 0.0, Avg: 0.1, Max: 0.2, Diff: 0.1, Sum: 5.0]
         [Termination Attempts: Min: 1, Avg: 1.7, Max: 4, Diff: 3, Sum: 75]
      [GC Worker Other (ms): Min: 0.0, Avg: 0.1, Max: 0.3, Diff: 0.2, Sum: 4.0]
      [GC Worker Total (ms): Min: 6.4, Avg: 7.7, Max: 9.1, Diff: 2.6, Sum: 329.2]
      [GC Worker End (ms): Min: 246857225.6, Avg: 246857225.7, Max: 246857225.9, Diff: 0.3]
   [Code Root Fixup: 0.0 ms]
   [Code Root Purge: 0.0 ms]
   [Clear CT: 5.0 ms]
   [Other: 9.6 ms]
      [Choose CSet: 0.0 ms]
      [Ref Proc: 3.9 ms]
      [Ref Enq: 0.0 ms]
      [Redirty Cards: 5.1 ms]
      [Humongous Register: 0.1 ms]
      [Humongous Reclaim: 0.0 ms]
      [Free CSet: 0.1 ms]
   [Eden: 48128.0K(48128.0K)->0.0B(48128.0K) Survivors: 4096.0K->4096.0K Heap: 226.0M(1024.0M)->178.5M(1024.0M)]
 [Times: user=0.29 sys=0.09, real=0.02 secs] 
2023-06-16T12:58:30.215+0000: 247529.841: [GC pause (G1 Evacuation Pause) (young), 0.0227038 secs]
   [Parallel Time: 7.1 ms, GC Workers: 43]
      [GC Worker Start (ms): Min: 247529841.3, Avg: 247529842.7, Max: 247529843.9, Diff: 2.6]
      [Ext Root Scanning (ms): Min: 0.0, Avg: 0.5, Max: 1.8, Diff: 1.8, Sum: 23.1]
      [Update RS (ms): Min: 0.0, Avg: 0.2, Max: 0.5, Diff: 0.5, Sum: 9.4]
         [Processed Buffers: Min: 0, Avg: 2.1, Max: 8, Diff: 8, Sum: 89]
      [Scan RS (ms): Min: 0.0, Avg: 0.0, Max: 0.0, Diff: 0.0, Sum: 0.6]
      [Code Root Scanning (ms): Min: 0.0, Avg: 0.0, Max: 0.0, Diff: 0.0, Sum: 0.0]
      [Object Copy (ms): Min: 2.5, Avg: 2.9, Max: 3.1, Diff: 0.6, Sum: 125.8]
      [Termination (ms): Min: 0.0, Avg: 0.1, Max: 0.1, Diff: 0.1, Sum: 3.3]
         [Termination Attempts: Min: 1, Avg: 1.0, Max: 1, Diff: 0, Sum: 43]
      [GC Worker Other (ms): Min: 0.0, Avg: 0.1, Max: 0.4, Diff: 0.4, Sum: 5.7]
      [GC Worker Total (ms): Min: 2.6, Avg: 3.9, Max: 5.3, Diff: 2.6, Sum: 168.0]
      [GC Worker End (ms): Min: 247529846.5, Avg: 247529846.6, Max: 247529846.9, Diff: 0.4]
   [Code Root Fixup: 0.0 ms]
   [Code Root Purge: 0.0 ms]
   [Clear CT: 5.6 ms]
   [Other: 10.1 ms]
      [Choose CSet: 0.0 ms]
      [Ref Proc: 4.0 ms]
      [Ref Enq: 0.0 ms]
      [Redirty Cards: 5.4 ms]
      [Humongous Register: 0.1 ms]
      [Humongous Reclaim: 0.0 ms]
      [Free CSet: 0.1 ms]
   [Eden: 48128.0K(48128.0K)->0.0B(47104.0K) Survivors: 4096.0K->5120.0K Heap: 225.5M(1024.0M)->180.0M(1024.0M)]
 [Times: user=0.22 sys=0.00, real=0.02 secs] 
2023-06-16T13:08:57.591+0000: 248157.216: [GC pause (G1 Evacuation Pause) (young), 0.0310856 secs]
   [Parallel Time: 15.8 ms, GC Workers: 43]
      [GC Worker Start (ms): Min: 248157216.9, Avg: 248157218.3, Max: 248157219.5, Diff: 2.6]
      [Ext Root Scanning (ms): Min: 0.1, Avg: 1.5, Max: 13.1, Diff: 13.1, Sum: 63.8]
      [Update RS (ms): Min: 0.0, Avg: 0.5, Max: 1.3, Diff: 1.3, Sum: 22.6]
         [Processed Buffers: Min: 0, Avg: 2.3, Max: 9, Diff: 9, Sum: 100]
      [Scan RS (ms): Min: 0.0, Avg: 0.0, Max: 0.0, Diff: 0.0, Sum: 0.7]
      [Code Root Scanning (ms): Min: 0.0, Avg: 0.0, Max: 0.0, Diff: 0.0, Sum: 0.1]
      [Object Copy (ms): Min: 0.0, Avg: 3.9, Max: 4.2, Diff: 4.2, Sum: 168.1]
      [Termination (ms): Min: 0.0, Avg: 5.8, Max: 6.2, Diff: 6.2, Sum: 250.1]
         [Termination Attempts: Min: 1, Avg: 1.8, Max: 4, Diff: 3, Sum: 79]
      [GC Worker Other (ms): Min: 0.0, Avg: 0.0, Max: 0.4, Diff: 0.3, Sum: 1.6]
      [GC Worker Total (ms): Min: 10.6, Avg: 11.8, Max: 13.2, Diff: 2.6, Sum: 506.9]
      [GC Worker End (ms): Min: 248157230.0, Avg: 248157230.1, Max: 248157230.2, Diff: 0.2]
   [Code Root Fixup: 0.0 ms]
   [Code Root Purge: 0.0 ms]
   [Clear CT: 6.1 ms]
   [Other: 9.1 ms]
      [Choose CSet: 0.0 ms]
      [Ref Proc: 2.7 ms]
      [Ref Enq: 0.0 ms]
      [Redirty Cards: 5.4 ms]
      [Humongous Register: 0.3 ms]
      [Humongous Reclaim: 0.0 ms]
      [Free CSet: 0.2 ms]
   [Eden: 47104.0K(47104.0K)->0.0B(48128.0K) Survivors: 5120.0K->4096.0K Heap: 226.0M(1024.0M)->178.9M(1024.0M)]
 [Times: user=0.55 sys=0.00, real=0.03 secs] 
2023-06-16T13:17:09.433+0000: 248649.059: [GC pause (G1 Evacuation Pause) (young), 0.0350326 secs]
   [Parallel Time: 15.5 ms, GC Workers: 43]
      [GC Worker Start (ms): Min: 248649061.0, Avg: 248649062.9, Max: 248649064.6, Diff: 3.6]
      [Ext Root Scanning (ms): Min: 0.0, Avg: 0.4, Max: 2.6, Diff: 2.6, Sum: 19.3]
      [Update RS (ms): Min: 0.0, Avg: 0.4, Max: 0.9, Diff: 0.9, Sum: 15.1]
         [Processed Buffers: Min: 0, Avg: 2.1, Max: 7, Diff: 7, Sum: 91]
      [Scan RS (ms): Min: 0.0, Avg: 0.0, Max: 0.1, Diff: 0.1, Sum: 0.8]
      [Code Root Scanning (ms): Min: 0.0, Avg: 0.0, Max: 0.0, Diff: 0.0, Sum: 0.0]
      [Object Copy (ms): Min: 8.5, Avg: 9.6, Max: 10.3, Diff: 1.7, Sum: 412.9]
      [Termination (ms): Min: 0.2, Avg: 0.6, Max: 1.0, Diff: 0.8, Sum: 24.4]
         [Termination Attempts: Min: 9, Avg: 14.7, Max: 19, Diff: 10, Sum: 631]
      [GC Worker Other (ms): Min: 0.0, Avg: 0.1, Max: 0.3, Diff: 0.3, Sum: 4.4]
      [GC Worker Total (ms): Min: 9.4, Avg: 11.1, Max: 13.0, Diff: 3.6, Sum: 477.0]
      [GC Worker End (ms): Min: 248649074.0, Avg: 248649074.0, Max: 248649074.2, Diff: 0.3]
   [Code Root Fixup: 0.0 ms]
   [Code Root Purge: 0.0 ms]
   [Clear CT: 5.6 ms]
   [Other: 13.9 ms]
      [Choose CSet: 0.0 ms]
      [Ref Proc: 5.6 ms]
      [Ref Enq: 0.0 ms]
      [Redirty Cards: 5.4 ms]
      [Humongous Register: 1.8 ms]
      [Humongous Reclaim: 0.0 ms]
      [Free CSet: 0.1 ms]
   [Eden: 48128.0K(48128.0K)->0.0B(45056.0K) Survivors: 4096.0K->7168.0K Heap: 225.9M(1024.0M)->182.3M(1024.0M)]
 [Times: user=0.54 sys=0.00, real=0.03 secs] 
2023-06-16T13:24:32.576+0000: 249092.202: [GC pause (G1 Evacuation Pause) (young), 0.0354391 secs]
   [Parallel Time: 19.4 ms, GC Workers: 43]
      [GC Worker Start (ms): Min: 249092201.9, Avg: 249092203.3, Max: 249092204.5, Diff: 2.6]
      [Ext Root Scanning (ms): Min: 0.0, Avg: 0.5, Max: 1.8, Diff: 1.8, Sum: 23.0]
      [Update RS (ms): Min: 0.0, Avg: 0.4, Max: 0.9, Diff: 0.9, Sum: 15.3]
         [Processed Buffers: Min: 0, Avg: 2.1, Max: 8, Diff: 8, Sum: 91]
      [Scan RS (ms): Min: 0.0, Avg: 0.0, Max: 0.1, Diff: 0.0, Sum: 0.7]
      [Code Root Scanning (ms): Min: 0.0, Avg: 0.0, Max: 0.0, Diff: 0.0, Sum: 0.0]
      [Object Copy (ms): Min: 15.6, Avg: 16.0, Max: 16.2, Diff: 0.6, Sum: 686.7]
      [Termination (ms): Min: 0.2, Avg: 0.4, Max: 0.6, Diff: 0.5, Sum: 15.9]
         [Termination Attempts: Min: 5, Avg: 12.8, Max: 22, Diff: 17, Sum: 551]
      [GC Worker Other (ms): Min: 0.0, Avg: 0.2, Max: 0.5, Diff: 0.4, Sum: 7.7]
      [GC Worker Total (ms): Min: 16.2, Avg: 17.4, Max: 19.0, Diff: 2.8, Sum: 749.2]
      [GC Worker End (ms): Min: 249092220.6, Avg: 249092220.7, Max: 249092221.0, Diff: 0.4]
   [Code Root Fixup: 0.0 ms]
   [Code Root Purge: 0.0 ms]
   [Clear CT: 7.1 ms]
   [Other: 9.0 ms]
      [Choose CSet: 0.0 ms]
      [Ref Proc: 3.1 ms]
      [Ref Enq: 0.0 ms]
      [Redirty Cards: 5.3 ms]
      [Humongous Register: 0.1 ms]
      [Humongous Reclaim: 0.0 ms]
      [Free CSet: 0.1 ms]
   [Eden: 45056.0K(45056.0K)->0.0B(45056.0K) Survivors: 7168.0K->7168.0K Heap: 226.3M(1024.0M)->186.1M(1024.0M)]
 [Times: user=0.73 sys=0.00, real=0.04 secs] 
2023-06-16T13:32:11.473+0000: 249551.099: [GC pause (G1 Evacuation Pause) (young), 0.0240804 secs]
   [Parallel Time: 10.4 ms, GC Workers: 43]
      [GC Worker Start (ms): Min: 249551099.3, Avg: 249551100.7, Max: 249551101.9, Diff: 2.6]
      [Ext Root Scanning (ms): Min: 0.0, Avg: 0.5, Max: 1.9, Diff: 1.9, Sum: 22.8]
      [Update RS (ms): Min: 0.2, Avg: 1.1, Max: 2.0, Diff: 1.8, Sum: 46.6]
         [Processed Buffers: Min: 1, Avg: 2.1, Max: 11, Diff: 10, Sum: 90]
      [Scan RS (ms): Min: 0.0, Avg: 0.0, Max: 0.1, Diff: 0.1, Sum: 0.7]
      [Code Root Scanning (ms): Min: 0.0, Avg: 0.0, Max: 0.0, Diff: 0.0, Sum: 0.0]
      [Object Copy (ms): Min: 4.9, Avg: 5.6, Max: 5.9, Diff: 1.0, Sum: 241.8]
      [Termination (ms): Min: 0.0, Avg: 0.1, Max: 0.1, Diff: 0.1, Sum: 3.4]
         [Termination Attempts: Min: 1, Avg: 1.2, Max: 2, Diff: 1, Sum: 51]
      [GC Worker Other (ms): Min: 0.0, Avg: 0.1, Max: 0.3, Diff: 0.2, Sum: 3.9]
      [GC Worker Total (ms): Min: 6.2, Avg: 7.4, Max: 8.8, Diff: 2.6, Sum: 319.2]
      [GC Worker End (ms): Min: 249551108.1, Avg: 249551108.1, Max: 249551108.3, Diff: 0.3]
   [Code Root Fixup: 0.0 ms]
   [Code Root Purge: 0.0 ms]
   [Clear CT: 4.9 ms]
   [Other: 8.7 ms]
      [Choose CSet: 0.0 ms]
      [Ref Proc: 2.9 ms]
      [Ref Enq: 0.0 ms]
      [Redirty Cards: 5.3 ms]
      [Humongous Register: 0.1 ms]
      [Humongous Reclaim: 0.0 ms]
      [Free CSet: 0.1 ms]
   [Eden: 45056.0K(45056.0K)->0.0B(45056.0K) Survivors: 7168.0K->7168.0K Heap: 230.1M(1024.0M)->190.3M(1024.0M)]
 [Times: user=0.34 sys=0.00, real=0.02 secs] 
2023-06-16T14:21:02.591+0000: 252482.217: [GC pause (G1 Evacuation Pause) (young), 0.0284760 secs]
   [Parallel Time: 10.4 ms, GC Workers: 43]
      [GC Worker Start (ms): Min: 252482217.2, Avg: 252482218.7, Max: 252482219.9, Diff: 2.7]
      [Ext Root Scanning (ms): Min: 0.0, Avg: 1.3, Max: 8.0, Diff: 7.9, Sum: 55.1]
      [Update RS (ms): Min: 0.0, Avg: 1.5, Max: 2.0, Diff: 2.0, Sum: 65.1]
         [Processed Buffers: Min: 0, Avg: 2.2, Max: 13, Diff: 13, Sum: 93]
      [Scan RS (ms): Min: 0.0, Avg: 0.0, Max: 0.1, Diff: 0.1, Sum: 0.5]
      [Code Root Scanning (ms): Min: 0.0, Avg: 0.0, Max: 0.0, Diff: 0.0, Sum: 0.0]
      [Object Copy (ms): Min: 0.6, Avg: 4.2, Max: 4.9, Diff: 4.4, Sum: 179.4]
      [Termination (ms): Min: 0.0, Avg: 0.1, Max: 0.3, Diff: 0.2, Sum: 6.3]
         [Termination Attempts: Min: 1, Avg: 1.8, Max: 3, Diff: 2, Sum: 79]
      [GC Worker Other (ms): Min: 0.0, Avg: 0.1, Max: 0.3, Diff: 0.3, Sum: 4.5]
      [GC Worker Total (ms): Min: 5.9, Avg: 7.2, Max: 8.6, Diff: 2.7, Sum: 311.0]
      [GC Worker End (ms): Min: 252482225.8, Avg: 252482225.9, Max: 252482226.1, Diff: 0.3]
   [Code Root Fixup: 0.0 ms]
   [Code Root Purge: 0.0 ms]
   [Clear CT: 6.9 ms]
   [Other: 11.2 ms]
      [Choose CSet: 0.0 ms]
      [Ref Proc: 4.5 ms]
      [Ref Enq: 0.0 ms]
      [Redirty Cards: 5.4 ms]
      [Humongous Register: 0.3 ms]
      [Humongous Reclaim: 0.0 ms]
      [Free CSet: 0.4 ms]
   [Eden: 45056.0K(45056.0K)->0.0B(49152.0K) Survivors: 7168.0K->3072.0K Heap: 234.3M(1024.0M)->190.5M(1024.0M)]
 [Times: user=0.22 sys=0.14, real=0.02 secs] 
2023-06-16T15:17:07.591+0000: 255847.217: [GC pause (G1 Evacuation Pause) (young), 0.0282380 secs]
   [Parallel Time: 10.6 ms, GC Workers: 43]
      [GC Worker Start (ms): Min: 255847218.9, Avg: 255847221.0, Max: 255847223.6, Diff: 4.7]
      [Ext Root Scanning (ms): Min: 0.0, Avg: 0.5, Max: 2.6, Diff: 2.6, Sum: 21.7]
      [Update RS (ms): Min: 0.0, Avg: 1.8, Max: 3.0, Diff: 3.0, Sum: 78.2]
         [Processed Buffers: Min: 0, Avg: 2.2, Max: 10, Diff: 10, Sum: 94]
      [Scan RS (ms): Min: 0.0, Avg: 0.0, Max: 0.1, Diff: 0.1, Sum: 0.6]
      [Code Root Scanning (ms): Min: 0.0, Avg: 0.0, Max: 0.0, Diff: 0.0, Sum: 0.0]
      [Object Copy (ms): Min: 1.6, Avg: 2.7, Max: 3.3, Diff: 1.7, Sum: 116.3]
      [Termination (ms): Min: 0.2, Avg: 0.5, Max: 1.2, Diff: 1.0, Sum: 19.7]
         [Termination Attempts: Min: 4, Avg: 7.4, Max: 10, Diff: 6, Sum: 317]
      [GC Worker Other (ms): Min: 0.0, Avg: 0.1, Max: 0.3, Diff: 0.2, Sum: 3.9]
      [GC Worker Total (ms): Min: 3.0, Avg: 5.6, Max: 7.7, Diff: 4.7, Sum: 240.4]
      [GC Worker End (ms): Min: 255847226.5, Avg: 255847226.6, Max: 255847226.7, Diff: 0.2]
   [Code Root Fixup: 0.0 ms]
   [Code Root Purge: 0.0 ms]
   [Clear CT: 5.3 ms]
   [Other: 12.3 ms]
      [Choose CSet: 0.0 ms]
      [Ref Proc: 4.5 ms]
      [Ref Enq: 0.0 ms]
      [Redirty Cards: 5.2 ms]
      [Humongous Register: 1.9 ms]
      [Humongous Reclaim: 0.0 ms]
      [Free CSet: 0.2 ms]
   [Eden: 49152.0K(49152.0K)->0.0B(51200.0K) Survivors: 3072.0K->1024.0K Heap: 238.5M(1024.0M)->189.0M(1024.0M)]
 [Times: user=0.30 sys=0.00, real=0.02 secs] 
2023-06-16T16:15:36.364+0000: 259355.990: [GC pause (G1 Evacuation Pause) (young), 0.0366060 secs]
   [Parallel Time: 19.7 ms, GC Workers: 43]
      [GC Worker Start (ms): Min: 259355992.4, Avg: 259355994.5, Max: 259355996.5, Diff: 4.2]
      [Ext Root Scanning (ms): Min: 0.0, Avg: 1.3, Max: 16.3, Diff: 16.3, Sum: 54.7]
      [Update RS (ms): Min: 0.0, Avg: 0.5, Max: 1.1, Diff: 1.1, Sum: 20.7]
         [Processed Buffers: Min: 0, Avg: 1.9, Max: 6, Diff: 6, Sum: 83]
      [Scan RS (ms): Min: 0.0, Avg: 0.0, Max: 0.1, Diff: 0.1, Sum: 0.5]
      [Code Root Scanning (ms): Min: 0.0, Avg: 0.0, Max: 0.0, Diff: 0.0, Sum: 0.0]
      [Object Copy (ms): Min: 0.0, Avg: 2.7, Max: 3.1, Diff: 3.1, Sum: 116.6]
      [Termination (ms): Min: 0.0, Avg: 9.8, Max: 10.5, Diff: 10.5, Sum: 422.7]
         [Termination Attempts: Min: 1, Avg: 8.5, Max: 14, Diff: 13, Sum: 367]
      [GC Worker Other (ms): Min: 0.0, Avg: 0.0, Max: 0.1, Diff: 0.1, Sum: 2.1]
      [GC Worker Total (ms): Min: 12.3, Avg: 14.4, Max: 16.4, Diff: 4.0, Sum: 617.3]
      [GC Worker End (ms): Min: 259356008.8, Avg: 259356008.9, Max: 259356009.0, Diff: 0.2]
   [Code Root Fixup: 0.0 ms]
   [Code Root Purge: 0.0 ms]
   [Clear CT: 5.0 ms]
   [Other: 11.9 ms]
      [Choose CSet: 0.0 ms]
      [Ref Proc: 3.6 ms]
      [Ref Enq: 0.0 ms]
      [Redirty Cards: 5.2 ms]
      [Humongous Register: 2.1 ms]
      [Humongous Reclaim: 0.0 ms]
      [Free CSet: 0.2 ms]
   [Eden: 51200.0K(51200.0K)->0.0B(51200.0K) Survivors: 1024.0K->1024.0K Heap: 239.0M(1024.0M)->188.7M(1024.0M)]
 [Times: user=0.68 sys=0.00, real=0.04 secs] 
2023-06-16T17:14:03.410+0000: 262863.036: [GC pause (G1 Evacuation Pause) (young), 0.0291118 secs]
   [Parallel Time: 9.8 ms, GC Workers: 43]
      [GC Worker Start (ms): Min: 262863038.3, Avg: 262863040.4, Max: 262863042.4, Diff: 4.1]
      [Ext Root Scanning (ms): Min: 0.0, Avg: 1.0, Max: 7.9, Diff: 7.9, Sum: 40.9]
      [Update RS (ms): Min: 0.0, Avg: 0.4, Max: 1.1, Diff: 1.1, Sum: 17.4]
         [Processed Buffers: Min: 0, Avg: 2.0, Max: 5, Diff: 5, Sum: 84]
      [Scan RS (ms): Min: 0.0, Avg: 0.0, Max: 0.1, Diff: 0.1, Sum: 0.6]
      [Code Root Scanning (ms): Min: 0.0, Avg: 0.0, Max: 0.0, Diff: 0.0, Sum: 0.0]
      [Object Copy (ms): Min: 0.0, Avg: 1.7, Max: 2.0, Diff: 2.0, Sum: 71.6]
      [Termination (ms): Min: 0.0, Avg: 2.9, Max: 3.2, Diff: 3.2, Sum: 126.5]
         [Termination Attempts: Min: 1, Avg: 3.1, Max: 6, Diff: 5, Sum: 133]
      [GC Worker Other (ms): Min: 0.0, Avg: 0.1, Max: 0.1, Diff: 0.1, Sum: 2.3]
      [GC Worker Total (ms): Min: 4.0, Avg: 6.0, Max: 8.0, Diff: 4.0, Sum: 259.2]
      [GC Worker End (ms): Min: 262863046.3, Avg: 262863046.4, Max: 262863046.5, Diff: 0.2]
   [Code Root Fixup: 0.0 ms]
   [Code Root Purge: 0.0 ms]
   [Clear CT: 5.3 ms]
   [Other: 14.0 ms]
      [Choose CSet: 0.0 ms]
      [Ref Proc: 5.6 ms]
      [Ref Enq: 0.0 ms]
      [Redirty Cards: 5.3 ms]
      [Humongous Register: 2.0 ms]
      [Humongous Reclaim: 0.0 ms]
      [Free CSet: 0.2 ms]
   [Eden: 51200.0K(51200.0K)->0.0B(51200.0K) Survivors: 1024.0K->1024.0K Heap: 238.7M(1024.0M)->188.7M(1024.0M)]
 [Times: user=0.32 sys=0.00, real=0.02 secs] 
2023-06-16T18:12:38.590+0000: 266378.216: [GC pause (G1 Evacuation Pause) (young), 0.0297868 secs]
   [Parallel Time: 11.8 ms, GC Workers: 43]
      [GC Worker Start (ms): Min: 266378218.3, Avg: 266378220.3, Max: 266378222.2, Diff: 3.9]
      [Ext Root Scanning (ms): Min: 0.0, Avg: 1.0, Max: 8.3, Diff: 8.3, Sum: 43.8]
      [Update RS (ms): Min: 0.0, Avg: 0.5, Max: 1.2, Diff: 1.2, Sum: 22.8]
         [Processed Buffers: Min: 0, Avg: 1.9, Max: 7, Diff: 7, Sum: 80]
      [Scan RS (ms): Min: 0.0, Avg: 0.0, Max: 0.1, Diff: 0.0, Sum: 0.6]
      [Code Root Scanning (ms): Min: 0.0, Avg: 0.0, Max: 0.0, Diff: 0.0, Sum: 0.0]
      [Object Copy (ms): Min: 0.0, Avg: 2.1, Max: 2.5, Diff: 2.5, Sum: 89.9]
      [Termination (ms): Min: 0.0, Avg: 2.7, Max: 3.1, Diff: 3.1, Sum: 115.2]
         [Termination Attempts: Min: 1, Avg: 5.1, Max: 8, Diff: 7, Sum: 219]
      [GC Worker Other (ms): Min: 0.0, Avg: 0.1, Max: 0.3, Diff: 0.2, Sum: 3.1]
      [GC Worker Total (ms): Min: 4.5, Avg: 6.4, Max: 8.4, Diff: 3.8, Sum: 275.5]
      [GC Worker End (ms): Min: 266378226.6, Avg: 266378226.7, Max: 266378226.8, Diff: 0.2]
   [Code Root Fixup: 0.0 ms]
   [Code Root Purge: 0.0 ms]
   [Clear CT: 5.4 ms]
   [Other: 12.6 ms]
      [Choose CSet: 0.0 ms]
      [Ref Proc: 4.1 ms]
      [Ref Enq: 0.0 ms]
      [Redirty Cards: 5.4 ms]
      [Humongous Register: 2.1 ms]
      [Humongous Reclaim: 0.0 ms]
      [Free CSet: 0.2 ms]
   [Eden: 51200.0K(51200.0K)->0.0B(51200.0K) Survivors: 1024.0K->1024.0K Heap: 238.7M(1024.0M)->188.7M(1024.0M)]
 [Times: user=0.32 sys=0.00, real=0.02 secs] 
2023-06-16T19:11:21.713+0000: 269901.338: [GC pause (G1 Evacuation Pause) (young), 0.0285524 secs]
   [Parallel Time: 10.5 ms, GC Workers: 43]
      [GC Worker Start (ms): Min: 269901340.9, Avg: 269901342.9, Max: 269901344.7, Diff: 3.8]
      [Ext Root Scanning (ms): Min: 0.0, Avg: 1.0, Max: 8.8, Diff: 8.8, Sum: 42.3]
      [Update RS (ms): Min: 0.0, Avg: 0.4, Max: 1.1, Diff: 1.1, Sum: 19.3]
         [Processed Buffers: Min: 0, Avg: 1.9, Max: 6, Diff: 6, Sum: 83]
      [Scan RS (ms): Min: 0.0, Avg: 0.0, Max: 0.1, Diff: 0.1, Sum: 0.6]
      [Code Root Scanning (ms): Min: 0.0, Avg: 0.0, Max: 0.0, Diff: 0.0, Sum: 0.0]
      [Object Copy (ms): Min: 0.0, Avg: 3.4, Max: 4.1, Diff: 4.1, Sum: 147.1]
      [Termination (ms): Min: 0.0, Avg: 2.1, Max: 2.9, Diff: 2.9, Sum: 89.0]
         [Termination Attempts: Min: 1, Avg: 13.4, Max: 21, Diff: 20, Sum: 577]
      [GC Worker Other (ms): Min: 0.0, Avg: 0.1, Max: 0.1, Diff: 0.1, Sum: 2.3]
      [GC Worker Total (ms): Min: 5.1, Avg: 7.0, Max: 8.9, Diff: 3.8, Sum: 300.6]
      [GC Worker End (ms): Min: 269901349.8, Avg: 269901349.9, Max: 269901350.0, Diff: 0.2]
   [Code Root Fixup: 0.0 ms]
   [Code Root Purge: 0.0 ms]
   [Clear CT: 5.2 ms]
   [Other: 12.8 ms]
      [Choose CSet: 0.0 ms]
      [Ref Proc: 4.5 ms]
      [Ref Enq: 0.0 ms]
      [Redirty Cards: 5.3 ms]
      [Humongous Register: 2.1 ms]
      [Humongous Reclaim: 0.0 ms]
      [Free CSet: 0.2 ms]
   [Eden: 51200.0K(51200.0K)->0.0B(51200.0K) Survivors: 1024.0K->1024.0K Heap: 238.7M(1024.0M)->188.7M(1024.0M)]
 [Times: user=0.33 sys=0.02, real=0.03 secs] 
2023-06-16T20:09:57.225+0000: 273416.850: [GC pause (G1 Evacuation Pause) (young), 0.0262765 secs]
   [Parallel Time: 8.5 ms, GC Workers: 43]
      [GC Worker Start (ms): Min: 273416853.1, Avg: 273416855.5, Max: 273416859.9, Diff: 6.8]
      [Ext Root Scanning (ms): Min: 0.0, Avg: 1.0, Max: 7.6, Diff: 7.6, Sum: 43.6]
      [Update RS (ms): Min: 0.0, Avg: 0.5, Max: 1.1, Diff: 1.1, Sum: 20.8]
         [Processed Buffers: Min: 0, Avg: 1.9, Max: 7, Diff: 7, Sum: 83]
      [Scan RS (ms): Min: 0.0, Avg: 0.0, Max: 0.1, Diff: 0.0, Sum: 0.5]
      [Code Root Scanning (ms): Min: 0.0, Avg: 0.0, Max: 0.0, Diff: 0.0, Sum: 0.0]
      [Object Copy (ms): Min: 0.0, Avg: 1.9, Max: 3.0, Diff: 3.0, Sum: 79.8]
      [Termination (ms): Min: 0.0, Avg: 1.9, Max: 2.4, Diff: 2.4, Sum: 81.1]
         [Termination Attempts: Min: 1, Avg: 5.8, Max: 10, Diff: 9, Sum: 248]
      [GC Worker Other (ms): Min: 0.0, Avg: 0.0, Max: 0.2, Diff: 0.2, Sum: 2.0]
      [GC Worker Total (ms): Min: 0.9, Avg: 5.3, Max: 7.6, Diff: 6.8, Sum: 227.9]
      [GC Worker End (ms): Min: 273416860.7, Avg: 273416860.8, Max: 273416860.9, Diff: 0.2]
   [Code Root Fixup: 0.0 ms]
   [Code Root Purge: 0.0 ms]
   [Clear CT: 5.0 ms]
   [Other: 12.7 ms]
      [Choose CSet: 0.0 ms]
      [Ref Proc: 4.0 ms]
      [Ref Enq: 0.1 ms]
      [Redirty Cards: 5.0 ms]
      [Humongous Register: 2.1 ms]
      [Humongous Reclaim: 0.0 ms]
      [Free CSet: 0.4 ms]
   [Eden: 51200.0K(51200.0K)->0.0B(51200.0K) Survivors: 1024.0K->1024.0K Heap: 238.7M(1024.0M)->188.7M(1024.0M)]
 [Times: user=0.30 sys=0.00, real=0.03 secs] 
2023-06-16T21:08:21.380+0000: 276921.006: [GC pause (G1 Evacuation Pause) (young), 0.0277336 secs]
   [Parallel Time: 8.8 ms, GC Workers: 43]
      [GC Worker Start (ms): Min: 276921008.4, Avg: 276921010.5, Max: 276921012.1, Diff: 3.8]
      [Ext Root Scanning (ms): Min: 0.0, Avg: 1.2, Max: 7.3, Diff: 7.3, Sum: 51.3]
      [Update RS (ms): Min: 0.0, Avg: 0.6, Max: 3.7, Diff: 3.7, Sum: 25.1]
         [Processed Buffers: Min: 0, Avg: 1.9, Max: 5, Diff: 5, Sum: 82]
      [Scan RS (ms): Min: 0.0, Avg: 0.0, Max: 0.1, Diff: 0.1, Sum: 0.6]
      [Code Root Scanning (ms): Min: 0.0, Avg: 0.0, Max: 0.0, Diff: 0.0, Sum: 0.0]
      [Object Copy (ms): Min: 0.0, Avg: 2.0, Max: 2.4, Diff: 2.4, Sum: 85.5]
      [Termination (ms): Min: 0.0, Avg: 1.5, Max: 2.1, Diff: 2.1, Sum: 62.5]
         [Termination Attempts: Min: 1, Avg: 6.4, Max: 10, Diff: 9, Sum: 276]
      [GC Worker Other (ms): Min: 0.0, Avg: 0.0, Max: 0.1, Diff: 0.1, Sum: 2.1]
      [GC Worker Total (ms): Min: 3.6, Avg: 5.3, Max: 7.3, Diff: 3.7, Sum: 227.2]
      [GC Worker End (ms): Min: 276921015.7, Avg: 276921015.8, Max: 276921015.9, Diff: 0.2]
   [Code Root Fixup: 0.0 ms]
   [Code Root Purge: 0.0 ms]
   [Clear CT: 5.8 ms]
   [Other: 13.1 ms]
      [Choose CSet: 0.0 ms]
      [Ref Proc: 5.2 ms]
      [Ref Enq: 0.0 ms]
      [Redirty Cards: 4.9 ms]
      [Humongous Register: 2.1 ms]
      [Humongous Reclaim: 0.0 ms]
      [Free CSet: 0.2 ms]
   [Eden: 51200.0K(51200.0K)->0.0B(51200.0K) Survivors: 1024.0K->1024.0K Heap: 238.7M(1024.0M)->188.7M(1024.0M)]
 [Times: user=0.29 sys=0.01, real=0.03 secs] 
2023-06-16T22:06:41.813+0000: 280421.438: [GC pause (G1 Evacuation Pause) (young), 0.0308755 secs]
   [Parallel Time: 12.3 ms, GC Workers: 43]
      [GC Worker Start (ms): Min: 280421440.7, Avg: 280421443.2, Max: 280421450.7, Diff: 9.9]
      [Ext Root Scanning (ms): Min: 0.0, Avg: 1.1, Max: 9.1, Diff: 9.1, Sum: 47.8]
      [Update RS (ms): Min: 0.0, Avg: 0.5, Max: 0.9, Diff: 0.9, Sum: 22.7]
         [Processed Buffers: Min: 0, Avg: 1.9, Max: 7, Diff: 7, Sum: 82]
      [Scan RS (ms): Min: 0.0, Avg: 0.0, Max: 0.1, Diff: 0.0, Sum: 0.5]
      [Code Root Scanning (ms): Min: 0.0, Avg: 0.0, Max: 0.0, Diff: 0.0, Sum: 0.0]
      [Object Copy (ms): Min: 0.0, Avg: 3.9, Max: 4.8, Diff: 4.8, Sum: 167.7]
      [Termination (ms): Min: 0.0, Avg: 2.1, Max: 2.9, Diff: 2.9, Sum: 89.9]
         [Termination Attempts: Min: 1, Avg: 17.1, Max: 24, Diff: 23, Sum: 735]
      [GC Worker Other (ms): Min: 0.0, Avg: 0.0, Max: 0.1, Diff: 0.1, Sum: 2.1]
      [GC Worker Total (ms): Min: 0.1, Avg: 7.7, Max: 10.0, Diff: 9.9, Sum: 330.8]
      [GC Worker End (ms): Min: 280421450.7, Avg: 280421450.9, Max: 280421450.9, Diff: 0.2]
   [Code Root Fixup: 0.0 ms]
   [Code Root Purge: 0.0 ms]
   [Clear CT: 5.4 ms]
   [Other: 13.2 ms]
      [Choose CSet: 0.0 ms]
      [Ref Proc: 5.1 ms]
      [Ref Enq: 0.0 ms]
      [Redirty Cards: 5.1 ms]
      [Humongous Register: 2.1 ms]
      [Humongous Reclaim: 0.0 ms]
      [Free CSet: 0.2 ms]
   [Eden: 51200.0K(51200.0K)->0.0B(51200.0K) Survivors: 1024.0K->1024.0K Heap: 238.7M(1024.0M)->188.7M(1024.0M)]
 [Times: user=0.41 sys=0.00, real=0.03 secs] 
2023-06-16T23:05:03.386+0000: 283923.011: [GC pause (G1 Evacuation Pause) (young), 0.0269896 secs]
   [Parallel Time: 8.8 ms, GC Workers: 43]
      [GC Worker Start (ms): Min: 283923013.9, Avg: 283923015.9, Max: 283923019.2, Diff: 5.3]
      [Ext Root Scanning (ms): Min: 0.0, Avg: 1.1, Max: 7.2, Diff: 7.2, Sum: 47.7]
      [Update RS (ms): Min: 0.0, Avg: 0.3, Max: 0.8, Diff: 0.8, Sum: 14.7]
         [Processed Buffers: Min: 0, Avg: 1.9, Max: 6, Diff: 6, Sum: 83]
      [Scan RS (ms): Min: 0.0, Avg: 0.0, Max: 0.1, Diff: 0.1, Sum: 0.6]
      [Code Root Scanning (ms): Min: 0.0, Avg: 0.0, Max: 0.0, Diff: 0.0, Sum: 0.0]
      [Object Copy (ms): Min: 0.0, Avg: 1.0, Max: 1.3, Diff: 1.3, Sum: 43.4]
      [Termination (ms): Min: 0.0, Avg: 2.8, Max: 3.0, Diff: 3.0, Sum: 120.1]
         [Termination Attempts: Min: 1, Avg: 1.8, Max: 3, Diff: 2, Sum: 78]
      [GC Worker Other (ms): Min: 0.0, Avg: 0.1, Max: 0.2, Diff: 0.2, Sum: 2.4]
      [GC Worker Total (ms): Min: 2.1, Avg: 5.3, Max: 7.3, Diff: 5.2, Sum: 229.0]
      [GC Worker End (ms): Min: 283923021.2, Avg: 283923021.3, Max: 283923021.4, Diff: 0.2]
   [Code Root Fixup: 0.0 ms]
   [Code Root Purge: 0.0 ms]
   [Clear CT: 5.1 ms]
   [Other: 13.0 ms]
      [Choose CSet: 0.0 ms]
      [Ref Proc: 5.3 ms]
      [Ref Enq: 0.0 ms]
      [Redirty Cards: 4.8 ms]
      [Humongous Register: 2.1 ms]
      [Humongous Reclaim: 0.0 ms]
      [Free CSet: 0.2 ms]
   [Eden: 51200.0K(51200.0K)->0.0B(51200.0K) Survivors: 1024.0K->1024.0K Heap: 238.7M(1024.0M)->188.7M(1024.0M)]
 [Times: user=0.26 sys=0.05, real=0.03 secs] 
2023-06-17T00:03:27.591+0000: 287427.217: [GC pause (G1 Evacuation Pause) (young), 0.0339076 secs]
   [Parallel Time: 14.2 ms, GC Workers: 43]
      [GC Worker Start (ms): Min: 287427219.4, Avg: 287427221.8, Max: 287427230.7, Diff: 11.3]
      [Ext Root Scanning (ms): Min: 0.0, Avg: 0.8, Max: 8.2, Diff: 8.2, Sum: 34.5]
      [Update RS (ms): Min: 0.0, Avg: 0.4, Max: 0.9, Diff: 0.9, Sum: 17.4]
         [Processed Buffers: Min: 0, Avg: 2.0, Max: 8, Diff: 8, Sum: 85]
      [Scan RS (ms): Min: 0.0, Avg: 0.0, Max: 0.1, Diff: 0.1, Sum: 0.5]
      [Code Root Scanning (ms): Min: 0.0, Avg: 0.0, Max: 0.0, Diff: 0.0, Sum: 0.0]
      [Object Copy (ms): Min: 0.0, Avg: 2.9, Max: 3.9, Diff: 3.9, Sum: 125.9]
      [Termination (ms): Min: 0.0, Avg: 4.8, Max: 6.0, Diff: 6.0, Sum: 208.3]
         [Termination Attempts: Min: 1, Avg: 14.1, Max: 21, Diff: 20, Sum: 608]
      [GC Worker Other (ms): Min: 0.0, Avg: 0.0, Max: 0.1, Diff: 0.1, Sum: 2.0]
      [GC Worker Total (ms): Min: 0.1, Avg: 9.0, Max: 11.5, Diff: 11.4, Sum: 388.7]
      [GC Worker End (ms): Min: 287427230.7, Avg: 287427230.8, Max: 287427230.9, Diff: 0.2]
   [Code Root Fixup: 0.0 ms]
   [Code Root Purge: 0.0 ms]
   [Clear CT: 6.5 ms]
   [Other: 13.2 ms]
      [Choose CSet: 0.0 ms]
      [Ref Proc: 4.8 ms]
      [Ref Enq: 0.0 ms]
      [Redirty Cards: 5.3 ms]
      [Humongous Register: 2.1 ms]
      [Humongous Reclaim: 0.0 ms]
      [Free CSet: 0.2 ms]
   [Eden: 51200.0K(51200.0K)->0.0B(51200.0K) Survivors: 1024.0K->1024.0K Heap: 238.7M(1024.0M)->188.8M(1024.0M)]
 [Times: user=0.44 sys=0.00, real=0.03 secs] 
2023-06-17T01:01:52.591+0000: 290932.217: [GC pause (G1 Evacuation Pause) (young), 0.0269849 secs]
   [Parallel Time: 9.3 ms, GC Workers: 43]
      [GC Worker Start (ms): Min: 290932219.5, Avg: 290932221.6, Max: 290932223.4, Diff: 3.9]
      [Ext Root Scanning (ms): Min: 0.0, Avg: 1.1, Max: 7.5, Diff: 7.5, Sum: 48.0]
      [Update RS (ms): Min: 0.0, Avg: 0.6, Max: 1.2, Diff: 1.2, Sum: 24.1]
         [Processed Buffers: Min: 0, Avg: 1.7, Max: 5, Diff: 5, Sum: 75]
      [Scan RS (ms): Min: 0.0, Avg: 0.0, Max: 0.1, Diff: 0.1, Sum: 0.6]
      [Code Root Scanning (ms): Min: 0.0, Avg: 0.0, Max: 0.0, Diff: 0.0, Sum: 0.0]
      [Object Copy (ms): Min: 0.0, Avg: 2.7, Max: 3.4, Diff: 3.4, Sum: 116.5]
      [Termination (ms): Min: 0.0, Avg: 1.1, Max: 1.9, Diff: 1.9, Sum: 47.4]
         [Termination Attempts: Min: 1, Avg: 17.0, Max: 22, Diff: 21, Sum: 732]
      [GC Worker Other (ms): Min: 0.0, Avg: 0.1, Max: 0.2, Diff: 0.1, Sum: 2.4]
      [GC Worker Total (ms): Min: 3.7, Avg: 5.6, Max: 7.6, Diff: 3.9, Sum: 239.0]
      [GC Worker End (ms): Min: 290932227.1, Avg: 290932227.1, Max: 290932227.3, Diff: 0.2]
   [Code Root Fixup: 0.0 ms]
   [Code Root Purge: 0.0 ms]
   [Clear CT: 5.7 ms]
   [Other: 12.0 ms]
      [Choose CSet: 0.0 ms]
      [Ref Proc: 4.0 ms]
      [Ref Enq: 0.0 ms]
      [Redirty Cards: 4.9 ms]
      [Humongous Register: 2.1 ms]
      [Humongous Reclaim: 0.0 ms]
      [Free CSet: 0.2 ms]
   [Eden: 51200.0K(51200.0K)->0.0B(51200.0K) Survivors: 1024.0K->1024.0K Heap: 238.8M(1024.0M)->188.7M(1024.0M)]
 [Times: user=0.28 sys=0.00, real=0.02 secs] 
2023-06-17T02:00:32.591+0000: 294452.217: [GC pause (G1 Evacuation Pause) (young), 0.0252859 secs]
   [Parallel Time: 7.9 ms, GC Workers: 43]
      [GC Worker Start (ms): Min: 294452219.5, Avg: 294452221.5, Max: 294452223.2, Diff: 3.7]
      [Ext Root Scanning (ms): Min: 0.0, Avg: 0.9, Max: 6.4, Diff: 6.4, Sum: 37.0]
      [Update RS (ms): Min: 0.0, Avg: 0.4, Max: 1.2, Diff: 1.2, Sum: 15.2]
         [Processed Buffers: Min: 0, Avg: 2.0, Max: 8, Diff: 8, Sum: 85]
      [Scan RS (ms): Min: 0.0, Avg: 0.0, Max: 0.1, Diff: 0.1, Sum: 0.5]
      [Code Root Scanning (ms): Min: 0.0, Avg: 0.0, Max: 0.0, Diff: 0.0, Sum: 0.0]
      [Object Copy (ms): Min: 0.0, Avg: 1.0, Max: 1.3, Diff: 1.3, Sum: 41.8]
      [Termination (ms): Min: 0.0, Avg: 2.2, Max: 2.4, Diff: 2.4, Sum: 95.9]
         [Termination Attempts: Min: 1, Avg: 2.4, Max: 4, Diff: 3, Sum: 105]
      [GC Worker Other (ms): Min: 0.0, Avg: 0.1, Max: 0.8, Diff: 0.8, Sum: 3.9]
      [GC Worker Total (ms): Min: 2.8, Avg: 4.5, Max: 6.4, Diff: 3.6, Sum: 194.4]
      [GC Worker End (ms): Min: 294452225.9, Avg: 294452226.0, Max: 294452226.1, Diff: 0.2]
   [Code Root Fixup: 0.0 ms]
   [Code Root Purge: 0.0 ms]
   [Clear CT: 4.8 ms]
   [Other: 12.6 ms]
      [Choose CSet: 0.0 ms]
      [Ref Proc: 4.2 ms]
      [Ref Enq: 0.0 ms]
      [Redirty Cards: 4.8 ms]
      [Humongous Register: 2.1 ms]
      [Humongous Reclaim: 0.0 ms]
      [Free CSet: 0.4 ms]
   [Eden: 51200.0K(51200.0K)->0.0B(51200.0K) Survivors: 1024.0K->1024.0K Heap: 238.7M(1024.0M)->188.8M(1024.0M)]
 [Times: user=0.14 sys=0.11, real=0.02 secs] 
2023-06-17T02:59:17.591+0000: 297977.217: [GC pause (G1 Evacuation Pause) (young), 0.0265456 secs]
   [Parallel Time: 8.6 ms, GC Workers: 43]
      [GC Worker Start (ms): Min: 297977219.5, Avg: 297977221.6, Max: 297977223.2, Diff: 3.7]
      [Ext Root Scanning (ms): Min: 0.0, Avg: 1.0, Max: 7.5, Diff: 7.5, Sum: 44.7]
      [Update RS (ms): Min: 0.0, Avg: 0.7, Max: 4.3, Diff: 4.3, Sum: 30.0]
         [Processed Buffers: Min: 0, Avg: 1.8, Max: 6, Diff: 6, Sum: 78]
      [Scan RS (ms): Min: 0.0, Avg: 0.0, Max: 0.1, Diff: 0.1, Sum: 0.7]
      [Code Root Scanning (ms): Min: 0.0, Avg: 0.0, Max: 0.0, Diff: 0.0, Sum: 0.0]
      [Object Copy (ms): Min: 0.0, Avg: 2.4, Max: 2.9, Diff: 2.9, Sum: 103.1]
      [Termination (ms): Min: 0.0, Avg: 1.3, Max: 2.0, Diff: 2.0, Sum: 56.4]
         [Termination Attempts: Min: 1, Avg: 11.7, Max: 18, Diff: 17, Sum: 501]
      [GC Worker Other (ms): Min: 0.0, Avg: 0.1, Max: 0.2, Diff: 0.2, Sum: 2.8]
      [GC Worker Total (ms): Min: 3.9, Avg: 5.5, Max: 7.5, Diff: 3.7, Sum: 237.7]
      [GC Worker End (ms): Min: 297977227.0, Avg: 297977227.1, Max: 297977227.2, Diff: 0.2]
   [Code Root Fixup: 0.0 ms]
   [Code Root Purge: 0.0 ms]
   [Clear CT: 5.2 ms]
   [Other: 12.7 ms]
      [Choose CSet: 0.0 ms]
      [Ref Proc: 4.3 ms]
      [Ref Enq: 0.0 ms]
      [Redirty Cards: 5.3 ms]
      [Humongous Register: 2.1 ms]
      [Humongous Reclaim: 0.0 ms]
      [Free CSet: 0.2 ms]
   [Eden: 51200.0K(51200.0K)->0.0B(51200.0K) Survivors: 1024.0K->1024.0K Heap: 238.8M(1024.0M)->188.7M(1024.0M)]
 [Times: user=0.25 sys=0.04, real=0.02 secs] 
2023-06-17T03:57:53.922+0000: 301493.548: [GC pause (G1 Evacuation Pause) (young), 0.0306386 secs]
   [Parallel Time: 12.3 ms, GC Workers: 43]
      [GC Worker Start (ms): Min: 301493550.7, Avg: 301493552.7, Max: 301493554.7, Diff: 3.9]
      [Ext Root Scanning (ms): Min: 0.0, Avg: 1.2, Max: 8.9, Diff: 8.9, Sum: 49.5]
      [Update RS (ms): Min: 0.0, Avg: 0.6, Max: 1.1, Diff: 1.1, Sum: 26.6]
         [Processed Buffers: Min: 0, Avg: 2.0, Max: 9, Diff: 9, Sum: 84]
      [Scan RS (ms): Min: 0.0, Avg: 0.0, Max: 0.1, Diff: 0.1, Sum: 0.7]
      [Code Root Scanning (ms): Min: 0.0, Avg: 0.0, Max: 0.0, Diff: 0.0, Sum: 0.0]
      [Object Copy (ms): Min: 0.0, Avg: 3.6, Max: 4.3, Diff: 4.2, Sum: 156.7]
      [Termination (ms): Min: 0.0, Avg: 1.6, Max: 2.5, Diff: 2.5, Sum: 68.8]
         [Termination Attempts: Min: 1, Avg: 17.9, Max: 25, Diff: 24, Sum: 769]
      [GC Worker Other (ms): Min: 0.0, Avg: 0.1, Max: 0.1, Diff: 0.1, Sum: 2.3]
      [GC Worker Total (ms): Min: 5.2, Avg: 7.1, Max: 9.1, Diff: 3.9, Sum: 304.7]
      [GC Worker End (ms): Min: 301493559.7, Avg: 301493559.8, Max: 301493559.9, Diff: 0.2]
   [Code Root Fixup: 0.0 ms]
   [Code Root Purge: 0.0 ms]
   [Clear CT: 5.5 ms]
   [Other: 12.9 ms]
      [Choose CSet: 0.0 ms]
      [Ref Proc: 4.2 ms]
      [Ref Enq: 0.0 ms]
      [Redirty Cards: 5.5 ms]
      [Humongous Register: 2.1 ms]
      [Humongous Reclaim: 0.0 ms]
      [Free CSet: 0.2 ms]
   [Eden: 51200.0K(51200.0K)->0.0B(51200.0K) Survivors: 1024.0K->1024.0K Heap: 238.7M(1024.0M)->188.7M(1024.0M)]
 [Times: user=0.33 sys=0.03, real=0.03 secs] 
2023-06-17T04:56:32.591+0000: 305012.216: [GC pause (G1 Evacuation Pause) (young), 0.0221960 secs]
   [Parallel Time: 6.3 ms, GC Workers: 43]
      [GC Worker Start (ms): Min: 305012216.7, Avg: 305012218.2, Max: 305012219.3, Diff: 2.5]
      [Ext Root Scanning (ms): Min: 0.0, Avg: 0.6, Max: 2.2, Diff: 2.2, Sum: 27.2]
      [Update RS (ms): Min: 0.0, Avg: 0.2, Max: 0.5, Diff: 0.5, Sum: 9.2]
         [Processed Buffers: Min: 0, Avg: 1.9, Max: 7, Diff: 7, Sum: 83]
      [Scan RS (ms): Min: 0.0, Avg: 0.0, Max: 0.1, Diff: 0.1, Sum: 0.7]
      [Code Root Scanning (ms): Min: 0.0, Avg: 0.0, Max: 0.0, Diff: 0.0, Sum: 0.0]
      [Object Copy (ms): Min: 1.0, Avg: 1.4, Max: 2.4, Diff: 1.4, Sum: 58.1]
      [Termination (ms): Min: 0.0, Avg: 1.1, Max: 1.4, Diff: 1.4, Sum: 47.0]
         [Termination Attempts: Min: 1, Avg: 1.9, Max: 4, Diff: 3, Sum: 81]
      [GC Worker Other (ms): Min: 0.0, Avg: 0.0, Max: 0.1, Diff: 0.1, Sum: 1.5]
      [GC Worker Total (ms): Min: 2.2, Avg: 3.3, Max: 4.8, Diff: 2.7, Sum: 143.7]
      [GC Worker End (ms): Min: 305012221.4, Avg: 305012221.5, Max: 305012221.6, Diff: 0.2]
   [Code Root Fixup: 0.0 ms]
   [Code Root Purge: 0.0 ms]
   [Clear CT: 4.9 ms]
   [Other: 11.0 ms]
      [Choose CSet: 0.0 ms]
      [Ref Proc: 5.3 ms]
      [Ref Enq: 0.0 ms]
      [Redirty Cards: 4.9 ms]
      [Humongous Register: 0.1 ms]
      [Humongous Reclaim: 0.0 ms]
      [Free CSet: 0.1 ms]
   [Eden: 51200.0K(51200.0K)->0.0B(51200.0K) Survivors: 1024.0K->1024.0K Heap: 238.7M(1024.0M)->188.9M(1024.0M)]
 [Times: user=0.19 sys=0.03, real=0.02 secs] 
2023-06-17T05:55:07.591+0000: 308527.217: [GC pause (G1 Evacuation Pause) (young), 0.0270537 secs]
   [Parallel Time: 11.2 ms, GC Workers: 43]
      [GC Worker Start (ms): Min: 308527217.3, Avg: 308527219.4, Max: 308527225.5, Diff: 8.2]
      [Ext Root Scanning (ms): Min: 0.0, Avg: 1.3, Max: 7.7, Diff: 7.7, Sum: 54.6]
      [Update RS (ms): Min: 0.0, Avg: 0.7, Max: 1.0, Diff: 1.0, Sum: 29.1]
         [Processed Buffers: Min: 0, Avg: 2.0, Max: 10, Diff: 10, Sum: 86]
      [Scan RS (ms): Min: 0.0, Avg: 0.0, Max: 0.1, Diff: 0.1, Sum: 0.6]
      [Code Root Scanning (ms): Min: 0.0, Avg: 0.0, Max: 0.0, Diff: 0.0, Sum: 0.0]
      [Object Copy (ms): Min: 0.0, Avg: 2.7, Max: 3.7, Diff: 3.7, Sum: 116.9]
      [Termination (ms): Min: 0.0, Avg: 1.5, Max: 2.7, Diff: 2.7, Sum: 65.7]
         [Termination Attempts: Min: 1, Avg: 14.4, Max: 21, Diff: 20, Sum: 619]
      [GC Worker Other (ms): Min: 0.0, Avg: 0.0, Max: 0.1, Diff: 0.1, Sum: 1.5]
      [GC Worker Total (ms): Min: 0.0, Avg: 6.2, Max: 8.4, Diff: 8.4, Sum: 268.4]
      [GC Worker End (ms): Min: 308527225.5, Avg: 308527225.6, Max: 308527225.7, Diff: 0.2]
   [Code Root Fixup: 0.0 ms]
   [Code Root Purge: 0.0 ms]
   [Clear CT: 5.1 ms]
   [Other: 10.7 ms]
      [Choose CSet: 0.0 ms]
      [Ref Proc: 4.7 ms]
      [Ref Enq: 0.0 ms]
      [Redirty Cards: 5.0 ms]
      [Humongous Register: 0.3 ms]
      [Humongous Reclaim: 0.0 ms]
      [Free CSet: 0.2 ms]
   [Eden: 51200.0K(51200.0K)->0.0B(51200.0K) Survivors: 1024.0K->1024.0K Heap: 238.9M(1024.0M)->188.6M(1024.0M)]
 [Times: user=0.34 sys=0.00, real=0.02 secs] 
2023-06-17T06:53:31.544+0000: 312031.170: [GC pause (G1 Evacuation Pause) (young), 0.0328199 secs]
   [Parallel Time: 15.6 ms, GC Workers: 43]
      [GC Worker Start (ms): Min: 312031172.7, Avg: 312031174.7, Max: 312031176.5, Diff: 3.8]
      [Ext Root Scanning (ms): Min: 0.0, Avg: 1.2, Max: 14.0, Diff: 14.0, Sum: 50.6]
      [Update RS (ms): Min: 0.0, Avg: 0.3, Max: 0.7, Diff: 0.7, Sum: 11.2]
         [Processed Buffers: Min: 0, Avg: 1.5, Max: 7, Diff: 7, Sum: 64]
      [Scan RS (ms): Min: 0.0, Avg: 0.0, Max: 0.1, Diff: 0.1, Sum: 0.5]
      [Code Root Scanning (ms): Min: 0.0, Avg: 0.0, Max: 0.0, Diff: 0.0, Sum: 0.0]
      [Object Copy (ms): Min: 0.0, Avg: 3.0, Max: 3.7, Diff: 3.7, Sum: 131.0]
      [Termination (ms): Min: 0.0, Avg: 7.6, Max: 8.8, Diff: 8.8, Sum: 327.7]
         [Termination Attempts: Min: 1, Avg: 19.0, Max: 30, Diff: 29, Sum: 819]
      [GC Worker Other (ms): Min: 0.0, Avg: 0.0, Max: 0.1, Diff: 0.0, Sum: 1.7]
      [GC Worker Total (ms): Min: 10.3, Avg: 12.2, Max: 14.2, Diff: 3.9, Sum: 522.6]
      [GC Worker End (ms): Min: 312031186.8, Avg: 312031186.9, Max: 312031187.0, Diff: 0.2]
   [Code Root Fixup: 0.0 ms]
   [Code Root Purge: 0.0 ms]
   [Clear CT: 5.2 ms]
   [Other: 12.1 ms]
      [Choose CSet: 0.0 ms]
      [Ref Proc: 3.4 ms]
      [Ref Enq: 0.0 ms]
      [Redirty Cards: 5.6 ms]
      [Humongous Register: 2.1 ms]
      [Humongous Reclaim: 0.0 ms]
      [Free CSet: 0.2 ms]
   [Eden: 51200.0K(51200.0K)->0.0B(51200.0K) Survivors: 1024.0K->1024.0K Heap: 238.6M(1024.0M)->188.6M(1024.0M)]
 [Times: user=0.57 sys=0.00, real=0.03 secs] 
2023-06-17T07:51:57.591+0000: 315537.217: [GC pause (G1 Evacuation Pause) (young), 0.0296118 secs]
   [Parallel Time: 11.2 ms, GC Workers: 43]
      [GC Worker Start (ms): Min: 315537219.5, Avg: 315537221.6, Max: 315537223.5, Diff: 4.1]
      [Ext Root Scanning (ms): Min: 0.0, Avg: 0.9, Max: 7.5, Diff: 7.4, Sum: 36.7]
      [Update RS (ms): Min: 0.0, Avg: 0.2, Max: 0.7, Diff: 0.7, Sum: 7.6]
         [Processed Buffers: Min: 0, Avg: 1.4, Max: 6, Diff: 6, Sum: 61]
      [Scan RS (ms): Min: 0.0, Avg: 0.0, Max: 0.0, Diff: 0.0, Sum: 0.6]
      [Code Root Scanning (ms): Min: 0.0, Avg: 0.0, Max: 0.0, Diff: 0.0, Sum: 0.0]
      [Object Copy (ms): Min: 0.0, Avg: 2.1, Max: 2.6, Diff: 2.6, Sum: 91.8]
      [Termination (ms): Min: 0.0, Avg: 2.3, Max: 2.6, Diff: 2.6, Sum: 97.2]
         [Termination Attempts: Min: 1, Avg: 11.1, Max: 15, Diff: 14, Sum: 479]
      [GC Worker Other (ms): Min: 0.0, Avg: 0.0, Max: 0.1, Diff: 0.1, Sum: 2.0]
      [GC Worker Total (ms): Min: 3.6, Avg: 5.5, Max: 7.5, Diff: 3.9, Sum: 235.9]
      [GC Worker End (ms): Min: 315537227.0, Avg: 315537227.1, Max: 315537227.2, Diff: 0.2]
   [Code Root Fixup: 0.0 ms]
   [Code Root Purge: 0.0 ms]
   [Clear CT: 5.5 ms]
   [Other: 12.9 ms]
      [Choose CSet: 0.0 ms]
      [Ref Proc: 4.6 ms]
      [Ref Enq: 0.0 ms]
      [Redirty Cards: 5.2 ms]
      [Humongous Register: 2.1 ms]
      [Humongous Reclaim: 0.0 ms]
      [Free CSet: 0.2 ms]
   [Eden: 51200.0K(51200.0K)->0.0B(51200.0K) Survivors: 1024.0K->1024.0K Heap: 238.6M(1024.0M)->188.6M(1024.0M)]
 [Times: user=0.28 sys=0.01, real=0.03 secs] 
2023-06-17T08:50:19.451+0000: 319039.077: [GC pause (G1 Evacuation Pause) (young), 0.0274035 secs]
   [Parallel Time: 9.1 ms, GC Workers: 43]
      [GC Worker Start (ms): Min: 319039079.6, Avg: 319039081.7, Max: 319039086.7, Diff: 7.1]
      [Ext Root Scanning (ms): Min: 0.0, Avg: 0.8, Max: 7.4, Diff: 7.3, Sum: 32.7]
      [Update RS (ms): Min: 0.0, Avg: 0.2, Max: 0.4, Diff: 0.4, Sum: 8.0]
         [Processed Buffers: Min: 0, Avg: 1.6, Max: 7, Diff: 7, Sum: 67]
      [Scan RS (ms): Min: 0.0, Avg: 0.0, Max: 0.0, Diff: 0.0, Sum: 0.4]
      [Code Root Scanning (ms): Min: 0.0, Avg: 0.0, Max: 0.0, Diff: 0.0, Sum: 0.0]
      [Object Copy (ms): Min: 0.0, Avg: 2.6, Max: 3.3, Diff: 3.3, Sum: 111.5]
      [Termination (ms): Min: 0.0, Avg: 1.8, Max: 2.5, Diff: 2.5, Sum: 76.1]
         [Termination Attempts: Min: 1, Avg: 14.8, Max: 22, Diff: 21, Sum: 637]
      [GC Worker Other (ms): Min: 0.0, Avg: 0.0, Max: 0.2, Diff: 0.1, Sum: 1.9]
      [GC Worker Total (ms): Min: 0.5, Avg: 5.4, Max: 7.4, Diff: 6.9, Sum: 230.6]
      [GC Worker End (ms): Min: 319039087.0, Avg: 319039087.1, Max: 319039087.2, Diff: 0.2]
   [Code Root Fixup: 0.0 ms]
   [Code Root Purge: 0.0 ms]
   [Clear CT: 5.2 ms]
   [Other: 13.1 ms]
      [Choose CSet: 0.0 ms]
      [Ref Proc: 4.7 ms]
      [Ref Enq: 0.0 ms]
      [Redirty Cards: 5.2 ms]
      [Humongous Register: 2.1 ms]
      [Humongous Reclaim: 0.0 ms]
      [Free CSet: 0.4 ms]
   [Eden: 51200.0K(51200.0K)->0.0B(51200.0K) Survivors: 1024.0K->1024.0K Heap: 238.6M(1024.0M)->188.6M(1024.0M)]
 [Times: user=0.29 sys=0.00, real=0.02 secs] 
2023-06-17T09:49:00.213+0000: 322559.838: [GC pause (G1 Evacuation Pause) (young), 0.0229624 secs]
   [Parallel Time: 6.7 ms, GC Workers: 43]
      [GC Worker Start (ms): Min: 322559840.6, Avg: 322559842.4, Max: 322559845.5, Diff: 4.9]
      [Ext Root Scanning (ms): Min: 0.0, Avg: 0.6, Max: 4.2, Diff: 4.2, Sum: 23.8]
      [Update RS (ms): Min: 0.0, Avg: 0.1, Max: 0.5, Diff: 0.5, Sum: 4.2]
         [Processed Buffers: Min: 0, Avg: 1.4, Max: 7, Diff: 7, Sum: 59]
      [Scan RS (ms): Min: 0.0, Avg: 0.0, Max: 0.1, Diff: 0.1, Sum: 0.6]
      [Code Root Scanning (ms): Min: 0.0, Avg: 0.0, Max: 0.0, Diff: 0.0, Sum: 0.0]
      [Object Copy (ms): Min: 0.0, Avg: 1.4, Max: 1.8, Diff: 1.8, Sum: 60.7]
      [Termination (ms): Min: 0.0, Avg: 1.0, Max: 1.2, Diff: 1.2, Sum: 42.6]
         [Termination Attempts: Min: 1, Avg: 5.3, Max: 10, Diff: 9, Sum: 229]
      [GC Worker Other (ms): Min: 0.0, Avg: 0.1, Max: 0.2, Diff: 0.2, Sum: 2.3]
      [GC Worker Total (ms): Min: 0.0, Avg: 3.1, Max: 5.0, Diff: 5.0, Sum: 134.3]
      [GC Worker End (ms): Min: 322559845.5, Avg: 322559845.5, Max: 322559845.7, Diff: 0.2]
   [Code Root Fixup: 0.0 ms]
   [Code Root Purge: 0.0 ms]
   [Clear CT: 4.8 ms]
   [Other: 11.4 ms]
      [Choose CSet: 0.0 ms]
      [Ref Proc: 3.7 ms]
      [Ref Enq: 0.0 ms]
      [Redirty Cards: 5.0 ms]
      [Humongous Register: 1.8 ms]
      [Humongous Reclaim: 0.0 ms]
      [Free CSet: 0.1 ms]
   [Eden: 51200.0K(51200.0K)->0.0B(51200.0K) Survivors: 1024.0K->1024.0K Heap: 238.6M(1024.0M)->188.6M(1024.0M)]
 [Times: user=0.17 sys=0.02, real=0.02 secs] 
2023-06-17T10:47:34.022+0000: 326073.648: [GC pause (G1 Evacuation Pause) (young), 0.0302856 secs]
   [Parallel Time: 13.3 ms, GC Workers: 43]
      [GC Worker Start (ms): Min: 326073650.5, Avg: 326073652.5, Max: 326073654.8, Diff: 4.2]
      [Ext Root Scanning (ms): Min: 0.0, Avg: 0.9, Max: 11.6, Diff: 11.6, Sum: 37.9]
      [Update RS (ms): Min: 0.0, Avg: 0.2, Max: 0.7, Diff: 0.7, Sum: 7.8]
         [Processed Buffers: Min: 0, Avg: 1.4, Max: 6, Diff: 6, Sum: 60]
      [Scan RS (ms): Min: 0.0, Avg: 0.0, Max: 0.0, Diff: 0.0, Sum: 0.6]
      [Code Root Scanning (ms): Min: 0.0, Avg: 0.0, Max: 0.0, Diff: 0.0, Sum: 0.0]
      [Object Copy (ms): Min: 0.0, Avg: 2.0, Max: 2.4, Diff: 2.4, Sum: 84.8]
      [Termination (ms): Min: 0.0, Avg: 6.6, Max: 7.0, Diff: 7.0, Sum: 283.8]
         [Termination Attempts: Min: 1, Avg: 8.2, Max: 13, Diff: 12, Sum: 353]
      [GC Worker Other (ms): Min: 0.0, Avg: 0.0, Max: 0.1, Diff: 0.1, Sum: 2.0]
      [GC Worker Total (ms): Min: 7.5, Avg: 9.7, Max: 11.6, Diff: 4.1, Sum: 416.9]
      [GC Worker End (ms): Min: 326073662.2, Avg: 326073662.2, Max: 326073662.4, Diff: 0.2]
   [Code Root Fixup: 0.0 ms]
   [Code Root Purge: 0.0 ms]
   [Clear CT: 5.1 ms]
   [Other: 11.9 ms]
      [Choose CSet: 0.0 ms]
      [Ref Proc: 3.7 ms]
      [Ref Enq: 0.0 ms]
      [Redirty Cards: 5.3 ms]
      [Humongous Register: 2.1 ms]
      [Humongous Reclaim: 0.0 ms]
      [Free CSet: 0.2 ms]
   [Eden: 51200.0K(51200.0K)->0.0B(51200.0K) Survivors: 1024.0K->1024.0K Heap: 238.6M(1024.0M)->188.6M(1024.0M)]
 [Times: user=0.47 sys=0.00, real=0.03 secs] 
2023-06-17T11:45:50.826+0000: 329570.451: [GC pause (G1 Evacuation Pause) (young), 0.0291479 secs]
   [Parallel Time: 10.1 ms, GC Workers: 43]
      [GC Worker Start (ms): Min: 329570453.9, Avg: 329570456.1, Max: 329570462.0, Diff: 8.1]
      [Ext Root Scanning (ms): Min: 0.0, Avg: 0.8, Max: 7.5, Diff: 7.5, Sum: 35.4]
      [Update RS (ms): Min: 0.0, Avg: 0.3, Max: 0.8, Diff: 0.8, Sum: 10.9]
         [Processed Buffers: Min: 0, Avg: 1.6, Max: 10, Diff: 10, Sum: 68]
      [Scan RS (ms): Min: 0.0, Avg: 0.0, Max: 0.0, Diff: 0.0, Sum: 0.4]
      [Code Root Scanning (ms): Min: 0.0, Avg: 0.0, Max: 0.0, Diff: 0.0, Sum: 0.0]
      [Object Copy (ms): Min: 0.0, Avg: 2.8, Max: 3.7, Diff: 3.7, Sum: 122.3]
      [Termination (ms): Min: 0.0, Avg: 2.0, Max: 3.2, Diff: 3.2, Sum: 85.1]
         [Termination Attempts: Min: 1, Avg: 19.2, Max: 27, Diff: 26, Sum: 826]
      [GC Worker Other (ms): Min: 0.0, Avg: 0.0, Max: 0.1, Diff: 0.1, Sum: 1.9]
      [GC Worker Total (ms): Min: 0.0, Avg: 6.0, Max: 8.2, Diff: 8.2, Sum: 255.9]
      [GC Worker End (ms): Min: 329570462.0, Avg: 329570462.1, Max: 329570462.2, Diff: 0.2]
   [Code Root Fixup: 0.0 ms]
   [Code Root Purge: 0.0 ms]
   [Clear CT: 5.4 ms]
   [Other: 13.6 ms]
      [Choose CSet: 0.0 ms]
      [Ref Proc: 5.0 ms]
      [Ref Enq: 0.0 ms]
      [Redirty Cards: 5.6 ms]
      [Humongous Register: 2.0 ms]
      [Humongous Reclaim: 0.0 ms]
      [Free CSet: 0.2 ms]
   [Eden: 51200.0K(51200.0K)->0.0B(51200.0K) Survivors: 1024.0K->1024.0K Heap: 238.6M(1024.0M)->188.6M(1024.0M)]
 [Times: user=0.33 sys=0.00, real=0.03 secs] 
2023-06-17T12:44:22.833+0000: 333082.458: [GC pause (G1 Evacuation Pause) (young), 0.0248698 secs]
   [Parallel Time: 8.4 ms, GC Workers: 43]
      [GC Worker Start (ms): Min: 333082460.9, Avg: 333082463.1, Max: 333082466.8, Diff: 5.9]
      [Ext Root Scanning (ms): Min: 0.0, Avg: 0.8, Max: 6.6, Diff: 6.6, Sum: 34.5]
      [Update RS (ms): Min: 0.0, Avg: 0.2, Max: 0.7, Diff: 0.7, Sum: 7.3]
         [Processed Buffers: Min: 0, Avg: 1.4, Max: 6, Diff: 6, Sum: 59]
      [Scan RS (ms): Min: 0.0, Avg: 0.0, Max: 0.0, Diff: 0.0, Sum: 0.4]
      [Code Root Scanning (ms): Min: 0.0, Avg: 0.0, Max: 0.0, Diff: 0.0, Sum: 0.0]
      [Object Copy (ms): Min: 0.0, Avg: 1.1, Max: 1.5, Diff: 1.5, Sum: 48.8]
      [Termination (ms): Min: 0.0, Avg: 2.4, Max: 2.7, Diff: 2.7, Sum: 103.3]
         [Termination Attempts: Min: 1, Avg: 5.3, Max: 10, Diff: 9, Sum: 230]
      [GC Worker Other (ms): Min: 0.0, Avg: 0.1, Max: 2.4, Diff: 2.4, Sum: 4.1]
      [GC Worker Total (ms): Min: 0.9, Avg: 4.6, Max: 6.7, Diff: 5.8, Sum: 198.5]
      [GC Worker End (ms): Min: 333082467.6, Avg: 333082467.7, Max: 333082467.8, Diff: 0.2]
   [Code Root Fixup: 0.0 ms]
   [Code Root Purge: 0.0 ms]
   [Clear CT: 4.6 ms]
   [Other: 11.8 ms]
      [Choose CSet: 0.0 ms]
      [Ref Proc: 4.4 ms]
      [Ref Enq: 0.0 ms]
      [Redirty Cards: 4.4 ms]
      [Humongous Register: 2.1 ms]
      [Humongous Reclaim: 0.0 ms]
      [Free CSet: 0.2 ms]
   [Eden: 51200.0K(51200.0K)->0.0B(51200.0K) Survivors: 1024.0K->1024.0K Heap: 238.6M(1024.0M)->188.6M(1024.0M)]
 [Times: user=0.29 sys=0.00, real=0.02 secs] 
2023-06-17T13:42:54.497+0000: 336594.122: [GC pause (G1 Evacuation Pause) (young), 0.0329867 secs]
   [Parallel Time: 11.7 ms, GC Workers: 43]
      [GC Worker Start (ms): Min: 336594124.8, Avg: 336594126.9, Max: 336594132.1, Diff: 7.4]
      [Ext Root Scanning (ms): Min: 0.0, Avg: 0.8, Max: 7.7, Diff: 7.7, Sum: 34.0]
      [Update RS (ms): Min: 0.0, Avg: 0.2, Max: 0.6, Diff: 0.6, Sum: 7.7]
         [Processed Buffers: Min: 0, Avg: 1.4, Max: 6, Diff: 6, Sum: 62]
      [Scan RS (ms): Min: 0.0, Avg: 0.0, Max: 0.0, Diff: 0.0, Sum: 0.5]
      [Code Root Scanning (ms): Min: 0.0, Avg: 0.0, Max: 0.0, Diff: 0.0, Sum: 0.0]
      [Object Copy (ms): Min: 0.0, Avg: 1.9, Max: 2.5, Diff: 2.5, Sum: 81.3]
      [Termination (ms): Min: 0.0, Avg: 2.9, Max: 3.4, Diff: 3.4, Sum: 123.8]
         [Termination Attempts: Min: 1, Avg: 9.4, Max: 16, Diff: 15, Sum: 404]
      [GC Worker Other (ms): Min: 0.0, Avg: 0.0, Max: 0.1, Diff: 0.0, Sum: 1.6]
      [GC Worker Total (ms): Min: 0.5, Avg: 5.8, Max: 7.9, Diff: 7.4, Sum: 248.8]
      [GC Worker End (ms): Min: 336594132.5, Avg: 336594132.6, Max: 336594132.7, Diff: 0.2]
   [Code Root Fixup: 0.0 ms]
   [Code Root Purge: 0.0 ms]
   [Clear CT: 5.6 ms]
   [Other: 15.7 ms]
      [Choose CSet: 0.0 ms]
      [Ref Proc: 6.5 ms]
      [Ref Enq: 0.0 ms]
      [Redirty Cards: 5.5 ms]
      [Humongous Register: 2.1 ms]
      [Humongous Reclaim: 0.0 ms]
      [Free CSet: 0.4 ms]
   [Eden: 51200.0K(51200.0K)->0.0B(51200.0K) Survivors: 1024.0K->1024.0K Heap: 238.6M(1024.0M)->188.6M(1024.0M)]
 [Times: user=0.32 sys=0.00, real=0.04 secs] 
2023-06-17T14:41:31.545+0000: 340111.170: [GC pause (G1 Evacuation Pause) (young), 0.0349293 secs]
   [Parallel Time: 16.9 ms, GC Workers: 43]
      [GC Worker Start (ms): Min: 340111172.9, Avg: 340111174.9, Max: 340111176.8, Diff: 4.0]
      [Ext Root Scanning (ms): Min: 0.0, Avg: 1.3, Max: 15.4, Diff: 15.4, Sum: 57.2]
      [Update RS (ms): Min: 0.0, Avg: 0.3, Max: 0.6, Diff: 0.6, Sum: 12.5]
         [Processed Buffers: Min: 0, Avg: 1.3, Max: 7, Diff: 7, Sum: 58]
      [Scan RS (ms): Min: 0.0, Avg: 0.0, Max: 0.0, Diff: 0.0, Sum: 0.4]
      [Code Root Scanning (ms): Min: 0.0, Avg: 0.0, Max: 0.0, Diff: 0.0, Sum: 0.0]
      [Object Copy (ms): Min: 0.0, Avg: 2.7, Max: 3.4, Diff: 3.4, Sum: 117.9]
      [Termination (ms): Min: 0.0, Avg: 9.1, Max: 9.9, Diff: 9.9, Sum: 390.6]
         [Termination Attempts: Min: 1, Avg: 12.3, Max: 16, Diff: 15, Sum: 528]
      [GC Worker Other (ms): Min: 0.0, Avg: 0.0, Max: 0.3, Diff: 0.3, Sum: 2.1]
      [GC Worker Total (ms): Min: 11.7, Avg: 13.5, Max: 15.6, Diff: 3.9, Sum: 580.7]
      [GC Worker End (ms): Min: 340111188.3, Avg: 340111188.4, Max: 340111188.6, Diff: 0.2]
   [Code Root Fixup: 0.0 ms]
   [Code Root Purge: 0.0 ms]
   [Clear CT: 5.1 ms]
   [Other: 12.9 ms]
      [Choose CSet: 0.0 ms]
      [Ref Proc: 4.6 ms]
      [Ref Enq: 0.0 ms]
      [Redirty Cards: 5.3 ms]
      [Humongous Register: 2.1 ms]
      [Humongous Reclaim: 0.0 ms]
      [Free CSet: 0.2 ms]
   [Eden: 51200.0K(51200.0K)->0.0B(51200.0K) Survivors: 1024.0K->1024.0K Heap: 238.6M(1024.0M)->188.7M(1024.0M)]
 [Times: user=0.63 sys=0.00, real=0.03 secs] 
2023-06-17T15:40:11.858+0000: 343631.484: [GC pause (G1 Evacuation Pause) (young), 0.0290021 secs]
   [Parallel Time: 11.5 ms, GC Workers: 43]
      [GC Worker Start (ms): Min: 343631486.6, Avg: 343631488.7, Max: 343631490.8, Diff: 4.2]
      [Ext Root Scanning (ms): Min: 0.0, Avg: 1.0, Max: 7.9, Diff: 7.9, Sum: 41.9]
      [Update RS (ms): Min: 0.0, Avg: 0.2, Max: 0.6, Diff: 0.6, Sum: 8.6]
         [Processed Buffers: Min: 0, Avg: 1.4, Max: 5, Diff: 5, Sum: 60]
      [Scan RS (ms): Min: 0.0, Avg: 0.0, Max: 0.0, Diff: 0.0, Sum: 0.5]
      [Code Root Scanning (ms): Min: 0.0, Avg: 0.0, Max: 0.0, Diff: 0.0, Sum: 0.0]
      [Object Copy (ms): Min: 0.0, Avg: 2.6, Max: 3.1, Diff: 3.1, Sum: 110.5]
      [Termination (ms): Min: 0.0, Avg: 2.2, Max: 2.6, Diff: 2.6, Sum: 93.9]
         [Termination Attempts: Min: 1, Avg: 10.9, Max: 15, Diff: 14, Sum: 470]
      [GC Worker Other (ms): Min: 0.0, Avg: 0.0, Max: 0.1, Diff: 0.1, Sum: 1.8]
      [GC Worker Total (ms): Min: 3.9, Avg: 6.0, Max: 8.0, Diff: 4.1, Sum: 257.2]
      [GC Worker End (ms): Min: 343631494.6, Avg: 343631494.6, Max: 343631494.7, Diff: 0.2]
   [Code Root Fixup: 0.0 ms]
   [Code Root Purge: 0.0 ms]
   [Clear CT: 4.9 ms]
   [Other: 12.6 ms]
      [Choose CSet: 0.0 ms]
      [Ref Proc: 4.5 ms]
      [Ref Enq: 0.0 ms]
      [Redirty Cards: 5.0 ms]
      [Humongous Register: 2.1 ms]
      [Humongous Reclaim: 0.0 ms]
      [Free CSet: 0.2 ms]
   [Eden: 51200.0K(51200.0K)->0.0B(51200.0K) Survivors: 1024.0K->1024.0K Heap: 238.7M(1024.0M)->188.6M(1024.0M)]
 [Times: user=0.32 sys=0.00, real=0.03 secs] 
2023-06-17T16:22:57.392+0000: 346197.018: [GC pause (G1 Evacuation Pause) (young), 0.0375288 secs]
   [Parallel Time: 17.7 ms, GC Workers: 43]
      [GC Worker Start (ms): Min: 346197020.3, Avg: 346197022.3, Max: 346197024.1, Diff: 3.9]
      [Ext Root Scanning (ms): Min: 0.0, Avg: 1.0, Max: 15.0, Diff: 15.0, Sum: 43.8]
      [Update RS (ms): Min: 0.0, Avg: 0.8, Max: 2.3, Diff: 2.3, Sum: 34.6]
         [Processed Buffers: Min: 0, Avg: 1.9, Max: 7, Diff: 7, Sum: 80]
      [Scan RS (ms): Min: 0.0, Avg: 0.0, Max: 0.1, Diff: 0.1, Sum: 0.6]
      [Code Root Scanning (ms): Min: 0.0, Avg: 0.0, Max: 0.0, Diff: 0.0, Sum: 0.0]
      [Object Copy (ms): Min: 0.0, Avg: 5.2, Max: 6.1, Diff: 6.1, Sum: 223.0]
      [Termination (ms): Min: 0.0, Avg: 6.0, Max: 6.3, Diff: 6.3, Sum: 259.8]
         [Termination Attempts: Min: 1, Avg: 1.8, Max: 3, Diff: 2, Sum: 79]
      [GC Worker Other (ms): Min: 0.0, Avg: 0.0, Max: 0.1, Diff: 0.1, Sum: 2.0]
      [GC Worker Total (ms): Min: 11.3, Avg: 13.1, Max: 15.1, Diff: 3.9, Sum: 563.8]
      [GC Worker End (ms): Min: 346197035.3, Avg: 346197035.4, Max: 346197035.5, Diff: 0.2]
   [Code Root Fixup: 0.0 ms]
   [Code Root Purge: 0.0 ms]
   [Clear CT: 5.1 ms]
   [Other: 14.7 ms]
      [Choose CSet: 0.0 ms]
      [Ref Proc: 6.2 ms]
      [Ref Enq: 0.0 ms]
      [Redirty Cards: 5.1 ms]
      [Humongous Register: 2.1 ms]
      [Humongous Reclaim: 0.0 ms]
      [Free CSet: 0.4 ms]
   [Eden: 51200.0K(51200.0K)->0.0B(49152.0K) Survivors: 1024.0K->3072.0K Heap: 238.6M(1024.0M)->190.5M(1024.0M)]
 [Times: user=0.62 sys=0.00, real=0.04 secs] 
2023-06-17T16:40:47.246+0000: 347266.871: [GC pause (G1 Evacuation Pause) (young), 0.0245609 secs]
   [Parallel Time: 10.5 ms, GC Workers: 43]
      [GC Worker Start (ms): Min: 347266871.7, Avg: 347266873.1, Max: 347266874.3, Diff: 2.5]
      [Ext Root Scanning (ms): Min: 0.0, Avg: 0.5, Max: 1.7, Diff: 1.7, Sum: 22.4]
      [Update RS (ms): Min: 0.0, Avg: 0.8, Max: 1.6, Diff: 1.6, Sum: 36.1]
         [Processed Buffers: Min: 0, Avg: 2.1, Max: 11, Diff: 11, Sum: 90]
      [Scan RS (ms): Min: 0.0, Avg: 0.0, Max: 0.1, Diff: 0.1, Sum: 0.9]
      [Code Root Scanning (ms): Min: 0.0, Avg: 0.0, Max: 0.0, Diff: 0.0, Sum: 0.0]
      [Object Copy (ms): Min: 3.8, Avg: 4.6, Max: 4.9, Diff: 1.0, Sum: 196.1]
      [Termination (ms): Min: 0.0, Avg: 0.2, Max: 0.3, Diff: 0.3, Sum: 6.5]
         [Termination Attempts: Min: 1, Avg: 2.4, Max: 4, Diff: 3, Sum: 105]
      [GC Worker Other (ms): Min: 0.0, Avg: 0.1, Max: 0.2, Diff: 0.2, Sum: 3.2]
      [GC Worker Total (ms): Min: 5.0, Avg: 6.2, Max: 7.5, Diff: 2.5, Sum: 265.2]
      [GC Worker End (ms): Min: 347266879.2, Avg: 347266879.3, Max: 347266879.5, Diff: 0.3]
   [Code Root Fixup: 0.0 ms]
   [Code Root Purge: 0.0 ms]
   [Clear CT: 5.3 ms]
   [Other: 8.8 ms]
      [Choose CSet: 0.0 ms]
      [Ref Proc: 3.1 ms]
      [Ref Enq: 0.0 ms]
      [Redirty Cards: 5.1 ms]
      [Humongous Register: 0.1 ms]
      [Humongous Reclaim: 0.0 ms]
      [Free CSet: 0.1 ms]
   [Eden: 49152.0K(49152.0K)->0.0B(48128.0K) Survivors: 3072.0K->4096.0K Heap: 238.5M(1024.0M)->192.0M(1024.0M)]
 [Times: user=0.32 sys=0.00, real=0.03 secs] 
2023-06-17T17:04:10.444+0000: 348670.069: [GC pause (G1 Evacuation Pause) (young), 0.0260365 secs]
   [Parallel Time: 9.5 ms, GC Workers: 43]
      [GC Worker Start (ms): Min: 348670069.8, Avg: 348670071.1, Max: 348670072.3, Diff: 2.6]
      [Ext Root Scanning (ms): Min: 0.0, Avg: 0.7, Max: 7.6, Diff: 7.6, Sum: 28.7]
      [Update RS (ms): Min: 0.0, Avg: 1.1, Max: 1.8, Diff: 1.8, Sum: 46.3]
         [Processed Buffers: Min: 0, Avg: 2.1, Max: 8, Diff: 8, Sum: 92]
      [Scan RS (ms): Min: 0.0, Avg: 0.0, Max: 0.1, Diff: 0.1, Sum: 0.7]
      [Code Root Scanning (ms): Min: 0.0, Avg: 0.0, Max: 0.0, Diff: 0.0, Sum: 0.0]
      [Object Copy (ms): Min: 0.0, Avg: 2.5, Max: 2.7, Diff: 2.7, Sum: 105.4]
      [Termination (ms): Min: 0.0, Avg: 2.2, Max: 2.4, Diff: 2.4, Sum: 96.4]
         [Termination Attempts: Min: 1, Avg: 1.0, Max: 2, Diff: 1, Sum: 45]
      [GC Worker Other (ms): Min: 0.0, Avg: 0.0, Max: 0.1, Diff: 0.1, Sum: 1.1]
      [GC Worker Total (ms): Min: 5.2, Avg: 6.5, Max: 7.8, Diff: 2.5, Sum: 278.5]
      [GC Worker End (ms): Min: 348670077.4, Avg: 348670077.6, Max: 348670077.7, Diff: 0.3]
   [Code Root Fixup: 0.0 ms]
   [Code Root Purge: 0.0 ms]
   [Clear CT: 6.3 ms]
   [Other: 10.2 ms]
      [Choose CSet: 0.0 ms]
      [Ref Proc: 4.2 ms]
      [Ref Enq: 0.0 ms]
      [Redirty Cards: 5.4 ms]
      [Humongous Register: 0.1 ms]
      [Humongous Reclaim: 0.0 ms]
      [Free CSet: 0.2 ms]
   [Eden: 48128.0K(48128.0K)->0.0B(48128.0K) Survivors: 4096.0K->4096.0K Heap: 239.0M(1024.0M)->191.9M(1024.0M)]
 [Times: user=0.32 sys=0.02, real=0.03 secs] 
2023-06-17T17:59:23.177+0000: 351982.803: [GC pause (G1 Evacuation Pause) (young), 0.0291889 secs]
   [Parallel Time: 11.6 ms, GC Workers: 43]
      [GC Worker Start (ms): Min: 351982805.3, Avg: 351982807.4, Max: 351982809.5, Diff: 4.2]
      [Ext Root Scanning (ms): Min: 0.0, Avg: 1.0, Max: 9.0, Diff: 9.0, Sum: 41.3]
      [Update RS (ms): Min: 0.0, Avg: 1.2, Max: 2.0, Diff: 2.0, Sum: 51.3]
         [Processed Buffers: Min: 0, Avg: 2.0, Max: 10, Diff: 10, Sum: 86]
      [Scan RS (ms): Min: 0.0, Avg: 0.0, Max: 0.1, Diff: 0.1, Sum: 0.8]
      [Code Root Scanning (ms): Min: 0.0, Avg: 0.0, Max: 0.0, Diff: 0.0, Sum: 0.0]
      [Object Copy (ms): Min: 0.0, Avg: 3.8, Max: 4.3, Diff: 4.3, Sum: 163.2]
      [Termination (ms): Min: 0.0, Avg: 0.9, Max: 1.1, Diff: 1.1, Sum: 39.3]
         [Termination Attempts: Min: 1, Avg: 2.9, Max: 6, Diff: 5, Sum: 124]
      [GC Worker Other (ms): Min: 0.0, Avg: 0.1, Max: 0.2, Diff: 0.1, Sum: 2.7]
      [GC Worker Total (ms): Min: 4.9, Avg: 6.9, Max: 9.1, Diff: 4.2, Sum: 298.6]
      [GC Worker End (ms): Min: 351982814.3, Avg: 351982814.3, Max: 351982814.4, Diff: 0.1]
   [Code Root Fixup: 0.0 ms]
   [Code Root Purge: 0.0 ms]
   [Clear CT: 5.3 ms]
   [Other: 12.3 ms]
      [Choose CSet: 0.0 ms]
      [Ref Proc: 3.7 ms]
      [Ref Enq: 0.0 ms]
      [Redirty Cards: 5.5 ms]
      [Humongous Register: 2.1 ms]
      [Humongous Reclaim: 0.0 ms]
      [Free CSet: 0.2 ms]
   [Eden: 48128.0K(48128.0K)->0.0B(48128.0K) Survivors: 4096.0K->4096.0K Heap: 238.9M(1024.0M)->192.3M(1024.0M)]
 [Times: user=0.36 sys=0.00, real=0.03 secs] 
2023-06-17T18:38:46.759+0000: 354346.385: [GC pause (G1 Evacuation Pause) (young), 0.0308472 secs]
   [Parallel Time: 13.5 ms, GC Workers: 43]
      [GC Worker Start (ms): Min: 354346387.6, Avg: 354346389.6, Max: 354346391.7, Diff: 4.1]
      [Ext Root Scanning (ms): Min: 0.0, Avg: 1.0, Max: 9.2, Diff: 9.2, Sum: 42.0]
      [Update RS (ms): Min: 0.0, Avg: 1.4, Max: 2.2, Diff: 2.2, Sum: 58.4]
         [Processed Buffers: Min: 0, Avg: 2.1, Max: 10, Diff: 10, Sum: 90]
      [Scan RS (ms): Min: 0.0, Avg: 0.0, Max: 0.1, Diff: 0.1, Sum: 0.8]
      [Code Root Scanning (ms): Min: 0.0, Avg: 0.0, Max: 0.2, Diff: 0.2, Sum: 0.5]
      [Object Copy (ms): Min: 0.0, Avg: 3.3, Max: 3.7, Diff: 3.7, Sum: 143.9]
      [Termination (ms): Min: 0.0, Avg: 1.5, Max: 1.6, Diff: 1.6, Sum: 64.2]
         [Termination Attempts: Min: 1, Avg: 1.1, Max: 2, Diff: 1, Sum: 49]
      [GC Worker Other (ms): Min: 0.0, Avg: 0.1, Max: 0.1, Diff: 0.1, Sum: 2.6]
      [GC Worker Total (ms): Min: 5.2, Avg: 7.3, Max: 9.2, Diff: 4.1, Sum: 312.4]
      [GC Worker End (ms): Min: 354346396.8, Avg: 354346396.9, Max: 354346396.9, Diff: 0.1]
   [Code Root Fixup: 0.0 ms]
   [Code Root Purge: 0.0 ms]
   [Clear CT: 5.4 ms]
   [Other: 11.9 ms]
      [Choose CSet: 0.0 ms]
      [Ref Proc: 3.4 ms]
      [Ref Enq: 0.0 ms]
      [Redirty Cards: 5.3 ms]
      [Humongous Register: 2.1 ms]
      [Humongous Reclaim: 0.0 ms]
      [Free CSet: 0.2 ms]
   [Eden: 48128.0K(48128.0K)->0.0B(48128.0K) Survivors: 4096.0K->4096.0K Heap: 239.3M(1024.0M)->192.2M(1024.0M)]
 [Times: user=0.35 sys=0.02, real=0.04 secs] 
2023-06-17T19:11:17.515+0000: 356297.141: [GC pause (G1 Evacuation Pause) (young), 0.0279813 secs]
   [Parallel Time: 10.6 ms, GC Workers: 43]
      [GC Worker Start (ms): Min: 356297143.6, Avg: 356297145.8, Max: 356297147.7, Diff: 4.1]
      [Ext Root Scanning (ms): Min: 0.0, Avg: 0.8, Max: 7.1, Diff: 7.1, Sum: 36.3]
      [Update RS (ms): Min: 0.0, Avg: 1.0, Max: 1.9, Diff: 1.9, Sum: 45.0]
         [Processed Buffers: Min: 0, Avg: 2.1, Max: 9, Diff: 9, Sum: 92]
      [Scan RS (ms): Min: 0.0, Avg: 0.0, Max: 0.1, Diff: 0.1, Sum: 0.7]
      [Code Root Scanning (ms): Min: 0.0, Avg: 0.0, Max: 0.2, Diff: 0.2, Sum: 0.2]
      [Object Copy (ms): Min: 0.1, Avg: 3.1, Max: 4.2, Diff: 4.1, Sum: 134.3]
      [Termination (ms): Min: 0.0, Avg: 1.0, Max: 1.3, Diff: 1.3, Sum: 41.9]
         [Termination Attempts: Min: 1, Avg: 2.1, Max: 4, Diff: 3, Sum: 90]
      [GC Worker Other (ms): Min: 0.0, Avg: 0.0, Max: 0.1, Diff: 0.1, Sum: 2.0]
      [GC Worker Total (ms): Min: 4.2, Avg: 6.1, Max: 8.3, Diff: 4.1, Sum: 260.4]
      [GC Worker End (ms): Min: 356297151.8, Avg: 356297151.9, Max: 356297152.0, Diff: 0.2]
   [Code Root Fixup: 0.0 ms]
   [Code Root Purge: 0.0 ms]
   [Clear CT: 4.8 ms]
   [Other: 12.6 ms]
      [Choose CSet: 0.0 ms]
      [Ref Proc: 4.6 ms]
      [Ref Enq: 0.0 ms]
      [Redirty Cards: 5.0 ms]
      [Humongous Register: 2.1 ms]
      [Humongous Reclaim: 0.0 ms]
      [Free CSet: 0.2 ms]
   [Eden: 48128.0K(48128.0K)->0.0B(47104.0K) Survivors: 4096.0K->5120.0K Heap: 239.2M(1024.0M)->192.5M(1024.0M)]
 [Times: user=0.29 sys=0.04, real=0.03 secs] 
2023-06-17T19:30:48.318+0000: 357467.944: [GC pause (G1 Evacuation Pause) (young), 0.0231632 secs]
   [Parallel Time: 8.2 ms, GC Workers: 43]
      [GC Worker Start (ms): Min: 357467943.9, Avg: 357467945.4, Max: 357467950.6, Diff: 6.7]
      [Ext Root Scanning (ms): Min: 0.0, Avg: 0.5, Max: 1.7, Diff: 1.7, Sum: 21.9]
      [Update RS (ms): Min: 0.0, Avg: 0.7, Max: 1.3, Diff: 1.3, Sum: 32.1]
         [Processed Buffers: Min: 0, Avg: 2.0, Max: 8, Diff: 8, Sum: 88]
      [Scan RS (ms): Min: 0.0, Avg: 0.0, Max: 0.1, Diff: 0.1, Sum: 0.7]
      [Code Root Scanning (ms): Min: 0.0, Avg: 0.0, Max: 0.2, Diff: 0.2, Sum: 0.2]
      [Object Copy (ms): Min: 0.0, Avg: 2.4, Max: 2.7, Diff: 2.7, Sum: 104.3]
      [Termination (ms): Min: 0.0, Avg: 1.6, Max: 1.7, Diff: 1.7, Sum: 68.0]
         [Termination Attempts: Min: 1, Avg: 1.2, Max: 2, Diff: 1, Sum: 53]
      [GC Worker Other (ms): Min: 0.0, Avg: 0.0, Max: 0.0, Diff: 0.0, Sum: 0.8]
      [GC Worker Total (ms): Min: 0.0, Avg: 5.3, Max: 6.8, Diff: 6.8, Sum: 228.1]
      [GC Worker End (ms): Min: 357467950.6, Avg: 357467950.7, Max: 357467950.8, Diff: 0.1]
   [Code Root Fixup: 0.0 ms]
   [Code Root Purge: 0.0 ms]
   [Clear CT: 5.0 ms]
   [Other: 10.0 ms]
      [Choose CSet: 0.0 ms]
      [Ref Proc: 4.4 ms]
      [Ref Enq: 0.0 ms]
      [Redirty Cards: 5.1 ms]
      [Humongous Register: 0.1 ms]
      [Humongous Reclaim: 0.0 ms]
      [Free CSet: 0.2 ms]
   [Eden: 47104.0K(47104.0K)->0.0B(47104.0K) Survivors: 5120.0K->5120.0K Heap: 238.5M(1024.0M)->192.8M(1024.0M)]
 [Times: user=0.28 sys=0.00, real=0.03 secs] 
2023-06-17T19:47:42.754+0000: 358482.380: [GC pause (G1 Evacuation Pause) (young), 0.0235712 secs]
   [Parallel Time: 9.4 ms, GC Workers: 43]
      [GC Worker Start (ms): Min: 358482380.0, Avg: 358482381.4, Max: 358482382.7, Diff: 2.7]
      [Ext Root Scanning (ms): Min: 0.0, Avg: 0.5, Max: 1.7, Diff: 1.7, Sum: 20.4]
      [Update RS (ms): Min: 0.0, Avg: 0.7, Max: 1.4, Diff: 1.4, Sum: 31.9]
         [Processed Buffers: Min: 0, Avg: 2.1, Max: 11, Diff: 11, Sum: 90]
      [Scan RS (ms): Min: 0.0, Avg: 0.0, Max: 0.1, Diff: 0.1, Sum: 1.0]
      [Code Root Scanning (ms): Min: 0.0, Avg: 0.0, Max: 0.1, Diff: 0.1, Sum: 0.2]
      [Object Copy (ms): Min: 3.9, Avg: 4.3, Max: 4.6, Diff: 0.7, Sum: 185.3]
      [Termination (ms): Min: 0.1, Avg: 0.1, Max: 0.2, Diff: 0.2, Sum: 6.4]
         [Termination Attempts: Min: 1, Avg: 6.8, Max: 10, Diff: 9, Sum: 292]
      [GC Worker Other (ms): Min: 0.0, Avg: 0.1, Max: 0.3, Diff: 0.3, Sum: 4.2]
      [GC Worker Total (ms): Min: 4.5, Avg: 5.8, Max: 7.3, Diff: 2.8, Sum: 249.4]
      [GC Worker End (ms): Min: 358482387.2, Avg: 358482387.2, Max: 358482387.4, Diff: 0.3]
   [Code Root Fixup: 0.0 ms]
   [Code Root Purge: 0.0 ms]
   [Clear CT: 4.9 ms]
   [Other: 9.3 ms]
      [Choose CSet: 0.0 ms]
      [Ref Proc: 3.9 ms]
      [Ref Enq: 0.0 ms]
      [Redirty Cards: 4.8 ms]
      [Humongous Register: 0.1 ms]
      [Humongous Reclaim: 0.0 ms]
      [Free CSet: 0.1 ms]
   [Eden: 47104.0K(47104.0K)->0.0B(47104.0K) Survivors: 5120.0K->5120.0K Heap: 238.8M(1024.0M)->192.9M(1024.0M)]
 [Times: user=0.30 sys=0.00, real=0.02 secs] 
2023-06-17T20:04:42.502+0000: 359502.127: [GC pause (G1 Evacuation Pause) (young), 0.0228184 secs]
   [Parallel Time: 8.2 ms, GC Workers: 43]
      [GC Worker Start (ms): Min: 359502127.5, Avg: 359502128.9, Max: 359502130.1, Diff: 2.6]
      [Ext Root Scanning (ms): Min: 0.0, Avg: 0.4, Max: 1.5, Diff: 1.5, Sum: 18.2]
      [Update RS (ms): Min: 0.0, Avg: 0.9, Max: 1.6, Diff: 1.6, Sum: 38.1]
         [Processed Buffers: Min: 0, Avg: 2.1, Max: 10, Diff: 10, Sum: 90]
      [Scan RS (ms): Min: 0.0, Avg: 0.0, Max: 0.1, Diff: 0.1, Sum: 0.9]
      [Code Root Scanning (ms): Min: 0.0, Avg: 0.0, Max: 0.1, Diff: 0.1, Sum: 0.1]
      [Object Copy (ms): Min: 2.6, Avg: 3.1, Max: 3.4, Diff: 0.8, Sum: 135.1]
      [Termination (ms): Min: 0.0, Avg: 0.1, Max: 0.1, Diff: 0.1, Sum: 2.7]
         [Termination Attempts: Min: 1, Avg: 1.1, Max: 2, Diff: 1, Sum: 49]
      [GC Worker Other (ms): Min: 0.0, Avg: 0.1, Max: 0.2, Diff: 0.2, Sum: 3.1]
      [GC Worker Total (ms): Min: 3.4, Avg: 4.6, Max: 6.1, Diff: 2.7, Sum: 198.2]
      [GC Worker End (ms): Min: 359502133.5, Avg: 359502133.5, Max: 359502133.7, Diff: 0.2]
   [Code Root Fixup: 0.0 ms]
   [Code Root Purge: 0.0 ms]
   [Clear CT: 5.0 ms]
   [Other: 9.6 ms]
      [Choose CSet: 0.0 ms]
      [Ref Proc: 3.7 ms]
      [Ref Enq: 0.0 ms]
      [Redirty Cards: 5.2 ms]
      [Humongous Register: 0.1 ms]
      [Humongous Reclaim: 0.0 ms]
      [Free CSet: 0.1 ms]
   [Eden: 47104.0K(47104.0K)->0.0B(47104.0K) Survivors: 5120.0K->5120.0K Heap: 238.9M(1024.0M)->192.9M(1024.0M)]
 [Times: user=0.25 sys=0.01, real=0.02 secs] 
2023-06-17T20:20:31.487+0000: 360451.112: [GC pause (G1 Evacuation Pause) (young), 0.0245433 secs]
   [Parallel Time: 9.5 ms, GC Workers: 43]
      [GC Worker Start (ms): Min: 360451112.8, Avg: 360451114.3, Max: 360451115.5, Diff: 2.7]
      [Ext Root Scanning (ms): Min: 0.0, Avg: 0.5, Max: 1.7, Diff: 1.7, Sum: 21.0]
      [Update RS (ms): Min: 0.0, Avg: 0.7, Max: 1.3, Diff: 1.3, Sum: 31.7]
         [Processed Buffers: Min: 0, Avg: 2.1, Max: 9, Diff: 9, Sum: 90]
      [Scan RS (ms): Min: 0.0, Avg: 0.0, Max: 0.1, Diff: 0.1, Sum: 0.8]
      [Code Root Scanning (ms): Min: 0.0, Avg: 0.0, Max: 0.1, Diff: 0.1, Sum: 0.2]
      [Object Copy (ms): Min: 2.4, Avg: 2.9, Max: 3.1, Diff: 0.7, Sum: 126.7]
      [Termination (ms): Min: 0.0, Avg: 0.1, Max: 0.2, Diff: 0.2, Sum: 4.7]
         [Termination Attempts: Min: 1, Avg: 2.5, Max: 4, Diff: 3, Sum: 106]
      [GC Worker Other (ms): Min: 0.0, Avg: 0.0, Max: 0.2, Diff: 0.2, Sum: 1.8]
      [GC Worker Total (ms): Min: 3.1, Avg: 4.3, Max: 5.8, Diff: 2.7, Sum: 186.9]
      [GC Worker End (ms): Min: 360451118.6, Avg: 360451118.6, Max: 360451118.7, Diff: 0.2]
   [Code Root Fixup: 0.0 ms]
   [Code Root Purge: 0.0 ms]
   [Clear CT: 5.4 ms]
   [Other: 9.6 ms]
      [Choose CSet: 0.0 ms]
      [Ref Proc: 3.7 ms]
      [Ref Enq: 0.0 ms]
      [Redirty Cards: 5.0 ms]
      [Humongous Register: 0.1 ms]
      [Humongous Reclaim: 0.0 ms]
      [Free CSet: 0.1 ms]
   [Eden: 47104.0K(47104.0K)->0.0B(47104.0K) Survivors: 5120.0K->5120.0K Heap: 238.9M(1024.0M)->193.2M(1024.0M)]
 [Times: user=0.25 sys=0.00, real=0.03 secs] 
2023-06-17T20:37:31.061+0000: 361470.687: [GC pause (G1 Evacuation Pause) (young), 0.0207657 secs]
   [Parallel Time: 7.2 ms, GC Workers: 43]
      [GC Worker Start (ms): Min: 361470687.3, Avg: 361470688.7, Max: 361470690.0, Diff: 2.6]
      [Ext Root Scanning (ms): Min: 0.0, Avg: 0.5, Max: 2.0, Diff: 2.0, Sum: 21.2]
      [Update RS (ms): Min: 0.0, Avg: 0.8, Max: 1.2, Diff: 1.2, Sum: 32.4]
         [Processed Buffers: Min: 0, Avg: 2.1, Max: 7, Diff: 7, Sum: 91]
      [Scan RS (ms): Min: 0.0, Avg: 0.0, Max: 0.1, Diff: 0.1, Sum: 0.8]
      [Code Root Scanning (ms): Min: 0.0, Avg: 0.0, Max: 0.1, Diff: 0.1, Sum: 0.1]
      [Object Copy (ms): Min: 2.3, Avg: 2.8, Max: 3.1, Diff: 0.7, Sum: 120.3]
      [Termination (ms): Min: 0.0, Avg: 0.1, Max: 0.2, Diff: 0.2, Sum: 5.0]
         [Termination Attempts: Min: 1, Avg: 2.0, Max: 4, Diff: 3, Sum: 87]
      [GC Worker Other (ms): Min: 0.0, Avg: 0.1, Max: 0.4, Diff: 0.3, Sum: 5.6]
      [GC Worker Total (ms): Min: 3.0, Avg: 4.3, Max: 5.7, Diff: 2.6, Sum: 185.4]
      [GC Worker End (ms): Min: 361470692.9, Avg: 361470693.0, Max: 361470693.3, Diff: 0.3]
   [Code Root Fixup: 0.0 ms]
   [Code Root Purge: 0.0 ms]
   [Clear CT: 4.9 ms]
   [Other: 8.7 ms]
      [Choose CSet: 0.0 ms]
      [Ref Proc: 3.3 ms]
      [Ref Enq: 0.0 ms]
      [Redirty Cards: 4.8 ms]
      [Humongous Register: 0.1 ms]
      [Humongous Reclaim: 0.0 ms]
      [Free CSet: 0.1 ms]
   [Eden: 47104.0K(47104.0K)->0.0B(47104.0K) Survivors: 5120.0K->5120.0K Heap: 239.2M(1024.0M)->193.1M(1024.0M)]
 [Times: user=0.22 sys=0.01, real=0.02 secs] 
2023-06-17T20:54:31.544+0000: 362491.169: [GC pause (G1 Evacuation Pause) (young), 0.0241102 secs]
   [Parallel Time: 7.6 ms, GC Workers: 43]
      [GC Worker Start (ms): Min: 362491169.6, Avg: 362491171.0, Max: 362491172.2, Diff: 2.6]
      [Ext Root Scanning (ms): Min: 0.0, Avg: 0.7, Max: 5.2, Diff: 5.2, Sum: 28.6]
      [Update RS (ms): Min: 0.0, Avg: 0.8, Max: 1.3, Diff: 1.3, Sum: 32.6]
         [Processed Buffers: Min: 0, Avg: 2.1, Max: 8, Diff: 8, Sum: 91]
      [Scan RS (ms): Min: 0.0, Avg: 0.0, Max: 0.1, Diff: 0.1, Sum: 0.7]
      [Code Root Scanning (ms): Min: 0.0, Avg: 0.0, Max: 0.1, Diff: 0.1, Sum: 0.2]
      [Object Copy (ms): Min: 0.1, Avg: 2.5, Max: 2.8, Diff: 2.7, Sum: 107.2]
      [Termination (ms): Min: 0.0, Avg: 0.1, Max: 0.1, Diff: 0.1, Sum: 2.6]
         [Termination Attempts: Min: 1, Avg: 1.1, Max: 2, Diff: 1, Sum: 46]
      [GC Worker Other (ms): Min: 0.0, Avg: 0.1, Max: 0.3, Diff: 0.2, Sum: 3.5]
      [GC Worker Total (ms): Min: 2.8, Avg: 4.1, Max: 5.4, Diff: 2.6, Sum: 175.4]
      [GC Worker End (ms): Min: 362491175.0, Avg: 362491175.1, Max: 362491175.3, Diff: 0.3]
   [Code Root Fixup: 0.0 ms]
   [Code Root Purge: 0.0 ms]
   [Clear CT: 4.9 ms]
   [Other: 11.6 ms]
      [Choose CSet: 0.0 ms]
      [Ref Proc: 5.9 ms]
      [Ref Enq: 0.0 ms]
      [Redirty Cards: 5.1 ms]
      [Humongous Register: 0.1 ms]
      [Humongous Reclaim: 0.0 ms]
      [Free CSet: 0.2 ms]
   [Eden: 47104.0K(47104.0K)->0.0B(47104.0K) Survivors: 5120.0K->5120.0K Heap: 239.1M(1024.0M)->192.9M(1024.0M)]
 [Times: user=0.23 sys=0.00, real=0.02 secs] 
2023-06-17T21:10:42.591+0000: 363462.216: [GC pause (G1 Evacuation Pause) (young), 0.0249191 secs]
   [Parallel Time: 9.6 ms, GC Workers: 43]
      [GC Worker Start (ms): Min: 363462216.5, Avg: 363462217.9, Max: 363462219.1, Diff: 2.7]
      [Ext Root Scanning (ms): Min: 0.0, Avg: 0.5, Max: 1.7, Diff: 1.6, Sum: 19.9]
      [Update RS (ms): Min: 0.0, Avg: 0.7, Max: 1.3, Diff: 1.3, Sum: 31.2]
         [Processed Buffers: Min: 0, Avg: 2.1, Max: 14, Diff: 14, Sum: 89]
      [Scan RS (ms): Min: 0.0, Avg: 0.0, Max: 0.1, Diff: 0.1, Sum: 0.7]
      [Code Root Scanning (ms): Min: 0.0, Avg: 0.0, Max: 0.2, Diff: 0.2, Sum: 0.3]
      [Object Copy (ms): Min: 2.6, Avg: 3.1, Max: 3.3, Diff: 0.6, Sum: 131.3]
      [Termination (ms): Min: 0.0, Avg: 0.1, Max: 0.2, Diff: 0.2, Sum: 4.4]
         [Termination Attempts: Min: 1, Avg: 3.2, Max: 6, Diff: 5, Sum: 137]
      [GC Worker Other (ms): Min: 0.0, Avg: 0.1, Max: 0.4, Diff: 0.3, Sum: 5.2]
      [GC Worker Total (ms): Min: 3.2, Avg: 4.5, Max: 5.9, Diff: 2.6, Sum: 193.1]
      [GC Worker End (ms): Min: 363462222.3, Avg: 363462222.4, Max: 363462222.7, Diff: 0.3]
   [Code Root Fixup: 0.0 ms]
   [Code Root Purge: 0.0 ms]
   [Clear CT: 5.2 ms]
   [Other: 10.1 ms]
      [Choose CSet: 0.0 ms]
      [Ref Proc: 4.3 ms]
      [Ref Enq: 0.0 ms]
      [Redirty Cards: 5.2 ms]
      [Humongous Register: 0.1 ms]
      [Humongous Reclaim: 0.0 ms]
      [Free CSet: 0.1 ms]
   [Eden: 47104.0K(47104.0K)->0.0B(47104.0K) Survivors: 5120.0K->5120.0K Heap: 238.9M(1024.0M)->192.6M(1024.0M)]
 [Times: user=0.22 sys=0.01, real=0.02 secs] 
2023-06-17T21:27:20.359+0000: 364459.985: [GC pause (G1 Evacuation Pause) (young), 0.0220132 secs]
   [Parallel Time: 8.6 ms, GC Workers: 43]
      [GC Worker Start (ms): Min: 364459985.2, Avg: 364459986.6, Max: 364459987.8, Diff: 2.6]
      [Ext Root Scanning (ms): Min: 0.0, Avg: 1.0, Max: 2.4, Diff: 2.4, Sum: 42.8]
      [Update RS (ms): Min: 0.8, Avg: 1.0, Max: 1.5, Diff: 0.8, Sum: 42.3]
         [Processed Buffers: Min: 0, Avg: 2.1, Max: 9, Diff: 9, Sum: 91]
      [Scan RS (ms): Min: 0.0, Avg: 0.0, Max: 0.1, Diff: 0.1, Sum: 0.7]
      [Code Root Scanning (ms): Min: 0.0, Avg: 0.0, Max: 0.1, Diff: 0.1, Sum: 0.2]
      [Object Copy (ms): Min: 2.6, Avg: 3.1, Max: 3.3, Diff: 0.7, Sum: 132.5]
      [Termination (ms): Min: 0.0, Avg: 0.1, Max: 0.3, Diff: 0.2, Sum: 6.0]
         [Termination Attempts: Min: 1, Avg: 3.2, Max: 5, Diff: 4, Sum: 138]
      [GC Worker Other (ms): Min: 0.0, Avg: 0.1, Max: 0.2, Diff: 0.2, Sum: 3.6]
      [GC Worker Total (ms): Min: 4.1, Avg: 5.3, Max: 6.7, Diff: 2.6, Sum: 228.1]
      [GC Worker End (ms): Min: 364459991.9, Avg: 364459991.9, Max: 364459992.1, Diff: 0.2]
   [Code Root Fixup: 0.0 ms]
   [Code Root Purge: 0.0 ms]
   [Clear CT: 4.8 ms]
   [Other: 8.7 ms]
      [Choose CSet: 0.0 ms]
      [Ref Proc: 2.8 ms]
      [Ref Enq: 0.0 ms]
      [Redirty Cards: 4.9 ms]
      [Humongous Register: 0.3 ms]
      [Humongous Reclaim: 0.0 ms]
      [Free CSet: 0.2 ms]
   [Eden: 47104.0K(47104.0K)->0.0B(47104.0K) Survivors: 5120.0K->5120.0K Heap: 238.6M(1024.0M)->192.7M(1024.0M)]
 [Times: user=0.27 sys=0.00, real=0.03 secs] 
2023-06-17T21:44:17.591+0000: 365477.216: [GC pause (G1 Evacuation Pause) (young), 0.0233609 secs]
   [Parallel Time: 8.4 ms, GC Workers: 43]
      [GC Worker Start (ms): Min: 365477216.4, Avg: 365477217.8, Max: 365477219.1, Diff: 2.6]
      [Ext Root Scanning (ms): Min: 0.0, Avg: 0.5, Max: 1.6, Diff: 1.6, Sum: 20.6]
      [Update RS (ms): Min: 0.0, Avg: 0.7, Max: 1.4, Diff: 1.4, Sum: 31.5]
         [Processed Buffers: Min: 0, Avg: 2.1, Max: 10, Diff: 10, Sum: 91]
      [Scan RS (ms): Min: 0.0, Avg: 0.0, Max: 0.1, Diff: 0.1, Sum: 0.8]
      [Code Root Scanning (ms): Min: 0.0, Avg: 0.0, Max: 0.1, Diff: 0.1, Sum: 0.2]
      [Object Copy (ms): Min: 2.6, Avg: 3.2, Max: 3.5, Diff: 0.9, Sum: 137.0]
      [Termination (ms): Min: 0.0, Avg: 0.1, Max: 0.2, Diff: 0.2, Sum: 5.1]
         [Termination Attempts: Min: 1, Avg: 2.9, Max: 5, Diff: 4, Sum: 125]
      [GC Worker Other (ms): Min: 0.0, Avg: 0.1, Max: 0.3, Diff: 0.3, Sum: 4.7]
      [GC Worker Total (ms): Min: 3.3, Avg: 4.6, Max: 5.9, Diff: 2.6, Sum: 199.9]
      [GC Worker End (ms): Min: 365477222.3, Avg: 365477222.4, Max: 365477222.7, Diff: 0.3]
   [Code Root Fixup: 0.0 ms]
   [Code Root Purge: 0.0 ms]
   [Clear CT: 5.0 ms]
   [Other: 10.0 ms]
      [Choose CSet: 0.0 ms]
      [Ref Proc: 4.4 ms]
      [Ref Enq: 0.0 ms]
      [Redirty Cards: 5.0 ms]
      [Humongous Register: 0.1 ms]
      [Humongous Reclaim: 0.0 ms]
      [Free CSet: 0.2 ms]
   [Eden: 47104.0K(47104.0K)->0.0B(47104.0K) Survivors: 5120.0K->5120.0K Heap: 238.7M(1024.0M)->192.6M(1024.0M)]
 [Times: user=0.25 sys=0.00, real=0.02 secs] 
2023-06-17T22:01:18.567+0000: 366498.192: [GC pause (G1 Evacuation Pause) (young), 0.0259614 secs]
   [Parallel Time: 7.9 ms, GC Workers: 43]
      [GC Worker Start (ms): Min: 366498194.5, Avg: 366498196.5, Max: 366498198.7, Diff: 4.2]
      [Ext Root Scanning (ms): Min: 0.0, Avg: 0.4, Max: 3.3, Diff: 3.3, Sum: 15.5]
      [Update RS (ms): Min: 0.0, Avg: 0.6, Max: 1.4, Diff: 1.4, Sum: 24.3]
         [Processed Buffers: Min: 0, Avg: 2.1, Max: 13, Diff: 13, Sum: 90]
      [Scan RS (ms): Min: 0.0, Avg: 0.0, Max: 0.1, Diff: 0.1, Sum: 0.6]
      [Code Root Scanning (ms): Min: 0.0, Avg: 0.0, Max: 0.2, Diff: 0.2, Sum: 0.3]
      [Object Copy (ms): Min: 2.0, Avg: 3.3, Max: 3.8, Diff: 1.8, Sum: 141.2]
      [Termination (ms): Min: 0.0, Avg: 0.1, Max: 0.2, Diff: 0.2, Sum: 4.2]
         [Termination Attempts: Min: 1, Avg: 1.9, Max: 3, Diff: 2, Sum: 82]
      [GC Worker Other (ms): Min: 0.0, Avg: 0.1, Max: 0.4, Diff: 0.4, Sum: 6.1]
      [GC Worker Total (ms): Min: 2.4, Avg: 4.5, Max: 6.4, Diff: 4.0, Sum: 192.2]
      [GC Worker End (ms): Min: 366498200.8, Avg: 366498200.9, Max: 366498201.2, Diff: 0.3]
   [Code Root Fixup: 0.0 ms]
   [Code Root Purge: 0.0 ms]
   [Clear CT: 5.4 ms]
   [Other: 12.7 ms]
      [Choose CSet: 0.0 ms]
      [Ref Proc: 4.2 ms]
      [Ref Enq: 0.0 ms]
      [Redirty Cards: 5.6 ms]
      [Humongous Register: 1.9 ms]
      [Humongous Reclaim: 0.0 ms]
      [Free CSet: 0.1 ms]
   [Eden: 47104.0K(47104.0K)->0.0B(48128.0K) Survivors: 5120.0K->4096.0K Heap: 238.6M(1024.0M)->192.9M(1024.0M)]
 [Times: user=0.23 sys=0.03, real=0.03 secs] 
2023-06-17T22:17:32.046+0000: 367471.671: [GC pause (G1 Evacuation Pause) (young), 0.0250344 secs]
   [Parallel Time: 10.4 ms, GC Workers: 43]
      [GC Worker Start (ms): Min: 367471671.5, Avg: 367471672.9, Max: 367471674.0, Diff: 2.6]
      [Ext Root Scanning (ms): Min: 0.0, Avg: 0.5, Max: 1.7, Diff: 1.7, Sum: 21.3]
      [Update RS (ms): Min: 0.0, Avg: 1.1, Max: 1.9, Diff: 1.9, Sum: 45.5]
         [Processed Buffers: Min: 0, Avg: 2.2, Max: 14, Diff: 14, Sum: 94]
      [Scan RS (ms): Min: 0.0, Avg: 0.0, Max: 0.1, Diff: 0.1, Sum: 0.8]
      [Code Root Scanning (ms): Min: 0.0, Avg: 0.0, Max: 0.1, Diff: 0.1, Sum: 0.1]
      [Object Copy (ms): Min: 4.7, Avg: 5.4, Max: 5.8, Diff: 1.2, Sum: 230.3]
      [Termination (ms): Min: 0.0, Avg: 0.1, Max: 0.1, Diff: 0.1, Sum: 3.0]
         [Termination Attempts: Min: 1, Avg: 1.0, Max: 1, Diff: 0, Sum: 43]
      [GC Worker Other (ms): Min: 0.0, Avg: 0.1, Max: 0.3, Diff: 0.3, Sum: 5.0]
      [GC Worker Total (ms): Min: 5.9, Avg: 7.1, Max: 8.5, Diff: 2.6, Sum: 306.0]
      [GC Worker End (ms): Min: 367471679.9, Avg: 367471680.0, Max: 367471680.2, Diff: 0.3]
   [Code Root Fixup: 0.0 ms]
   [Code Root Purge: 0.0 ms]
   [Clear CT: 4.8 ms]
   [Other: 9.8 ms]
      [Choose CSet: 0.0 ms]
      [Ref Proc: 4.3 ms]
      [Ref Enq: 0.0 ms]
      [Redirty Cards: 4.9 ms]
      [Humongous Register: 0.1 ms]
      [Humongous Reclaim: 0.0 ms]
      [Free CSet: 0.1 ms]
   [Eden: 48128.0K(48128.0K)->0.0B(47104.0K) Survivors: 4096.0K->5120.0K Heap: 239.9M(1024.0M)->194.5M(1024.0M)]
 [Times: user=0.35 sys=0.00, real=0.03 secs] 
2023-06-17T22:34:29.942+0000: 368489.567: [GC pause (G1 Evacuation Pause) (young), 0.0206639 secs]
   [Parallel Time: 5.7 ms, GC Workers: 43]
      [GC Worker Start (ms): Min: 368489567.5, Avg: 368489568.7, Max: 368489570.0, Diff: 2.5]
      [Ext Root Scanning (ms): Min: 0.0, Avg: 0.5, Max: 1.5, Diff: 1.5, Sum: 20.0]
      [Update RS (ms): Min: 0.0, Avg: 0.1, Max: 0.4, Diff: 0.4, Sum: 6.2]
         [Processed Buffers: Min: 0, Avg: 2.1, Max: 7, Diff: 7, Sum: 90]
      [Scan RS (ms): Min: 0.0, Avg: 0.0, Max: 0.0, Diff: 0.0, Sum: 0.6]
      [Code Root Scanning (ms): Min: 0.0, Avg: 0.0, Max: 0.1, Diff: 0.1, Sum: 0.1]
      [Object Copy (ms): Min: 0.5, Avg: 1.1, Max: 1.3, Diff: 0.8, Sum: 46.2]
      [Termination (ms): Min: 0.0, Avg: 0.1, Max: 0.2, Diff: 0.2, Sum: 4.0]
         [Termination Attempts: Min: 1, Avg: 1.0, Max: 2, Diff: 1, Sum: 44]
      [GC Worker Other (ms): Min: 0.0, Avg: 0.1, Max: 0.4, Diff: 0.3, Sum: 4.6]
      [GC Worker Total (ms): Min: 0.7, Avg: 1.9, Max: 3.4, Diff: 2.7, Sum: 81.8]
      [GC Worker End (ms): Min: 368489570.6, Avg: 368489570.6, Max: 368489570.9, Diff: 0.3]
   [Code Root Fixup: 0.0 ms]
   [Code Root Purge: 0.0 ms]
   [Clear CT: 5.9 ms]
   [Other: 9.0 ms]
      [Choose CSet: 0.0 ms]
      [Ref Proc: 3.1 ms]
      [Ref Enq: 0.0 ms]
      [Redirty Cards: 5.3 ms]
      [Humongous Register: 0.1 ms]
      [Humongous Reclaim: 0.0 ms]
      [Free CSet: 0.1 ms]
   [Eden: 47104.0K(47104.0K)->0.0B(48128.0K) Survivors: 5120.0K->4096.0K Heap: 240.5M(1024.0M)->193.2M(1024.0M)]
 [Times: user=0.14 sys=0.00, real=0.02 secs] 
2023-06-17T22:51:41.908+0000: 369521.534: [GC pause (G1 Evacuation Pause) (young), 0.0228671 secs]
   [Parallel Time: 5.2 ms, GC Workers: 43]
      [GC Worker Start (ms): Min: 369521534.3, Avg: 369521535.6, Max: 369521536.8, Diff: 2.5]
      [Ext Root Scanning (ms): Min: 0.0, Avg: 0.4, Max: 1.6, Diff: 1.6, Sum: 18.5]
      [Update RS (ms): Min: 0.0, Avg: 0.2, Max: 0.6, Diff: 0.6, Sum: 8.6]
         [Processed Buffers: Min: 0, Avg: 2.1, Max: 6, Diff: 6, Sum: 90]
      [Scan RS (ms): Min: 0.0, Avg: 0.0, Max: 0.0, Diff: 0.0, Sum: 0.6]
      [Code Root Scanning (ms): Min: 0.0, Avg: 0.0, Max: 0.0, Diff: 0.0, Sum: 0.0]
      [Object Copy (ms): Min: 0.6, Avg: 1.1, Max: 1.3, Diff: 0.7, Sum: 47.7]
      [Termination (ms): Min: 0.0, Avg: 0.1, Max: 0.2, Diff: 0.2, Sum: 4.7]
         [Termination Attempts: Min: 1, Avg: 1.0, Max: 1, Diff: 0, Sum: 43]
      [GC Worker Other (ms): Min: 0.0, Avg: 0.2, Max: 0.4, Diff: 0.4, Sum: 6.5]
      [GC Worker Total (ms): Min: 0.8, Avg: 2.0, Max: 3.3, Diff: 2.5, Sum: 86.6]
      [GC Worker End (ms): Min: 369521537.5, Avg: 369521537.6, Max: 369521537.9, Diff: 0.4]
   [Code Root Fixup: 0.0 ms]
   [Code Root Purge: 0.0 ms]
   [Clear CT: 7.0 ms]
   [Other: 10.7 ms]
      [Choose CSet: 0.0 ms]
      [Ref Proc: 4.0 ms]
      [Ref Enq: 0.0 ms]
      [Redirty Cards: 6.0 ms]
      [Humongous Register: 0.1 ms]
      [Humongous Reclaim: 0.0 ms]
      [Free CSet: 0.2 ms]
   [Eden: 48128.0K(48128.0K)->0.0B(49152.0K) Survivors: 4096.0K->3072.0K Heap: 240.2M(1024.0M)->192.6M(1024.0M)]
 [Times: user=0.08 sys=0.05, real=0.03 secs] 
2023-06-17T23:09:21.598+0000: 370581.223: [GC pause (G1 Evacuation Pause) (young), 0.0200421 secs]
   [Parallel Time: 6.1 ms, GC Workers: 43]
      [GC Worker Start (ms): Min: 370581223.4, Avg: 370581224.9, Max: 370581226.1, Diff: 2.6]
      [Ext Root Scanning (ms): Min: 0.0, Avg: 0.5, Max: 1.9, Diff: 1.9, Sum: 21.3]
      [Update RS (ms): Min: 0.0, Avg: 0.1, Max: 0.5, Diff: 0.5, Sum: 6.0]
         [Processed Buffers: Min: 0, Avg: 2.0, Max: 7, Diff: 7, Sum: 88]
      [Scan RS (ms): Min: 0.0, Avg: 0.0, Max: 0.0, Diff: 0.0, Sum: 0.6]
      [Code Root Scanning (ms): Min: 0.0, Avg: 0.0, Max: 0.0, Diff: 0.0, Sum: 0.0]
      [Object Copy (ms): Min: 1.7, Avg: 2.2, Max: 2.4, Diff: 0.7, Sum: 94.5]
      [Termination (ms): Min: 0.0, Avg: 0.1, Max: 0.2, Diff: 0.2, Sum: 2.6]
         [Termination Attempts: Min: 1, Avg: 1.0, Max: 2, Diff: 1, Sum: 44]
      [GC Worker Other (ms): Min: 0.0, Avg: 0.2, Max: 0.4, Diff: 0.4, Sum: 7.6]
      [GC Worker Total (ms): Min: 1.9, Avg: 3.1, Max: 4.5, Diff: 2.6, Sum: 132.6]
      [GC Worker End (ms): Min: 370581227.9, Avg: 370581228.0, Max: 370581228.2, Diff: 0.4]
   [Code Root Fixup: 0.0 ms]
   [Code Root Purge: 0.0 ms]
   [Clear CT: 5.4 ms]
   [Other: 8.5 ms]
      [Choose CSet: 0.0 ms]
      [Ref Proc: 2.9 ms]
      [Ref Enq: 0.0 ms]
      [Redirty Cards: 5.1 ms]
      [Humongous Register: 0.1 ms]
      [Humongous Reclaim: 0.0 ms]
      [Free CSet: 0.1 ms]
   [Eden: 49152.0K(49152.0K)->0.0B(48128.0K) Survivors: 3072.0K->4096.0K Heap: 240.6M(1024.0M)->193.0M(1024.0M)]
 [Times: user=0.18 sys=0.00, real=0.02 secs] 
2023-06-17T23:25:38.528+0000: 371558.153: [GC pause (G1 Evacuation Pause) (young), 0.0257875 secs]
   [Parallel Time: 10.7 ms, GC Workers: 43]
      [GC Worker Start (ms): Min: 371558153.5, Avg: 371558154.9, Max: 371558156.1, Diff: 2.6]
      [Ext Root Scanning (ms): Min: 0.0, Avg: 0.7, Max: 7.2, Diff: 7.2, Sum: 30.7]
      [Update RS (ms): Min: 0.0, Avg: 0.2, Max: 0.5, Diff: 0.5, Sum: 7.0]
         [Processed Buffers: Min: 0, Avg: 2.0, Max: 6, Diff: 6, Sum: 87]
      [Scan RS (ms): Min: 0.0, Avg: 0.0, Max: 0.0, Diff: 0.0, Sum: 0.6]
      [Code Root Scanning (ms): Min: 0.0, Avg: 0.0, Max: 0.0, Diff: 0.0, Sum: 0.0]
      [Object Copy (ms): Min: 0.0, Avg: 1.7, Max: 2.0, Diff: 2.0, Sum: 75.0]
      [Termination (ms): Min: 0.0, Avg: 3.3, Max: 3.5, Diff: 3.5, Sum: 140.2]
         [Termination Attempts: Min: 1, Avg: 1.0, Max: 1, Diff: 0, Sum: 43]
      [GC Worker Other (ms): Min: 0.0, Avg: 0.0, Max: 0.2, Diff: 0.2, Sum: 1.8]
      [GC Worker Total (ms): Min: 4.7, Avg: 5.9, Max: 7.3, Diff: 2.5, Sum: 255.2]
      [GC Worker End (ms): Min: 371558160.7, Avg: 371558160.8, Max: 371558161.0, Diff: 0.2]
   [Code Root Fixup: 0.0 ms]
   [Code Root Purge: 0.0 ms]
   [Clear CT: 4.8 ms]
   [Other: 10.2 ms]
      [Choose CSet: 0.0 ms]
      [Ref Proc: 4.6 ms]
      [Ref Enq: 0.0 ms]
      [Redirty Cards: 5.0 ms]
      [Humongous Register: 0.1 ms]
      [Humongous Reclaim: 0.0 ms]
      [Free CSet: 0.1 ms]
   [Eden: 48128.0K(48128.0K)->0.0B(48128.0K) Survivors: 4096.0K->4096.0K Heap: 240.0M(1024.0M)->193.2M(1024.0M)]
 [Times: user=0.31 sys=0.00, real=0.03 secs] 
2023-06-17T23:43:01.798+0000: 372601.423: [GC pause (G1 Evacuation Pause) (young), 0.0222152 secs]
   [Parallel Time: 6.7 ms, GC Workers: 43]
      [GC Worker Start (ms): Min: 372601423.8, Avg: 372601425.2, Max: 372601426.4, Diff: 2.6]
      [Ext Root Scanning (ms): Min: 0.0, Avg: 0.5, Max: 1.7, Diff: 1.7, Sum: 20.8]
      [Update RS (ms): Min: 0.0, Avg: 0.1, Max: 0.4, Diff: 0.4, Sum: 5.4]
         [Processed Buffers: Min: 0, Avg: 2.1, Max: 6, Diff: 6, Sum: 89]
      [Scan RS (ms): Min: 0.0, Avg: 0.0, Max: 0.0, Diff: 0.0, Sum: 0.7]
      [Code Root Scanning (ms): Min: 0.0, Avg: 0.0, Max: 0.0, Diff: 0.0, Sum: 0.0]
      [Object Copy (ms): Min: 1.4, Avg: 2.0, Max: 2.2, Diff: 0.8, Sum: 85.6]
      [Termination (ms): Min: 0.0, Avg: 0.1, Max: 0.2, Diff: 0.2, Sum: 4.7]
         [Termination Attempts: Min: 1, Avg: 1.0, Max: 1, Diff: 0, Sum: 43]
      [GC Worker Other (ms): Min: 0.0, Avg: 0.1, Max: 0.3, Diff: 0.3, Sum: 4.8]
      [GC Worker Total (ms): Min: 1.7, Avg: 2.8, Max: 4.3, Diff: 2.5, Sum: 121.9]
      [GC Worker End (ms): Min: 372601428.0, Avg: 372601428.1, Max: 372601428.3, Diff: 0.3]
   [Code Root Fixup: 0.0 ms]
   [Code Root Purge: 0.0 ms]
   [Clear CT: 5.3 ms]
   [Other: 10.2 ms]
      [Choose CSet: 0.0 ms]
      [Ref Proc: 4.3 ms]
      [Ref Enq: 0.0 ms]
      [Redirty Cards: 5.3 ms]
      [Humongous Register: 0.1 ms]
      [Humongous Reclaim: 0.0 ms]
      [Free CSet: 0.1 ms]
   [Eden: 48128.0K(48128.0K)->0.0B(48128.0K) Survivors: 4096.0K->4096.0K Heap: 240.2M(1024.0M)->193.5M(1024.0M)]
 [Times: user=0.17 sys=0.00, real=0.02 secs] 
2023-06-18T00:00:27.081+0000: 373646.707: [GC pause (G1 Evacuation Pause) (young), 0.0232068 secs]
   [Parallel Time: 7.2 ms, GC Workers: 43]
      [GC Worker Start (ms): Min: 373646707.5, Avg: 373646708.8, Max: 373646710.0, Diff: 2.5]
      [Ext Root Scanning (ms): Min: 0.0, Avg: 1.2, Max: 2.5, Diff: 2.4, Sum: 50.0]
      [Update RS (ms): Min: 0.2, Avg: 0.5, Max: 0.9, Diff: 0.7, Sum: 19.9]
         [Processed Buffers: Min: 0, Avg: 2.0, Max: 9, Diff: 9, Sum: 86]
      [Scan RS (ms): Min: 0.0, Avg: 0.0, Max: 0.0, Diff: 0.0, Sum: 0.5]
      [Code Root Scanning (ms): Min: 0.0, Avg: 0.0, Max: 0.0, Diff: 0.0, Sum: 0.0]
      [Object Copy (ms): Min: 1.9, Avg: 2.4, Max: 2.6, Diff: 0.7, Sum: 103.3]
      [Termination (ms): Min: 0.0, Avg: 0.1, Max: 0.2, Diff: 0.1, Sum: 3.8]
         [Termination Attempts: Min: 1, Avg: 1.0, Max: 2, Diff: 1, Sum: 44]
      [GC Worker Other (ms): Min: 0.0, Avg: 0.1, Max: 0.4, Diff: 0.3, Sum: 5.7]
      [GC Worker Total (ms): Min: 3.0, Avg: 4.3, Max: 5.6, Diff: 2.6, Sum: 183.2]
      [GC Worker End (ms): Min: 373646713.0, Avg: 373646713.1, Max: 373646713.3, Diff: 0.4]
   [Code Root Fixup: 0.0 ms]
   [Code Root Purge: 0.0 ms]
   [Clear CT: 5.5 ms]
   [Other: 10.5 ms]
      [Choose CSet: 0.0 ms]
      [Ref Proc: 3.9 ms]
      [Ref Enq: 0.0 ms]
      [Redirty Cards: 5.5 ms]
      [Humongous Register: 0.3 ms]
      [Humongous Reclaim: 0.0 ms]
      [Free CSet: 0.3 ms]
   [Eden: 48128.0K(48128.0K)->0.0B(48128.0K) Survivors: 4096.0K->4096.0K Heap: 240.5M(1024.0M)->193.5M(1024.0M)]
 [Times: user=0.18 sys=0.04, real=0.02 secs] 
2023-06-18T00:16:38.163+0000: 374617.789: [GC pause (G1 Evacuation Pause) (young), 0.0223254 secs]
   [Parallel Time: 6.1 ms, GC Workers: 43]
      [GC Worker Start (ms): Min: 374617791.3, Avg: 374617793.4, Max: 374617795.9, Diff: 4.6]
      [Ext Root Scanning (ms): Min: 0.0, Avg: 0.4, Max: 2.0, Diff: 2.0, Sum: 19.0]
      [Update RS (ms): Min: 0.0, Avg: 0.2, Max: 0.6, Diff: 0.6, Sum: 8.2]
         [Processed Buffers: Min: 0, Avg: 2.1, Max: 12, Diff: 12, Sum: 89]
      [Scan RS (ms): Min: 0.0, Avg: 0.0, Max: 0.0, Diff: 0.0, Sum: 0.6]
      [Code Root Scanning (ms): Min: 0.0, Avg: 0.0, Max: 0.0, Diff: 0.0, Sum: 0.0]
      [Object Copy (ms): Min: 0.1, Avg: 1.7, Max: 2.2, Diff: 2.1, Sum: 73.1]
      [Termination (ms): Min: 0.0, Avg: 0.2, Max: 0.2, Diff: 0.2, Sum: 8.4]
         [Termination Attempts: Min: 1, Avg: 1.0, Max: 1, Diff: 0, Sum: 43]
      [GC Worker Other (ms): Min: 0.0, Avg: 0.1, Max: 0.4, Diff: 0.4, Sum: 6.2]
      [GC Worker Total (ms): Min: 0.1, Avg: 2.7, Max: 4.8, Diff: 4.7, Sum: 115.6]
      [GC Worker End (ms): Min: 374617796.0, Avg: 374617796.1, Max: 374617796.4, Diff: 0.4]
   [Code Root Fixup: 0.0 ms]
   [Code Root Purge: 0.0 ms]
   [Clear CT: 5.0 ms]
   [Other: 11.2 ms]
      [Choose CSet: 0.0 ms]
      [Ref Proc: 3.8 ms]
      [Ref Enq: 0.0 ms]
      [Redirty Cards: 4.9 ms]
      [Humongous Register: 1.8 ms]
      [Humongous Reclaim: 0.0 ms]
      [Free CSet: 0.1 ms]
   [Eden: 48128.0K(48128.0K)->0.0B(48128.0K) Survivors: 4096.0K->4096.0K Heap: 240.5M(1024.0M)->193.6M(1024.0M)]
 [Times: user=0.16 sys=0.00, real=0.02 secs] 
2023-06-18T00:34:06.945+0000: 375666.570: [GC pause (G1 Evacuation Pause) (young), 0.0226705 secs]
   [Parallel Time: 8.4 ms, GC Workers: 43]
      [GC Worker Start (ms): Min: 375666570.7, Avg: 375666572.0, Max: 375666573.2, Diff: 2.5]
      [Ext Root Scanning (ms): Min: 0.0, Avg: 0.5, Max: 1.7, Diff: 1.7, Sum: 21.3]
      [Update RS (ms): Min: 0.0, Avg: 0.2, Max: 0.5, Diff: 0.5, Sum: 6.8]
         [Processed Buffers: Min: 0, Avg: 1.9, Max: 6, Diff: 6, Sum: 81]
      [Scan RS (ms): Min: 0.0, Avg: 0.0, Max: 0.0, Diff: 0.0, Sum: 0.7]
      [Code Root Scanning (ms): Min: 0.0, Avg: 0.0, Max: 0.0, Diff: 0.0, Sum: 0.0]
      [Object Copy (ms): Min: 2.0, Avg: 2.5, Max: 2.8, Diff: 0.8, Sum: 108.5]
      [Termination (ms): Min: 0.0, Avg: 0.1, Max: 0.2, Diff: 0.2, Sum: 3.5]
         [Termination Attempts: Min: 1, Avg: 1.0, Max: 1, Diff: 0, Sum: 43]
      [GC Worker Other (ms): Min: 0.0, Avg: 0.2, Max: 0.5, Diff: 0.5, Sum: 6.9]
      [GC Worker Total (ms): Min: 2.2, Avg: 3.4, Max: 4.8, Diff: 2.6, Sum: 147.8]
      [GC Worker End (ms): Min: 375666575.3, Avg: 375666575.4, Max: 375666575.7, Diff: 0.4]
   [Code Root Fixup: 0.0 ms]
   [Code Root Purge: 0.0 ms]
   [Clear CT: 4.9 ms]
   [Other: 9.3 ms]
      [Choose CSet: 0.0 ms]
      [Ref Proc: 3.8 ms]
      [Ref Enq: 0.0 ms]
      [Redirty Cards: 4.9 ms]
      [Humongous Register: 0.1 ms]
      [Humongous Reclaim: 0.0 ms]
      [Free CSet: 0.1 ms]
   [Eden: 48128.0K(48128.0K)->0.0B(48128.0K) Survivors: 4096.0K->4096.0K Heap: 240.6M(1024.0M)->193.5M(1024.0M)]
 [Times: user=0.21 sys=0.00, real=0.02 secs] 
2023-06-18T00:51:32.591+0000: 376712.217: [GC pause (G1 Evacuation Pause) (young), 0.0224322 secs]
   [Parallel Time: 8.4 ms, GC Workers: 43]
      [GC Worker Start (ms): Min: 376712216.9, Avg: 376712218.2, Max: 376712219.4, Diff: 2.5]
      [Ext Root Scanning (ms): Min: 0.0, Avg: 0.4, Max: 1.7, Diff: 1.7, Sum: 18.0]
      [Update RS (ms): Min: 0.0, Avg: 0.1, Max: 0.4, Diff: 0.4, Sum: 5.3]
         [Processed Buffers: Min: 0, Avg: 2.1, Max: 8, Diff: 8, Sum: 90]
      [Scan RS (ms): Min: 0.0, Avg: 0.0, Max: 0.0, Diff: 0.0, Sum: 0.6]
      [Code Root Scanning (ms): Min: 0.0, Avg: 0.0, Max: 0.0, Diff: 0.0, Sum: 0.0]
      [Object Copy (ms): Min: 2.0, Avg: 2.7, Max: 3.1, Diff: 1.0, Sum: 117.2]
      [Termination (ms): Min: 0.0, Avg: 0.1, Max: 0.1, Diff: 0.1, Sum: 3.3]
         [Termination Attempts: Min: 1, Avg: 1.0, Max: 2, Diff: 1, Sum: 45]
      [GC Worker Other (ms): Min: 0.0, Avg: 0.2, Max: 0.5, Diff: 0.5, Sum: 6.6]
      [GC Worker Total (ms): Min: 2.2, Avg: 3.5, Max: 4.7, Diff: 2.5, Sum: 151.0]
      [GC Worker End (ms): Min: 376712221.6, Avg: 376712221.7, Max: 376712221.9, Diff: 0.4]
   [Code Root Fixup: 0.0 ms]
   [Code Root Purge: 0.0 ms]
   [Clear CT: 5.0 ms]
   [Other: 9.0 ms]
      [Choose CSet: 0.0 ms]
      [Ref Proc: 3.5 ms]
      [Ref Enq: 0.0 ms]
      [Redirty Cards: 4.9 ms]
      [Humongous Register: 0.1 ms]
      [Humongous Reclaim: 0.0 ms]
      [Free CSet: 0.1 ms]
   [Eden: 48128.0K(48128.0K)->0.0B(47104.0K) Survivors: 4096.0K->5120.0K Heap: 240.5M(1024.0M)->194.1M(1024.0M)]
 [Times: user=0.20 sys=0.00, real=0.02 secs] 
2023-06-18T01:08:29.944+0000: 377729.570: [GC pause (G1 Evacuation Pause) (young), 0.0221586 secs]
   [Parallel Time: 8.5 ms, GC Workers: 43]
      [GC Worker Start (ms): Min: 377729570.5, Avg: 377729571.8, Max: 377729573.1, Diff: 2.5]
      [Ext Root Scanning (ms): Min: 0.0, Avg: 1.2, Max: 6.9, Diff: 6.9, Sum: 53.6]
      [Update RS (ms): Min: 0.0, Avg: 0.4, Max: 0.8, Diff: 0.8, Sum: 17.2]
         [Processed Buffers: Min: 0, Avg: 2.0, Max: 7, Diff: 7, Sum: 87]
      [Scan RS (ms): Min: 0.0, Avg: 0.0, Max: 0.0, Diff: 0.0, Sum: 0.6]
      [Code Root Scanning (ms): Min: 0.0, Avg: 0.0, Max: 0.0, Diff: 0.0, Sum: 0.0]
      [Object Copy (ms): Min: 0.0, Avg: 3.2, Max: 3.5, Diff: 3.5, Sum: 136.6]
      [Termination (ms): Min: 0.0, Avg: 0.9, Max: 0.9, Diff: 0.9, Sum: 36.7]
         [Termination Attempts: Min: 1, Avg: 1.0, Max: 1, Diff: 0, Sum: 43]
      [GC Worker Other (ms): Min: 0.0, Avg: 0.1, Max: 0.4, Diff: 0.4, Sum: 2.3]
      [GC Worker Total (ms): Min: 4.5, Avg: 5.7, Max: 7.0, Diff: 2.5, Sum: 247.0]
      [GC Worker End (ms): Min: 377729577.5, Avg: 377729577.6, Max: 377729577.7, Diff: 0.2]
   [Code Root Fixup: 0.0 ms]
   [Code Root Purge: 0.0 ms]
   [Clear CT: 4.7 ms]
   [Other: 9.0 ms]
      [Choose CSet: 0.0 ms]
      [Ref Proc: 3.1 ms]
      [Ref Enq: 0.0 ms]
      [Redirty Cards: 4.9 ms]
      [Humongous Register: 0.3 ms]
      [Humongous Reclaim: 0.0 ms]
      [Free CSet: 0.2 ms]
   [Eden: 47104.0K(47104.0K)->0.0B(47104.0K) Survivors: 5120.0K->5120.0K Heap: 240.1M(1024.0M)->194.1M(1024.0M)]
 [Times: user=0.27 sys=0.02, real=0.02 secs] 
2023-06-18T01:24:25.231+0000: 378684.856: [GC pause (G1 Evacuation Pause) (young), 0.0241673 secs]
   [Parallel Time: 7.3 ms, GC Workers: 43]
      [GC Worker Start (ms): Min: 378684858.5, Avg: 378684860.5, Max: 378684862.7, Diff: 4.3]
      [Ext Root Scanning (ms): Min: 0.0, Avg: 0.4, Max: 2.1, Diff: 2.1, Sum: 17.9]
      [Update RS (ms): Min: 0.0, Avg: 0.1, Max: 0.5, Diff: 0.5, Sum: 6.3]
         [Processed Buffers: Min: 0, Avg: 2.0, Max: 10, Diff: 10, Sum: 88]
      [Scan RS (ms): Min: 0.0, Avg: 0.0, Max: 0.0, Diff: 0.0, Sum: 0.6]
      [Code Root Scanning (ms): Min: 0.0, Avg: 0.0, Max: 0.0, Diff: 0.0, Sum: 0.0]
      [Object Copy (ms): Min: 0.5, Avg: 2.1, Max: 2.6, Diff: 2.1, Sum: 89.7]
      [Termination (ms): Min: 0.0, Avg: 0.1, Max: 0.2, Diff: 0.2, Sum: 2.4]
         [Termination Attempts: Min: 1, Avg: 1.0, Max: 1, Diff: 0, Sum: 43]
      [GC Worker Other (ms): Min: 0.0, Avg: 0.1, Max: 0.4, Diff: 0.4, Sum: 4.1]
      [GC Worker Total (ms): Min: 0.6, Avg: 2.8, Max: 4.8, Diff: 4.3, Sum: 121.0]
      [GC Worker End (ms): Min: 378684863.3, Avg: 378684863.3, Max: 378684863.5, Diff: 0.2]
   [Code Root Fixup: 0.0 ms]
   [Code Root Purge: 0.0 ms]
   [Clear CT: 5.3 ms]
   [Other: 11.6 ms]
      [Choose CSet: 0.0 ms]
      [Ref Proc: 3.9 ms]
      [Ref Enq: 0.0 ms]
      [Redirty Cards: 5.2 ms]
      [Humongous Register: 1.8 ms]
      [Humongous Reclaim: 0.0 ms]
      [Free CSet: 0.1 ms]
   [Eden: 47104.0K(47104.0K)->0.0B(47104.0K) Survivors: 5120.0K->5120.0K Heap: 240.1M(1024.0M)->194.1M(1024.0M)]
 [Times: user=0.18 sys=0.00, real=0.02 secs] 
2023-06-18T01:41:28.650+0000: 379708.276: [GC pause (G1 Evacuation Pause) (young), 0.0211581 secs]
   [Parallel Time: 7.0 ms, GC Workers: 43]
      [GC Worker Start (ms): Min: 379708275.9, Avg: 379708277.3, Max: 379708278.5, Diff: 2.6]
      [Ext Root Scanning (ms): Min: 0.0, Avg: 0.5, Max: 1.7, Diff: 1.7, Sum: 21.0]
      [Update RS (ms): Min: 0.0, Avg: 0.2, Max: 0.6, Diff: 0.6, Sum: 7.2]
         [Processed Buffers: Min: 0, Avg: 1.9, Max: 7, Diff: 7, Sum: 83]
      [Scan RS (ms): Min: 0.0, Avg: 0.0, Max: 0.0, Diff: 0.0, Sum: 0.7]
      [Code Root Scanning (ms): Min: 0.0, Avg: 0.0, Max: 0.0, Diff: 0.0, Sum: 0.0]
      [Object Copy (ms): Min: 2.2, Avg: 2.7, Max: 2.8, Diff: 0.7, Sum: 115.0]
      [Termination (ms): Min: 0.0, Avg: 0.1, Max: 0.1, Diff: 0.1, Sum: 2.5]
         [Termination Attempts: Min: 1, Avg: 1.0, Max: 1, Diff: 0, Sum: 43]
      [GC Worker Other (ms): Min: 0.0, Avg: 0.1, Max: 0.3, Diff: 0.3, Sum: 4.2]
      [GC Worker Total (ms): Min: 2.3, Avg: 3.5, Max: 4.9, Diff: 2.6, Sum: 150.6]
      [GC Worker End (ms): Min: 379708280.8, Avg: 379708280.8, Max: 379708281.0, Diff: 0.3]
   [Code Root Fixup: 0.0 ms]
   [Code Root Purge: 0.0 ms]
   [Clear CT: 5.0 ms]
   [Other: 9.1 ms]
      [Choose CSet: 0.0 ms]
      [Ref Proc: 3.0 ms]
      [Ref Enq: 0.0 ms]
      [Redirty Cards: 5.6 ms]
      [Humongous Register: 0.1 ms]
      [Humongous Reclaim: 0.0 ms]
      [Free CSet: 0.1 ms]
   [Eden: 47104.0K(47104.0K)->0.0B(48128.0K) Survivors: 5120.0K->4096.0K Heap: 240.1M(1024.0M)->193.2M(1024.0M)]
 [Times: user=0.20 sys=0.00, real=0.02 secs] 
2023-06-18T01:58:54.974+0000: 380754.600: [GC pause (G1 Evacuation Pause) (young), 0.0223943 secs]
   [Parallel Time: 6.9 ms, GC Workers: 43]
      [GC Worker Start (ms): Min: 380754599.8, Avg: 380754601.2, Max: 380754602.4, Diff: 2.6]
      [Ext Root Scanning (ms): Min: 0.0, Avg: 0.5, Max: 1.7, Diff: 1.7, Sum: 21.9]
      [Update RS (ms): Min: 0.0, Avg: 0.2, Max: 0.5, Diff: 0.5, Sum: 6.7]
         [Processed Buffers: Min: 0, Avg: 2.1, Max: 8, Diff: 8, Sum: 92]
      [Scan RS (ms): Min: 0.0, Avg: 0.0, Max: 0.0, Diff: 0.0, Sum: 0.6]
      [Code Root Scanning (ms): Min: 0.0, Avg: 0.0, Max: 0.0, Diff: 0.0, Sum: 0.0]
      [Object Copy (ms): Min: 2.6, Avg: 3.0, Max: 3.2, Diff: 0.7, Sum: 130.8]
      [Termination (ms): Min: 0.0, Avg: 0.1, Max: 0.1, Diff: 0.1, Sum: 2.6]
         [Termination Attempts: Min: 1, Avg: 1.0, Max: 1, Diff: 0, Sum: 43]
      [GC Worker Other (ms): Min: 0.0, Avg: 0.1, Max: 0.4, Diff: 0.3, Sum: 5.6]
      [GC Worker Total (ms): Min: 2.7, Avg: 3.9, Max: 5.4, Diff: 2.7, Sum: 168.3]
      [GC Worker End (ms): Min: 380754605.0, Avg: 380754605.1, Max: 380754605.3, Diff: 0.3]
   [Code Root Fixup: 0.0 ms]
   [Code Root Purge: 0.0 ms]
   [Clear CT: 6.0 ms]
   [Other: 9.4 ms]
      [Choose CSet: 0.0 ms]
      [Ref Proc: 4.0 ms]
      [Ref Enq: 0.0 ms]
      [Redirty Cards: 4.9 ms]
      [Humongous Register: 0.1 ms]
      [Humongous Reclaim: 0.0 ms]
      [Free CSet: 0.1 ms]
   [Eden: 48128.0K(48128.0K)->0.0B(47104.0K) Survivors: 4096.0K->5120.0K Heap: 240.2M(1024.0M)->194.2M(1024.0M)]
 [Times: user=0.21 sys=0.00, real=0.02 secs] 
2023-06-18T02:14:47.121+0000: 381706.746: [GC pause (G1 Evacuation Pause) (young), 0.0219770 secs]
   [Parallel Time: 7.5 ms, GC Workers: 43]
      [GC Worker Start (ms): Min: 381706746.5, Avg: 381706747.7, Max: 381706749.0, Diff: 2.5]
      [Ext Root Scanning (ms): Min: 0.0, Avg: 0.5, Max: 1.6, Diff: 1.5, Sum: 21.2]
      [Update RS (ms): Min: 0.0, Avg: 0.2, Max: 0.5, Diff: 0.5, Sum: 6.9]
         [Processed Buffers: Min: 0, Avg: 2.0, Max: 7, Diff: 7, Sum: 88]
      [Scan RS (ms): Min: 0.0, Avg: 0.0, Max: 0.0, Diff: 0.0, Sum: 0.5]
      [Code Root Scanning (ms): Min: 0.0, Avg: 0.0, Max: 0.0, Diff: 0.0, Sum: 0.0]
      [Object Copy (ms): Min: 2.2, Avg: 2.9, Max: 3.2, Diff: 1.0, Sum: 122.9]
      [Termination (ms): Min: 0.0, Avg: 0.1, Max: 0.1, Diff: 0.1, Sum: 3.3]
         [Termination Attempts: Min: 1, Avg: 1.0, Max: 1, Diff: 0, Sum: 43]
      [GC Worker Other (ms): Min: 0.0, Avg: 0.1, Max: 0.3, Diff: 0.2, Sum: 3.4]
      [GC Worker Total (ms): Min: 2.4, Avg: 3.7, Max: 5.1, Diff: 2.7, Sum: 158.3]
      [GC Worker End (ms): Min: 381706751.4, Avg: 381706751.4, Max: 381706751.6, Diff: 0.2]
   [Code Root Fixup: 0.0 ms]
   [Code Root Purge: 0.0 ms]
   [Clear CT: 4.9 ms]
   [Other: 9.6 ms]
      [Choose CSet: 0.0 ms]
      [Ref Proc: 4.0 ms]
      [Ref Enq: 0.0 ms]
      [Redirty Cards: 4.9 ms]
      [Humongous Register: 0.1 ms]
      [Humongous Reclaim: 0.0 ms]
      [Free CSet: 0.1 ms]
   [Eden: 47104.0K(47104.0K)->0.0B(47104.0K) Survivors: 5120.0K->5120.0K Heap: 240.2M(1024.0M)->194.0M(1024.0M)]
 [Times: user=0.21 sys=0.00, real=0.03 secs] 
2023-06-18T02:31:53.697+0000: 382733.322: [GC pause (G1 Evacuation Pause) (young), 0.0228361 secs]
   [Parallel Time: 8.3 ms, GC Workers: 43]
      [GC Worker Start (ms): Min: 382733322.5, Avg: 382733323.7, Max: 382733325.0, Diff: 2.5]
      [Ext Root Scanning (ms): Min: 0.0, Avg: 0.6, Max: 6.8, Diff: 6.7, Sum: 25.0]
      [Update RS (ms): Min: 0.0, Avg: 0.1, Max: 0.5, Diff: 0.5, Sum: 6.4]
         [Processed Buffers: Min: 0, Avg: 2.1, Max: 7, Diff: 7, Sum: 90]
      [Scan RS (ms): Min: 0.0, Avg: 0.0, Max: 0.1, Diff: 0.1, Sum: 0.7]
      [Code Root Scanning (ms): Min: 0.0, Avg: 0.0, Max: 0.0, Diff: 0.0, Sum: 0.0]
      [Object Copy (ms): Min: 0.0, Avg: 2.8, Max: 3.1, Diff: 3.1, Sum: 118.8]
      [Termination (ms): Min: 0.0, Avg: 2.1, Max: 2.3, Diff: 2.3, Sum: 91.1]
         [Termination Attempts: Min: 1, Avg: 1.0, Max: 1, Diff: 0, Sum: 43]
      [GC Worker Other (ms): Min: 0.0, Avg: 0.1, Max: 0.3, Diff: 0.2, Sum: 2.5]
      [GC Worker Total (ms): Min: 4.4, Avg: 5.7, Max: 6.9, Diff: 2.5, Sum: 244.5]
      [GC Worker End (ms): Min: 382733329.2, Avg: 382733329.4, Max: 382733329.5, Diff: 0.2]
   [Code Root Fixup: 0.0 ms]
   [Code Root Purge: 0.0 ms]
   [Clear CT: 4.6 ms]
   [Other: 10.0 ms]
      [Choose CSet: 0.0 ms]
      [Ref Proc: 4.2 ms]
      [Ref Enq: 0.0 ms]
      [Redirty Cards: 5.1 ms]
      [Humongous Register: 0.1 ms]
      [Humongous Reclaim: 0.0 ms]
      [Free CSet: 0.1 ms]
   [Eden: 47104.0K(47104.0K)->0.0B(47104.0K) Survivors: 5120.0K->5120.0K Heap: 240.0M(1024.0M)->194.2M(1024.0M)]
 [Times: user=0.26 sys=0.04, real=0.02 secs] 
2023-06-18T02:48:58.826+0000: 383758.451: [GC pause (G1 Evacuation Pause) (young), 0.0225078 secs]
   [Parallel Time: 7.6 ms, GC Workers: 43]
      [GC Worker Start (ms): Min: 383758452.0, Avg: 383758453.4, Max: 383758454.7, Diff: 2.6]
      [Ext Root Scanning (ms): Min: 0.0, Avg: 1.2, Max: 2.6, Diff: 2.6, Sum: 52.1]
      [Update RS (ms): Min: 0.3, Avg: 0.6, Max: 1.4, Diff: 1.1, Sum: 26.9]
         [Processed Buffers: Min: 0, Avg: 2.0, Max: 8, Diff: 8, Sum: 86]
      [Scan RS (ms): Min: 0.0, Avg: 0.0, Max: 0.0, Diff: 0.0, Sum: 0.5]
      [Code Root Scanning (ms): Min: 0.0, Avg: 0.0, Max: 0.0, Diff: 0.0, Sum: 0.0]
      [Object Copy (ms): Min: 2.0, Avg: 2.7, Max: 3.1, Diff: 1.1, Sum: 117.7]
      [Termination (ms): Min: 0.0, Avg: 0.1, Max: 0.1, Diff: 0.1, Sum: 2.8]
         [Termination Attempts: Min: 1, Avg: 1.0, Max: 1, Diff: 0, Sum: 43]
      [GC Worker Other (ms): Min: 0.0, Avg: 0.2, Max: 0.8, Diff: 0.8, Sum: 6.7]
      [GC Worker Total (ms): Min: 3.5, Avg: 4.8, Max: 6.3, Diff: 2.8, Sum: 206.8]
      [GC Worker End (ms): Min: 383758458.2, Avg: 383758458.2, Max: 383758458.5, Diff: 0.3]
   [Code Root Fixup: 0.0 ms]
   [Code Root Purge: 0.0 ms]
   [Clear CT: 4.8 ms]
   [Other: 10.0 ms]
      [Choose CSet: 0.0 ms]
      [Ref Proc: 4.0 ms]
      [Ref Enq: 0.0 ms]
      [Redirty Cards: 4.9 ms]
      [Humongous Register: 0.3 ms]
      [Humongous Reclaim: 0.0 ms]
      [Free CSet: 0.2 ms]
   [Eden: 47104.0K(47104.0K)->0.0B(47104.0K) Survivors: 5120.0K->5120.0K Heap: 240.2M(1024.0M)->194.0M(1024.0M)]
 [Times: user=0.03 sys=0.21, real=0.02 secs] 
2023-06-18T03:06:05.707+0000: 384785.332: [GC pause (G1 Evacuation Pause) (young), 0.0263409 secs]
   [Parallel Time: 7.8 ms, GC Workers: 43]
      [GC Worker Start (ms): Min: 384785334.3, Avg: 384785336.2, Max: 384785338.1, Diff: 3.7]
      [Ext Root Scanning (ms): Min: 0.0, Avg: 0.5, Max: 2.1, Diff: 2.1, Sum: 22.2]
      [Update RS (ms): Min: 0.0, Avg: 0.2, Max: 0.5, Diff: 0.5, Sum: 6.7]
         [Processed Buffers: Min: 0, Avg: 2.0, Max: 7, Diff: 7, Sum: 84]
      [Scan RS (ms): Min: 0.0, Avg: 0.0, Max: 0.0, Diff: 0.0, Sum: 0.6]
      [Code Root Scanning (ms): Min: 0.0, Avg: 0.0, Max: 0.0, Diff: 0.0, Sum: 0.0]
      [Object Copy (ms): Min: 1.4, Avg: 2.6, Max: 3.0, Diff: 1.6, Sum: 112.6]
      [Termination (ms): Min: 0.0, Avg: 0.0, Max: 0.1, Diff: 0.1, Sum: 1.8]
         [Termination Attempts: Min: 1, Avg: 1.0, Max: 1, Diff: 0, Sum: 43]
      [GC Worker Other (ms): Min: 0.0, Avg: 0.1, Max: 0.3, Diff: 0.3, Sum: 5.6]
      [GC Worker Total (ms): Min: 1.7, Avg: 3.5, Max: 5.3, Diff: 3.7, Sum: 149.6]
      [GC Worker End (ms): Min: 384785339.6, Avg: 384785339.7, Max: 384785339.9, Diff: 0.3]
   [Code Root Fixup: 0.0 ms]
   [Code Root Purge: 0.0 ms]
   [Clear CT: 7.1 ms]
   [Other: 11.5 ms]
      [Choose CSet: 0.0 ms]
      [Ref Proc: 3.8 ms]
      [Ref Enq: 0.0 ms]
      [Redirty Cards: 5.2 ms]
      [Humongous Register: 1.8 ms]
      [Humongous Reclaim: 0.0 ms]
      [Free CSet: 0.1 ms]
   [Eden: 47104.0K(47104.0K)->0.0B(47104.0K) Survivors: 5120.0K->5120.0K Heap: 240.0M(1024.0M)->194.4M(1024.0M)]
 [Times: user=0.21 sys=0.00, real=0.03 secs] 
2023-06-18T03:21:57.591+0000: 385737.216: [GC pause (G1 Evacuation Pause) (young), 0.0205114 secs]
   [Parallel Time: 5.9 ms, GC Workers: 43]
      [GC Worker Start (ms): Min: 385737216.8, Avg: 385737218.2, Max: 385737219.4, Diff: 2.6]
      [Ext Root Scanning (ms): Min: 0.0, Avg: 0.4, Max: 1.6, Diff: 1.6, Sum: 17.0]
      [Update RS (ms): Min: 0.0, Avg: 0.1, Max: 0.4, Diff: 0.4, Sum: 5.2]
         [Processed Buffers: Min: 0, Avg: 1.9, Max: 8, Diff: 8, Sum: 82]
      [Scan RS (ms): Min: 0.0, Avg: 0.0, Max: 0.1, Diff: 0.1, Sum: 0.8]
      [Code Root Scanning (ms): Min: 0.0, Avg: 0.0, Max: 0.0, Diff: 0.0, Sum: 0.0]
      [Object Copy (ms): Min: 1.7, Avg: 2.4, Max: 2.6, Diff: 0.9, Sum: 101.6]
      [Termination (ms): Min: 0.0, Avg: 0.1, Max: 0.1, Diff: 0.1, Sum: 2.5]
         [Termination Attempts: Min: 1, Avg: 1.0, Max: 1, Diff: 0, Sum: 43]
      [GC Worker Other (ms): Min: 0.0, Avg: 0.1, Max: 0.3, Diff: 0.3, Sum: 4.7]
      [GC Worker Total (ms): Min: 1.8, Avg: 3.1, Max: 4.4, Diff: 2.6, Sum: 131.8]
      [GC Worker End (ms): Min: 385737221.2, Avg: 385737221.3, Max: 385737221.4, Diff: 0.2]
   [Code Root Fixup: 0.0 ms]
   [Code Root Purge: 0.0 ms]
   [Clear CT: 5.0 ms]
   [Other: 9.6 ms]
      [Choose CSet: 0.0 ms]
      [Ref Proc: 3.8 ms]
      [Ref Enq: 0.0 ms]
      [Redirty Cards: 5.1 ms]
      [Humongous Register: 0.1 ms]
      [Humongous Reclaim: 0.0 ms]
      [Free CSet: 0.1 ms]
   [Eden: 47104.0K(47104.0K)->0.0B(47104.0K) Survivors: 5120.0K->5120.0K Heap: 240.4M(1024.0M)->194.3M(1024.0M)]
 [Times: user=0.16 sys=0.02, real=0.02 secs] 
2023-06-18T03:39:02.032+0000: 386761.658: [GC pause (G1 Evacuation Pause) (young), 0.0228682 secs]
   [Parallel Time: 7.8 ms, GC Workers: 43]
      [GC Worker Start (ms): Min: 386761657.8, Avg: 386761659.3, Max: 386761660.5, Diff: 2.7]
      [Ext Root Scanning (ms): Min: 0.0, Avg: 0.7, Max: 6.4, Diff: 6.4, Sum: 31.7]
      [Update RS (ms): Min: 0.0, Avg: 0.2, Max: 0.5, Diff: 0.5, Sum: 7.3]
         [Processed Buffers: Min: 0, Avg: 2.0, Max: 6, Diff: 6, Sum: 87]
      [Scan RS (ms): Min: 0.0, Avg: 0.0, Max: 0.1, Diff: 0.1, Sum: 0.8]
      [Code Root Scanning (ms): Min: 0.0, Avg: 0.0, Max: 0.0, Diff: 0.0, Sum: 0.0]
      [Object Copy (ms): Min: 0.0, Avg: 2.6, Max: 3.2, Diff: 3.2, Sum: 113.2]
      [Termination (ms): Min: 0.0, Avg: 1.5, Max: 1.6, Diff: 1.6, Sum: 64.6]
         [Termination Attempts: Min: 1, Avg: 1.0, Max: 1, Diff: 0, Sum: 43]
      [GC Worker Other (ms): Min: 0.0, Avg: 0.0, Max: 0.2, Diff: 0.2, Sum: 2.0]
      [GC Worker Total (ms): Min: 3.8, Avg: 5.1, Max: 6.5, Diff: 2.6, Sum: 219.8]
      [GC Worker End (ms): Min: 386761664.3, Avg: 386761664.4, Max: 386761664.5, Diff: 0.2]
   [Code Root Fixup: 0.0 ms]
   [Code Root Purge: 0.0 ms]
   [Clear CT: 4.7 ms]
   [Other: 10.4 ms]
      [Choose CSet: 0.0 ms]
      [Ref Proc: 4.8 ms]
      [Ref Enq: 0.0 ms]
      [Redirty Cards: 4.9 ms]
      [Humongous Register: 0.1 ms]
      [Humongous Reclaim: 0.0 ms]
      [Free CSet: 0.1 ms]
   [Eden: 47104.0K(47104.0K)->0.0B(47104.0K) Survivors: 5120.0K->5120.0K Heap: 240.3M(1024.0M)->194.2M(1024.0M)]
 [Times: user=0.28 sys=0.00, real=0.02 secs] 
2023-06-18T03:56:06.611+0000: 387786.236: [GC pause (G1 Evacuation Pause) (young), 0.0224217 secs]
   [Parallel Time: 7.8 ms, GC Workers: 43]
      [GC Worker Start (ms): Min: 387786236.9, Avg: 387786238.3, Max: 387786239.6, Diff: 2.7]
      [Ext Root Scanning (ms): Min: 0.0, Avg: 1.1, Max: 2.5, Diff: 2.5, Sum: 48.5]
      [Update RS (ms): Min: 0.1, Avg: 0.5, Max: 1.1, Diff: 1.0, Sum: 21.4]
         [Processed Buffers: Min: 0, Avg: 2.0, Max: 9, Diff: 9, Sum: 87]
      [Scan RS (ms): Min: 0.0, Avg: 0.0, Max: 0.0, Diff: 0.0, Sum: 0.5]
      [Code Root Scanning (ms): Min: 0.0, Avg: 0.0, Max: 0.0, Diff: 0.0, Sum: 0.0]
      [Object Copy (ms): Min: 2.1, Avg: 2.7, Max: 3.0, Diff: 0.9, Sum: 116.0]
      [Termination (ms): Min: 0.0, Avg: 0.1, Max: 0.1, Diff: 0.1, Sum: 2.2]
         [Termination Attempts: Min: 1, Avg: 1.0, Max: 1, Diff: 0, Sum: 43]
      [GC Worker Other (ms): Min: 0.0, Avg: 0.1, Max: 0.3, Diff: 0.3, Sum: 4.8]
      [GC Worker Total (ms): Min: 3.1, Avg: 4.5, Max: 5.9, Diff: 2.7, Sum: 193.4]
      [GC Worker End (ms): Min: 387786242.7, Avg: 387786242.8, Max: 387786243.0, Diff: 0.3]
   [Code Root Fixup: 0.0 ms]
   [Code Root Purge: 0.0 ms]
   [Clear CT: 5.5 ms]
   [Other: 9.2 ms]
      [Choose CSet: 0.0 ms]
      [Ref Proc: 2.9 ms]
      [Ref Enq: 0.0 ms]
      [Redirty Cards: 5.1 ms]
      [Humongous Register: 0.3 ms]
      [Humongous Reclaim: 0.0 ms]
      [Free CSet: 0.4 ms]
   [Eden: 47104.0K(47104.0K)->0.0B(47104.0K) Survivors: 5120.0K->5120.0K Heap: 240.2M(1024.0M)->194.3M(1024.0M)]
 [Times: user=0.22 sys=0.00, real=0.02 secs] 
2023-06-18T04:11:56.380+0000: 388736.005: [GC pause (G1 Evacuation Pause) (young), 0.0242718 secs]
   [Parallel Time: 6.3 ms, GC Workers: 43]
      [GC Worker Start (ms): Min: 388736007.5, Avg: 388736009.5, Max: 388736011.3, Diff: 3.7]
      [Ext Root Scanning (ms): Min: 0.0, Avg: 0.5, Max: 2.1, Diff: 2.1, Sum: 22.7]
      [Update RS (ms): Min: 0.0, Avg: 0.1, Max: 0.4, Diff: 0.4, Sum: 6.1]
         [Processed Buffers: Min: 0, Avg: 2.1, Max: 7, Diff: 7, Sum: 89]
      [Scan RS (ms): Min: 0.0, Avg: 0.0, Max: 0.0, Diff: 0.0, Sum: 0.6]
      [Code Root Scanning (ms): Min: 0.0, Avg: 0.0, Max: 0.0, Diff: 0.0, Sum: 0.0]
      [Object Copy (ms): Min: 1.2, Avg: 2.3, Max: 2.6, Diff: 1.4, Sum: 96.9]
      [Termination (ms): Min: 0.0, Avg: 0.0, Max: 0.1, Diff: 0.1, Sum: 1.9]
         [Termination Attempts: Min: 1, Avg: 1.0, Max: 1, Diff: 0, Sum: 43]
      [GC Worker Other (ms): Min: 0.0, Avg: 0.1, Max: 0.4, Diff: 0.4, Sum: 5.3]
      [GC Worker Total (ms): Min: 1.3, Avg: 3.1, Max: 5.1, Diff: 3.9, Sum: 133.6]
      [GC Worker End (ms): Min: 388736012.5, Avg: 388736012.6, Max: 388736012.8, Diff: 0.3]
   [Code Root Fixup: 0.0 ms]
   [Code Root Purge: 0.0 ms]
   [Clear CT: 6.1 ms]
   [Other: 11.9 ms]
      [Choose CSet: 0.0 ms]
      [Ref Proc: 4.0 ms]
      [Ref Enq: 0.0 ms]
      [Redirty Cards: 5.3 ms]
      [Humongous Register: 1.8 ms]
      [Humongous Reclaim: 0.0 ms]
      [Free CSet: 0.1 ms]
   [Eden: 47104.0K(47104.0K)->0.0B(48128.0K) Survivors: 5120.0K->4096.0K Heap: 240.3M(1024.0M)->194.0M(1024.0M)]
 [Times: user=0.18 sys=0.00, real=0.03 secs] 
2023-06-18T04:29:23.844+0000: 389783.469: [GC pause (G1 Evacuation Pause) (young), 0.0211011 secs]
   [Parallel Time: 6.4 ms, GC Workers: 43]
      [GC Worker Start (ms): Min: 389783469.6, Avg: 389783471.0, Max: 389783472.1, Diff: 2.6]
      [Ext Root Scanning (ms): Min: 0.0, Avg: 0.6, Max: 1.8, Diff: 1.8, Sum: 24.2]
      [Update RS (ms): Min: 0.0, Avg: 0.2, Max: 0.4, Diff: 0.4, Sum: 6.7]
         [Processed Buffers: Min: 0, Avg: 1.9, Max: 6, Diff: 6, Sum: 81]
      [Scan RS (ms): Min: 0.0, Avg: 0.0, Max: 0.0, Diff: 0.0, Sum: 0.6]
      [Code Root Scanning (ms): Min: 0.0, Avg: 0.0, Max: 0.0, Diff: 0.0, Sum: 0.0]
      [Object Copy (ms): Min: 2.1, Avg: 2.5, Max: 2.7, Diff: 0.5, Sum: 106.7]
      [Termination (ms): Min: 0.0, Avg: 0.1, Max: 0.1, Diff: 0.1, Sum: 2.8]
         [Termination Attempts: Min: 1, Avg: 1.0, Max: 1, Diff: 0, Sum: 43]
      [GC Worker Other (ms): Min: 0.0, Avg: 0.1, Max: 0.4, Diff: 0.4, Sum: 5.6]
      [GC Worker Total (ms): Min: 2.2, Avg: 3.4, Max: 4.8, Diff: 2.5, Sum: 146.5]
      [GC Worker End (ms): Min: 389783474.3, Avg: 389783474.4, Max: 389783474.7, Diff: 0.3]
   [Code Root Fixup: 0.0 ms]
   [Code Root Purge: 0.0 ms]
   [Clear CT: 5.0 ms]
   [Other: 9.7 ms]
      [Choose CSet: 0.0 ms]
      [Ref Proc: 4.1 ms]
      [Ref Enq: 0.0 ms]
      [Redirty Cards: 5.0 ms]
      [Humongous Register: 0.1 ms]
      [Humongous Reclaim: 0.0 ms]
      [Free CSet: 0.1 ms]
   [Eden: 48128.0K(48128.0K)->0.0B(47104.0K) Survivors: 4096.0K->5120.0K Heap: 241.0M(1024.0M)->194.2M(1024.0M)]
 [Times: user=0.13 sys=0.06, real=0.02 secs] 
2023-06-18T04:46:31.544+0000: 390811.170: [GC pause (G1 Evacuation Pause) (young), 0.0192407 secs]
   [Parallel Time: 5.9 ms, GC Workers: 43]
      [GC Worker Start (ms): Min: 390811169.9, Avg: 390811171.2, Max: 390811172.5, Diff: 2.6]
      [Ext Root Scanning (ms): Min: 0.0, Avg: 0.6, Max: 2.1, Diff: 2.0, Sum: 24.1]
      [Update RS (ms): Min: 0.0, Avg: 0.2, Max: 0.6, Diff: 0.6, Sum: 7.6]
         [Processed Buffers: Min: 0, Avg: 2.0, Max: 6, Diff: 6, Sum: 88]
      [Scan RS (ms): Min: 0.0, Avg: 0.0, Max: 0.1, Diff: 0.0, Sum: 0.6]
      [Code Root Scanning (ms): Min: 0.0, Avg: 0.0, Max: 0.0, Diff: 0.0, Sum: 0.0]
      [Object Copy (ms): Min: 2.4, Avg: 2.9, Max: 3.1, Diff: 0.7, Sum: 123.4]
      [Termination (ms): Min: 0.0, Avg: 0.0, Max: 0.1, Diff: 0.1, Sum: 2.1]
         [Termination Attempts: Min: 1, Avg: 1.0, Max: 1, Diff: 0, Sum: 43]
      [GC Worker Other (ms): Min: 0.0, Avg: 0.1, Max: 0.5, Diff: 0.5, Sum: 6.2]
      [GC Worker Total (ms): Min: 2.5, Avg: 3.8, Max: 5.4, Diff: 2.9, Sum: 163.9]
      [GC Worker End (ms): Min: 390811174.9, Avg: 390811175.0, Max: 390811175.3, Diff: 0.4]
   [Code Root Fixup: 0.0 ms]
   [Code Root Purge: 0.0 ms]
   [Clear CT: 4.8 ms]
   [Other: 8.6 ms]
      [Choose CSet: 0.0 ms]
      [Ref Proc: 3.2 ms]
      [Ref Enq: 0.0 ms]
      [Redirty Cards: 4.7 ms]
      [Humongous Register: 0.1 ms]
      [Humongous Reclaim: 0.0 ms]
      [Free CSet: 0.1 ms]
   [Eden: 47104.0K(47104.0K)->0.0B(47104.0K) Survivors: 5120.0K->5120.0K Heap: 240.2M(1024.0M)->194.3M(1024.0M)]
 [Times: user=0.21 sys=0.00, real=0.02 secs] 
2023-06-18T05:03:37.201+0000: 391836.827: [GC pause (G1 Evacuation Pause) (young), 0.0210733 secs]
   [Parallel Time: 7.0 ms, GC Workers: 43]
      [GC Worker Start (ms): Min: 391836827.7, Avg: 391836829.1, Max: 391836830.4, Diff: 2.7]
      [Ext Root Scanning (ms): Min: 0.0, Avg: 1.1, Max: 5.3, Diff: 5.3, Sum: 49.2]
      [Update RS (ms): Min: 0.0, Avg: 0.4, Max: 0.7, Diff: 0.7, Sum: 17.2]
         [Processed Buffers: Min: 0, Avg: 2.0, Max: 6, Diff: 6, Sum: 88]
      [Scan RS (ms): Min: 0.0, Avg: 0.0, Max: 0.1, Diff: 0.0, Sum: 0.6]
      [Code Root Scanning (ms): Min: 0.0, Avg: 0.0, Max: 0.0, Diff: 0.0, Sum: 0.0]
      [Object Copy (ms): Min: 0.5, Avg: 2.8, Max: 3.1, Diff: 2.6, Sum: 121.4]
      [Termination (ms): Min: 0.0, Avg: 0.1, Max: 0.1, Diff: 0.1, Sum: 2.2]
         [Termination Attempts: Min: 1, Avg: 1.0, Max: 1, Diff: 0, Sum: 43]
      [GC Worker Other (ms): Min: 0.0, Avg: 0.1, Max: 0.3, Diff: 0.3, Sum: 5.0]
      [GC Worker Total (ms): Min: 3.4, Avg: 4.6, Max: 5.9, Diff: 2.5, Sum: 195.8]
      [GC Worker End (ms): Min: 391836833.6, Avg: 391836833.7, Max: 391836833.9, Diff: 0.2]
   [Code Root Fixup: 0.0 ms]
   [Code Root Purge: 0.0 ms]
   [Clear CT: 4.8 ms]
   [Other: 9.2 ms]
      [Choose CSet: 0.0 ms]
      [Ref Proc: 3.0 ms]
      [Ref Enq: 0.0 ms]
      [Redirty Cards: 5.1 ms]
      [Humongous Register: 0.3 ms]
      [Humongous Reclaim: 0.0 ms]
      [Free CSet: 0.2 ms]
   [Eden: 47104.0K(47104.0K)->0.0B(47104.0K) Survivors: 5120.0K->5120.0K Heap: 240.3M(1024.0M)->194.5M(1024.0M)]
 [Times: user=0.14 sys=0.09, real=0.02 secs] 
2023-06-18T05:19:29.825+0000: 392789.451: [GC pause (G1 Evacuation Pause) (young), 0.0194665 secs]
   [Parallel Time: 6.1 ms, GC Workers: 43]
      [GC Worker Start (ms): Min: 392789451.2, Avg: 392789452.7, Max: 392789453.9, Diff: 2.6]
      [Ext Root Scanning (ms): Min: 0.0, Avg: 0.5, Max: 1.8, Diff: 1.7, Sum: 22.4]
      [Update RS (ms): Min: 0.0, Avg: 0.2, Max: 0.4, Diff: 0.4, Sum: 7.0]
         [Processed Buffers: Min: 0, Avg: 2.1, Max: 7, Diff: 7, Sum: 89]
      [Scan RS (ms): Min: 0.0, Avg: 0.0, Max: 0.0, Diff: 0.0, Sum: 0.5]
      [Code Root Scanning (ms): Min: 0.0, Avg: 0.0, Max: 0.0, Diff: 0.0, Sum: 0.0]
      [Object Copy (ms): Min: 1.8, Avg: 2.4, Max: 2.6, Diff: 0.8, Sum: 102.7]
      [Termination (ms): Min: 0.0, Avg: 0.1, Max: 0.1, Diff: 0.1, Sum: 2.7]
         [Termination Attempts: Min: 1, Avg: 1.0, Max: 1, Diff: 0, Sum: 43]
      [GC Worker Other (ms): Min: 0.0, Avg: 0.1, Max: 0.3, Diff: 0.3, Sum: 5.0]
      [GC Worker Total (ms): Min: 1.9, Avg: 3.3, Max: 4.8, Diff: 2.9, Sum: 140.5]
      [GC Worker End (ms): Min: 392789455.8, Avg: 392789455.9, Max: 392789456.2, Diff: 0.3]
   [Code Root Fixup: 0.0 ms]
   [Code Root Purge: 0.0 ms]
   [Clear CT: 4.8 ms]
   [Other: 8.5 ms]
      [Choose CSet: 0.0 ms]
      [Ref Proc: 3.1 ms]
      [Ref Enq: 0.0 ms]
      [Redirty Cards: 4.9 ms]
      [Humongous Register: 0.1 ms]
      [Humongous Reclaim: 0.0 ms]
      [Free CSet: 0.1 ms]
   [Eden: 47104.0K(47104.0K)->0.0B(47104.0K) Survivors: 5120.0K->5120.0K Heap: 240.5M(1024.0M)->194.2M(1024.0M)]
 [Times: user=0.18 sys=0.00, real=0.02 secs] 
2023-06-18T05:36:36.523+0000: 393816.148: [GC pause (G1 Evacuation Pause) (young), 0.0271278 secs]
   [Parallel Time: 10.2 ms, GC Workers: 43]
      [GC Worker Start (ms): Min: 393816150.5, Avg: 393816152.5, Max: 393816155.0, Diff: 4.5]
      [Ext Root Scanning (ms): Min: 0.0, Avg: 0.5, Max: 2.6, Diff: 2.6, Sum: 21.8]
      [Update RS (ms): Min: 0.0, Avg: 0.1, Max: 0.5, Diff: 0.5, Sum: 5.6]
         [Processed Buffers: Min: 0, Avg: 2.0, Max: 8, Diff: 8, Sum: 88]
      [Scan RS (ms): Min: 0.0, Avg: 0.0, Max: 0.0, Diff: 0.0, Sum: 0.5]
      [Code Root Scanning (ms): Min: 0.0, Avg: 0.0, Max: 0.0, Diff: 0.0, Sum: 0.0]
      [Object Copy (ms): Min: 0.6, Avg: 2.5, Max: 3.0, Diff: 2.4, Sum: 106.7]
      [Termination (ms): Min: 0.0, Avg: 0.3, Max: 0.4, Diff: 0.4, Sum: 14.1]
         [Termination Attempts: Min: 1, Avg: 1.0, Max: 1, Diff: 0, Sum: 43]
      [GC Worker Other (ms): Min: 0.0, Avg: 0.1, Max: 0.2, Diff: 0.2, Sum: 2.6]
      [GC Worker Total (ms): Min: 1.0, Avg: 3.5, Max: 5.6, Diff: 4.5, Sum: 151.3]
      [GC Worker End (ms): Min: 393816156.0, Avg: 393816156.0, Max: 393816156.1, Diff: 0.1]
   [Code Root Fixup: 0.0 ms]
   [Code Root Purge: 0.0 ms]
   [Clear CT: 5.2 ms]
   [Other: 11.7 ms]
      [Choose CSet: 0.0 ms]
      [Ref Proc: 3.6 ms]
      [Ref Enq: 0.0 ms]
      [Redirty Cards: 5.4 ms]
      [Humongous Register: 1.8 ms]
      [Humongous Reclaim: 0.0 ms]
      [Free CSet: 0.1 ms]
   [Eden: 47104.0K(47104.0K)->0.0B(47104.0K) Survivors: 5120.0K->5120.0K Heap: 240.2M(1024.0M)->194.3M(1024.0M)]
 [Times: user=0.21 sys=0.00, real=0.03 secs] 
2023-06-18T05:53:43.405+0000: 394843.031: [GC pause (G1 Evacuation Pause) (young), 0.0238145 secs]
   [Parallel Time: 8.4 ms, GC Workers: 43]
      [GC Worker Start (ms): Min: 394843031.3, Avg: 394843032.7, Max: 394843034.6, Diff: 3.3]
      [Ext Root Scanning (ms): Min: 0.0, Avg: 0.5, Max: 1.7, Diff: 1.7, Sum: 22.5]
      [Update RS (ms): Min: 0.0, Avg: 0.2, Max: 0.5, Diff: 0.5, Sum: 6.8]
         [Processed Buffers: Min: 0, Avg: 1.9, Max: 6, Diff: 6, Sum: 82]
      [Scan RS (ms): Min: 0.0, Avg: 0.0, Max: 0.0, Diff: 0.0, Sum: 0.5]
      [Code Root Scanning (ms): Min: 0.0, Avg: 0.0, Max: 0.0, Diff: 0.0, Sum: 0.0]
      [Object Copy (ms): Min: 1.6, Avg: 2.8, Max: 3.0, Diff: 1.5, Sum: 120.0]
      [Termination (ms): Min: 0.0, Avg: 0.0, Max: 0.1, Diff: 0.1, Sum: 1.5]
         [Termination Attempts: Min: 1, Avg: 1.0, Max: 1, Diff: 0, Sum: 43]
      [GC Worker Other (ms): Min: 0.0, Avg: 0.1, Max: 0.3, Diff: 0.3, Sum: 3.9]
      [GC Worker Total (ms): Min: 1.7, Avg: 3.6, Max: 5.0, Diff: 3.3, Sum: 155.2]
      [GC Worker End (ms): Min: 394843036.3, Avg: 394843036.3, Max: 394843036.5, Diff: 0.2]
   [Code Root Fixup: 0.0 ms]
   [Code Root Purge: 0.0 ms]
   [Clear CT: 5.6 ms]
   [Other: 9.8 ms]
      [Choose CSet: 0.0 ms]
      [Ref Proc: 4.4 ms]
      [Ref Enq: 0.0 ms]
      [Redirty Cards: 4.7 ms]
      [Humongous Register: 0.1 ms]
      [Humongous Reclaim: 0.0 ms]
      [Free CSet: 0.1 ms]
   [Eden: 47104.0K(47104.0K)->0.0B(47104.0K) Survivors: 5120.0K->5120.0K Heap: 240.3M(1024.0M)->194.6M(1024.0M)]
 [Times: user=0.21 sys=0.00, real=0.03 secs] 
2023-06-18T06:10:39.300+0000: 395858.926: [GC pause (G1 Evacuation Pause) (young), 0.0212374 secs]
   [Parallel Time: 7.2 ms, GC Workers: 43]
      [GC Worker Start (ms): Min: 395858926.1, Avg: 395858927.5, Max: 395858928.7, Diff: 2.6]
      [Ext Root Scanning (ms): Min: 0.0, Avg: 0.5, Max: 1.7, Diff: 1.7, Sum: 21.6]
      [Update RS (ms): Min: 0.0, Avg: 0.2, Max: 0.5, Diff: 0.5, Sum: 8.2]
         [Processed Buffers: Min: 0, Avg: 2.0, Max: 7, Diff: 7, Sum: 88]
      [Scan RS (ms): Min: 0.0, Avg: 0.0, Max: 0.0, Diff: 0.0, Sum: 0.5]
      [Code Root Scanning (ms): Min: 0.0, Avg: 0.0, Max: 0.0, Diff: 0.0, Sum: 0.0]
      [Object Copy (ms): Min: 2.4, Avg: 2.9, Max: 3.1, Diff: 0.7, Sum: 122.8]
      [Termination (ms): Min: 0.0, Avg: 0.1, Max: 0.1, Diff: 0.1, Sum: 3.2]
         [Termination Attempts: Min: 1, Avg: 1.0, Max: 1, Diff: 0, Sum: 43]
      [GC Worker Other (ms): Min: 0.0, Avg: 0.1, Max: 0.5, Diff: 0.4, Sum: 5.3]
      [GC Worker Total (ms): Min: 2.6, Avg: 3.8, Max: 5.2, Diff: 2.6, Sum: 161.7]
      [GC Worker End (ms): Min: 395858931.2, Avg: 395858931.3, Max: 395858931.5, Diff: 0.3]
   [Code Root Fixup: 0.0 ms]
   [Code Root Purge: 0.0 ms]
   [Clear CT: 4.7 ms]
   [Other: 9.3 ms]
      [Choose CSet: 0.0 ms]
      [Ref Proc: 4.0 ms]
      [Ref Enq: 0.0 ms]
      [Redirty Cards: 4.6 ms]
      [Humongous Register: 0.1 ms]
      [Humongous Reclaim: 0.0 ms]
      [Free CSet: 0.1 ms]
   [Eden: 47104.0K(47104.0K)->0.0B(47104.0K) Survivors: 5120.0K->5120.0K Heap: 240.6M(1024.0M)->194.4M(1024.0M)]
 [Times: user=0.21 sys=0.00, real=0.03 secs] 
2023-06-18T06:26:38.189+0000: 396817.814: [GC pause (G1 Evacuation Pause) (young), 0.0232587 secs]
   [Parallel Time: 7.9 ms, GC Workers: 43]
      [GC Worker Start (ms): Min: 396817815.1, Avg: 396817816.6, Max: 396817818.0, Diff: 2.9]
      [Ext Root Scanning (ms): Min: 0.0, Avg: 1.3, Max: 6.1, Diff: 6.1, Sum: 57.0]
      [Update RS (ms): Min: 0.0, Avg: 0.4, Max: 0.8, Diff: 0.8, Sum: 17.5]
         [Processed Buffers: Min: 0, Avg: 2.0, Max: 7, Diff: 7, Sum: 88]
      [Scan RS (ms): Min: 0.0, Avg: 0.0, Max: 0.0, Diff: 0.0, Sum: 0.6]
      [Code Root Scanning (ms): Min: 0.0, Avg: 0.0, Max: 0.0, Diff: 0.0, Sum: 0.0]
      [Object Copy (ms): Min: 0.1, Avg: 2.9, Max: 3.2, Diff: 3.1, Sum: 126.0]
      [Termination (ms): Min: 0.0, Avg: 0.1, Max: 0.1, Diff: 0.1, Sum: 3.1]
         [Termination Attempts: Min: 1, Avg: 1.0, Max: 1, Diff: 0, Sum: 43]
      [GC Worker Other (ms): Min: 0.0, Avg: 0.1, Max: 0.4, Diff: 0.4, Sum: 4.6]
      [GC Worker Total (ms): Min: 3.4, Avg: 4.9, Max: 6.4, Diff: 3.1, Sum: 208.9]
      [GC Worker End (ms): Min: 396817821.3, Avg: 396817821.4, Max: 396817821.6, Diff: 0.3]
   [Code Root Fixup: 0.0 ms]
   [Code Root Purge: 0.0 ms]
   [Clear CT: 5.2 ms]
   [Other: 10.1 ms]
      [Choose CSet: 0.0 ms]
      [Ref Proc: 4.0 ms]
      [Ref Enq: 0.0 ms]
      [Redirty Cards: 5.0 ms]
      [Humongous Register: 0.3 ms]
      [Humongous Reclaim: 0.0 ms]
      [Free CSet: 0.2 ms]
   [Eden: 47104.0K(47104.0K)->0.0B(47104.0K) Survivors: 5120.0K->5120.0K Heap: 240.4M(1024.0M)->194.2M(1024.0M)]
 [Times: user=0.16 sys=0.09, real=0.03 secs] 
2023-06-18T06:43:42.140+0000: 397841.765: [GC pause (G1 Evacuation Pause) (young), 0.0201658 secs]
   [Parallel Time: 5.6 ms, GC Workers: 43]
      [GC Worker Start (ms): Min: 397841765.7, Avg: 397841767.1, Max: 397841768.3, Diff: 2.6]
      [Ext Root Scanning (ms): Min: 0.0, Avg: 0.5, Max: 1.6, Diff: 1.6, Sum: 21.7]
      [Update RS (ms): Min: 0.0, Avg: 0.2, Max: 0.4, Diff: 0.4, Sum: 6.9]
         [Processed Buffers: Min: 0, Avg: 2.1, Max: 9, Diff: 9, Sum: 89]
      [Scan RS (ms): Min: 0.0, Avg: 0.0, Max: 0.0, Diff: 0.0, Sum: 0.6]
      [Code Root Scanning (ms): Min: 0.0, Avg: 0.0, Max: 0.0, Diff: 0.0, Sum: 0.0]
      [Object Copy (ms): Min: 2.3, Avg: 2.9, Max: 3.1, Diff: 0.8, Sum: 123.0]
      [Termination (ms): Min: 0.0, Avg: 0.1, Max: 0.1, Diff: 0.1, Sum: 2.5]
         [Termination Attempts: Min: 1, Avg: 1.0, Max: 1, Diff: 0, Sum: 43]
      [GC Worker Other (ms): Min: 0.0, Avg: 0.1, Max: 0.4, Diff: 0.4, Sum: 5.5]
      [GC Worker Total (ms): Min: 2.5, Avg: 3.7, Max: 5.0, Diff: 2.6, Sum: 160.3]
      [GC Worker End (ms): Min: 397841770.7, Avg: 397841770.8, Max: 397841771.0, Diff: 0.3]
   [Code Root Fixup: 0.0 ms]
   [Code Root Purge: 0.0 ms]
   [Clear CT: 6.0 ms]
   [Other: 8.6 ms]
      [Choose CSet: 0.0 ms]
      [Ref Proc: 2.4 ms]
      [Ref Enq: 0.0 ms]
      [Redirty Cards: 5.6 ms]
      [Humongous Register: 0.1 ms]
      [Humongous Reclaim: 0.0 ms]
      [Free CSet: 0.1 ms]
   [Eden: 47104.0K(47104.0K)->0.0B(47104.0K) Survivors: 5120.0K->5120.0K Heap: 240.2M(1024.0M)->194.6M(1024.0M)]
 [Times: user=0.21 sys=0.00, real=0.02 secs] 
2023-06-18T07:00:47.591+0000: 398867.216: [GC pause (G1 Evacuation Pause) (young), 0.0256854 secs]
   [Parallel Time: 6.9 ms, GC Workers: 43]
      [GC Worker Start (ms): Min: 398867218.6, Avg: 398867220.4, Max: 398867222.1, Diff: 3.5]
      [Ext Root Scanning (ms): Min: 0.0, Avg: 0.5, Max: 2.5, Diff: 2.5, Sum: 21.6]
      [Update RS (ms): Min: 0.0, Avg: 0.2, Max: 0.6, Diff: 0.6, Sum: 9.6]
         [Processed Buffers: Min: 0, Avg: 2.0, Max: 9, Diff: 9, Sum: 87]
      [Scan RS (ms): Min: 0.0, Avg: 0.0, Max: 0.0, Diff: 0.0, Sum: 0.5]
      [Code Root Scanning (ms): Min: 0.0, Avg: 0.0, Max: 0.0, Diff: 0.0, Sum: 0.0]
      [Object Copy (ms): Min: 1.7, Avg: 2.7, Max: 3.1, Diff: 1.4, Sum: 116.4]
      [Termination (ms): Min: 0.0, Avg: 0.1, Max: 0.1, Diff: 0.1, Sum: 2.3]
         [Termination Attempts: Min: 1, Avg: 1.0, Max: 1, Diff: 0, Sum: 43]
      [GC Worker Other (ms): Min: 0.0, Avg: 0.2, Max: 0.6, Diff: 0.5, Sum: 7.3]
      [GC Worker Total (ms): Min: 1.9, Avg: 3.7, Max: 5.3, Diff: 3.5, Sum: 157.8]
      [GC Worker End (ms): Min: 398867223.9, Avg: 398867224.0, Max: 398867224.3, Diff: 0.4]
   [Code Root Fixup: 0.0 ms]
   [Code Root Purge: 0.0 ms]
   [Clear CT: 6.6 ms]
   [Other: 12.2 ms]
      [Choose CSet: 0.0 ms]
      [Ref Proc: 4.0 ms]
      [Ref Enq: 0.0 ms]
      [Redirty Cards: 5.3 ms]
      [Humongous Register: 1.8 ms]
      [Humongous Reclaim: 0.0 ms]
      [Free CSet: 0.1 ms]
   [Eden: 47104.0K(47104.0K)->0.0B(47104.0K) Survivors: 5120.0K->5120.0K Heap: 240.6M(1024.0M)->194.7M(1024.0M)]
 [Times: user=0.21 sys=0.00, real=0.02 secs] 
2023-06-18T07:16:37.592+0000: 399817.217: [GC pause (G1 Evacuation Pause) (young), 0.0211968 secs]
   [Parallel Time: 6.1 ms, GC Workers: 43]
      [GC Worker Start (ms): Min: 399817217.6, Avg: 399817218.9, Max: 399817220.1, Diff: 2.5]
      [Ext Root Scanning (ms): Min: 0.0, Avg: 0.5, Max: 1.7, Diff: 1.7, Sum: 22.5]
      [Update RS (ms): Min: 0.0, Avg: 0.2, Max: 0.5, Diff: 0.5, Sum: 7.0]
         [Processed Buffers: Min: 0, Avg: 1.9, Max: 5, Diff: 5, Sum: 83]
      [Scan RS (ms): Min: 0.0, Avg: 0.0, Max: 0.0, Diff: 0.0, Sum: 0.5]
      [Code Root Scanning (ms): Min: 0.0, Avg: 0.0, Max: 0.0, Diff: 0.0, Sum: 0.0]
      [Object Copy (ms): Min: 2.1, Avg: 2.5, Max: 2.8, Diff: 0.7, Sum: 108.8]
      [Termination (ms): Min: 0.0, Avg: 0.1, Max: 0.1, Diff: 0.1, Sum: 3.6]
         [Termination Attempts: Min: 1, Avg: 1.0, Max: 1, Diff: 0, Sum: 43]
      [GC Worker Other (ms): Min: 0.0, Avg: 0.1, Max: 0.4, Diff: 0.3, Sum: 4.4]
      [GC Worker Total (ms): Min: 2.3, Avg: 3.4, Max: 4.9, Diff: 2.6, Sum: 146.9]
      [GC Worker End (ms): Min: 399817222.3, Avg: 399817222.3, Max: 399817222.5, Diff: 0.3]
   [Code Root Fixup: 0.0 ms]
   [Code Root Purge: 0.0 ms]
   [Clear CT: 5.4 ms]
   [Other: 9.7 ms]
      [Choose CSet: 0.0 ms]
      [Ref Proc: 3.7 ms]
      [Ref Enq: 0.0 ms]
      [Redirty Cards: 5.5 ms]
      [Humongous Register: 0.1 ms]
      [Humongous Reclaim: 0.0 ms]
      [Free CSet: 0.1 ms]
   [Eden: 47104.0K(47104.0K)->0.0B(47104.0K) Survivors: 5120.0K->5120.0K Heap: 240.7M(1024.0M)->194.3M(1024.0M)]
 [Times: user=0.15 sys=0.05, real=0.02 secs] 
2023-06-18T07:33:43.829+0000: 400843.454: [GC pause (G1 Evacuation Pause) (young), 0.0216369 secs]
   [Parallel Time: 7.9 ms, GC Workers: 43]
      [GC Worker Start (ms): Min: 400843454.6, Avg: 400843456.0, Max: 400843457.3, Diff: 2.6]
      [Ext Root Scanning (ms): Min: 0.0, Avg: 0.5, Max: 1.6, Diff: 1.6, Sum: 20.5]
      [Update RS (ms): Min: 0.0, Avg: 0.1, Max: 0.4, Diff: 0.4, Sum: 6.1]
         [Processed Buffers: Min: 0, Avg: 2.0, Max: 7, Diff: 7, Sum: 85]
      [Scan RS (ms): Min: 0.0, Avg: 0.0, Max: 0.0, Diff: 0.0, Sum: 0.8]
      [Code Root Scanning (ms): Min: 0.0, Avg: 0.0, Max: 0.0, Diff: 0.0, Sum: 0.0]
      [Object Copy (ms): Min: 3.5, Avg: 4.1, Max: 4.4, Diff: 0.9, Sum: 177.5]
      [Termination (ms): Min: 0.0, Avg: 0.1, Max: 0.1, Diff: 0.1, Sum: 2.7]
         [Termination Attempts: Min: 1, Avg: 1.2, Max: 3, Diff: 2, Sum: 53]
      [GC Worker Other (ms): Min: 0.0, Avg: 0.1, Max: 0.3, Diff: 0.3, Sum: 5.3]
      [GC Worker Total (ms): Min: 3.7, Avg: 5.0, Max: 6.3, Diff: 2.6, Sum: 213.0]
      [GC Worker End (ms): Min: 400843460.8, Avg: 400843460.9, Max: 400843461.2, Diff: 0.3]
   [Code Root Fixup: 0.0 ms]
   [Code Root Purge: 0.0 ms]
   [Clear CT: 5.2 ms]
   [Other: 8.6 ms]
      [Choose CSet: 0.0 ms]
      [Ref Proc: 3.0 ms]
      [Ref Enq: 0.0 ms]
      [Redirty Cards: 5.0 ms]
      [Humongous Register: 0.1 ms]
      [Humongous Reclaim: 0.0 ms]
      [Free CSet: 0.1 ms]
   [Eden: 47104.0K(47104.0K)->0.0B(47104.0K) Survivors: 5120.0K->5120.0K Heap: 240.3M(1024.0M)->194.3M(1024.0M)]
 [Times: user=0.24 sys=0.03, real=0.03 secs] 
2023-06-18T07:50:51.385+0000: 401871.011: [GC pause (G1 Evacuation Pause) (young), 0.0240432 secs]
   [Parallel Time: 9.2 ms, GC Workers: 43]
      [GC Worker Start (ms): Min: 401871010.8, Avg: 401871012.2, Max: 401871013.5, Diff: 2.7]
      [Ext Root Scanning (ms): Min: 0.0, Avg: 0.5, Max: 1.6, Diff: 1.6, Sum: 20.5]
      [Update RS (ms): Min: 0.0, Avg: 0.1, Max: 0.4, Diff: 0.4, Sum: 6.0]
         [Processed Buffers: Min: 0, Avg: 2.0, Max: 6, Diff: 6, Sum: 88]
      [Scan RS (ms): Min: 0.0, Avg: 0.0, Max: 0.0, Diff: 0.0, Sum: 0.6]
      [Code Root Scanning (ms): Min: 0.0, Avg: 0.0, Max: 0.0, Diff: 0.0, Sum: 0.0]
      [Object Copy (ms): Min: 2.5, Avg: 3.2, Max: 3.4, Diff: 0.9, Sum: 135.7]
      [Termination (ms): Min: 0.0, Avg: 0.1, Max: 0.1, Diff: 0.1, Sum: 2.7]
         [Termination Attempts: Min: 1, Avg: 1.2, Max: 2, Diff: 1, Sum: 50]
      [GC Worker Other (ms): Min: 0.0, Avg: 0.1, Max: 0.4, Diff: 0.4, Sum: 6.0]
      [GC Worker Total (ms): Min: 2.6, Avg: 4.0, Max: 5.4, Diff: 2.8, Sum: 171.5]
      [GC Worker End (ms): Min: 401871016.1, Avg: 401871016.2, Max: 401871016.5, Diff: 0.4]
   [Code Root Fixup: 0.0 ms]
   [Code Root Purge: 0.0 ms]
   [Clear CT: 5.0 ms]
   [Other: 9.8 ms]
      [Choose CSet: 0.0 ms]
      [Ref Proc: 4.3 ms]
      [Ref Enq: 0.0 ms]
      [Redirty Cards: 4.9 ms]
      [Humongous Register: 0.1 ms]
      [Humongous Reclaim: 0.0 ms]
      [Free CSet: 0.1 ms]
   [Eden: 47104.0K(47104.0K)->0.0B(47104.0K) Survivors: 5120.0K->5120.0K Heap: 240.3M(1024.0M)->194.7M(1024.0M)]
 [Times: user=0.22 sys=0.00, real=0.03 secs] 
2023-06-18T08:07:42.591+0000: 402882.216: [GC pause (G1 Evacuation Pause) (young), 0.0220563 secs]
   [Parallel Time: 6.7 ms, GC Workers: 43]
      [GC Worker Start (ms): Min: 402882216.5, Avg: 402882217.9, Max: 402882219.2, Diff: 2.6]
      [Ext Root Scanning (ms): Min: 0.0, Avg: 0.5, Max: 2.0, Diff: 2.0, Sum: 20.9]
      [Update RS (ms): Min: 0.0, Avg: 0.1, Max: 0.5, Diff: 0.5, Sum: 6.1]
         [Processed Buffers: Min: 0, Avg: 2.0, Max: 7, Diff: 7, Sum: 86]
      [Scan RS (ms): Min: 0.0, Avg: 0.0, Max: 0.0, Diff: 0.0, Sum: 0.6]
      [Code Root Scanning (ms): Min: 0.0, Avg: 0.0, Max: 0.0, Diff: 0.0, Sum: 0.0]
      [Object Copy (ms): Min: 2.3, Avg: 3.0, Max: 3.2, Diff: 0.9, Sum: 128.0]
      [Termination (ms): Min: 0.0, Avg: 0.0, Max: 0.1, Diff: 0.1, Sum: 1.9]
         [Termination Attempts: Min: 1, Avg: 1.0, Max: 1, Diff: 0, Sum: 43]
      [GC Worker Other (ms): Min: 0.0, Avg: 0.1, Max: 0.4, Diff: 0.3, Sum: 5.8]
      [GC Worker Total (ms): Min: 2.5, Avg: 3.8, Max: 5.5, Diff: 3.0, Sum: 163.2]
      [GC Worker End (ms): Min: 402882221.6, Avg: 402882221.7, Max: 402882222.0, Diff: 0.3]
   [Code Root Fixup: 0.0 ms]
   [Code Root Purge: 0.0 ms]
   [Clear CT: 5.4 ms]
   [Other: 10.0 ms]
      [Choose CSet: 0.0 ms]
      [Ref Proc: 4.2 ms]
      [Ref Enq: 0.0 ms]
      [Redirty Cards: 5.2 ms]
      [Humongous Register: 0.1 ms]
      [Humongous Reclaim: 0.0 ms]
      [Free CSet: 0.1 ms]
   [Eden: 47104.0K(47104.0K)->0.0B(47104.0K) Survivors: 5120.0K->5120.0K Heap: 240.7M(1024.0M)->194.7M(1024.0M)]
 [Times: user=0.17 sys=0.04, real=0.02 secs] 
2023-06-18T08:23:40.395+0000: 403840.021: [GC pause (G1 Evacuation Pause) (young), 0.0331850 secs]
   [Parallel Time: 14.7 ms, GC Workers: 43]
      [GC Worker Start (ms): Min: 403840023.5, Avg: 403840025.5, Max: 403840027.3, Diff: 3.8]
      [Ext Root Scanning (ms): Min: 0.0, Avg: 1.0, Max: 11.6, Diff: 11.6, Sum: 42.7]
      [Update RS (ms): Min: 0.0, Avg: 0.3, Max: 0.8, Diff: 0.8, Sum: 12.8]
         [Processed Buffers: Min: 0, Avg: 2.1, Max: 6, Diff: 6, Sum: 89]
      [Scan RS (ms): Min: 0.0, Avg: 0.0, Max: 0.1, Diff: 0.1, Sum: 0.8]
      [Code Root Scanning (ms): Min: 0.0, Avg: 0.0, Max: 0.0, Diff: 0.0, Sum: 0.0]
      [Object Copy (ms): Min: 0.0, Avg: 2.7, Max: 4.3, Diff: 4.2, Sum: 115.6]
      [Termination (ms): Min: 0.0, Avg: 5.7, Max: 6.0, Diff: 6.0, Sum: 244.6]
         [Termination Attempts: Min: 1, Avg: 1.1, Max: 2, Diff: 1, Sum: 48]
      [GC Worker Other (ms): Min: 0.0, Avg: 0.1, Max: 0.3, Diff: 0.3, Sum: 3.4]
      [GC Worker Total (ms): Min: 7.9, Avg: 9.8, Max: 11.7, Diff: 3.7, Sum: 419.9]
      [GC Worker End (ms): Min: 403840035.2, Avg: 403840035.3, Max: 403840035.4, Diff: 0.2]
   [Code Root Fixup: 0.0 ms]
   [Code Root Purge: 0.0 ms]
   [Clear CT: 5.2 ms]
   [Other: 13.3 ms]
      [Choose CSet: 0.0 ms]
      [Ref Proc: 4.6 ms]
      [Ref Enq: 0.0 ms]
      [Redirty Cards: 5.5 ms]
      [Humongous Register: 2.1 ms]
      [Humongous Reclaim: 0.0 ms]
      [Free CSet: 0.4 ms]
   [Eden: 47104.0K(47104.0K)->0.0B(47104.0K) Survivors: 5120.0K->5120.0K Heap: 240.7M(1024.0M)->194.6M(1024.0M)]
 [Times: user=0.46 sys=0.00, real=0.03 secs] 
2023-06-18T08:40:47.591+0000: 404867.216: [GC pause (G1 Evacuation Pause) (young), 0.0216103 secs]
   [Parallel Time: 6.6 ms, GC Workers: 43]
      [GC Worker Start (ms): Min: 404867216.6, Avg: 404867218.1, Max: 404867222.3, Diff: 5.6]
      [Ext Root Scanning (ms): Min: 0.0, Avg: 0.5, Max: 1.7, Diff: 1.7, Sum: 21.9]
      [Update RS (ms): Min: 0.0, Avg: 0.2, Max: 0.5, Diff: 0.5, Sum: 7.3]
         [Processed Buffers: Min: 0, Avg: 2.0, Max: 6, Diff: 6, Sum: 85]
      [Scan RS (ms): Min: 0.0, Avg: 0.0, Max: 0.0, Diff: 0.0, Sum: 0.5]
      [Code Root Scanning (ms): Min: 0.0, Avg: 0.0, Max: 0.0, Diff: 0.0, Sum: 0.0]
      [Object Copy (ms): Min: 0.0, Avg: 2.6, Max: 2.8, Diff: 2.8, Sum: 112.0]
      [Termination (ms): Min: 0.0, Avg: 0.9, Max: 1.0, Diff: 1.0, Sum: 37.4]
         [Termination Attempts: Min: 1, Avg: 1.0, Max: 1, Diff: 0, Sum: 43]
      [GC Worker Other (ms): Min: 0.0, Avg: 0.1, Max: 0.2, Diff: 0.2, Sum: 2.6]
      [GC Worker Total (ms): Min: 0.0, Avg: 4.2, Max: 5.7, Diff: 5.7, Sum: 181.7]
      [GC Worker End (ms): Min: 404867222.3, Avg: 404867222.4, Max: 404867222.5, Diff: 0.2]
   [Code Root Fixup: 0.0 ms]
   [Code Root Purge: 0.0 ms]
   [Clear CT: 5.0 ms]
   [Other: 10.0 ms]
      [Choose CSet: 0.0 ms]
      [Ref Proc: 4.4 ms]
      [Ref Enq: 0.0 ms]
      [Redirty Cards: 5.0 ms]
      [Humongous Register: 0.1 ms]
      [Humongous Reclaim: 0.0 ms]
      [Free CSet: 0.1 ms]
   [Eden: 47104.0K(47104.0K)->0.0B(47104.0K) Survivors: 5120.0K->5120.0K Heap: 240.6M(1024.0M)->194.2M(1024.0M)]
 [Times: user=0.16 sys=0.10, real=0.02 secs] 
2023-06-18T08:57:52.456+0000: 405892.082: [GC pause (G1 Evacuation Pause) (young), 0.0235268 secs]
   [Parallel Time: 7.0 ms, GC Workers: 43]
      [GC Worker Start (ms): Min: 405892082.2, Avg: 405892083.8, Max: 405892088.0, Diff: 5.9]
      [Ext Root Scanning (ms): Min: 0.0, Avg: 0.6, Max: 1.9, Diff: 1.9, Sum: 25.0]
      [Update RS (ms): Min: 0.0, Avg: 0.2, Max: 0.5, Diff: 0.5, Sum: 8.2]
         [Processed Buffers: Min: 0, Avg: 2.1, Max: 8, Diff: 8, Sum: 89]
      [Scan RS (ms): Min: 0.0, Avg: 0.0, Max: 0.1, Diff: 0.0, Sum: 0.6]
      [Code Root Scanning (ms): Min: 0.0, Avg: 0.0, Max: 0.0, Diff: 0.0, Sum: 0.0]
      [Object Copy (ms): Min: 0.0, Avg: 2.5, Max: 3.0, Diff: 3.0, Sum: 109.3]
      [Termination (ms): Min: 0.0, Avg: 1.0, Max: 1.2, Diff: 1.2, Sum: 43.0]
         [Termination Attempts: Min: 1, Avg: 1.0, Max: 1, Diff: 0, Sum: 43]
      [GC Worker Other (ms): Min: 0.0, Avg: 0.1, Max: 0.2, Diff: 0.2, Sum: 2.3]
      [GC Worker Total (ms): Min: 0.0, Avg: 4.4, Max: 6.0, Diff: 6.0, Sum: 188.5]
      [GC Worker End (ms): Min: 405892088.1, Avg: 405892088.2, Max: 405892088.3, Diff: 0.2]
   [Code Root Fixup: 0.0 ms]
   [Code Root Purge: 0.0 ms]
   [Clear CT: 5.9 ms]
   [Other: 10.6 ms]
      [Choose CSet: 0.0 ms]
      [Ref Proc: 4.7 ms]
      [Ref Enq: 0.0 ms]
      [Redirty Cards: 5.3 ms]
      [Humongous Register: 0.1 ms]
      [Humongous Reclaim: 0.0 ms]
      [Free CSet: 0.1 ms]
   [Eden: 47104.0K(47104.0K)->0.0B(47104.0K) Survivors: 5120.0K->5120.0K Heap: 240.2M(1024.0M)->194.6M(1024.0M)]
 [Times: user=0.26 sys=0.00, real=0.02 secs] 
2023-06-18T09:13:42.532+0000: 406842.158: [GC pause (G1 Evacuation Pause) (young), 0.0269516 secs]
   [Parallel Time: 9.1 ms, GC Workers: 43]
      [GC Worker Start (ms): Min: 406842160.4, Avg: 406842162.4, Max: 406842166.7, Diff: 6.3]
      [Ext Root Scanning (ms): Min: 0.0, Avg: 0.9, Max: 6.8, Diff: 6.8, Sum: 37.5]
      [Update RS (ms): Min: 0.0, Avg: 0.3, Max: 0.7, Diff: 0.7, Sum: 13.8]
         [Processed Buffers: Min: 0, Avg: 2.0, Max: 6, Diff: 6, Sum: 85]
      [Scan RS (ms): Min: 0.0, Avg: 0.0, Max: 0.1, Diff: 0.0, Sum: 0.7]
      [Code Root Scanning (ms): Min: 0.0, Avg: 0.0, Max: 0.0, Diff: 0.0, Sum: 0.0]
      [Object Copy (ms): Min: 0.0, Avg: 2.4, Max: 2.8, Diff: 2.7, Sum: 104.1]
      [Termination (ms): Min: 0.0, Avg: 1.3, Max: 1.4, Diff: 1.4, Sum: 54.2]
         [Termination Attempts: Min: 1, Avg: 1.0, Max: 1, Diff: 0, Sum: 43]
      [GC Worker Other (ms): Min: 0.0, Avg: 0.0, Max: 0.1, Diff: 0.1, Sum: 2.0]
      [GC Worker Total (ms): Min: 0.5, Avg: 4.9, Max: 6.9, Diff: 6.4, Sum: 212.4]
      [GC Worker End (ms): Min: 406842167.2, Avg: 406842167.3, Max: 406842167.4, Diff: 0.2]
   [Code Root Fixup: 0.0 ms]
   [Code Root Purge: 0.0 ms]
   [Clear CT: 5.2 ms]
   [Other: 12.6 ms]
      [Choose CSet: 0.0 ms]
      [Ref Proc: 4.1 ms]
      [Ref Enq: 0.0 ms]
      [Redirty Cards: 5.2 ms]
      [Humongous Register: 2.1 ms]
      [Humongous Reclaim: 0.0 ms]
      [Free CSet: 0.2 ms]
   [Eden: 47104.0K(47104.0K)->0.0B(48128.0K) Survivors: 5120.0K->4096.0K Heap: 240.6M(1024.0M)->194.2M(1024.0M)]
 [Times: user=0.25 sys=0.01, real=0.02 secs] 
2023-06-18T09:31:11.495+0000: 407891.120: [GC pause (G1 Evacuation Pause) (young), 0.0209805 secs]
   [Parallel Time: 6.0 ms, GC Workers: 43]
      [GC Worker Start (ms): Min: 407891120.5, Avg: 407891121.9, Max: 407891123.1, Diff: 2.6]
      [Ext Root Scanning (ms): Min: 0.0, Avg: 0.5, Max: 1.9, Diff: 1.8, Sum: 22.3]
      [Update RS (ms): Min: 0.0, Avg: 0.2, Max: 0.4, Diff: 0.4, Sum: 7.6]
         [Processed Buffers: Min: 0, Avg: 2.0, Max: 6, Diff: 6, Sum: 88]
      [Scan RS (ms): Min: 0.0, Avg: 0.0, Max: 0.0, Diff: 0.0, Sum: 0.6]
      [Code Root Scanning (ms): Min: 0.0, Avg: 0.0, Max: 0.0, Diff: 0.0, Sum: 0.0]
      [Object Copy (ms): Min: 2.4, Avg: 2.8, Max: 3.0, Diff: 0.7, Sum: 122.2]
      [Termination (ms): Min: 0.0, Avg: 0.1, Max: 0.1, Diff: 0.1, Sum: 2.7]
         [Termination Attempts: Min: 1, Avg: 1.0, Max: 2, Diff: 1, Sum: 45]
      [GC Worker Other (ms): Min: 0.0, Avg: 0.1, Max: 0.4, Diff: 0.4, Sum: 5.1]
      [GC Worker Total (ms): Min: 2.5, Avg: 3.7, Max: 5.1, Diff: 2.6, Sum: 160.6]
      [GC Worker End (ms): Min: 407891125.5, Avg: 407891125.6, Max: 407891125.8, Diff: 0.3]
   [Code Root Fixup: 0.0 ms]
   [Code Root Purge: 0.0 ms]
   [Clear CT: 5.3 ms]
   [Other: 9.7 ms]
      [Choose CSet: 0.0 ms]
      [Ref Proc: 3.5 ms]
      [Ref Enq: 0.0 ms]
      [Redirty Cards: 5.5 ms]
      [Humongous Register: 0.1 ms]
      [Humongous Reclaim: 0.0 ms]
      [Free CSet: 0.1 ms]
   [Eden: 48128.0K(48128.0K)->0.0B(47104.0K) Survivors: 4096.0K->5120.0K Heap: 241.2M(1024.0M)->194.5M(1024.0M)]
 [Times: user=0.16 sys=0.04, real=0.02 secs] 
2023-06-18T09:48:17.261+0000: 408916.886: [GC pause (G1 Evacuation Pause) (young), 0.0233979 secs]
   [Parallel Time: 8.8 ms, GC Workers: 43]
      [GC Worker Start (ms): Min: 408916886.9, Avg: 408916888.3, Max: 408916889.4, Diff: 2.5]
      [Ext Root Scanning (ms): Min: 0.0, Avg: 1.0, Max: 6.5, Diff: 6.4, Sum: 44.4]
      [Update RS (ms): Min: 0.0, Avg: 0.5, Max: 0.9, Diff: 0.9, Sum: 20.1]
         [Processed Buffers: Min: 0, Avg: 2.0, Max: 6, Diff: 6, Sum: 88]
      [Scan RS (ms): Min: 0.0, Avg: 0.0, Max: 0.1, Diff: 0.1, Sum: 0.7]
      [Code Root Scanning (ms): Min: 0.0, Avg: 0.0, Max: 0.0, Diff: 0.0, Sum: 0.0]
      [Object Copy (ms): Min: 0.0, Avg: 3.0, Max: 3.3, Diff: 3.3, Sum: 128.1]
      [Termination (ms): Min: 0.0, Avg: 0.6, Max: 0.8, Diff: 0.8, Sum: 27.9]
         [Termination Attempts: Min: 1, Avg: 1.0, Max: 1, Diff: 0, Sum: 43]
      [GC Worker Other (ms): Min: 0.0, Avg: 0.1, Max: 0.3, Diff: 0.3, Sum: 3.0]
      [GC Worker Total (ms): Min: 4.0, Avg: 5.2, Max: 6.5, Diff: 2.5, Sum: 224.2]
      [GC Worker End (ms): Min: 408916893.4, Avg: 408916893.5, Max: 408916893.6, Diff: 0.2]
   [Code Root Fixup: 0.0 ms]
   [Code Root Purge: 0.0 ms]
   [Clear CT: 4.8 ms]
   [Other: 9.8 ms]
      [Choose CSet: 0.0 ms]
      [Ref Proc: 3.5 ms]
      [Ref Enq: 0.0 ms]
      [Redirty Cards: 5.2 ms]
      [Humongous Register: 0.3 ms]
      [Humongous Reclaim: 0.0 ms]
      [Free CSet: 0.2 ms]
   [Eden: 47104.0K(47104.0K)->0.0B(47104.0K) Survivors: 5120.0K->5120.0K Heap: 240.5M(1024.0M)->194.5M(1024.0M)]
 [Times: user=0.25 sys=0.02, real=0.03 secs] 
2023-06-18T10:05:24.021+0000: 409943.647: [GC pause (G1 Evacuation Pause) (young), 0.0229701 secs]
   [Parallel Time: 6.8 ms, GC Workers: 43]
      [GC Worker Start (ms): Min: 409943648.9, Avg: 409943650.9, Max: 409943652.5, Diff: 3.6]
      [Ext Root Scanning (ms): Min: 0.0, Avg: 0.6, Max: 5.2, Diff: 5.2, Sum: 24.5]
      [Update RS (ms): Min: 0.0, Avg: 0.1, Max: 0.6, Diff: 0.6, Sum: 6.2]
         [Processed Buffers: Min: 0, Avg: 2.1, Max: 7, Diff: 7, Sum: 89]
      [Scan RS (ms): Min: 0.0, Avg: 0.0, Max: 0.0, Diff: 0.0, Sum: 0.6]
      [Code Root Scanning (ms): Min: 0.0, Avg: 0.0, Max: 0.0, Diff: 0.0, Sum: 0.0]
      [Object Copy (ms): Min: 0.3, Avg: 2.9, Max: 3.4, Diff: 3.1, Sum: 125.5]
      [Termination (ms): Min: 0.0, Avg: 0.1, Max: 0.2, Diff: 0.2, Sum: 4.4]
         [Termination Attempts: Min: 1, Avg: 1.0, Max: 1, Diff: 0, Sum: 43]
      [GC Worker Other (ms): Min: 0.0, Avg: 0.1, Max: 0.2, Diff: 0.2, Sum: 4.7]
      [GC Worker Total (ms): Min: 2.3, Avg: 3.9, Max: 5.7, Diff: 3.5, Sum: 165.9]
      [GC Worker End (ms): Min: 409943654.7, Avg: 409943654.7, Max: 409943654.9, Diff: 0.2]
   [Code Root Fixup: 0.0 ms]
   [Code Root Purge: 0.0 ms]
   [Clear CT: 5.0 ms]
   [Other: 11.2 ms]
      [Choose CSet: 0.0 ms]
      [Ref Proc: 3.6 ms]
      [Ref Enq: 0.0 ms]
      [Redirty Cards: 4.9 ms]
      [Humongous Register: 1.9 ms]
      [Humongous Reclaim: 0.0 ms]
      [Free CSet: 0.1 ms]
   [Eden: 47104.0K(47104.0K)->0.0B(47104.0K) Survivors: 5120.0K->5120.0K Heap: 240.5M(1024.0M)->194.8M(1024.0M)]
 [Times: user=0.22 sys=0.00, real=0.02 secs] 
2023-06-18T10:21:16.010+0000: 410895.635: [GC pause (G1 Evacuation Pause) (young), 0.0242680 secs]
   [Parallel Time: 7.3 ms, GC Workers: 43]
      [GC Worker Start (ms): Min: 410895635.8, Avg: 410895637.2, Max: 410895638.4, Diff: 2.6]
      [Ext Root Scanning (ms): Min: 0.0, Avg: 0.5, Max: 1.8, Diff: 1.8, Sum: 22.9]
      [Update RS (ms): Min: 0.0, Avg: 0.2, Max: 0.5, Diff: 0.5, Sum: 7.8]
         [Processed Buffers: Min: 0, Avg: 2.0, Max: 6, Diff: 6, Sum: 84]
      [Scan RS (ms): Min: 0.0, Avg: 0.0, Max: 0.0, Diff: 0.0, Sum: 0.5]
      [Code Root Scanning (ms): Min: 0.0, Avg: 0.0, Max: 0.0, Diff: 0.0, Sum: 0.0]
      [Object Copy (ms): Min: 2.3, Avg: 2.8, Max: 2.9, Diff: 0.6, Sum: 118.5]
      [Termination (ms): Min: 0.0, Avg: 0.0, Max: 0.1, Diff: 0.1, Sum: 1.2]
         [Termination Attempts: Min: 1, Avg: 1.0, Max: 1, Diff: 0, Sum: 43]
      [GC Worker Other (ms): Min: 0.0, Avg: 0.1, Max: 0.3, Diff: 0.3, Sum: 4.3]
      [GC Worker Total (ms): Min: 2.5, Avg: 3.6, Max: 5.0, Diff: 2.5, Sum: 155.2]
      [GC Worker End (ms): Min: 410895640.7, Avg: 410895640.8, Max: 410895641.0, Diff: 0.2]
   [Code Root Fixup: 0.0 ms]
   [Code Root Purge: 0.0 ms]
   [Clear CT: 5.8 ms]
   [Other: 11.2 ms]
      [Choose CSet: 0.0 ms]
      [Ref Proc: 5.1 ms]
      [Ref Enq: 0.0 ms]
      [Redirty Cards: 5.4 ms]
      [Humongous Register: 0.1 ms]
      [Humongous Reclaim: 0.0 ms]
      [Free CSet: 0.1 ms]
   [Eden: 47104.0K(47104.0K)->0.0B(47104.0K) Survivors: 5120.0K->5120.0K Heap: 240.8M(1024.0M)->194.3M(1024.0M)]
 [Times: user=0.21 sys=0.00, real=0.02 secs] 
2023-06-18T10:38:20.936+0000: 411920.561: [GC pause (G1 Evacuation Pause) (young), 0.0302450 secs]
   [Parallel Time: 13.6 ms, GC Workers: 43]
      [GC Worker Start (ms): Min: 411920564.0, Avg: 411920566.3, Max: 411920568.0, Diff: 4.0]
      [Ext Root Scanning (ms): Min: 0.0, Avg: 1.0, Max: 11.9, Diff: 11.9, Sum: 41.2]
      [Update RS (ms): Min: 0.0, Avg: 0.8, Max: 2.2, Diff: 2.2, Sum: 34.2]
         [Processed Buffers: Min: 0, Avg: 2.1, Max: 8, Diff: 8, Sum: 89]
      [Scan RS (ms): Min: 0.0, Avg: 0.0, Max: 0.0, Diff: 0.0, Sum: 0.4]
      [Code Root Scanning (ms): Min: 0.0, Avg: 0.0, Max: 0.0, Diff: 0.0, Sum: 0.0]
      [Object Copy (ms): Min: 0.0, Avg: 2.7, Max: 3.6, Diff: 3.6, Sum: 115.0]
      [Termination (ms): Min: 0.0, Avg: 5.3, Max: 5.5, Diff: 5.5, Sum: 228.8]
         [Termination Attempts: Min: 1, Avg: 1.0, Max: 1, Diff: 0, Sum: 43]
      [GC Worker Other (ms): Min: 0.0, Avg: 0.1, Max: 1.3, Diff: 1.3, Sum: 4.4]
      [GC Worker Total (ms): Min: 8.1, Avg: 9.9, Max: 12.0, Diff: 3.9, Sum: 424.0]
      [GC Worker End (ms): Min: 411920576.0, Avg: 411920576.2, Max: 411920576.2, Diff: 0.2]
   [Code Root Fixup: 0.0 ms]
   [Code Root Purge: 0.0 ms]
   [Clear CT: 5.2 ms]
   [Other: 11.4 ms]
      [Choose CSet: 0.0 ms]
      [Ref Proc: 3.0 ms]
      [Ref Enq: 0.0 ms]
      [Redirty Cards: 5.1 ms]
      [Humongous Register: 2.1 ms]
      [Humongous Reclaim: 0.0 ms]
      [Free CSet: 0.4 ms]
   [Eden: 47104.0K(47104.0K)->0.0B(47104.0K) Survivors: 5120.0K->5120.0K Heap: 240.3M(1024.0M)->194.4M(1024.0M)]
 [Times: user=0.46 sys=0.00, real=0.03 secs] 
2023-06-18T10:55:27.658+0000: 412947.284: [GC pause (G1 Evacuation Pause) (young), 0.0201633 secs]
   [Parallel Time: 6.4 ms, GC Workers: 43]
      [GC Worker Start (ms): Min: 412947284.3, Avg: 412947285.7, Max: 412947287.0, Diff: 2.7]
      [Ext Root Scanning (ms): Min: 0.0, Avg: 0.4, Max: 1.6, Diff: 1.6, Sum: 19.3]
      [Update RS (ms): Min: 0.0, Avg: 0.1, Max: 0.4, Diff: 0.4, Sum: 5.1]
         [Processed Buffers: Min: 0, Avg: 1.8, Max: 7, Diff: 7, Sum: 78]
      [Scan RS (ms): Min: 0.0, Avg: 0.0, Max: 0.0, Diff: 0.0, Sum: 0.6]
      [Code Root Scanning (ms): Min: 0.0, Avg: 0.0, Max: 0.0, Diff: 0.0, Sum: 0.0]
      [Object Copy (ms): Min: 2.3, Avg: 3.0, Max: 3.3, Diff: 0.9, Sum: 129.7]
      [Termination (ms): Min: 0.0, Avg: 0.1, Max: 0.1, Diff: 0.1, Sum: 3.0]
         [Termination Attempts: Min: 1, Avg: 1.0, Max: 1, Diff: 0, Sum: 43]
      [GC Worker Other (ms): Min: 0.0, Avg: 0.2, Max: 0.6, Diff: 0.5, Sum: 7.5]
      [GC Worker Total (ms): Min: 2.5, Avg: 3.8, Max: 5.3, Diff: 2.8, Sum: 165.2]
      [GC Worker End (ms): Min: 412947289.4, Avg: 412947289.5, Max: 412947289.8, Diff: 0.4]
   [Code Root Fixup: 0.0 ms]
   [Code Root Purge: 0.0 ms]
   [Clear CT: 5.1 ms]
   [Other: 8.7 ms]
      [Choose CSet: 0.0 ms]
      [Ref Proc: 3.0 ms]
      [Ref Enq: 0.0 ms]
      [Redirty Cards: 5.1 ms]
      [Humongous Register: 0.1 ms]
      [Humongous Reclaim: 0.0 ms]
      [Free CSet: 0.2 ms]
   [Eden: 47104.0K(47104.0K)->0.0B(47104.0K) Survivors: 5120.0K->5120.0K Heap: 240.4M(1024.0M)->194.8M(1024.0M)]
 [Times: user=0.19 sys=0.01, real=0.02 secs] 
2023-06-18T11:11:25.562+0000: 413905.188: [GC pause (G1 Evacuation Pause) (young), 0.0231099 secs]
   [Parallel Time: 8.5 ms, GC Workers: 43]
      [GC Worker Start (ms): Min: 413905188.1, Avg: 413905189.5, Max: 413905190.7, Diff: 2.6]
      [Ext Root Scanning (ms): Min: 0.0, Avg: 0.5, Max: 5.7, Diff: 5.7, Sum: 23.5]
      [Update RS (ms): Min: 0.0, Avg: 0.2, Max: 0.5, Diff: 0.5, Sum: 7.3]
         [Processed Buffers: Min: 0, Avg: 2.0, Max: 7, Diff: 7, Sum: 88]
      [Scan RS (ms): Min: 0.0, Avg: 0.0, Max: 0.0, Diff: 0.0, Sum: 0.5]
      [Code Root Scanning (ms): Min: 0.0, Avg: 0.0, Max: 0.0, Diff: 0.0, Sum: 0.0]
      [Object Copy (ms): Min: 0.0, Avg: 2.7, Max: 3.0, Diff: 3.0, Sum: 117.2]
      [Termination (ms): Min: 0.0, Avg: 0.9, Max: 1.0, Diff: 1.0, Sum: 40.1]
         [Termination Attempts: Min: 1, Avg: 1.0, Max: 1, Diff: 0, Sum: 43]
      [GC Worker Other (ms): Min: 0.0, Avg: 0.1, Max: 0.3, Diff: 0.3, Sum: 2.7]
      [GC Worker Total (ms): Min: 3.2, Avg: 4.4, Max: 5.8, Diff: 2.5, Sum: 191.3]
      [GC Worker End (ms): Min: 413905193.9, Avg: 413905193.9, Max: 413905194.0, Diff: 0.1]
   [Code Root Fixup: 0.0 ms]
   [Code Root Purge: 0.0 ms]
   [Clear CT: 4.9 ms]
   [Other: 9.7 ms]
      [Choose CSet: 0.0 ms]
      [Ref Proc: 3.9 ms]
      [Ref Enq: 0.0 ms]
      [Redirty Cards: 5.2 ms]
      [Humongous Register: 0.1 ms]
      [Humongous Reclaim: 0.0 ms]
      [Free CSet: 0.1 ms]
   [Eden: 47104.0K(47104.0K)->0.0B(47104.0K) Survivors: 5120.0K->5120.0K Heap: 240.8M(1024.0M)->194.5M(1024.0M)]
 [Times: user=0.25 sys=0.00, real=0.02 secs] 
2023-06-18T11:28:22.444+0000: 414922.069: [GC pause (G1 Evacuation Pause) (young), 0.0216022 secs]
   [Parallel Time: 7.2 ms, GC Workers: 43]
      [GC Worker Start (ms): Min: 414922070.0, Avg: 414922071.4, Max: 414922072.7, Diff: 2.7]
      [Ext Root Scanning (ms): Min: 0.0, Avg: 0.6, Max: 1.9, Diff: 1.9, Sum: 27.3]
      [Update RS (ms): Min: 0.0, Avg: 0.2, Max: 0.5, Diff: 0.5, Sum: 10.7]
         [Processed Buffers: Min: 0, Avg: 2.0, Max: 7, Diff: 7, Sum: 85]
      [Scan RS (ms): Min: 0.0, Avg: 0.0, Max: 0.0, Diff: 0.0, Sum: 0.5]
      [Code Root Scanning (ms): Min: 0.0, Avg: 0.0, Max: 0.0, Diff: 0.0, Sum: 0.0]
      [Object Copy (ms): Min: 2.7, Avg: 3.1, Max: 3.2, Diff: 0.5, Sum: 131.8]
      [Termination (ms): Min: 0.0, Avg: 0.1, Max: 0.1, Diff: 0.1, Sum: 3.6]
         [Termination Attempts: Min: 1, Avg: 1.0, Max: 1, Diff: 0, Sum: 43]
      [GC Worker Other (ms): Min: 0.0, Avg: 0.1, Max: 0.4, Diff: 0.4, Sum: 5.2]
      [GC Worker Total (ms): Min: 3.0, Avg: 4.2, Max: 5.6, Diff: 2.6, Sum: 179.1]
      [GC Worker End (ms): Min: 414922075.5, Avg: 414922075.6, Max: 414922075.8, Diff: 0.2]
   [Code Root Fixup: 0.0 ms]
   [Code Root Purge: 0.0 ms]
   [Clear CT: 5.2 ms]
   [Other: 9.2 ms]
      [Choose CSet: 0.0 ms]
      [Ref Proc: 2.8 ms]
      [Ref Enq: 0.0 ms]
      [Redirty Cards: 5.3 ms]
      [Humongous Register: 0.3 ms]
      [Humongous Reclaim: 0.0 ms]
      [Free CSet: 0.2 ms]
   [Eden: 47104.0K(47104.0K)->0.0B(48128.0K) Survivors: 5120.0K->4096.0K Heap: 240.5M(1024.0M)->194.2M(1024.0M)]
 [Times: user=0.22 sys=0.00, real=0.02 secs] 
2023-06-18T11:45:49.599+0000: 415969.225: [GC pause (G1 Evacuation Pause) (young), 0.0264295 secs]
   [Parallel Time: 7.3 ms, GC Workers: 43]
      [GC Worker Start (ms): Min: 415969227.0, Avg: 415969228.8, Max: 415969230.7, Diff: 3.7]
      [Ext Root Scanning (ms): Min: 0.0, Avg: 0.4, Max: 2.0, Diff: 2.0, Sum: 17.7]
      [Update RS (ms): Min: 0.0, Avg: 0.2, Max: 0.5, Diff: 0.5, Sum: 7.0]
         [Processed Buffers: Min: 0, Avg: 2.0, Max: 11, Diff: 11, Sum: 87]
      [Scan RS (ms): Min: 0.0, Avg: 0.0, Max: 0.0, Diff: 0.0, Sum: 0.6]
      [Code Root Scanning (ms): Min: 0.0, Avg: 0.0, Max: 0.0, Diff: 0.0, Sum: 0.0]
      [Object Copy (ms): Min: 1.8, Avg: 3.0, Max: 3.5, Diff: 1.7, Sum: 129.7]
      [Termination (ms): Min: 0.0, Avg: 0.0, Max: 0.1, Diff: 0.1, Sum: 2.0]
         [Termination Attempts: Min: 1, Avg: 1.0, Max: 1, Diff: 0, Sum: 43]
      [GC Worker Other (ms): Min: 0.0, Avg: 0.1, Max: 0.4, Diff: 0.4, Sum: 6.4]
      [GC Worker Total (ms): Min: 1.9, Avg: 3.8, Max: 5.9, Diff: 4.0, Sum: 163.3]
      [GC Worker End (ms): Min: 415969232.5, Avg: 415969232.6, Max: 415969232.9, Diff: 0.3]
   [Code Root Fixup: 0.0 ms]
   [Code Root Purge: 0.0 ms]
   [Clear CT: 7.2 ms]
   [Other: 11.9 ms]
      [Choose CSet: 0.0 ms]
      [Ref Proc: 3.9 ms]
      [Ref Enq: 0.0 ms]
      [Redirty Cards: 5.3 ms]
      [Humongous Register: 1.9 ms]
      [Humongous Reclaim: 0.0 ms]
      [Free CSet: 0.1 ms]
   [Eden: 48128.0K(48128.0K)->0.0B(47104.0K) Survivors: 4096.0K->5120.0K Heap: 241.2M(1024.0M)->194.7M(1024.0M)]
 [Times: user=0.22 sys=0.00, real=0.03 secs] 
2023-06-18T12:02:53.468+0000: 416993.094: [GC pause (G1 Evacuation Pause) (young), 0.0238297 secs]
   [Parallel Time: 7.9 ms, GC Workers: 43]
      [GC Worker Start (ms): Min: 416993094.0, Avg: 416993095.4, Max: 416993096.6, Diff: 2.6]
      [Ext Root Scanning (ms): Min: 0.0, Avg: 0.5, Max: 1.8, Diff: 1.8, Sum: 23.2]
      [Update RS (ms): Min: 0.0, Avg: 0.1, Max: 0.5, Diff: 0.5, Sum: 6.1]
         [Processed Buffers: Min: 0, Avg: 1.9, Max: 6, Diff: 6, Sum: 83]
      [Scan RS (ms): Min: 0.0, Avg: 0.0, Max: 0.0, Diff: 0.0, Sum: 0.7]
      [Code Root Scanning (ms): Min: 0.0, Avg: 0.0, Max: 0.2, Diff: 0.2, Sum: 0.2]
      [Object Copy (ms): Min: 3.0, Avg: 3.5, Max: 3.7, Diff: 0.7, Sum: 150.0]
      [Termination (ms): Min: 0.0, Avg: 0.1, Max: 0.1, Diff: 0.1, Sum: 2.9]
         [Termination Attempts: Min: 1, Avg: 1.0, Max: 1, Diff: 0, Sum: 43]
      [GC Worker Other (ms): Min: 0.0, Avg: 0.1, Max: 0.4, Diff: 0.3, Sum: 4.4]
      [GC Worker Total (ms): Min: 3.2, Avg: 4.4, Max: 5.8, Diff: 2.6, Sum: 187.4]
      [GC Worker End (ms): Min: 416993099.7, Avg: 416993099.8, Max: 416993100.0, Diff: 0.3]
   [Code Root Fixup: 0.0 ms]
   [Code Root Purge: 0.0 ms]
   [Clear CT: 5.3 ms]
   [Other: 10.6 ms]
      [Choose CSet: 0.0 ms]
      [Ref Proc: 4.7 ms]
      [Ref Enq: 0.0 ms]
      [Redirty Cards: 5.3 ms]
      [Humongous Register: 0.1 ms]
      [Humongous Reclaim: 0.0 ms]
      [Free CSet: 0.1 ms]
   [Eden: 47104.0K(47104.0K)->0.0B(47104.0K) Survivors: 5120.0K->5120.0K Heap: 240.7M(1024.0M)->194.9M(1024.0M)]
 [Times: user=0.24 sys=0.00, real=0.03 secs] 
2023-06-18T12:18:43.278+0000: 417942.903: [GC pause (G1 Evacuation Pause) (young), 0.0211722 secs]
   [Parallel Time: 7.1 ms, GC Workers: 43]
      [GC Worker Start (ms): Min: 417942903.6, Avg: 417942905.1, Max: 417942906.2, Diff: 2.6]
      [Ext Root Scanning (ms): Min: 0.0, Avg: 0.5, Max: 2.3, Diff: 2.3, Sum: 21.9]
      [Update RS (ms): Min: 0.0, Avg: 0.2, Max: 0.4, Diff: 0.4, Sum: 7.3]
         [Processed Buffers: Min: 0, Avg: 2.1, Max: 6, Diff: 6, Sum: 89]
      [Scan RS (ms): Min: 0.0, Avg: 0.0, Max: 0.0, Diff: 0.0, Sum: 0.7]
      [Code Root Scanning (ms): Min: 0.0, Avg: 0.0, Max: 0.1, Diff: 0.1, Sum: 0.1]
      [Object Copy (ms): Min: 2.4, Avg: 2.9, Max: 3.1, Diff: 0.7, Sum: 125.1]
      [Termination (ms): Min: 0.0, Avg: 0.1, Max: 0.1, Diff: 0.1, Sum: 3.0]
         [Termination Attempts: Min: 1, Avg: 1.0, Max: 1, Diff: 0, Sum: 43]
      [GC Worker Other (ms): Min: 0.0, Avg: 0.1, Max: 0.4, Diff: 0.3, Sum: 4.7]
      [GC Worker Total (ms): Min: 2.6, Avg: 3.8, Max: 5.3, Diff: 2.7, Sum: 162.9]
      [GC Worker End (ms): Min: 417942908.8, Avg: 417942908.8, Max: 417942909.0, Diff: 0.3]
   [Code Root Fixup: 0.0 ms]
   [Code Root Purge: 0.0 ms]
   [Clear CT: 5.4 ms]
   [Other: 8.6 ms]
      [Choose CSet: 0.0 ms]
      [Ref Proc: 2.7 ms]
      [Ref Enq: 0.0 ms]
      [Redirty Cards: 5.3 ms]
      [Humongous Register: 0.1 ms]
      [Humongous Reclaim: 0.0 ms]
      [Free CSet: 0.1 ms]
   [Eden: 47104.0K(47104.0K)->0.0B(48128.0K) Survivors: 5120.0K->4096.0K Heap: 240.9M(1024.0M)->194.2M(1024.0M)]
 [Times: user=0.21 sys=0.00, real=0.02 secs] 
2023-06-18T12:36:12.109+0000: 418991.735: [GC pause (G1 Evacuation Pause) (young), 0.0204390 secs]
   [Parallel Time: 6.6 ms, GC Workers: 43]
      [GC Worker Start (ms): Min: 418991735.3, Avg: 418991736.7, Max: 418991737.9, Diff: 2.7]
      [Ext Root Scanning (ms): Min: 0.0, Avg: 0.5, Max: 1.7, Diff: 1.7, Sum: 20.9]
      [Update RS (ms): Min: 0.0, Avg: 0.1, Max: 0.5, Diff: 0.5, Sum: 6.3]
         [Processed Buffers: Min: 0, Avg: 2.1, Max: 7, Diff: 7, Sum: 89]
      [Scan RS (ms): Min: 0.0, Avg: 0.0, Max: 0.0, Diff: 0.0, Sum: 0.6]
      [Code Root Scanning (ms): Min: 0.0, Avg: 0.0, Max: 0.1, Diff: 0.1, Sum: 0.1]
      [Object Copy (ms): Min: 2.5, Avg: 3.0, Max: 3.3, Diff: 0.8, Sum: 130.1]
      [Termination (ms): Min: 0.0, Avg: 0.0, Max: 0.1, Diff: 0.1, Sum: 1.7]
         [Termination Attempts: Min: 1, Avg: 1.0, Max: 1, Diff: 0, Sum: 43]
      [GC Worker Other (ms): Min: 0.0, Avg: 0.1, Max: 0.4, Diff: 0.4, Sum: 5.8]
      [GC Worker Total (ms): Min: 2.6, Avg: 3.8, Max: 5.3, Diff: 2.7, Sum: 165.5]
      [GC Worker End (ms): Min: 418991740.5, Avg: 418991740.6, Max: 418991740.8, Diff: 0.4]
   [Code Root Fixup: 0.0 ms]
   [Code Root Purge: 0.0 ms]
   [Clear CT: 5.4 ms]
   [Other: 8.5 ms]
      [Choose CSet: 0.0 ms]
      [Ref Proc: 2.6 ms]
      [Ref Enq: 0.0 ms]
      [Redirty Cards: 5.3 ms]
      [Humongous Register: 0.1 ms]
      [Humongous Reclaim: 0.0 ms]
      [Free CSet: 0.1 ms]
   [Eden: 48128.0K(48128.0K)->0.0B(47104.0K) Survivors: 4096.0K->5120.0K Heap: 241.2M(1024.0M)->194.8M(1024.0M)]
 [Times: user=0.22 sys=0.00, real=0.02 secs] 
2023-06-18T12:53:16.355+0000: 420015.981: [GC pause (G1 Evacuation Pause) (young), 0.0273544 secs]
   [Parallel Time: 13.1 ms, GC Workers: 43]
      [GC Worker Start (ms): Min: 420015981.4, Avg: 420015982.8, Max: 420015984.0, Diff: 2.6]
      [Ext Root Scanning (ms): Min: 0.1, Avg: 1.4, Max: 10.1, Diff: 10.0, Sum: 61.2]
      [Update RS (ms): Min: 0.0, Avg: 0.4, Max: 0.8, Diff: 0.8, Sum: 19.3]
         [Processed Buffers: Min: 0, Avg: 2.0, Max: 8, Diff: 8, Sum: 88]
      [Scan RS (ms): Min: 0.0, Avg: 0.0, Max: 0.0, Diff: 0.0, Sum: 0.5]
      [Code Root Scanning (ms): Min: 0.0, Avg: 0.0, Max: 0.2, Diff: 0.2, Sum: 0.2]
      [Object Copy (ms): Min: 0.0, Avg: 3.4, Max: 3.7, Diff: 3.7, Sum: 144.6]
      [Termination (ms): Min: 0.0, Avg: 3.5, Max: 3.7, Diff: 3.6, Sum: 150.3]
         [Termination Attempts: Min: 1, Avg: 1.0, Max: 1, Diff: 0, Sum: 43]
      [GC Worker Other (ms): Min: 0.0, Avg: 0.1, Max: 0.3, Diff: 0.3, Sum: 2.5]
      [GC Worker Total (ms): Min: 7.7, Avg: 8.8, Max: 10.2, Diff: 2.4, Sum: 378.5]
      [GC Worker End (ms): Min: 420015991.5, Avg: 420015991.6, Max: 420015991.8, Diff: 0.2]
   [Code Root Fixup: 0.0 ms]
   [Code Root Purge: 0.0 ms]
   [Clear CT: 5.7 ms]
   [Other: 8.6 ms]
      [Choose CSet: 0.0 ms]
      [Ref Proc: 2.8 ms]
      [Ref Enq: 0.0 ms]
      [Redirty Cards: 4.8 ms]
      [Humongous Register: 0.3 ms]
      [Humongous Reclaim: 0.0 ms]
      [Free CSet: 0.2 ms]
   [Eden: 47104.0K(47104.0K)->0.0B(47104.0K) Survivors: 5120.0K->5120.0K Heap: 240.8M(1024.0M)->194.5M(1024.0M)]
 [Times: user=0.42 sys=0.00, real=0.03 secs] 
2023-06-18T13:10:14.930+0000: 421034.555: [GC pause (G1 Evacuation Pause) (young), 0.0272107 secs]
   [Parallel Time: 10.6 ms, GC Workers: 43]
      [GC Worker Start (ms): Min: 421034557.7, Avg: 421034559.7, Max: 421034561.5, Diff: 3.8]
      [Ext Root Scanning (ms): Min: 0.0, Avg: 0.5, Max: 3.5, Diff: 3.5, Sum: 23.3]
      [Update RS (ms): Min: 0.0, Avg: 0.2, Max: 0.5, Diff: 0.5, Sum: 7.8]
         [Processed Buffers: Min: 0, Avg: 2.1, Max: 9, Diff: 9, Sum: 89]
      [Scan RS (ms): Min: 0.0, Avg: 0.0, Max: 0.0, Diff: 0.0, Sum: 0.5]
      [Code Root Scanning (ms): Min: 0.0, Avg: 0.0, Max: 0.2, Diff: 0.2, Sum: 0.2]
      [Object Copy (ms): Min: 2.6, Avg: 3.6, Max: 4.1, Diff: 1.5, Sum: 156.7]
      [Termination (ms): Min: 0.0, Avg: 0.1, Max: 0.1, Diff: 0.1, Sum: 2.3]
         [Termination Attempts: Min: 1, Avg: 1.0, Max: 1, Diff: 0, Sum: 43]
      [GC Worker Other (ms): Min: 0.0, Avg: 0.1, Max: 0.3, Diff: 0.3, Sum: 5.5]
      [GC Worker Total (ms): Min: 2.8, Avg: 4.6, Max: 6.7, Diff: 3.9, Sum: 196.3]
      [GC Worker End (ms): Min: 421034564.2, Avg: 421034564.3, Max: 421034564.5, Diff: 0.3]
   [Code Root Fixup: 0.0 ms]
   [Code Root Purge: 0.0 ms]
   [Clear CT: 4.8 ms]
   [Other: 11.8 ms]
      [Choose CSet: 0.0 ms]
      [Ref Proc: 4.3 ms]
      [Ref Enq: 0.0 ms]
      [Redirty Cards: 4.6 ms]
      [Humongous Register: 1.9 ms]
      [Humongous Reclaim: 0.0 ms]
      [Free CSet: 0.1 ms]
   [Eden: 47104.0K(47104.0K)->0.0B(47104.0K) Survivors: 5120.0K->5120.0K Heap: 240.5M(1024.0M)->195.1M(1024.0M)]
 [Times: user=0.25 sys=0.00, real=0.02 secs] 
2023-06-18T13:26:17.591+0000: 421997.216: [GC pause (G1 Evacuation Pause) (young), 0.0240186 secs]
   [Parallel Time: 7.2 ms, GC Workers: 43]
      [GC Worker Start (ms): Min: 421997216.6, Avg: 421997217.9, Max: 421997219.1, Diff: 2.4]
      [Ext Root Scanning (ms): Min: 0.0, Avg: 0.6, Max: 1.7, Diff: 1.7, Sum: 23.8]
      [Update RS (ms): Min: 0.0, Avg: 0.2, Max: 0.4, Diff: 0.4, Sum: 7.6]
         [Processed Buffers: Min: 0, Avg: 1.9, Max: 7, Diff: 7, Sum: 82]
      [Scan RS (ms): Min: 0.0, Avg: 0.0, Max: 0.0, Diff: 0.0, Sum: 0.5]
      [Code Root Scanning (ms): Min: 0.0, Avg: 0.0, Max: 0.1, Diff: 0.1, Sum: 0.1]
      [Object Copy (ms): Min: 3.1, Avg: 3.5, Max: 3.7, Diff: 0.6, Sum: 150.0]
      [Termination (ms): Min: 0.0, Avg: 0.1, Max: 0.1, Diff: 0.1, Sum: 2.5]
         [Termination Attempts: Min: 1, Avg: 1.0, Max: 1, Diff: 0, Sum: 43]
      [GC Worker Other (ms): Min: 0.0, Avg: 0.1, Max: 0.3, Diff: 0.2, Sum: 3.6]
      [GC Worker Total (ms): Min: 3.2, Avg: 4.4, Max: 5.8, Diff: 2.6, Sum: 188.1]
      [GC Worker End (ms): Min: 421997222.2, Avg: 421997222.3, Max: 421997222.5, Diff: 0.3]
   [Code Root Fixup: 0.0 ms]
   [Code Root Purge: 0.0 ms]
   [Clear CT: 5.0 ms]
   [Other: 11.8 ms]
      [Choose CSet: 0.0 ms]
      [Ref Proc: 6.0 ms]
      [Ref Enq: 0.0 ms]
      [Redirty Cards: 5.2 ms]
      [Humongous Register: 0.1 ms]
      [Humongous Reclaim: 0.0 ms]
      [Free CSet: 0.1 ms]
   [Eden: 47104.0K(47104.0K)->0.0B(47104.0K) Survivors: 5120.0K->5120.0K Heap: 241.1M(1024.0M)->194.7M(1024.0M)]
 [Times: user=0.18 sys=0.07, real=0.02 secs] 
2023-06-18T13:43:24.397+0000: 423024.023: [GC pause (G1 Evacuation Pause) (young), 0.0266431 secs]
   [Parallel Time: 10.1 ms, GC Workers: 43]
      [GC Worker Start (ms): Min: 423024023.0, Avg: 423024024.4, Max: 423024025.7, Diff: 2.7]
      [Ext Root Scanning (ms): Min: 0.0, Avg: 0.5, Max: 1.7, Diff: 1.7, Sum: 21.7]
      [Update RS (ms): Min: 0.0, Avg: 0.2, Max: 0.5, Diff: 0.5, Sum: 7.0]
         [Processed Buffers: Min: 0, Avg: 2.1, Max: 6, Diff: 6, Sum: 90]
      [Scan RS (ms): Min: 0.0, Avg: 0.0, Max: 0.0, Diff: 0.0, Sum: 0.7]
      [Code Root Scanning (ms): Min: 0.0, Avg: 0.0, Max: 0.2, Diff: 0.2, Sum: 0.2]
      [Object Copy (ms): Min: 6.3, Avg: 6.9, Max: 7.1, Diff: 0.9, Sum: 296.3]
      [Termination (ms): Min: 0.0, Avg: 0.1, Max: 0.1, Diff: 0.1, Sum: 3.9]
         [Termination Attempts: Min: 1, Avg: 2.1, Max: 4, Diff: 3, Sum: 89]
      [GC Worker Other (ms): Min: 0.0, Avg: 0.1, Max: 0.4, Diff: 0.3, Sum: 5.4]
      [GC Worker Total (ms): Min: 6.4, Avg: 7.8, Max: 9.4, Diff: 2.9, Sum: 335.2]
      [GC Worker End (ms): Min: 423024032.1, Avg: 423024032.2, Max: 423024032.5, Diff: 0.3]
   [Code Root Fixup: 0.0 ms]
   [Code Root Purge: 0.0 ms]
   [Clear CT: 6.9 ms]
   [Other: 9.6 ms]
      [Choose CSet: 0.0 ms]
      [Ref Proc: 4.0 ms]
      [Ref Enq: 0.0 ms]
      [Redirty Cards: 5.0 ms]
      [Humongous Register: 0.1 ms]
      [Humongous Reclaim: 0.0 ms]
      [Free CSet: 0.1 ms]
   [Eden: 47104.0K(47104.0K)->0.0B(47104.0K) Survivors: 5120.0K->5120.0K Heap: 240.7M(1024.0M)->194.4M(1024.0M)]
 [Times: user=0.39 sys=0.00, real=0.03 secs] 
2023-06-18T14:00:30.945+0000: 424050.571: [GC pause (G1 Evacuation Pause) (young), 0.0322207 secs]
   [Parallel Time: 14.0 ms, GC Workers: 43]
      [GC Worker Start (ms): Min: 424050573.2, Avg: 424050575.3, Max: 424050580.9, Diff: 7.7]
      [Ext Root Scanning (ms): Min: 0.0, Avg: 1.1, Max: 12.3, Diff: 12.3, Sum: 45.4]
      [Update RS (ms): Min: 0.0, Avg: 0.3, Max: 0.6, Diff: 0.6, Sum: 12.8]
         [Processed Buffers: Min: 0, Avg: 2.1, Max: 9, Diff: 9, Sum: 90]
      [Scan RS (ms): Min: 0.0, Avg: 0.0, Max: 0.0, Diff: 0.0, Sum: 0.5]
      [Code Root Scanning (ms): Min: 0.0, Avg: 0.0, Max: 0.1, Diff: 0.1, Sum: 0.2]
      [Object Copy (ms): Min: 0.0, Avg: 3.5, Max: 3.8, Diff: 3.8, Sum: 149.8]
      [Termination (ms): Min: 0.0, Avg: 5.5, Max: 5.7, Diff: 5.7, Sum: 234.8]
         [Termination Attempts: Min: 1, Avg: 1.0, Max: 1, Diff: 0, Sum: 43]
      [GC Worker Other (ms): Min: 0.0, Avg: 0.0, Max: 0.1, Diff: 0.1, Sum: 2.1]
      [GC Worker Total (ms): Min: 4.8, Avg: 10.4, Max: 12.4, Diff: 7.5, Sum: 445.5]
      [GC Worker End (ms): Min: 424050585.6, Avg: 424050585.7, Max: 424050585.8, Diff: 0.2]
   [Code Root Fixup: 0.0 ms]
   [Code Root Purge: 0.0 ms]
   [Clear CT: 5.5 ms]
   [Other: 12.7 ms]
      [Choose CSet: 0.0 ms]
      [Ref Proc: 4.9 ms]
      [Ref Enq: 0.0 ms]
      [Redirty Cards: 4.8 ms]
      [Humongous Register: 2.1 ms]
      [Humongous Reclaim: 0.0 ms]
      [Free CSet: 0.2 ms]
   [Eden: 47104.0K(47104.0K)->0.0B(47104.0K) Survivors: 5120.0K->5120.0K Heap: 240.4M(1024.0M)->195.1M(1024.0M)]
 [Times: user=0.47 sys=0.05, real=0.03 secs] 
2023-06-18T14:16:23.955+0000: 425003.580: [GC pause (G1 Evacuation Pause) (young), 0.0272722 secs]
   [Parallel Time: 9.9 ms, GC Workers: 43]
      [GC Worker Start (ms): Min: 425003580.5, Avg: 425003582.2, Max: 425003586.5, Diff: 6.0]
      [Ext Root Scanning (ms): Min: 0.0, Avg: 0.4, Max: 1.8, Diff: 1.8, Sum: 16.1]
      [Update RS (ms): Min: 0.0, Avg: 0.1, Max: 0.4, Diff: 0.4, Sum: 5.4]
         [Processed Buffers: Min: 0, Avg: 2.0, Max: 8, Diff: 8, Sum: 88]
      [Scan RS (ms): Min: 0.0, Avg: 0.0, Max: 0.0, Diff: 0.0, Sum: 0.6]
      [Code Root Scanning (ms): Min: 0.0, Avg: 0.0, Max: 0.1, Diff: 0.1, Sum: 0.1]
      [Object Copy (ms): Min: 0.0, Avg: 2.9, Max: 3.3, Diff: 3.3, Sum: 124.9]
      [Termination (ms): Min: 0.0, Avg: 1.1, Max: 1.3, Diff: 1.3, Sum: 45.7]
         [Termination Attempts: Min: 1, Avg: 1.0, Max: 1, Diff: 0, Sum: 43]
      [GC Worker Other (ms): Min: 0.0, Avg: 0.0, Max: 0.1, Diff: 0.1, Sum: 1.4]
      [GC Worker Total (ms): Min: 0.0, Avg: 4.5, Max: 6.1, Diff: 6.1, Sum: 194.3]
      [GC Worker End (ms): Min: 425003586.6, Avg: 425003586.7, Max: 425003586.8, Diff: 0.2]
   [Code Root Fixup: 0.0 ms]
   [Code Root Purge: 0.0 ms]
   [Clear CT: 6.5 ms]
   [Other: 10.9 ms]
      [Choose CSet: 0.0 ms]
      [Ref Proc: 5.0 ms]
      [Ref Enq: 0.0 ms]
      [Redirty Cards: 5.2 ms]
      [Humongous Register: 0.1 ms]
      [Humongous Reclaim: 0.0 ms]
      [Free CSet: 0.2 ms]
   [Eden: 47104.0K(47104.0K)->0.0B(47104.0K) Survivors: 5120.0K->5120.0K Heap: 241.1M(1024.0M)->194.7M(1024.0M)]
 [Times: user=0.27 sys=0.00, real=0.03 secs] 
2023-06-18T14:33:28.625+0000: 426028.251: [GC pause (G1 Evacuation Pause) (young), 0.0275171 secs]
   [Parallel Time: 7.4 ms, GC Workers: 43]
      [GC Worker Start (ms): Min: 426028251.1, Avg: 426028252.5, Max: 426028257.7, Diff: 6.6]
      [Ext Root Scanning (ms): Min: 0.0, Avg: 0.7, Max: 6.4, Diff: 6.4, Sum: 29.5]
      [Update RS (ms): Min: 0.0, Avg: 0.2, Max: 0.7, Diff: 0.7, Sum: 8.3]
         [Processed Buffers: Min: 0, Avg: 2.0, Max: 8, Diff: 8, Sum: 87]
      [Scan RS (ms): Min: 0.0, Avg: 0.0, Max: 0.1, Diff: 0.0, Sum: 0.8]
      [Code Root Scanning (ms): Min: 0.0, Avg: 0.0, Max: 0.2, Diff: 0.2, Sum: 0.2]
      [Object Copy (ms): Min: 0.0, Avg: 3.4, Max: 3.7, Diff: 3.7, Sum: 147.3]
      [Termination (ms): Min: 0.0, Avg: 0.9, Max: 0.9, Diff: 0.9, Sum: 36.6]
         [Termination Attempts: Min: 1, Avg: 1.0, Max: 1, Diff: 0, Sum: 43]
      [GC Worker Other (ms): Min: 0.0, Avg: 0.1, Max: 0.3, Diff: 0.3, Sum: 3.5]
      [GC Worker Total (ms): Min: 0.0, Avg: 5.3, Max: 6.7, Diff: 6.6, Sum: 226.1]
      [GC Worker End (ms): Min: 426028257.7, Avg: 426028257.8, Max: 426028258.0, Diff: 0.3]
   [Code Root Fixup: 0.0 ms]
   [Code Root Purge: 0.0 ms]
   [Clear CT: 5.1 ms]
   [Other: 15.1 ms]
      [Choose CSet: 0.0 ms]
      [Ref Proc: 9.2 ms]
      [Ref Enq: 0.0 ms]
      [Redirty Cards: 5.2 ms]
      [Humongous Register: 0.1 ms]
      [Humongous Reclaim: 0.0 ms]
      [Free CSet: 0.2 ms]
   [Eden: 47104.0K(47104.0K)->0.0B(47104.0K) Survivors: 5120.0K->5120.0K Heap: 240.7M(1024.0M)->194.6M(1024.0M)]
 [Times: user=0.39 sys=0.00, real=0.03 secs] 
2023-06-18T14:50:35.834+0000: 427055.459: [GC pause (G1 Evacuation Pause) (young), 0.0221627 secs]
   [Parallel Time: 8.6 ms, GC Workers: 43]
      [GC Worker Start (ms): Min: 427055460.0, Avg: 427055461.3, Max: 427055462.5, Diff: 2.6]
      [Ext Root Scanning (ms): Min: 0.1, Avg: 1.3, Max: 2.7, Diff: 2.5, Sum: 55.9]
      [Update RS (ms): Min: 0.3, Avg: 0.5, Max: 1.0, Diff: 0.7, Sum: 21.7]
         [Processed Buffers: Min: 0, Avg: 2.1, Max: 8, Diff: 8, Sum: 89]
      [Scan RS (ms): Min: 0.0, Avg: 0.0, Max: 0.0, Diff: 0.0, Sum: 0.4]
      [Code Root Scanning (ms): Min: 0.0, Avg: 0.0, Max: 0.1, Diff: 0.1, Sum: 0.1]
      [Object Copy (ms): Min: 3.4, Avg: 3.8, Max: 4.1, Diff: 0.7, Sum: 164.1]
      [Termination (ms): Min: 0.0, Avg: 0.1, Max: 0.1, Diff: 0.1, Sum: 2.5]
         [Termination Attempts: Min: 1, Avg: 1.0, Max: 1, Diff: 0, Sum: 43]
      [GC Worker Other (ms): Min: 0.0, Avg: 0.1, Max: 0.9, Diff: 0.8, Sum: 5.4]
      [GC Worker Total (ms): Min: 4.6, Avg: 5.8, Max: 7.1, Diff: 2.5, Sum: 250.2]
      [GC Worker End (ms): Min: 427055467.0, Avg: 427055467.1, Max: 427055467.3, Diff: 0.3]
   [Code Root Fixup: 0.0 ms]
   [Code Root Purge: 0.0 ms]
   [Clear CT: 4.7 ms]
   [Other: 8.9 ms]
      [Choose CSet: 0.0 ms]
      [Ref Proc: 3.5 ms]
      [Ref Enq: 0.0 ms]
      [Redirty Cards: 4.3 ms]
      [Humongous Register: 0.3 ms]
      [Humongous Reclaim: 0.0 ms]
      [Free CSet: 0.2 ms]
   [Eden: 47104.0K(47104.0K)->0.0B(47104.0K) Survivors: 5120.0K->5120.0K Heap: 240.6M(1024.0M)->194.7M(1024.0M)]
 [Times: user=0.23 sys=0.05, real=0.02 secs] 
2023-06-18T15:07:31.544+0000: 428071.170: [GC pause (G1 Evacuation Pause) (young), 0.0252785 secs]
   [Parallel Time: 9.0 ms, GC Workers: 43]
      [GC Worker Start (ms): Min: 428071172.3, Avg: 428071174.4, Max: 428071178.6, Diff: 6.4]
      [Ext Root Scanning (ms): Min: 0.0, Avg: 0.4, Max: 3.2, Diff: 3.2, Sum: 15.8]
      [Update RS (ms): Min: 0.0, Avg: 0.1, Max: 0.4, Diff: 0.4, Sum: 6.1]
         [Processed Buffers: Min: 0, Avg: 2.1, Max: 10, Diff: 10, Sum: 89]
      [Scan RS (ms): Min: 0.0, Avg: 0.0, Max: 0.1, Diff: 0.1, Sum: 0.7]
      [Code Root Scanning (ms): Min: 0.0, Avg: 0.0, Max: 0.1, Diff: 0.1, Sum: 0.1]
      [Object Copy (ms): Min: 0.0, Avg: 3.3, Max: 3.9, Diff: 3.9, Sum: 140.9]
      [Termination (ms): Min: 0.0, Avg: 0.6, Max: 0.7, Diff: 0.7, Sum: 26.2]
         [Termination Attempts: Min: 1, Avg: 1.0, Max: 1, Diff: 0, Sum: 43]
      [GC Worker Other (ms): Min: 0.0, Avg: 0.0, Max: 0.1, Diff: 0.1, Sum: 1.6]
      [GC Worker Total (ms): Min: 0.0, Avg: 4.5, Max: 6.5, Diff: 6.5, Sum: 191.4]
      [GC Worker End (ms): Min: 428071178.7, Avg: 428071178.8, Max: 428071178.9, Diff: 0.2]
   [Code Root Fixup: 0.0 ms]
   [Code Root Purge: 0.0 ms]
   [Clear CT: 4.9 ms]
   [Other: 11.4 ms]
      [Choose CSet: 0.0 ms]
      [Ref Proc: 3.9 ms]
      [Ref Enq: 0.0 ms]
      [Redirty Cards: 4.9 ms]
      [Humongous Register: 1.9 ms]
      [Humongous Reclaim: 0.0 ms]
      [Free CSet: 0.1 ms]
   [Eden: 47104.0K(47104.0K)->0.0B(47104.0K) Survivors: 5120.0K->5120.0K Heap: 240.7M(1024.0M)->195.1M(1024.0M)]
 [Times: user=0.25 sys=0.00, real=0.03 secs] 
2023-06-18T15:23:32.591+0000: 429032.216: [GC pause (G1 Evacuation Pause) (young), 0.0209479 secs]
   [Parallel Time: 6.9 ms, GC Workers: 43]
      [GC Worker Start (ms): Min: 429032216.6, Avg: 429032218.0, Max: 429032219.1, Diff: 2.5]
      [Ext Root Scanning (ms): Min: 0.0, Avg: 0.5, Max: 1.9, Diff: 1.9, Sum: 21.2]
      [Update RS (ms): Min: 0.0, Avg: 0.2, Max: 0.5, Diff: 0.5, Sum: 7.3]
         [Processed Buffers: Min: 0, Avg: 1.9, Max: 7, Diff: 7, Sum: 80]
      [Scan RS (ms): Min: 0.0, Avg: 0.0, Max: 0.1, Diff: 0.0, Sum: 0.7]
      [Code Root Scanning (ms): Min: 0.0, Avg: 0.0, Max: 0.1, Diff: 0.1, Sum: 0.1]
      [Object Copy (ms): Min: 3.4, Avg: 3.9, Max: 4.1, Diff: 0.7, Sum: 167.6]
      [Termination (ms): Min: 0.0, Avg: 0.1, Max: 0.2, Diff: 0.2, Sum: 4.4]
         [Termination Attempts: Min: 1, Avg: 1.3, Max: 3, Diff: 2, Sum: 54]
      [GC Worker Other (ms): Min: 0.0, Avg: 0.1, Max: 0.4, Diff: 0.4, Sum: 4.9]
      [GC Worker Total (ms): Min: 3.6, Avg: 4.8, Max: 6.3, Diff: 2.7, Sum: 206.3]
      [GC Worker End (ms): Min: 429032222.7, Avg: 429032222.8, Max: 429032223.0, Diff: 0.3]
   [Code Root Fixup: 0.0 ms]
   [Code Root Purge: 0.0 ms]
   [Clear CT: 4.7 ms]
   [Other: 9.3 ms]
      [Choose CSet: 0.0 ms]
      [Ref Proc: 3.9 ms]
      [Ref Enq: 0.0 ms]
      [Redirty Cards: 4.8 ms]
      [Humongous Register: 0.1 ms]
      [Humongous Reclaim: 0.0 ms]
      [Free CSet: 0.1 ms]
   [Eden: 47104.0K(47104.0K)->0.0B(47104.0K) Survivors: 5120.0K->5120.0K Heap: 241.1M(1024.0M)->194.5M(1024.0M)]
 [Times: user=0.26 sys=0.00, real=0.02 secs] 
2023-06-18T15:40:37.591+0000: 430057.216: [GC pause (G1 Evacuation Pause) (young), 0.0234810 secs]
   [Parallel Time: 9.9 ms, GC Workers: 43]
      [GC Worker Start (ms): Min: 430057217.1, Avg: 430057218.4, Max: 430057219.6, Diff: 2.5]
      [Ext Root Scanning (ms): Min: 0.2, Avg: 1.4, Max: 7.0, Diff: 6.8, Sum: 62.2]
      [Update RS (ms): Min: 0.0, Avg: 0.5, Max: 0.9, Diff: 0.9, Sum: 20.7]
         [Processed Buffers: Min: 0, Avg: 2.0, Max: 7, Diff: 7, Sum: 88]
      [Scan RS (ms): Min: 0.0, Avg: 0.0, Max: 0.0, Diff: 0.0, Sum: 0.5]
      [Code Root Scanning (ms): Min: 0.0, Avg: 0.0, Max: 0.1, Diff: 0.1, Sum: 0.1]
      [Object Copy (ms): Min: 0.0, Avg: 3.4, Max: 3.7, Diff: 3.7, Sum: 146.1]
      [Termination (ms): Min: 0.0, Avg: 0.6, Max: 0.6, Diff: 0.6, Sum: 24.0]
         [Termination Attempts: Min: 1, Avg: 1.0, Max: 1, Diff: 0, Sum: 43]
      [GC Worker Other (ms): Min: 0.0, Avg: 0.0, Max: 0.1, Diff: 0.1, Sum: 1.2]
      [GC Worker Total (ms): Min: 4.8, Avg: 5.9, Max: 7.2, Diff: 2.4, Sum: 255.0]
      [GC Worker End (ms): Min: 430057224.1, Avg: 430057224.3, Max: 430057224.4, Diff: 0.3]
   [Code Root Fixup: 0.0 ms]
   [Code Root Purge: 0.0 ms]
   [Clear CT: 4.5 ms]
   [Other: 9.1 ms]
      [Choose CSet: 0.0 ms]
      [Ref Proc: 3.1 ms]
      [Ref Enq: 0.0 ms]
      [Redirty Cards: 4.8 ms]
      [Humongous Register: 0.3 ms]
      [Humongous Reclaim: 0.0 ms]
      [Free CSet: 0.4 ms]
   [Eden: 47104.0K(47104.0K)->0.0B(47104.0K) Survivors: 5120.0K->5120.0K Heap: 240.5M(1024.0M)->194.7M(1024.0M)]
 [Times: user=0.20 sys=0.09, real=0.02 secs] 
2023-06-18T15:57:46.507+0000: 431086.133: [GC pause (G1 Evacuation Pause) (young), 0.0260341 secs]
   [Parallel Time: 9.2 ms, GC Workers: 43]
      [GC Worker Start (ms): Min: 431086135.1, Avg: 431086137.4, Max: 431086142.8, Diff: 7.7]
      [Ext Root Scanning (ms): Min: 0.0, Avg: 0.5, Max: 2.8, Diff: 2.8, Sum: 21.0]
      [Update RS (ms): Min: 0.0, Avg: 0.1, Max: 0.5, Diff: 0.5, Sum: 6.1]
         [Processed Buffers: Min: 0, Avg: 2.0, Max: 8, Diff: 8, Sum: 86]
      [Scan RS (ms): Min: 0.0, Avg: 0.0, Max: 0.0, Diff: 0.0, Sum: 0.6]
      [Code Root Scanning (ms): Min: 0.0, Avg: 0.0, Max: 0.2, Diff: 0.2, Sum: 0.2]
      [Object Copy (ms): Min: 0.0, Avg: 3.3, Max: 3.9, Diff: 3.9, Sum: 143.0]
      [Termination (ms): Min: 0.0, Avg: 1.6, Max: 1.8, Diff: 1.8, Sum: 67.4]
         [Termination Attempts: Min: 1, Avg: 1.0, Max: 1, Diff: 0, Sum: 43]
      [GC Worker Other (ms): Min: 0.0, Avg: 0.0, Max: 0.1, Diff: 0.0, Sum: 1.4]
      [GC Worker Total (ms): Min: 0.0, Avg: 5.6, Max: 7.9, Diff: 7.8, Sum: 239.6]
      [GC Worker End (ms): Min: 431086142.9, Avg: 431086142.9, Max: 431086143.0, Diff: 0.1]
   [Code Root Fixup: 0.0 ms]
   [Code Root Purge: 0.0 ms]
   [Clear CT: 5.0 ms]
   [Other: 11.9 ms]
      [Choose CSet: 0.0 ms]
      [Ref Proc: 4.2 ms]
      [Ref Enq: 0.0 ms]
      [Redirty Cards: 5.1 ms]
      [Humongous Register: 1.8 ms]
      [Humongous Reclaim: 0.0 ms]
      [Free CSet: 0.2 ms]
   [Eden: 47104.0K(47104.0K)->0.0B(47104.0K) Survivors: 5120.0K->5120.0K Heap: 240.7M(1024.0M)->195.0M(1024.0M)]
 [Times: user=0.35 sys=0.00, real=0.03 secs] 
2023-06-18T16:13:38.066+0000: 432037.691: [GC pause (G1 Evacuation Pause) (young), 0.0256018 secs]
   [Parallel Time: 8.1 ms, GC Workers: 43]
      [GC Worker Start (ms): Min: 432037691.7, Avg: 432037693.1, Max: 432037694.3, Diff: 2.6]
      [Ext Root Scanning (ms): Min: 0.0, Avg: 0.5, Max: 1.8, Diff: 1.8, Sum: 22.1]
      [Update RS (ms): Min: 0.0, Avg: 0.1, Max: 0.5, Diff: 0.5, Sum: 5.7]
         [Processed Buffers: Min: 0, Avg: 1.8, Max: 7, Diff: 7, Sum: 79]
      [Scan RS (ms): Min: 0.0, Avg: 0.0, Max: 0.0, Diff: 0.0, Sum: 0.7]
      [Code Root Scanning (ms): Min: 0.0, Avg: 0.0, Max: 0.1, Diff: 0.1, Sum: 0.1]
      [Object Copy (ms): Min: 3.0, Avg: 3.5, Max: 3.7, Diff: 0.7, Sum: 150.3]
      [Termination (ms): Min: 0.0, Avg: 0.0, Max: 0.1, Diff: 0.1, Sum: 2.1]
         [Termination Attempts: Min: 1, Avg: 1.0, Max: 1, Diff: 0, Sum: 43]
      [GC Worker Other (ms): Min: 0.0, Avg: 0.1, Max: 0.3, Diff: 0.3, Sum: 5.1]
      [GC Worker Total (ms): Min: 3.1, Avg: 4.3, Max: 5.8, Diff: 2.7, Sum: 186.1]
      [GC Worker End (ms): Min: 432037697.4, Avg: 432037697.5, Max: 432037697.6, Diff: 0.2]
   [Code Root Fixup: 0.0 ms]
   [Code Root Purge: 0.0 ms]
   [Clear CT: 5.1 ms]
   [Other: 12.4 ms]
      [Choose CSet: 0.0 ms]
      [Ref Proc: 6.8 ms]
      [Ref Enq: 0.0 ms]
      [Redirty Cards: 5.0 ms]
      [Humongous Register: 0.1 ms]
      [Humongous Reclaim: 0.0 ms]
      [Free CSet: 0.1 ms]
   [Eden: 47104.0K(47104.0K)->0.0B(47104.0K) Survivors: 5120.0K->5120.0K Heap: 241.0M(1024.0M)->194.6M(1024.0M)]
 [Times: user=0.24 sys=0.00, real=0.03 secs] 
2023-06-18T16:30:44.111+0000: 433063.736: [GC pause (G1 Evacuation Pause) (young), 0.0227716 secs]
   [Parallel Time: 8.1 ms, GC Workers: 43]
      [GC Worker Start (ms): Min: 433063736.6, Avg: 433063738.0, Max: 433063739.2, Diff: 2.5]
      [Ext Root Scanning (ms): Min: 0.0, Avg: 0.5, Max: 1.7, Diff: 1.6, Sum: 22.2]
      [Update RS (ms): Min: 0.0, Avg: 0.2, Max: 0.4, Diff: 0.4, Sum: 7.3]
         [Processed Buffers: Min: 0, Avg: 2.0, Max: 8, Diff: 8, Sum: 88]
      [Scan RS (ms): Min: 0.0, Avg: 0.0, Max: 0.1, Diff: 0.1, Sum: 0.7]
      [Code Root Scanning (ms): Min: 0.0, Avg: 0.0, Max: 0.0, Diff: 0.0, Sum: 0.0]
      [Object Copy (ms): Min: 3.6, Avg: 4.1, Max: 4.3, Diff: 0.7, Sum: 175.1]
      [Termination (ms): Min: 0.0, Avg: 0.1, Max: 0.1, Diff: 0.1, Sum: 2.7]
         [Termination Attempts: Min: 1, Avg: 1.0, Max: 2, Diff: 1, Sum: 44]
      [GC Worker Other (ms): Min: 0.0, Avg: 0.1, Max: 0.4, Diff: 0.4, Sum: 5.5]
      [GC Worker Total (ms): Min: 3.8, Avg: 5.0, Max: 6.3, Diff: 2.5, Sum: 213.5]
      [GC Worker End (ms): Min: 433063742.8, Avg: 433063742.9, Max: 433063743.1, Diff: 0.3]
   [Code Root Fixup: 0.0 ms]
   [Code Root Purge: 0.0 ms]
   [Clear CT: 5.1 ms]
   [Other: 9.6 ms]
      [Choose CSet: 0.0 ms]
      [Ref Proc: 3.6 ms]
      [Ref Enq: 0.0 ms]
      [Redirty Cards: 5.3 ms]
      [Humongous Register: 0.1 ms]
      [Humongous Reclaim: 0.0 ms]
      [Free CSet: 0.1 ms]
   [Eden: 47104.0K(47104.0K)->0.0B(47104.0K) Survivors: 5120.0K->5120.0K Heap: 240.6M(1024.0M)->194.6M(1024.0M)]
 [Times: user=0.27 sys=0.00, real=0.02 secs] 
2023-06-18T16:47:51.487+0000: 434091.112: [GC pause (G1 Evacuation Pause) (young), 0.0253950 secs]
   [Parallel Time: 10.0 ms, GC Workers: 43]
      [GC Worker Start (ms): Min: 434091113.1, Avg: 434091114.5, Max: 434091115.6, Diff: 2.5]
      [Ext Root Scanning (ms): Min: 0.1, Avg: 1.3, Max: 7.4, Diff: 7.3, Sum: 57.5]
      [Update RS (ms): Min: 0.0, Avg: 0.5, Max: 1.1, Diff: 1.1, Sum: 23.1]
         [Processed Buffers: Min: 0, Avg: 2.0, Max: 8, Diff: 8, Sum: 88]
      [Scan RS (ms): Min: 0.0, Avg: 0.0, Max: 0.0, Diff: 0.0, Sum: 0.4]
      [Code Root Scanning (ms): Min: 0.0, Avg: 0.0, Max: 0.0, Diff: 0.0, Sum: 0.0]
      [Object Copy (ms): Min: 0.0, Avg: 3.6, Max: 4.0, Diff: 4.0, Sum: 154.7]
      [Termination (ms): Min: 0.0, Avg: 0.6, Max: 0.8, Diff: 0.8, Sum: 26.9]
         [Termination Attempts: Min: 1, Avg: 1.0, Max: 1, Diff: 0, Sum: 43]
      [GC Worker Other (ms): Min: 0.0, Avg: 0.0, Max: 0.1, Diff: 0.1, Sum: 1.6]
      [GC Worker Total (ms): Min: 5.0, Avg: 6.1, Max: 7.4, Diff: 2.5, Sum: 264.3]
      [GC Worker End (ms): Min: 434091120.5, Avg: 434091120.6, Max: 434091120.7, Diff: 0.2]
   [Code Root Fixup: 0.0 ms]
   [Code Root Purge: 0.0 ms]
   [Clear CT: 5.0 ms]
   [Other: 10.3 ms]
      [Choose CSet: 0.0 ms]
      [Ref Proc: 4.5 ms]
      [Ref Enq: 0.0 ms]
      [Redirty Cards: 4.8 ms]
      [Humongous Register: 0.3 ms]
      [Humongous Reclaim: 0.0 ms]
      [Free CSet: 0.2 ms]
   [Eden: 47104.0K(47104.0K)->0.0B(47104.0K) Survivors: 5120.0K->5120.0K Heap: 240.6M(1024.0M)->195.0M(1024.0M)]
 [Times: user=0.30 sys=0.00, real=0.03 secs] 
2023-06-18T17:04:55.702+0000: 435115.328: [GC pause (G1 Evacuation Pause) (young), 0.0260842 secs]
   [Parallel Time: 9.9 ms, GC Workers: 43]
      [GC Worker Start (ms): Min: 435115330.2, Avg: 435115332.2, Max: 435115334.1, Diff: 3.9]
      [Ext Root Scanning (ms): Min: 0.0, Avg: 0.5, Max: 4.8, Diff: 4.8, Sum: 21.2]
      [Update RS (ms): Min: 0.0, Avg: 0.2, Max: 0.5, Diff: 0.5, Sum: 6.9]
         [Processed Buffers: Min: 0, Avg: 2.0, Max: 10, Diff: 10, Sum: 85]
      [Scan RS (ms): Min: 0.0, Avg: 0.0, Max: 0.0, Diff: 0.0, Sum: 0.4]
      [Code Root Scanning (ms): Min: 0.0, Avg: 0.0, Max: 0.0, Diff: 0.0, Sum: 0.0]
      [Object Copy (ms): Min: 1.7, Avg: 3.9, Max: 4.5, Diff: 2.8, Sum: 167.7]
      [Termination (ms): Min: 0.0, Avg: 0.1, Max: 0.1, Diff: 0.1, Sum: 2.4]
         [Termination Attempts: Min: 1, Avg: 1.0, Max: 1, Diff: 0, Sum: 43]
      [GC Worker Other (ms): Min: 0.0, Avg: 0.1, Max: 0.3, Diff: 0.3, Sum: 4.8]
      [GC Worker Total (ms): Min: 2.8, Avg: 4.7, Max: 6.8, Diff: 4.0, Sum: 203.5]
      [GC Worker End (ms): Min: 435115336.9, Avg: 435115337.0, Max: 435115337.2, Diff: 0.3]
   [Code Root Fixup: 0.0 ms]
   [Code Root Purge: 0.0 ms]
   [Clear CT: 5.2 ms]
   [Other: 11.0 ms]
      [Choose CSet: 0.0 ms]
      [Ref Proc: 3.0 ms]
      [Ref Enq: 0.0 ms]
      [Redirty Cards: 5.4 ms]
      [Humongous Register: 1.9 ms]
      [Humongous Reclaim: 0.0 ms]
      [Free CSet: 0.1 ms]
   [Eden: 47104.0K(47104.0K)->0.0B(46080.0K) Survivors: 5120.0K->6144.0K Heap: 241.0M(1024.0M)->195.4M(1024.0M)]
 [Times: user=0.25 sys=0.00, real=0.02 secs] 
2023-06-18T17:20:25.601+0000: 436045.226: [GC pause (G1 Evacuation Pause) (young), 0.0214821 secs]
   [Parallel Time: 7.5 ms, GC Workers: 43]
      [GC Worker Start (ms): Min: 436045226.8, Avg: 436045228.3, Max: 436045229.5, Diff: 2.7]
      [Ext Root Scanning (ms): Min: 0.0, Avg: 0.5, Max: 1.7, Diff: 1.7, Sum: 19.7]
      [Update RS (ms): Min: 0.0, Avg: 0.2, Max: 0.4, Diff: 0.4, Sum: 6.7]
         [Processed Buffers: Min: 0, Avg: 1.8, Max: 6, Diff: 6, Sum: 78]
      [Scan RS (ms): Min: 0.0, Avg: 0.0, Max: 0.0, Diff: 0.0, Sum: 0.6]
      [Code Root Scanning (ms): Min: 0.0, Avg: 0.0, Max: 0.0, Diff: 0.0, Sum: 0.0]
      [Object Copy (ms): Min: 2.8, Avg: 3.3, Max: 3.6, Diff: 0.8, Sum: 144.0]
      [Termination (ms): Min: 0.0, Avg: 0.1, Max: 0.1, Diff: 0.1, Sum: 3.1]
         [Termination Attempts: Min: 1, Avg: 1.0, Max: 1, Diff: 0, Sum: 43]
      [GC Worker Other (ms): Min: 0.0, Avg: 0.1, Max: 0.3, Diff: 0.3, Sum: 4.6]
      [GC Worker Total (ms): Min: 3.0, Avg: 4.2, Max: 5.8, Diff: 2.8, Sum: 178.7]
      [GC Worker End (ms): Min: 436045232.3, Avg: 436045232.4, Max: 436045232.6, Diff: 0.3]
   [Code Root Fixup: 0.0 ms]
   [Code Root Purge: 0.0 ms]
   [Clear CT: 5.2 ms]
   [Other: 8.8 ms]
      [Choose CSet: 0.0 ms]
      [Ref Proc: 2.8 ms]
      [Ref Enq: 0.0 ms]
      [Redirty Cards: 5.4 ms]
      [Humongous Register: 0.1 ms]
      [Humongous Reclaim: 0.0 ms]
      [Free CSet: 0.1 ms]
   [Eden: 46080.0K(46080.0K)->0.0B(47104.0K) Survivors: 6144.0K->5120.0K Heap: 240.4M(1024.0M)->194.9M(1024.0M)]
 [Times: user=0.23 sys=0.00, real=0.03 secs] 
2023-06-18T17:37:31.544+0000: 437071.170: [GC pause (G1 Evacuation Pause) (young), 0.0250862 secs]
   [Parallel Time: 9.2 ms, GC Workers: 43]
      [GC Worker Start (ms): Min: 437071170.1, Avg: 437071171.5, Max: 437071172.6, Diff: 2.5]
      [Ext Root Scanning (ms): Min: 0.0, Avg: 0.8, Max: 6.8, Diff: 6.8, Sum: 33.4]
      [Update RS (ms): Min: 0.0, Avg: 0.2, Max: 0.5, Diff: 0.5, Sum: 8.6]
         [Processed Buffers: Min: 0, Avg: 2.0, Max: 8, Diff: 8, Sum: 86]
      [Scan RS (ms): Min: 0.0, Avg: 0.0, Max: 0.1, Diff: 0.1, Sum: 1.0]
      [Code Root Scanning (ms): Min: 0.0, Avg: 0.0, Max: 0.0, Diff: 0.0, Sum: 0.0]
      [Object Copy (ms): Min: 0.0, Avg: 3.6, Max: 3.8, Diff: 3.7, Sum: 153.4]
      [Termination (ms): Min: 0.0, Avg: 0.9, Max: 1.0, Diff: 1.0, Sum: 40.1]
         [Termination Attempts: Min: 1, Avg: 1.0, Max: 1, Diff: 0, Sum: 43]
      [GC Worker Other (ms): Min: 0.0, Avg: 0.1, Max: 0.3, Diff: 0.2, Sum: 2.7]
      [GC Worker Total (ms): Min: 4.4, Avg: 5.6, Max: 6.8, Diff: 2.4, Sum: 239.2]
      [GC Worker End (ms): Min: 437071177.0, Avg: 437071177.0, Max: 437071177.2, Diff: 0.2]
   [Code Root Fixup: 0.0 ms]
   [Code Root Purge: 0.0 ms]
   [Clear CT: 4.9 ms]
   [Other: 10.9 ms]
      [Choose CSet: 0.0 ms]
      [Ref Proc: 5.3 ms]
      [Ref Enq: 0.0 ms]
      [Redirty Cards: 4.9 ms]
      [Humongous Register: 0.1 ms]
      [Humongous Reclaim: 0.0 ms]
      [Free CSet: 0.2 ms]
   [Eden: 47104.0K(47104.0K)->0.0B(47104.0K) Survivors: 5120.0K->5120.0K Heap: 240.9M(1024.0M)->194.6M(1024.0M)]
 [Times: user=0.26 sys=0.03, real=0.03 secs] 
2023-06-18T17:54:36.995+0000: 438096.621: [GC pause (G1 Evacuation Pause) (young), 0.0251457 secs]
   [Parallel Time: 8.7 ms, GC Workers: 43]
      [GC Worker Start (ms): Min: 438096623.6, Avg: 438096625.7, Max: 438096627.4, Diff: 3.9]
      [Ext Root Scanning (ms): Min: 0.0, Avg: 0.6, Max: 2.8, Diff: 2.8, Sum: 27.7]
      [Update RS (ms): Min: 0.0, Avg: 0.3, Max: 0.7, Diff: 0.7, Sum: 12.5]
         [Processed Buffers: Min: 0, Avg: 2.1, Max: 11, Diff: 11, Sum: 89]
      [Scan RS (ms): Min: 0.0, Avg: 0.0, Max: 0.0, Diff: 0.0, Sum: 0.4]
      [Code Root Scanning (ms): Min: 0.0, Avg: 0.0, Max: 0.0, Diff: 0.0, Sum: 0.0]
      [Object Copy (ms): Min: 2.7, Avg: 3.5, Max: 3.8, Diff: 1.1, Sum: 151.4]
      [Termination (ms): Min: 0.0, Avg: 0.0, Max: 0.1, Diff: 0.1, Sum: 1.8]
         [Termination Attempts: Min: 1, Avg: 1.0, Max: 1, Diff: 0, Sum: 43]
      [GC Worker Other (ms): Min: 0.0, Avg: 0.1, Max: 0.3, Diff: 0.3, Sum: 5.2]
      [GC Worker Total (ms): Min: 2.9, Avg: 4.6, Max: 6.7, Diff: 3.8, Sum: 199.0]
      [GC Worker End (ms): Min: 438096630.2, Avg: 438096630.3, Max: 438096630.5, Diff: 0.3]
   [Code Root Fixup: 0.0 ms]
   [Code Root Purge: 0.0 ms]
   [Clear CT: 4.6 ms]
   [Other: 11.8 ms]
      [Choose CSet: 0.0 ms]
      [Ref Proc: 4.2 ms]
      [Ref Enq: 0.0 ms]
      [Redirty Cards: 4.6 ms]
      [Humongous Register: 2.1 ms]
      [Humongous Reclaim: 0.0 ms]
      [Free CSet: 0.2 ms]
   [Eden: 47104.0K(47104.0K)->0.0B(47104.0K) Survivors: 5120.0K->5120.0K Heap: 240.6M(1024.0M)->195.1M(1024.0M)]
 [Times: user=0.17 sys=0.08, real=0.02 secs] 
2023-06-18T18:10:52.199+0000: 439071.825: [GC pause (G1 Evacuation Pause) (young), 0.0238709 secs]
   [Parallel Time: 7.1 ms, GC Workers: 43]
      [GC Worker Start (ms): Min: 439071825.4, Avg: 439071826.7, Max: 439071827.9, Diff: 2.5]
      [Ext Root Scanning (ms): Min: 0.0, Avg: 0.5, Max: 1.7, Diff: 1.7, Sum: 22.1]
      [Update RS (ms): Min: 0.0, Avg: 0.2, Max: 0.4, Diff: 0.4, Sum: 7.8]
         [Processed Buffers: Min: 0, Avg: 2.0, Max: 9, Diff: 9, Sum: 85]
      [Scan RS (ms): Min: 0.0, Avg: 0.0, Max: 0.0, Diff: 0.0, Sum: 0.6]
      [Code Root Scanning (ms): Min: 0.0, Avg: 0.0, Max: 0.0, Diff: 0.0, Sum: 0.0]
      [Object Copy (ms): Min: 3.0, Avg: 3.5, Max: 3.7, Diff: 0.7, Sum: 149.0]
      [Termination (ms): Min: 0.0, Avg: 0.1, Max: 0.1, Diff: 0.1, Sum: 3.0]
         [Termination Attempts: Min: 1, Avg: 1.0, Max: 1, Diff: 0, Sum: 43]
      [GC Worker Other (ms): Min: 0.0, Avg: 0.1, Max: 0.3, Diff: 0.3, Sum: 3.8]
      [GC Worker Total (ms): Min: 3.2, Avg: 4.3, Max: 5.7, Diff: 2.5, Sum: 186.3]
      [GC Worker End (ms): Min: 439071831.0, Avg: 439071831.1, Max: 439071831.3, Diff: 0.3]
   [Code Root Fixup: 0.0 ms]
   [Code Root Purge: 0.0 ms]
   [Clear CT: 5.2 ms]
   [Other: 11.6 ms]
      [Choose CSet: 0.0 ms]
      [Ref Proc: 5.6 ms]
      [Ref Enq: 0.0 ms]
      [Redirty Cards: 5.3 ms]
      [Humongous Register: 0.1 ms]
      [Humongous Reclaim: 0.0 ms]
      [Free CSet: 0.1 ms]
   [Eden: 47104.0K(47104.0K)->0.0B(47104.0K) Survivors: 5120.0K->5120.0K Heap: 241.1M(1024.0M)->194.8M(1024.0M)]
 [Times: user=0.23 sys=0.00, real=0.03 secs] 
2023-06-18T18:27:32.591+0000: 440072.216: [GC pause (G1 Evacuation Pause) (young), 0.0247499 secs]
   [Parallel Time: 10.1 ms, GC Workers: 43]
      [GC Worker Start (ms): Min: 440072216.6, Avg: 440072218.1, Max: 440072219.4, Diff: 2.8]
      [Ext Root Scanning (ms): Min: 0.0, Avg: 0.5, Max: 1.8, Diff: 1.8, Sum: 21.8]
      [Update RS (ms): Min: 0.0, Avg: 0.2, Max: 0.5, Diff: 0.5, Sum: 7.3]
         [Processed Buffers: Min: 0, Avg: 2.1, Max: 6, Diff: 6, Sum: 89]
      [Scan RS (ms): Min: 0.0, Avg: 0.0, Max: 0.0, Diff: 0.0, Sum: 0.6]
      [Code Root Scanning (ms): Min: 0.0, Avg: 0.0, Max: 0.0, Diff: 0.0, Sum: 0.0]
      [Object Copy (ms): Min: 5.3, Avg: 5.9, Max: 6.1, Diff: 0.8, Sum: 253.7]
      [Termination (ms): Min: 0.0, Avg: 0.0, Max: 0.1, Diff: 0.1, Sum: 2.0]
         [Termination Attempts: Min: 1, Avg: 1.3, Max: 3, Diff: 2, Sum: 57]
      [GC Worker Other (ms): Min: 0.0, Avg: 0.2, Max: 0.6, Diff: 0.5, Sum: 6.8]
      [GC Worker Total (ms): Min: 5.5, Avg: 6.8, Max: 8.4, Diff: 2.9, Sum: 292.3]
      [GC Worker End (ms): Min: 440072224.8, Avg: 440072224.9, Max: 440072225.1, Diff: 0.3]
   [Code Root Fixup: 0.0 ms]
   [Code Root Purge: 0.0 ms]
   [Clear CT: 5.1 ms]
   [Other: 9.6 ms]
      [Choose CSet: 0.0 ms]
      [Ref Proc: 3.9 ms]
      [Ref Enq: 0.0 ms]
      [Redirty Cards: 5.0 ms]
      [Humongous Register: 0.1 ms]
      [Humongous Reclaim: 0.0 ms]
      [Free CSet: 0.1 ms]
   [Eden: 47104.0K(47104.0K)->0.0B(48128.0K) Survivors: 5120.0K->4096.0K Heap: 240.8M(1024.0M)->194.3M(1024.0M)]
 [Times: user=0.34 sys=0.00, real=0.02 secs] 
2023-06-18T18:45:00.784+0000: 441120.409: [GC pause (G1 Evacuation Pause) (young), 0.0230118 secs]
   [Parallel Time: 7.8 ms, GC Workers: 43]
      [GC Worker Start (ms): Min: 441120409.4, Avg: 441120410.8, Max: 441120412.0, Diff: 2.6]
      [Ext Root Scanning (ms): Min: 0.0, Avg: 0.7, Max: 6.1, Diff: 6.1, Sum: 29.6]
      [Update RS (ms): Min: 0.0, Avg: 0.2, Max: 0.5, Diff: 0.5, Sum: 7.6]
         [Processed Buffers: Min: 0, Avg: 2.1, Max: 6, Diff: 6, Sum: 90]
      [Scan RS (ms): Min: 0.0, Avg: 0.0, Max: 0.0, Diff: 0.0, Sum: 0.6]
      [Code Root Scanning (ms): Min: 0.0, Avg: 0.0, Max: 0.0, Diff: 0.0, Sum: 0.0]
      [Object Copy (ms): Min: 0.0, Avg: 3.6, Max: 3.9, Diff: 3.8, Sum: 155.0]
      [Termination (ms): Min: 0.0, Avg: 0.3, Max: 0.3, Diff: 0.3, Sum: 12.0]
         [Termination Attempts: Min: 1, Avg: 1.0, Max: 1, Diff: 0, Sum: 43]
      [GC Worker Other (ms): Min: 0.0, Avg: 0.0, Max: 0.1, Diff: 0.1, Sum: 1.2]
      [GC Worker Total (ms): Min: 3.6, Avg: 4.8, Max: 6.1, Diff: 2.5, Sum: 206.0]
      [GC Worker End (ms): Min: 441120415.5, Avg: 441120415.6, Max: 441120415.6, Diff: 0.1]
   [Code Root Fixup: 0.0 ms]
   [Code Root Purge: 0.0 ms]
   [Clear CT: 4.7 ms]
   [Other: 10.5 ms]
      [Choose CSet: 0.0 ms]
      [Ref Proc: 5.4 ms]
      [Ref Enq: 0.0 ms]
      [Redirty Cards: 4.5 ms]
      [Humongous Register: 0.1 ms]
      [Humongous Reclaim: 0.0 ms]
      [Free CSet: 0.1 ms]
   [Eden: 48128.0K(48128.0K)->0.0B(47104.0K) Survivors: 4096.0K->5120.0K Heap: 241.3M(1024.0M)->194.8M(1024.0M)]
 [Times: user=0.27 sys=0.00, real=0.02 secs] 
2023-06-18T19:02:04.617+0000: 442144.243: [GC pause (G1 Evacuation Pause) (young), 0.0284589 secs]
   [Parallel Time: 9.7 ms, GC Workers: 43]
      [GC Worker Start (ms): Min: 442144245.2, Avg: 442144247.3, Max: 442144251.0, Diff: 5.7]
      [Ext Root Scanning (ms): Min: 0.0, Avg: 0.7, Max: 3.4, Diff: 3.4, Sum: 28.7]
      [Update RS (ms): Min: 0.0, Avg: 0.3, Max: 0.8, Diff: 0.8, Sum: 11.9]
         [Processed Buffers: Min: 0, Avg: 2.0, Max: 9, Diff: 9, Sum: 88]
      [Scan RS (ms): Min: 0.0, Avg: 0.0, Max: 0.0, Diff: 0.0, Sum: 0.5]
      [Code Root Scanning (ms): Min: 0.0, Avg: 0.0, Max: 0.0, Diff: 0.0, Sum: 0.0]
      [Object Copy (ms): Min: 1.3, Avg: 4.0, Max: 4.4, Diff: 3.1, Sum: 171.0]
      [Termination (ms): Min: 0.0, Avg: 0.1, Max: 0.1, Diff: 0.1, Sum: 2.3]
         [Termination Attempts: Min: 1, Avg: 1.0, Max: 1, Diff: 0, Sum: 43]
      [GC Worker Other (ms): Min: 0.0, Avg: 0.2, Max: 0.7, Diff: 0.6, Sum: 8.4]
      [GC Worker Total (ms): Min: 1.4, Avg: 5.2, Max: 7.5, Diff: 6.0, Sum: 222.8]
      [GC Worker End (ms): Min: 442144252.4, Avg: 442144252.5, Max: 442144252.8, Diff: 0.4]
   [Code Root Fixup: 0.0 ms]
   [Code Root Purge: 0.0 ms]
   [Clear CT: 6.0 ms]
   [Other: 12.7 ms]
      [Choose CSet: 0.0 ms]
      [Ref Proc: 4.3 ms]
      [Ref Enq: 0.0 ms]
      [Redirty Cards: 5.0 ms]
      [Humongous Register: 2.1 ms]
      [Humongous Reclaim: 0.0 ms]
      [Free CSet: 0.2 ms]
   [Eden: 47104.0K(47104.0K)->0.0B(46080.0K) Survivors: 5120.0K->6144.0K Heap: 240.8M(1024.0M)->195.4M(1024.0M)]
 [Times: user=0.27 sys=0.00, real=0.03 secs] 
2023-06-18T19:17:34.035+0000: 443073.660: [GC pause (G1 Evacuation Pause) (young), 0.0194261 secs]
   [Parallel Time: 6.2 ms, GC Workers: 43]
      [GC Worker Start (ms): Min: 443073660.5, Avg: 443073661.9, Max: 443073663.1, Diff: 2.6]
      [Ext Root Scanning (ms): Min: 0.0, Avg: 0.5, Max: 1.9, Diff: 1.8, Sum: 21.6]
      [Update RS (ms): Min: 0.0, Avg: 0.2, Max: 0.5, Diff: 0.5, Sum: 6.8]
         [Processed Buffers: Min: 0, Avg: 2.0, Max: 7, Diff: 7, Sum: 85]
      [Scan RS (ms): Min: 0.0, Avg: 0.0, Max: 0.0, Diff: 0.0, Sum: 0.6]
      [Code Root Scanning (ms): Min: 0.0, Avg: 0.0, Max: 0.0, Diff: 0.0, Sum: 0.0]
      [Object Copy (ms): Min: 2.7, Avg: 3.2, Max: 3.4, Diff: 0.7, Sum: 136.0]
      [Termination (ms): Min: 0.0, Avg: 0.1, Max: 0.1, Diff: 0.1, Sum: 2.6]
         [Termination Attempts: Min: 1, Avg: 1.0, Max: 1, Diff: 0, Sum: 43]
      [GC Worker Other (ms): Min: 0.0, Avg: 0.2, Max: 0.7, Diff: 0.6, Sum: 8.1]
      [GC Worker Total (ms): Min: 2.8, Avg: 4.1, Max: 5.4, Diff: 2.6, Sum: 175.8]
      [GC Worker End (ms): Min: 443073665.9, Avg: 443073666.0, Max: 443073666.2, Diff: 0.3]
   [Code Root Fixup: 0.0 ms]
   [Code Root Purge: 0.0 ms]
   [Clear CT: 5.0 ms]
   [Other: 8.2 ms]
      [Choose CSet: 0.0 ms]
      [Ref Proc: 2.3 ms]
      [Ref Enq: 0.0 ms]
      [Redirty Cards: 5.2 ms]
      [Humongous Register: 0.1 ms]
      [Humongous Reclaim: 0.0 ms]
      [Free CSet: 0.2 ms]
   [Eden: 46080.0K(46080.0K)->0.0B(47104.0K) Survivors: 6144.0K->5120.0K Heap: 240.4M(1024.0M)->194.5M(1024.0M)]
 [Times: user=0.15 sys=0.06, real=0.02 secs] 
2023-06-18T19:34:37.591+0000: 444097.216: [GC pause (G1 Evacuation Pause) (young), 0.0297695 secs]
   [Parallel Time: 15.6 ms, GC Workers: 43]
      [GC Worker Start (ms): Min: 444097216.8, Avg: 444097218.2, Max: 444097219.5, Diff: 2.7]
      [Ext Root Scanning (ms): Min: 0.0, Avg: 0.9, Max: 12.9, Diff: 12.9, Sum: 36.6]
      [Update RS (ms): Min: 0.0, Avg: 0.2, Max: 0.5, Diff: 0.5, Sum: 8.4]
         [Processed Buffers: Min: 0, Avg: 2.0, Max: 7, Diff: 7, Sum: 88]
      [Scan RS (ms): Min: 0.0, Avg: 0.0, Max: 0.0, Diff: 0.0, Sum: 0.6]
      [Code Root Scanning (ms): Min: 0.0, Avg: 0.0, Max: 0.0, Diff: 0.0, Sum: 0.0]
      [Object Copy (ms): Min: 0.0, Avg: 3.7, Max: 4.0, Diff: 4.0, Sum: 160.5]
      [Termination (ms): Min: 0.0, Avg: 6.8, Max: 7.0, Diff: 7.0, Sum: 291.7]
         [Termination Attempts: Min: 1, Avg: 1.0, Max: 1, Diff: 0, Sum: 43]
      [GC Worker Other (ms): Min: 0.0, Avg: 0.0, Max: 0.2, Diff: 0.2, Sum: 1.4]
      [GC Worker Total (ms): Min: 10.3, Avg: 11.6, Max: 12.9, Diff: 2.6, Sum: 499.1]
      [GC Worker End (ms): Min: 444097229.7, Avg: 444097229.8, Max: 444097229.9, Diff: 0.2]
   [Code Root Fixup: 0.0 ms]
   [Code Root Purge: 0.0 ms]
   [Clear CT: 5.7 ms]
   [Other: 8.5 ms]
      [Choose CSet: 0.0 ms]
      [Ref Proc: 3.1 ms]
      [Ref Enq: 0.0 ms]
      [Redirty Cards: 4.7 ms]
      [Humongous Register: 0.1 ms]
      [Humongous Reclaim: 0.0 ms]
      [Free CSet: 0.1 ms]
   [Eden: 47104.0K(47104.0K)->0.0B(47104.0K) Survivors: 5120.0K->5120.0K Heap: 240.5M(1024.0M)->194.7M(1024.0M)]
 [Times: user=0.56 sys=0.00, real=0.02 secs] 
2023-06-18T19:51:45.745+0000: 445125.371: [GC pause (G1 Evacuation Pause) (young), 0.0260065 secs]
   [Parallel Time: 8.0 ms, GC Workers: 43]
      [GC Worker Start (ms): Min: 445125373.6, Avg: 445125375.5, Max: 445125377.4, Diff: 3.8]
      [Ext Root Scanning (ms): Min: 0.0, Avg: 0.5, Max: 2.3, Diff: 2.3, Sum: 22.8]
      [Update RS (ms): Min: 0.0, Avg: 0.2, Max: 0.5, Diff: 0.5, Sum: 9.1]
         [Processed Buffers: Min: 0, Avg: 2.0, Max: 7, Diff: 7, Sum: 88]
      [Scan RS (ms): Min: 0.0, Avg: 0.0, Max: 0.0, Diff: 0.0, Sum: 0.4]
      [Code Root Scanning (ms): Min: 0.0, Avg: 0.0, Max: 0.0, Diff: 0.0, Sum: 0.0]
      [Object Copy (ms): Min: 2.5, Avg: 3.6, Max: 4.0, Diff: 1.5, Sum: 156.0]
      [Termination (ms): Min: 0.0, Avg: 0.0, Max: 0.1, Diff: 0.1, Sum: 2.1]
         [Termination Attempts: Min: 1, Avg: 1.0, Max: 1, Diff: 0, Sum: 43]
      [GC Worker Other (ms): Min: 0.0, Avg: 0.1, Max: 0.4, Diff: 0.3, Sum: 5.1]
      [GC Worker Total (ms): Min: 2.6, Avg: 4.5, Max: 6.5, Diff: 3.8, Sum: 195.5]
      [GC Worker End (ms): Min: 445125380.0, Avg: 445125380.1, Max: 445125380.3, Diff: 0.3]
   [Code Root Fixup: 0.0 ms]
   [Code Root Purge: 0.0 ms]
   [Clear CT: 5.6 ms]
   [Other: 12.5 ms]
      [Choose CSet: 0.0 ms]
      [Ref Proc: 4.0 ms]
      [Ref Enq: 0.0 ms]
      [Redirty Cards: 5.4 ms]
      [Humongous Register: 2.1 ms]
      [Humongous Reclaim: 0.0 ms]
      [Free CSet: 0.2 ms]
   [Eden: 47104.0K(47104.0K)->0.0B(47104.0K) Survivors: 5120.0K->5120.0K Heap: 240.7M(1024.0M)->194.9M(1024.0M)]
 [Times: user=0.24 sys=0.00, real=0.03 secs] 
2023-06-18T20:08:47.559+0000: 446147.184: [GC pause (G1 Evacuation Pause) (young), 0.0230375 secs]
   [Parallel Time: 7.5 ms, GC Workers: 43]
      [GC Worker Start (ms): Min: 446147184.5, Avg: 446147186.0, Max: 446147187.2, Diff: 2.7]
      [Ext Root Scanning (ms): Min: 0.0, Avg: 0.5, Max: 1.7, Diff: 1.7, Sum: 19.8]
      [Update RS (ms): Min: 0.0, Avg: 0.1, Max: 0.6, Diff: 0.6, Sum: 6.2]
         [Processed Buffers: Min: 0, Avg: 2.0, Max: 6, Diff: 6, Sum: 84]
      [Scan RS (ms): Min: 0.0, Avg: 0.0, Max: 0.1, Diff: 0.1, Sum: 0.8]
      [Code Root Scanning (ms): Min: 0.0, Avg: 0.0, Max: 0.0, Diff: 0.0, Sum: 0.0]
      [Object Copy (ms): Min: 3.1, Avg: 3.7, Max: 3.9, Diff: 0.8, Sum: 159.5]
      [Termination (ms): Min: 0.0, Avg: 0.1, Max: 0.1, Diff: 0.1, Sum: 2.6]
         [Termination Attempts: Min: 1, Avg: 1.0, Max: 2, Diff: 1, Sum: 44]
      [GC Worker Other (ms): Min: 0.0, Avg: 0.2, Max: 0.4, Diff: 0.4, Sum: 7.1]
      [GC Worker Total (ms): Min: 3.2, Avg: 4.6, Max: 6.1, Diff: 2.8, Sum: 196.0]
      [GC Worker End (ms): Min: 446147190.4, Avg: 446147190.5, Max: 446147190.8, Diff: 0.4]
   [Code Root Fixup: 0.0 ms]
   [Code Root Purge: 0.0 ms]
   [Clear CT: 5.7 ms]
   [Other: 9.8 ms]
      [Choose CSet: 0.0 ms]
      [Ref Proc: 3.9 ms]
      [Ref Enq: 0.0 ms]
      [Redirty Cards: 5.3 ms]
      [Humongous Register: 0.1 ms]
      [Humongous Reclaim: 0.0 ms]
      [Free CSet: 0.1 ms]
   [Eden: 47104.0K(47104.0K)->0.0B(47104.0K) Survivors: 5120.0K->5120.0K Heap: 240.9M(1024.0M)->194.8M(1024.0M)]
 [Times: user=0.19 sys=0.05, real=0.03 secs] 
2023-06-18T20:24:48.658+0000: 447108.283: [GC pause (G1 Evacuation Pause) (young), 0.0264258 secs]
   [Parallel Time: 8.3 ms, GC Workers: 43]
      [GC Worker Start (ms): Min: 447108283.5, Avg: 447108284.9, Max: 447108286.1, Diff: 2.6]
      [Ext Root Scanning (ms): Min: 0.0, Avg: 0.4, Max: 1.6, Diff: 1.6, Sum: 18.6]
      [Update RS (ms): Min: 0.0, Avg: 0.2, Max: 0.4, Diff: 0.4, Sum: 6.7]
         [Processed Buffers: Min: 0, Avg: 2.0, Max: 7, Diff: 7, Sum: 87]
      [Scan RS (ms): Min: 0.0, Avg: 0.0, Max: 0.0, Diff: 0.0, Sum: 0.5]
      [Code Root Scanning (ms): Min: 0.0, Avg: 0.0, Max: 0.0, Diff: 0.0, Sum: 0.0]
      [Object Copy (ms): Min: 2.9, Avg: 3.6, Max: 3.8, Diff: 0.9, Sum: 154.5]
      [Termination (ms): Min: 0.0, Avg: 0.0, Max: 0.1, Diff: 0.1, Sum: 2.0]
         [Termination Attempts: Min: 1, Avg: 1.1, Max: 2, Diff: 1, Sum: 48]
      [GC Worker Other (ms): Min: 0.0, Avg: 0.1, Max: 0.3, Diff: 0.3, Sum: 4.2]
      [GC Worker Total (ms): Min: 3.2, Avg: 4.3, Max: 5.7, Diff: 2.5, Sum: 186.6]
      [GC Worker End (ms): Min: 447108289.1, Avg: 447108289.2, Max: 447108289.4, Diff: 0.3]
   [Code Root Fixup: 0.0 ms]
   [Code Root Purge: 0.0 ms]
   [Clear CT: 7.1 ms]
   [Other: 11.0 ms]
      [Choose CSet: 0.0 ms]
      [Ref Proc: 5.0 ms]
      [Ref Enq: 0.0 ms]
      [Redirty Cards: 5.4 ms]
      [Humongous Register: 0.1 ms]
      [Humongous Reclaim: 0.0 ms]
      [Free CSet: 0.1 ms]
   [Eden: 47104.0K(47104.0K)->0.0B(47104.0K) Survivors: 5120.0K->5120.0K Heap: 240.8M(1024.0M)->195.0M(1024.0M)]
 [Times: user=0.24 sys=0.00, real=0.03 secs] 
2023-06-18T20:41:53.073+0000: 448132.698: [GC pause (G1 Evacuation Pause) (young), 0.0223402 secs]
   [Parallel Time: 8.3 ms, GC Workers: 43]
      [GC Worker Start (ms): Min: 448132698.6, Avg: 448132700.0, Max: 448132701.2, Diff: 2.6]
      [Ext Root Scanning (ms): Min: 0.0, Avg: 0.7, Max: 6.5, Diff: 6.5, Sum: 28.9]
      [Update RS (ms): Min: 0.0, Avg: 0.2, Max: 0.5, Diff: 0.5, Sum: 6.7]
         [Processed Buffers: Min: 0, Avg: 2.1, Max: 8, Diff: 8, Sum: 89]
      [Scan RS (ms): Min: 0.0, Avg: 0.0, Max: 0.0, Diff: 0.0, Sum: 0.7]
      [Code Root Scanning (ms): Min: 0.0, Avg: 0.0, Max: 0.0, Diff: 0.0, Sum: 0.0]
      [Object Copy (ms): Min: 0.0, Avg: 3.7, Max: 4.0, Diff: 4.0, Sum: 160.5]
      [Termination (ms): Min: 0.0, Avg: 0.6, Max: 0.8, Diff: 0.8, Sum: 27.6]
         [Termination Attempts: Min: 1, Avg: 1.0, Max: 2, Diff: 1, Sum: 44]
      [GC Worker Other (ms): Min: 0.0, Avg: 0.0, Max: 0.1, Diff: 0.1, Sum: 1.4]
      [GC Worker Total (ms): Min: 4.1, Avg: 5.3, Max: 6.7, Diff: 2.6, Sum: 225.8]
      [GC Worker End (ms): Min: 448132705.1, Avg: 448132705.2, Max: 448132705.4, Diff: 0.2]
   [Code Root Fixup: 0.0 ms]
   [Code Root Purge: 0.0 ms]
   [Clear CT: 5.3 ms]
   [Other: 8.7 ms]
      [Choose CSet: 0.0 ms]
      [Ref Proc: 3.2 ms]
      [Ref Enq: 0.0 ms]
      [Redirty Cards: 4.7 ms]
      [Humongous Register: 0.1 ms]
      [Humongous Reclaim: 0.0 ms]
      [Free CSet: 0.2 ms]
   [Eden: 47104.0K(47104.0K)->0.0B(47104.0K) Survivors: 5120.0K->5120.0K Heap: 241.0M(1024.0M)->195.0M(1024.0M)]
 [Times: user=0.26 sys=0.03, real=0.02 secs] 
2023-06-18T20:59:01.843+0000: 449161.468: [GC pause (G1 Evacuation Pause) (young), 0.0243099 secs]
   [Parallel Time: 8.2 ms, GC Workers: 43]
      [GC Worker Start (ms): Min: 449161471.1, Avg: 449161472.9, Max: 449161474.8, Diff: 3.7]
      [Ext Root Scanning (ms): Min: 0.0, Avg: 0.5, Max: 2.3, Diff: 2.3, Sum: 21.4]
      [Update RS (ms): Min: 0.0, Avg: 0.2, Max: 0.6, Diff: 0.6, Sum: 9.7]
         [Processed Buffers: Min: 0, Avg: 2.0, Max: 10, Diff: 10, Sum: 87]
      [Scan RS (ms): Min: 0.0, Avg: 0.0, Max: 0.1, Diff: 0.0, Sum: 0.6]
      [Code Root Scanning (ms): Min: 0.0, Avg: 0.0, Max: 0.1, Diff: 0.1, Sum: 0.1]
      [Object Copy (ms): Min: 2.5, Avg: 3.8, Max: 4.2, Diff: 1.8, Sum: 162.2]
      [Termination (ms): Min: 0.0, Avg: 0.1, Max: 0.2, Diff: 0.2, Sum: 4.3]
         [Termination Attempts: Min: 1, Avg: 1.0, Max: 1, Diff: 0, Sum: 43]
      [GC Worker Other (ms): Min: 0.0, Avg: 0.2, Max: 1.9, Diff: 1.9, Sum: 8.9]
      [GC Worker Total (ms): Min: 2.8, Avg: 4.8, Max: 6.6, Diff: 3.7, Sum: 207.2]
      [GC Worker End (ms): Min: 449161477.6, Avg: 449161477.7, Max: 449161477.9, Diff: 0.3]
   [Code Root Fixup: 0.0 ms]
   [Code Root Purge: 0.0 ms]
   [Clear CT: 4.7 ms]
   [Other: 11.4 ms]
      [Choose CSet: 0.0 ms]
      [Ref Proc: 3.5 ms]
      [Ref Enq: 0.0 ms]
      [Redirty Cards: 4.9 ms]
      [Humongous Register: 2.1 ms]
      [Humongous Reclaim: 0.0 ms]
      [Free CSet: 0.2 ms]
   [Eden: 47104.0K(47104.0K)->0.0B(47104.0K) Survivors: 5120.0K->5120.0K Heap: 241.0M(1024.0M)->195.0M(1024.0M)]
 [Times: user=0.23 sys=0.02, real=0.02 secs] 
2023-06-18T21:14:55.447+0000: 450115.072: [GC pause (G1 Evacuation Pause) (young), 0.0226532 secs]
   [Parallel Time: 7.8 ms, GC Workers: 43]
      [GC Worker Start (ms): Min: 450115072.6, Avg: 450115074.1, Max: 450115075.2, Diff: 2.6]
      [Ext Root Scanning (ms): Min: 0.0, Avg: 0.5, Max: 1.7, Diff: 1.7, Sum: 21.4]
      [Update RS (ms): Min: 0.0, Avg: 0.2, Max: 0.5, Diff: 0.5, Sum: 9.5]
         [Processed Buffers: Min: 0, Avg: 1.9, Max: 8, Diff: 8, Sum: 82]
      [Scan RS (ms): Min: 0.0, Avg: 0.0, Max: 0.0, Diff: 0.0, Sum: 0.5]
      [Code Root Scanning (ms): Min: 0.0, Avg: 0.0, Max: 0.0, Diff: 0.0, Sum: 0.0]
      [Object Copy (ms): Min: 2.9, Avg: 3.3, Max: 3.5, Diff: 0.6, Sum: 142.4]
      [Termination (ms): Min: 0.0, Avg: 0.1, Max: 0.1, Diff: 0.1, Sum: 2.4]
         [Termination Attempts: Min: 1, Avg: 1.0, Max: 1, Diff: 0, Sum: 43]
      [GC Worker Other (ms): Min: 0.0, Avg: 0.1, Max: 0.3, Diff: 0.3, Sum: 4.2]
      [GC Worker Total (ms): Min: 3.0, Avg: 4.2, Max: 5.5, Diff: 2.5, Sum: 180.4]
      [GC Worker End (ms): Min: 450115078.2, Avg: 450115078.2, Max: 450115078.4, Diff: 0.3]
   [Code Root Fixup: 0.0 ms]
   [Code Root Purge: 0.0 ms]
   [Clear CT: 5.6 ms]
   [Other: 9.2 ms]
      [Choose CSet: 0.0 ms]
      [Ref Proc: 3.3 ms]
      [Ref Enq: 0.0 ms]
      [Redirty Cards: 5.3 ms]
      [Humongous Register: 0.1 ms]
      [Humongous Reclaim: 0.0 ms]
      [Free CSet: 0.1 ms]
   [Eden: 47104.0K(47104.0K)->0.0B(47104.0K) Survivors: 5120.0K->5120.0K Heap: 241.0M(1024.0M)->194.6M(1024.0M)]
 [Times: user=0.23 sys=0.00, real=0.03 secs] 
2023-06-18T21:32:01.287+0000: 451140.913: [GC pause (G1 Evacuation Pause) (young), 0.0202884 secs]
   [Parallel Time: 6.4 ms, GC Workers: 43]
      [GC Worker Start (ms): Min: 451140913.1, Avg: 451140914.4, Max: 451140915.5, Diff: 2.5]
      [Ext Root Scanning (ms): Min: 0.0, Avg: 0.4, Max: 2.0, Diff: 2.0, Sum: 19.1]
      [Update RS (ms): Min: 0.0, Avg: 0.2, Max: 0.5, Diff: 0.5, Sum: 7.4]
         [Processed Buffers: Min: 0, Avg: 2.0, Max: 8, Diff: 8, Sum: 88]
      [Scan RS (ms): Min: 0.0, Avg: 0.0, Max: 0.1, Diff: 0.0, Sum: 0.7]
      [Code Root Scanning (ms): Min: 0.0, Avg: 0.0, Max: 0.1, Diff: 0.1, Sum: 0.1]
      [Object Copy (ms): Min: 3.1, Avg: 3.6, Max: 3.8, Diff: 0.7, Sum: 155.2]
      [Termination (ms): Min: 0.0, Avg: 0.1, Max: 0.1, Diff: 0.1, Sum: 2.3]
         [Termination Attempts: Min: 1, Avg: 1.0, Max: 1, Diff: 0, Sum: 43]
      [GC Worker Other (ms): Min: 0.0, Avg: 0.1, Max: 0.3, Diff: 0.3, Sum: 4.0]
      [GC Worker Total (ms): Min: 3.2, Avg: 4.4, Max: 5.8, Diff: 2.6, Sum: 188.7]
      [GC Worker End (ms): Min: 451140918.7, Avg: 451140918.8, Max: 451140919.0, Diff: 0.3]
   [Code Root Fixup: 0.0 ms]
   [Code Root Purge: 0.0 ms]
   [Clear CT: 4.9 ms]
   [Other: 8.9 ms]
      [Choose CSet: 0.0 ms]
      [Ref Proc: 3.2 ms]
      [Ref Enq: 0.0 ms]
      [Redirty Cards: 5.1 ms]
      [Humongous Register: 0.1 ms]
      [Humongous Reclaim: 0.0 ms]
      [Free CSet: 0.1 ms]
   [Eden: 47104.0K(47104.0K)->0.0B(47104.0K) Survivors: 5120.0K->5120.0K Heap: 240.6M(1024.0M)->194.8M(1024.0M)]
 [Times: user=0.25 sys=0.00, real=0.02 secs] 
2023-06-18T21:49:07.638+0000: 452167.263: [GC pause (G1 Evacuation Pause) (young), 0.0245999 secs]
   [Parallel Time: 7.8 ms, GC Workers: 43]
      [GC Worker Start (ms): Min: 452167263.4, Avg: 452167264.8, Max: 452167266.0, Diff: 2.6]
      [Ext Root Scanning (ms): Min: 0.0, Avg: 0.7, Max: 6.2, Diff: 6.2, Sum: 28.6]
      [Update RS (ms): Min: 0.0, Avg: 0.2, Max: 0.6, Diff: 0.6, Sum: 9.9]
         [Processed Buffers: Min: 0, Avg: 2.0, Max: 7, Diff: 7, Sum: 88]
      [Scan RS (ms): Min: 0.0, Avg: 0.0, Max: 0.0, Diff: 0.0, Sum: 0.6]
      [Code Root Scanning (ms): Min: 0.0, Avg: 0.0, Max: 0.0, Diff: 0.0, Sum: 0.0]
      [Object Copy (ms): Min: 0.0, Avg: 3.7, Max: 4.0, Diff: 4.0, Sum: 160.0]
      [Termination (ms): Min: 0.0, Avg: 0.3, Max: 0.4, Diff: 0.4, Sum: 11.3]
         [Termination Attempts: Min: 1, Avg: 1.0, Max: 1, Diff: 0, Sum: 43]
      [GC Worker Other (ms): Min: 0.0, Avg: 0.1, Max: 0.2, Diff: 0.2, Sum: 2.5]
      [GC Worker Total (ms): Min: 3.7, Avg: 5.0, Max: 6.3, Diff: 2.5, Sum: 213.0]
      [GC Worker End (ms): Min: 452167269.7, Avg: 452167269.7, Max: 452167269.9, Diff: 0.2]
   [Code Root Fixup: 0.0 ms]
   [Code Root Purge: 0.0 ms]
   [Clear CT: 5.4 ms]
   [Other: 11.3 ms]
      [Choose CSet: 0.0 ms]
      [Ref Proc: 5.5 ms]
      [Ref Enq: 0.0 ms]
      [Redirty Cards: 5.2 ms]
      [Humongous Register: 0.1 ms]
      [Humongous Reclaim: 0.0 ms]
      [Free CSet: 0.1 ms]
   [Eden: 47104.0K(47104.0K)->0.0B(47104.0K) Survivors: 5120.0K->5120.0K Heap: 240.8M(1024.0M)->194.8M(1024.0M)]
 [Times: user=0.24 sys=0.03, real=0.03 secs] 
2023-06-18T22:06:12.591+0000: 453192.216: [GC pause (G1 Evacuation Pause) (young), 0.0247486 secs]
   [Parallel Time: 8.5 ms, GC Workers: 43]
      [GC Worker Start (ms): Min: 453192217.0, Avg: 453192218.3, Max: 453192219.5, Diff: 2.5]
      [Ext Root Scanning (ms): Min: 0.0, Avg: 0.8, Max: 2.2, Diff: 2.1, Sum: 35.0]
      [Update RS (ms): Min: 0.1, Avg: 0.6, Max: 1.3, Diff: 1.2, Sum: 27.4]
         [Processed Buffers: Min: 0, Avg: 2.0, Max: 10, Diff: 10, Sum: 88]
      [Scan RS (ms): Min: 0.0, Avg: 0.0, Max: 0.0, Diff: 0.0, Sum: 0.5]
      [Code Root Scanning (ms): Min: 0.0, Avg: 0.0, Max: 0.0, Diff: 0.0, Sum: 0.0]
      [Object Copy (ms): Min: 3.3, Avg: 3.8, Max: 4.2, Diff: 0.9, Sum: 164.6]
      [Termination (ms): Min: 0.0, Avg: 0.1, Max: 0.2, Diff: 0.2, Sum: 3.8]
         [Termination Attempts: Min: 1, Avg: 1.0, Max: 1, Diff: 0, Sum: 43]
      [GC Worker Other (ms): Min: 0.0, Avg: 0.1, Max: 0.5, Diff: 0.5, Sum: 5.2]
      [GC Worker Total (ms): Min: 4.3, Avg: 5.5, Max: 6.8, Diff: 2.5, Sum: 236.5]
      [GC Worker End (ms): Min: 453192223.7, Avg: 453192223.8, Max: 453192224.0, Diff: 0.3]
   [Code Root Fixup: 0.0 ms]
   [Code Root Purge: 0.0 ms]
   [Clear CT: 6.4 ms]
   [Other: 9.9 ms]
      [Choose CSet: 0.0 ms]
      [Ref Proc: 3.8 ms]
      [Ref Enq: 0.0 ms]
      [Redirty Cards: 5.0 ms]
      [Humongous Register: 0.3 ms]
      [Humongous Reclaim: 0.0 ms]
      [Free CSet: 0.2 ms]
   [Eden: 47104.0K(47104.0K)->0.0B(47104.0K) Survivors: 5120.0K->5120.0K Heap: 240.8M(1024.0M)->195.1M(1024.0M)]
 [Times: user=0.26 sys=0.00, real=0.02 secs] 
2023-06-18T22:22:05.649+0000: 454145.274: [GC pause (G1 Evacuation Pause) (young), 0.0245828 secs]
   [Parallel Time: 8.0 ms, GC Workers: 43]
      [GC Worker Start (ms): Min: 454145276.7, Avg: 454145278.9, Max: 454145283.9, Diff: 7.2]
      [Ext Root Scanning (ms): Min: 0.0, Avg: 0.5, Max: 3.8, Diff: 3.8, Sum: 20.6]
      [Update RS (ms): Min: 0.0, Avg: 0.1, Max: 0.4, Diff: 0.4, Sum: 4.8]
         [Processed Buffers: Min: 0, Avg: 2.0, Max: 9, Diff: 9, Sum: 88]
      [Scan RS (ms): Min: 0.0, Avg: 0.0, Max: 0.0, Diff: 0.0, Sum: 0.6]
      [Code Root Scanning (ms): Min: 0.0, Avg: 0.0, Max: 0.0, Diff: 0.0, Sum: 0.0]
      [Object Copy (ms): Min: 0.0, Avg: 2.7, Max: 3.4, Diff: 3.4, Sum: 117.7]
      [Termination (ms): Min: 0.0, Avg: 1.6, Max: 1.8, Diff: 1.8, Sum: 69.7]
         [Termination Attempts: Min: 1, Avg: 1.0, Max: 1, Diff: 0, Sum: 43]
      [GC Worker Other (ms): Min: 0.0, Avg: 0.1, Max: 0.3, Diff: 0.3, Sum: 3.0]
      [GC Worker Total (ms): Min: 0.0, Avg: 5.0, Max: 7.4, Diff: 7.3, Sum: 216.6]
      [GC Worker End (ms): Min: 454145283.9, Avg: 454145284.0, Max: 454145284.1, Diff: 0.2]
   [Code Root Fixup: 0.0 ms]
   [Code Root Purge: 0.0 ms]
   [Clear CT: 4.9 ms]
   [Other: 11.7 ms]
      [Choose CSet: 0.0 ms]
      [Ref Proc: 3.9 ms]
      [Ref Enq: 0.0 ms]
      [Redirty Cards: 5.0 ms]
      [Humongous Register: 1.9 ms]
      [Humongous Reclaim: 0.0 ms]
      [Free CSet: 0.1 ms]
   [Eden: 47104.0K(47104.0K)->0.0B(47104.0K) Survivors: 5120.0K->5120.0K Heap: 241.1M(1024.0M)->195.0M(1024.0M)]
 [Times: user=0.32 sys=0.00, real=0.03 secs] 
2023-06-18T22:39:09.948+0000: 455169.573: [GC pause (G1 Evacuation Pause) (young), 0.0230828 secs]
   [Parallel Time: 8.2 ms, GC Workers: 43]
      [GC Worker Start (ms): Min: 455169573.6, Avg: 455169575.2, Max: 455169578.7, Diff: 5.0]
      [Ext Root Scanning (ms): Min: 0.0, Avg: 0.5, Max: 1.8, Diff: 1.8, Sum: 22.9]
      [Update RS (ms): Min: 0.0, Avg: 0.1, Max: 0.4, Diff: 0.4, Sum: 6.4]
         [Processed Buffers: Min: 0, Avg: 1.8, Max: 7, Diff: 7, Sum: 78]
      [Scan RS (ms): Min: 0.0, Avg: 0.0, Max: 0.0, Diff: 0.0, Sum: 0.6]
      [Code Root Scanning (ms): Min: 0.0, Avg: 0.0, Max: 0.0, Diff: 0.0, Sum: 0.0]
      [Object Copy (ms): Min: 0.3, Avg: 3.1, Max: 4.1, Diff: 3.8, Sum: 133.0]
      [Termination (ms): Min: 0.0, Avg: 0.9, Max: 1.0, Diff: 0.9, Sum: 37.0]
         [Termination Attempts: Min: 1, Avg: 1.7, Max: 2, Diff: 1, Sum: 71]
      [GC Worker Other (ms): Min: 0.0, Avg: 0.1, Max: 0.3, Diff: 0.3, Sum: 3.9]
      [GC Worker Total (ms): Min: 1.2, Avg: 4.7, Max: 6.3, Diff: 5.0, Sum: 203.8]
      [GC Worker End (ms): Min: 455169579.9, Avg: 455169579.9, Max: 455169580.2, Diff: 0.3]
   [Code Root Fixup: 0.0 ms]
   [Code Root Purge: 0.0 ms]
   [Clear CT: 4.9 ms]
   [Other: 10.0 ms]
      [Choose CSet: 0.0 ms]
      [Ref Proc: 4.3 ms]
      [Ref Enq: 0.0 ms]
      [Redirty Cards: 5.1 ms]
      [Humongous Register: 0.1 ms]
      [Humongous Reclaim: 0.0 ms]
      [Free CSet: 0.1 ms]
   [Eden: 47104.0K(47104.0K)->0.0B(47104.0K) Survivors: 5120.0K->5120.0K Heap: 241.0M(1024.0M)->194.9M(1024.0M)]
 [Times: user=0.29 sys=0.00, real=0.03 secs] 
2023-06-18T22:56:17.116+0000: 456196.742: [GC pause (G1 Evacuation Pause) (young), 0.0234724 secs]
   [Parallel Time: 7.6 ms, GC Workers: 43]
      [GC Worker Start (ms): Min: 456196742.1, Avg: 456196743.4, Max: 456196744.6, Diff: 2.4]
      [Ext Root Scanning (ms): Min: 0.0, Avg: 0.4, Max: 1.4, Diff: 1.4, Sum: 17.3]
      [Update RS (ms): Min: 0.0, Avg: 0.2, Max: 0.6, Diff: 0.6, Sum: 7.1]
         [Processed Buffers: Min: 0, Avg: 2.0, Max: 7, Diff: 7, Sum: 86]
      [Scan RS (ms): Min: 0.0, Avg: 0.0, Max: 0.0, Diff: 0.0, Sum: 0.5]
      [Code Root Scanning (ms): Min: 0.0, Avg: 0.0, Max: 0.0, Diff: 0.0, Sum: 0.0]
      [Object Copy (ms): Min: 2.7, Avg: 3.3, Max: 3.4, Diff: 0.7, Sum: 140.5]
      [Termination (ms): Min: 0.0, Avg: 0.1, Max: 0.1, Diff: 0.1, Sum: 2.6]
         [Termination Attempts: Min: 1, Avg: 1.0, Max: 1, Diff: 0, Sum: 43]
      [GC Worker Other (ms): Min: 0.0, Avg: 0.1, Max: 0.4, Diff: 0.4, Sum: 5.2]
      [GC Worker Total (ms): Min: 2.8, Avg: 4.0, Max: 5.4, Diff: 2.6, Sum: 173.2]
      [GC Worker End (ms): Min: 456196747.3, Avg: 456196747.4, Max: 456196747.7, Diff: 0.3]
   [Code Root Fixup: 0.0 ms]
   [Code Root Purge: 0.0 ms]
   [Clear CT: 6.3 ms]
   [Other: 9.5 ms]
      [Choose CSet: 0.0 ms]
      [Ref Proc: 4.0 ms]
      [Ref Enq: 0.0 ms]
      [Redirty Cards: 4.9 ms]
      [Humongous Register: 0.1 ms]
      [Humongous Reclaim: 0.0 ms]
      [Free CSet: 0.1 ms]
   [Eden: 47104.0K(47104.0K)->0.0B(47104.0K) Survivors: 5120.0K->5120.0K Heap: 240.9M(1024.0M)->194.8M(1024.0M)]
 [Times: user=0.22 sys=0.00, real=0.02 secs] 
2023-06-18T23:12:10.600+0000: 457150.225: [GC pause (G1 Evacuation Pause) (young), 0.0262253 secs]
   [Parallel Time: 8.4 ms, GC Workers: 43]
      [GC Worker Start (ms): Min: 457150225.5, Avg: 457150226.9, Max: 457150228.0, Diff: 2.5]
      [Ext Root Scanning (ms): Min: 0.0, Avg: 0.7, Max: 5.6, Diff: 5.6, Sum: 29.2]
      [Update RS (ms): Min: 0.0, Avg: 0.2, Max: 0.5, Diff: 0.5, Sum: 8.3]
         [Processed Buffers: Min: 0, Avg: 2.0, Max: 6, Diff: 6, Sum: 86]
      [Scan RS (ms): Min: 0.0, Avg: 0.0, Max: 0.0, Diff: 0.0, Sum: 0.5]
      [Code Root Scanning (ms): Min: 0.0, Avg: 0.0, Max: 0.0, Diff: 0.0, Sum: 0.0]
      [Object Copy (ms): Min: 0.0, Avg: 3.1, Max: 3.3, Diff: 3.3, Sum: 131.5]
      [Termination (ms): Min: 0.0, Avg: 0.4, Max: 0.4, Diff: 0.4, Sum: 16.0]
         [Termination Attempts: Min: 1, Avg: 1.0, Max: 1, Diff: 0, Sum: 43]
      [GC Worker Other (ms): Min: 0.0, Avg: 0.0, Max: 0.2, Diff: 0.2, Sum: 1.9]
      [GC Worker Total (ms): Min: 3.2, Avg: 4.4, Max: 5.7, Diff: 2.5, Sum: 187.5]
      [GC Worker End (ms): Min: 457150231.1, Avg: 457150231.2, Max: 457150231.3, Diff: 0.2]
   [Code Root Fixup: 0.0 ms]
   [Code Root Purge: 0.0 ms]
   [Clear CT: 5.5 ms]
   [Other: 12.3 ms]
      [Choose CSet: 0.0 ms]
      [Ref Proc: 6.2 ms]
      [Ref Enq: 0.0 ms]
      [Redirty Cards: 5.5 ms]
      [Humongous Register: 0.1 ms]
      [Humongous Reclaim: 0.0 ms]
      [Free CSet: 0.1 ms]
   [Eden: 47104.0K(47104.0K)->0.0B(47104.0K) Survivors: 5120.0K->5120.0K Heap: 240.8M(1024.0M)->194.5M(1024.0M)]
 [Times: user=0.24 sys=0.00, real=0.03 secs] 
2023-06-18T23:29:17.533+0000: 458177.158: [GC pause (G1 Evacuation Pause) (young), 0.0262146 secs]
   [Parallel Time: 8.3 ms, GC Workers: 43]
      [GC Worker Start (ms): Min: 458177160.8, Avg: 458177162.9, Max: 458177166.8, Diff: 6.0]
      [Ext Root Scanning (ms): Min: 0.0, Avg: 0.6, Max: 2.3, Diff: 2.3, Sum: 26.3]
      [Update RS (ms): Min: 0.0, Avg: 0.3, Max: 0.8, Diff: 0.8, Sum: 12.0]
         [Processed Buffers: Min: 0, Avg: 2.0, Max: 7, Diff: 7, Sum: 87]
      [Scan RS (ms): Min: 0.0, Avg: 0.0, Max: 0.0, Diff: 0.0, Sum: 0.4]
      [Code Root Scanning (ms): Min: 0.0, Avg: 0.0, Max: 0.0, Diff: 0.0, Sum: 0.1]
      [Object Copy (ms): Min: 0.1, Avg: 3.0, Max: 3.3, Diff: 3.3, Sum: 127.2]
      [Termination (ms): Min: 0.0, Avg: 0.1, Max: 0.2, Diff: 0.2, Sum: 4.8]
         [Termination Attempts: Min: 1, Avg: 1.0, Max: 1, Diff: 0, Sum: 43]
      [GC Worker Other (ms): Min: 0.0, Avg: 0.1, Max: 0.5, Diff: 0.5, Sum: 5.4]
      [GC Worker Total (ms): Min: 0.1, Avg: 4.1, Max: 6.2, Diff: 6.1, Sum: 176.1]
      [GC Worker End (ms): Min: 458177166.9, Avg: 458177167.0, Max: 458177167.2, Diff: 0.3]
   [Code Root Fixup: 0.0 ms]
   [Code Root Purge: 0.0 ms]
   [Clear CT: 5.0 ms]
   [Other: 12.8 ms]
      [Choose CSet: 0.0 ms]
      [Ref Proc: 4.8 ms]
      [Ref Enq: 0.0 ms]
      [Redirty Cards: 5.1 ms]
      [Humongous Register: 2.1 ms]
      [Humongous Reclaim: 0.0 ms]
      [Free CSet: 0.2 ms]
   [Eden: 47104.0K(47104.0K)->0.0B(47104.0K) Survivors: 5120.0K->5120.0K Heap: 240.5M(1024.0M)->194.9M(1024.0M)]
 [Times: user=0.23 sys=0.00, real=0.02 secs] 
2023-06-18T23:46:23.865+0000: 459203.491: [GC pause (G1 Evacuation Pause) (young), 0.0213694 secs]
   [Parallel Time: 7.8 ms, GC Workers: 43]
      [GC Worker Start (ms): Min: 459203491.1, Avg: 459203492.5, Max: 459203493.7, Diff: 2.6]
      [Ext Root Scanning (ms): Min: 0.0, Avg: 0.5, Max: 1.7, Diff: 1.7, Sum: 21.8]
      [Update RS (ms): Min: 0.0, Avg: 0.2, Max: 0.5, Diff: 0.5, Sum: 7.9]
         [Processed Buffers: Min: 0, Avg: 2.0, Max: 9, Diff: 9, Sum: 88]
      [Scan RS (ms): Min: 0.0, Avg: 0.0, Max: 0.0, Diff: 0.0, Sum: 0.6]
      [Code Root Scanning (ms): Min: 0.0, Avg: 0.0, Max: 0.0, Diff: 0.0, Sum: 0.0]
      [Object Copy (ms): Min: 2.8, Avg: 3.3, Max: 3.6, Diff: 0.7, Sum: 141.7]
      [Termination (ms): Min: 0.0, Avg: 0.0, Max: 0.1, Diff: 0.1, Sum: 1.9]
         [Termination Attempts: Min: 1, Avg: 1.0, Max: 1, Diff: 0, Sum: 43]
      [GC Worker Other (ms): Min: 0.0, Avg: 0.1, Max: 0.4, Diff: 0.4, Sum: 4.9]
      [GC Worker Total (ms): Min: 3.0, Avg: 4.2, Max: 5.5, Diff: 2.6, Sum: 178.8]
      [GC Worker End (ms): Min: 459203496.6, Avg: 459203496.6, Max: 459203496.8, Diff: 0.3]
   [Code Root Fixup: 0.0 ms]
   [Code Root Purge: 0.0 ms]
   [Clear CT: 5.0 ms]
   [Other: 8.6 ms]
      [Choose CSet: 0.0 ms]
      [Ref Proc: 2.8 ms]
      [Ref Enq: 0.0 ms]
      [Redirty Cards: 5.1 ms]
      [Humongous Register: 0.1 ms]
      [Humongous Reclaim: 0.0 ms]
      [Free CSet: 0.1 ms]
   [Eden: 47104.0K(47104.0K)->0.0B(47104.0K) Survivors: 5120.0K->5120.0K Heap: 240.9M(1024.0M)->194.8M(1024.0M)]
 [Times: user=0.23 sys=0.00, real=0.02 secs] 
2023-06-19T00:03:27.591+0000: 460227.216: [GC pause (G1 Evacuation Pause) (young), 0.0210364 secs]
   [Parallel Time: 8.5 ms, GC Workers: 43]
      [GC Worker Start (ms): Min: 460227216.7, Avg: 460227218.0, Max: 460227219.1, Diff: 2.5]
      [Ext Root Scanning (ms): Min: 0.0, Avg: 0.8, Max: 7.6, Diff: 7.6, Sum: 34.9]
      [Update RS (ms): Min: 0.0, Avg: 0.2, Max: 0.5, Diff: 0.5, Sum: 8.2]
         [Processed Buffers: Min: 0, Avg: 2.0, Max: 6, Diff: 6, Sum: 88]
      [Scan RS (ms): Min: 0.0, Avg: 0.0, Max: 0.0, Diff: 0.0, Sum: 0.6]
      [Code Root Scanning (ms): Min: 0.0, Avg: 0.0, Max: 0.1, Diff: 0.1, Sum: 0.1]
      [Object Copy (ms): Min: 0.0, Avg: 3.4, Max: 3.6, Diff: 3.6, Sum: 148.3]
      [Termination (ms): Min: 0.0, Avg: 1.9, Max: 2.1, Diff: 2.1, Sum: 82.0]
         [Termination Attempts: Min: 1, Avg: 1.0, Max: 1, Diff: 0, Sum: 43]
      [GC Worker Other (ms): Min: 0.0, Avg: 0.0, Max: 0.1, Diff: 0.1, Sum: 1.4]
      [GC Worker Total (ms): Min: 5.2, Avg: 6.4, Max: 7.8, Diff: 2.6, Sum: 275.4]
      [GC Worker End (ms): Min: 460227224.3, Avg: 460227224.4, Max: 460227224.5, Diff: 0.2]
   [Code Root Fixup: 0.0 ms]
   [Code Root Purge: 0.0 ms]
   [Clear CT: 4.6 ms]
   [Other: 7.9 ms]
      [Choose CSet: 0.0 ms]
      [Ref Proc: 2.7 ms]
      [Ref Enq: 0.0 ms]
      [Redirty Cards: 4.5 ms]
      [Humongous Register: 0.1 ms]
      [Humongous Reclaim: 0.0 ms]
      [Free CSet: 0.1 ms]
   [Eden: 47104.0K(47104.0K)->0.0B(47104.0K) Survivors: 5120.0K->5120.0K Heap: 240.8M(1024.0M)->195.3M(1024.0M)]
 [Times: user=0.33 sys=0.00, real=0.02 secs] 
2023-06-19T00:19:22.591+0000: 461182.216: [GC pause (G1 Evacuation Pause) (young), 0.0253921 secs]
   [Parallel Time: 8.9 ms, GC Workers: 43]
      [GC Worker Start (ms): Min: 461182218.9, Avg: 461182221.1, Max: 461182226.7, Diff: 7.8]
      [Ext Root Scanning (ms): Min: 0.0, Avg: 0.9, Max: 4.9, Diff: 4.9, Sum: 37.9]
      [Update RS (ms): Min: 0.0, Avg: 0.3, Max: 0.6, Diff: 0.6, Sum: 10.9]
         [Processed Buffers: Min: 0, Avg: 2.1, Max: 8, Diff: 8, Sum: 89]
      [Scan RS (ms): Min: 0.0, Avg: 0.0, Max: 0.0, Diff: 0.0, Sum: 0.5]
      [Code Root Scanning (ms): Min: 0.0, Avg: 0.0, Max: 0.0, Diff: 0.0, Sum: 0.0]
      [Object Copy (ms): Min: 0.0, Avg: 3.5, Max: 3.8, Diff: 3.8, Sum: 149.3]
      [Termination (ms): Min: 0.0, Avg: 0.9, Max: 1.0, Diff: 1.0, Sum: 39.9]
         [Termination Attempts: Min: 1, Avg: 1.0, Max: 1, Diff: 0, Sum: 43]
      [GC Worker Other (ms): Min: 0.0, Avg: 0.1, Max: 0.3, Diff: 0.3, Sum: 3.3]
      [GC Worker Total (ms): Min: 0.0, Avg: 5.6, Max: 7.9, Diff: 7.9, Sum: 241.9]
      [GC Worker End (ms): Min: 461182226.7, Avg: 461182226.8, Max: 461182226.9, Diff: 0.2]
   [Code Root Fixup: 0.0 ms]
   [Code Root Purge: 0.0 ms]
   [Clear CT: 5.0 ms]
   [Other: 11.5 ms]
      [Choose CSet: 0.0 ms]
      [Ref Proc: 3.2 ms]
      [Ref Enq: 0.0 ms]
      [Redirty Cards: 4.9 ms]
      [Humongous Register: 2.1 ms]
      [Humongous Reclaim: 0.0 ms]
      [Free CSet: 0.4 ms]
   [Eden: 47104.0K(47104.0K)->0.0B(47104.0K) Survivors: 5120.0K->5120.0K Heap: 241.3M(1024.0M)->195.0M(1024.0M)]
 [Times: user=0.30 sys=0.00, real=0.02 secs] 
2023-06-19T00:36:27.246+0000: 462206.871: [GC pause (G1 Evacuation Pause) (young), 0.0251070 secs]
   [Parallel Time: 9.7 ms, GC Workers: 43]
      [GC Worker Start (ms): Min: 462206871.5, Avg: 462206872.8, Max: 462206874.1, Diff: 2.6]
      [Ext Root Scanning (ms): Min: 0.0, Avg: 0.5, Max: 1.7, Diff: 1.7, Sum: 22.7]
      [Update RS (ms): Min: 0.0, Avg: 0.2, Max: 0.5, Diff: 0.5, Sum: 6.9]
         [Processed Buffers: Min: 0, Avg: 2.0, Max: 8, Diff: 8, Sum: 87]
      [Scan RS (ms): Min: 0.0, Avg: 0.0, Max: 0.0, Diff: 0.0, Sum: 0.6]
      [Code Root Scanning (ms): Min: 0.0, Avg: 0.0, Max: 0.0, Diff: 0.0, Sum: 0.0]
      [Object Copy (ms): Min: 5.4, Avg: 6.0, Max: 6.2, Diff: 0.8, Sum: 257.5]
      [Termination (ms): Min: 0.0, Avg: 0.1, Max: 0.1, Diff: 0.1, Sum: 2.4]
         [Termination Attempts: Min: 1, Avg: 1.1, Max: 3, Diff: 2, Sum: 47]
      [GC Worker Other (ms): Min: 0.0, Avg: 0.1, Max: 0.4, Diff: 0.3, Sum: 5.4]
      [GC Worker Total (ms): Min: 5.5, Avg: 6.9, Max: 8.3, Diff: 2.8, Sum: 295.5]
      [GC Worker End (ms): Min: 462206879.6, Avg: 462206879.7, Max: 462206879.9, Diff: 0.3]
   [Code Root Fixup: 0.0 ms]
   [Code Root Purge: 0.0 ms]
   [Clear CT: 5.5 ms]
   [Other: 9.9 ms]
      [Choose CSet: 0.0 ms]
      [Ref Proc: 4.0 ms]
      [Ref Enq: 0.0 ms]
      [Redirty Cards: 5.2 ms]
      [Humongous Register: 0.1 ms]
      [Humongous Reclaim: 0.0 ms]
      [Free CSet: 0.1 ms]
   [Eden: 47104.0K(47104.0K)->0.0B(47104.0K) Survivors: 5120.0K->5120.0K Heap: 241.0M(1024.0M)->194.6M(1024.0M)]
 [Times: user=0.34 sys=0.00, real=0.03 secs] 
2023-06-19T00:53:33.858+0000: 463233.483: [GC pause (G1 Evacuation Pause) (young), 0.0253453 secs]
   [Parallel Time: 9.1 ms, GC Workers: 43]
      [GC Worker Start (ms): Min: 463233485.8, Avg: 463233487.9, Max: 463233489.7, Diff: 3.9]
      [Ext Root Scanning (ms): Min: 0.0, Avg: 1.1, Max: 7.7, Diff: 7.7, Sum: 47.1]
      [Update RS (ms): Min: 0.0, Avg: 0.4, Max: 0.7, Diff: 0.7, Sum: 15.3]
         [Processed Buffers: Min: 0, Avg: 2.1, Max: 6, Diff: 6, Sum: 89]
      [Scan RS (ms): Min: 0.0, Avg: 0.0, Max: 0.0, Diff: 0.0, Sum: 0.5]
      [Code Root Scanning (ms): Min: 0.0, Avg: 0.0, Max: 0.0, Diff: 0.0, Sum: 0.0]
      [Object Copy (ms): Min: 0.0, Avg: 3.8, Max: 4.1, Diff: 4.1, Sum: 164.2]
      [Termination (ms): Min: 0.0, Avg: 0.4, Max: 0.6, Diff: 0.6, Sum: 16.7]
         [Termination Attempts: Min: 1, Avg: 1.0, Max: 1, Diff: 0, Sum: 43]
      [GC Worker Other (ms): Min: 0.0, Avg: 0.1, Max: 0.4, Diff: 0.4, Sum: 3.5]
      [GC Worker Total (ms): Min: 3.9, Avg: 5.7, Max: 7.7, Diff: 3.8, Sum: 247.2]
      [GC Worker End (ms): Min: 463233493.6, Avg: 463233493.6, Max: 463233493.8, Diff: 0.2]
   [Code Root Fixup: 0.0 ms]
   [Code Root Purge: 0.0 ms]
   [Clear CT: 5.1 ms]
   [Other: 11.2 ms]
      [Choose CSet: 0.0 ms]
      [Ref Proc: 3.0 ms]
      [Ref Enq: 0.0 ms]
      [Redirty Cards: 5.1 ms]
      [Humongous Register: 2.1 ms]
      [Humongous Reclaim: 0.0 ms]
      [Free CSet: 0.2 ms]
   [Eden: 47104.0K(47104.0K)->0.0B(47104.0K) Survivors: 5120.0K->5120.0K Heap: 240.6M(1024.0M)->195.2M(1024.0M)]
 [Times: user=0.25 sys=0.04, real=0.03 secs] 
2023-06-19T01:10:31.544+0000: 464251.170: [GC pause (G1 Evacuation Pause) (young), 0.0226391 secs]
   [Parallel Time: 7.8 ms, GC Workers: 43]
      [GC Worker Start (ms): Min: 464251170.1, Avg: 464251171.4, Max: 464251172.6, Diff: 2.5]
      [Ext Root Scanning (ms): Min: 0.0, Avg: 0.5, Max: 1.7, Diff: 1.7, Sum: 21.9]
      [Update RS (ms): Min: 0.0, Avg: 0.2, Max: 0.4, Diff: 0.4, Sum: 7.5]
         [Processed Buffers: Min: 0, Avg: 2.0, Max: 7, Diff: 7, Sum: 86]
      [Scan RS (ms): Min: 0.0, Avg: 0.0, Max: 0.1, Diff: 0.0, Sum: 0.7]
      [Code Root Scanning (ms): Min: 0.0, Avg: 0.0, Max: 0.0, Diff: 0.0, Sum: 0.0]
      [Object Copy (ms): Min: 3.4, Avg: 3.9, Max: 4.1, Diff: 0.7, Sum: 166.5]
      [Termination (ms): Min: 0.0, Avg: 0.0, Max: 0.1, Diff: 0.1, Sum: 1.9]
         [Termination Attempts: Min: 1, Avg: 1.0, Max: 1, Diff: 0, Sum: 43]
      [GC Worker Other (ms): Min: 0.0, Avg: 0.1, Max: 0.4, Diff: 0.3, Sum: 5.7]
      [GC Worker Total (ms): Min: 3.6, Avg: 4.7, Max: 6.2, Diff: 2.7, Sum: 204.2]
      [GC Worker End (ms): Min: 464251176.0, Avg: 464251176.1, Max: 464251176.4, Diff: 0.3]
   [Code Root Fixup: 0.0 ms]
   [Code Root Purge: 0.0 ms]
   [Clear CT: 5.2 ms]
   [Other: 9.7 ms]
      [Choose CSet: 0.0 ms]
      [Ref Proc: 3.8 ms]
      [Ref Enq: 0.0 ms]
      [Redirty Cards: 5.3 ms]
      [Humongous Register: 0.1 ms]
      [Humongous Reclaim: 0.0 ms]
      [Free CSet: 0.1 ms]
   [Eden: 47104.0K(47104.0K)->0.0B(46080.0K) Survivors: 5120.0K->6144.0K Heap: 241.2M(1024.0M)->195.5M(1024.0M)]
 [Times: user=0.25 sys=0.00, real=0.02 secs] 
2023-06-19T01:26:07.218+0000: 465186.843: [GC pause (G1 Evacuation Pause) (young), 0.0330358 secs]
   [Parallel Time: 16.2 ms, GC Workers: 43]
      [GC Worker Start (ms): Min: 465186846.0, Avg: 465186848.2, Max: 465186850.6, Diff: 4.6]
      [Ext Root Scanning (ms): Min: 0.0, Avg: 1.1, Max: 14.0, Diff: 14.0, Sum: 46.4]
      [Update RS (ms): Min: 0.0, Avg: 0.3, Max: 0.7, Diff: 0.7, Sum: 13.6]
         [Processed Buffers: Min: 0, Avg: 2.0, Max: 9, Diff: 9, Sum: 88]
      [Scan RS (ms): Min: 0.0, Avg: 0.0, Max: 0.0, Diff: 0.0, Sum: 0.6]
      [Code Root Scanning (ms): Min: 0.0, Avg: 0.0, Max: 0.0, Diff: 0.0, Sum: 0.0]
      [Object Copy (ms): Min: 0.0, Avg: 3.4, Max: 3.8, Diff: 3.8, Sum: 148.1]
      [Termination (ms): Min: 0.0, Avg: 7.0, Max: 7.2, Diff: 7.2, Sum: 299.2]
         [Termination Attempts: Min: 1, Avg: 1.0, Max: 1, Diff: 0, Sum: 43]
      [GC Worker Other (ms): Min: 0.0, Avg: 0.1, Max: 0.2, Diff: 0.2, Sum: 2.4]
      [GC Worker Total (ms): Min: 9.5, Avg: 11.9, Max: 14.0, Diff: 4.5, Sum: 510.2]
      [GC Worker End (ms): Min: 465186860.0, Avg: 465186860.1, Max: 465186860.2, Diff: 0.1]
   [Code Root Fixup: 0.0 ms]
   [Code Root Purge: 0.0 ms]
   [Clear CT: 5.1 ms]
   [Other: 11.7 ms]
      [Choose CSet: 0.0 ms]
      [Ref Proc: 3.6 ms]
      [Ref Enq: 0.0 ms]
      [Redirty Cards: 5.0 ms]
      [Humongous Register: 2.1 ms]
      [Humongous Reclaim: 0.0 ms]
      [Free CSet: 0.2 ms]
   [Eden: 46080.0K(46080.0K)->0.0B(47104.0K) Survivors: 6144.0K->5120.0K Heap: 240.5M(1024.0M)->194.9M(1024.0M)]
 [Times: user=0.57 sys=0.00, real=0.04 secs] 
2023-06-19T01:43:12.383+0000: 466212.008: [GC pause (G1 Evacuation Pause) (young), 0.0227730 secs]
   [Parallel Time: 7.3 ms, GC Workers: 43]
      [GC Worker Start (ms): Min: 466212008.5, Avg: 466212009.9, Max: 466212011.1, Diff: 2.6]
      [Ext Root Scanning (ms): Min: 0.0, Avg: 0.5, Max: 1.8, Diff: 1.7, Sum: 23.2]
      [Update RS (ms): Min: 0.0, Avg: 0.2, Max: 0.9, Diff: 0.9, Sum: 9.4]
         [Processed Buffers: Min: 0, Avg: 2.0, Max: 7, Diff: 7, Sum: 88]
      [Scan RS (ms): Min: 0.0, Avg: 0.0, Max: 0.0, Diff: 0.0, Sum: 0.7]
      [Code Root Scanning (ms): Min: 0.0, Avg: 0.0, Max: 0.0, Diff: 0.0, Sum: 0.0]
      [Object Copy (ms): Min: 2.9, Avg: 3.5, Max: 3.7, Diff: 0.7, Sum: 148.8]
      [Termination (ms): Min: 0.0, Avg: 0.1, Max: 0.1, Diff: 0.1, Sum: 3.2]
         [Termination Attempts: Min: 1, Avg: 1.0, Max: 1, Diff: 0, Sum: 43]
      [GC Worker Other (ms): Min: 0.0, Avg: 0.1, Max: 0.8, Diff: 0.8, Sum: 5.5]
      [GC Worker Total (ms): Min: 3.2, Avg: 4.4, Max: 6.0, Diff: 2.8, Sum: 190.7]
      [GC Worker End (ms): Min: 466212014.2, Avg: 466212014.3, Max: 466212014.6, Diff: 0.3]
   [Code Root Fixup: 0.0 ms]
   [Code Root Purge: 0.0 ms]
   [Clear CT: 5.3 ms]
   [Other: 10.2 ms]
      [Choose CSet: 0.0 ms]
      [Ref Proc: 4.3 ms]
      [Ref Enq: 0.0 ms]
      [Redirty Cards: 5.3 ms]
      [Humongous Register: 0.1 ms]
      [Humongous Reclaim: 0.0 ms]
      [Free CSet: 0.1 ms]
   [Eden: 47104.0K(47104.0K)->0.0B(47104.0K) Survivors: 5120.0K->5120.0K Heap: 240.9M(1024.0M)->194.7M(1024.0M)]
 [Times: user=0.16 sys=0.07, real=0.02 secs] 
2023-06-19T02:00:20.271+0000: 467239.897: [GC pause (G1 Evacuation Pause) (young), 0.0362732 secs]
   [Parallel Time: 11.6 ms, GC Workers: 43]
      [GC Worker Start (ms): Min: 467239899.5, Avg: 467239901.6, Max: 467239903.2, Diff: 3.7]
      [Ext Root Scanning (ms): Min: 0.0, Avg: 1.0, Max: 7.1, Diff: 7.1, Sum: 44.5]
      [Update RS (ms): Min: 0.0, Avg: 0.3, Max: 0.7, Diff: 0.7, Sum: 14.8]
         [Processed Buffers: Min: 0, Avg: 2.1, Max: 7, Diff: 7, Sum: 90]
      [Scan RS (ms): Min: 0.0, Avg: 0.0, Max: 0.0, Diff: 0.0, Sum: 0.6]
      [Code Root Scanning (ms): Min: 0.0, Avg: 0.0, Max: 0.0, Diff: 0.0, Sum: 0.0]
      [Object Copy (ms): Min: 0.0, Avg: 3.4, Max: 4.9, Diff: 4.9, Sum: 146.4]
      [Termination (ms): Min: 0.0, Avg: 1.5, Max: 1.7, Diff: 1.7, Sum: 66.6]
         [Termination Attempts: Min: 1, Avg: 1.0, Max: 1, Diff: 0, Sum: 43]
      [GC Worker Other (ms): Min: 0.0, Avg: 0.1, Max: 0.3, Diff: 0.3, Sum: 2.3]
      [GC Worker Total (ms): Min: 4.8, Avg: 6.4, Max: 8.6, Diff: 3.8, Sum: 275.2]
      [GC Worker End (ms): Min: 467239907.9, Avg: 467239908.0, Max: 467239908.1, Diff: 0.2]
   [Code Root Fixup: 0.0 ms]
   [Code Root Purge: 0.0 ms]
   [Clear CT: 5.3 ms]
   [Other: 19.4 ms]
      [Choose CSet: 0.0 ms]
      [Ref Proc: 10.6 ms]
      [Ref Enq: 0.0 ms]
      [Redirty Cards: 5.4 ms]
      [Humongous Register: 2.1 ms]
      [Humongous Reclaim: 0.0 ms]
      [Free CSet: 0.4 ms]
   [Eden: 47104.0K(47104.0K)->0.0B(47104.0K) Survivors: 5120.0K->5120.0K Heap: 240.7M(1024.0M)->195.0M(1024.0M)]
 [Times: user=0.54 sys=0.00, real=0.03 secs] 
2023-06-19T02:16:11.381+0000: 468191.006: [GC pause (G1 Evacuation Pause) (young), 0.0208280 secs]
   [Parallel Time: 6.6 ms, GC Workers: 43]
      [GC Worker Start (ms): Min: 468191006.5, Avg: 468191007.9, Max: 468191009.1, Diff: 2.6]
      [Ext Root Scanning (ms): Min: 0.0, Avg: 0.5, Max: 1.8, Diff: 1.7, Sum: 21.9]
      [Update RS (ms): Min: 0.0, Avg: 0.2, Max: 0.5, Diff: 0.5, Sum: 7.4]
         [Processed Buffers: Min: 0, Avg: 2.0, Max: 7, Diff: 7, Sum: 86]
      [Scan RS (ms): Min: 0.0, Avg: 0.0, Max: 0.0, Diff: 0.0, Sum: 0.5]
      [Code Root Scanning (ms): Min: 0.0, Avg: 0.0, Max: 0.0, Diff: 0.0, Sum: 0.0]
      [Object Copy (ms): Min: 2.7, Avg: 3.1, Max: 3.3, Diff: 0.6, Sum: 133.7]
      [Termination (ms): Min: 0.0, Avg: 0.1, Max: 0.1, Diff: 0.1, Sum: 3.3]
         [Termination Attempts: Min: 1, Avg: 1.0, Max: 1, Diff: 0, Sum: 43]
      [GC Worker Other (ms): Min: 0.0, Avg: 0.1, Max: 0.6, Diff: 0.6, Sum: 6.2]
      [GC Worker Total (ms): Min: 2.8, Avg: 4.0, Max: 5.6, Diff: 2.8, Sum: 173.1]
      [GC Worker End (ms): Min: 468191011.8, Avg: 468191011.9, Max: 468191012.2, Diff: 0.3]
   [Code Root Fixup: 0.0 ms]
   [Code Root Purge: 0.0 ms]
   [Clear CT: 5.6 ms]
   [Other: 8.6 ms]
      [Choose CSet: 0.0 ms]
      [Ref Proc: 2.8 ms]
      [Ref Enq: 0.0 ms]
      [Redirty Cards: 5.2 ms]
      [Humongous Register: 0.1 ms]
      [Humongous Reclaim: 0.0 ms]
      [Free CSet: 0.1 ms]
   [Eden: 47104.0K(47104.0K)->0.0B(47104.0K) Survivors: 5120.0K->5120.0K Heap: 241.0M(1024.0M)->194.8M(1024.0M)]
 [Times: user=0.22 sys=0.00, real=0.03 secs] 
2023-06-19T02:33:17.591+0000: 469217.216: [GC pause (G1 Evacuation Pause) (young), 0.0214424 secs]
   [Parallel Time: 7.5 ms, GC Workers: 43]
      [GC Worker Start (ms): Min: 469217216.6, Avg: 469217218.1, Max: 469217222.6, Diff: 6.0]
      [Ext Root Scanning (ms): Min: 0.0, Avg: 0.7, Max: 6.2, Diff: 6.2, Sum: 31.7]
      [Update RS (ms): Min: 0.0, Avg: 0.2, Max: 0.5, Diff: 0.5, Sum: 8.4]
         [Processed Buffers: Min: 0, Avg: 2.1, Max: 7, Diff: 7, Sum: 89]
      [Scan RS (ms): Min: 0.0, Avg: 0.0, Max: 0.1, Diff: 0.0, Sum: 0.7]
      [Code Root Scanning (ms): Min: 0.0, Avg: 0.0, Max: 0.0, Diff: 0.0, Sum: 0.0]
      [Object Copy (ms): Min: 0.0, Avg: 3.3, Max: 3.6, Diff: 3.6, Sum: 141.9]
      [Termination (ms): Min: 0.0, Avg: 0.5, Max: 0.6, Diff: 0.6, Sum: 23.6]
         [Termination Attempts: Min: 1, Avg: 1.0, Max: 1, Diff: 0, Sum: 43]
      [GC Worker Other (ms): Min: 0.0, Avg: 0.0, Max: 0.2, Diff: 0.2, Sum: 1.6]
      [GC Worker Total (ms): Min: 0.2, Avg: 4.8, Max: 6.2, Diff: 6.0, Sum: 207.9]
      [GC Worker End (ms): Min: 469217222.8, Avg: 469217222.9, Max: 469217223.0, Diff: 0.2]
   [Code Root Fixup: 0.0 ms]
   [Code Root Purge: 0.0 ms]
   [Clear CT: 4.9 ms]
   [Other: 8.9 ms]
      [Choose CSet: 0.0 ms]
      [Ref Proc: 3.3 ms]
      [Ref Enq: 0.0 ms]
      [Redirty Cards: 5.0 ms]
      [Humongous Register: 0.1 ms]
      [Humongous Reclaim: 0.0 ms]
      [Free CSet: 0.1 ms]
   [Eden: 47104.0K(47104.0K)->0.0B(47104.0K) Survivors: 5120.0K->5120.0K Heap: 240.8M(1024.0M)->194.9M(1024.0M)]
 [Times: user=0.26 sys=0.00, real=0.02 secs] 
2023-06-19T02:50:23.261+0000: 470242.887: [GC pause (G1 Evacuation Pause) (young), 0.0262403 secs]
   [Parallel Time: 9.0 ms, GC Workers: 43]
      [GC Worker Start (ms): Min: 470242889.4, Avg: 470242891.5, Max: 470242894.6, Diff: 5.2]
      [Ext Root Scanning (ms): Min: 0.0, Avg: 0.7, Max: 4.0, Diff: 4.0, Sum: 30.9]
      [Update RS (ms): Min: 0.0, Avg: 0.3, Max: 0.7, Diff: 0.7, Sum: 11.5]
         [Processed Buffers: Min: 0, Avg: 2.0, Max: 9, Diff: 9, Sum: 88]
      [Scan RS (ms): Min: 0.0, Avg: 0.0, Max: 0.0, Diff: 0.0, Sum: 0.5]
      [Code Root Scanning (ms): Min: 0.0, Avg: 0.0, Max: 0.0, Diff: 0.0, Sum: 0.0]
      [Object Copy (ms): Min: 1.6, Avg: 3.6, Max: 4.0, Diff: 2.4, Sum: 155.8]
      [Termination (ms): Min: 0.0, Avg: 0.1, Max: 0.1, Diff: 0.1, Sum: 3.4]
         [Termination Attempts: Min: 1, Avg: 1.0, Max: 1, Diff: 0, Sum: 43]
      [GC Worker Other (ms): Min: 0.0, Avg: 0.1, Max: 0.4, Diff: 0.3, Sum: 4.5]
      [GC Worker Total (ms): Min: 1.8, Avg: 4.8, Max: 7.0, Diff: 5.1, Sum: 206.6]
      [GC Worker End (ms): Min: 470242896.3, Avg: 470242896.3, Max: 470242896.5, Diff: 0.2]
   [Code Root Fixup: 0.0 ms]
   [Code Root Purge: 0.0 ms]
   [Clear CT: 5.1 ms]
   [Other: 12.1 ms]
      [Choose CSet: 0.0 ms]
      [Ref Proc: 3.7 ms]
      [Ref Enq: 0.0 ms]
      [Redirty Cards: 5.4 ms]
      [Humongous Register: 2.1 ms]
      [Humongous Reclaim: 0.0 ms]
      [Free CSet: 0.2 ms]
   [Eden: 47104.0K(47104.0K)->0.0B(47104.0K) Survivors: 5120.0K->5120.0K Heap: 240.9M(1024.0M)->195.2M(1024.0M)]
 [Times: user=0.24 sys=0.01, real=0.02 secs] 
2023-06-19T03:07:17.210+0000: 471256.835: [GC pause (G1 Evacuation Pause) (young), 0.0251321 secs]
   [Parallel Time: 9.9 ms, GC Workers: 43]
      [GC Worker Start (ms): Min: 471256835.7, Avg: 471256837.1, Max: 471256838.2, Diff: 2.6]
      [Ext Root Scanning (ms): Min: 0.0, Avg: 0.5, Max: 1.7, Diff: 1.7, Sum: 22.3]
      [Update RS (ms): Min: 0.0, Avg: 0.2, Max: 0.6, Diff: 0.6, Sum: 7.1]
         [Processed Buffers: Min: 0, Avg: 1.9, Max: 6, Diff: 6, Sum: 83]
      [Scan RS (ms): Min: 0.0, Avg: 0.0, Max: 0.0, Diff: 0.0, Sum: 0.5]
      [Code Root Scanning (ms): Min: 0.0, Avg: 0.0, Max: 0.0, Diff: 0.0, Sum: 0.0]
      [Object Copy (ms): Min: 4.3, Avg: 4.8, Max: 4.9, Diff: 0.7, Sum: 204.3]
      [Termination (ms): Min: 0.0, Avg: 0.1, Max: 0.1, Diff: 0.1, Sum: 2.4]
         [Termination Attempts: Min: 1, Avg: 1.3, Max: 3, Diff: 2, Sum: 56]
      [GC Worker Other (ms): Min: 0.0, Avg: 0.1, Max: 0.3, Diff: 0.3, Sum: 5.2]
      [GC Worker Total (ms): Min: 4.4, Avg: 5.6, Max: 7.1, Diff: 2.7, Sum: 241.8]
      [GC Worker End (ms): Min: 471256842.6, Avg: 471256842.7, Max: 471256842.9, Diff: 0.3]
   [Code Root Fixup: 0.0 ms]
   [Code Root Purge: 0.0 ms]
   [Clear CT: 5.1 ms]
   [Other: 10.2 ms]
      [Choose CSet: 0.0 ms]
      [Ref Proc: 4.3 ms]
      [Ref Enq: 0.0 ms]
      [Redirty Cards: 5.2 ms]
      [Humongous Register: 0.1 ms]
      [Humongous Reclaim: 0.0 ms]
      [Free CSet: 0.1 ms]
   [Eden: 47104.0K(47104.0K)->0.0B(47104.0K) Survivors: 5120.0K->5120.0K Heap: 241.2M(1024.0M)->194.6M(1024.0M)]
 [Times: user=0.29 sys=0.00, real=0.02 secs] 
2023-06-19T03:23:14.884+0000: 472214.510: [GC pause (G1 Evacuation Pause) (young), 0.0344066 secs]
   [Parallel Time: 16.9 ms, GC Workers: 43]
      [GC Worker Start (ms): Min: 472214512.5, Avg: 472214514.5, Max: 472214516.4, Diff: 3.9]
      [Ext Root Scanning (ms): Min: 0.0, Avg: 1.1, Max: 13.4, Diff: 13.3, Sum: 45.7]
      [Update RS (ms): Min: 0.0, Avg: 0.3, Max: 0.7, Diff: 0.7, Sum: 12.6]
         [Processed Buffers: Min: 0, Avg: 2.1, Max: 7, Diff: 7, Sum: 91]
      [Scan RS (ms): Min: 0.0, Avg: 0.0, Max: 0.0, Diff: 0.0, Sum: 0.5]
      [Code Root Scanning (ms): Min: 0.0, Avg: 0.0, Max: 0.0, Diff: 0.0, Sum: 0.0]
      [Object Copy (ms): Min: 0.0, Avg: 3.5, Max: 3.9, Diff: 3.9, Sum: 150.5]
      [Termination (ms): Min: 0.0, Avg: 6.7, Max: 6.9, Diff: 6.9, Sum: 286.0]
         [Termination Attempts: Min: 1, Avg: 1.0, Max: 1, Diff: 0, Sum: 43]
      [GC Worker Other (ms): Min: 0.0, Avg: 0.0, Max: 0.2, Diff: 0.2, Sum: 2.1]
      [GC Worker Total (ms): Min: 9.6, Avg: 11.6, Max: 13.4, Diff: 3.8, Sum: 497.4]
      [GC Worker End (ms): Min: 472214525.9, Avg: 472214526.1, Max: 472214526.1, Diff: 0.2]
   [Code Root Fixup: 0.0 ms]
   [Code Root Purge: 0.0 ms]
   [Clear CT: 5.2 ms]
   [Other: 12.3 ms]
      [Choose CSet: 0.0 ms]
      [Ref Proc: 4.1 ms]
      [Ref Enq: 0.0 ms]
      [Redirty Cards: 5.1 ms]
      [Humongous Register: 2.1 ms]
      [Humongous Reclaim: 0.0 ms]
      [Free CSet: 0.2 ms]
   [Eden: 47104.0K(47104.0K)->0.0B(47104.0K) Survivors: 5120.0K->5120.0K Heap: 240.6M(1024.0M)->195.3M(1024.0M)]
 [Times: user=0.55 sys=0.00, real=0.03 secs] 
2023-06-19T03:40:20.143+0000: 473239.769: [GC pause (G1 Evacuation Pause) (young), 0.0252454 secs]
   [Parallel Time: 9.5 ms, GC Workers: 43]
      [GC Worker Start (ms): Min: 473239769.2, Avg: 473239770.5, Max: 473239771.7, Diff: 2.5]
      [Ext Root Scanning (ms): Min: 0.0, Avg: 0.7, Max: 6.6, Diff: 6.6, Sum: 30.6]
      [Update RS (ms): Min: 0.0, Avg: 0.2, Max: 0.4, Diff: 0.4, Sum: 9.3]
         [Processed Buffers: Min: 0, Avg: 1.9, Max: 5, Diff: 5, Sum: 83]
      [Scan RS (ms): Min: 0.0, Avg: 0.0, Max: 0.0, Diff: 0.0, Sum: 0.6]
      [Code Root Scanning (ms): Min: 0.0, Avg: 0.0, Max: 0.0, Diff: 0.0, Sum: 0.0]
      [Object Copy (ms): Min: 0.0, Avg: 3.9, Max: 4.1, Diff: 4.1, Sum: 167.1]
      [Termination (ms): Min: 0.0, Avg: 0.6, Max: 0.6, Diff: 0.6, Sum: 25.9]
         [Termination Attempts: Min: 1, Avg: 1.0, Max: 1, Diff: 0, Sum: 43]
      [GC Worker Other (ms): Min: 0.0, Avg: 0.0, Max: 0.2, Diff: 0.2, Sum: 1.5]
      [GC Worker Total (ms): Min: 4.3, Avg: 5.5, Max: 6.8, Diff: 2.5, Sum: 235.0]
      [GC Worker End (ms): Min: 473239775.9, Avg: 473239776.0, Max: 473239776.1, Diff: 0.2]
   [Code Root Fixup: 0.0 ms]
   [Code Root Purge: 0.0 ms]
   [Clear CT: 6.0 ms]
   [Other: 9.7 ms]
      [Choose CSet: 0.0 ms]
      [Ref Proc: 4.2 ms]
      [Ref Enq: 0.0 ms]
      [Redirty Cards: 4.9 ms]
      [Humongous Register: 0.1 ms]
      [Humongous Reclaim: 0.0 ms]
      [Free CSet: 0.1 ms]
   [Eden: 47104.0K(47104.0K)->0.0B(47104.0K) Survivors: 5120.0K->5120.0K Heap: 241.3M(1024.0M)->194.9M(1024.0M)]
 [Times: user=0.29 sys=0.00, real=0.02 secs] 
2023-06-19T03:57:25.899+0000: 474265.524: [GC pause (G1 Evacuation Pause) (young), 0.0265981 secs]
   [Parallel Time: 8.2 ms, GC Workers: 43]
      [GC Worker Start (ms): Min: 474265527.0, Avg: 474265529.1, Max: 474265534.1, Diff: 7.0]
      [Ext Root Scanning (ms): Min: 0.0, Avg: 0.6, Max: 2.5, Diff: 2.5, Sum: 26.5]
      [Update RS (ms): Min: 0.0, Avg: 0.2, Max: 0.6, Diff: 0.6, Sum: 9.4]
         [Processed Buffers: Min: 0, Avg: 2.1, Max: 8, Diff: 8, Sum: 89]
      [Scan RS (ms): Min: 0.0, Avg: 0.0, Max: 0.0, Diff: 0.0, Sum: 0.5]
      [Code Root Scanning (ms): Min: 0.0, Avg: 0.0, Max: 0.0, Diff: 0.0, Sum: 0.0]
      [Object Copy (ms): Min: 0.0, Avg: 3.2, Max: 3.6, Diff: 3.6, Sum: 138.7]
      [Termination (ms): Min: 0.0, Avg: 0.9, Max: 1.0, Diff: 1.0, Sum: 37.8]
         [Termination Attempts: Min: 1, Avg: 1.0, Max: 1, Diff: 0, Sum: 43]
      [GC Worker Other (ms): Min: 0.0, Avg: 0.1, Max: 0.2, Diff: 0.2, Sum: 3.2]
      [GC Worker Total (ms): Min: 0.1, Avg: 5.0, Max: 7.1, Diff: 7.1, Sum: 216.2]
      [GC Worker End (ms): Min: 474265534.1, Avg: 474265534.1, Max: 474265534.3, Diff: 0.2]
   [Code Root Fixup: 0.0 ms]
   [Code Root Purge: 0.0 ms]
   [Clear CT: 5.0 ms]
   [Other: 13.4 ms]
      [Choose CSet: 0.0 ms]
      [Ref Proc: 5.4 ms]
      [Ref Enq: 0.0 ms]
      [Redirty Cards: 5.1 ms]
      [Humongous Register: 2.1 ms]
      [Humongous Reclaim: 0.0 ms]
      [Free CSet: 0.2 ms]
   [Eden: 47104.0K(47104.0K)->0.0B(47104.0K) Survivors: 5120.0K->5120.0K Heap: 240.9M(1024.0M)->195.0M(1024.0M)]
 [Times: user=0.33 sys=0.00, real=0.03 secs] 
2023-06-19T04:13:19.581+0000: 475219.206: [GC pause (G1 Evacuation Pause) (young), 0.0226912 secs]
   [Parallel Time: 7.5 ms, GC Workers: 43]
      [GC Worker Start (ms): Min: 475219206.5, Avg: 475219207.9, Max: 475219209.1, Diff: 2.6]
      [Ext Root Scanning (ms): Min: 0.0, Avg: 0.5, Max: 1.7, Diff: 1.7, Sum: 21.0]
      [Update RS (ms): Min: 0.0, Avg: 0.2, Max: 0.5, Diff: 0.5, Sum: 7.2]
         [Processed Buffers: Min: 0, Avg: 2.0, Max: 8, Diff: 8, Sum: 85]
      [Scan RS (ms): Min: 0.0, Avg: 0.0, Max: 0.0, Diff: 0.0, Sum: 0.6]
      [Code Root Scanning (ms): Min: 0.0, Avg: 0.0, Max: 0.0, Diff: 0.0, Sum: 0.0]
      [Object Copy (ms): Min: 2.8, Avg: 3.3, Max: 3.5, Diff: 0.7, Sum: 140.0]
      [Termination (ms): Min: 0.0, Avg: 0.1, Max: 0.1, Diff: 0.1, Sum: 2.4]
         [Termination Attempts: Min: 1, Avg: 1.0, Max: 1, Diff: 0, Sum: 43]
      [GC Worker Other (ms): Min: 0.0, Avg: 0.2, Max: 0.5, Diff: 0.5, Sum: 6.6]
      [GC Worker Total (ms): Min: 2.9, Avg: 4.1, Max: 5.7, Diff: 2.8, Sum: 177.8]
      [GC Worker End (ms): Min: 475219211.9, Avg: 475219212.0, Max: 475219212.3, Diff: 0.3]
   [Code Root Fixup: 0.0 ms]
   [Code Root Purge: 0.0 ms]
   [Clear CT: 6.1 ms]
   [Other: 9.1 ms]
      [Choose CSet: 0.0 ms]
      [Ref Proc: 3.0 ms]
      [Ref Enq: 0.0 ms]
      [Redirty Cards: 5.5 ms]
      [Humongous Register: 0.1 ms]
      [Humongous Reclaim: 0.0 ms]
      [Free CSet: 0.1 ms]
   [Eden: 47104.0K(47104.0K)->0.0B(47104.0K) Survivors: 5120.0K->5120.0K Heap: 241.0M(1024.0M)->194.8M(1024.0M)]
 [Times: user=0.23 sys=0.00, real=0.03 secs] 
2023-06-19T04:30:23.589+0000: 476243.215: [GC pause (G1 Evacuation Pause) (young), 0.0229628 secs]
   [Parallel Time: 8.4 ms, GC Workers: 43]
      [GC Worker Start (ms): Min: 476243215.7, Avg: 476243217.1, Max: 476243218.3, Diff: 2.6]
      [Ext Root Scanning (ms): Min: 0.4, Avg: 1.6, Max: 6.5, Diff: 6.2, Sum: 69.2]
      [Update RS (ms): Min: 0.0, Avg: 0.4, Max: 0.7, Diff: 0.7, Sum: 18.4]
         [Processed Buffers: Min: 0, Avg: 2.1, Max: 5, Diff: 5, Sum: 89]
      [Scan RS (ms): Min: 0.0, Avg: 0.0, Max: 0.0, Diff: 0.0, Sum: 0.5]
      [Code Root Scanning (ms): Min: 0.0, Avg: 0.0, Max: 0.0, Diff: 0.0, Sum: 0.0]
      [Object Copy (ms): Min: 0.4, Avg: 3.4, Max: 3.6, Diff: 3.1, Sum: 145.4]
      [Termination (ms): Min: 0.0, Avg: 0.1, Max: 0.2, Diff: 0.2, Sum: 4.9]
         [Termination Attempts: Min: 1, Avg: 1.1, Max: 2, Diff: 1, Sum: 48]
      [GC Worker Other (ms): Min: 0.0, Avg: 0.1, Max: 0.3, Diff: 0.3, Sum: 4.9]
      [GC Worker Total (ms): Min: 4.5, Avg: 5.7, Max: 7.1, Diff: 2.6, Sum: 243.3]
      [GC Worker End (ms): Min: 476243222.7, Avg: 476243222.8, Max: 476243223.0, Diff: 0.3]
   [Code Root Fixup: 0.0 ms]
   [Code Root Purge: 0.0 ms]
   [Clear CT: 4.8 ms]
   [Other: 9.7 ms]
      [Choose CSet: 0.0 ms]
      [Ref Proc: 3.9 ms]
      [Ref Enq: 0.0 ms]
      [Redirty Cards: 4.8 ms]
      [Humongous Register: 0.3 ms]
      [Humongous Reclaim: 0.0 ms]
      [Free CSet: 0.2 ms]
   [Eden: 47104.0K(47104.0K)->0.0B(47104.0K) Survivors: 5120.0K->5120.0K Heap: 240.8M(1024.0M)->194.9M(1024.0M)]
 [Times: user=0.14 sys=0.15, real=0.02 secs] 
2023-06-19T04:47:28.744+0000: 477268.369: [GC pause (G1 Evacuation Pause) (young), 0.0271301 secs]
   [Parallel Time: 8.7 ms, GC Workers: 43]
      [GC Worker Start (ms): Min: 477268371.6, Avg: 477268373.5, Max: 477268375.2, Diff: 3.6]
      [Ext Root Scanning (ms): Min: 0.0, Avg: 0.5, Max: 2.0, Diff: 2.0, Sum: 21.7]
      [Update RS (ms): Min: 0.0, Avg: 0.2, Max: 0.5, Diff: 0.5, Sum: 6.8]
         [Processed Buffers: Min: 0, Avg: 2.0, Max: 7, Diff: 7, Sum: 88]
      [Scan RS (ms): Min: 0.0, Avg: 0.0, Max: 0.0, Diff: 0.0, Sum: 0.5]
      [Code Root Scanning (ms): Min: 0.0, Avg: 0.0, Max: 0.0, Diff: 0.0, Sum: 0.0]
      [Object Copy (ms): Min: 2.5, Avg: 3.5, Max: 3.8, Diff: 1.4, Sum: 151.3]
      [Termination (ms): Min: 0.0, Avg: 0.9, Max: 1.2, Diff: 1.2, Sum: 40.7]
         [Termination Attempts: Min: 1, Avg: 1.0, Max: 1, Diff: 0, Sum: 43]
      [GC Worker Other (ms): Min: 0.0, Avg: 0.1, Max: 0.2, Diff: 0.1, Sum: 2.3]
      [GC Worker Total (ms): Min: 3.4, Avg: 5.2, Max: 7.0, Diff: 3.6, Sum: 223.4]
      [GC Worker End (ms): Min: 477268378.6, Avg: 477268378.7, Max: 477268378.8, Diff: 0.2]
   [Code Root Fixup: 0.0 ms]
   [Code Root Purge: 0.0 ms]
   [Clear CT: 5.2 ms]
   [Other: 13.2 ms]
      [Choose CSet: 0.0 ms]
      [Ref Proc: 5.4 ms]
      [Ref Enq: 0.0 ms]
      [Redirty Cards: 4.9 ms]
      [Humongous Register: 1.8 ms]
      [Humongous Reclaim: 0.0 ms]
      [Free CSet: 0.1 ms]
   [Eden: 47104.0K(47104.0K)->0.0B(47104.0K) Survivors: 5120.0K->5120.0K Heap: 240.9M(1024.0M)->195.2M(1024.0M)]
 [Times: user=0.28 sys=0.00, real=0.03 secs] 
2023-06-19T05:04:32.591+0000: 478292.216: [GC pause (G1 Evacuation Pause) (young), 0.0258094 secs]
   [Parallel Time: 9.7 ms, GC Workers: 43]
      [GC Worker Start (ms): Min: 478292216.6, Avg: 478292218.0, Max: 478292219.2, Diff: 2.6]
      [Ext Root Scanning (ms): Min: 0.0, Avg: 0.5, Max: 1.7, Diff: 1.7, Sum: 22.1]
      [Update RS (ms): Min: 0.0, Avg: 0.2, Max: 0.5, Diff: 0.5, Sum: 7.0]
         [Processed Buffers: Min: 0, Avg: 1.9, Max: 6, Diff: 6, Sum: 83]
      [Scan RS (ms): Min: 0.0, Avg: 0.0, Max: 0.1, Diff: 0.1, Sum: 0.9]
      [Code Root Scanning (ms): Min: 0.0, Avg: 0.0, Max: 0.0, Diff: 0.0, Sum: 0.0]
      [Object Copy (ms): Min: 3.7, Avg: 4.2, Max: 4.4, Diff: 0.7, Sum: 181.3]
      [Termination (ms): Min: 0.0, Avg: 0.1, Max: 0.1, Diff: 0.1, Sum: 2.5]
         [Termination Attempts: Min: 1, Avg: 1.1, Max: 2, Diff: 1, Sum: 49]
      [GC Worker Other (ms): Min: 0.0, Avg: 0.1, Max: 0.3, Diff: 0.3, Sum: 4.4]
      [GC Worker Total (ms): Min: 3.8, Avg: 5.1, Max: 6.5, Diff: 2.7, Sum: 218.3]
      [GC Worker End (ms): Min: 478292223.0, Avg: 478292223.1, Max: 478292223.3, Diff: 0.3]
   [Code Root Fixup: 0.0 ms]
   [Code Root Purge: 0.0 ms]
   [Clear CT: 5.5 ms]
   [Other: 10.5 ms]
      [Choose CSet: 0.0 ms]
      [Ref Proc: 4.5 ms]
      [Ref Enq: 0.0 ms]
      [Redirty Cards: 5.4 ms]
      [Humongous Register: 0.1 ms]
      [Humongous Reclaim: 0.0 ms]
      [Free CSet: 0.1 ms]
   [Eden: 47104.0K(47104.0K)->0.0B(47104.0K) Survivors: 5120.0K->5120.0K Heap: 241.2M(1024.0M)->195.1M(1024.0M)]
 [Times: user=0.27 sys=0.00, real=0.02 secs] 
2023-06-19T05:20:27.591+0000: 479247.216: [GC pause (G1 Evacuation Pause) (young), 0.0241307 secs]
   [Parallel Time: 9.5 ms, GC Workers: 43]
      [GC Worker Start (ms): Min: 479247217.0, Avg: 479247218.4, Max: 479247219.4, Diff: 2.4]
      [Ext Root Scanning (ms): Min: 0.1, Avg: 1.2, Max: 7.3, Diff: 7.2, Sum: 52.8]
      [Update RS (ms): Min: 0.0, Avg: 0.4, Max: 0.8, Diff: 0.8, Sum: 18.6]
         [Processed Buffers: Min: 0, Avg: 2.1, Max: 7, Diff: 7, Sum: 90]
      [Scan RS (ms): Min: 0.0, Avg: 0.0, Max: 0.0, Diff: 0.0, Sum: 0.6]
      [Code Root Scanning (ms): Min: 0.0, Avg: 0.0, Max: 0.0, Diff: 0.0, Sum: 0.0]
      [Object Copy (ms): Min: 0.0, Avg: 3.0, Max: 3.3, Diff: 3.3, Sum: 130.0]
      [Termination (ms): Min: 0.0, Avg: 1.3, Max: 1.4, Diff: 1.4, Sum: 53.9]
         [Termination Attempts: Min: 1, Avg: 1.0, Max: 1, Diff: 0, Sum: 43]
      [GC Worker Other (ms): Min: 0.0, Avg: 0.0, Max: 0.2, Diff: 0.2, Sum: 2.0]
      [GC Worker Total (ms): Min: 5.0, Avg: 6.0, Max: 7.3, Diff: 2.3, Sum: 257.8]
      [GC Worker End (ms): Min: 479247224.3, Avg: 479247224.4, Max: 479247224.4, Diff: 0.1]
   [Code Root Fixup: 0.0 ms]
   [Code Root Purge: 0.0 ms]
   [Clear CT: 5.5 ms]
   [Other: 9.2 ms]
      [Choose CSet: 0.0 ms]
      [Ref Proc: 2.9 ms]
      [Ref Enq: 0.0 ms]
      [Redirty Cards: 5.0 ms]
      [Humongous Register: 0.3 ms]
      [Humongous Reclaim: 0.0 ms]
      [Free CSet: 0.4 ms]
   [Eden: 47104.0K(47104.0K)->0.0B(47104.0K) Survivors: 5120.0K->5120.0K Heap: 241.1M(1024.0M)->195.0M(1024.0M)]
 [Times: user=0.29 sys=0.01, real=0.02 secs] 
2023-06-19T05:37:33.692+0000: 480273.318: [GC pause (G1 Evacuation Pause) (young), 0.0262523 secs]
   [Parallel Time: 9.8 ms, GC Workers: 43]
      [GC Worker Start (ms): Min: 480273320.0, Avg: 480273322.2, Max: 480273324.1, Diff: 4.1]
      [Ext Root Scanning (ms): Min: 0.0, Avg: 0.5, Max: 3.1, Diff: 3.0, Sum: 22.9]
      [Update RS (ms): Min: 0.0, Avg: 0.1, Max: 0.5, Diff: 0.5, Sum: 5.3]
         [Processed Buffers: Min: 0, Avg: 2.1, Max: 7, Diff: 7, Sum: 89]
      [Scan RS (ms): Min: 0.0, Avg: 0.0, Max: 0.0, Diff: 0.0, Sum: 0.5]
      [Code Root Scanning (ms): Min: 0.0, Avg: 0.0, Max: 0.0, Diff: 0.0, Sum: 0.0]
      [Object Copy (ms): Min: 2.0, Avg: 3.3, Max: 3.9, Diff: 1.8, Sum: 141.4]
      [Termination (ms): Min: 0.0, Avg: 0.1, Max: 0.1, Diff: 0.1, Sum: 2.6]
         [Termination Attempts: Min: 1, Avg: 1.0, Max: 1, Diff: 0, Sum: 43]
      [GC Worker Other (ms): Min: 0.0, Avg: 0.1, Max: 0.4, Diff: 0.4, Sum: 5.3]
      [GC Worker Total (ms): Min: 2.2, Avg: 4.1, Max: 6.4, Diff: 4.1, Sum: 178.1]
      [GC Worker End (ms): Min: 480273326.2, Avg: 480273326.3, Max: 480273326.5, Diff: 0.3]
   [Code Root Fixup: 0.0 ms]
   [Code Root Purge: 0.0 ms]
   [Clear CT: 5.1 ms]
   [Other: 11.4 ms]
      [Choose CSet: 0.0 ms]
      [Ref Proc: 3.5 ms]
      [Ref Enq: 0.0 ms]
      [Redirty Cards: 5.3 ms]
      [Humongous Register: 1.8 ms]
      [Humongous Reclaim: 0.0 ms]
      [Free CSet: 0.1 ms]
   [Eden: 47104.0K(47104.0K)->0.0B(47104.0K) Survivors: 5120.0K->5120.0K Heap: 241.0M(1024.0M)->195.1M(1024.0M)]
 [Times: user=0.21 sys=0.03, real=0.02 secs] 
2023-06-19T05:54:41.511+0000: 481301.137: [GC pause (G1 Evacuation Pause) (young), 0.0194220 secs]
   [Parallel Time: 7.3 ms, GC Workers: 43]
      [GC Worker Start (ms): Min: 481301137.4, Avg: 481301138.8, Max: 481301140.0, Diff: 2.6]
      [Ext Root Scanning (ms): Min: 0.0, Avg: 0.7, Max: 5.7, Diff: 5.7, Sum: 31.0]
      [Update RS (ms): Min: 0.0, Avg: 0.2, Max: 0.4, Diff: 0.4, Sum: 8.0]
         [Processed Buffers: Min: 0, Avg: 1.8, Max: 5, Diff: 5, Sum: 76]
      [Scan RS (ms): Min: 0.0, Avg: 0.0, Max: 0.0, Diff: 0.0, Sum: 0.7]
      [Code Root Scanning (ms): Min: 0.0, Avg: 0.0, Max: 0.0, Diff: 0.0, Sum: 0.0]
      [Object Copy (ms): Min: 0.4, Avg: 3.7, Max: 3.9, Diff: 3.5, Sum: 158.1]
      [Termination (ms): Min: 0.0, Avg: 0.1, Max: 0.1, Diff: 0.1, Sum: 3.3]
         [Termination Attempts: Min: 1, Avg: 1.0, Max: 1, Diff: 0, Sum: 43]
      [GC Worker Other (ms): Min: 0.0, Avg: 0.1, Max: 0.4, Diff: 0.3, Sum: 6.2]
      [GC Worker Total (ms): Min: 3.6, Avg: 4.8, Max: 6.4, Diff: 2.8, Sum: 207.3]
      [GC Worker End (ms): Min: 481301143.5, Avg: 481301143.6, Max: 481301143.9, Diff: 0.4]
   [Code Root Fixup: 0.0 ms]
   [Code Root Purge: 0.0 ms]
   [Clear CT: 4.1 ms]
   [Other: 8.0 ms]
      [Choose CSet: 0.0 ms]
      [Ref Proc: 3.1 ms]
      [Ref Enq: 0.0 ms]
      [Redirty Cards: 4.2 ms]
      [Humongous Register: 0.1 ms]
      [Humongous Reclaim: 0.0 ms]
      [Free CSet: 0.1 ms]
   [Eden: 47104.0K(47104.0K)->0.0B(47104.0K) Survivors: 5120.0K->5120.0K Heap: 241.1M(1024.0M)->195.0M(1024.0M)]
 [Times: user=0.25 sys=0.00, real=0.02 secs] 
2023-06-19T06:10:57.310+0000: 482276.935: [GC pause (G1 Evacuation Pause) (young), 0.0272867 secs]
   [Parallel Time: 9.3 ms, GC Workers: 43]
      [GC Worker Start (ms): Min: 482276938.1, Avg: 482276940.2, Max: 482276945.8, Diff: 7.8]
      [Ext Root Scanning (ms): Min: 0.0, Avg: 1.0, Max: 6.1, Diff: 6.1, Sum: 41.0]
      [Update RS (ms): Min: 0.0, Avg: 0.3, Max: 0.7, Diff: 0.7, Sum: 13.2]
         [Processed Buffers: Min: 0, Avg: 2.1, Max: 7, Diff: 7, Sum: 90]
      [Scan RS (ms): Min: 0.0, Avg: 0.0, Max: 0.0, Diff: 0.0, Sum: 0.5]
      [Code Root Scanning (ms): Min: 0.0, Avg: 0.0, Max: 0.0, Diff: 0.0, Sum: 0.0]
      [Object Copy (ms): Min: 0.0, Avg: 3.5, Max: 3.8, Diff: 3.8, Sum: 148.8]
      [Termination (ms): Min: 0.0, Avg: 0.9, Max: 1.0, Diff: 1.0, Sum: 38.4]
         [Termination Attempts: Min: 1, Avg: 1.0, Max: 1, Diff: 0, Sum: 43]
      [GC Worker Other (ms): Min: 0.0, Avg: 0.1, Max: 0.4, Diff: 0.3, Sum: 3.5]
      [GC Worker Total (ms): Min: 0.1, Avg: 5.7, Max: 7.8, Diff: 7.8, Sum: 245.4]
      [GC Worker End (ms): Min: 482276945.9, Avg: 482276945.9, Max: 482276946.1, Diff: 0.2]
   [Code Root Fixup: 0.0 ms]
   [Code Root Purge: 0.0 ms]
   [Clear CT: 5.1 ms]
   [Other: 12.9 ms]
      [Choose CSet: 0.0 ms]
      [Ref Proc: 4.5 ms]
      [Ref Enq: 0.0 ms]
      [Redirty Cards: 5.1 ms]
      [Humongous Register: 2.1 ms]
      [Humongous Reclaim: 0.0 ms]
      [Free CSet: 0.2 ms]
   [Eden: 47104.0K(47104.0K)->0.0B(47104.0K) Survivors: 5120.0K->5120.0K Heap: 241.0M(1024.0M)->195.2M(1024.0M)]
 [Times: user=0.26 sys=0.05, real=0.02 secs] 
2023-06-19T06:27:37.704+0000: 483277.330: [GC pause (G1 Evacuation Pause) (young), 0.0229930 secs]
   [Parallel Time: 9.6 ms, GC Workers: 43]
      [GC Worker Start (ms): Min: 483277330.0, Avg: 483277331.4, Max: 483277332.5, Diff: 2.4]
      [Ext Root Scanning (ms): Min: 0.0, Avg: 0.6, Max: 2.0, Diff: 2.0, Sum: 23.9]
      [Update RS (ms): Min: 0.0, Avg: 0.2, Max: 0.4, Diff: 0.4, Sum: 7.3]
         [Processed Buffers: Min: 0, Avg: 2.0, Max: 6, Diff: 6, Sum: 86]
      [Scan RS (ms): Min: 0.0, Avg: 0.0, Max: 0.0, Diff: 0.0, Sum: 0.5]
      [Code Root Scanning (ms): Min: 0.0, Avg: 0.0, Max: 0.0, Diff: 0.0, Sum: 0.0]
      [Object Copy (ms): Min: 5.3, Avg: 5.7, Max: 5.9, Diff: 0.6, Sum: 244.7]
      [Termination (ms): Min: 0.0, Avg: 0.1, Max: 0.1, Diff: 0.1, Sum: 2.5]
         [Termination Attempts: Min: 1, Avg: 1.8, Max: 5, Diff: 4, Sum: 78]
      [GC Worker Other (ms): Min: 0.0, Avg: 0.2, Max: 0.5, Diff: 0.4, Sum: 6.6]
      [GC Worker Total (ms): Min: 5.5, Avg: 6.6, Max: 8.0, Diff: 2.5, Sum: 285.4]
      [GC Worker End (ms): Min: 483277337.9, Avg: 483277338.0, Max: 483277338.2, Diff: 0.3]
   [Code Root Fixup: 0.0 ms]
   [Code Root Purge: 0.0 ms]
   [Clear CT: 5.0 ms]
   [Other: 8.4 ms]
      [Choose CSet: 0.0 ms]
      [Ref Proc: 2.6 ms]
      [Ref Enq: 0.0 ms]
      [Redirty Cards: 5.1 ms]
      [Humongous Register: 0.1 ms]
      [Humongous Reclaim: 0.0 ms]
      [Free CSet: 0.1 ms]
   [Eden: 47104.0K(47104.0K)->0.0B(47104.0K) Survivors: 5120.0K->5120.0K Heap: 241.2M(1024.0M)->194.9M(1024.0M)]
 [Times: user=0.30 sys=0.04, real=0.02 secs] 
2023-06-19T06:44:45.926+0000: 484305.551: [GC pause (G1 Evacuation Pause) (young), 0.0308398 secs]
   [Parallel Time: 15.5 ms, GC Workers: 43]
      [GC Worker Start (ms): Min: 484305551.6, Avg: 484305552.9, Max: 484305554.0, Diff: 2.4]
      [Ext Root Scanning (ms): Min: 0.0, Avg: 0.9, Max: 13.4, Diff: 13.4, Sum: 39.8]
      [Update RS (ms): Min: 0.0, Avg: 0.3, Max: 0.6, Diff: 0.6, Sum: 12.2]
         [Processed Buffers: Min: 0, Avg: 2.1, Max: 8, Diff: 8, Sum: 90]
      [Scan RS (ms): Min: 0.0, Avg: 0.0, Max: 0.0, Diff: 0.0, Sum: 0.4]
      [Code Root Scanning (ms): Min: 0.0, Avg: 0.0, Max: 0.0, Diff: 0.0, Sum: 0.0]
      [Object Copy (ms): Min: 0.0, Avg: 3.8, Max: 4.6, Diff: 4.6, Sum: 165.5]
      [Termination (ms): Min: 0.0, Avg: 7.1, Max: 7.5, Diff: 7.5, Sum: 305.9]
         [Termination Attempts: Min: 1, Avg: 1.0, Max: 1, Diff: 0, Sum: 43]
      [GC Worker Other (ms): Min: 0.0, Avg: 0.0, Max: 0.2, Diff: 0.2, Sum: 1.1]
      [GC Worker Total (ms): Min: 11.2, Avg: 12.2, Max: 13.4, Diff: 2.3, Sum: 524.9]
      [GC Worker End (ms): Min: 484305565.1, Avg: 484305565.1, Max: 484305565.3, Diff: 0.2]
   [Code Root Fixup: 0.0 ms]
   [Code Root Purge: 0.0 ms]
   [Clear CT: 5.5 ms]
   [Other: 9.8 ms]
      [Choose CSet: 0.0 ms]
      [Ref Proc: 4.6 ms]
      [Ref Enq: 0.0 ms]
      [Redirty Cards: 4.5 ms]
      [Humongous Register: 0.1 ms]
      [Humongous Reclaim: 0.0 ms]
      [Free CSet: 0.2 ms]
   [Eden: 47104.0K(47104.0K)->0.0B(47104.0K) Survivors: 5120.0K->5120.0K Heap: 240.9M(1024.0M)->195.3M(1024.0M)]
 [Times: user=0.58 sys=0.00, real=0.03 secs] 
2023-06-19T07:01:52.591+0000: 485332.216: [GC pause (G1 Evacuation Pause) (young), 0.0261054 secs]
   [Parallel Time: 8.8 ms, GC Workers: 43]
      [GC Worker Start (ms): Min: 485332219.0, Avg: 485332220.9, Max: 485332222.9, Diff: 3.9]
      [Ext Root Scanning (ms): Min: 0.0, Avg: 0.7, Max: 2.8, Diff: 2.8, Sum: 29.5]
      [Update RS (ms): Min: 0.0, Avg: 0.3, Max: 0.7, Diff: 0.7, Sum: 12.2]
         [Processed Buffers: Min: 0, Avg: 2.0, Max: 9, Diff: 9, Sum: 88]
      [Scan RS (ms): Min: 0.0, Avg: 0.0, Max: 0.0, Diff: 0.0, Sum: 0.5]
      [Code Root Scanning (ms): Min: 0.0, Avg: 0.0, Max: 0.0, Diff: 0.0, Sum: 0.0]
      [Object Copy (ms): Min: 2.6, Avg: 3.7, Max: 4.0, Diff: 1.4, Sum: 157.1]
      [Termination (ms): Min: 0.0, Avg: 0.1, Max: 0.1, Diff: 0.1, Sum: 3.1]
         [Termination Attempts: Min: 1, Avg: 1.0, Max: 1, Diff: 0, Sum: 43]
      [GC Worker Other (ms): Min: 0.0, Avg: 0.1, Max: 0.3, Diff: 0.3, Sum: 4.8]
      [GC Worker Total (ms): Min: 2.8, Avg: 4.8, Max: 6.7, Diff: 3.9, Sum: 207.0]
      [GC Worker End (ms): Min: 485332225.6, Avg: 485332225.7, Max: 485332225.9, Diff: 0.3]
   [Code Root Fixup: 0.0 ms]
   [Code Root Purge: 0.0 ms]
   [Clear CT: 5.2 ms]
   [Other: 12.1 ms]
      [Choose CSet: 0.0 ms]
      [Ref Proc: 3.7 ms]
      [Ref Enq: 0.0 ms]
      [Redirty Cards: 5.2 ms]
      [Humongous Register: 2.1 ms]
      [Humongous Reclaim: 0.0 ms]
      [Free CSet: 0.3 ms]
   [Eden: 47104.0K(47104.0K)->0.0B(47104.0K) Survivors: 5120.0K->5120.0K Heap: 241.3M(1024.0M)->195.0M(1024.0M)]
 [Times: user=0.25 sys=0.01, real=0.02 secs] 
2023-06-19T07:17:47.591+0000: 486287.216: [GC pause (G1 Evacuation Pause) (young), 0.0230765 secs]
   [Parallel Time: 7.2 ms, GC Workers: 43]
      [GC Worker Start (ms): Min: 486287216.5, Avg: 486287217.9, Max: 486287219.0, Diff: 2.5]
      [Ext Root Scanning (ms): Min: 0.0, Avg: 0.5, Max: 1.9, Diff: 1.9, Sum: 21.8]
      [Update RS (ms): Min: 0.0, Avg: 0.2, Max: 0.5, Diff: 0.5, Sum: 7.2]
         [Processed Buffers: Min: 0, Avg: 2.0, Max: 7, Diff: 7, Sum: 85]
      [Scan RS (ms): Min: 0.0, Avg: 0.0, Max: 0.1, Diff: 0.1, Sum: 1.0]
      [Code Root Scanning (ms): Min: 0.0, Avg: 0.0, Max: 0.0, Diff: 0.0, Sum: 0.0]
      [Object Copy (ms): Min: 2.9, Avg: 3.3, Max: 3.5, Diff: 0.6, Sum: 142.2]
      [Termination (ms): Min: 0.0, Avg: 0.1, Max: 0.1, Diff: 0.1, Sum: 2.4]
         [Termination Attempts: Min: 1, Avg: 1.0, Max: 1, Diff: 0, Sum: 43]
      [GC Worker Other (ms): Min: 0.0, Avg: 0.1, Max: 0.3, Diff: 0.3, Sum: 4.6]
      [GC Worker Total (ms): Min: 3.1, Avg: 4.2, Max: 5.6, Diff: 2.5, Sum: 179.2]
      [GC Worker End (ms): Min: 486287222.0, Avg: 486287222.1, Max: 486287222.3, Diff: 0.3]
   [Code Root Fixup: 0.0 ms]
   [Code Root Purge: 0.0 ms]
   [Clear CT: 5.5 ms]
   [Other: 10.3 ms]
      [Choose CSet: 0.0 ms]
      [Ref Proc: 4.1 ms]
      [Ref Enq: 0.0 ms]
      [Redirty Cards: 5.6 ms]
      [Humongous Register: 0.1 ms]
      [Humongous Reclaim: 0.0 ms]
      [Free CSet: 0.1 ms]
   [Eden: 47104.0K(47104.0K)->0.0B(47104.0K) Survivors: 5120.0K->5120.0K Heap: 241.0M(1024.0M)->194.9M(1024.0M)]
 [Times: user=0.17 sys=0.05, real=0.02 secs] 
2023-06-19T07:34:55.509+0000: 487315.134: [GC pause (G1 Evacuation Pause) (young), 0.0306581 secs]
   [Parallel Time: 13.4 ms, GC Workers: 43]
      [GC Worker Start (ms): Min: 487315136.8, Avg: 487315138.8, Max: 487315140.6, Diff: 3.8]
      [Ext Root Scanning (ms): Min: 0.0, Avg: 1.0, Max: 10.2, Diff: 10.2, Sum: 43.9]
      [Update RS (ms): Min: 0.0, Avg: 0.3, Max: 0.8, Diff: 0.8, Sum: 15.0]
         [Processed Buffers: Min: 0, Avg: 2.1, Max: 8, Diff: 8, Sum: 90]
      [Scan RS (ms): Min: 0.0, Avg: 0.0, Max: 0.0, Diff: 0.0, Sum: 0.5]
      [Code Root Scanning (ms): Min: 0.0, Avg: 0.0, Max: 0.0, Diff: 0.0, Sum: 0.0]
      [Object Copy (ms): Min: 0.0, Avg: 3.5, Max: 3.8, Diff: 3.8, Sum: 149.0]
      [Termination (ms): Min: 0.0, Avg: 3.5, Max: 3.6, Diff: 3.6, Sum: 150.0]
         [Termination Attempts: Min: 1, Avg: 1.0, Max: 1, Diff: 0, Sum: 43]
      [GC Worker Other (ms): Min: 0.0, Avg: 0.1, Max: 0.2, Diff: 0.2, Sum: 2.3]
      [GC Worker Total (ms): Min: 6.6, Avg: 8.4, Max: 10.3, Diff: 3.7, Sum: 360.9]
      [GC Worker End (ms): Min: 487315147.1, Avg: 487315147.2, Max: 487315147.2, Diff: 0.1]
   [Code Root Fixup: 0.0 ms]
   [Code Root Purge: 0.0 ms]
   [Clear CT: 5.2 ms]
   [Other: 12.0 ms]
      [Choose CSet: 0.0 ms]
      [Ref Proc: 3.5 ms]
      [Ref Enq: 0.0 ms]
      [Redirty Cards: 5.4 ms]
      [Humongous Register: 2.1 ms]
      [Humongous Reclaim: 0.0 ms]
      [Free CSet: 0.2 ms]
   [Eden: 47104.0K(47104.0K)->0.0B(47104.0K) Survivors: 5120.0K->5120.0K Heap: 240.9M(1024.0M)->194.8M(1024.0M)]
 [Times: user=0.41 sys=0.00, real=0.03 secs] 
2023-06-19T07:52:02.032+0000: 488341.658: [GC pause (G1 Evacuation Pause) (young), 0.0221484 secs]
   [Parallel Time: 8.1 ms, GC Workers: 43]
      [GC Worker Start (ms): Min: 488341657.9, Avg: 488341659.3, Max: 488341660.4, Diff: 2.5]
      [Ext Root Scanning (ms): Min: 0.0, Avg: 0.6, Max: 1.8, Diff: 1.8, Sum: 24.9]
      [Update RS (ms): Min: 0.0, Avg: 0.2, Max: 0.6, Diff: 0.6, Sum: 8.0]
         [Processed Buffers: Min: 0, Avg: 2.0, Max: 6, Diff: 6, Sum: 87]
      [Scan RS (ms): Min: 0.0, Avg: 0.0, Max: 0.1, Diff: 0.0, Sum: 0.7]
      [Code Root Scanning (ms): Min: 0.0, Avg: 0.0, Max: 0.0, Diff: 0.0, Sum: 0.0]
      [Object Copy (ms): Min: 4.2, Avg: 4.6, Max: 4.8, Diff: 0.5, Sum: 197.9]
      [Termination (ms): Min: 0.0, Avg: 0.1, Max: 0.1, Diff: 0.1, Sum: 2.5]
         [Termination Attempts: Min: 1, Avg: 1.2, Max: 3, Diff: 2, Sum: 50]
      [GC Worker Other (ms): Min: 0.0, Avg: 0.2, Max: 0.4, Diff: 0.4, Sum: 6.8]
      [GC Worker Total (ms): Min: 4.5, Avg: 5.6, Max: 7.0, Diff: 2.5, Sum: 240.9]
      [GC Worker End (ms): Min: 488341664.8, Avg: 488341664.9, Max: 488341665.2, Diff: 0.4]
   [Code Root Fixup: 0.0 ms]
   [Code Root Purge: 0.0 ms]
   [Clear CT: 5.1 ms]
   [Other: 8.9 ms]
      [Choose CSet: 0.0 ms]
      [Ref Proc: 2.9 ms]
      [Ref Enq: 0.0 ms]
      [Redirty Cards: 5.3 ms]
      [Humongous Register: 0.1 ms]
      [Humongous Reclaim: 0.0 ms]
      [Free CSet: 0.1 ms]
   [Eden: 47104.0K(47104.0K)->0.0B(47104.0K) Survivors: 5120.0K->5120.0K Heap: 240.8M(1024.0M)->194.8M(1024.0M)]
 [Times: user=0.23 sys=0.06, real=0.02 secs] 
2023-06-19T08:09:01.282+0000: 489360.907: [GC pause (G1 Evacuation Pause) (young), 0.0251836 secs]
   [Parallel Time: 9.0 ms, GC Workers: 43]
      [GC Worker Start (ms): Min: 489360908.1, Avg: 489360909.5, Max: 489360910.6, Diff: 2.5]
      [Ext Root Scanning (ms): Min: 0.0, Avg: 1.1, Max: 6.9, Diff: 6.8, Sum: 47.2]
      [Update RS (ms): Min: 0.0, Avg: 0.5, Max: 1.0, Diff: 1.0, Sum: 21.6]
         [Processed Buffers: Min: 0, Avg: 2.0, Max: 8, Diff: 8, Sum: 87]
      [Scan RS (ms): Min: 0.0, Avg: 0.0, Max: 0.0, Diff: 0.0, Sum: 0.6]
      [Code Root Scanning (ms): Min: 0.0, Avg: 0.0, Max: 0.0, Diff: 0.0, Sum: 0.0]
      [Object Copy (ms): Min: 0.2, Avg: 4.0, Max: 4.3, Diff: 4.2, Sum: 172.0]
      [Termination (ms): Min: 0.0, Avg: 0.1, Max: 0.1, Diff: 0.1, Sum: 2.9]
         [Termination Attempts: Min: 1, Avg: 1.0, Max: 1, Diff: 0, Sum: 43]
      [GC Worker Other (ms): Min: 0.0, Avg: 0.1, Max: 0.3, Diff: 0.3, Sum: 5.0]
      [GC Worker Total (ms): Min: 4.7, Avg: 5.8, Max: 7.2, Diff: 2.4, Sum: 249.4]
      [GC Worker End (ms): Min: 489360915.2, Avg: 489360915.3, Max: 489360915.5, Diff: 0.3]
   [Code Root Fixup: 0.0 ms]
   [Code Root Purge: 0.0 ms]
   [Clear CT: 5.0 ms]
   [Other: 11.2 ms]
      [Choose CSet: 0.0 ms]
      [Ref Proc: 5.2 ms]
      [Ref Enq: 0.0 ms]
      [Redirty Cards: 5.0 ms]
      [Humongous Register: 0.3 ms]
      [Humongous Reclaim: 0.0 ms]
      [Free CSet: 0.2 ms]
   [Eden: 47104.0K(47104.0K)->0.0B(47104.0K) Survivors: 5120.0K->5120.0K Heap: 240.8M(1024.0M)->195.3M(1024.0M)]
 [Times: user=0.29 sys=0.00, real=0.02 secs] 
2023-06-19T08:25:00.027+0000: 490319.653: [GC pause (G1 Evacuation Pause) (young), 0.0250671 secs]
   [Parallel Time: 9.4 ms, GC Workers: 43]
      [GC Worker Start (ms): Min: 490319654.8, Avg: 490319656.8, Max: 490319658.8, Diff: 4.0]
      [Ext Root Scanning (ms): Min: 0.0, Avg: 0.5, Max: 2.7, Diff: 2.7, Sum: 21.1]
      [Update RS (ms): Min: 0.0, Avg: 0.2, Max: 0.6, Diff: 0.6, Sum: 6.8]
         [Processed Buffers: Min: 0, Avg: 2.1, Max: 7, Diff: 7, Sum: 90]
      [Scan RS (ms): Min: 0.0, Avg: 0.0, Max: 0.0, Diff: 0.0, Sum: 0.5]
      [Code Root Scanning (ms): Min: 0.0, Avg: 0.0, Max: 0.0, Diff: 0.0, Sum: 0.0]
      [Object Copy (ms): Min: 2.1, Avg: 3.4, Max: 3.9, Diff: 1.8, Sum: 147.4]
      [Termination (ms): Min: 0.0, Avg: 0.1, Max: 0.1, Diff: 0.1, Sum: 2.4]
         [Termination Attempts: Min: 1, Avg: 1.0, Max: 1, Diff: 0, Sum: 43]
      [GC Worker Other (ms): Min: 0.0, Avg: 0.1, Max: 0.2, Diff: 0.2, Sum: 3.9]
      [GC Worker Total (ms): Min: 2.2, Avg: 4.2, Max: 6.2, Diff: 4.0, Sum: 182.1]
      [GC Worker End (ms): Min: 490319661.0, Avg: 490319661.1, Max: 490319661.2, Diff: 0.2]
   [Code Root Fixup: 0.0 ms]
   [Code Root Purge: 0.0 ms]
   [Clear CT: 4.9 ms]
   [Other: 10.7 ms]
      [Choose CSet: 0.0 ms]
      [Ref Proc: 3.1 ms]
      [Ref Enq: 0.0 ms]
      [Redirty Cards: 5.0 ms]
      [Humongous Register: 1.8 ms]
      [Humongous Reclaim: 0.0 ms]
      [Free CSet: 0.1 ms]
   [Eden: 47104.0K(47104.0K)->0.0B(47104.0K) Survivors: 5120.0K->5120.0K Heap: 241.3M(1024.0M)->195.2M(1024.0M)]
 [Times: user=0.23 sys=0.01, real=0.03 secs] 
2023-06-19T08:42:06.531+0000: 491346.157: [GC pause (G1 Evacuation Pause) (young), 0.0323936 secs]
   [Parallel Time: 15.2 ms, GC Workers: 43]
      [GC Worker Start (ms): Min: 491346157.3, Avg: 491346158.7, Max: 491346159.8, Diff: 2.6]
      [Ext Root Scanning (ms): Min: 0.0, Avg: 0.8, Max: 12.4, Diff: 12.4, Sum: 33.8]
      [Update RS (ms): Min: 0.0, Avg: 0.2, Max: 0.5, Diff: 0.5, Sum: 7.0]
         [Processed Buffers: Min: 0, Avg: 1.9, Max: 8, Diff: 8, Sum: 80]
      [Scan RS (ms): Min: 0.0, Avg: 0.0, Max: 0.0, Diff: 0.0, Sum: 0.5]
      [Code Root Scanning (ms): Min: 0.0, Avg: 0.0, Max: 0.0, Diff: 0.0, Sum: 0.0]
      [Object Copy (ms): Min: 0.0, Avg: 3.9, Max: 4.2, Diff: 4.1, Sum: 166.7]
      [Termination (ms): Min: 0.0, Avg: 6.2, Max: 6.4, Diff: 6.4, Sum: 267.0]
         [Termination Attempts: Min: 1, Avg: 1.0, Max: 1, Diff: 0, Sum: 43]
      [GC Worker Other (ms): Min: 0.0, Avg: 0.0, Max: 0.2, Diff: 0.1, Sum: 1.8]
      [GC Worker Total (ms): Min: 9.9, Avg: 11.1, Max: 12.4, Diff: 2.5, Sum: 476.8]
      [GC Worker End (ms): Min: 491346169.7, Avg: 491346169.8, Max: 491346169.9, Diff: 0.2]
   [Code Root Fixup: 0.0 ms]
   [Code Root Purge: 0.0 ms]
   [Clear CT: 7.4 ms]
   [Other: 9.9 ms]
      [Choose CSet: 0.0 ms]
      [Ref Proc: 3.6 ms]
      [Ref Enq: 0.0 ms]
      [Redirty Cards: 5.7 ms]
      [Humongous Register: 0.1 ms]
      [Humongous Reclaim: 0.0 ms]
      [Free CSet: 0.2 ms]
   [Eden: 47104.0K(47104.0K)->0.0B(47104.0K) Survivors: 5120.0K->5120.0K Heap: 241.2M(1024.0M)->194.8M(1024.0M)]
 [Times: user=0.54 sys=0.00, real=0.03 secs] 
2023-06-19T08:59:12.591+0000: 492372.217: [GC pause (G1 Evacuation Pause) (young), 0.0258258 secs]
   [Parallel Time: 7.5 ms, GC Workers: 43]
      [GC Worker Start (ms): Min: 492372219.2, Avg: 492372221.2, Max: 492372223.0, Diff: 3.8]
      [Ext Root Scanning (ms): Min: 0.0, Avg: 0.5, Max: 2.1, Diff: 2.1, Sum: 22.9]
      [Update RS (ms): Min: 0.0, Avg: 0.2, Max: 0.5, Diff: 0.5, Sum: 9.1]
         [Processed Buffers: Min: 0, Avg: 2.0, Max: 9, Diff: 9, Sum: 86]
      [Scan RS (ms): Min: 0.0, Avg: 0.0, Max: 0.1, Diff: 0.0, Sum: 0.7]
      [Code Root Scanning (ms): Min: 0.0, Avg: 0.0, Max: 0.0, Diff: 0.0, Sum: 0.0]
      [Object Copy (ms): Min: 2.9, Avg: 3.9, Max: 4.3, Diff: 1.4, Sum: 169.1]
      [Termination (ms): Min: 0.0, Avg: 0.1, Max: 0.1, Diff: 0.1, Sum: 3.2]
         [Termination Attempts: Min: 1, Avg: 1.0, Max: 1, Diff: 0, Sum: 43]
      [GC Worker Other (ms): Min: 0.0, Avg: 0.2, Max: 0.5, Diff: 0.4, Sum: 8.4]
      [GC Worker Total (ms): Min: 3.1, Avg: 5.0, Max: 7.3, Diff: 4.2, Sum: 213.4]
      [GC Worker End (ms): Min: 492372226.1, Avg: 492372226.2, Max: 492372226.5, Diff: 0.4]
   [Code Root Fixup: 0.0 ms]
   [Code Root Purge: 0.0 ms]
   [Clear CT: 6.8 ms]
   [Other: 11.5 ms]
      [Choose CSet: 0.0 ms]
      [Ref Proc: 3.1 ms]
      [Ref Enq: 0.0 ms]
      [Redirty Cards: 4.9 ms]
      [Humongous Register: 2.1 ms]
      [Humongous Reclaim: 0.0 ms]
      [Free CSet: 0.4 ms]
   [Eden: 47104.0K(47104.0K)->0.0B(47104.0K) Survivors: 5120.0K->5120.0K Heap: 240.8M(1024.0M)->195.4M(1024.0M)]
 [Times: user=0.21 sys=0.05, real=0.02 secs] 
2023-06-19T09:15:03.244+0000: 493322.870: [GC pause (G1 Evacuation Pause) (young), 0.0224914 secs]
   [Parallel Time: 7.8 ms, GC Workers: 43]
      [GC Worker Start (ms): Min: 493322870.2, Avg: 493322871.6, Max: 493322872.7, Diff: 2.5]
      [Ext Root Scanning (ms): Min: 0.0, Avg: 0.8, Max: 6.2, Diff: 6.2, Sum: 33.4]
      [Update RS (ms): Min: 0.0, Avg: 0.2, Max: 0.6, Diff: 0.6, Sum: 9.3]
         [Processed Buffers: Min: 0, Avg: 1.9, Max: 5, Diff: 5, Sum: 82]
      [Scan RS (ms): Min: 0.0, Avg: 0.0, Max: 0.1, Diff: 0.1, Sum: 0.8]
      [Code Root Scanning (ms): Min: 0.0, Avg: 0.0, Max: 0.0, Diff: 0.0, Sum: 0.0]
      [Object Copy (ms): Min: 0.0, Avg: 3.5, Max: 3.7, Diff: 3.7, Sum: 149.0]
      [Termination (ms): Min: 0.0, Avg: 0.5, Max: 0.6, Diff: 0.6, Sum: 22.7]
         [Termination Attempts: Min: 1, Avg: 1.0, Max: 1, Diff: 0, Sum: 43]
      [GC Worker Other (ms): Min: 0.0, Avg: 0.1, Max: 0.3, Diff: 0.3, Sum: 3.3]
      [GC Worker Total (ms): Min: 3.9, Avg: 5.1, Max: 6.3, Diff: 2.4, Sum: 218.6]
      [GC Worker End (ms): Min: 493322876.4, Avg: 493322876.7, Max: 493322876.8, Diff: 0.4]
   [Code Root Fixup: 0.0 ms]
   [Code Root Purge: 0.0 ms]
   [Clear CT: 5.4 ms]
   [Other: 9.3 ms]
      [Choose CSet: 0.0 ms]
      [Ref Proc: 3.4 ms]
      [Ref Enq: 0.0 ms]
      [Redirty Cards: 5.3 ms]
      [Humongous Register: 0.1 ms]
      [Humongous Reclaim: 0.0 ms]
      [Free CSet: 0.2 ms]
   [Eden: 47104.0K(47104.0K)->0.0B(47104.0K) Survivors: 5120.0K->5120.0K Heap: 241.4M(1024.0M)->194.7M(1024.0M)]
 [Times: user=0.27 sys=0.00, real=0.02 secs] 
2023-06-19T09:32:08.389+0000: 494348.014: [GC pause (G1 Evacuation Pause) (young), 0.0220380 secs]
   [Parallel Time: 7.8 ms, GC Workers: 43]
      [GC Worker Start (ms): Min: 494348015.0, Avg: 494348016.4, Max: 494348017.5, Diff: 2.5]
      [Ext Root Scanning (ms): Min: 0.0, Avg: 0.6, Max: 2.0, Diff: 2.0, Sum: 25.7]
      [Update RS (ms): Min: 0.0, Avg: 0.3, Max: 0.6, Diff: 0.6, Sum: 13.2]
         [Processed Buffers: Min: 0, Avg: 2.0, Max: 9, Diff: 9, Sum: 87]
      [Scan RS (ms): Min: 0.0, Avg: 0.0, Max: 0.0, Diff: 0.0, Sum: 0.6]
      [Code Root Scanning (ms): Min: 0.0, Avg: 0.0, Max: 0.0, Diff: 0.0, Sum: 0.0]
      [Object Copy (ms): Min: 3.5, Avg: 3.7, Max: 3.9, Diff: 0.3, Sum: 159.9]
      [Termination (ms): Min: 0.0, Avg: 0.0, Max: 0.1, Diff: 0.1, Sum: 1.9]
         [Termination Attempts: Min: 1, Avg: 1.0, Max: 1, Diff: 0, Sum: 43]
      [GC Worker Other (ms): Min: 0.0, Avg: 0.1, Max: 0.4, Diff: 0.3, Sum: 5.6]
      [GC Worker Total (ms): Min: 3.7, Avg: 4.8, Max: 6.4, Diff: 2.7, Sum: 206.9]
      [GC Worker End (ms): Min: 494348021.1, Avg: 494348021.2, Max: 494348021.5, Diff: 0.3]
   [Code Root Fixup: 0.0 ms]
   [Code Root Purge: 0.0 ms]
   [Clear CT: 5.3 ms]
   [Other: 9.0 ms]
      [Choose CSet: 0.0 ms]
      [Ref Proc: 2.9 ms]
      [Ref Enq: 0.0 ms]
      [Redirty Cards: 5.1 ms]
      [Humongous Register: 0.3 ms]
      [Humongous Reclaim: 0.0 ms]
      [Free CSet: 0.2 ms]
   [Eden: 47104.0K(47104.0K)->0.0B(48128.0K) Survivors: 5120.0K->4096.0K Heap: 240.7M(1024.0M)->194.5M(1024.0M)]
 [Times: user=0.25 sys=0.01, real=0.03 secs] 
2023-06-19T09:49:36.683+0000: 495396.309: [GC pause (G1 Evacuation Pause) (young), 0.0233959 secs]
   [Parallel Time: 7.5 ms, GC Workers: 43]
      [GC Worker Start (ms): Min: 495396311.3, Avg: 495396313.2, Max: 495396315.1, Diff: 3.8]
      [Ext Root Scanning (ms): Min: 0.0, Avg: 0.5, Max: 1.9, Diff: 1.9, Sum: 21.7]
      [Update RS (ms): Min: 0.0, Avg: 0.1, Max: 0.5, Diff: 0.5, Sum: 5.3]
         [Processed Buffers: Min: 0, Avg: 2.1, Max: 7, Diff: 7, Sum: 89]
      [Scan RS (ms): Min: 0.0, Avg: 0.0, Max: 0.1, Diff: 0.1, Sum: 0.8]
      [Code Root Scanning (ms): Min: 0.0, Avg: 0.0, Max: 0.0, Diff: 0.0, Sum: 0.0]
      [Object Copy (ms): Min: 2.6, Avg: 3.9, Max: 4.4, Diff: 1.7, Sum: 167.9]
      [Termination (ms): Min: 0.0, Avg: 0.1, Max: 0.1, Diff: 0.1, Sum: 2.9]
         [Termination Attempts: Min: 1, Avg: 1.0, Max: 1, Diff: 0, Sum: 43]
      [GC Worker Other (ms): Min: 0.0, Avg: 0.1, Max: 0.2, Diff: 0.2, Sum: 3.9]
      [GC Worker Total (ms): Min: 2.8, Avg: 4.7, Max: 6.6, Diff: 3.8, Sum: 202.5]
      [GC Worker End (ms): Min: 495396317.9, Avg: 495396317.9, Max: 495396318.1, Diff: 0.2]
   [Code Root Fixup: 0.0 ms]
   [Code Root Purge: 0.0 ms]
   [Clear CT: 5.2 ms]
   [Other: 10.8 ms]
      [Choose CSet: 0.0 ms]
      [Ref Proc: 3.2 ms]
      [Ref Enq: 0.0 ms]
      [Redirty Cards: 5.0 ms]
      [Humongous Register: 1.8 ms]
      [Humongous Reclaim: 0.0 ms]
      [Free CSet: 0.1 ms]
   [Eden: 48128.0K(48128.0K)->0.0B(47104.0K) Survivors: 4096.0K->5120.0K Heap: 241.5M(1024.0M)->195.2M(1024.0M)]
 [Times: user=0.24 sys=0.02, real=0.02 secs] 
2023-06-19T10:06:42.899+0000: 496422.525: [GC pause (G1 Evacuation Pause) (young), 0.0230056 secs]
   [Parallel Time: 8.3 ms, GC Workers: 43]
      [GC Worker Start (ms): Min: 496422524.9, Avg: 496422526.3, Max: 496422527.5, Diff: 2.6]
      [Ext Root Scanning (ms): Min: 0.0, Avg: 0.6, Max: 1.9, Diff: 1.9, Sum: 25.4]
      [Update RS (ms): Min: 0.0, Avg: 0.2, Max: 0.5, Diff: 0.5, Sum: 8.2]
         [Processed Buffers: Min: 0, Avg: 1.8, Max: 6, Diff: 6, Sum: 78]
      [Scan RS (ms): Min: 0.0, Avg: 0.0, Max: 0.1, Diff: 0.0, Sum: 0.7]
      [Code Root Scanning (ms): Min: 0.0, Avg: 0.0, Max: 0.0, Diff: 0.0, Sum: 0.0]
      [Object Copy (ms): Min: 3.8, Avg: 4.1, Max: 4.3, Diff: 0.5, Sum: 176.8]
      [Termination (ms): Min: 0.0, Avg: 0.1, Max: 0.1, Diff: 0.1, Sum: 2.5]
         [Termination Attempts: Min: 1, Avg: 1.0, Max: 1, Diff: 0, Sum: 43]
      [GC Worker Other (ms): Min: 0.0, Avg: 0.1, Max: 0.3, Diff: 0.3, Sum: 5.3]
      [GC Worker Total (ms): Min: 3.9, Avg: 5.1, Max: 6.5, Diff: 2.6, Sum: 218.9]
      [GC Worker End (ms): Min: 496422531.3, Avg: 496422531.4, Max: 496422531.6, Diff: 0.3]
   [Code Root Fixup: 0.0 ms]
   [Code Root Purge: 0.0 ms]
   [Clear CT: 5.0 ms]
   [Other: 9.7 ms]
      [Choose CSet: 0.0 ms]
      [Ref Proc: 4.1 ms]
      [Ref Enq: 0.0 ms]
      [Redirty Cards: 4.9 ms]
      [Humongous Register: 0.1 ms]
      [Humongous Reclaim: 0.0 ms]
      [Free CSet: 0.1 ms]
   [Eden: 47104.0K(47104.0K)->0.0B(47104.0K) Survivors: 5120.0K->5120.0K Heap: 241.2M(1024.0M)->195.1M(1024.0M)]
 [Times: user=0.27 sys=0.00, real=0.03 secs] 
2023-06-19T10:22:37.841+0000: 497377.466: [GC pause (G1 Evacuation Pause) (young), 0.0324021 secs]
   [Parallel Time: 17.5 ms, GC Workers: 43]
      [GC Worker Start (ms): Min: 497377466.5, Avg: 497377467.8, Max: 497377468.9, Diff: 2.4]
      [Ext Root Scanning (ms): Min: 0.0, Avg: 0.9, Max: 13.9, Diff: 13.9, Sum: 40.4]
      [Update RS (ms): Min: 0.0, Avg: 0.2, Max: 0.6, Diff: 0.6, Sum: 10.0]
         [Processed Buffers: Min: 0, Avg: 2.0, Max: 6, Diff: 6, Sum: 86]
      [Scan RS (ms): Min: 0.0, Avg: 0.0, Max: 0.0, Diff: 0.0, Sum: 0.5]
      [Code Root Scanning (ms): Min: 0.0, Avg: 0.0, Max: 0.0, Diff: 0.0, Sum: 0.0]
      [Object Copy (ms): Min: 0.0, Avg: 5.8, Max: 6.1, Diff: 6.1, Sum: 247.8]
      [Termination (ms): Min: 0.0, Avg: 5.7, Max: 5.9, Diff: 5.9, Sum: 243.2]
         [Termination Attempts: Min: 1, Avg: 2.6, Max: 6, Diff: 5, Sum: 112]
      [GC Worker Other (ms): Min: 0.0, Avg: 0.1, Max: 0.4, Diff: 0.3, Sum: 2.6]
      [GC Worker Total (ms): Min: 11.6, Avg: 12.7, Max: 13.9, Diff: 2.4, Sum: 544.6]
      [GC Worker End (ms): Min: 497377480.4, Avg: 497377480.5, Max: 497377480.5, Diff: 0.1]
   [Code Root Fixup: 0.0 ms]
   [Code Root Purge: 0.0 ms]
   [Clear CT: 5.1 ms]
   [Other: 9.8 ms]
      [Choose CSet: 0.0 ms]
      [Ref Proc: 3.9 ms]
      [Ref Enq: 0.0 ms]
      [Redirty Cards: 5.2 ms]
      [Humongous Register: 0.1 ms]
      [Humongous Reclaim: 0.0 ms]
      [Free CSet: 0.1 ms]
   [Eden: 47104.0K(47104.0K)->0.0B(47104.0K) Survivors: 5120.0K->5120.0K Heap: 241.1M(1024.0M)->194.6M(1024.0M)]
 [Times: user=0.59 sys=0.00, real=0.04 secs] 
2023-06-19T10:39:40.724+0000: 498400.350: [GC pause (G1 Evacuation Pause) (young), 0.0287575 secs]
   [Parallel Time: 8.7 ms, GC Workers: 43]
      [GC Worker Start (ms): Min: 498400352.7, Avg: 498400354.9, Max: 498400360.5, Diff: 7.8]
      [Ext Root Scanning (ms): Min: 0.0, Avg: 0.6, Max: 2.9, Diff: 2.8, Sum: 27.1]
      [Update RS (ms): Min: 0.0, Avg: 0.2, Max: 0.6, Diff: 0.6, Sum: 10.4]
         [Processed Buffers: Min: 0, Avg: 2.0, Max: 11, Diff: 11, Sum: 87]
      [Scan RS (ms): Min: 0.0, Avg: 0.0, Max: 0.0, Diff: 0.0, Sum: 0.4]
      [Code Root Scanning (ms): Min: 0.0, Avg: 0.0, Max: 0.0, Diff: 0.0, Sum: 0.0]
      [Object Copy (ms): Min: 0.0, Avg: 3.8, Max: 4.4, Diff: 4.4, Sum: 164.5]
      [Termination (ms): Min: 0.0, Avg: 0.9, Max: 1.1, Diff: 1.1, Sum: 40.4]
         [Termination Attempts: Min: 1, Avg: 1.0, Max: 1, Diff: 0, Sum: 43]
      [GC Worker Other (ms): Min: 0.0, Avg: 0.1, Max: 0.3, Diff: 0.3, Sum: 3.6]
      [GC Worker Total (ms): Min: 0.1, Avg: 5.7, Max: 8.0, Diff: 7.9, Sum: 246.5]
      [GC Worker End (ms): Min: 498400360.5, Avg: 498400360.6, Max: 498400360.8, Diff: 0.3]
   [Code Root Fixup: 0.0 ms]
   [Code Root Purge: 0.0 ms]
   [Clear CT: 7.3 ms]
   [Other: 12.7 ms]
      [Choose CSet: 0.0 ms]
      [Ref Proc: 4.1 ms]
      [Ref Enq: 0.0 ms]
      [Redirty Cards: 5.5 ms]
      [Humongous Register: 2.1 ms]
      [Humongous Reclaim: 0.0 ms]
      [Free CSet: 0.2 ms]
   [Eden: 47104.0K(47104.0K)->0.0B(46080.0K) Survivors: 5120.0K->6144.0K Heap: 240.6M(1024.0M)->195.6M(1024.0M)]
 [Times: user=0.29 sys=0.00, real=0.03 secs] 
2023-06-19T10:56:25.158+0000: 499404.784: [GC pause (G1 Evacuation Pause) (young), 0.0255501 secs]
   [Parallel Time: 10.2 ms, GC Workers: 43]
      [GC Worker Start (ms): Min: 499404783.9, Avg: 499404785.4, Max: 499404786.6, Diff: 2.7]
      [Ext Root Scanning (ms): Min: 0.0, Avg: 0.5, Max: 1.8, Diff: 1.7, Sum: 22.9]
      [Update RS (ms): Min: 0.0, Avg: 0.2, Max: 0.4, Diff: 0.4, Sum: 7.7]
         [Processed Buffers: Min: 0, Avg: 1.9, Max: 6, Diff: 6, Sum: 83]
      [Scan RS (ms): Min: 0.0, Avg: 0.0, Max: 0.0, Diff: 0.0, Sum: 0.6]
      [Code Root Scanning (ms): Min: 0.0, Avg: 0.0, Max: 0.0, Diff: 0.0, Sum: 0.0]
      [Object Copy (ms): Min: 6.0, Avg: 6.6, Max: 6.7, Diff: 0.7, Sum: 282.0]
      [Termination (ms): Min: 0.0, Avg: 0.1, Max: 0.1, Diff: 0.1, Sum: 2.4]
         [Termination Attempts: Min: 1, Avg: 1.0, Max: 1, Diff: 0, Sum: 43]
      [GC Worker Other (ms): Min: 0.0, Avg: 0.1, Max: 0.5, Diff: 0.4, Sum: 6.4]
      [GC Worker Total (ms): Min: 6.2, Avg: 7.5, Max: 8.9, Diff: 2.7, Sum: 322.1]
      [GC Worker End (ms): Min: 499404792.7, Avg: 499404792.9, Max: 499404793.1, Diff: 0.3]
   [Code Root Fixup: 0.0 ms]
   [Code Root Purge: 0.0 ms]
   [Clear CT: 5.4 ms]
   [Other: 9.9 ms]
      [Choose CSet: 0.0 ms]
      [Ref Proc: 3.8 ms]
      [Ref Enq: 0.0 ms]
      [Redirty Cards: 5.4 ms]
      [Humongous Register: 0.1 ms]
      [Humongous Reclaim: 0.0 ms]
      [Free CSet: 0.1 ms]
   [Eden: 46080.0K(46080.0K)->0.0B(47104.0K) Survivors: 6144.0K->5120.0K Heap: 240.6M(1024.0M)->195.2M(1024.0M)]
 [Times: user=0.33 sys=0.04, real=0.03 secs] 
2023-06-19T11:12:17.591+0000: 500357.216: [GC pause (G1 Evacuation Pause) (young), 0.0275243 secs]
   [Parallel Time: 10.3 ms, GC Workers: 43]
      [GC Worker Start (ms): Min: 500357218.9, Avg: 500357221.2, Max: 500357226.2, Diff: 7.2]
      [Ext Root Scanning (ms): Min: 0.0, Avg: 0.7, Max: 7.1, Diff: 7.1, Sum: 30.5]
      [Update RS (ms): Min: 0.0, Avg: 0.2, Max: 0.7, Diff: 0.7, Sum: 9.3]
         [Processed Buffers: Min: 0, Avg: 2.1, Max: 9, Diff: 9, Sum: 90]
      [Scan RS (ms): Min: 0.0, Avg: 0.0, Max: 0.0, Diff: 0.0, Sum: 0.6]
      [Code Root Scanning (ms): Min: 0.0, Avg: 0.0, Max: 0.0, Diff: 0.0, Sum: 0.0]
      [Object Copy (ms): Min: 0.0, Avg: 3.1, Max: 3.6, Diff: 3.6, Sum: 134.8]
      [Termination (ms): Min: 0.0, Avg: 0.9, Max: 1.2, Diff: 1.2, Sum: 40.2]
         [Termination Attempts: Min: 1, Avg: 1.0, Max: 1, Diff: 0, Sum: 43]
      [GC Worker Other (ms): Min: 0.0, Avg: 0.1, Max: 0.2, Diff: 0.2, Sum: 2.5]
      [GC Worker Total (ms): Min: 0.0, Avg: 5.1, Max: 7.4, Diff: 7.3, Sum: 218.0]
      [GC Worker End (ms): Min: 500357226.2, Avg: 500357226.3, Max: 500357226.4, Diff: 0.2]
   [Code Root Fixup: 0.0 ms]
   [Code Root Purge: 0.0 ms]
   [Clear CT: 5.0 ms]
   [Other: 12.2 ms]
      [Choose CSet: 0.0 ms]
      [Ref Proc: 4.2 ms]
      [Ref Enq: 0.0 ms]
      [Redirty Cards: 5.1 ms]
      [Humongous Register: 2.1 ms]
      [Humongous Reclaim: 0.0 ms]
      [Free CSet: 0.2 ms]
   [Eden: 47104.0K(47104.0K)->0.0B(47104.0K) Survivors: 5120.0K->5120.0K Heap: 241.2M(1024.0M)->195.1M(1024.0M)]
 [Times: user=0.28 sys=0.01, real=0.02 secs] 
2023-06-19T11:29:22.591+0000: 501382.216: [GC pause (G1 Evacuation Pause) (young), 0.0231076 secs]
   [Parallel Time: 8.1 ms, GC Workers: 43]
      [GC Worker Start (ms): Min: 501382216.6, Avg: 501382217.9, Max: 501382219.0, Diff: 2.4]
      [Ext Root Scanning (ms): Min: 0.0, Avg: 0.6, Max: 1.7, Diff: 1.7, Sum: 24.6]
      [Update RS (ms): Min: 0.0, Avg: 0.2, Max: 0.6, Diff: 0.6, Sum: 9.3]
         [Processed Buffers: Min: 0, Avg: 1.9, Max: 6, Diff: 6, Sum: 83]
      [Scan RS (ms): Min: 0.0, Avg: 0.0, Max: 0.0, Diff: 0.0, Sum: 0.6]
      [Code Root Scanning (ms): Min: 0.0, Avg: 0.0, Max: 0.0, Diff: 0.0, Sum: 0.0]
      [Object Copy (ms): Min: 3.2, Avg: 3.6, Max: 3.8, Diff: 0.5, Sum: 156.0]
      [Termination (ms): Min: 0.0, Avg: 0.0, Max: 0.1, Diff: 0.1, Sum: 1.9]
         [Termination Attempts: Min: 1, Avg: 1.0, Max: 1, Diff: 0, Sum: 43]
      [GC Worker Other (ms): Min: 0.0, Avg: 0.1, Max: 0.4, Diff: 0.3, Sum: 5.4]
      [GC Worker Total (ms): Min: 3.4, Avg: 4.6, Max: 6.0, Diff: 2.6, Sum: 197.8]
      [GC Worker End (ms): Min: 501382222.4, Avg: 501382222.5, Max: 501382222.7, Diff: 0.3]
   [Code Root Fixup: 0.0 ms]
   [Code Root Purge: 0.0 ms]
   [Clear CT: 5.7 ms]
   [Other: 9.3 ms]
      [Choose CSet: 0.0 ms]
      [Ref Proc: 3.7 ms]
      [Ref Enq: 0.0 ms]
      [Redirty Cards: 5.1 ms]
      [Humongous Register: 0.1 ms]
      [Humongous Reclaim: 0.0 ms]
      [Free CSet: 0.1 ms]
   [Eden: 47104.0K(47104.0K)->0.0B(47104.0K) Survivors: 5120.0K->5120.0K Heap: 241.1M(1024.0M)->194.9M(1024.0M)]
 [Times: user=0.25 sys=0.00, real=0.02 secs] 
2023-06-19T11:46:30.145+0000: 502409.771: [GC pause (G1 Evacuation Pause) (young), 0.0296928 secs]
   [Parallel Time: 15.7 ms, GC Workers: 43]
      [GC Worker Start (ms): Min: 502409771.2, Avg: 502409772.6, Max: 502409773.8, Diff: 2.6]
      [Ext Root Scanning (ms): Min: 0.0, Avg: 1.0, Max: 15.2, Diff: 15.2, Sum: 41.6]
      [Update RS (ms): Min: 0.0, Avg: 0.2, Max: 0.5, Diff: 0.5, Sum: 8.7]
         [Processed Buffers: Min: 0, Avg: 2.0, Max: 7, Diff: 7, Sum: 88]
      [Scan RS (ms): Min: 0.0, Avg: 0.0, Max: 0.1, Diff: 0.1, Sum: 0.7]
      [Code Root Scanning (ms): Min: 0.0, Avg: 0.0, Max: 0.0, Diff: 0.0, Sum: 0.0]
      [Object Copy (ms): Min: 0.0, Avg: 4.2, Max: 4.4, Diff: 4.4, Sum: 178.8]
      [Termination (ms): Min: 0.0, Avg: 8.6, Max: 8.9, Diff: 8.9, Sum: 369.2]
         [Termination Attempts: Min: 1, Avg: 1.0, Max: 2, Diff: 1, Sum: 44]
      [GC Worker Other (ms): Min: 0.0, Avg: 0.0, Max: 0.1, Diff: 0.1, Sum: 1.1]
      [GC Worker Total (ms): Min: 12.8, Avg: 14.0, Max: 15.3, Diff: 2.5, Sum: 600.1]
      [GC Worker End (ms): Min: 502409786.4, Avg: 502409786.6, Max: 502409786.7, Diff: 0.2]
   [Code Root Fixup: 0.0 ms]
   [Code Root Purge: 0.0 ms]
   [Clear CT: 4.7 ms]
   [Other: 9.2 ms]
      [Choose CSet: 0.0 ms]
      [Ref Proc: 3.7 ms]
      [Ref Enq: 0.0 ms]
      [Redirty Cards: 4.9 ms]
      [Humongous Register: 0.1 ms]
      [Humongous Reclaim: 0.0 ms]
      [Free CSet: 0.2 ms]
   [Eden: 47104.0K(47104.0K)->0.0B(47104.0K) Survivors: 5120.0K->5120.0K Heap: 240.9M(1024.0M)->195.6M(1024.0M)]
 [Times: user=0.66 sys=0.00, real=0.03 secs] 
2023-06-19T12:03:32.591+0000: 503432.216: [GC pause (G1 Evacuation Pause) (young), 0.0265450 secs]
   [Parallel Time: 9.4 ms, GC Workers: 43]
      [GC Worker Start (ms): Min: 503432218.9, Avg: 503432220.9, Max: 503432222.8, Diff: 3.8]
      [Ext Root Scanning (ms): Min: 0.0, Avg: 1.0, Max: 2.8, Diff: 2.8, Sum: 44.1]
      [Update RS (ms): Min: 0.0, Avg: 0.3, Max: 0.7, Diff: 0.7, Sum: 14.3]
         [Processed Buffers: Min: 0, Avg: 2.0, Max: 7, Diff: 7, Sum: 88]
      [Scan RS (ms): Min: 0.0, Avg: 0.0, Max: 0.0, Diff: 0.0, Sum: 0.4]
      [Code Root Scanning (ms): Min: 0.0, Avg: 0.0, Max: 0.0, Diff: 0.0, Sum: 0.0]
      [Object Copy (ms): Min: 3.4, Avg: 3.9, Max: 4.2, Diff: 0.8, Sum: 169.1]
      [Termination (ms): Min: 0.0, Avg: 0.1, Max: 0.1, Diff: 0.1, Sum: 3.5]
         [Termination Attempts: Min: 1, Avg: 1.0, Max: 1, Diff: 0, Sum: 43]
      [GC Worker Other (ms): Min: 0.0, Avg: 0.2, Max: 0.4, Diff: 0.3, Sum: 6.5]
      [GC Worker Total (ms): Min: 3.6, Avg: 5.5, Max: 7.6, Diff: 4.0, Sum: 238.0]
      [GC Worker End (ms): Min: 503432226.3, Avg: 503432226.4, Max: 503432226.7, Diff: 0.3]
   [Code Root Fixup: 0.0 ms]
   [Code Root Purge: 0.0 ms]
   [Clear CT: 5.1 ms]
   [Other: 12.1 ms]
      [Choose CSet: 0.0 ms]
      [Ref Proc: 4.0 ms]
      [Ref Enq: 0.0 ms]
      [Redirty Cards: 5.0 ms]
      [Humongous Register: 2.1 ms]
      [Humongous Reclaim: 0.0 ms]
      [Free CSet: 0.2 ms]
   [Eden: 47104.0K(47104.0K)->0.0B(48128.0K) Survivors: 5120.0K->4096.0K Heap: 241.6M(1024.0M)->194.4M(1024.0M)]
 [Times: user=0.24 sys=0.05, real=0.02 secs] 
2023-06-19T12:19:49.295+0000: 504408.920: [GC pause (G1 Evacuation Pause) (young), 0.0223760 secs]
   [Parallel Time: 7.7 ms, GC Workers: 43]
      [GC Worker Start (ms): Min: 504408920.4, Avg: 504408921.8, Max: 504408922.9, Diff: 2.5]
      [Ext Root Scanning (ms): Min: 0.0, Avg: 0.5, Max: 1.7, Diff: 1.7, Sum: 22.7]
      [Update RS (ms): Min: 0.0, Avg: 0.2, Max: 0.5, Diff: 0.5, Sum: 8.3]
         [Processed Buffers: Min: 0, Avg: 2.1, Max: 7, Diff: 7, Sum: 89]
      [Scan RS (ms): Min: 0.0, Avg: 0.0, Max: 0.0, Diff: 0.0, Sum: 0.6]
      [Code Root Scanning (ms): Min: 0.0, Avg: 0.0, Max: 0.0, Diff: 0.0, Sum: 0.0]
      [Object Copy (ms): Min: 3.2, Avg: 3.7, Max: 3.9, Diff: 0.7, Sum: 158.2]
      [Termination (ms): Min: 0.0, Avg: 0.1, Max: 0.1, Diff: 0.1, Sum: 3.1]
         [Termination Attempts: Min: 1, Avg: 1.0, Max: 1, Diff: 0, Sum: 43]
      [GC Worker Other (ms): Min: 0.0, Avg: 0.1, Max: 0.4, Diff: 0.3, Sum: 4.8]
      [GC Worker Total (ms): Min: 3.4, Avg: 4.6, Max: 5.9, Diff: 2.4, Sum: 197.8]
      [GC Worker End (ms): Min: 504408926.3, Avg: 504408926.4, Max: 504408926.6, Diff: 0.3]
   [Code Root Fixup: 0.0 ms]
   [Code Root Purge: 0.0 ms]
   [Clear CT: 4.9 ms]
   [Other: 9.8 ms]
      [Choose CSet: 0.0 ms]
      [Ref Proc: 4.4 ms]
      [Ref Enq: 0.0 ms]
      [Redirty Cards: 4.7 ms]
      [Humongous Register: 0.1 ms]
      [Humongous Reclaim: 0.0 ms]
      [Free CSet: 0.1 ms]
   [Eden: 48128.0K(48128.0K)->0.0B(47104.0K) Survivors: 4096.0K->5120.0K Heap: 241.4M(1024.0M)->195.2M(1024.0M)]
 [Times: user=0.19 sys=0.05, real=0.02 secs] 
2023-06-19T12:36:57.564+0000: 505437.189: [GC pause (G1 Evacuation Pause) (young), 0.0268733 secs]
   [Parallel Time: 8.9 ms, GC Workers: 43]
      [GC Worker Start (ms): Min: 505437192.0, Avg: 505437194.1, Max: 505437196.1, Diff: 4.1]
      [Ext Root Scanning (ms): Min: 0.0, Avg: 0.9, Max: 7.6, Diff: 7.5, Sum: 38.5]
      [Update RS (ms): Min: 0.0, Avg: 0.3, Max: 0.8, Diff: 0.8, Sum: 15.0]
         [Processed Buffers: Min: 0, Avg: 2.0, Max: 8, Diff: 8, Sum: 88]
      [Scan RS (ms): Min: 0.0, Avg: 0.0, Max: 0.0, Diff: 0.0, Sum: 0.5]
      [Code Root Scanning (ms): Min: 0.0, Avg: 0.0, Max: 0.0, Diff: 0.0, Sum: 0.0]
      [Object Copy (ms): Min: 0.0, Avg: 3.9, Max: 4.2, Diff: 4.1, Sum: 165.7]
      [Termination (ms): Min: 0.0, Avg: 0.6, Max: 0.6, Diff: 0.6, Sum: 24.5]
         [Termination Attempts: Min: 1, Avg: 1.0, Max: 1, Diff: 0, Sum: 43]
      [GC Worker Other (ms): Min: 0.0, Avg: 0.1, Max: 0.2, Diff: 0.2, Sum: 2.5]
      [GC Worker Total (ms): Min: 3.7, Avg: 5.7, Max: 7.7, Diff: 4.0, Sum: 246.6]
      [GC Worker End (ms): Min: 505437199.6, Avg: 505437199.8, Max: 505437199.9, Diff: 0.3]
   [Code Root Fixup: 0.0 ms]
   [Code Root Purge: 0.0 ms]
   [Clear CT: 6.5 ms]
   [Other: 11.5 ms]
      [Choose CSet: 0.0 ms]
      [Ref Proc: 3.4 ms]
      [Ref Enq: 0.0 ms]
      [Redirty Cards: 5.0 ms]
      [Humongous Register: 2.1 ms]
      [Humongous Reclaim: 0.0 ms]
      [Free CSet: 0.2 ms]
   [Eden: 47104.0K(47104.0K)->0.0B(47104.0K) Survivors: 5120.0K->5120.0K Heap: 241.2M(1024.0M)->195.3M(1024.0M)]
 [Times: user=0.30 sys=0.00, real=0.03 secs] 
2023-06-19T12:54:02.111+0000: 506461.736: [GC pause (G1 Evacuation Pause) (young), 0.0221360 secs]
   [Parallel Time: 7.9 ms, GC Workers: 43]
      [GC Worker Start (ms): Min: 506461736.4, Avg: 506461737.8, Max: 506461738.9, Diff: 2.5]
      [Ext Root Scanning (ms): Min: 0.0, Avg: 0.5, Max: 1.8, Diff: 1.8, Sum: 23.2]
      [Update RS (ms): Min: 0.0, Avg: 0.2, Max: 0.5, Diff: 0.5, Sum: 9.2]
         [Processed Buffers: Min: 0, Avg: 2.0, Max: 7, Diff: 7, Sum: 88]
      [Scan RS (ms): Min: 0.0, Avg: 0.0, Max: 0.0, Diff: 0.0, Sum: 0.5]
      [Code Root Scanning (ms): Min: 0.0, Avg: 0.0, Max: 0.0, Diff: 0.0, Sum: 0.0]
      [Object Copy (ms): Min: 3.5, Avg: 3.9, Max: 4.1, Diff: 0.6, Sum: 165.9]
      [Termination (ms): Min: 0.0, Avg: 0.1, Max: 0.1, Diff: 0.1, Sum: 2.3]
         [Termination Attempts: Min: 1, Avg: 1.0, Max: 1, Diff: 0, Sum: 43]
      [GC Worker Other (ms): Min: 0.0, Avg: 0.1, Max: 0.4, Diff: 0.3, Sum: 4.2]
      [GC Worker Total (ms): Min: 3.7, Avg: 4.8, Max: 6.2, Diff: 2.5, Sum: 205.3]
      [GC Worker End (ms): Min: 506461742.5, Avg: 506461742.6, Max: 506461742.7, Diff: 0.3]
   [Code Root Fixup: 0.0 ms]
   [Code Root Purge: 0.0 ms]
   [Clear CT: 4.6 ms]
   [Other: 9.6 ms]
      [Choose CSet: 0.0 ms]
      [Ref Proc: 4.2 ms]
      [Ref Enq: 0.0 ms]
      [Redirty Cards: 4.8 ms]
      [Humongous Register: 0.1 ms]
      [Humongous Reclaim: 0.0 ms]
      [Free CSet: 0.1 ms]
   [Eden: 47104.0K(47104.0K)->0.0B(47104.0K) Survivors: 5120.0K->5120.0K Heap: 241.3M(1024.0M)->195.6M(1024.0M)]
 [Times: user=0.26 sys=0.00, real=0.02 secs] 
2023-06-19T13:10:50.890+0000: 507470.515: [GC pause (G1 Evacuation Pause) (young), 0.0250641 secs]
   [Parallel Time: 11.4 ms, GC Workers: 43]
      [GC Worker Start (ms): Min: 507470515.8, Avg: 507470517.1, Max: 507470518.3, Diff: 2.5]
      [Ext Root Scanning (ms): Min: 0.0, Avg: 0.5, Max: 1.7, Diff: 1.7, Sum: 22.5]
      [Update RS (ms): Min: 0.0, Avg: 0.2, Max: 0.4, Diff: 0.4, Sum: 7.6]
         [Processed Buffers: Min: 0, Avg: 2.0, Max: 8, Diff: 8, Sum: 86]
      [Scan RS (ms): Min: 0.0, Avg: 0.0, Max: 0.0, Diff: 0.0, Sum: 0.6]
      [Code Root Scanning (ms): Min: 0.0, Avg: 0.0, Max: 0.0, Diff: 0.0, Sum: 0.0]
      [Object Copy (ms): Min: 5.8, Avg: 6.3, Max: 6.5, Diff: 0.7, Sum: 270.9]
      [Termination (ms): Min: 0.0, Avg: 0.1, Max: 0.1, Diff: 0.1, Sum: 2.8]
         [Termination Attempts: Min: 1, Avg: 1.3, Max: 4, Diff: 3, Sum: 57]
      [GC Worker Other (ms): Min: 0.0, Avg: 0.1, Max: 0.3, Diff: 0.3, Sum: 4.1]
      [GC Worker Total (ms): Min: 6.1, Avg: 7.2, Max: 8.5, Diff: 2.3, Sum: 308.5]
      [GC Worker End (ms): Min: 507470524.2, Avg: 507470524.3, Max: 507470524.5, Diff: 0.3]
   [Code Root Fixup: 0.0 ms]
   [Code Root Purge: 0.0 ms]
   [Clear CT: 4.9 ms]
   [Other: 8.7 ms]
      [Choose CSet: 0.0 ms]
      [Ref Proc: 3.0 ms]
      [Ref Enq: 0.0 ms]
      [Redirty Cards: 5.1 ms]
      [Humongous Register: 0.1 ms]
      [Humongous Reclaim: 0.0 ms]
      [Free CSet: 0.1 ms]
   [Eden: 47104.0K(47104.0K)->0.0B(47104.0K) Survivors: 5120.0K->5120.0K Heap: 241.6M(1024.0M)->195.3M(1024.0M)]
 [Times: user=0.34 sys=0.01, real=0.02 secs] 
2023-06-19T13:27:01.458+0000: 508441.084: [GC pause (G1 Evacuation Pause) (young), 0.0267220 secs]
   [Parallel Time: 11.0 ms, GC Workers: 43]
      [GC Worker Start (ms): Min: 508441086.5, Avg: 508441088.5, Max: 508441090.3, Diff: 3.7]
      [Ext Root Scanning (ms): Min: 0.0, Avg: 1.2, Max: 8.0, Diff: 8.0, Sum: 50.0]
      [Update RS (ms): Min: 0.0, Avg: 0.5, Max: 0.9, Diff: 0.9, Sum: 19.5]
         [Processed Buffers: Min: 0, Avg: 2.0, Max: 8, Diff: 8, Sum: 87]
      [Scan RS (ms): Min: 0.0, Avg: 0.0, Max: 0.0, Diff: 0.0, Sum: 0.4]
      [Code Root Scanning (ms): Min: 0.0, Avg: 0.0, Max: 0.0, Diff: 0.0, Sum: 0.0]
      [Object Copy (ms): Min: 0.0, Avg: 3.6, Max: 3.9, Diff: 3.8, Sum: 153.8]
      [Termination (ms): Min: 0.0, Avg: 0.8, Max: 0.9, Diff: 0.9, Sum: 35.6]
         [Termination Attempts: Min: 1, Avg: 1.0, Max: 1, Diff: 0, Sum: 43]
      [GC Worker Other (ms): Min: 0.0, Avg: 0.1, Max: 0.3, Diff: 0.3, Sum: 3.1]
      [GC Worker Total (ms): Min: 4.3, Avg: 6.1, Max: 8.0, Diff: 3.7, Sum: 262.4]
      [GC Worker End (ms): Min: 508441094.5, Avg: 508441094.6, Max: 508441094.7, Diff: 0.1]
   [Code Root Fixup: 0.0 ms]
   [Code Root Purge: 0.0 ms]
   [Clear CT: 4.7 ms]
   [Other: 11.0 ms]
      [Choose CSet: 0.0 ms]
      [Ref Proc: 3.0 ms]
      [Ref Enq: 0.0 ms]
      [Redirty Cards: 5.0 ms]
      [Humongous Register: 2.1 ms]
      [Humongous Reclaim: 0.0 ms]
      [Free CSet: 0.2 ms]
   [Eden: 47104.0K(47104.0K)->0.0B(47104.0K) Survivors: 5120.0K->5120.0K Heap: 241.3M(1024.0M)->195.1M(1024.0M)]
 [Times: user=0.31 sys=0.00, real=0.03 secs] 
2023-06-19T13:44:05.636+0000: 509465.261: [GC pause (G1 Evacuation Pause) (young), 0.0231905 secs]
   [Parallel Time: 7.9 ms, GC Workers: 43]
      [GC Worker Start (ms): Min: 509465261.4, Avg: 509465262.8, Max: 509465263.9, Diff: 2.5]
      [Ext Root Scanning (ms): Min: 0.0, Avg: 0.4, Max: 1.6, Diff: 1.6, Sum: 17.7]
      [Update RS (ms): Min: 0.0, Avg: 0.2, Max: 0.5, Diff: 0.5, Sum: 7.3]
         [Processed Buffers: Min: 0, Avg: 2.1, Max: 9, Diff: 9, Sum: 91]
      [Scan RS (ms): Min: 0.0, Avg: 0.0, Max: 0.0, Diff: 0.0, Sum: 0.6]
      [Code Root Scanning (ms): Min: 0.0, Avg: 0.0, Max: 0.0, Diff: 0.0, Sum: 0.0]
      [Object Copy (ms): Min: 3.5, Avg: 4.0, Max: 4.2, Diff: 0.7, Sum: 170.5]
      [Termination (ms): Min: 0.0, Avg: 0.1, Max: 0.1, Diff: 0.1, Sum: 2.5]
         [Termination Attempts: Min: 1, Avg: 1.0, Max: 1, Diff: 0, Sum: 43]
      [GC Worker Other (ms): Min: 0.0, Avg: 0.1, Max: 0.5, Diff: 0.4, Sum: 5.6]
      [GC Worker Total (ms): Min: 3.6, Avg: 4.8, Max: 6.1, Diff: 2.5, Sum: 204.3]
      [GC Worker End (ms): Min: 509465267.5, Avg: 509465267.5, Max: 509465267.8, Diff: 0.3]
   [Code Root Fixup: 0.0 ms]
   [Code Root Purge: 0.0 ms]
   [Clear CT: 5.3 ms]
   [Other: 10.0 ms]
      [Choose CSet: 0.0 ms]
      [Ref Proc: 4.0 ms]
      [Ref Enq: 0.0 ms]
      [Redirty Cards: 5.3 ms]
      [Humongous Register: 0.1 ms]
      [Humongous Reclaim: 0.0 ms]
      [Free CSet: 0.2 ms]
   [Eden: 47104.0K(47104.0K)->0.0B(47104.0K) Survivors: 5120.0K->5120.0K Heap: 241.1M(1024.0M)->195.3M(1024.0M)]
 [Times: user=0.25 sys=0.00, real=0.02 secs] 
2023-06-19T14:01:12.338+0000: 510491.963: [GC pause (G1 Evacuation Pause) (young), 0.0261384 secs]
   [Parallel Time: 9.9 ms, GC Workers: 43]
      [GC Worker Start (ms): Min: 510491966.0, Avg: 510491968.0, Max: 510491969.8, Diff: 3.8]
      [Ext Root Scanning (ms): Min: 0.0, Avg: 1.1, Max: 8.2, Diff: 8.2, Sum: 48.9]
      [Update RS (ms): Min: 0.0, Avg: 0.4, Max: 0.8, Diff: 0.8, Sum: 16.2]
         [Processed Buffers: Min: 0, Avg: 2.0, Max: 7, Diff: 7, Sum: 87]
      [Scan RS (ms): Min: 0.0, Avg: 0.0, Max: 0.0, Diff: 0.0, Sum: 0.4]
      [Code Root Scanning (ms): Min: 0.0, Avg: 0.0, Max: 0.0, Diff: 0.0, Sum: 0.0]
      [Object Copy (ms): Min: 0.0, Avg: 4.0, Max: 4.3, Diff: 4.3, Sum: 171.1]
      [Termination (ms): Min: 0.0, Avg: 0.8, Max: 0.9, Diff: 0.9, Sum: 34.0]
         [Termination Attempts: Min: 1, Avg: 1.0, Max: 1, Diff: 0, Sum: 43]
      [GC Worker Other (ms): Min: 0.0, Avg: 0.1, Max: 0.2, Diff: 0.2, Sum: 2.6]
      [GC Worker Total (ms): Min: 4.6, Avg: 6.4, Max: 8.3, Diff: 3.7, Sum: 273.2]
      [GC Worker End (ms): Min: 510491974.3, Avg: 510491974.4, Max: 510491974.4, Diff: 0.2]
   [Code Root Fixup: 0.0 ms]
   [Code Root Purge: 0.0 ms]
   [Clear CT: 4.8 ms]
   [Other: 11.4 ms]
      [Choose CSet: 0.0 ms]
      [Ref Proc: 3.3 ms]
      [Ref Enq: 0.0 ms]
      [Redirty Cards: 5.1 ms]
      [Humongous Register: 2.1 ms]
      [Humongous Reclaim: 0.0 ms]
      [Free CSet: 0.2 ms]
   [Eden: 47104.0K(47104.0K)->0.0B(47104.0K) Survivors: 5120.0K->5120.0K Heap: 241.3M(1024.0M)->195.5M(1024.0M)]
 [Times: user=0.29 sys=0.03, real=0.03 secs] 
2023-06-19T14:17:04.804+0000: 511444.429: [GC pause (G1 Evacuation Pause) (young), 0.0218233 secs]
   [Parallel Time: 7.4 ms, GC Workers: 43]
      [GC Worker Start (ms): Min: 511444429.7, Avg: 511444431.1, Max: 511444432.2, Diff: 2.5]
      [Ext Root Scanning (ms): Min: 0.0, Avg: 0.5, Max: 1.7, Diff: 1.7, Sum: 21.6]
      [Update RS (ms): Min: 0.0, Avg: 0.2, Max: 0.6, Diff: 0.6, Sum: 8.8]
         [Processed Buffers: Min: 0, Avg: 2.1, Max: 7, Diff: 7, Sum: 89]
      [Scan RS (ms): Min: 0.0, Avg: 0.0, Max: 0.0, Diff: 0.0, Sum: 0.5]
      [Code Root Scanning (ms): Min: 0.0, Avg: 0.0, Max: 0.0, Diff: 0.0, Sum: 0.0]
      [Object Copy (ms): Min: 3.4, Avg: 3.8, Max: 3.9, Diff: 0.6, Sum: 161.9]
      [Termination (ms): Min: 0.0, Avg: 0.1, Max: 0.1, Diff: 0.1, Sum: 3.0]
         [Termination Attempts: Min: 1, Avg: 1.0, Max: 1, Diff: 0, Sum: 43]
      [GC Worker Other (ms): Min: 0.0, Avg: 0.1, Max: 0.4, Diff: 0.3, Sum: 4.8]
      [GC Worker Total (ms): Min: 3.5, Avg: 4.7, Max: 6.0, Diff: 2.5, Sum: 200.5]
      [GC Worker End (ms): Min: 511444435.6, Avg: 511444435.7, Max: 511444435.9, Diff: 0.3]
   [Code Root Fixup: 0.0 ms]
   [Code Root Purge: 0.0 ms]
   [Clear CT: 4.7 ms]
   [Other: 9.6 ms]
      [Choose CSet: 0.0 ms]
      [Ref Proc: 4.2 ms]
      [Ref Enq: 0.0 ms]
      [Redirty Cards: 4.8 ms]
      [Humongous Register: 0.1 ms]
      [Humongous Reclaim: 0.0 ms]
      [Free CSet: 0.1 ms]
   [Eden: 47104.0K(47104.0K)->0.0B(47104.0K) Survivors: 5120.0K->5120.0K Heap: 241.5M(1024.0M)->195.0M(1024.0M)]
 [Times: user=0.25 sys=0.00, real=0.02 secs] 
2023-06-19T14:34:08.509+0000: 512468.135: [GC pause (G1 Evacuation Pause) (young), 0.0203468 secs]
   [Parallel Time: 7.6 ms, GC Workers: 43]
      [GC Worker Start (ms): Min: 512468135.0, Avg: 512468136.3, Max: 512468137.5, Diff: 2.5]
      [Ext Root Scanning (ms): Min: 0.0, Avg: 0.6, Max: 6.2, Diff: 6.2, Sum: 27.6]
      [Update RS (ms): Min: 0.0, Avg: 0.2, Max: 0.5, Diff: 0.5, Sum: 8.7]
         [Processed Buffers: Min: 0, Avg: 2.0, Max: 6, Diff: 6, Sum: 88]
      [Scan RS (ms): Min: 0.0, Avg: 0.0, Max: 0.0, Diff: 0.0, Sum: 0.6]
      [Code Root Scanning (ms): Min: 0.0, Avg: 0.0, Max: 0.0, Diff: 0.0, Sum: 0.0]
      [Object Copy (ms): Min: 0.0, Avg: 3.8, Max: 4.1, Diff: 4.0, Sum: 163.3]
      [Termination (ms): Min: 0.0, Avg: 0.3, Max: 0.3, Diff: 0.3, Sum: 13.7]
         [Termination Attempts: Min: 1, Avg: 1.0, Max: 1, Diff: 0, Sum: 43]
      [GC Worker Other (ms): Min: 0.0, Avg: 0.1, Max: 0.2, Diff: 0.2, Sum: 2.6]
      [GC Worker Total (ms): Min: 3.9, Avg: 5.0, Max: 6.3, Diff: 2.4, Sum: 216.6]
      [GC Worker End (ms): Min: 512468141.2, Avg: 512468141.3, Max: 512468141.5, Diff: 0.2]
   [Code Root Fixup: 0.0 ms]
   [Code Root Purge: 0.0 ms]
   [Clear CT: 5.1 ms]
   [Other: 7.7 ms]
      [Choose CSet: 0.0 ms]
      [Ref Proc: 3.0 ms]
      [Ref Enq: 0.0 ms]
      [Redirty Cards: 4.0 ms]
      [Humongous Register: 0.1 ms]
      [Humongous Reclaim: 0.0 ms]
      [Free CSet: 0.1 ms]
   [Eden: 47104.0K(47104.0K)->0.0B(47104.0K) Survivors: 5120.0K->5120.0K Heap: 241.0M(1024.0M)->195.5M(1024.0M)]
 [Times: user=0.25 sys=0.02, real=0.02 secs] 
2023-06-19T14:51:16.068+0000: 513495.694: [GC pause (G1 Evacuation Pause) (young), 0.0253335 secs]
   [Parallel Time: 9.1 ms, GC Workers: 43]
      [GC Worker Start (ms): Min: 513495696.6, Avg: 513495698.5, Max: 513495700.8, Diff: 4.2]
      [Ext Root Scanning (ms): Min: 0.0, Avg: 0.7, Max: 3.0, Diff: 3.0, Sum: 30.5]
      [Update RS (ms): Min: 0.0, Avg: 0.3, Max: 0.6, Diff: 0.6, Sum: 12.3]
         [Processed Buffers: Min: 0, Avg: 2.1, Max: 9, Diff: 9, Sum: 90]
      [Scan RS (ms): Min: 0.0, Avg: 0.0, Max: 0.0, Diff: 0.0, Sum: 0.5]
      [Code Root Scanning (ms): Min: 0.0, Avg: 0.0, Max: 0.0, Diff: 0.0, Sum: 0.0]
      [Object Copy (ms): Min: 3.0, Avg: 4.3, Max: 4.5, Diff: 1.6, Sum: 183.9]
      [Termination (ms): Min: 0.0, Avg: 0.1, Max: 0.1, Diff: 0.1, Sum: 3.0]
         [Termination Attempts: Min: 1, Avg: 1.0, Max: 1, Diff: 0, Sum: 43]
      [GC Worker Other (ms): Min: 0.0, Avg: 0.2, Max: 0.4, Diff: 0.3, Sum: 6.5]
      [GC Worker Total (ms): Min: 3.3, Avg: 5.5, Max: 7.6, Diff: 4.2, Sum: 236.7]
      [GC Worker End (ms): Min: 513495703.9, Avg: 513495704.0, Max: 513495704.3, Diff: 0.3]
   [Code Root Fixup: 0.0 ms]
   [Code Root Purge: 0.0 ms]
   [Clear CT: 5.1 ms]
   [Other: 11.1 ms]
      [Choose CSet: 0.0 ms]
      [Ref Proc: 3.1 ms]
      [Ref Enq: 0.0 ms]
      [Redirty Cards: 5.0 ms]
      [Humongous Register: 2.1 ms]
      [Humongous Reclaim: 0.0 ms]
      [Free CSet: 0.2 ms]
   [Eden: 47104.0K(47104.0K)->0.0B(47104.0K) Survivors: 5120.0K->5120.0K Heap: 241.5M(1024.0M)->195.4M(1024.0M)]
 [Times: user=0.28 sys=0.00, real=0.03 secs] 
2023-06-19T15:08:15.389+0000: 514515.014: [GC pause (G1 Evacuation Pause) (young), 0.0251517 secs]
   [Parallel Time: 12.2 ms, GC Workers: 43]
      [GC Worker Start (ms): Min: 514515014.6, Avg: 514515015.9, Max: 514515017.1, Diff: 2.6]
      [Ext Root Scanning (ms): Min: 0.0, Avg: 0.5, Max: 1.9, Diff: 1.9, Sum: 21.8]
      [Update RS (ms): Min: 0.0, Avg: 0.2, Max: 0.6, Diff: 0.6, Sum: 7.8]
         [Processed Buffers: Min: 0, Avg: 2.0, Max: 7, Diff: 7, Sum: 86]
      [Scan RS (ms): Min: 0.0, Avg: 0.0, Max: 0.0, Diff: 0.0, Sum: 0.6]
      [Code Root Scanning (ms): Min: 0.0, Avg: 0.0, Max: 0.0, Diff: 0.0, Sum: 0.0]
      [Object Copy (ms): Min: 7.4, Avg: 7.9, Max: 8.1, Diff: 0.7, Sum: 337.6]
      [Termination (ms): Min: 0.0, Avg: 0.1, Max: 0.2, Diff: 0.2, Sum: 3.8]
         [Termination Attempts: Min: 1, Avg: 2.7, Max: 7, Diff: 6, Sum: 118]
      [GC Worker Other (ms): Min: 0.0, Avg: 0.1, Max: 0.4, Diff: 0.4, Sum: 5.2]
      [GC Worker Total (ms): Min: 7.5, Avg: 8.8, Max: 10.2, Diff: 2.6, Sum: 376.8]
      [GC Worker End (ms): Min: 514515024.6, Avg: 514515024.7, Max: 514515024.9, Diff: 0.3]
   [Code Root Fixup: 0.0 ms]
   [Code Root Purge: 0.0 ms]
   [Clear CT: 4.7 ms]
   [Other: 8.3 ms]
      [Choose CSet: 0.0 ms]
      [Ref Proc: 2.9 ms]
      [Ref Enq: 0.0 ms]
      [Redirty Cards: 4.8 ms]
      [Humongous Register: 0.1 ms]
      [Humongous Reclaim: 0.0 ms]
      [Free CSet: 0.1 ms]
   [Eden: 47104.0K(47104.0K)->0.0B(47104.0K) Survivors: 5120.0K->5120.0K Heap: 241.4M(1024.0M)->195.6M(1024.0M)]
 [Times: user=0.41 sys=0.02, real=0.03 secs] 
2023-06-19T15:24:14.933+0000: 515474.558: [GC pause (G1 Evacuation Pause) (young), 0.0257523 secs]
   [Parallel Time: 9.2 ms, GC Workers: 43]
      [GC Worker Start (ms): Min: 515474560.9, Avg: 515474562.9, Max: 515474564.7, Diff: 3.8]
      [Ext Root Scanning (ms): Min: 0.0, Avg: 1.1, Max: 7.4, Diff: 7.3, Sum: 45.7]
      [Update RS (ms): Min: 0.0, Avg: 0.4, Max: 0.9, Diff: 0.9, Sum: 16.0]
         [Processed Buffers: Min: 0, Avg: 2.1, Max: 8, Diff: 8, Sum: 90]
      [Scan RS (ms): Min: 0.0, Avg: 0.0, Max: 0.1, Diff: 0.1, Sum: 0.6]
      [Code Root Scanning (ms): Min: 0.0, Avg: 0.0, Max: 0.0, Diff: 0.0, Sum: 0.0]
      [Object Copy (ms): Min: 0.0, Avg: 3.7, Max: 4.1, Diff: 4.0, Sum: 159.2]
      [Termination (ms): Min: 0.0, Avg: 0.2, Max: 0.2, Diff: 0.2, Sum: 7.5]
         [Termination Attempts: Min: 1, Avg: 1.0, Max: 1, Diff: 0, Sum: 43]
      [GC Worker Other (ms): Min: 0.0, Avg: 0.2, Max: 0.7, Diff: 0.6, Sum: 7.7]
      [GC Worker Total (ms): Min: 3.7, Avg: 5.5, Max: 7.6, Diff: 3.9, Sum: 236.7]
      [GC Worker End (ms): Min: 515474568.3, Avg: 515474568.4, Max: 515474568.7, Diff: 0.3]
   [Code Root Fixup: 0.0 ms]
   [Code Root Purge: 0.0 ms]
   [Clear CT: 5.0 ms]
   [Other: 11.5 ms]
      [Choose CSet: 0.0 ms]
      [Ref Proc: 3.5 ms]
      [Ref Enq: 0.0 ms]
      [Redirty Cards: 5.0 ms]
      [Humongous Register: 2.1 ms]
      [Humongous Reclaim: 0.0 ms]
      [Free CSet: 0.2 ms]
   [Eden: 47104.0K(47104.0K)->0.0B(47104.0K) Survivors: 5120.0K->5120.0K Heap: 241.6M(1024.0M)->195.1M(1024.0M)]
 [Times: user=0.28 sys=0.00, real=0.02 secs] 
2023-06-19T15:41:22.591+0000: 516502.216: [GC pause (G1 Evacuation Pause) (young), 0.0252087 secs]
   [Parallel Time: 10.3 ms, GC Workers: 43]
      [GC Worker Start (ms): Min: 516502216.7, Avg: 516502218.1, Max: 516502219.3, Diff: 2.6]
      [Ext Root Scanning (ms): Min: 0.0, Avg: 0.5, Max: 1.7, Diff: 1.6, Sum: 20.8]
      [Update RS (ms): Min: 0.0, Avg: 0.2, Max: 0.6, Diff: 0.6, Sum: 6.5]
         [Processed Buffers: Min: 0, Avg: 2.1, Max: 8, Diff: 8, Sum: 89]
      [Scan RS (ms): Min: 0.0, Avg: 0.0, Max: 0.1, Diff: 0.0, Sum: 0.8]
      [Code Root Scanning (ms): Min: 0.0, Avg: 0.0, Max: 0.0, Diff: 0.0, Sum: 0.0]
      [Object Copy (ms): Min: 4.7, Avg: 5.4, Max: 5.6, Diff: 0.9, Sum: 230.7]
      [Termination (ms): Min: 0.0, Avg: 0.1, Max: 0.1, Diff: 0.1, Sum: 3.6]
         [Termination Attempts: Min: 1, Avg: 1.6, Max: 3, Diff: 2, Sum: 68]
      [GC Worker Other (ms): Min: 0.0, Avg: 0.1, Max: 0.2, Diff: 0.2, Sum: 3.5]
      [GC Worker Total (ms): Min: 4.9, Avg: 6.2, Max: 7.7, Diff: 2.8, Sum: 265.8]
      [GC Worker End (ms): Min: 516502224.2, Avg: 516502224.3, Max: 516502224.4, Diff: 0.2]
   [Code Root Fixup: 0.0 ms]
   [Code Root Purge: 0.0 ms]
   [Clear CT: 5.0 ms]
   [Other: 9.9 ms]
      [Choose CSet: 0.0 ms]
      [Ref Proc: 4.2 ms]
      [Ref Enq: 0.0 ms]
      [Redirty Cards: 5.0 ms]
      [Humongous Register: 0.1 ms]
      [Humongous Reclaim: 0.0 ms]
      [Free CSet: 0.2 ms]
   [Eden: 47104.0K(47104.0K)->0.0B(47104.0K) Survivors: 5120.0K->5120.0K Heap: 241.1M(1024.0M)->195.3M(1024.0M)]
 [Times: user=0.30 sys=0.02, real=0.02 secs] 
2023-06-19T15:58:27.591+0000: 517527.217: [GC pause (G1 Evacuation Pause) (young), 0.0296513 secs]
   [Parallel Time: 13.3 ms, GC Workers: 43]
      [GC Worker Start (ms): Min: 517527219.6, Avg: 517527221.7, Max: 517527226.6, Diff: 7.0]
      [Ext Root Scanning (ms): Min: 0.0, Avg: 0.9, Max: 11.7, Diff: 11.7, Sum: 40.7]
      [Update RS (ms): Min: 0.0, Avg: 0.3, Max: 0.7, Diff: 0.7, Sum: 12.5]
         [Processed Buffers: Min: 0, Avg: 2.0, Max: 5, Diff: 5, Sum: 88]
      [Scan RS (ms): Min: 0.0, Avg: 0.0, Max: 0.1, Diff: 0.1, Sum: 0.7]
      [Code Root Scanning (ms): Min: 0.0, Avg: 0.0, Max: 0.0, Diff: 0.0, Sum: 0.0]
      [Object Copy (ms): Min: 0.0, Avg: 3.7, Max: 8.0, Diff: 8.0, Sum: 160.7]
      [Termination (ms): Min: 0.0, Avg: 4.7, Max: 5.0, Diff: 5.0, Sum: 204.2]
         [Termination Attempts: Min: 1, Avg: 1.1, Max: 2, Diff: 1, Sum: 49]
      [GC Worker Other (ms): Min: 0.0, Avg: 0.1, Max: 0.2, Diff: 0.2, Sum: 2.6]
      [GC Worker Total (ms): Min: 4.9, Avg: 9.8, Max: 11.8, Diff: 6.9, Sum: 421.3]
      [GC Worker End (ms): Min: 517527231.4, Avg: 517527231.5, Max: 517527231.6, Diff: 0.2]
   [Code Root Fixup: 0.0 ms]
   [Code Root Purge: 0.0 ms]
   [Clear CT: 4.9 ms]
   [Other: 11.4 ms]
      [Choose CSet: 0.0 ms]
      [Ref Proc: 3.2 ms]
      [Ref Enq: 0.0 ms]
      [Redirty Cards: 5.1 ms]
      [Humongous Register: 2.1 ms]
      [Humongous Reclaim: 0.0 ms]
      [Free CSet: 0.2 ms]
   [Eden: 47104.0K(47104.0K)->0.0B(47104.0K) Survivors: 5120.0K->5120.0K Heap: 241.3M(1024.0M)->195.6M(1024.0M)]
 [Times: user=0.47 sys=0.00, real=0.03 secs] 
2023-06-19T16:14:20.871+0000: 518480.496: [GC pause (G1 Evacuation Pause) (young), 0.0226976 secs]
   [Parallel Time: 8.6 ms, GC Workers: 43]
      [GC Worker Start (ms): Min: 518480496.4, Avg: 518480497.8, Max: 518480500.7, Diff: 4.3]
      [Ext Root Scanning (ms): Min: 0.0, Avg: 0.5, Max: 1.7, Diff: 1.7, Sum: 22.1]
      [Update RS (ms): Min: 0.0, Avg: 0.1, Max: 0.5, Diff: 0.5, Sum: 6.1]
         [Processed Buffers: Min: 0, Avg: 2.0, Max: 6, Diff: 6, Sum: 86]
      [Scan RS (ms): Min: 0.0, Avg: 0.0, Max: 0.0, Diff: 0.0, Sum: 0.6]
      [Code Root Scanning (ms): Min: 0.0, Avg: 0.0, Max: 0.0, Diff: 0.0, Sum: 0.0]
      [Object Copy (ms): Min: 1.6, Avg: 3.7, Max: 4.0, Diff: 2.4, Sum: 160.1]
      [Termination (ms): Min: 0.0, Avg: 0.0, Max: 0.1, Diff: 0.1, Sum: 2.1]
         [Termination Attempts: Min: 1, Avg: 1.0, Max: 1, Diff: 0, Sum: 43]
      [GC Worker Other (ms): Min: 0.0, Avg: 0.1, Max: 0.3, Diff: 0.3, Sum: 4.6]
      [GC Worker Total (ms): Min: 1.8, Avg: 4.6, Max: 6.0, Diff: 4.1, Sum: 195.7]
      [GC Worker End (ms): Min: 518480502.3, Avg: 518480502.4, Max: 518480502.6, Diff: 0.3]
   [Code Root Fixup: 0.0 ms]
   [Code Root Purge: 0.0 ms]
   [Clear CT: 4.9 ms]
   [Other: 9.2 ms]
      [Choose CSet: 0.0 ms]
      [Ref Proc: 3.6 ms]
      [Ref Enq: 0.0 ms]
      [Redirty Cards: 4.9 ms]
      [Humongous Register: 0.1 ms]
      [Humongous Reclaim: 0.0 ms]
      [Free CSet: 0.1 ms]
   [Eden: 47104.0K(47104.0K)->0.0B(47104.0K) Survivors: 5120.0K->5120.0K Heap: 241.6M(1024.0M)->194.9M(1024.0M)]
 [Times: user=0.24 sys=0.00, real=0.02 secs] 
2023-06-19T16:31:28.874+0000: 519508.500: [GC pause (G1 Evacuation Pause) (young), 0.0228053 secs]
   [Parallel Time: 7.2 ms, GC Workers: 43]
      [GC Worker Start (ms): Min: 519508500.4, Avg: 519508502.3, Max: 519508506.8, Diff: 6.4]
      [Ext Root Scanning (ms): Min: 0.0, Avg: 0.5, Max: 1.7, Diff: 1.7, Sum: 21.5]
      [Update RS (ms): Min: 0.0, Avg: 0.2, Max: 0.6, Diff: 0.6, Sum: 6.9]
         [Processed Buffers: Min: 0, Avg: 2.0, Max: 7, Diff: 7, Sum: 85]
      [Scan RS (ms): Min: 0.0, Avg: 0.0, Max: 0.0, Diff: 0.0, Sum: 0.7]
      [Code Root Scanning (ms): Min: 0.0, Avg: 0.0, Max: 0.0, Diff: 0.0, Sum: 0.0]
      [Object Copy (ms): Min: 0.0, Avg: 3.7, Max: 4.5, Diff: 4.5, Sum: 160.2]
      [Termination (ms): Min: 0.0, Avg: 0.2, Max: 0.3, Diff: 0.3, Sum: 7.4]
         [Termination Attempts: Min: 1, Avg: 1.0, Max: 2, Diff: 1, Sum: 44]
      [GC Worker Other (ms): Min: 0.0, Avg: 0.1, Max: 0.5, Diff: 0.5, Sum: 5.2]
      [GC Worker Total (ms): Min: 0.1, Avg: 4.7, Max: 6.6, Diff: 6.5, Sum: 201.8]
      [GC Worker End (ms): Min: 519508506.9, Avg: 519508507.0, Max: 519508507.2, Diff: 0.3]
   [Code Root Fixup: 0.0 ms]
   [Code Root Purge: 0.0 ms]
   [Clear CT: 6.2 ms]
   [Other: 9.4 ms]
      [Choose CSet: 0.0 ms]
      [Ref Proc: 3.5 ms]
      [Ref Enq: 0.0 ms]
      [Redirty Cards: 5.3 ms]
      [Humongous Register: 0.1 ms]
      [Humongous Reclaim: 0.0 ms]
      [Free CSet: 0.1 ms]
   [Eden: 47104.0K(47104.0K)->0.0B(47104.0K) Survivors: 5120.0K->5120.0K Heap: 240.9M(1024.0M)->195.5M(1024.0M)]
 [Times: user=0.25 sys=0.00, real=0.02 secs] 
2023-06-19T16:48:34.469+0000: 520534.095: [GC pause (G1 Evacuation Pause) (young), 0.0289882 secs]
   [Parallel Time: 9.6 ms, GC Workers: 43]
      [GC Worker Start (ms): Min: 520534097.5, Avg: 520534099.4, Max: 520534101.3, Diff: 3.8]
      [Ext Root Scanning (ms): Min: 0.0, Avg: 0.7, Max: 7.0, Diff: 7.0, Sum: 31.5]
      [Update RS (ms): Min: 0.0, Avg: 0.2, Max: 0.6, Diff: 0.6, Sum: 9.7]
         [Processed Buffers: Min: 0, Avg: 1.9, Max: 9, Diff: 9, Sum: 81]
      [Scan RS (ms): Min: 0.0, Avg: 0.0, Max: 0.0, Diff: 0.0, Sum: 0.6]
      [Code Root Scanning (ms): Min: 0.0, Avg: 0.0, Max: 0.0, Diff: 0.0, Sum: 0.0]
      [Object Copy (ms): Min: 0.1, Avg: 4.1, Max: 4.5, Diff: 4.4, Sum: 175.7]
      [Termination (ms): Min: 0.0, Avg: 0.1, Max: 0.2, Diff: 0.2, Sum: 5.0]
         [Termination Attempts: Min: 1, Avg: 1.0, Max: 1, Diff: 0, Sum: 43]
      [GC Worker Other (ms): Min: 0.0, Avg: 0.1, Max: 0.3, Diff: 0.3, Sum: 5.4]
      [GC Worker Total (ms): Min: 3.4, Avg: 5.3, Max: 7.2, Diff: 3.8, Sum: 227.9]
      [GC Worker End (ms): Min: 520534104.7, Avg: 520534104.7, Max: 520534104.9, Diff: 0.3]
   [Code Root Fixup: 0.0 ms]
   [Code Root Purge: 0.0 ms]
   [Clear CT: 6.3 ms]
   [Other: 13.0 ms]
      [Choose CSet: 0.0 ms]
      [Ref Proc: 4.2 ms]
      [Ref Enq: 0.0 ms]
      [Redirty Cards: 5.4 ms]
      [Humongous Register: 2.0 ms]
      [Humongous Reclaim: 0.0 ms]
      [Free CSet: 0.4 ms]
   [Eden: 47104.0K(47104.0K)->0.0B(47104.0K) Survivors: 5120.0K->5120.0K Heap: 241.5M(1024.0M)->195.6M(1024.0M)]
 [Times: user=0.27 sys=0.01, real=0.02 secs] 
2023-06-19T17:05:41.224+0000: 521560.849: [GC pause (G1 Evacuation Pause) (young), 0.0276624 secs]
   [Parallel Time: 12.9 ms, GC Workers: 43]
      [GC Worker Start (ms): Min: 521560849.4, Avg: 521560850.8, Max: 521560852.1, Diff: 2.7]
      [Ext Root Scanning (ms): Min: 0.0, Avg: 0.5, Max: 1.7, Diff: 1.6, Sum: 20.4]
      [Update RS (ms): Min: 0.0, Avg: 0.1, Max: 0.5, Diff: 0.5, Sum: 6.4]
         [Processed Buffers: Min: 0, Avg: 1.9, Max: 6, Diff: 6, Sum: 83]
      [Scan RS (ms): Min: 0.0, Avg: 0.0, Max: 0.1, Diff: 0.0, Sum: 0.9]
      [Code Root Scanning (ms): Min: 0.0, Avg: 0.0, Max: 0.0, Diff: 0.0, Sum: 0.0]
      [Object Copy (ms): Min: 6.4, Avg: 7.0, Max: 7.2, Diff: 0.8, Sum: 300.5]
      [Termination (ms): Min: 0.0, Avg: 0.0, Max: 0.1, Diff: 0.1, Sum: 0.9]
         [Termination Attempts: Min: 1, Avg: 1.6, Max: 3, Diff: 2, Sum: 68]
      [GC Worker Other (ms): Min: 0.0, Avg: 0.1, Max: 0.3, Diff: 0.3, Sum: 4.8]
      [GC Worker Total (ms): Min: 6.5, Avg: 7.8, Max: 9.2, Diff: 2.7, Sum: 333.9]
      [GC Worker End (ms): Min: 521560858.5, Avg: 521560858.6, Max: 521560858.8, Diff: 0.3]
   [Code Root Fixup: 0.0 ms]
   [Code Root Purge: 0.0 ms]
   [Clear CT: 5.3 ms]
   [Other: 9.5 ms]
      [Choose CSet: 0.0 ms]
      [Ref Proc: 3.6 ms]
      [Ref Enq: 0.0 ms]
      [Redirty Cards: 5.2 ms]
      [Humongous Register: 0.1 ms]
      [Humongous Reclaim: 0.0 ms]
      [Free CSet: 0.1 ms]
   [Eden: 47104.0K(47104.0K)->0.0B(47104.0K) Survivors: 5120.0K->5120.0K Heap: 241.6M(1024.0M)->195.2M(1024.0M)]
 [Times: user=0.38 sys=0.00, real=0.03 secs] 
2023-06-19T17:21:34.920+0000: 522514.546: [GC pause (G1 Evacuation Pause) (young), 0.0264783 secs]
   [Parallel Time: 12.2 ms, GC Workers: 43]
      [GC Worker Start (ms): Min: 522514546.7, Avg: 522514548.1, Max: 522514549.2, Diff: 2.6]
      [Ext Root Scanning (ms): Min: 0.0, Avg: 1.1, Max: 10.8, Diff: 10.8, Sum: 45.8]
      [Update RS (ms): Min: 0.0, Avg: 0.4, Max: 0.6, Diff: 0.6, Sum: 15.7]
         [Processed Buffers: Min: 0, Avg: 2.1, Max: 6, Diff: 6, Sum: 89]
      [Scan RS (ms): Min: 0.0, Avg: 0.0, Max: 0.0, Diff: 0.0, Sum: 0.5]
      [Code Root Scanning (ms): Min: 0.0, Avg: 0.0, Max: 0.0, Diff: 0.0, Sum: 0.0]
      [Object Copy (ms): Min: 0.0, Avg: 3.9, Max: 4.2, Diff: 4.1, Sum: 169.8]
      [Termination (ms): Min: 0.0, Avg: 4.1, Max: 4.3, Diff: 4.3, Sum: 177.6]
         [Termination Attempts: Min: 1, Avg: 1.0, Max: 1, Diff: 0, Sum: 43]
      [GC Worker Other (ms): Min: 0.0, Avg: 0.0, Max: 0.1, Diff: 0.1, Sum: 1.4]
      [GC Worker Total (ms): Min: 8.4, Avg: 9.6, Max: 10.9, Diff: 2.6, Sum: 410.8]
      [GC Worker End (ms): Min: 522514557.5, Avg: 522514557.6, Max: 522514557.7, Diff: 0.2]
   [Code Root Fixup: 0.0 ms]
   [Code Root Purge: 0.0 ms]
   [Clear CT: 5.0 ms]
   [Other: 9.2 ms]
      [Choose CSet: 0.0 ms]
      [Ref Proc: 3.1 ms]
      [Ref Enq: 0.0 ms]
      [Redirty Cards: 5.1 ms]
      [Humongous Register: 0.3 ms]
      [Humongous Reclaim: 0.0 ms]
      [Free CSet: 0.2 ms]
   [Eden: 47104.0K(47104.0K)->0.0B(47104.0K) Survivors: 5120.0K->5120.0K Heap: 241.2M(1024.0M)->195.2M(1024.0M)]
 [Times: user=0.45 sys=0.01, real=0.03 secs] 
2023-06-19T17:38:41.166+0000: 523540.792: [GC pause (G1 Evacuation Pause) (young), 0.0230309 secs]
   [Parallel Time: 7.8 ms, GC Workers: 43]
      [GC Worker Start (ms): Min: 523540793.9, Avg: 523540795.9, Max: 523540797.7, Diff: 3.8]
      [Ext Root Scanning (ms): Min: 0.0, Avg: 0.5, Max: 4.0, Diff: 4.0, Sum: 22.3]
      [Update RS (ms): Min: 0.0, Avg: 0.2, Max: 0.6, Diff: 0.6, Sum: 8.6]
         [Processed Buffers: Min: 0, Avg: 2.1, Max: 12, Diff: 12, Sum: 89]
      [Scan RS (ms): Min: 0.0, Avg: 0.0, Max: 0.0, Diff: 0.0, Sum: 0.6]
      [Code Root Scanning (ms): Min: 0.0, Avg: 0.0, Max: 0.0, Diff: 0.0, Sum: 0.0]
      [Object Copy (ms): Min: 2.6, Avg: 4.0, Max: 4.5, Diff: 1.9, Sum: 171.1]
      [Termination (ms): Min: 0.0, Avg: 0.1, Max: 0.1, Diff: 0.1, Sum: 3.2]
         [Termination Attempts: Min: 1, Avg: 1.0, Max: 1, Diff: 0, Sum: 43]
      [GC Worker Other (ms): Min: 0.0, Avg: 0.1, Max: 0.5, Diff: 0.4, Sum: 6.1]
      [GC Worker Total (ms): Min: 3.1, Avg: 4.9, Max: 7.1, Diff: 4.0, Sum: 211.8]
      [GC Worker End (ms): Min: 523540800.7, Avg: 523540800.8, Max: 523540801.0, Diff: 0.3]
   [Code Root Fixup: 0.0 ms]
   [Code Root Purge: 0.0 ms]
   [Clear CT: 5.1 ms]
   [Other: 10.1 ms]
      [Choose CSet: 0.0 ms]
      [Ref Proc: 2.6 ms]
      [Ref Enq: 0.0 ms]
      [Redirty Cards: 4.9 ms]
      [Humongous Register: 1.8 ms]
      [Humongous Reclaim: 0.0 ms]
      [Free CSet: 0.1 ms]
   [Eden: 47104.0K(47104.0K)->0.0B(47104.0K) Survivors: 5120.0K->5120.0K Heap: 241.2M(1024.0M)->195.6M(1024.0M)]
 [Times: user=0.25 sys=0.00, real=0.03 secs] 
2023-06-19T17:55:50.265+0000: 524569.891: [GC pause (G1 Evacuation Pause) (young), 0.0237697 secs]
   [Parallel Time: 8.3 ms, GC Workers: 43]
      [GC Worker Start (ms): Min: 524569890.8, Avg: 524569892.3, Max: 524569893.5, Diff: 2.6]
      [Ext Root Scanning (ms): Min: 0.0, Avg: 0.5, Max: 1.7, Diff: 1.7, Sum: 20.3]
      [Update RS (ms): Min: 0.0, Avg: 0.2, Max: 0.5, Diff: 0.5, Sum: 6.6]
         [Processed Buffers: Min: 0, Avg: 1.9, Max: 7, Diff: 7, Sum: 81]
      [Scan RS (ms): Min: 0.0, Avg: 0.0, Max: 0.0, Diff: 0.0, Sum: 0.5]
      [Code Root Scanning (ms): Min: 0.0, Avg: 0.0, Max: 0.0, Diff: 0.0, Sum: 0.0]
      [Object Copy (ms): Min: 3.8, Avg: 4.4, Max: 4.6, Diff: 0.8, Sum: 187.1]
      [Termination (ms): Min: 0.0, Avg: 0.1, Max: 0.1, Diff: 0.1, Sum: 2.5]
         [Termination Attempts: Min: 1, Avg: 1.0, Max: 1, Diff: 0, Sum: 43]
      [GC Worker Other (ms): Min: 0.0, Avg: 0.1, Max: 0.4, Diff: 0.4, Sum: 4.8]
      [GC Worker Total (ms): Min: 3.9, Avg: 5.2, Max: 6.5, Diff: 2.6, Sum: 221.8]
      [GC Worker End (ms): Min: 524569897.3, Avg: 524569897.4, Max: 524569897.6, Diff: 0.3]
   [Code Root Fixup: 0.0 ms]
   [Code Root Purge: 0.0 ms]
   [Clear CT: 5.2 ms]
   [Other: 10.3 ms]
      [Choose CSet: 0.0 ms]
      [Ref Proc: 4.5 ms]
      [Ref Enq: 0.0 ms]
      [Redirty Cards: 5.2 ms]
      [Humongous Register: 0.1 ms]
      [Humongous Reclaim: 0.0 ms]
      [Free CSet: 0.1 ms]
   [Eden: 47104.0K(47104.0K)->0.0B(47104.0K) Survivors: 5120.0K->5120.0K Heap: 241.6M(1024.0M)->195.7M(1024.0M)]
 [Times: user=0.26 sys=0.01, real=0.03 secs] 
2023-06-19T18:11:42.591+0000: 525522.217: [GC pause (G1 Evacuation Pause) (young), 0.0265823 secs]
   [Parallel Time: 9.7 ms, GC Workers: 43]
      [GC Worker Start (ms): Min: 525522219.4, Avg: 525522221.3, Max: 525522223.2, Diff: 3.8]
      [Ext Root Scanning (ms): Min: 0.0, Avg: 0.8, Max: 7.3, Diff: 7.2, Sum: 32.7]
      [Update RS (ms): Min: 0.0, Avg: 0.3, Max: 0.7, Diff: 0.7, Sum: 11.8]
         [Processed Buffers: Min: 0, Avg: 2.0, Max: 9, Diff: 9, Sum: 88]
      [Scan RS (ms): Min: 0.0, Avg: 0.0, Max: 0.0, Diff: 0.0, Sum: 0.5]
      [Code Root Scanning (ms): Min: 0.0, Avg: 0.0, Max: 0.0, Diff: 0.0, Sum: 0.0]
      [Object Copy (ms): Min: 0.0, Avg: 3.7, Max: 4.1, Diff: 4.1, Sum: 160.3]
      [Termination (ms): Min: 0.0, Avg: 0.6, Max: 0.8, Diff: 0.8, Sum: 27.5]
         [Termination Attempts: Min: 1, Avg: 1.0, Max: 1, Diff: 0, Sum: 43]
      [GC Worker Other (ms): Min: 0.0, Avg: 0.1, Max: 0.3, Diff: 0.2, Sum: 3.1]
      [GC Worker Total (ms): Min: 3.7, Avg: 5.5, Max: 7.3, Diff: 3.6, Sum: 236.1]
      [GC Worker End (ms): Min: 525522226.7, Avg: 525522226.8, Max: 525522226.9, Diff: 0.2]
   [Code Root Fixup: 0.0 ms]
   [Code Root Purge: 0.0 ms]
   [Clear CT: 5.2 ms]
   [Other: 11.7 ms]
      [Choose CSet: 0.0 ms]
      [Ref Proc: 3.4 ms]
      [Ref Enq: 0.0 ms]
      [Redirty Cards: 5.0 ms]
      [Humongous Register: 2.1 ms]
      [Humongous Reclaim: 0.0 ms]
      [Free CSet: 0.2 ms]
   [Eden: 47104.0K(47104.0K)->0.0B(47104.0K) Survivors: 5120.0K->5120.0K Heap: 241.7M(1024.0M)->195.6M(1024.0M)]
 [Times: user=0.29 sys=0.00, real=0.02 secs] 
2023-06-19T18:28:48.419+0000: 526548.044: [GC pause (G1 Evacuation Pause) (young), 0.0222692 secs]
   [Parallel Time: 9.0 ms, GC Workers: 43]
      [GC Worker Start (ms): Min: 526548044.5, Avg: 526548045.8, Max: 526548047.1, Diff: 2.6]
      [Ext Root Scanning (ms): Min: 0.0, Avg: 0.7, Max: 6.8, Diff: 6.7, Sum: 28.9]
      [Update RS (ms): Min: 0.0, Avg: 0.2, Max: 0.8, Diff: 0.8, Sum: 7.6]
         [Processed Buffers: Min: 0, Avg: 1.9, Max: 6, Diff: 6, Sum: 83]
      [Scan RS (ms): Min: 0.0, Avg: 0.0, Max: 0.1, Diff: 0.1, Sum: 1.1]
      [Code Root Scanning (ms): Min: 0.0, Avg: 0.0, Max: 0.0, Diff: 0.0, Sum: 0.0]
      [Object Copy (ms): Min: 0.7, Avg: 5.2, Max: 5.5, Diff: 4.8, Sum: 224.4]
      [Termination (ms): Min: 0.0, Avg: 0.1, Max: 0.1, Diff: 0.1, Sum: 2.2]
         [Termination Attempts: Min: 1, Avg: 1.1, Max: 2, Diff: 1, Sum: 49]
      [GC Worker Other (ms): Min: 0.0, Avg: 0.1, Max: 0.5, Diff: 0.5, Sum: 5.7]
      [GC Worker Total (ms): Min: 5.0, Avg: 6.3, Max: 7.6, Diff: 2.6, Sum: 270.0]
      [GC Worker End (ms): Min: 526548052.0, Avg: 526548052.1, Max: 526548052.3, Diff: 0.3]
   [Code Root Fixup: 0.0 ms]
   [Code Root Purge: 0.0 ms]
   [Clear CT: 4.8 ms]
   [Other: 8.5 ms]
      [Choose CSet: 0.0 ms]
      [Ref Proc: 2.9 ms]
      [Ref Enq: 0.0 ms]
      [Redirty Cards: 5.0 ms]
      [Humongous Register: 0.1 ms]
      [Humongous Reclaim: 0.0 ms]
      [Free CSet: 0.2 ms]
   [Eden: 47104.0K(47104.0K)->0.0B(47104.0K) Survivors: 5120.0K->5120.0K Heap: 241.6M(1024.0M)->195.2M(1024.0M)]
 [Times: user=0.31 sys=0.00, real=0.03 secs] 
2023-06-19T18:45:56.052+0000: 527575.677: [GC pause (G1 Evacuation Pause) (young), 0.0266570 secs]
   [Parallel Time: 9.5 ms, GC Workers: 43]
      [GC Worker Start (ms): Min: 527575680.2, Avg: 527575682.4, Max: 527575688.1, Diff: 7.9]
      [Ext Root Scanning (ms): Min: 0.0, Avg: 0.7, Max: 5.0, Diff: 5.0, Sum: 32.1]
      [Update RS (ms): Min: 0.0, Avg: 0.3, Max: 0.8, Diff: 0.8, Sum: 13.2]
         [Processed Buffers: Min: 0, Avg: 2.1, Max: 11, Diff: 11, Sum: 89]
      [Scan RS (ms): Min: 0.0, Avg: 0.0, Max: 0.0, Diff: 0.0, Sum: 0.5]
      [Code Root Scanning (ms): Min: 0.0, Avg: 0.0, Max: 0.0, Diff: 0.0, Sum: 0.0]
      [Object Copy (ms): Min: 0.0, Avg: 3.7, Max: 4.1, Diff: 4.1, Sum: 161.1]
      [Termination (ms): Min: 0.0, Avg: 1.0, Max: 1.1, Diff: 1.1, Sum: 41.3]
         [Termination Attempts: Min: 1, Avg: 1.0, Max: 1, Diff: 0, Sum: 43]
      [GC Worker Other (ms): Min: 0.0, Avg: 0.1, Max: 0.5, Diff: 0.4, Sum: 4.0]
      [GC Worker Total (ms): Min: 0.1, Avg: 5.9, Max: 8.0, Diff: 8.0, Sum: 252.1]
      [GC Worker End (ms): Min: 527575688.2, Avg: 527575688.2, Max: 527575688.4, Diff: 0.2]
   [Code Root Fixup: 0.0 ms]
   [Code Root Purge: 0.0 ms]
   [Clear CT: 4.8 ms]
   [Other: 12.3 ms]
      [Choose CSet: 0.0 ms]
      [Ref Proc: 4.2 ms]
      [Ref Enq: 0.0 ms]
      [Redirty Cards: 5.1 ms]
      [Humongous Register: 2.1 ms]
      [Humongous Reclaim: 0.0 ms]
      [Free CSet: 0.3 ms]
   [Eden: 47104.0K(47104.0K)->0.0B(47104.0K) Survivors: 5120.0K->5120.0K Heap: 241.2M(1024.0M)->195.5M(1024.0M)]
 [Times: user=0.28 sys=0.05, real=0.02 secs] 
2023-06-19T19:03:02.591+0000: 528602.216: [GC pause (G1 Evacuation Pause) (young), 0.0206945 secs]
   [Parallel Time: 6.9 ms, GC Workers: 43]
      [GC Worker Start (ms): Min: 528602216.6, Avg: 528602218.1, Max: 528602222.5, Diff: 5.9]
      [Ext Root Scanning (ms): Min: 0.0, Avg: 0.5, Max: 2.0, Diff: 1.9, Sum: 19.5]
      [Update RS (ms): Min: 0.0, Avg: 0.2, Max: 0.5, Diff: 0.5, Sum: 7.9]
         [Processed Buffers: Min: 0, Avg: 2.0, Max: 9, Diff: 9, Sum: 87]
      [Scan RS (ms): Min: 0.0, Avg: 0.0, Max: 0.1, Diff: 0.1, Sum: 0.5]
      [Code Root Scanning (ms): Min: 0.0, Avg: 0.0, Max: 0.0, Diff: 0.0, Sum: 0.0]
      [Object Copy (ms): Min: 0.0, Avg: 3.7, Max: 4.0, Diff: 4.0, Sum: 157.4]
      [Termination (ms): Min: 0.0, Avg: 0.1, Max: 0.3, Diff: 0.3, Sum: 6.1]
         [Termination Attempts: Min: 1, Avg: 1.0, Max: 1, Diff: 0, Sum: 43]
      [GC Worker Other (ms): Min: 0.0, Avg: 0.1, Max: 0.4, Diff: 0.4, Sum: 3.5]
      [GC Worker Total (ms): Min: 0.0, Avg: 4.5, Max: 6.0, Diff: 6.0, Sum: 195.0]
      [GC Worker End (ms): Min: 528602222.6, Avg: 528602222.7, Max: 528602222.8, Diff: 0.2]
   [Code Root Fixup: 0.0 ms]
   [Code Root Purge: 0.0 ms]
   [Clear CT: 4.6 ms]
   [Other: 9.2 ms]
      [Choose CSet: 0.0 ms]
      [Ref Proc: 4.0 ms]
      [Ref Enq: 0.0 ms]
      [Redirty Cards: 4.6 ms]
      [Humongous Register: 0.1 ms]
      [Humongous Reclaim: 0.0 ms]
      [Free CSet: 0.2 ms]
   [Eden: 47104.0K(47104.0K)->0.0B(47104.0K) Survivors: 5120.0K->5120.0K Heap: 241.5M(1024.0M)->195.1M(1024.0M)]
 [Times: user=0.26 sys=0.00, real=0.02 secs] 
2023-06-19T19:18:53.809+0000: 529553.435: [GC pause (G1 Evacuation Pause) (young), 0.0221389 secs]
   [Parallel Time: 8.4 ms, GC Workers: 43]
      [GC Worker Start (ms): Min: 529553435.7, Avg: 529553437.0, Max: 529553438.1, Diff: 2.5]
      [Ext Root Scanning (ms): Min: 0.0, Avg: 1.1, Max: 6.5, Diff: 6.5, Sum: 46.7]
      [Update RS (ms): Min: 0.0, Avg: 0.5, Max: 4.6, Diff: 4.6, Sum: 23.3]
         [Processed Buffers: Min: 0, Avg: 2.0, Max: 8, Diff: 8, Sum: 88]
      [Scan RS (ms): Min: 0.0, Avg: 0.0, Max: 0.0, Diff: 0.0, Sum: 0.5]
      [Code Root Scanning (ms): Min: 0.0, Avg: 0.0, Max: 0.0, Diff: 0.0, Sum: 0.0]
      [Object Copy (ms): Min: 0.1, Avg: 3.5, Max: 3.9, Diff: 3.9, Sum: 151.6]
      [Termination (ms): Min: 0.0, Avg: 0.5, Max: 0.6, Diff: 0.6, Sum: 22.7]
         [Termination Attempts: Min: 1, Avg: 1.0, Max: 1, Diff: 0, Sum: 43]
      [GC Worker Other (ms): Min: 0.0, Avg: 0.1, Max: 0.4, Diff: 0.4, Sum: 4.5]
      [GC Worker Total (ms): Min: 4.6, Avg: 5.8, Max: 7.1, Diff: 2.5, Sum: 249.4]
      [GC Worker End (ms): Min: 529553442.6, Avg: 529553442.8, Max: 529553442.9, Diff: 0.2]
   [Code Root Fixup: 0.0 ms]
   [Code Root Purge: 0.0 ms]
   [Clear CT: 4.8 ms]
   [Other: 8.9 ms]
      [Choose CSet: 0.0 ms]
      [Ref Proc: 3.1 ms]
      [Ref Enq: 0.0 ms]
      [Redirty Cards: 4.9 ms]
      [Humongous Register: 0.3 ms]
      [Humongous Reclaim: 0.0 ms]
      [Free CSet: 0.2 ms]
   [Eden: 47104.0K(47104.0K)->0.0B(47104.0K) Survivors: 5120.0K->5120.0K Heap: 241.1M(1024.0M)->195.5M(1024.0M)]
 [Times: user=0.29 sys=0.00, real=0.02 secs] 
2023-06-19T19:35:59.072+0000: 530578.697: [GC pause (G1 Evacuation Pause) (young), 0.0245964 secs]
   [Parallel Time: 8.0 ms, GC Workers: 43]
      [GC Worker Start (ms): Min: 530578699.8, Avg: 530578701.7, Max: 530578703.5, Diff: 3.7]
      [Ext Root Scanning (ms): Min: 0.0, Avg: 0.5, Max: 2.1, Diff: 2.1, Sum: 19.9]
      [Update RS (ms): Min: 0.0, Avg: 0.2, Max: 0.6, Diff: 0.5, Sum: 7.9]
         [Processed Buffers: Min: 0, Avg: 2.0, Max: 9, Diff: 9, Sum: 88]
      [Scan RS (ms): Min: 0.0, Avg: 0.0, Max: 0.0, Diff: 0.0, Sum: 0.7]
      [Code Root Scanning (ms): Min: 0.0, Avg: 0.0, Max: 0.0, Diff: 0.0, Sum: 0.0]
      [Object Copy (ms): Min: 2.3, Avg: 3.4, Max: 3.9, Diff: 1.7, Sum: 148.1]
      [Termination (ms): Min: 0.0, Avg: 0.1, Max: 0.1, Diff: 0.1, Sum: 2.7]
         [Termination Attempts: Min: 1, Avg: 1.0, Max: 1, Diff: 0, Sum: 43]
      [GC Worker Other (ms): Min: 0.0, Avg: 0.2, Max: 0.5, Diff: 0.5, Sum: 7.1]
      [GC Worker Total (ms): Min: 2.6, Avg: 4.3, Max: 6.3, Diff: 3.7, Sum: 186.3]
      [GC Worker End (ms): Min: 530578705.9, Avg: 530578706.0, Max: 530578706.2, Diff: 0.4]
   [Code Root Fixup: 0.0 ms]
   [Code Root Purge: 0.0 ms]
   [Clear CT: 5.7 ms]
   [Other: 10.9 ms]
      [Choose CSet: 0.0 ms]
      [Ref Proc: 3.7 ms]
      [Ref Enq: 0.0 ms]
      [Redirty Cards: 4.6 ms]
      [Humongous Register: 1.9 ms]
      [Humongous Reclaim: 0.0 ms]
      [Free CSet: 0.1 ms]
   [Eden: 47104.0K(47104.0K)->0.0B(47104.0K) Survivors: 5120.0K->5120.0K Heap: 241.5M(1024.0M)->195.7M(1024.0M)]
 [Times: user=0.20 sys=0.04, real=0.02 secs] 
2023-06-19T19:53:05.377+0000: 531605.003: [GC pause (G1 Evacuation Pause) (young), 0.0250662 secs]
   [Parallel Time: 9.1 ms, GC Workers: 43]
      [GC Worker Start (ms): Min: 531605002.8, Avg: 531605004.3, Max: 531605005.4, Diff: 2.6]
      [Ext Root Scanning (ms): Min: 0.0, Avg: 0.5, Max: 1.7, Diff: 1.7, Sum: 20.6]
      [Update RS (ms): Min: 0.0, Avg: 0.2, Max: 0.5, Diff: 0.5, Sum: 6.9]
         [Processed Buffers: Min: 0, Avg: 1.9, Max: 7, Diff: 7, Sum: 80]
      [Scan RS (ms): Min: 0.0, Avg: 0.0, Max: 0.0, Diff: 0.0, Sum: 0.6]
      [Code Root Scanning (ms): Min: 0.0, Avg: 0.0, Max: 0.0, Diff: 0.0, Sum: 0.0]
      [Object Copy (ms): Min: 4.5, Avg: 5.1, Max: 5.3, Diff: 0.7, Sum: 219.8]
      [Termination (ms): Min: 0.0, Avg: 0.6, Max: 0.8, Diff: 0.8, Sum: 27.3]
         [Termination Attempts: Min: 1, Avg: 1.7, Max: 3, Diff: 2, Sum: 71]
      [GC Worker Other (ms): Min: 0.0, Avg: 0.0, Max: 0.2, Diff: 0.2, Sum: 1.4]
      [GC Worker Total (ms): Min: 5.2, Avg: 6.4, Max: 7.8, Diff: 2.7, Sum: 276.6]
      [GC Worker End (ms): Min: 531605010.6, Avg: 531605010.7, Max: 531605010.8, Diff: 0.2]
   [Code Root Fixup: 0.0 ms]
   [Code Root Purge: 0.0 ms]
   [Clear CT: 6.0 ms]
   [Other: 10.0 ms]
      [Choose CSet: 0.0 ms]
      [Ref Proc: 4.6 ms]
      [Ref Enq: 0.0 ms]
      [Redirty Cards: 4.8 ms]
      [Humongous Register: 0.1 ms]
      [Humongous Reclaim: 0.0 ms]
      [Free CSet: 0.1 ms]
   [Eden: 47104.0K(47104.0K)->0.0B(47104.0K) Survivors: 5120.0K->5120.0K Heap: 241.7M(1024.0M)->195.7M(1024.0M)]
 [Times: user=0.32 sys=0.00, real=0.03 secs] 
2023-06-19T20:10:03.685+0000: 532623.311: [GC pause (G1 Evacuation Pause) (young), 0.0279155 secs]
   [Parallel Time: 9.8 ms, GC Workers: 43]
      [GC Worker Start (ms): Min: 532623313.2, Avg: 532623315.3, Max: 532623317.2, Diff: 4.0]
      [Ext Root Scanning (ms): Min: 0.0, Avg: 0.9, Max: 8.2, Diff: 8.2, Sum: 38.9]
      [Update RS (ms): Min: 0.0, Avg: 0.3, Max: 0.7, Diff: 0.7, Sum: 12.9]
         [Processed Buffers: Min: 0, Avg: 2.0, Max: 8, Diff: 8, Sum: 87]
      [Scan RS (ms): Min: 0.0, Avg: 0.0, Max: 0.1, Diff: 0.1, Sum: 0.6]
      [Code Root Scanning (ms): Min: 0.0, Avg: 0.0, Max: 0.0, Diff: 0.0, Sum: 0.0]
      [Object Copy (ms): Min: 0.0, Avg: 4.2, Max: 4.6, Diff: 4.6, Sum: 179.8]
      [Termination (ms): Min: 0.0, Avg: 0.8, Max: 0.8, Diff: 0.8, Sum: 33.5]
         [Termination Attempts: Min: 1, Avg: 1.0, Max: 1, Diff: 0, Sum: 43]
      [GC Worker Other (ms): Min: 0.0, Avg: 0.1, Max: 0.3, Diff: 0.2, Sum: 3.0]
      [GC Worker Total (ms): Min: 4.3, Avg: 6.3, Max: 8.3, Diff: 3.9, Sum: 268.8]
      [GC Worker End (ms): Min: 532623321.5, Avg: 532623321.5, Max: 532623321.6, Diff: 0.2]
   [Code Root Fixup: 0.0 ms]
   [Code Root Purge: 0.0 ms]
   [Clear CT: 6.5 ms]
   [Other: 11.6 ms]
      [Choose CSet: 0.0 ms]
      [Ref Proc: 3.5 ms]
      [Ref Enq: 0.0 ms]
      [Redirty Cards: 5.1 ms]
      [Humongous Register: 2.1 ms]
      [Humongous Reclaim: 0.0 ms]
      [Free CSet: 0.2 ms]
   [Eden: 47104.0K(47104.0K)->0.0B(46080.0K) Survivors: 5120.0K->6144.0K Heap: 241.7M(1024.0M)->195.9M(1024.0M)]
 [Times: user=0.26 sys=0.07, real=0.03 secs] 
2023-06-19T20:25:39.171+0000: 533558.797: [GC pause (G1 Evacuation Pause) (young), 0.0228354 secs]
   [Parallel Time: 7.5 ms, GC Workers: 43]
      [GC Worker Start (ms): Min: 533558796.8, Avg: 533558798.3, Max: 533558799.4, Diff: 2.6]
      [Ext Root Scanning (ms): Min: 0.0, Avg: 0.5, Max: 1.7, Diff: 1.7, Sum: 21.9]
      [Update RS (ms): Min: 0.0, Avg: 0.2, Max: 0.6, Diff: 0.6, Sum: 9.1]
         [Processed Buffers: Min: 0, Avg: 2.0, Max: 6, Diff: 6, Sum: 86]
      [Scan RS (ms): Min: 0.0, Avg: 0.0, Max: 0.0, Diff: 0.0, Sum: 0.5]
      [Code Root Scanning (ms): Min: 0.0, Avg: 0.0, Max: 0.0, Diff: 0.0, Sum: 0.0]
      [Object Copy (ms): Min: 3.4, Avg: 3.9, Max: 4.1, Diff: 0.7, Sum: 168.0]
      [Termination (ms): Min: 0.0, Avg: 0.1, Max: 0.1, Diff: 0.1, Sum: 2.5]
         [Termination Attempts: Min: 1, Avg: 1.0, Max: 2, Diff: 1, Sum: 44]
      [GC Worker Other (ms): Min: 0.0, Avg: 0.1, Max: 0.3, Diff: 0.3, Sum: 5.2]
      [GC Worker Total (ms): Min: 3.6, Avg: 4.8, Max: 6.4, Diff: 2.8, Sum: 207.3]
      [GC Worker End (ms): Min: 533558803.0, Avg: 533558803.1, Max: 533558803.3, Diff: 0.3]
   [Code Root Fixup: 0.0 ms]
   [Code Root Purge: 0.0 ms]
   [Clear CT: 5.5 ms]
   [Other: 9.8 ms]
      [Choose CSet: 0.0 ms]
      [Ref Proc: 3.9 ms]
      [Ref Enq: 0.0 ms]
      [Redirty Cards: 5.3 ms]
      [Humongous Register: 0.1 ms]
      [Humongous Reclaim: 0.0 ms]
      [Free CSet: 0.1 ms]
   [Eden: 46080.0K(46080.0K)->0.0B(47104.0K) Survivors: 6144.0K->5120.0K Heap: 240.9M(1024.0M)->195.2M(1024.0M)]
 [Times: user=0.25 sys=0.00, real=0.02 secs] 
2023-06-19T20:42:42.591+0000: 534582.217: [GC pause (G1 Evacuation Pause) (young), 0.0264669 secs]
   [Parallel Time: 9.7 ms, GC Workers: 43]
      [GC Worker Start (ms): Min: 534582219.3, Avg: 534582221.5, Max: 534582226.7, Diff: 7.4]
      [Ext Root Scanning (ms): Min: 0.0, Avg: 1.0, Max: 7.8, Diff: 7.8, Sum: 42.0]
      [Update RS (ms): Min: 0.0, Avg: 0.3, Max: 0.6, Diff: 0.6, Sum: 14.9]
         [Processed Buffers: Min: 0, Avg: 2.1, Max: 10, Diff: 10, Sum: 89]
      [Scan RS (ms): Min: 0.0, Avg: 0.0, Max: 0.0, Diff: 0.0, Sum: 0.6]
      [Code Root Scanning (ms): Min: 0.0, Avg: 0.0, Max: 0.0, Diff: 0.0, Sum: 0.0]
      [Object Copy (ms): Min: 0.0, Avg: 4.0, Max: 4.4, Diff: 4.4, Sum: 171.3]
      [Termination (ms): Min: 0.0, Avg: 0.3, Max: 0.4, Diff: 0.4, Sum: 10.8]
         [Termination Attempts: Min: 1, Avg: 1.0, Max: 1, Diff: 0, Sum: 43]
      [GC Worker Other (ms): Min: 0.0, Avg: 0.1, Max: 0.4, Diff: 0.4, Sum: 4.5]
      [GC Worker Total (ms): Min: 0.4, Avg: 5.7, Max: 7.8, Diff: 7.4, Sum: 244.2]
      [GC Worker End (ms): Min: 534582227.1, Avg: 534582227.1, Max: 534582227.3, Diff: 0.2]
   [Code Root Fixup: 0.0 ms]
   [Code Root Purge: 0.0 ms]
   [Clear CT: 5.5 ms]
   [Other: 11.2 ms]
      [Choose CSet: 0.0 ms]
      [Ref Proc: 3.0 ms]
      [Ref Enq: 0.0 ms]
      [Redirty Cards: 5.2 ms]
      [Humongous Register: 2.1 ms]
      [Humongous Reclaim: 0.0 ms]
      [Free CSet: 0.2 ms]
   [Eden: 47104.0K(47104.0K)->0.0B(47104.0K) Survivors: 5120.0K->5120.0K Heap: 241.2M(1024.0M)->195.3M(1024.0M)]
 [Times: user=0.29 sys=0.00, real=0.02 secs] 
2023-06-19T20:59:47.591+0000: 535607.216: [GC pause (G1 Evacuation Pause) (young), 0.0245553 secs]
   [Parallel Time: 7.8 ms, GC Workers: 43]
      [GC Worker Start (ms): Min: 535607216.6, Avg: 535607217.9, Max: 535607219.1, Diff: 2.5]
      [Ext Root Scanning (ms): Min: 0.0, Avg: 0.4, Max: 1.5, Diff: 1.5, Sum: 18.1]
      [Update RS (ms): Min: 0.0, Avg: 0.1, Max: 0.5, Diff: 0.5, Sum: 5.9]
         [Processed Buffers: Min: 0, Avg: 2.0, Max: 11, Diff: 11, Sum: 88]
      [Scan RS (ms): Min: 0.0, Avg: 0.0, Max: 0.0, Diff: 0.0, Sum: 0.6]
      [Code Root Scanning (ms): Min: 0.0, Avg: 0.0, Max: 0.0, Diff: 0.0, Sum: 0.0]
      [Object Copy (ms): Min: 3.4, Avg: 4.0, Max: 4.2, Diff: 0.8, Sum: 170.6]
      [Termination (ms): Min: 0.0, Avg: 0.1, Max: 0.1, Diff: 0.1, Sum: 2.2]
         [Termination Attempts: Min: 1, Avg: 1.0, Max: 1, Diff: 0, Sum: 43]
      [GC Worker Other (ms): Min: 0.0, Avg: 0.1, Max: 0.3, Diff: 0.3, Sum: 4.6]
      [GC Worker Total (ms): Min: 3.5, Avg: 4.7, Max: 6.1, Diff: 2.5, Sum: 202.0]
      [GC Worker End (ms): Min: 535607222.5, Avg: 535607222.6, Max: 535607222.8, Diff: 0.3]
   [Code Root Fixup: 0.0 ms]
   [Code Root Purge: 0.0 ms]
   [Clear CT: 6.9 ms]
   [Other: 9.9 ms]
      [Choose CSet: 0.0 ms]
      [Ref Proc: 4.2 ms]
      [Ref Enq: 0.0 ms]
      [Redirty Cards: 5.1 ms]
      [Humongous Register: 0.1 ms]
      [Humongous Reclaim: 0.0 ms]
      [Free CSet: 0.1 ms]
   [Eden: 47104.0K(47104.0K)->0.0B(47104.0K) Survivors: 5120.0K->5120.0K Heap: 241.3M(1024.0M)->195.6M(1024.0M)]
 [Times: user=0.25 sys=0.00, real=0.02 secs] 
2023-06-19T21:15:37.853+0000: 536557.479: [GC pause (G1 Evacuation Pause) (young), 0.0231782 secs]
   [Parallel Time: 8.0 ms, GC Workers: 43]
      [GC Worker Start (ms): Min: 536557479.1, Avg: 536557480.5, Max: 536557481.7, Diff: 2.5]
      [Ext Root Scanning (ms): Min: 0.0, Avg: 0.5, Max: 1.6, Diff: 1.6, Sum: 19.5]
      [Update RS (ms): Min: 0.0, Avg: 0.1, Max: 0.5, Diff: 0.5, Sum: 6.2]
         [Processed Buffers: Min: 0, Avg: 2.0, Max: 7, Diff: 7, Sum: 87]
      [Scan RS (ms): Min: 0.0, Avg: 0.0, Max: 0.1, Diff: 0.0, Sum: 0.8]
      [Code Root Scanning (ms): Min: 0.0, Avg: 0.0, Max: 0.0, Diff: 0.0, Sum: 0.0]
      [Object Copy (ms): Min: 3.1, Avg: 3.7, Max: 3.9, Diff: 0.8, Sum: 159.4]
      [Termination (ms): Min: 0.0, Avg: 0.0, Max: 0.1, Diff: 0.1, Sum: 2.0]
         [Termination Attempts: Min: 1, Avg: 1.0, Max: 1, Diff: 0, Sum: 43]
      [GC Worker Other (ms): Min: 0.0, Avg: 0.1, Max: 0.3, Diff: 0.3, Sum: 4.5]
      [GC Worker Total (ms): Min: 3.2, Avg: 4.5, Max: 5.9, Diff: 2.6, Sum: 192.4]
      [GC Worker End (ms): Min: 536557484.9, Avg: 536557485.0, Max: 536557485.1, Diff: 0.3]
   [Code Root Fixup: 0.0 ms]
   [Code Root Purge: 0.0 ms]
   [Clear CT: 5.3 ms]
   [Other: 9.9 ms]
      [Choose CSet: 0.0 ms]
      [Ref Proc: 3.6 ms]
      [Ref Enq: 0.0 ms]
      [Redirty Cards: 5.6 ms]
      [Humongous Register: 0.1 ms]
      [Humongous Reclaim: 0.0 ms]
      [Free CSet: 0.1 ms]
   [Eden: 47104.0K(47104.0K)->0.0B(47104.0K) Survivors: 5120.0K->5120.0K Heap: 241.6M(1024.0M)->195.2M(1024.0M)]
 [Times: user=0.24 sys=0.00, real=0.02 secs] 
2023-06-19T21:32:46.066+0000: 537585.691: [GC pause (G1 Evacuation Pause) (young), 0.0247701 secs]
   [Parallel Time: 9.4 ms, GC Workers: 43]
      [GC Worker Start (ms): Min: 537585693.7, Avg: 537585695.8, Max: 537585698.9, Diff: 5.1]
      [Ext Root Scanning (ms): Min: 0.0, Avg: 1.0, Max: 7.7, Diff: 7.6, Sum: 42.6]
      [Update RS (ms): Min: 0.0, Avg: 0.3, Max: 0.7, Diff: 0.7, Sum: 12.4]
         [Processed Buffers: Min: 0, Avg: 2.1, Max: 7, Diff: 7, Sum: 90]
      [Scan RS (ms): Min: 0.0, Avg: 0.0, Max: 0.1, Diff: 0.0, Sum: 0.5]
      [Code Root Scanning (ms): Min: 0.0, Avg: 0.0, Max: 0.0, Diff: 0.0, Sum: 0.0]
      [Object Copy (ms): Min: 0.0, Avg: 4.0, Max: 4.4, Diff: 4.3, Sum: 171.0]
      [Termination (ms): Min: 0.0, Avg: 0.4, Max: 0.6, Diff: 0.6, Sum: 17.9]
         [Termination Attempts: Min: 1, Avg: 1.0, Max: 1, Diff: 0, Sum: 43]
      [GC Worker Other (ms): Min: 0.0, Avg: 0.1, Max: 0.3, Diff: 0.3, Sum: 3.5]
      [GC Worker Total (ms): Min: 2.7, Avg: 5.8, Max: 7.7, Diff: 5.0, Sum: 247.9]
      [GC Worker End (ms): Min: 537585701.4, Avg: 537585701.5, Max: 537585701.7, Diff: 0.2]
   [Code Root Fixup: 0.0 ms]
   [Code Root Purge: 0.0 ms]
   [Clear CT: 4.8 ms]
   [Other: 10.5 ms]
      [Choose CSet: 0.0 ms]
      [Ref Proc: 3.1 ms]
      [Ref Enq: 0.0 ms]
      [Redirty Cards: 4.4 ms]
      [Humongous Register: 2.0 ms]
      [Humongous Reclaim: 0.0 ms]
      [Free CSet: 0.2 ms]
   [Eden: 47104.0K(47104.0K)->0.0B(46080.0K) Survivors: 5120.0K->6144.0K Heap: 241.2M(1024.0M)->195.9M(1024.0M)]
 [Times: user=0.28 sys=0.03, real=0.03 secs] 
2023-06-19T21:49:28.570+0000: 538588.195: [GC pause (G1 Evacuation Pause) (young), 0.0215456 secs]
   [Parallel Time: 7.4 ms, GC Workers: 43]
      [GC Worker Start (ms): Min: 538588195.4, Avg: 538588196.8, Max: 538588198.0, Diff: 2.6]
      [Ext Root Scanning (ms): Min: 0.0, Avg: 0.5, Max: 1.6, Diff: 1.6, Sum: 20.4]
      [Update RS (ms): Min: 0.0, Avg: 0.2, Max: 0.4, Diff: 0.4, Sum: 7.2]
         [Processed Buffers: Min: 0, Avg: 2.0, Max: 6, Diff: 6, Sum: 88]
      [Scan RS (ms): Min: 0.0, Avg: 0.0, Max: 0.0, Diff: 0.0, Sum: 0.6]
      [Code Root Scanning (ms): Min: 0.0, Avg: 0.0, Max: 0.0, Diff: 0.0, Sum: 0.0]
      [Object Copy (ms): Min: 3.3, Avg: 3.9, Max: 4.1, Diff: 0.7, Sum: 166.2]
      [Termination (ms): Min: 0.0, Avg: 0.0, Max: 0.1, Diff: 0.1, Sum: 1.6]
         [Termination Attempts: Min: 1, Avg: 1.0, Max: 1, Diff: 0, Sum: 43]
      [GC Worker Other (ms): Min: 0.0, Avg: 0.1, Max: 0.5, Diff: 0.5, Sum: 5.8]
      [GC Worker Total (ms): Min: 3.5, Avg: 4.7, Max: 6.0, Diff: 2.5, Sum: 201.8]
      [GC Worker End (ms): Min: 538588201.4, Avg: 538588201.5, Max: 538588201.7, Diff: 0.3]
   [Code Root Fixup: 0.0 ms]
   [Code Root Purge: 0.0 ms]
   [Clear CT: 4.8 ms]
   [Other: 9.3 ms]
      [Choose CSet: 0.0 ms]
      [Ref Proc: 4.0 ms]
      [Ref Enq: 0.0 ms]
      [Redirty Cards: 4.7 ms]
      [Humongous Register: 0.1 ms]
      [Humongous Reclaim: 0.0 ms]
      [Free CSet: 0.1 ms]
   [Eden: 46080.0K(46080.0K)->0.0B(47104.0K) Survivors: 6144.0K->5120.0K Heap: 240.9M(1024.0M)->195.5M(1024.0M)]
 [Times: user=0.25 sys=0.00, real=0.02 secs] 
2023-06-19T22:06:32.169+0000: 539611.794: [GC pause (G1 Evacuation Pause) (young), 0.0240767 secs]
   [Parallel Time: 9.4 ms, GC Workers: 43]
      [GC Worker Start (ms): Min: 539611794.8, Avg: 539611796.0, Max: 539611797.2, Diff: 2.4]
      [Ext Root Scanning (ms): Min: 0.2, Avg: 1.5, Max: 6.9, Diff: 6.7, Sum: 64.2]
      [Update RS (ms): Min: 0.0, Avg: 0.4, Max: 0.7, Diff: 0.7, Sum: 17.1]
         [Processed Buffers: Min: 0, Avg: 2.0, Max: 6, Diff: 6, Sum: 88]
      [Scan RS (ms): Min: 0.0, Avg: 0.0, Max: 0.0, Diff: 0.0, Sum: 0.5]
      [Code Root Scanning (ms): Min: 0.0, Avg: 0.0, Max: 0.0, Diff: 0.0, Sum: 0.0]
      [Object Copy (ms): Min: 0.3, Avg: 4.0, Max: 4.2, Diff: 3.9, Sum: 169.9]
      [Termination (ms): Min: 0.0, Avg: 0.1, Max: 0.1, Diff: 0.1, Sum: 4.0]
         [Termination Attempts: Min: 1, Avg: 1.0, Max: 1, Diff: 0, Sum: 43]
      [GC Worker Other (ms): Min: 0.0, Avg: 0.1, Max: 0.3, Diff: 0.3, Sum: 5.5]
      [GC Worker Total (ms): Min: 4.9, Avg: 6.1, Max: 7.4, Diff: 2.6, Sum: 261.3]
      [GC Worker End (ms): Min: 539611802.0, Avg: 539611802.1, Max: 539611802.3, Diff: 0.3]
   [Code Root Fixup: 0.0 ms]
   [Code Root Purge: 0.0 ms]
   [Clear CT: 5.2 ms]
   [Other: 9.5 ms]
      [Choose CSet: 0.0 ms]
      [Ref Proc: 3.4 ms]
      [Ref Enq: 0.0 ms]
      [Redirty Cards: 5.0 ms]
      [Humongous Register: 0.3 ms]
      [Humongous Reclaim: 0.0 ms]
      [Free CSet: 0.2 ms]
   [Eden: 47104.0K(47104.0K)->0.0B(47104.0K) Survivors: 5120.0K->5120.0K Heap: 241.5M(1024.0M)->195.6M(1024.0M)]
 [Times: user=0.26 sys=0.05, real=0.03 secs] 
2023-06-19T22:22:26.398+0000: 540566.024: [GC pause (G1 Evacuation Pause) (young), 0.0243967 secs]
   [Parallel Time: 7.8 ms, GC Workers: 43]
      [GC Worker Start (ms): Min: 540566026.2, Avg: 540566028.0, Max: 540566029.9, Diff: 3.7]
      [Ext Root Scanning (ms): Min: 0.0, Avg: 0.4, Max: 2.1, Diff: 2.1, Sum: 15.3]
      [Update RS (ms): Min: 0.0, Avg: 0.1, Max: 0.6, Diff: 0.6, Sum: 5.8]
         [Processed Buffers: Min: 0, Avg: 2.1, Max: 9, Diff: 9, Sum: 90]
      [Scan RS (ms): Min: 0.0, Avg: 0.0, Max: 0.0, Diff: 0.0, Sum: 0.6]
      [Code Root Scanning (ms): Min: 0.0, Avg: 0.0, Max: 0.0, Diff: 0.0, Sum: 0.0]
      [Object Copy (ms): Min: 1.9, Avg: 3.2, Max: 3.8, Diff: 1.9, Sum: 138.5]
      [Termination (ms): Min: 0.0, Avg: 0.1, Max: 0.1, Diff: 0.1, Sum: 3.5]
         [Termination Attempts: Min: 1, Avg: 1.0, Max: 1, Diff: 0, Sum: 43]
      [GC Worker Other (ms): Min: 0.0, Avg: 0.1, Max: 0.4, Diff: 0.3, Sum: 5.8]
      [GC Worker Total (ms): Min: 2.1, Avg: 3.9, Max: 5.7, Diff: 3.6, Sum: 169.6]
      [GC Worker End (ms): Min: 540566031.9, Avg: 540566032.0, Max: 540566032.2, Diff: 0.3]
   [Code Root Fixup: 0.0 ms]
   [Code Root Purge: 0.0 ms]
   [Clear CT: 5.1 ms]
   [Other: 11.5 ms]
      [Choose CSet: 0.0 ms]
      [Ref Proc: 3.7 ms]
      [Ref Enq: 0.0 ms]
      [Redirty Cards: 5.1 ms]
      [Humongous Register: 1.8 ms]
      [Humongous Reclaim: 0.0 ms]
      [Free CSet: 0.1 ms]
   [Eden: 47104.0K(47104.0K)->0.0B(47104.0K) Survivors: 5120.0K->5120.0K Heap: 241.6M(1024.0M)->195.5M(1024.0M)]
 [Times: user=0.22 sys=0.00, real=0.03 secs] 
2023-06-19T22:39:31.544+0000: 541591.170: [GC pause (G1 Evacuation Pause) (young), 0.0261478 secs]
   [Parallel Time: 11.1 ms, GC Workers: 43]
      [GC Worker Start (ms): Min: 541591169.9, Avg: 541591171.3, Max: 541591172.4, Diff: 2.5]
      [Ext Root Scanning (ms): Min: 0.0, Avg: 0.6, Max: 1.8, Diff: 1.8, Sum: 24.2]
      [Update RS (ms): Min: 0.0, Avg: 0.2, Max: 0.6, Diff: 0.6, Sum: 8.8]
         [Processed Buffers: Min: 0, Avg: 1.9, Max: 8, Diff: 8, Sum: 80]
      [Scan RS (ms): Min: 0.0, Avg: 0.0, Max: 0.1, Diff: 0.1, Sum: 0.8]
      [Code Root Scanning (ms): Min: 0.0, Avg: 0.0, Max: 0.0, Diff: 0.0, Sum: 0.0]
      [Object Copy (ms): Min: 6.9, Avg: 7.3, Max: 7.5, Diff: 0.5, Sum: 314.3]
      [Termination (ms): Min: 0.0, Avg: 0.1, Max: 0.1, Diff: 0.1, Sum: 2.5]
         [Termination Attempts: Min: 1, Avg: 1.8, Max: 4, Diff: 3, Sum: 79]
      [GC Worker Other (ms): Min: 0.0, Avg: 0.2, Max: 0.5, Diff: 0.5, Sum: 8.7]
      [GC Worker Total (ms): Min: 7.1, Avg: 8.4, Max: 9.9, Diff: 2.7, Sum: 359.2]
      [GC Worker End (ms): Min: 541591179.5, Avg: 541591179.6, Max: 541591179.9, Diff: 0.4]
   [Code Root Fixup: 0.0 ms]
   [Code Root Purge: 0.0 ms]
   [Clear CT: 5.1 ms]
   [Other: 10.0 ms]
      [Choose CSet: 0.0 ms]
      [Ref Proc: 4.4 ms]
      [Ref Enq: 0.0 ms]
      [Redirty Cards: 4.9 ms]
      [Humongous Register: 0.1 ms]
      [Humongous Reclaim: 0.0 ms]
      [Free CSet: 0.1 ms]
   [Eden: 47104.0K(47104.0K)->0.0B(47104.0K) Survivors: 5120.0K->5120.0K Heap: 241.5M(1024.0M)->195.4M(1024.0M)]
 [Times: user=0.41 sys=0.00, real=0.03 secs] 
2023-06-19T22:56:38.420+0000: 542618.046: [GC pause (G1 Evacuation Pause) (young), 0.0247958 secs]
   [Parallel Time: 8.3 ms, GC Workers: 43]
      [GC Worker Start (ms): Min: 542618048.6, Avg: 542618050.5, Max: 542618052.3, Diff: 3.6]
      [Ext Root Scanning (ms): Min: 0.0, Avg: 1.1, Max: 7.4, Diff: 7.4, Sum: 49.3]
      [Update RS (ms): Min: 0.0, Avg: 0.6, Max: 3.1, Diff: 3.1, Sum: 24.3]
         [Processed Buffers: Min: 0, Avg: 2.1, Max: 8, Diff: 8, Sum: 89]
      [Scan RS (ms): Min: 0.0, Avg: 0.0, Max: 0.0, Diff: 0.0, Sum: 0.4]
      [Code Root Scanning (ms): Min: 0.0, Avg: 0.0, Max: 0.0, Diff: 0.0, Sum: 0.0]
      [Object Copy (ms): Min: 0.0, Avg: 3.5, Max: 3.8, Diff: 3.8, Sum: 149.0]
      [Termination (ms): Min: 0.0, Avg: 0.4, Max: 0.6, Diff: 0.6, Sum: 16.8]
         [Termination Attempts: Min: 1, Avg: 1.0, Max: 2, Diff: 1, Sum: 44]
      [GC Worker Other (ms): Min: 0.0, Avg: 0.1, Max: 0.1, Diff: 0.1, Sum: 2.4]
      [GC Worker Total (ms): Min: 3.9, Avg: 5.6, Max: 7.7, Diff: 3.8, Sum: 242.2]
      [GC Worker End (ms): Min: 542618056.1, Avg: 542618056.2, Max: 542618056.3, Diff: 0.2]
   [Code Root Fixup: 0.0 ms]
   [Code Root Purge: 0.0 ms]
   [Clear CT: 4.9 ms]
   [Other: 11.5 ms]
      [Choose CSet: 0.0 ms]
      [Ref Proc: 3.4 ms]
      [Ref Enq: 0.0 ms]
      [Redirty Cards: 5.1 ms]
      [Humongous Register: 2.1 ms]
      [Humongous Reclaim: 0.0 ms]
      [Free CSet: 0.2 ms]
   [Eden: 47104.0K(47104.0K)->0.0B(46080.0K) Survivors: 5120.0K->6144.0K Heap: 241.4M(1024.0M)->195.8M(1024.0M)]
 [Times: user=0.23 sys=0.05, real=0.03 secs] 
2023-06-19T23:12:07.591+0000: 543547.216: [GC pause (G1 Evacuation Pause) (young), 0.0245903 secs]
   [Parallel Time: 9.2 ms, GC Workers: 43]
      [GC Worker Start (ms): Min: 543547216.6, Avg: 543547218.0, Max: 543547219.3, Diff: 2.7]
      [Ext Root Scanning (ms): Min: 0.0, Avg: 0.5, Max: 1.7, Diff: 1.7, Sum: 22.9]
      [Update RS (ms): Min: 0.0, Avg: 0.3, Max: 0.7, Diff: 0.7, Sum: 11.4]
         [Processed Buffers: Min: 0, Avg: 2.0, Max: 8, Diff: 8, Sum: 86]
      [Scan RS (ms): Min: 0.0, Avg: 0.0, Max: 0.0, Diff: 0.0, Sum: 0.3]
      [Code Root Scanning (ms): Min: 0.0, Avg: 0.0, Max: 0.0, Diff: 0.0, Sum: 0.0]
      [Object Copy (ms): Min: 3.0, Avg: 3.5, Max: 3.8, Diff: 0.8, Sum: 149.0]
      [Termination (ms): Min: 0.0, Avg: 0.1, Max: 0.1, Diff: 0.1, Sum: 3.5]
         [Termination Attempts: Min: 1, Avg: 1.0, Max: 1, Diff: 0, Sum: 43]
      [GC Worker Other (ms): Min: 0.0, Avg: 0.1, Max: 0.3, Diff: 0.3, Sum: 4.2]
      [GC Worker Total (ms): Min: 3.2, Avg: 4.4, Max: 5.8, Diff: 2.6, Sum: 191.3]
      [GC Worker End (ms): Min: 543547222.4, Avg: 543547222.4, Max: 543547222.6, Diff: 0.3]
   [Code Root Fixup: 0.0 ms]
   [Code Root Purge: 0.0 ms]
   [Clear CT: 5.2 ms]
   [Other: 10.2 ms]
      [Choose CSet: 0.0 ms]
      [Ref Proc: 4.4 ms]
      [Ref Enq: 0.0 ms]
      [Redirty Cards: 5.2 ms]
      [Humongous Register: 0.1 ms]
      [Humongous Reclaim: 0.0 ms]
      [Free CSet: 0.2 ms]
   [Eden: 46080.0K(46080.0K)->0.0B(47104.0K) Survivors: 6144.0K->5120.0K Heap: 240.8M(1024.0M)->195.2M(1024.0M)]
 [Times: user=0.22 sys=0.02, real=0.02 secs] 
2023-06-19T23:29:12.746+0000: 544572.372: [GC pause (G1 Evacuation Pause) (young), 0.0266460 secs]
   [Parallel Time: 9.7 ms, GC Workers: 43]
      [GC Worker Start (ms): Min: 544572374.4, Avg: 544572376.3, Max: 544572378.1, Diff: 3.7]
      [Ext Root Scanning (ms): Min: 0.0, Avg: 0.9, Max: 6.8, Diff: 6.8, Sum: 40.7]
      [Update RS (ms): Min: 0.0, Avg: 0.3, Max: 0.7, Diff: 0.7, Sum: 14.6]
         [Processed Buffers: Min: 0, Avg: 2.0, Max: 13, Diff: 13, Sum: 88]
      [Scan RS (ms): Min: 0.0, Avg: 0.0, Max: 0.0, Diff: 0.0, Sum: 0.6]
      [Code Root Scanning (ms): Min: 0.0, Avg: 0.0, Max: 0.0, Diff: 0.0, Sum: 0.0]
      [Object Copy (ms): Min: 0.0, Avg: 2.9, Max: 3.2, Diff: 3.2, Sum: 126.6]
      [Termination (ms): Min: 0.0, Avg: 0.8, Max: 0.9, Diff: 0.9, Sum: 34.6]
         [Termination Attempts: Min: 1, Avg: 1.0, Max: 1, Diff: 0, Sum: 43]
      [GC Worker Other (ms): Min: 0.0, Avg: 0.1, Max: 0.3, Diff: 0.3, Sum: 2.7]
      [GC Worker Total (ms): Min: 3.3, Avg: 5.1, Max: 7.0, Diff: 3.7, Sum: 219.8]
      [GC Worker End (ms): Min: 544572381.2, Avg: 544572381.4, Max: 544572381.5, Diff: 0.3]
   [Code Root Fixup: 0.0 ms]
   [Code Root Purge: 0.0 ms]
   [Clear CT: 5.7 ms]
   [Other: 11.2 ms]
      [Choose CSet: 0.0 ms]
      [Ref Proc: 3.1 ms]
      [Ref Enq: 0.0 ms]
      [Redirty Cards: 5.2 ms]
      [Humongous Register: 2.1 ms]
      [Humongous Reclaim: 0.0 ms]
      [Free CSet: 0.2 ms]
   [Eden: 47104.0K(47104.0K)->0.0B(47104.0K) Survivors: 5120.0K->5120.0K Heap: 241.2M(1024.0M)->195.4M(1024.0M)]
 [Times: user=0.25 sys=0.02, real=0.03 secs] 
2023-06-19T23:46:19.050+0000: 545598.676: [GC pause (G1 Evacuation Pause) (young), 0.0243314 secs]
   [Parallel Time: 9.5 ms, GC Workers: 43]
      [GC Worker Start (ms): Min: 545598676.1, Avg: 545598677.5, Max: 545598678.7, Diff: 2.7]
      [Ext Root Scanning (ms): Min: 0.0, Avg: 0.5, Max: 1.7, Diff: 1.7, Sum: 23.1]
      [Update RS (ms): Min: 0.0, Avg: 0.2, Max: 0.4, Diff: 0.4, Sum: 6.9]
         [Processed Buffers: Min: 0, Avg: 2.0, Max: 7, Diff: 7, Sum: 85]
      [Scan RS (ms): Min: 0.0, Avg: 0.0, Max: 0.1, Diff: 0.0, Sum: 0.7]
      [Code Root Scanning (ms): Min: 0.0, Avg: 0.0, Max: 0.0, Diff: 0.0, Sum: 0.0]
      [Object Copy (ms): Min: 5.0, Avg: 5.5, Max: 5.7, Diff: 0.7, Sum: 235.0]
      [Termination (ms): Min: 0.0, Avg: 0.0, Max: 0.1, Diff: 0.1, Sum: 1.9]
         [Termination Attempts: Min: 1, Avg: 1.7, Max: 3, Diff: 2, Sum: 72]
      [GC Worker Other (ms): Min: 0.0, Avg: 0.1, Max: 0.4, Diff: 0.4, Sum: 5.7]
      [GC Worker Total (ms): Min: 5.1, Avg: 6.4, Max: 7.7, Diff: 2.7, Sum: 273.4]
      [GC Worker End (ms): Min: 545598683.8, Avg: 545598683.8, Max: 545598684.1, Diff: 0.3]
   [Code Root Fixup: 0.0 ms]
   [Code Root Purge: 0.0 ms]
   [Clear CT: 5.3 ms]
   [Other: 9.5 ms]
      [Choose CSet: 0.0 ms]
      [Ref Proc: 3.4 ms]
      [Ref Enq: 0.0 ms]
      [Redirty Cards: 5.4 ms]
      [Humongous Register: 0.1 ms]
      [Humongous Reclaim: 0.0 ms]
      [Free CSet: 0.1 ms]
   [Eden: 47104.0K(47104.0K)->0.0B(47104.0K) Survivors: 5120.0K->5120.0K Heap: 241.4M(1024.0M)->195.1M(1024.0M)]
 [Times: user=0.30 sys=0.03, real=0.02 secs] 
2023-06-20T00:03:24.852+0000: 546624.478: [GC pause (G1 Evacuation Pause) (young), 0.0261507 secs]
   [Parallel Time: 10.2 ms, GC Workers: 43]
      [GC Worker Start (ms): Min: 546624480.2, Avg: 546624482.1, Max: 546624484.0, Diff: 3.8]
      [Ext Root Scanning (ms): Min: 0.0, Avg: 1.1, Max: 7.1, Diff: 7.1, Sum: 47.8]
      [Update RS (ms): Min: 0.0, Avg: 0.4, Max: 0.8, Diff: 0.8, Sum: 16.1]
         [Processed Buffers: Min: 0, Avg: 2.0, Max: 7, Diff: 7, Sum: 88]
      [Scan RS (ms): Min: 0.0, Avg: 0.0, Max: 0.0, Diff: 0.0, Sum: 0.4]
      [Code Root Scanning (ms): Min: 0.0, Avg: 0.0, Max: 0.0, Diff: 0.0, Sum: 0.0]
      [Object Copy (ms): Min: 0.0, Avg: 3.2, Max: 3.6, Diff: 3.5, Sum: 138.3]
      [Termination (ms): Min: 0.0, Avg: 0.6, Max: 0.7, Diff: 0.7, Sum: 26.1]
         [Termination Attempts: Min: 1, Avg: 1.1, Max: 2, Diff: 1, Sum: 49]
      [GC Worker Other (ms): Min: 0.0, Avg: 0.1, Max: 0.6, Diff: 0.5, Sum: 4.3]
      [GC Worker Total (ms): Min: 3.5, Avg: 5.4, Max: 7.3, Diff: 3.7, Sum: 233.2]
      [GC Worker End (ms): Min: 546624487.3, Avg: 546624487.5, Max: 546624487.6, Diff: 0.2]
   [Code Root Fixup: 0.0 ms]
   [Code Root Purge: 0.0 ms]
   [Clear CT: 4.7 ms]
   [Other: 11.2 ms]
      [Choose CSet: 0.0 ms]
      [Ref Proc: 3.1 ms]
      [Ref Enq: 0.0 ms]
      [Redirty Cards: 5.1 ms]
      [Humongous Register: 2.1 ms]
      [Humongous Reclaim: 0.0 ms]
      [Free CSet: 0.2 ms]
   [Eden: 47104.0K(47104.0K)->0.0B(47104.0K) Survivors: 5120.0K->5120.0K Heap: 241.1M(1024.0M)->195.6M(1024.0M)]
 [Times: user=0.20 sys=0.09, real=0.02 secs] 
2023-06-20T00:19:17.360+0000: 547576.986: [GC pause (G1 Evacuation Pause) (young), 0.0218897 secs]
   [Parallel Time: 7.5 ms, GC Workers: 43]
      [GC Worker Start (ms): Min: 547576986.2, Avg: 547576987.6, Max: 547576988.8, Diff: 2.6]
      [Ext Root Scanning (ms): Min: 0.0, Avg: 0.5, Max: 1.8, Diff: 1.8, Sum: 22.6]
      [Update RS (ms): Min: 0.0, Avg: 0.2, Max: 0.5, Diff: 0.5, Sum: 8.0]
         [Processed Buffers: Min: 0, Avg: 2.0, Max: 7, Diff: 7, Sum: 87]
      [Scan RS (ms): Min: 0.0, Avg: 0.0, Max: 0.0, Diff: 0.0, Sum: 0.6]
      [Code Root Scanning (ms): Min: 0.0, Avg: 0.0, Max: 0.0, Diff: 0.0, Sum: 0.0]
      [Object Copy (ms): Min: 2.5, Avg: 3.0, Max: 3.2, Diff: 0.6, Sum: 127.8]
      [Termination (ms): Min: 0.0, Avg: 0.0, Max: 0.1, Diff: 0.1, Sum: 1.5]
         [Termination Attempts: Min: 1, Avg: 1.1, Max: 2, Diff: 1, Sum: 47]
      [GC Worker Other (ms): Min: 0.0, Avg: 0.1, Max: 0.5, Diff: 0.5, Sum: 6.3]
      [GC Worker Total (ms): Min: 2.7, Avg: 3.9, Max: 5.4, Diff: 2.7, Sum: 166.9]
      [GC Worker End (ms): Min: 547576991.4, Avg: 547576991.5, Max: 547576991.8, Diff: 0.4]
   [Code Root Fixup: 0.0 ms]
   [Code Root Purge: 0.0 ms]
   [Clear CT: 5.8 ms]
   [Other: 8.5 ms]
      [Choose CSet: 0.0 ms]
      [Ref Proc: 2.8 ms]
      [Ref Enq: 0.0 ms]
      [Redirty Cards: 5.1 ms]
      [Humongous Register: 0.1 ms]
      [Humongous Reclaim: 0.0 ms]
      [Free CSet: 0.1 ms]
   [Eden: 47104.0K(47104.0K)->0.0B(47104.0K) Survivors: 5120.0K->5120.0K Heap: 241.6M(1024.0M)->195.0M(1024.0M)]
 [Times: user=0.22 sys=0.00, real=0.03 secs] 
2023-06-20T00:36:25.610+0000: 548605.235: [GC pause (G1 Evacuation Pause) (young), 0.0237010 secs]
   [Parallel Time: 8.6 ms, GC Workers: 43]
      [GC Worker Start (ms): Min: 548605235.5, Avg: 548605236.9, Max: 548605238.2, Diff: 2.7]
      [Ext Root Scanning (ms): Min: 0.0, Avg: 0.7, Max: 6.0, Diff: 6.0, Sum: 28.3]
      [Update RS (ms): Min: 0.0, Avg: 0.2, Max: 0.5, Diff: 0.5, Sum: 7.0]
         [Processed Buffers: Min: 0, Avg: 2.1, Max: 8, Diff: 8, Sum: 89]
      [Scan RS (ms): Min: 0.0, Avg: 0.0, Max: 0.1, Diff: 0.1, Sum: 0.8]
      [Code Root Scanning (ms): Min: 0.0, Avg: 0.0, Max: 0.0, Diff: 0.0, Sum: 0.0]
      [Object Copy (ms): Min: 0.0, Avg: 3.0, Max: 3.3, Diff: 3.3, Sum: 130.6]
      [Termination (ms): Min: 0.0, Avg: 0.8, Max: 0.9, Diff: 0.9, Sum: 35.4]
         [Termination Attempts: Min: 1, Avg: 1.0, Max: 1, Diff: 0, Sum: 43]
      [GC Worker Other (ms): Min: 0.0, Avg: 0.0, Max: 0.2, Diff: 0.2, Sum: 1.8]
      [GC Worker Total (ms): Min: 3.4, Avg: 4.7, Max: 6.1, Diff: 2.7, Sum: 204.0]
      [GC Worker End (ms): Min: 548605241.5, Avg: 548605241.7, Max: 548605241.8, Diff: 0.2]
   [Code Root Fixup: 0.0 ms]
   [Code Root Purge: 0.0 ms]
   [Clear CT: 5.2 ms]
   [Other: 9.8 ms]
      [Choose CSet: 0.0 ms]
      [Ref Proc: 4.1 ms]
      [Ref Enq: 0.0 ms]
      [Redirty Cards: 5.1 ms]
      [Humongous Register: 0.1 ms]
      [Humongous Reclaim: 0.0 ms]
      [Free CSet: 0.1 ms]
   [Eden: 47104.0K(47104.0K)->0.0B(47104.0K) Survivors: 5120.0K->5120.0K Heap: 241.0M(1024.0M)->195.0M(1024.0M)]
 [Times: user=0.25 sys=0.01, real=0.02 secs] 
2023-06-20T00:53:31.544+0000: 549631.170: [GC pause (G1 Evacuation Pause) (young), 0.0261668 secs]
   [Parallel Time: 8.4 ms, GC Workers: 43]
      [GC Worker Start (ms): Min: 549631172.4, Avg: 549631174.3, Max: 549631176.1, Diff: 3.7]
      [Ext Root Scanning (ms): Min: 0.0, Avg: 0.7, Max: 2.5, Diff: 2.5, Sum: 31.8]
      [Update RS (ms): Min: 0.0, Avg: 0.2, Max: 0.6, Diff: 0.6, Sum: 10.0]
         [Processed Buffers: Min: 0, Avg: 2.0, Max: 7, Diff: 7, Sum: 86]
      [Scan RS (ms): Min: 0.0, Avg: 0.0, Max: 0.0, Diff: 0.0, Sum: 0.5]
      [Code Root Scanning (ms): Min: 0.0, Avg: 0.0, Max: 0.0, Diff: 0.0, Sum: 0.0]
      [Object Copy (ms): Min: 3.2, Avg: 3.9, Max: 4.2, Diff: 1.0, Sum: 168.7]
      [Termination (ms): Min: 0.0, Avg: 0.1, Max: 0.1, Diff: 0.1, Sum: 2.3]
         [Termination Attempts: Min: 1, Avg: 1.0, Max: 1, Diff: 0, Sum: 43]
      [GC Worker Other (ms): Min: 0.0, Avg: 0.1, Max: 0.4, Diff: 0.4, Sum: 5.8]
      [GC Worker Total (ms): Min: 3.4, Avg: 5.1, Max: 7.0, Diff: 3.7, Sum: 219.1]
      [GC Worker End (ms): Min: 549631179.4, Avg: 549631179.4, Max: 549631179.6, Diff: 0.3]
   [Code Root Fixup: 0.0 ms]
   [Code Root Purge: 0.0 ms]
   [Clear CT: 5.0 ms]
   [Other: 12.7 ms]
      [Choose CSet: 0.0 ms]
      [Ref Proc: 4.6 ms]
      [Ref Enq: 0.0 ms]
      [Redirty Cards: 5.1 ms]
      [Humongous Register: 2.1 ms]
      [Humongous Reclaim: 0.0 ms]
      [Free CSet: 0.2 ms]
   [Eden: 47104.0K(47104.0K)->0.0B(47104.0K) Survivors: 5120.0K->5120.0K Heap: 241.0M(1024.0M)->195.2M(1024.0M)]
 [Times: user=0.28 sys=0.00, real=0.03 secs] 
2023-06-20T01:10:30.910+0000: 550650.535: [GC pause (G1 Evacuation Pause) (young), 0.0241695 secs]
   [Parallel Time: 9.0 ms, GC Workers: 43]
      [GC Worker Start (ms): Min: 550650535.6, Avg: 550650537.1, Max: 550650538.3, Diff: 2.6]
      [Ext Root Scanning (ms): Min: 0.0, Avg: 0.5, Max: 1.7, Diff: 1.7, Sum: 19.8]
      [Update RS (ms): Min: 0.0, Avg: 0.1, Max: 0.5, Diff: 0.5, Sum: 6.1]
         [Processed Buffers: Min: 0, Avg: 2.0, Max: 9, Diff: 9, Sum: 85]
      [Scan RS (ms): Min: 0.0, Avg: 0.0, Max: 0.0, Diff: 0.0, Sum: 0.5]
      [Code Root Scanning (ms): Min: 0.0, Avg: 0.0, Max: 0.0, Diff: 0.0, Sum: 0.0]
      [Object Copy (ms): Min: 3.4, Avg: 4.0, Max: 4.2, Diff: 0.8, Sum: 171.8]
      [Termination (ms): Min: 0.0, Avg: 0.0, Max: 0.1, Diff: 0.1, Sum: 1.6]
         [Termination Attempts: Min: 1, Avg: 1.0, Max: 1, Diff: 0, Sum: 43]
      [GC Worker Other (ms): Min: 0.0, Avg: 0.1, Max: 0.5, Diff: 0.5, Sum: 6.2]
      [GC Worker Total (ms): Min: 3.5, Avg: 4.8, Max: 6.2, Diff: 2.7, Sum: 206.1]
      [GC Worker End (ms): Min: 550650541.8, Avg: 550650541.9, Max: 550650542.1, Diff: 0.3]
   [Code Root Fixup: 0.0 ms]
   [Code Root Purge: 0.0 ms]
   [Clear CT: 5.1 ms]
   [Other: 10.0 ms]
      [Choose CSet: 0.0 ms]
      [Ref Proc: 4.1 ms]
      [Ref Enq: 0.0 ms]
      [Redirty Cards: 5.3 ms]
      [Humongous Register: 0.1 ms]
      [Humongous Reclaim: 0.0 ms]
      [Free CSet: 0.1 ms]
   [Eden: 47104.0K(47104.0K)->0.0B(47104.0K) Survivors: 5120.0K->5120.0K Heap: 241.2M(1024.0M)->195.5M(1024.0M)]
 [Times: user=0.26 sys=0.00, real=0.02 secs] 
2023-06-20T01:26:30.104+0000: 551609.730: [GC pause (G1 Evacuation Pause) (young), 0.0240160 secs]
   [Parallel Time: 8.9 ms, GC Workers: 43]
      [GC Worker Start (ms): Min: 551609730.1, Avg: 551609731.4, Max: 551609732.7, Diff: 2.6]
      [Ext Root Scanning (ms): Min: 0.0, Avg: 0.8, Max: 8.1, Diff: 8.0, Sum: 35.7]
      [Update RS (ms): Min: 0.0, Avg: 0.2, Max: 0.7, Diff: 0.7, Sum: 10.1]
         [Processed Buffers: Min: 0, Avg: 2.0, Max: 7, Diff: 7, Sum: 87]
      [Scan RS (ms): Min: 0.0, Avg: 0.0, Max: 0.0, Diff: 0.0, Sum: 0.7]
      [Code Root Scanning (ms): Min: 0.0, Avg: 0.0, Max: 0.0, Diff: 0.0, Sum: 0.0]
      [Object Copy (ms): Min: 0.0, Avg: 5.0, Max: 5.3, Diff: 5.3, Sum: 216.9]
      [Termination (ms): Min: 0.0, Avg: 0.7, Max: 0.9, Diff: 0.9, Sum: 28.6]
         [Termination Attempts: Min: 1, Avg: 1.7, Max: 3, Diff: 2, Sum: 72]
      [GC Worker Other (ms): Min: 0.0, Avg: 0.1, Max: 0.3, Diff: 0.3, Sum: 2.6]
      [GC Worker Total (ms): Min: 5.6, Avg: 6.8, Max: 8.2, Diff: 2.6, Sum: 294.5]
      [GC Worker End (ms): Min: 551609738.2, Avg: 551609738.3, Max: 551609738.4, Diff: 0.2]
   [Code Root Fixup: 0.0 ms]
   [Code Root Purge: 0.0 ms]
   [Clear CT: 5.4 ms]
   [Other: 9.6 ms]
      [Choose CSet: 0.0 ms]
      [Ref Proc: 4.0 ms]
      [Ref Enq: 0.0 ms]
      [Redirty Cards: 5.0 ms]
      [Humongous Register: 0.1 ms]
      [Humongous Reclaim: 0.0 ms]
      [Free CSet: 0.1 ms]
   [Eden: 47104.0K(47104.0K)->0.0B(47104.0K) Survivors: 5120.0K->5120.0K Heap: 241.5M(1024.0M)->195.2M(1024.0M)]
 [Times: user=0.30 sys=0.05, real=0.02 secs] 
2023-06-20T01:43:34.930+0000: 552634.556: [GC pause (G1 Evacuation Pause) (young), 0.0284114 secs]
   [Parallel Time: 9.9 ms, GC Workers: 43]
      [GC Worker Start (ms): Min: 552634558.6, Avg: 552634560.6, Max: 552634562.8, Diff: 4.1]
      [Ext Root Scanning (ms): Min: 0.0, Avg: 0.7, Max: 4.0, Diff: 4.0, Sum: 29.6]
      [Update RS (ms): Min: 0.0, Avg: 0.2, Max: 0.5, Diff: 0.5, Sum: 7.4]
         [Processed Buffers: Min: 0, Avg: 2.0, Max: 6, Diff: 6, Sum: 87]
      [Scan RS (ms): Min: 0.0, Avg: 0.0, Max: 0.0, Diff: 0.0, Sum: 0.6]
      [Code Root Scanning (ms): Min: 0.0, Avg: 0.0, Max: 0.0, Diff: 0.0, Sum: 0.0]
      [Object Copy (ms): Min: 2.3, Avg: 3.5, Max: 3.9, Diff: 1.6, Sum: 152.5]
      [Termination (ms): Min: 0.0, Avg: 0.1, Max: 0.1, Diff: 0.1, Sum: 2.5]
         [Termination Attempts: Min: 1, Avg: 1.0, Max: 1, Diff: 0, Sum: 43]
      [GC Worker Other (ms): Min: 0.0, Avg: 0.2, Max: 0.5, Diff: 0.4, Sum: 6.8]
      [GC Worker Total (ms): Min: 2.5, Avg: 4.6, Max: 6.6, Diff: 4.1, Sum: 199.5]
      [GC Worker End (ms): Min: 552634565.2, Avg: 552634565.3, Max: 552634565.5, Diff: 0.3]
   [Code Root Fixup: 0.0 ms]
   [Code Root Purge: 0.0 ms]
   [Clear CT: 5.4 ms]
   [Other: 13.1 ms]
      [Choose CSet: 0.0 ms]
      [Ref Proc: 4.7 ms]
      [Ref Enq: 0.0 ms]
      [Redirty Cards: 5.6 ms]
      [Humongous Register: 2.0 ms]
      [Humongous Reclaim: 0.0 ms]
      [Free CSet: 0.2 ms]
   [Eden: 47104.0K(47104.0K)->0.0B(46080.0K) Survivors: 5120.0K->6144.0K Heap: 241.2M(1024.0M)->195.9M(1024.0M)]
 [Times: user=0.26 sys=0.00, real=0.02 secs] 
2023-06-20T02:00:20.025+0000: 553639.650: [GC pause (G1 Evacuation Pause) (young), 0.0250214 secs]
   [Parallel Time: 9.4 ms, GC Workers: 43]
      [GC Worker Start (ms): Min: 553639650.5, Avg: 553639651.9, Max: 553639653.2, Diff: 2.7]
      [Ext Root Scanning (ms): Min: 0.0, Avg: 0.5, Max: 2.0, Diff: 1.9, Sum: 23.4]
      [Update RS (ms): Min: 0.0, Avg: 0.2, Max: 0.6, Diff: 0.6, Sum: 6.8]
         [Processed Buffers: Min: 0, Avg: 1.9, Max: 6, Diff: 6, Sum: 83]
      [Scan RS (ms): Min: 0.0, Avg: 0.0, Max: 0.0, Diff: 0.0, Sum: 0.7]
      [Code Root Scanning (ms): Min: 0.0, Avg: 0.0, Max: 0.0, Diff: 0.0, Sum: 0.0]
      [Object Copy (ms): Min: 4.5, Avg: 5.2, Max: 5.4, Diff: 0.8, Sum: 221.5]
      [Termination (ms): Min: 0.0, Avg: 0.1, Max: 0.1, Diff: 0.1, Sum: 2.7]
         [Termination Attempts: Min: 1, Avg: 1.4, Max: 3, Diff: 2, Sum: 59]
      [GC Worker Other (ms): Min: 0.0, Avg: 0.1, Max: 0.5, Diff: 0.5, Sum: 5.9]
      [GC Worker Total (ms): Min: 4.7, Avg: 6.1, Max: 7.5, Diff: 2.8, Sum: 261.0]
      [GC Worker End (ms): Min: 553639657.9, Avg: 553639658.0, Max: 553639658.2, Diff: 0.3]
   [Code Root Fixup: 0.0 ms]
   [Code Root Purge: 0.0 ms]
   [Clear CT: 5.1 ms]
   [Other: 10.4 ms]
      [Choose CSet: 0.0 ms]
      [Ref Proc: 4.3 ms]
      [Ref Enq: 0.0 ms]
      [Redirty Cards: 5.4 ms]
      [Humongous Register: 0.1 ms]
      [Humongous Reclaim: 0.0 ms]
      [Free CSet: 0.1 ms]
   [Eden: 46080.0K(46080.0K)->0.0B(47104.0K) Survivors: 6144.0K->5120.0K Heap: 240.9M(1024.0M)->195.5M(1024.0M)]
 [Times: user=0.27 sys=0.04, real=0.03 secs] 
2023-06-20T02:16:11.406+0000: 554591.032: [GC pause (G1 Evacuation Pause) (young), 0.0319041 secs]
   [Parallel Time: 15.3 ms, GC Workers: 43]
      [GC Worker Start (ms): Min: 554591032.6, Avg: 554591034.2, Max: 554591035.5, Diff: 3.0]
      [Ext Root Scanning (ms): Min: 0.0, Avg: 1.4, Max: 13.3, Diff: 13.3, Sum: 60.4]
      [Update RS (ms): Min: 0.0, Avg: 0.5, Max: 0.9, Diff: 0.9, Sum: 19.8]
         [Processed Buffers: Min: 0, Avg: 2.1, Max: 8, Diff: 8, Sum: 90]
      [Scan RS (ms): Min: 0.0, Avg: 0.0, Max: 0.0, Diff: 0.0, Sum: 0.4]
      [Code Root Scanning (ms): Min: 0.0, Avg: 0.0, Max: 0.0, Diff: 0.0, Sum: 0.0]
      [Object Copy (ms): Min: 0.0, Avg: 3.3, Max: 3.6, Diff: 3.6, Sum: 143.9]
      [Termination (ms): Min: 0.0, Avg: 6.6, Max: 6.8, Diff: 6.8, Sum: 284.2]
         [Termination Attempts: Min: 1, Avg: 1.0, Max: 1, Diff: 0, Sum: 43]
      [GC Worker Other (ms): Min: 0.0, Avg: 0.0, Max: 0.2, Diff: 0.2, Sum: 1.8]
      [GC Worker Total (ms): Min: 10.6, Avg: 11.9, Max: 13.4, Diff: 2.8, Sum: 510.5]
      [GC Worker End (ms): Min: 554591045.9, Avg: 554591046.1, Max: 554591046.1, Diff: 0.2]
   [Code Root Fixup: 0.0 ms]
   [Code Root Purge: 0.0 ms]
   [Clear CT: 5.5 ms]
   [Other: 11.0 ms]
      [Choose CSet: 0.0 ms]
      [Ref Proc: 4.9 ms]
      [Ref Enq: 0.0 ms]
      [Redirty Cards: 5.0 ms]
      [Humongous Register: 0.3 ms]
      [Humongous Reclaim: 0.0 ms]
      [Free CSet: 0.2 ms]
   [Eden: 47104.0K(47104.0K)->0.0B(47104.0K) Survivors: 5120.0K->5120.0K Heap: 241.5M(1024.0M)->195.1M(1024.0M)]
 [Times: user=0.45 sys=0.12, real=0.03 secs] 
2023-06-20T02:33:16.952+0000: 555616.578: [GC pause (G1 Evacuation Pause) (young), 0.0235465 secs]
   [Parallel Time: 7.6 ms, GC Workers: 43]
      [GC Worker Start (ms): Min: 555616580.0, Avg: 555616582.0, Max: 555616585.8, Diff: 5.8]
      [Ext Root Scanning (ms): Min: 0.0, Avg: 0.6, Max: 2.8, Diff: 2.8, Sum: 24.6]
      [Update RS (ms): Min: 0.0, Avg: 0.2, Max: 0.6, Diff: 0.6, Sum: 8.5]
         [Processed Buffers: Min: 0, Avg: 2.1, Max: 7, Diff: 7, Sum: 89]
      [Scan RS (ms): Min: 0.0, Avg: 0.0, Max: 0.0, Diff: 0.0, Sum: 0.6]
      [Code Root Scanning (ms): Min: 0.0, Avg: 0.0, Max: 0.0, Diff: 0.0, Sum: 0.0]
      [Object Copy (ms): Min: 0.2, Avg: 3.2, Max: 3.7, Diff: 3.5, Sum: 138.3]
      [Termination (ms): Min: 0.0, Avg: 0.1, Max: 0.1, Diff: 0.1, Sum: 2.4]
         [Termination Attempts: Min: 1, Avg: 1.0, Max: 1, Diff: 0, Sum: 43]
      [GC Worker Other (ms): Min: 0.0, Avg: 0.1, Max: 0.3, Diff: 0.3, Sum: 4.8]
      [GC Worker Total (ms): Min: 0.3, Avg: 4.2, Max: 6.1, Diff: 5.8, Sum: 179.2]
      [GC Worker End (ms): Min: 555616586.1, Avg: 555616586.1, Max: 555616586.3, Diff: 0.3]
   [Code Root Fixup: 0.0 ms]
   [Code Root Purge: 0.0 ms]
   [Clear CT: 5.3 ms]
   [Other: 10.6 ms]
      [Choose CSet: 0.0 ms]
      [Ref Proc: 3.1 ms]
      [Ref Enq: 0.0 ms]
      [Redirty Cards: 5.0 ms]
      [Humongous Register: 1.8 ms]
      [Humongous Reclaim: 0.0 ms]
      [Free CSet: 0.1 ms]
   [Eden: 47104.0K(47104.0K)->0.0B(47104.0K) Survivors: 5120.0K->5120.0K Heap: 241.1M(1024.0M)->195.3M(1024.0M)]
 [Times: user=0.18 sys=0.06, real=0.02 secs] 
2023-06-20T02:50:23.842+0000: 556643.467: [GC pause (G1 Evacuation Pause) (young), 0.0232930 secs]
   [Parallel Time: 8.8 ms, GC Workers: 43]
      [GC Worker Start (ms): Min: 556643467.5, Avg: 556643469.0, Max: 556643474.3, Diff: 6.8]
      [Ext Root Scanning (ms): Min: 0.0, Avg: 0.7, Max: 6.3, Diff: 6.3, Sum: 31.5]
      [Update RS (ms): Min: 0.0, Avg: 0.2, Max: 0.6, Diff: 0.6, Sum: 9.0]
         [Processed Buffers: Min: 0, Avg: 2.0, Max: 6, Diff: 6, Sum: 87]
      [Scan RS (ms): Min: 0.0, Avg: 0.0, Max: 0.1, Diff: 0.0, Sum: 0.7]
      [Code Root Scanning (ms): Min: 0.0, Avg: 0.0, Max: 0.0, Diff: 0.0, Sum: 0.0]
      [Object Copy (ms): Min: 0.0, Avg: 3.5, Max: 3.8, Diff: 3.8, Sum: 148.5]
      [Termination (ms): Min: 0.0, Avg: 0.9, Max: 1.0, Diff: 1.0, Sum: 37.7]
         [Termination Attempts: Min: 1, Avg: 1.0, Max: 1, Diff: 0, Sum: 43]
      [GC Worker Other (ms): Min: 0.0, Avg: 0.1, Max: 0.3, Diff: 0.3, Sum: 2.7]
      [GC Worker Total (ms): Min: 0.0, Avg: 5.3, Max: 7.0, Diff: 6.9, Sum: 230.0]
      [GC Worker End (ms): Min: 556643474.3, Avg: 556643474.4, Max: 556643474.5, Diff: 0.1]
   [Code Root Fixup: 0.0 ms]
   [Code Root Purge: 0.0 ms]
   [Clear CT: 4.6 ms]
   [Other: 9.9 ms]
      [Choose CSet: 0.0 ms]
      [Ref Proc: 4.5 ms]
      [Ref Enq: 0.0 ms]
      [Redirty Cards: 4.7 ms]
      [Humongous Register: 0.1 ms]
      [Humongous Reclaim: 0.0 ms]
      [Free CSet: 0.1 ms]
   [Eden: 47104.0K(47104.0K)->0.0B(47104.0K) Survivors: 5120.0K->5120.0K Heap: 241.3M(1024.0M)->195.1M(1024.0M)]
 [Times: user=0.31 sys=0.00, real=0.02 secs] 
2023-06-20T03:07:20.416+0000: 557660.041: [GC pause (G1 Evacuation Pause) (young), 0.0248049 secs]
   [Parallel Time: 8.7 ms, GC Workers: 43]
      [GC Worker Start (ms): Min: 557660044.0, Avg: 557660046.0, Max: 557660050.8, Diff: 6.8]
      [Ext Root Scanning (ms): Min: 0.0, Avg: 0.7, Max: 4.0, Diff: 4.0, Sum: 28.3]
      [Update RS (ms): Min: 0.0, Avg: 0.3, Max: 0.7, Diff: 0.7, Sum: 12.3]
         [Processed Buffers: Min: 0, Avg: 2.0, Max: 9, Diff: 9, Sum: 87]
      [Scan RS (ms): Min: 0.0, Avg: 0.0, Max: 0.0, Diff: 0.0, Sum: 0.5]
      [Code Root Scanning (ms): Min: 0.0, Avg: 0.0, Max: 0.0, Diff: 0.0, Sum: 0.0]
      [Object Copy (ms): Min: 0.0, Avg: 3.6, Max: 4.0, Diff: 4.0, Sum: 154.7]
      [Termination (ms): Min: 0.0, Avg: 0.4, Max: 0.6, Diff: 0.6, Sum: 15.4]
         [Termination Attempts: Min: 1, Avg: 1.0, Max: 1, Diff: 0, Sum: 43]
      [GC Worker Other (ms): Min: 0.0, Avg: 0.0, Max: 0.1, Diff: 0.1, Sum: 1.8]
      [GC Worker Total (ms): Min: 0.1, Avg: 5.0, Max: 6.9, Diff: 6.8, Sum: 213.1]
      [GC Worker End (ms): Min: 557660050.9, Avg: 557660050.9, Max: 557660051.1, Diff: 0.2]
   [Code Root Fixup: 0.0 ms]
   [Code Root Purge: 0.0 ms]
   [Clear CT: 4.9 ms]
   [Other: 11.2 ms]
      [Choose CSet: 0.0 ms]
      [Ref Proc: 3.1 ms]
      [Ref Enq: 0.0 ms]
      [Redirty Cards: 5.1 ms]
      [Humongous Register: 2.1 ms]
      [Humongous Reclaim: 0.0 ms]
      [Free CSet: 0.2 ms]
   [Eden: 47104.0K(47104.0K)->0.0B(47104.0K) Survivors: 5120.0K->5120.0K Heap: 241.1M(1024.0M)->195.1M(1024.0M)]
 [Times: user=0.26 sys=0.00, real=0.02 secs] 
2023-06-20T03:23:16.928+0000: 558616.554: [GC pause (G1 Evacuation Pause) (young), 0.0225254 secs]
   [Parallel Time: 8.5 ms, GC Workers: 43]
      [GC Worker Start (ms): Min: 558616554.2, Avg: 558616555.5, Max: 558616556.8, Diff: 2.6]
      [Ext Root Scanning (ms): Min: 0.0, Avg: 0.6, Max: 1.7, Diff: 1.7, Sum: 24.1]
      [Update RS (ms): Min: 0.0, Avg: 0.2, Max: 0.6, Diff: 0.6, Sum: 7.1]
         [Processed Buffers: Min: 0, Avg: 2.0, Max: 7, Diff: 7, Sum: 85]
      [Scan RS (ms): Min: 0.0, Avg: 0.0, Max: 0.0, Diff: 0.0, Sum: 0.6]
      [Code Root Scanning (ms): Min: 0.0, Avg: 0.0, Max: 0.0, Diff: 0.0, Sum: 0.0]
      [Object Copy (ms): Min: 4.0, Avg: 4.6, Max: 4.7, Diff: 0.7, Sum: 196.7]
      [Termination (ms): Min: 0.0, Avg: 0.0, Max: 0.1, Diff: 0.1, Sum: 1.7]
         [Termination Attempts: Min: 1, Avg: 1.1, Max: 2, Diff: 1, Sum: 46]
      [GC Worker Other (ms): Min: 0.0, Avg: 0.2, Max: 0.5, Diff: 0.5, Sum: 7.3]
      [GC Worker Total (ms): Min: 4.2, Avg: 5.5, Max: 6.8, Diff: 2.6, Sum: 237.5]
      [GC Worker End (ms): Min: 558616560.9, Avg: 558616561.0, Max: 558616561.3, Diff: 0.4]
   [Code Root Fixup: 0.0 ms]
   [Code Root Purge: 0.0 ms]
   [Clear CT: 5.3 ms]
   [Other: 8.8 ms]
      [Choose CSet: 0.0 ms]
      [Ref Proc: 2.9 ms]
      [Ref Enq: 0.0 ms]
      [Redirty Cards: 5.3 ms]
      [Humongous Register: 0.1 ms]
      [Humongous Reclaim: 0.0 ms]
      [Free CSet: 0.1 ms]
   [Eden: 47104.0K(47104.0K)->0.0B(47104.0K) Survivors: 5120.0K->5120.0K Heap: 241.1M(1024.0M)->195.3M(1024.0M)]
 [Times: user=0.26 sys=0.02, real=0.03 secs] 
2023-06-20T03:40:24.526+0000: 559644.151: [GC pause (G1 Evacuation Pause) (young), 0.0268961 secs]
   [Parallel Time: 8.7 ms, GC Workers: 43]
      [GC Worker Start (ms): Min: 559644153.9, Avg: 559644155.9, Max: 559644157.8, Diff: 4.0]
      [Ext Root Scanning (ms): Min: 0.0, Avg: 1.0, Max: 7.9, Diff: 7.9, Sum: 41.7]
      [Update RS (ms): Min: 0.0, Avg: 0.3, Max: 0.7, Diff: 0.7, Sum: 12.1]
         [Processed Buffers: Min: 0, Avg: 2.1, Max: 8, Diff: 8, Sum: 89]
      [Scan RS (ms): Min: 0.0, Avg: 0.0, Max: 0.1, Diff: 0.0, Sum: 0.7]
      [Code Root Scanning (ms): Min: 0.0, Avg: 0.0, Max: 0.0, Diff: 0.0, Sum: 0.0]
      [Object Copy (ms): Min: 0.0, Avg: 3.6, Max: 4.0, Diff: 4.0, Sum: 155.0]
      [Termination (ms): Min: 0.0, Avg: 1.1, Max: 1.2, Diff: 1.2, Sum: 47.5]
         [Termination Attempts: Min: 1, Avg: 1.0, Max: 1, Diff: 0, Sum: 43]
      [GC Worker Other (ms): Min: 0.0, Avg: 0.1, Max: 0.4, Diff: 0.3, Sum: 3.7]
      [GC Worker Total (ms): Min: 4.2, Avg: 6.1, Max: 8.0, Diff: 3.8, Sum: 260.7]
      [GC Worker End (ms): Min: 559644161.9, Avg: 559644162.0, Max: 559644162.1, Diff: 0.2]
   [Code Root Fixup: 0.0 ms]
   [Code Root Purge: 0.0 ms]
   [Clear CT: 5.5 ms]
   [Other: 12.6 ms]
      [Choose CSet: 0.0 ms]
      [Ref Proc: 3.8 ms]
      [Ref Enq: 0.0 ms]
      [Redirty Cards: 5.3 ms]
      [Humongous Register: 2.1 ms]
      [Humongous Reclaim: 0.0 ms]
      [Free CSet: 0.4 ms]
   [Eden: 47104.0K(47104.0K)->0.0B(47104.0K) Survivors: 5120.0K->5120.0K Heap: 241.3M(1024.0M)->195.3M(1024.0M)]
 [Times: user=0.30 sys=0.01, real=0.03 secs] 
2023-06-20T03:57:31.321+0000: 560670.946: [GC pause (G1 Evacuation Pause) (young), 0.0316047 secs]
   [Parallel Time: 16.4 ms, GC Workers: 43]
      [GC Worker Start (ms): Min: 560670946.6, Avg: 560670947.9, Max: 560670949.2, Diff: 2.7]
      [Ext Root Scanning (ms): Min: 0.0, Avg: 0.9, Max: 13.6, Diff: 13.6, Sum: 38.0]
      [Update RS (ms): Min: 0.0, Avg: 0.2, Max: 0.6, Diff: 0.6, Sum: 9.8]
         [Processed Buffers: Min: 0, Avg: 2.0, Max: 8, Diff: 8, Sum: 86]
      [Scan RS (ms): Min: 0.0, Avg: 0.0, Max: 0.1, Diff: 0.0, Sum: 0.5]
      [Code Root Scanning (ms): Min: 0.0, Avg: 0.0, Max: 0.0, Diff: 0.0, Sum: 0.0]
      [Object Copy (ms): Min: 0.0, Avg: 3.8, Max: 4.1, Diff: 4.1, Sum: 165.4]
      [Termination (ms): Min: 0.0, Avg: 7.3, Max: 7.7, Diff: 7.7, Sum: 314.5]
         [Termination Attempts: Min: 1, Avg: 1.0, Max: 1, Diff: 0, Sum: 43]
      [GC Worker Other (ms): Min: 0.0, Avg: 0.0, Max: 0.1, Diff: 0.1, Sum: 0.9]
      [GC Worker Total (ms): Min: 11.1, Avg: 12.3, Max: 13.8, Diff: 2.7, Sum: 529.2]
      [GC Worker End (ms): Min: 560670960.2, Avg: 560670960.3, Max: 560670960.4, Diff: 0.2]
   [Code Root Fixup: 0.0 ms]
   [Code Root Purge: 0.0 ms]
   [Clear CT: 5.2 ms]
   [Other: 10.0 ms]
      [Choose CSet: 0.0 ms]
      [Ref Proc: 4.4 ms]
      [Ref Enq: 0.0 ms]
      [Redirty Cards: 5.0 ms]
      [Humongous Register: 0.1 ms]
      [Humongous Reclaim: 0.0 ms]
      [Free CSet: 0.1 ms]
   [Eden: 47104.0K(47104.0K)->0.0B(47104.0K) Survivors: 5120.0K->5120.0K Heap: 241.3M(1024.0M)->195.2M(1024.0M)]
 [Times: user=0.59 sys=0.00, real=0.04 secs] 
2023-06-20T04:13:25.093+0000: 561624.719: [GC pause (G1 Evacuation Pause) (young), 0.0251005 secs]
   [Parallel Time: 7.9 ms, GC Workers: 43]
      [GC Worker Start (ms): Min: 561624721.4, Avg: 561624723.4, Max: 561624725.3, Diff: 3.9]
      [Ext Root Scanning (ms): Min: 0.0, Avg: 0.6, Max: 2.4, Diff: 2.4, Sum: 23.7]
      [Update RS (ms): Min: 0.0, Avg: 0.2, Max: 0.6, Diff: 0.6, Sum: 9.5]
         [Processed Buffers: Min: 0, Avg: 2.1, Max: 7, Diff: 7, Sum: 89]
      [Scan RS (ms): Min: 0.0, Avg: 0.0, Max: 0.0, Diff: 0.0, Sum: 0.5]
      [Code Root Scanning (ms): Min: 0.0, Avg: 0.0, Max: 0.0, Diff: 0.0, Sum: 0.0]
      [Object Copy (ms): Min: 2.2, Avg: 3.3, Max: 3.7, Diff: 1.6, Sum: 141.2]
      [Termination (ms): Min: 0.0, Avg: 0.1, Max: 0.1, Diff: 0.1, Sum: 2.5]
         [Termination Attempts: Min: 1, Avg: 1.0, Max: 1, Diff: 0, Sum: 43]
      [GC Worker Other (ms): Min: 0.0, Avg: 0.1, Max: 0.3, Diff: 0.3, Sum: 5.3]
      [GC Worker Total (ms): Min: 2.3, Avg: 4.2, Max: 6.2, Diff: 3.9, Sum: 182.7]
      [GC Worker End (ms): Min: 561624727.5, Avg: 561624727.6, Max: 561624727.9, Diff: 0.3]
   [Code Root Fixup: 0.0 ms]
   [Code Root Purge: 0.0 ms]
   [Clear CT: 5.2 ms]
   [Other: 12.0 ms]
      [Choose CSet: 0.0 ms]
      [Ref Proc: 3.9 ms]
      [Ref Enq: 0.0 ms]
      [Redirty Cards: 5.1 ms]
      [Humongous Register: 2.0 ms]
      [Humongous Reclaim: 0.0 ms]
      [Free CSet: 0.2 ms]
   [Eden: 47104.0K(47104.0K)->0.0B(47104.0K) Survivors: 5120.0K->5120.0K Heap: 241.2M(1024.0M)->195.6M(1024.0M)]
 [Times: user=0.23 sys=0.00, real=0.02 secs] 
2023-06-20T04:30:31.201+0000: 562650.827: [GC pause (G1 Evacuation Pause) (young), 0.0227513 secs]
   [Parallel Time: 8.2 ms, GC Workers: 43]
      [GC Worker Start (ms): Min: 562650827.2, Avg: 562650828.6, Max: 562650829.8, Diff: 2.7]
      [Ext Root Scanning (ms): Min: 0.0, Avg: 0.5, Max: 1.8, Diff: 1.8, Sum: 23.6]
      [Update RS (ms): Min: 0.0, Avg: 0.2, Max: 0.4, Diff: 0.4, Sum: 7.0]
         [Processed Buffers: Min: 0, Avg: 1.8, Max: 7, Diff: 7, Sum: 79]
      [Scan RS (ms): Min: 0.0, Avg: 0.0, Max: 0.0, Diff: 0.0, Sum: 0.7]
      [Code Root Scanning (ms): Min: 0.0, Avg: 0.0, Max: 0.0, Diff: 0.0, Sum: 0.0]
      [Object Copy (ms): Min: 3.3, Avg: 3.8, Max: 4.0, Diff: 0.7, Sum: 164.1]
      [Termination (ms): Min: 0.0, Avg: 0.1, Max: 0.1, Diff: 0.1, Sum: 3.3]
         [Termination Attempts: Min: 1, Avg: 1.0, Max: 1, Diff: 0, Sum: 43]
      [GC Worker Other (ms): Min: 0.0, Avg: 0.1, Max: 0.4, Diff: 0.4, Sum: 6.0]
      [GC Worker Total (ms): Min: 3.4, Avg: 4.8, Max: 6.1, Diff: 2.7, Sum: 204.8]
      [GC Worker End (ms): Min: 562650833.2, Avg: 562650833.3, Max: 562650833.5, Diff: 0.3]
   [Code Root Fixup: 0.0 ms]
   [Code Root Purge: 0.0 ms]
   [Clear CT: 5.3 ms]
   [Other: 9.3 ms]
      [Choose CSet: 0.0 ms]
      [Ref Proc: 3.2 ms]
      [Ref Enq: 0.0 ms]
      [Redirty Cards: 5.4 ms]
      [Humongous Register: 0.1 ms]
      [Humongous Reclaim: 0.0 ms]
      [Free CSet: 0.1 ms]
   [Eden: 47104.0K(47104.0K)->0.0B(47104.0K) Survivors: 5120.0K->5120.0K Heap: 241.6M(1024.0M)->195.3M(1024.0M)]
 [Times: user=0.25 sys=0.00, real=0.02 secs] 
2023-06-20T04:47:36.398+0000: 563676.024: [GC pause (G1 Evacuation Pause) (young), 0.0254444 secs]
   [Parallel Time: 10.0 ms, GC Workers: 43]
      [GC Worker Start (ms): Min: 563676024.4, Avg: 563676025.8, Max: 563676027.0, Diff: 2.6]
      [Ext Root Scanning (ms): Min: 0.0, Avg: 0.5, Max: 1.6, Diff: 1.6, Sum: 21.0]
      [Update RS (ms): Min: 0.0, Avg: 0.2, Max: 0.5, Diff: 0.5, Sum: 6.9]
         [Processed Buffers: Min: 0, Avg: 2.1, Max: 7, Diff: 7, Sum: 90]
      [Scan RS (ms): Min: 0.0, Avg: 0.0, Max: 0.0, Diff: 0.0, Sum: 0.5]
      [Code Root Scanning (ms): Min: 0.0, Avg: 0.0, Max: 0.0, Diff: 0.0, Sum: 0.0]
      [Object Copy (ms): Min: 4.2, Avg: 4.9, Max: 5.1, Diff: 0.8, Sum: 208.8]
      [Termination (ms): Min: 0.0, Avg: 0.1, Max: 0.1, Diff: 0.1, Sum: 2.5]
         [Termination Attempts: Min: 1, Avg: 1.1, Max: 2, Diff: 1, Sum: 48]
      [GC Worker Other (ms): Min: 0.0, Avg: 0.1, Max: 0.2, Diff: 0.2, Sum: 3.6]
      [GC Worker Total (ms): Min: 4.4, Avg: 5.7, Max: 7.0, Diff: 2.6, Sum: 243.4]
      [GC Worker End (ms): Min: 563676031.4, Avg: 563676031.4, Max: 563676031.6, Diff: 0.2]
   [Code Root Fixup: 0.0 ms]
   [Code Root Purge: 0.0 ms]
   [Clear CT: 5.3 ms]
   [Other: 10.2 ms]
      [Choose CSet: 0.0 ms]
      [Ref Proc: 4.1 ms]
      [Ref Enq: 0.0 ms]
      [Redirty Cards: 5.4 ms]
      [Humongous Register: 0.1 ms]
      [Humongous Reclaim: 0.0 ms]
      [Free CSet: 0.1 ms]
   [Eden: 47104.0K(47104.0K)->0.0B(47104.0K) Survivors: 5120.0K->5120.0K Heap: 241.3M(1024.0M)->195.4M(1024.0M)]
 [Times: user=0.26 sys=0.03, real=0.03 secs] 
2023-06-20T05:04:41.887+0000: 564701.513: [GC pause (G1 Evacuation Pause) (young), 0.0296580 secs]
   [Parallel Time: 10.6 ms, GC Workers: 43]
      [GC Worker Start (ms): Min: 564701515.6, Avg: 564701517.6, Max: 564701519.5, Diff: 3.9]
      [Ext Root Scanning (ms): Min: 0.0, Avg: 0.8, Max: 8.2, Diff: 8.2, Sum: 33.7]
      [Update RS (ms): Min: 0.0, Avg: 0.2, Max: 0.7, Diff: 0.7, Sum: 10.6]
         [Processed Buffers: Min: 0, Avg: 2.0, Max: 8, Diff: 8, Sum: 88]
      [Scan RS (ms): Min: 0.0, Avg: 0.0, Max: 0.1, Diff: 0.0, Sum: 0.7]
      [Code Root Scanning (ms): Min: 0.0, Avg: 0.0, Max: 0.0, Diff: 0.0, Sum: 0.0]
      [Object Copy (ms): Min: 0.0, Avg: 3.8, Max: 4.2, Diff: 4.2, Sum: 163.4]
      [Termination (ms): Min: 0.0, Avg: 1.4, Max: 1.5, Diff: 1.5, Sum: 59.1]
         [Termination Attempts: Min: 1, Avg: 1.0, Max: 1, Diff: 0, Sum: 43]
      [GC Worker Other (ms): Min: 0.0, Avg: 0.1, Max: 0.3, Diff: 0.3, Sum: 2.9]
      [GC Worker Total (ms): Min: 4.4, Avg: 6.3, Max: 8.2, Diff: 3.8, Sum: 270.4]
      [GC Worker End (ms): Min: 564701523.8, Avg: 564701523.9, Max: 564701524.0, Diff: 0.1]
   [Code Root Fixup: 0.0 ms]
   [Code Root Purge: 0.0 ms]
   [Clear CT: 5.3 ms]
   [Other: 13.7 ms]
      [Choose CSet: 0.0 ms]
      [Ref Proc: 5.7 ms]
      [Ref Enq: 0.0 ms]
      [Redirty Cards: 5.1 ms]
      [Humongous Register: 2.1 ms]
      [Humongous Reclaim: 0.0 ms]
      [Free CSet: 0.2 ms]
   [Eden: 47104.0K(47104.0K)->0.0B(47104.0K) Survivors: 5120.0K->5120.0K Heap: 241.4M(1024.0M)->195.6M(1024.0M)]
 [Times: user=0.33 sys=0.00, real=0.03 secs] 
2023-06-20T05:20:37.591+0000: 565657.216: [GC pause (G1 Evacuation Pause) (young), 0.0227817 secs]
   [Parallel Time: 7.7 ms, GC Workers: 43]
      [GC Worker Start (ms): Min: 565657216.6, Avg: 565657217.9, Max: 565657219.2, Diff: 2.6]
      [Ext Root Scanning (ms): Min: 0.0, Avg: 0.5, Max: 1.6, Diff: 1.6, Sum: 22.2]
      [Update RS (ms): Min: 0.0, Avg: 0.2, Max: 0.4, Diff: 0.4, Sum: 7.3]
         [Processed Buffers: Min: 0, Avg: 2.0, Max: 7, Diff: 7, Sum: 84]
      [Scan RS (ms): Min: 0.0, Avg: 0.0, Max: 0.1, Diff: 0.1, Sum: 0.8]
      [Code Root Scanning (ms): Min: 0.0, Avg: 0.0, Max: 0.0, Diff: 0.0, Sum: 0.0]
      [Object Copy (ms): Min: 2.9, Avg: 3.5, Max: 3.7, Diff: 0.8, Sum: 149.3]
      [Termination (ms): Min: 0.0, Avg: 0.1, Max: 0.1, Diff: 0.1, Sum: 3.0]
         [Termination Attempts: Min: 1, Avg: 1.0, Max: 1, Diff: 0, Sum: 43]
      [GC Worker Other (ms): Min: 0.0, Avg: 0.1, Max: 0.2, Diff: 0.2, Sum: 3.6]
      [GC Worker Total (ms): Min: 3.0, Avg: 4.3, Max: 5.6, Diff: 2.6, Sum: 186.3]
      [GC Worker End (ms): Min: 565657222.2, Avg: 565657222.3, Max: 565657222.4, Diff: 0.2]
   [Code Root Fixup: 0.0 ms]
   [Code Root Purge: 0.0 ms]
   [Clear CT: 5.2 ms]
   [Other: 9.9 ms]
      [Choose CSet: 0.0 ms]
      [Ref Proc: 4.0 ms]
      [Ref Enq: 0.0 ms]
      [Redirty Cards: 5.3 ms]
      [Humongous Register: 0.1 ms]
      [Humongous Reclaim: 0.0 ms]
      [Free CSet: 0.1 ms]
   [Eden: 47104.0K(47104.0K)->0.0B(47104.0K) Survivors: 5120.0K->5120.0K Heap: 241.6M(1024.0M)->195.3M(1024.0M)]
 [Times: user=0.24 sys=0.00, real=0.02 secs] 
2023-06-20T05:37:42.591+0000: 566682.216: [GC pause (G1 Evacuation Pause) (young), 0.0263994 secs]
   [Parallel Time: 10.0 ms, GC Workers: 43]
      [GC Worker Start (ms): Min: 566682217.1, Avg: 566682218.5, Max: 566682219.7, Diff: 2.6]
      [Ext Root Scanning (ms): Min: 0.1, Avg: 1.5, Max: 7.7, Diff: 7.6, Sum: 62.5]
      [Update RS (ms): Min: 0.0, Avg: 0.4, Max: 0.7, Diff: 0.7, Sum: 17.4]
         [Processed Buffers: Min: 0, Avg: 2.1, Max: 6, Diff: 6, Sum: 89]
      [Scan RS (ms): Min: 0.0, Avg: 0.0, Max: 0.0, Diff: 0.0, Sum: 0.5]
      [Code Root Scanning (ms): Min: 0.0, Avg: 0.0, Max: 0.0, Diff: 0.0, Sum: 0.0]
      [Object Copy (ms): Min: 0.0, Avg: 3.8, Max: 4.1, Diff: 4.1, Sum: 164.5]
      [Termination (ms): Min: 0.0, Avg: 0.7, Max: 0.9, Diff: 0.9, Sum: 29.9]
         [Termination Attempts: Min: 1, Avg: 1.0, Max: 1, Diff: 0, Sum: 43]
      [GC Worker Other (ms): Min: 0.0, Avg: 0.0, Max: 0.1, Diff: 0.1, Sum: 1.8]
      [GC Worker Total (ms): Min: 5.3, Avg: 6.4, Max: 7.8, Diff: 2.6, Sum: 276.6]
      [GC Worker End (ms): Min: 566682224.8, Avg: 566682224.9, Max: 566682225.0, Diff: 0.2]
   [Code Root Fixup: 0.0 ms]
   [Code Root Purge: 0.0 ms]
   [Clear CT: 5.6 ms]
   [Other: 10.7 ms]
      [Choose CSet: 0.0 ms]
      [Ref Proc: 4.4 ms]
      [Ref Enq: 0.0 ms]
      [Redirty Cards: 5.3 ms]
      [Humongous Register: 0.3 ms]
      [Humongous Reclaim: 0.0 ms]
      [Free CSet: 0.2 ms]
   [Eden: 47104.0K(47104.0K)->0.0B(47104.0K) Survivors: 5120.0K->5120.0K Heap: 241.3M(1024.0M)->195.1M(1024.0M)]
 [Times: user=0.34 sys=0.00, real=0.02 secs] 
2023-06-20T05:54:49.383+0000: 567709.009: [GC pause (G1 Evacuation Pause) (young), 0.0249689 secs]
   [Parallel Time: 7.7 ms, GC Workers: 43]
      [GC Worker Start (ms): Min: 567709011.0, Avg: 567709012.9, Max: 567709014.8, Diff: 3.9]
      [Ext Root Scanning (ms): Min: 0.0, Avg: 0.5, Max: 2.0, Diff: 2.0, Sum: 20.0]
      [Update RS (ms): Min: 0.0, Avg: 0.2, Max: 0.5, Diff: 0.5, Sum: 8.3]
         [Processed Buffers: Min: 0, Avg: 2.1, Max: 9, Diff: 9, Sum: 89]
      [Scan RS (ms): Min: 0.0, Avg: 0.0, Max: 0.0, Diff: 0.0, Sum: 0.5]
      [Code Root Scanning (ms): Min: 0.0, Avg: 0.0, Max: 0.0, Diff: 0.0, Sum: 0.0]
      [Object Copy (ms): Min: 1.8, Avg: 3.0, Max: 3.5, Diff: 1.8, Sum: 128.5]
      [Termination (ms): Min: 0.0, Avg: 0.1, Max: 0.1, Diff: 0.1, Sum: 2.6]
         [Termination Attempts: Min: 1, Avg: 1.0, Max: 1, Diff: 0, Sum: 43]
      [GC Worker Other (ms): Min: 0.0, Avg: 0.1, Max: 0.3, Diff: 0.3, Sum: 5.1]
      [GC Worker Total (ms): Min: 2.0, Avg: 3.8, Max: 6.0, Diff: 4.0, Sum: 164.9]
      [GC Worker End (ms): Min: 567709016.7, Avg: 567709016.8, Max: 567709017.0, Diff: 0.3]
   [Code Root Fixup: 0.0 ms]
   [Code Root Purge: 0.0 ms]
   [Clear CT: 5.5 ms]
   [Other: 11.7 ms]
      [Choose CSet: 0.0 ms]
      [Ref Proc: 3.8 ms]
      [Ref Enq: 0.0 ms]
      [Redirty Cards: 5.4 ms]
      [Humongous Register: 1.8 ms]
      [Humongous Reclaim: 0.0 ms]
      [Free CSet: 0.1 ms]
   [Eden: 47104.0K(47104.0K)->0.0B(47104.0K) Survivors: 5120.0K->5120.0K Heap: 241.1M(1024.0M)->195.4M(1024.0M)]
 [Times: user=0.21 sys=0.00, real=0.02 secs] 
2023-06-20T06:11:05.284+0000: 568684.909: [GC pause (G1 Evacuation Pause) (young), 0.0217930 secs]
   [Parallel Time: 7.5 ms, GC Workers: 43]
      [GC Worker Start (ms): Min: 568684909.6, Avg: 568684911.1, Max: 568684912.3, Diff: 2.7]
      [Ext Root Scanning (ms): Min: 0.0, Avg: 0.5, Max: 1.8, Diff: 1.8, Sum: 22.3]
      [Update RS (ms): Min: 0.0, Avg: 0.2, Max: 0.5, Diff: 0.5, Sum: 6.9]
         [Processed Buffers: Min: 0, Avg: 1.9, Max: 6, Diff: 6, Sum: 81]
      [Scan RS (ms): Min: 0.0, Avg: 0.0, Max: 0.1, Diff: 0.0, Sum: 0.7]
      [Code Root Scanning (ms): Min: 0.0, Avg: 0.0, Max: 0.0, Diff: 0.0, Sum: 0.0]
      [Object Copy (ms): Min: 2.7, Avg: 3.3, Max: 3.4, Diff: 0.7, Sum: 141.3]
      [Termination (ms): Min: 0.0, Avg: 0.1, Max: 0.1, Diff: 0.1, Sum: 2.5]
         [Termination Attempts: Min: 1, Avg: 1.0, Max: 1, Diff: 0, Sum: 43]
      [GC Worker Other (ms): Min: 0.0, Avg: 0.1, Max: 0.3, Diff: 0.3, Sum: 5.2]
      [GC Worker Total (ms): Min: 2.8, Avg: 4.2, Max: 5.8, Diff: 2.9, Sum: 178.9]
      [GC Worker End (ms): Min: 568684915.1, Avg: 568684915.2, Max: 568684915.4, Diff: 0.3]
   [Code Root Fixup: 0.0 ms]
   [Code Root Purge: 0.0 ms]
   [Clear CT: 5.4 ms]
   [Other: 8.9 ms]
      [Choose CSet: 0.0 ms]
      [Ref Proc: 2.7 ms]
      [Ref Enq: 0.0 ms]
      [Redirty Cards: 5.4 ms]
      [Humongous Register: 0.2 ms]
      [Humongous Reclaim: 0.0 ms]
      [Free CSet: 0.1 ms]
   [Eden: 47104.0K(47104.0K)->0.0B(47104.0K) Survivors: 5120.0K->5120.0K Heap: 241.4M(1024.0M)->195.4M(1024.0M)]
 [Times: user=0.23 sys=0.00, real=0.02 secs] 
2023-06-20T06:27:47.591+0000: 569687.216: [GC pause (G1 Evacuation Pause) (young), 0.0271927 secs]
   [Parallel Time: 9.4 ms, GC Workers: 43]
      [GC Worker Start (ms): Min: 569687219.0, Avg: 569687221.0, Max: 569687223.3, Diff: 4.3]
      [Ext Root Scanning (ms): Min: 0.0, Avg: 1.0, Max: 7.5, Diff: 7.4, Sum: 43.1]
      [Update RS (ms): Min: 0.0, Avg: 0.3, Max: 0.7, Diff: 0.7, Sum: 13.7]
         [Processed Buffers: Min: 0, Avg: 2.1, Max: 8, Diff: 8, Sum: 89]
      [Scan RS (ms): Min: 0.0, Avg: 0.0, Max: 0.0, Diff: 0.0, Sum: 0.5]
      [Code Root Scanning (ms): Min: 0.0, Avg: 0.0, Max: 0.0, Diff: 0.0, Sum: 0.0]
      [Object Copy (ms): Min: 0.0, Avg: 3.0, Max: 3.4, Diff: 3.3, Sum: 128.4]
      [Termination (ms): Min: 0.0, Avg: 1.2, Max: 1.4, Diff: 1.4, Sum: 53.7]
         [Termination Attempts: Min: 1, Avg: 1.0, Max: 1, Diff: 0, Sum: 43]
      [GC Worker Other (ms): Min: 0.0, Avg: 0.1, Max: 0.3, Diff: 0.3, Sum: 2.3]
      [GC Worker Total (ms): Min: 3.2, Avg: 5.6, Max: 7.6, Diff: 4.4, Sum: 241.7]
      [GC Worker End (ms): Min: 569687226.5, Avg: 569687226.6, Max: 569687226.7, Diff: 0.2]
   [Code Root Fixup: 0.0 ms]
   [Code Root Purge: 0.0 ms]
   [Clear CT: 5.5 ms]
   [Other: 12.3 ms]
      [Choose CSet: 0.0 ms]
      [Ref Proc: 3.9 ms]
      [Ref Enq: 0.0 ms]
      [Redirty Cards: 5.3 ms]
      [Humongous Register: 2.1 ms]
      [Humongous Reclaim: 0.0 ms]
      [Free CSet: 0.2 ms]
   [Eden: 47104.0K(47104.0K)->0.0B(47104.0K) Survivors: 5120.0K->5120.0K Heap: 241.4M(1024.0M)->195.2M(1024.0M)]
 [Times: user=0.29 sys=0.00, real=0.02 secs] 
2023-06-20T06:44:54.022+0000: 570713.647: [GC pause (G1 Evacuation Pause) (young), 0.0244108 secs]
   [Parallel Time: 10.2 ms, GC Workers: 43]
      [GC Worker Start (ms): Min: 570713647.7, Avg: 570713649.2, Max: 570713650.4, Diff: 2.7]
      [Ext Root Scanning (ms): Min: 0.0, Avg: 0.5, Max: 1.7, Diff: 1.7, Sum: 21.7]
      [Update RS (ms): Min: 0.0, Avg: 0.2, Max: 0.5, Diff: 0.5, Sum: 7.5]
         [Processed Buffers: Min: 0, Avg: 2.1, Max: 5, Diff: 5, Sum: 89]
      [Scan RS (ms): Min: 0.0, Avg: 0.0, Max: 0.0, Diff: 0.0, Sum: 0.7]
      [Code Root Scanning (ms): Min: 0.0, Avg: 0.0, Max: 0.0, Diff: 0.0, Sum: 0.0]
      [Object Copy (ms): Min: 5.9, Avg: 6.5, Max: 6.7, Diff: 0.8, Sum: 278.7]
      [Termination (ms): Min: 0.0, Avg: 0.1, Max: 0.1, Diff: 0.1, Sum: 3.1]
         [Termination Attempts: Min: 1, Avg: 2.2, Max: 4, Diff: 3, Sum: 93]
      [GC Worker Other (ms): Min: 0.0, Avg: 0.2, Max: 0.5, Diff: 0.4, Sum: 7.1]
      [GC Worker Total (ms): Min: 6.1, Avg: 7.4, Max: 9.0, Diff: 2.9, Sum: 318.6]
      [GC Worker End (ms): Min: 570713656.5, Avg: 570713656.6, Max: 570713656.8, Diff: 0.4]
   [Code Root Fixup: 0.0 ms]
   [Code Root Purge: 0.0 ms]
   [Clear CT: 4.7 ms]
   [Other: 9.4 ms]
      [Choose CSet: 0.0 ms]
      [Ref Proc: 3.9 ms]
      [Ref Enq: 0.0 ms]
      [Redirty Cards: 4.8 ms]
      [Humongous Register: 0.1 ms]
      [Humongous Reclaim: 0.0 ms]
      [Free CSet: 0.1 ms]
   [Eden: 47104.0K(47104.0K)->0.0B(47104.0K) Survivors: 5120.0K->5120.0K Heap: 241.2M(1024.0M)->195.3M(1024.0M)]
 [Times: user=0.34 sys=0.02, real=0.02 secs] 
2023-06-20T07:02:01.863+0000: 571741.488: [GC pause (G1 Evacuation Pause) (young), 0.0284921 secs]
   [Parallel Time: 9.3 ms, GC Workers: 43]
      [GC Worker Start (ms): Min: 571741491.1, Avg: 571741493.1, Max: 571741498.3, Diff: 7.2]
      [Ext Root Scanning (ms): Min: 0.0, Avg: 0.9, Max: 6.8, Diff: 6.8, Sum: 38.0]
      [Update RS (ms): Min: 0.0, Avg: 0.3, Max: 0.6, Diff: 0.6, Sum: 11.5]
         [Processed Buffers: Min: 0, Avg: 2.1, Max: 7, Diff: 7, Sum: 89]
      [Scan RS (ms): Min: 0.0, Avg: 0.0, Max: 0.0, Diff: 0.0, Sum: 0.5]
      [Code Root Scanning (ms): Min: 0.0, Avg: 0.0, Max: 0.0, Diff: 0.0, Sum: 0.0]
      [Object Copy (ms): Min: 0.0, Avg: 3.1, Max: 3.5, Diff: 3.5, Sum: 134.6]
      [Termination (ms): Min: 0.0, Avg: 0.9, Max: 1.0, Diff: 1.0, Sum: 39.5]
         [Termination Attempts: Min: 1, Avg: 1.0, Max: 1, Diff: 0, Sum: 43]
      [GC Worker Other (ms): Min: 0.0, Avg: 0.1, Max: 0.4, Diff: 0.4, Sum: 2.9]
      [GC Worker Total (ms): Min: 0.0, Avg: 5.3, Max: 7.5, Diff: 7.4, Sum: 227.0]
      [GC Worker End (ms): Min: 571741498.4, Avg: 571741498.4, Max: 571741498.6, Diff: 0.2]
   [Code Root Fixup: 0.0 ms]
   [Code Root Purge: 0.0 ms]
   [Clear CT: 6.8 ms]
   [Other: 12.4 ms]
      [Choose CSet: 0.0 ms]
      [Ref Proc: 4.2 ms]
      [Ref Enq: 0.0 ms]
      [Redirty Cards: 5.2 ms]
      [Humongous Register: 2.1 ms]
      [Humongous Reclaim: 0.0 ms]
      [Free CSet: 0.2 ms]
   [Eden: 47104.0K(47104.0K)->0.0B(47104.0K) Survivors: 5120.0K->5120.0K Heap: 241.3M(1024.0M)->195.5M(1024.0M)]
 [Times: user=0.30 sys=0.00, real=0.03 secs] 
2023-06-20T07:17:54.342+0000: 572693.968: [GC pause (G1 Evacuation Pause) (young), 0.0192411 secs]
   [Parallel Time: 5.9 ms, GC Workers: 43]
      [GC Worker Start (ms): Min: 572693967.8, Avg: 572693969.2, Max: 572693970.4, Diff: 2.6]
      [Ext Root Scanning (ms): Min: 0.0, Avg: 0.5, Max: 1.8, Diff: 1.8, Sum: 23.5]
      [Update RS (ms): Min: 0.0, Avg: 0.2, Max: 0.5, Diff: 0.5, Sum: 7.7]
         [Processed Buffers: Min: 0, Avg: 1.9, Max: 6, Diff: 6, Sum: 83]
      [Scan RS (ms): Min: 0.0, Avg: 0.0, Max: 0.0, Diff: 0.0, Sum: 0.5]
      [Code Root Scanning (ms): Min: 0.0, Avg: 0.0, Max: 0.0, Diff: 0.0, Sum: 0.0]
      [Object Copy (ms): Min: 2.5, Avg: 3.0, Max: 3.2, Diff: 0.7, Sum: 129.3]
      [Termination (ms): Min: 0.0, Avg: 0.0, Max: 0.1, Diff: 0.1, Sum: 2.1]
         [Termination Attempts: Min: 1, Avg: 1.0, Max: 2, Diff: 1, Sum: 44]
      [GC Worker Other (ms): Min: 0.0, Avg: 0.1, Max: 0.3, Diff: 0.3, Sum: 4.6]
      [GC Worker Total (ms): Min: 2.7, Avg: 3.9, Max: 5.3, Diff: 2.6, Sum: 167.7]
      [GC Worker End (ms): Min: 572693973.0, Avg: 572693973.1, Max: 572693973.3, Diff: 0.3]
   [Code Root Fixup: 0.0 ms]
   [Code Root Purge: 0.0 ms]
   [Clear CT: 4.7 ms]
   [Other: 8.6 ms]
      [Choose CSet: 0.0 ms]
      [Ref Proc: 3.3 ms]
      [Ref Enq: 0.0 ms]
      [Redirty Cards: 4.7 ms]
      [Humongous Register: 0.1 ms]
      [Humongous Reclaim: 0.0 ms]
      [Free CSet: 0.2 ms]
   [Eden: 47104.0K(47104.0K)->0.0B(47104.0K) Survivors: 5120.0K->5120.0K Heap: 241.5M(1024.0M)->195.4M(1024.0M)]
 [Times: user=0.22 sys=0.00, real=0.02 secs] 
2023-06-20T07:35:01.280+0000: 573720.905: [GC pause (G1 Evacuation Pause) (young), 0.0221509 secs]
   [Parallel Time: 7.3 ms, GC Workers: 43]
      [GC Worker Start (ms): Min: 573720905.4, Avg: 573720906.8, Max: 573720908.1, Diff: 2.6]
      [Ext Root Scanning (ms): Min: 0.0, Avg: 0.6, Max: 2.0, Diff: 2.0, Sum: 25.2]
      [Update RS (ms): Min: 0.0, Avg: 0.2, Max: 0.5, Diff: 0.5, Sum: 7.4]
         [Processed Buffers: Min: 0, Avg: 2.0, Max: 7, Diff: 7, Sum: 86]
      [Scan RS (ms): Min: 0.0, Avg: 0.0, Max: 0.0, Diff: 0.0, Sum: 0.6]
      [Code Root Scanning (ms): Min: 0.0, Avg: 0.0, Max: 0.0, Diff: 0.0, Sum: 0.0]
      [Object Copy (ms): Min: 2.7, Avg: 3.2, Max: 3.4, Diff: 0.6, Sum: 138.1]
      [Termination (ms): Min: 0.0, Avg: 0.0, Max: 0.1, Diff: 0.1, Sum: 1.8]
         [Termination Attempts: Min: 1, Avg: 1.0, Max: 1, Diff: 0, Sum: 43]
      [GC Worker Other (ms): Min: 0.0, Avg: 0.1, Max: 0.3, Diff: 0.3, Sum: 5.6]
      [GC Worker Total (ms): Min: 2.9, Avg: 4.2, Max: 5.6, Diff: 2.7, Sum: 178.6]
      [GC Worker End (ms): Min: 573720910.9, Avg: 573720910.9, Max: 573720911.2, Diff: 0.3]
   [Code Root Fixup: 0.0 ms]
   [Code Root Purge: 0.0 ms]
   [Clear CT: 5.0 ms]
   [Other: 9.9 ms]
      [Choose CSet: 0.0 ms]
      [Ref Proc: 4.1 ms]
      [Ref Enq: 0.0 ms]
      [Redirty Cards: 5.2 ms]
      [Humongous Register: 0.1 ms]
      [Humongous Reclaim: 0.0 ms]
      [Free CSet: 0.1 ms]
   [Eden: 47104.0K(47104.0K)->0.0B(47104.0K) Survivors: 5120.0K->5120.0K Heap: 241.4M(1024.0M)->195.2M(1024.0M)]
 [Times: user=0.23 sys=0.00, real=0.03 secs] 
2023-06-20T07:52:04.624+0000: 574744.250: [GC pause (G1 Evacuation Pause) (young), 0.0296861 secs]
   [Parallel Time: 10.5 ms, GC Workers: 43]
      [GC Worker Start (ms): Min: 574744252.4, Avg: 574744254.7, Max: 574744257.5, Diff: 5.1]
      [Ext Root Scanning (ms): Min: 0.0, Avg: 1.2, Max: 9.2, Diff: 9.2, Sum: 49.9]
      [Update RS (ms): Min: 0.0, Avg: 0.4, Max: 0.8, Diff: 0.8, Sum: 15.6]
         [Processed Buffers: Min: 0, Avg: 2.0, Max: 10, Diff: 10, Sum: 87]
      [Scan RS (ms): Min: 0.0, Avg: 0.0, Max: 0.0, Diff: 0.0, Sum: 0.5]
      [Code Root Scanning (ms): Min: 0.0, Avg: 0.0, Max: 0.0, Diff: 0.0, Sum: 0.0]
      [Object Copy (ms): Min: 0.0, Avg: 3.6, Max: 4.7, Diff: 4.7, Sum: 153.6]
      [Termination (ms): Min: 0.0, Avg: 1.9, Max: 2.0, Diff: 2.0, Sum: 81.7]
         [Termination Attempts: Min: 1, Avg: 1.0, Max: 1, Diff: 0, Sum: 43]
      [GC Worker Other (ms): Min: 0.0, Avg: 0.1, Max: 0.3, Diff: 0.3, Sum: 3.1]
      [GC Worker Total (ms): Min: 4.2, Avg: 7.1, Max: 9.2, Diff: 5.0, Sum: 304.4]
      [GC Worker End (ms): Min: 574744261.6, Avg: 574744261.7, Max: 574744261.8, Diff: 0.1]
   [Code Root Fixup: 0.0 ms]
   [Code Root Purge: 0.0 ms]
   [Clear CT: 6.3 ms]
   [Other: 12.8 ms]
      [Choose CSet: 0.0 ms]
      [Ref Proc: 4.7 ms]
      [Ref Enq: 0.0 ms]
      [Redirty Cards: 5.1 ms]
      [Humongous Register: 2.1 ms]
      [Humongous Reclaim: 0.0 ms]
      [Free CSet: 0.2 ms]
   [Eden: 47104.0K(47104.0K)->0.0B(47104.0K) Survivors: 5120.0K->5120.0K Heap: 241.2M(1024.0M)->195.7M(1024.0M)]
 [Times: user=0.26 sys=0.13, real=0.03 secs] 
2023-06-20T08:09:03.338+0000: 575762.964: [GC pause (G1 Evacuation Pause) (young), 0.0245062 secs]
   [Parallel Time: 9.0 ms, GC Workers: 43]
      [GC Worker Start (ms): Min: 575762963.9, Avg: 575762965.4, Max: 575762970.5, Diff: 6.6]
      [Ext Root Scanning (ms): Min: 0.0, Avg: 0.5, Max: 1.9, Diff: 1.9, Sum: 21.6]
      [Update RS (ms): Min: 0.0, Avg: 0.2, Max: 0.6, Diff: 0.6, Sum: 7.6]
         [Processed Buffers: Min: 0, Avg: 2.0, Max: 7, Diff: 7, Sum: 87]
      [Scan RS (ms): Min: 0.0, Avg: 0.0, Max: 0.0, Diff: 0.0, Sum: 0.6]
      [Code Root Scanning (ms): Min: 0.0, Avg: 0.0, Max: 0.0, Diff: 0.0, Sum: 0.0]
      [Object Copy (ms): Min: 0.0, Avg: 3.5, Max: 3.8, Diff: 3.8, Sum: 149.4]
      [Termination (ms): Min: 0.0, Avg: 0.9, Max: 1.2, Diff: 1.2, Sum: 40.6]
         [Termination Attempts: Min: 1, Avg: 1.0, Max: 1, Diff: 0, Sum: 43]
      [GC Worker Other (ms): Min: 0.0, Avg: 0.1, Max: 0.2, Diff: 0.2, Sum: 2.2]
      [GC Worker Total (ms): Min: 0.1, Avg: 5.2, Max: 6.7, Diff: 6.6, Sum: 222.0]
      [GC Worker End (ms): Min: 575762970.5, Avg: 575762970.6, Max: 575762970.7, Diff: 0.2]
   [Code Root Fixup: 0.0 ms]
   [Code Root Purge: 0.0 ms]
   [Clear CT: 5.0 ms]
   [Other: 10.5 ms]
      [Choose CSet: 0.0 ms]
      [Ref Proc: 4.6 ms]
      [Ref Enq: 0.0 ms]
      [Redirty Cards: 5.3 ms]
      [Humongous Register: 0.1 ms]
      [Humongous Reclaim: 0.0 ms]
      [Free CSet: 0.1 ms]
   [Eden: 47104.0K(47104.0K)->0.0B(47104.0K) Survivors: 5120.0K->5120.0K Heap: 241.7M(1024.0M)->195.6M(1024.0M)]
 [Times: user=0.30 sys=0.00, real=0.03 secs] 
2023-06-20T08:25:02.591+0000: 576722.216: [GC pause (G1 Evacuation Pause) (young), 0.0252422 secs]
   [Parallel Time: 8.8 ms, GC Workers: 43]
      [GC Worker Start (ms): Min: 576722217.0, Avg: 576722218.6, Max: 576722220.0, Diff: 3.0]
      [Ext Root Scanning (ms): Min: 0.0, Avg: 1.2, Max: 6.8, Diff: 6.7, Sum: 52.5]
      [Update RS (ms): Min: 0.0, Avg: 0.5, Max: 1.0, Diff: 1.0, Sum: 22.0]
         [Processed Buffers: Min: 0, Avg: 2.0, Max: 6, Diff: 6, Sum: 88]
      [Scan RS (ms): Min: 0.0, Avg: 0.0, Max: 0.0, Diff: 0.0, Sum: 0.6]
      [Code Root Scanning (ms): Min: 0.0, Avg: 0.0, Max: 0.0, Diff: 0.0, Sum: 0.0]
      [Object Copy (ms): Min: 0.2, Avg: 3.5, Max: 3.8, Diff: 3.7, Sum: 152.3]
      [Termination (ms): Min: 0.0, Avg: 0.1, Max: 0.1, Diff: 0.1, Sum: 3.0]
         [Termination Attempts: Min: 1, Avg: 1.0, Max: 1, Diff: 0, Sum: 43]
      [GC Worker Other (ms): Min: 0.0, Avg: 0.2, Max: 0.4, Diff: 0.4, Sum: 6.7]
      [GC Worker Total (ms): Min: 4.2, Avg: 5.5, Max: 7.2, Diff: 2.9, Sum: 237.1]
      [GC Worker End (ms): Min: 576722224.0, Avg: 576722224.1, Max: 576722224.4, Diff: 0.4]
   [Code Root Fixup: 0.0 ms]
   [Code Root Purge: 0.0 ms]
   [Clear CT: 5.3 ms]
   [Other: 11.1 ms]
      [Choose CSet: 0.0 ms]
      [Ref Proc: 4.5 ms]
      [Ref Enq: 0.0 ms]
      [Redirty Cards: 5.6 ms]
      [Humongous Register: 0.3 ms]
      [Humongous Reclaim: 0.0 ms]
      [Free CSet: 0.2 ms]
   [Eden: 47104.0K(47104.0K)->0.0B(47104.0K) Survivors: 5120.0K->5120.0K Heap: 241.6M(1024.0M)->195.4M(1024.0M)]
 [Times: user=0.24 sys=0.03, real=0.02 secs] 
2023-06-20T08:42:11.567+0000: 577751.193: [GC pause (G1 Evacuation Pause) (young), 0.0244280 secs]
   [Parallel Time: 8.1 ms, GC Workers: 43]
      [GC Worker Start (ms): Min: 577751194.9, Avg: 577751196.8, Max: 577751198.8, Diff: 3.8]
      [Ext Root Scanning (ms): Min: 0.0, Avg: 0.6, Max: 2.2, Diff: 2.2, Sum: 25.3]
      [Update RS (ms): Min: 0.0, Avg: 0.2, Max: 0.6, Diff: 0.6, Sum: 8.3]
         [Processed Buffers: Min: 0, Avg: 2.0, Max: 8, Diff: 8, Sum: 87]
      [Scan RS (ms): Min: 0.0, Avg: 0.0, Max: 0.0, Diff: 0.0, Sum: 0.5]
      [Code Root Scanning (ms): Min: 0.0, Avg: 0.0, Max: 0.0, Diff: 0.0, Sum: 0.0]
      [Object Copy (ms): Min: 2.7, Avg: 3.9, Max: 4.2, Diff: 1.5, Sum: 166.5]
      [Termination (ms): Min: 0.0, Avg: 0.1, Max: 0.1, Diff: 0.1, Sum: 2.3]
         [Termination Attempts: Min: 1, Avg: 1.0, Max: 1, Diff: 0, Sum: 43]
      [GC Worker Other (ms): Min: 0.0, Avg: 0.1, Max: 0.4, Diff: 0.3, Sum: 5.5]
      [GC Worker Total (ms): Min: 3.1, Avg: 4.8, Max: 6.8, Diff: 3.7, Sum: 208.5]
      [GC Worker End (ms): Min: 577751201.6, Avg: 577751201.7, Max: 577751201.9, Diff: 0.3]
   [Code Root Fixup: 0.0 ms]
   [Code Root Purge: 0.0 ms]
   [Clear CT: 4.9 ms]
   [Other: 11.4 ms]
      [Choose CSet: 0.0 ms]
      [Ref Proc: 3.6 ms]
      [Ref Enq: 0.0 ms]
      [Redirty Cards: 5.2 ms]
      [Humongous Register: 1.9 ms]
      [Humongous Reclaim: 0.0 ms]
      [Free CSet: 0.1 ms]
   [Eden: 47104.0K(47104.0K)->0.0B(47104.0K) Survivors: 5120.0K->5120.0K Heap: 241.4M(1024.0M)->195.5M(1024.0M)]
 [Times: user=0.25 sys=0.00, real=0.03 secs] 
2023-06-20T08:59:17.591+0000: 578777.217: [GC pause (G1 Evacuation Pause) (young), 0.0284323 secs]
   [Parallel Time: 11.6 ms, GC Workers: 43]
      [GC Worker Start (ms): Min: 578777219.3, Avg: 578777221.2, Max: 578777223.2, Diff: 3.9]
      [Ext Root Scanning (ms): Min: 0.0, Avg: 0.9, Max: 9.3, Diff: 9.2, Sum: 40.4]
      [Update RS (ms): Min: 0.0, Avg: 0.3, Max: 0.5, Diff: 0.5, Sum: 12.2]
         [Processed Buffers: Min: 0, Avg: 2.0, Max: 7, Diff: 7, Sum: 87]
      [Scan RS (ms): Min: 0.0, Avg: 0.0, Max: 0.0, Diff: 0.0, Sum: 0.6]
      [Code Root Scanning (ms): Min: 0.0, Avg: 0.0, Max: 0.0, Diff: 0.0, Sum: 0.0]
      [Object Copy (ms): Min: 0.0, Avg: 4.0, Max: 4.4, Diff: 4.4, Sum: 171.4]
      [Termination (ms): Min: 0.0, Avg: 2.2, Max: 2.3, Diff: 2.3, Sum: 93.1]
         [Termination Attempts: Min: 1, Avg: 1.0, Max: 1, Diff: 0, Sum: 43]
      [GC Worker Other (ms): Min: 0.0, Avg: 0.1, Max: 0.3, Diff: 0.3, Sum: 3.7]
      [GC Worker Total (ms): Min: 5.4, Avg: 7.5, Max: 9.3, Diff: 3.9, Sum: 321.4]
      [GC Worker End (ms): Min: 578777228.6, Avg: 578777228.7, Max: 578777228.8, Diff: 0.2]
   [Code Root Fixup: 0.0 ms]
   [Code Root Purge: 0.0 ms]
   [Clear CT: 4.8 ms]
   [Other: 12.0 ms]
      [Choose CSet: 0.0 ms]
      [Ref Proc: 4.1 ms]
      [Ref Enq: 0.0 ms]
      [Redirty Cards: 4.9 ms]
      [Humongous Register: 2.1 ms]
      [Humongous Reclaim: 0.0 ms]
      [Free CSet: 0.2 ms]
   [Eden: 47104.0K(47104.0K)->0.0B(47104.0K) Survivors: 5120.0K->5120.0K Heap: 241.5M(1024.0M)->195.8M(1024.0M)]
 [Times: user=0.37 sys=0.01, real=0.02 secs] 
2023-06-20T09:15:10.816+0000: 579730.441: [GC pause (G1 Evacuation Pause) (young), 0.0264022 secs]
   [Parallel Time: 11.9 ms, GC Workers: 43]
      [GC Worker Start (ms): Min: 579730441.6, Avg: 579730443.0, Max: 579730444.6, Diff: 3.0]
      [Ext Root Scanning (ms): Min: 0.0, Avg: 0.6, Max: 1.8, Diff: 1.8, Sum: 24.4]
      [Update RS (ms): Min: 0.0, Avg: 0.2, Max: 0.5, Diff: 0.5, Sum: 7.7]
         [Processed Buffers: Min: 0, Avg: 2.0, Max: 6, Diff: 6, Sum: 87]
      [Scan RS (ms): Min: 0.0, Avg: 0.0, Max: 0.0, Diff: 0.0, Sum: 0.6]
      [Code Root Scanning (ms): Min: 0.0, Avg: 0.0, Max: 0.0, Diff: 0.0, Sum: 0.0]
      [Object Copy (ms): Min: 5.0, Avg: 5.9, Max: 6.0, Diff: 1.0, Sum: 251.9]
      [Termination (ms): Min: 0.0, Avg: 0.1, Max: 0.1, Diff: 0.1, Sum: 3.9]
         [Termination Attempts: Min: 1, Avg: 1.1, Max: 2, Diff: 1, Sum: 48]
      [GC Worker Other (ms): Min: 0.0, Avg: 0.1, Max: 0.4, Diff: 0.4, Sum: 5.1]
      [GC Worker Total (ms): Min: 5.2, Avg: 6.8, Max: 8.4, Diff: 3.2, Sum: 293.5]
      [GC Worker End (ms): Min: 579730449.7, Avg: 579730449.8, Max: 579730450.0, Diff: 0.3]
   [Code Root Fixup: 0.0 ms]
   [Code Root Purge: 0.0 ms]
   [Clear CT: 5.8 ms]
   [Other: 8.6 ms]
      [Choose CSet: 0.0 ms]
      [Ref Proc: 2.9 ms]
      [Ref Enq: 0.0 ms]
      [Redirty Cards: 5.1 ms]
      [Humongous Register: 0.1 ms]
      [Humongous Reclaim: 0.0 ms]
      [Free CSet: 0.1 ms]
   [Eden: 47104.0K(47104.0K)->0.0B(47104.0K) Survivors: 5120.0K->5120.0K Heap: 241.8M(1024.0M)->195.3M(1024.0M)]
 [Times: user=0.34 sys=0.00, real=0.03 secs] 
2023-06-20T09:32:17.591+0000: 580757.216: [GC pause (G1 Evacuation Pause) (young), 0.0252266 secs]
   [Parallel Time: 9.2 ms, GC Workers: 43]
      [GC Worker Start (ms): Min: 580757217.0, Avg: 580757218.4, Max: 580757219.6, Diff: 2.7]
      [Ext Root Scanning (ms): Min: 0.0, Avg: 1.3, Max: 6.3, Diff: 6.3, Sum: 55.0]
      [Update RS (ms): Min: 0.0, Avg: 0.5, Max: 1.2, Diff: 1.2, Sum: 19.4]
         [Processed Buffers: Min: 0, Avg: 2.1, Max: 8, Diff: 8, Sum: 90]
      [Scan RS (ms): Min: 0.0, Avg: 0.0, Max: 0.0, Diff: 0.0, Sum: 0.5]
      [Code Root Scanning (ms): Min: 0.0, Avg: 0.0, Max: 0.0, Diff: 0.0, Sum: 0.0]
      [Object Copy (ms): Min: 0.8, Avg: 3.9, Max: 4.3, Diff: 3.5, Sum: 169.0]
      [Termination (ms): Min: 0.0, Avg: 0.1, Max: 0.2, Diff: 0.2, Sum: 5.0]
         [Termination Attempts: Min: 1, Avg: 1.0, Max: 2, Diff: 1, Sum: 44]
      [GC Worker Other (ms): Min: 0.0, Avg: 0.2, Max: 1.1, Diff: 1.0, Sum: 7.9]
      [GC Worker Total (ms): Min: 4.7, Avg: 6.0, Max: 7.5, Diff: 2.8, Sum: 256.8]
      [GC Worker End (ms): Min: 580757224.3, Avg: 580757224.4, Max: 580757224.5, Diff: 0.3]
   [Code Root Fixup: 0.0 ms]
   [Code Root Purge: 0.0 ms]
   [Clear CT: 6.0 ms]
   [Other: 10.0 ms]
      [Choose CSet: 0.0 ms]
      [Ref Proc: 3.4 ms]
      [Ref Enq: 0.0 ms]
      [Redirty Cards: 5.6 ms]
      [Humongous Register: 0.3 ms]
      [Humongous Reclaim: 0.0 ms]
      [Free CSet: 0.2 ms]
   [Eden: 47104.0K(47104.0K)->0.0B(47104.0K) Survivors: 5120.0K->5120.0K Heap: 241.3M(1024.0M)->195.3M(1024.0M)]
 [Times: user=0.29 sys=0.00, real=0.02 secs] 
2023-06-20T09:49:23.668+0000: 581783.293: [GC pause (G1 Evacuation Pause) (young), 0.0243582 secs]
   [Parallel Time: 7.9 ms, GC Workers: 43]
      [GC Worker Start (ms): Min: 581783295.5, Avg: 581783297.6, Max: 581783299.4, Diff: 3.9]
      [Ext Root Scanning (ms): Min: 0.0, Avg: 0.5, Max: 3.3, Diff: 3.2, Sum: 21.9]
      [Update RS (ms): Min: 0.0, Avg: 0.3, Max: 2.1, Diff: 2.1, Sum: 13.7]
         [Processed Buffers: Min: 0, Avg: 1.9, Max: 11, Diff: 11, Sum: 83]
      [Scan RS (ms): Min: 0.0, Avg: 0.0, Max: 0.0, Diff: 0.0, Sum: 0.5]
      [Code Root Scanning (ms): Min: 0.0, Avg: 0.0, Max: 0.0, Diff: 0.0, Sum: 0.0]
      [Object Copy (ms): Min: 1.9, Avg: 3.2, Max: 3.8, Diff: 1.9, Sum: 137.4]
      [Termination (ms): Min: 0.0, Avg: 0.1, Max: 0.1, Diff: 0.1, Sum: 3.3]
         [Termination Attempts: Min: 1, Avg: 1.0, Max: 1, Diff: 0, Sum: 43]
      [GC Worker Other (ms): Min: 0.0, Avg: 0.1, Max: 0.3, Diff: 0.3, Sum: 4.5]
      [GC Worker Total (ms): Min: 2.4, Avg: 4.2, Max: 6.3, Diff: 3.9, Sum: 181.2]
      [GC Worker End (ms): Min: 581783301.7, Avg: 581783301.8, Max: 581783302.0, Diff: 0.3]
   [Code Root Fixup: 0.0 ms]
   [Code Root Purge: 0.0 ms]
   [Clear CT: 4.9 ms]
   [Other: 11.5 ms]
      [Choose CSet: 0.0 ms]
      [Ref Proc: 4.0 ms]
      [Ref Enq: 0.0 ms]
      [Redirty Cards: 4.8 ms]
      [Humongous Register: 1.8 ms]
      [Humongous Reclaim: 0.0 ms]
      [Free CSet: 0.1 ms]
   [Eden: 47104.0K(47104.0K)->0.0B(47104.0K) Survivors: 5120.0K->5120.0K Heap: 241.3M(1024.0M)->195.8M(1024.0M)]
 [Times: user=0.19 sys=0.04, real=0.03 secs] 
2023-06-20T10:06:29.356+0000: 582808.981: [GC pause (G1 Evacuation Pause) (young), 0.0238337 secs]
   [Parallel Time: 8.1 ms, GC Workers: 43]
      [GC Worker Start (ms): Min: 582808981.7, Avg: 582808983.1, Max: 582808984.6, Diff: 2.9]
      [Ext Root Scanning (ms): Min: 0.0, Avg: 0.6, Max: 1.9, Diff: 1.8, Sum: 26.9]
      [Update RS (ms): Min: 0.0, Avg: 0.1, Max: 0.5, Diff: 0.5, Sum: 6.4]
         [Processed Buffers: Min: 0, Avg: 1.9, Max: 6, Diff: 6, Sum: 80]
      [Scan RS (ms): Min: 0.0, Avg: 0.0, Max: 0.0, Diff: 0.0, Sum: 0.5]
      [Code Root Scanning (ms): Min: 0.0, Avg: 0.0, Max: 0.0, Diff: 0.0, Sum: 0.0]
      [Object Copy (ms): Min: 3.1, Avg: 3.8, Max: 4.0, Diff: 0.9, Sum: 164.5]
      [Termination (ms): Min: 0.0, Avg: 0.1, Max: 0.1, Diff: 0.1, Sum: 3.0]
         [Termination Attempts: Min: 1, Avg: 1.0, Max: 1, Diff: 0, Sum: 43]
      [GC Worker Other (ms): Min: 0.0, Avg: 0.1, Max: 0.4, Diff: 0.4, Sum: 4.9]
      [GC Worker Total (ms): Min: 3.4, Avg: 4.8, Max: 6.1, Diff: 2.7, Sum: 206.3]
      [GC Worker End (ms): Min: 582808987.8, Avg: 582808987.9, Max: 582808988.1, Diff: 0.3]
   [Code Root Fixup: 0.0 ms]
   [Code Root Purge: 0.0 ms]
   [Clear CT: 5.4 ms]
   [Other: 10.4 ms]
      [Choose CSet: 0.0 ms]
      [Ref Proc: 4.4 ms]
      [Ref Enq: 0.0 ms]
      [Redirty Cards: 5.4 ms]
      [Humongous Register: 0.1 ms]
      [Humongous Reclaim: 0.0 ms]
      [Free CSet: 0.1 ms]
   [Eden: 47104.0K(47104.0K)->0.0B(47104.0K) Survivors: 5120.0K->5120.0K Heap: 241.8M(1024.0M)->195.7M(1024.0M)]
 [Times: user=0.26 sys=0.00, real=0.02 secs] 
2023-06-20T10:22:25.771+0000: 583765.397: [GC pause (G1 Evacuation Pause) (young), 0.0257100 secs]
   [Parallel Time: 11.4 ms, GC Workers: 43]
      [GC Worker Start (ms): Min: 583765397.3, Avg: 583765398.7, Max: 583765400.0, Diff: 2.7]
      [Ext Root Scanning (ms): Min: 0.0, Avg: 0.6, Max: 1.8, Diff: 1.8, Sum: 24.4]
      [Update RS (ms): Min: 0.0, Avg: 0.2, Max: 0.6, Diff: 0.6, Sum: 8.5]
         [Processed Buffers: Min: 0, Avg: 2.1, Max: 8, Diff: 8, Sum: 89]
      [Scan RS (ms): Min: 0.0, Avg: 0.0, Max: 0.0, Diff: 0.0, Sum: 0.6]
      [Code Root Scanning (ms): Min: 0.0, Avg: 0.0, Max: 0.0, Diff: 0.0, Sum: 0.0]
      [Object Copy (ms): Min: 6.5, Avg: 6.9, Max: 7.1, Diff: 0.6, Sum: 297.8]
      [Termination (ms): Min: 0.0, Avg: 0.0, Max: 0.1, Diff: 0.1, Sum: 1.8]
         [Termination Attempts: Min: 1, Avg: 1.9, Max: 5, Diff: 4, Sum: 81]
      [GC Worker Other (ms): Min: 0.0, Avg: 0.1, Max: 0.4, Diff: 0.4, Sum: 4.9]
      [GC Worker Total (ms): Min: 6.6, Avg: 7.9, Max: 9.3, Diff: 2.7, Sum: 338.1]
      [GC Worker End (ms): Min: 583765406.5, Avg: 583765406.6, Max: 583765406.8, Diff: 0.2]
   [Code Root Fixup: 0.0 ms]
   [Code Root Purge: 0.0 ms]
   [Clear CT: 5.6 ms]
   [Other: 8.6 ms]
      [Choose CSet: 0.0 ms]
      [Ref Proc: 3.1 ms]
      [Ref Enq: 0.0 ms]
      [Redirty Cards: 4.9 ms]
      [Humongous Register: 0.1 ms]
      [Humongous Reclaim: 0.0 ms]
      [Free CSet: 0.1 ms]
   [Eden: 47104.0K(47104.0K)->0.0B(47104.0K) Survivors: 5120.0K->5120.0K Heap: 241.7M(1024.0M)->195.3M(1024.0M)]
 [Times: user=0.38 sys=0.00, real=0.02 secs] 
2023-06-20T10:39:29.614+0000: 584789.240: [GC pause (G1 Evacuation Pause) (young), 0.0335423 secs]
   [Parallel Time: 16.2 ms, GC Workers: 43]
      [GC Worker Start (ms): Min: 584789242.2, Avg: 584789244.3, Max: 584789246.8, Diff: 4.5]
      [Ext Root Scanning (ms): Min: 0.0, Avg: 1.0, Max: 13.0, Diff: 13.0, Sum: 42.6]
      [Update RS (ms): Min: 0.0, Avg: 0.3, Max: 0.8, Diff: 0.8, Sum: 13.8]
         [Processed Buffers: Min: 0, Avg: 2.0, Max: 9, Diff: 9, Sum: 88]
      [Scan RS (ms): Min: 0.0, Avg: 0.0, Max: 0.1, Diff: 0.0, Sum: 0.5]
      [Code Root Scanning (ms): Min: 0.0, Avg: 0.0, Max: 0.0, Diff: 0.0, Sum: 0.0]
      [Object Copy (ms): Min: 0.0, Avg: 3.3, Max: 3.7, Diff: 3.7, Sum: 141.3]
      [Termination (ms): Min: 0.0, Avg: 6.4, Max: 6.6, Diff: 6.6, Sum: 275.2]
         [Termination Attempts: Min: 1, Avg: 1.0, Max: 1, Diff: 0, Sum: 43]
      [GC Worker Other (ms): Min: 0.0, Avg: 0.1, Max: 0.3, Diff: 0.2, Sum: 2.3]
      [GC Worker Total (ms): Min: 8.6, Avg: 11.1, Max: 13.1, Diff: 4.5, Sum: 475.7]
      [GC Worker End (ms): Min: 584789255.3, Avg: 584789255.4, Max: 584789255.5, Diff: 0.1]
   [Code Root Fixup: 0.0 ms]
   [Code Root Purge: 0.0 ms]
   [Clear CT: 5.4 ms]
   [Other: 12.0 ms]
      [Choose CSet: 0.0 ms]
      [Ref Proc: 3.3 ms]
      [Ref Enq: 0.0 ms]
      [Redirty Cards: 5.6 ms]
      [Humongous Register: 2.1 ms]
      [Humongous Reclaim: 0.0 ms]
      [Free CSet: 0.4 ms]
   [Eden: 47104.0K(47104.0K)->0.0B(47104.0K) Survivors: 5120.0K->5120.0K Heap: 241.3M(1024.0M)->195.8M(1024.0M)]
 [Times: user=0.53 sys=0.00, real=0.03 secs] 
2023-06-20T10:56:34.605+0000: 585814.230: [GC pause (G1 Evacuation Pause) (young), 0.0234810 secs]
   [Parallel Time: 6.5 ms, GC Workers: 43]
      [GC Worker Start (ms): Min: 585814230.6, Avg: 585814232.0, Max: 585814233.2, Diff: 2.6]
      [Ext Root Scanning (ms): Min: 0.0, Avg: 0.5, Max: 1.7, Diff: 1.7, Sum: 22.3]
      [Update RS (ms): Min: 0.0, Avg: 0.3, Max: 1.3, Diff: 1.3, Sum: 11.0]
         [Processed Buffers: Min: 0, Avg: 2.0, Max: 7, Diff: 7, Sum: 88]
      [Scan RS (ms): Min: 0.0, Avg: 0.0, Max: 0.0, Diff: 0.0, Sum: 0.5]
      [Code Root Scanning (ms): Min: 0.0, Avg: 0.0, Max: 0.0, Diff: 0.0, Sum: 0.0]
      [Object Copy (ms): Min: 2.6, Avg: 3.4, Max: 3.8, Diff: 1.2, Sum: 148.2]
      [Termination (ms): Min: 0.0, Avg: 0.0, Max: 0.1, Diff: 0.1, Sum: 2.0]
         [Termination Attempts: Min: 1, Avg: 1.0, Max: 1, Diff: 0, Sum: 43]
      [GC Worker Other (ms): Min: 0.0, Avg: 0.2, Max: 1.1, Diff: 1.1, Sum: 7.8]
      [GC Worker Total (ms): Min: 3.3, Avg: 4.5, Max: 5.8, Diff: 2.5, Sum: 191.9]
      [GC Worker End (ms): Min: 585814236.4, Avg: 585814236.5, Max: 585814236.6, Diff: 0.2]
   [Code Root Fixup: 0.0 ms]
   [Code Root Purge: 0.0 ms]
   [Clear CT: 5.3 ms]
   [Other: 11.6 ms]
      [Choose CSet: 0.0 ms]
      [Ref Proc: 6.2 ms]
      [Ref Enq: 0.0 ms]
      [Redirty Cards: 4.8 ms]
      [Humongous Register: 0.1 ms]
      [Humongous Reclaim: 0.0 ms]
      [Free CSet: 0.2 ms]
   [Eden: 47104.0K(47104.0K)->0.0B(47104.0K) Survivors: 5120.0K->5120.0K Heap: 241.8M(1024.0M)->195.5M(1024.0M)]
 [Times: user=0.23 sys=0.00, real=0.02 secs] 
2023-06-20T11:12:28.604+0000: 586768.229: [GC pause (G1 Evacuation Pause) (young), 0.0260662 secs]
   [Parallel Time: 8.8 ms, GC Workers: 43]
      [GC Worker Start (ms): Min: 586768232.0, Avg: 586768234.1, Max: 586768236.0, Diff: 4.0]
      [Ext Root Scanning (ms): Min: 0.0, Avg: 0.9, Max: 7.0, Diff: 7.0, Sum: 37.2]
      [Update RS (ms): Min: 0.0, Avg: 0.3, Max: 0.6, Diff: 0.6, Sum: 12.3]
         [Processed Buffers: Min: 0, Avg: 2.0, Max: 7, Diff: 7, Sum: 85]
      [Scan RS (ms): Min: 0.0, Avg: 0.0, Max: 0.0, Diff: 0.0, Sum: 0.5]
      [Code Root Scanning (ms): Min: 0.0, Avg: 0.0, Max: 0.0, Diff: 0.0, Sum: 0.0]
      [Object Copy (ms): Min: 0.0, Avg: 3.3, Max: 3.6, Diff: 3.6, Sum: 141.1]
      [Termination (ms): Min: 0.0, Avg: 0.6, Max: 0.7, Diff: 0.7, Sum: 25.4]
         [Termination Attempts: Min: 1, Avg: 1.0, Max: 1, Diff: 0, Sum: 43]
      [GC Worker Other (ms): Min: 0.0, Avg: 0.1, Max: 0.3, Diff: 0.3, Sum: 2.5]
      [GC Worker Total (ms): Min: 3.2, Avg: 5.1, Max: 7.2, Diff: 3.9, Sum: 219.0]
      [GC Worker End (ms): Min: 586768239.1, Avg: 586768239.2, Max: 586768239.3, Diff: 0.2]
   [Code Root Fixup: 0.0 ms]
   [Code Root Purge: 0.0 ms]
   [Clear CT: 5.0 ms]
   [Other: 12.3 ms]
      [Choose CSet: 0.0 ms]
      [Ref Proc: 4.3 ms]
      [Ref Enq: 0.0 ms]
      [Redirty Cards: 5.0 ms]
      [Humongous Register: 2.1 ms]
      [Humongous Reclaim: 0.0 ms]
      [Free CSet: 0.2 ms]
   [Eden: 47104.0K(47104.0K)->0.0B(47104.0K) Survivors: 5120.0K->5120.0K Heap: 241.5M(1024.0M)->195.6M(1024.0M)]
 [Times: user=0.27 sys=0.00, real=0.03 secs] 
2023-06-20T11:29:31.725+0000: 587791.351: [GC pause (G1 Evacuation Pause) (young), 0.0230188 secs]
   [Parallel Time: 8.1 ms, GC Workers: 43]
      [GC Worker Start (ms): Min: 587791350.8, Avg: 587791352.2, Max: 587791353.5, Diff: 2.6]
      [Ext Root Scanning (ms): Min: 0.0, Avg: 0.6, Max: 1.7, Diff: 1.7, Sum: 24.0]
      [Update RS (ms): Min: 0.0, Avg: 0.1, Max: 0.5, Diff: 0.5, Sum: 6.2]
         [Processed Buffers: Min: 0, Avg: 2.0, Max: 6, Diff: 6, Sum: 85]
      [Scan RS (ms): Min: 0.0, Avg: 0.0, Max: 0.0, Diff: 0.0, Sum: 0.6]
      [Code Root Scanning (ms): Min: 0.0, Avg: 0.0, Max: 0.0, Diff: 0.0, Sum: 0.0]
      [Object Copy (ms): Min: 3.0, Avg: 3.5, Max: 3.7, Diff: 0.7, Sum: 151.0]
      [Termination (ms): Min: 0.0, Avg: 0.1, Max: 0.1, Diff: 0.1, Sum: 2.3]
         [Termination Attempts: Min: 1, Avg: 1.0, Max: 1, Diff: 0, Sum: 43]
      [GC Worker Other (ms): Min: 0.0, Avg: 0.1, Max: 0.3, Diff: 0.2, Sum: 4.3]
      [GC Worker Total (ms): Min: 3.0, Avg: 4.4, Max: 5.7, Diff: 2.7, Sum: 188.4]
      [GC Worker End (ms): Min: 587791356.5, Avg: 587791356.6, Max: 587791356.8, Diff: 0.2]
   [Code Root Fixup: 0.0 ms]
   [Code Root Purge: 0.0 ms]
   [Clear CT: 5.1 ms]
   [Other: 9.9 ms]
      [Choose CSet: 0.0 ms]
      [Ref Proc: 4.0 ms]
      [Ref Enq: 0.0 ms]
      [Redirty Cards: 5.2 ms]
      [Humongous Register: 0.1 ms]
      [Humongous Reclaim: 0.0 ms]
      [Free CSet: 0.1 ms]
   [Eden: 47104.0K(47104.0K)->0.0B(47104.0K) Survivors: 5120.0K->5120.0K Heap: 241.6M(1024.0M)->195.5M(1024.0M)]
 [Times: user=0.24 sys=0.00, real=0.02 secs] 
2023-06-20T11:46:37.591+0000: 588817.217: [GC pause (G1 Evacuation Pause) (young), 0.0217208 secs]
   [Parallel Time: 7.0 ms, GC Workers: 43]
      [GC Worker Start (ms): Min: 588817217.0, Avg: 588817218.3, Max: 588817219.5, Diff: 2.6]
      [Ext Root Scanning (ms): Min: 0.0, Avg: 0.6, Max: 1.8, Diff: 1.8, Sum: 23.8]
      [Update RS (ms): Min: 0.0, Avg: 0.2, Max: 0.4, Diff: 0.4, Sum: 7.3]
         [Processed Buffers: Min: 0, Avg: 2.0, Max: 6, Diff: 6, Sum: 85]
      [Scan RS (ms): Min: 0.0, Avg: 0.0, Max: 0.0, Diff: 0.0, Sum: 0.6]
      [Code Root Scanning (ms): Min: 0.0, Avg: 0.0, Max: 0.0, Diff: 0.0, Sum: 0.0]
      [Object Copy (ms): Min: 3.0, Avg: 3.4, Max: 3.6, Diff: 0.6, Sum: 147.1]
      [Termination (ms): Min: 0.0, Avg: 0.0, Max: 0.1, Diff: 0.1, Sum: 1.4]
         [Termination Attempts: Min: 1, Avg: 1.0, Max: 1, Diff: 0, Sum: 43]
      [GC Worker Other (ms): Min: 0.0, Avg: 0.2, Max: 0.4, Diff: 0.4, Sum: 6.7]
      [GC Worker Total (ms): Min: 3.1, Avg: 4.3, Max: 5.6, Diff: 2.5, Sum: 186.8]
      [GC Worker End (ms): Min: 588817222.5, Avg: 588817222.7, Max: 588817222.9, Diff: 0.4]
   [Code Root Fixup: 0.0 ms]
   [Code Root Purge: 0.0 ms]
   [Clear CT: 4.8 ms]
   [Other: 9.9 ms]
      [Choose CSet: 0.0 ms]
      [Ref Proc: 4.3 ms]
      [Ref Enq: 0.0 ms]
      [Redirty Cards: 5.0 ms]
      [Humongous Register: 0.1 ms]
      [Humongous Reclaim: 0.0 ms]
      [Free CSet: 0.1 ms]
   [Eden: 47104.0K(47104.0K)->0.0B(46080.0K) Survivors: 5120.0K->6144.0K Heap: 241.5M(1024.0M)->196.1M(1024.0M)]
 [Times: user=0.23 sys=0.00, real=0.02 secs] 
2023-06-20T12:03:22.181+0000: 589821.807: [GC pause (G1 Evacuation Pause) (young), 0.0344188 secs]
   [Parallel Time: 17.6 ms, GC Workers: 43]
      [GC Worker Start (ms): Min: 589821809.3, Avg: 589821811.3, Max: 589821813.2, Diff: 3.9]
      [Ext Root Scanning (ms): Min: 0.0, Avg: 1.0, Max: 14.7, Diff: 14.7, Sum: 42.9]
      [Update RS (ms): Min: 0.0, Avg: 0.3, Max: 0.8, Diff: 0.8, Sum: 14.6]
         [Processed Buffers: Min: 0, Avg: 2.1, Max: 8, Diff: 8, Sum: 90]
      [Scan RS (ms): Min: 0.0, Avg: 0.0, Max: 0.0, Diff: 0.0, Sum: 0.5]
      [Code Root Scanning (ms): Min: 0.0, Avg: 0.0, Max: 0.0, Diff: 0.0, Sum: 0.0]
      [Object Copy (ms): Min: 0.0, Avg: 4.0, Max: 4.4, Diff: 4.4, Sum: 170.9]
      [Termination (ms): Min: 0.0, Avg: 7.5, Max: 7.8, Diff: 7.8, Sum: 322.8]
         [Termination Attempts: Min: 1, Avg: 1.0, Max: 1, Diff: 0, Sum: 43]
      [GC Worker Other (ms): Min: 0.0, Avg: 0.1, Max: 0.3, Diff: 0.2, Sum: 2.7]
      [GC Worker Total (ms): Min: 11.0, Avg: 12.9, Max: 14.8, Diff: 3.7, Sum: 554.3]
      [GC Worker End (ms): Min: 589821824.1, Avg: 589821824.2, Max: 589821824.3, Diff: 0.2]
   [Code Root Fixup: 0.0 ms]
   [Code Root Purge: 0.0 ms]
   [Clear CT: 4.7 ms]
   [Other: 12.1 ms]
      [Choose CSet: 0.0 ms]
      [Ref Proc: 3.9 ms]
      [Ref Enq: 0.0 ms]
      [Redirty Cards: 4.9 ms]
      [Humongous Register: 2.1 ms]
      [Humongous Reclaim: 0.0 ms]
      [Free CSet: 0.4 ms]
   [Eden: 46080.0K(46080.0K)->0.0B(47104.0K) Survivors: 6144.0K->5120.0K Heap: 241.1M(1024.0M)->195.6M(1024.0M)]
 [Times: user=0.61 sys=0.00, real=0.03 secs] 
2023-06-20T12:19:15.552+0000: 590775.178: [GC pause (G1 Evacuation Pause) (young), 0.0223789 secs]
   [Parallel Time: 6.3 ms, GC Workers: 43]
      [GC Worker Start (ms): Min: 590775178.3, Avg: 590775179.7, Max: 590775180.9, Diff: 2.6]
      [Ext Root Scanning (ms): Min: 0.0, Avg: 0.5, Max: 1.7, Diff: 1.7, Sum: 23.5]
      [Update RS (ms): Min: 0.0, Avg: 0.1, Max: 0.4, Diff: 0.4, Sum: 6.3]
         [Processed Buffers: Min: 0, Avg: 2.0, Max: 7, Diff: 7, Sum: 87]
      [Scan RS (ms): Min: 0.0, Avg: 0.0, Max: 0.0, Diff: 0.0, Sum: 0.6]
      [Code Root Scanning (ms): Min: 0.0, Avg: 0.0, Max: 0.0, Diff: 0.0, Sum: 0.0]
      [Object Copy (ms): Min: 2.9, Avg: 3.4, Max: 3.6, Diff: 0.7, Sum: 147.9]
      [Termination (ms): Min: 0.0, Avg: 0.0, Max: 0.1, Diff: 0.1, Sum: 2.1]
         [Termination Attempts: Min: 1, Avg: 1.0, Max: 1, Diff: 0, Sum: 43]
      [GC Worker Other (ms): Min: 0.0, Avg: 0.1, Max: 0.5, Diff: 0.5, Sum: 5.4]
      [GC Worker Total (ms): Min: 3.2, Avg: 4.3, Max: 5.6, Diff: 2.5, Sum: 185.9]
      [GC Worker End (ms): Min: 590775183.9, Avg: 590775184.0, Max: 590775184.2, Diff: 0.3]
   [Code Root Fixup: 0.0 ms]
   [Code Root Purge: 0.0 ms]
   [Clear CT: 6.6 ms]
   [Other: 9.5 ms]
      [Choose CSet: 0.0 ms]
      [Ref Proc: 3.6 ms]
      [Ref Enq: 0.0 ms]
      [Redirty Cards: 5.2 ms]
      [Humongous Register: 0.1 ms]
      [Humongous Reclaim: 0.0 ms]
      [Free CSet: 0.1 ms]
   [Eden: 47104.0K(47104.0K)->0.0B(47104.0K) Survivors: 5120.0K->5120.0K Heap: 241.6M(1024.0M)->195.5M(1024.0M)]
 [Times: user=0.24 sys=0.00, real=0.02 secs] 
2023-06-20T12:36:22.178+0000: 591801.804: [GC pause (G1 Evacuation Pause) (young), 0.0286714 secs]
   [Parallel Time: 9.7 ms, GC Workers: 43]
      [GC Worker Start (ms): Min: 591801806.6, Avg: 591801808.6, Max: 591801811.4, Diff: 4.8]
      [Ext Root Scanning (ms): Min: 0.0, Avg: 0.9, Max: 7.9, Diff: 7.9, Sum: 39.1]
      [Update RS (ms): Min: 0.0, Avg: 0.3, Max: 0.7, Diff: 0.7, Sum: 14.3]
         [Processed Buffers: Min: 0, Avg: 2.0, Max: 8, Diff: 8, Sum: 87]
      [Scan RS (ms): Min: 0.0, Avg: 0.0, Max: 0.0, Diff: 0.0, Sum: 0.6]
      [Code Root Scanning (ms): Min: 0.0, Avg: 0.0, Max: 0.0, Diff: 0.0, Sum: 0.0]
      [Object Copy (ms): Min: 0.0, Avg: 3.4, Max: 3.9, Diff: 3.9, Sum: 148.2]
      [Termination (ms): Min: 0.0, Avg: 1.3, Max: 1.4, Diff: 1.4, Sum: 55.1]
         [Termination Attempts: Min: 1, Avg: 1.0, Max: 1, Diff: 0, Sum: 43]
      [GC Worker Other (ms): Min: 0.0, Avg: 0.0, Max: 0.1, Diff: 0.1, Sum: 1.9]
      [GC Worker Total (ms): Min: 3.3, Avg: 6.0, Max: 8.0, Diff: 4.7, Sum: 259.2]
      [GC Worker End (ms): Min: 591801814.5, Avg: 591801814.6, Max: 591801814.7, Diff: 0.2]
   [Code Root Fixup: 0.0 ms]
   [Code Root Purge: 0.0 ms]
   [Clear CT: 6.1 ms]
   [Other: 12.9 ms]
      [Choose CSet: 0.0 ms]
      [Ref Proc: 4.7 ms]
      [Ref Enq: 0.0 ms]
      [Redirty Cards: 5.1 ms]
      [Humongous Register: 2.1 ms]
      [Humongous Reclaim: 0.0 ms]
      [Free CSet: 0.2 ms]
   [Eden: 47104.0K(47104.0K)->0.0B(47104.0K) Survivors: 5120.0K->5120.0K Heap: 241.5M(1024.0M)->195.8M(1024.0M)]
 [Times: user=0.31 sys=0.00, real=0.03 secs] 
2023-06-20T12:53:27.379+0000: 592827.005: [GC pause (G1 Evacuation Pause) (young), 0.0264540 secs]
   [Parallel Time: 8.0 ms, GC Workers: 43]
      [GC Worker Start (ms): Min: 592827005.3, Avg: 592827006.8, Max: 592827008.0, Diff: 2.7]
      [Ext Root Scanning (ms): Min: 0.0, Avg: 0.5, Max: 1.9, Diff: 1.8, Sum: 23.6]
      [Update RS (ms): Min: 0.0, Avg: 0.2, Max: 0.5, Diff: 0.5, Sum: 6.5]
         [Processed Buffers: Min: 0, Avg: 2.0, Max: 6, Diff: 6, Sum: 84]
      [Scan RS (ms): Min: 0.0, Avg: 0.0, Max: 0.0, Diff: 0.0, Sum: 0.6]
      [Code Root Scanning (ms): Min: 0.0, Avg: 0.0, Max: 0.0, Diff: 0.0, Sum: 0.0]
      [Object Copy (ms): Min: 3.5, Avg: 4.1, Max: 4.2, Diff: 0.8, Sum: 174.7]
      [Termination (ms): Min: 0.0, Avg: 0.0, Max: 0.1, Diff: 0.1, Sum: 2.1]
         [Termination Attempts: Min: 1, Avg: 1.0, Max: 1, Diff: 0, Sum: 43]
      [GC Worker Other (ms): Min: 0.0, Avg: 0.1, Max: 0.5, Diff: 0.4, Sum: 5.7]
      [GC Worker Total (ms): Min: 3.6, Avg: 5.0, Max: 6.5, Diff: 2.9, Sum: 213.2]
      [GC Worker End (ms): Min: 592827011.6, Avg: 592827011.7, Max: 592827012.0, Diff: 0.3]
   [Code Root Fixup: 0.0 ms]
   [Code Root Purge: 0.0 ms]
   [Clear CT: 6.5 ms]
   [Other: 12.0 ms]
      [Choose CSet: 0.0 ms]
      [Ref Proc: 5.7 ms]
      [Ref Enq: 0.0 ms]
      [Redirty Cards: 5.6 ms]
      [Humongous Register: 0.1 ms]
      [Humongous Reclaim: 0.0 ms]
      [Free CSet: 0.1 ms]
   [Eden: 47104.0K(47104.0K)->0.0B(48128.0K) Survivors: 5120.0K->4096.0K Heap: 241.8M(1024.0M)->194.9M(1024.0M)]
 [Times: user=0.26 sys=0.00, real=0.03 secs] 
2023-06-20T13:10:45.894+0000: 593865.520: [GC pause (G1 Evacuation Pause) (young), 0.0313726 secs]
   [Parallel Time: 11.2 ms, GC Workers: 43]
      [GC Worker Start (ms): Min: 593865522.2, Avg: 593865524.3, Max: 593865526.2, Diff: 4.0]
      [Ext Root Scanning (ms): Min: 0.0, Avg: 1.1, Max: 8.5, Diff: 8.5, Sum: 49.1]
      [Update RS (ms): Min: 0.0, Avg: 0.3, Max: 0.7, Diff: 0.7, Sum: 14.8]
         [Processed Buffers: Min: 0, Avg: 2.1, Max: 12, Diff: 12, Sum: 89]
      [Scan RS (ms): Min: 0.0, Avg: 0.0, Max: 0.0, Diff: 0.0, Sum: 0.4]
      [Code Root Scanning (ms): Min: 0.0, Avg: 0.0, Max: 0.0, Diff: 0.0, Sum: 0.0]
      [Object Copy (ms): Min: 0.0, Avg: 4.5, Max: 4.8, Diff: 4.7, Sum: 192.2]
      [Termination (ms): Min: 0.0, Avg: 0.5, Max: 0.6, Diff: 0.6, Sum: 23.0]
         [Termination Attempts: Min: 1, Avg: 1.0, Max: 1, Diff: 0, Sum: 43]
      [GC Worker Other (ms): Min: 0.0, Avg: 0.1, Max: 0.2, Diff: 0.2, Sum: 2.4]
      [GC Worker Total (ms): Min: 4.8, Avg: 6.6, Max: 8.7, Diff: 3.8, Sum: 282.0]
      [GC Worker End (ms): Min: 593865530.7, Avg: 593865530.9, Max: 593865531.0, Diff: 0.3]
   [Code Root Fixup: 0.0 ms]
   [Code Root Purge: 0.0 ms]
   [Clear CT: 6.2 ms]
   [Other: 14.0 ms]
      [Choose CSet: 0.0 ms]
      [Ref Proc: 5.3 ms]
      [Ref Enq: 0.0 ms]
      [Redirty Cards: 5.5 ms]
      [Humongous Register: 2.0 ms]
      [Humongous Reclaim: 0.0 ms]
      [Free CSet: 0.2 ms]
   [Eden: 48128.0K(48128.0K)->0.0B(47104.0K) Survivors: 4096.0K->5120.0K Heap: 241.9M(1024.0M)->195.6M(1024.0M)]
 [Times: user=0.33 sys=0.00, real=0.03 secs] 
2023-06-20T13:26:45.060+0000: 594824.686: [GC pause (G1 Evacuation Pause) (young), 0.0231343 secs]
   [Parallel Time: 8.9 ms, GC Workers: 43]
      [GC Worker Start (ms): Min: 594824686.3, Avg: 594824687.7, Max: 594824689.0, Diff: 2.6]
      [Ext Root Scanning (ms): Min: 0.0, Avg: 0.5, Max: 1.7, Diff: 1.7, Sum: 22.5]
      [Update RS (ms): Min: 0.0, Avg: 0.2, Max: 0.4, Diff: 0.4, Sum: 6.7]
         [Processed Buffers: Min: 0, Avg: 2.0, Max: 8, Diff: 8, Sum: 87]
      [Scan RS (ms): Min: 0.0, Avg: 0.0, Max: 0.0, Diff: 0.0, Sum: 0.6]
      [Code Root Scanning (ms): Min: 0.0, Avg: 0.0, Max: 0.0, Diff: 0.0, Sum: 0.0]
      [Object Copy (ms): Min: 3.4, Avg: 4.0, Max: 4.2, Diff: 0.8, Sum: 171.8]
      [Termination (ms): Min: 0.0, Avg: 0.1, Max: 0.1, Diff: 0.1, Sum: 3.4]
         [Termination Attempts: Min: 1, Avg: 1.0, Max: 1, Diff: 0, Sum: 43]
      [GC Worker Other (ms): Min: 0.0, Avg: 0.1, Max: 0.3, Diff: 0.2, Sum: 3.7]
      [GC Worker Total (ms): Min: 3.6, Avg: 4.9, Max: 6.2, Diff: 2.6, Sum: 208.7]
      [GC Worker End (ms): Min: 594824692.5, Avg: 594824692.6, Max: 594824692.7, Diff: 0.2]
   [Code Root Fixup: 0.0 ms]
   [Code Root Purge: 0.0 ms]
   [Clear CT: 4.9 ms]
   [Other: 9.3 ms]
      [Choose CSet: 0.0 ms]
      [Ref Proc: 3.5 ms]
      [Ref Enq: 0.0 ms]
      [Redirty Cards: 5.2 ms]
      [Humongous Register: 0.1 ms]
      [Humongous Reclaim: 0.0 ms]
      [Free CSet: 0.1 ms]
   [Eden: 47104.0K(47104.0K)->0.0B(47104.0K) Survivors: 5120.0K->5120.0K Heap: 241.6M(1024.0M)->195.8M(1024.0M)]
 [Times: user=0.27 sys=0.00, real=0.03 secs] 
2023-06-20T13:43:53.173+0000: 595852.798: [GC pause (G1 Evacuation Pause) (young), 0.0262056 secs]
   [Parallel Time: 9.7 ms, GC Workers: 43]
      [GC Worker Start (ms): Min: 595852798.8, Avg: 595852800.2, Max: 595852801.5, Diff: 2.7]
      [Ext Root Scanning (ms): Min: 0.0, Avg: 0.5, Max: 2.0, Diff: 2.0, Sum: 23.2]
      [Update RS (ms): Min: 0.0, Avg: 0.2, Max: 0.6, Diff: 0.6, Sum: 8.5]
         [Processed Buffers: Min: 0, Avg: 2.1, Max: 6, Diff: 6, Sum: 89]
      [Scan RS (ms): Min: 0.0, Avg: 0.0, Max: 0.0, Diff: 0.0, Sum: 0.6]
      [Code Root Scanning (ms): Min: 0.0, Avg: 0.0, Max: 0.0, Diff: 0.0, Sum: 0.0]
      [Object Copy (ms): Min: 3.6, Avg: 4.2, Max: 4.4, Diff: 0.8, Sum: 179.4]
      [Termination (ms): Min: 0.0, Avg: 0.1, Max: 0.1, Diff: 0.1, Sum: 2.2]
         [Termination Attempts: Min: 1, Avg: 1.0, Max: 1, Diff: 0, Sum: 43]
      [GC Worker Other (ms): Min: 0.0, Avg: 0.1, Max: 0.3, Diff: 0.3, Sum: 4.6]
      [GC Worker Total (ms): Min: 3.8, Avg: 5.1, Max: 6.6, Diff: 2.9, Sum: 218.5]
      [GC Worker End (ms): Min: 595852805.2, Avg: 595852805.3, Max: 595852805.5, Diff: 0.3]
   [Code Root Fixup: 0.0 ms]
   [Code Root Purge: 0.0 ms]
   [Clear CT: 5.7 ms]
   [Other: 10.8 ms]
      [Choose CSet: 0.0 ms]
      [Ref Proc: 4.6 ms]
      [Ref Enq: 0.0 ms]
      [Redirty Cards: 5.6 ms]
      [Humongous Register: 0.1 ms]
      [Humongous Reclaim: 0.0 ms]
      [Free CSet: 0.1 ms]
   [Eden: 47104.0K(47104.0K)->0.0B(47104.0K) Survivors: 5120.0K->5120.0K Heap: 241.8M(1024.0M)->195.4M(1024.0M)]
 [Times: user=0.28 sys=0.00, real=0.02 secs] 
2023-06-20T14:01:00.433+0000: 596880.058: [GC pause (G1 Evacuation Pause) (young), 0.0386119 secs]
   [Parallel Time: 17.9 ms, GC Workers: 43]
      [GC Worker Start (ms): Min: 596880060.8, Avg: 596880063.5, Max: 596880071.0, Diff: 10.1]
      [Ext Root Scanning (ms): Min: 0.0, Avg: 0.9, Max: 13.9, Diff: 13.8, Sum: 39.2]
      [Update RS (ms): Min: 0.0, Avg: 0.2, Max: 0.6, Diff: 0.6, Sum: 9.6]
         [Processed Buffers: Min: 0, Avg: 2.0, Max: 7, Diff: 7, Sum: 88]
      [Scan RS (ms): Min: 0.0, Avg: 0.0, Max: 0.0, Diff: 0.0, Sum: 0.5]
      [Code Root Scanning (ms): Min: 0.0, Avg: 0.0, Max: 0.0, Diff: 0.0, Sum: 0.0]
      [Object Copy (ms): Min: 0.0, Avg: 3.4, Max: 4.0, Diff: 4.0, Sum: 144.8]
      [Termination (ms): Min: 0.0, Avg: 6.8, Max: 7.2, Diff: 7.2, Sum: 290.8]
         [Termination Attempts: Min: 1, Avg: 1.0, Max: 1, Diff: 0, Sum: 43]
      [GC Worker Other (ms): Min: 0.0, Avg: 0.1, Max: 0.2, Diff: 0.2, Sum: 2.2]
      [GC Worker Total (ms): Min: 3.8, Avg: 11.3, Max: 13.9, Diff: 10.1, Sum: 487.2]
      [GC Worker End (ms): Min: 596880074.8, Avg: 596880074.8, Max: 596880074.9, Diff: 0.1]
   [Code Root Fixup: 0.0 ms]
   [Code Root Purge: 0.0 ms]
   [Clear CT: 6.9 ms]
   [Other: 13.7 ms]
      [Choose CSet: 0.0 ms]
      [Ref Proc: 5.2 ms]
      [Ref Enq: 0.0 ms]
      [Redirty Cards: 5.5 ms]
      [Humongous Register: 2.1 ms]
      [Humongous Reclaim: 0.0 ms]
      [Free CSet: 0.2 ms]
   [Eden: 47104.0K(47104.0K)->0.0B(47104.0K) Survivors: 5120.0K->5120.0K Heap: 241.4M(1024.0M)->195.7M(1024.0M)]
 [Times: user=0.56 sys=0.00, real=0.04 secs] 
2023-06-20T14:46:17.591+0000: 599597.217: [GC pause (G1 Evacuation Pause) (young), 0.0302399 secs]
   [Parallel Time: 9.8 ms, GC Workers: 43]
      [GC Worker Start (ms): Min: 599597219.6, Avg: 599597221.7, Max: 599597227.2, Diff: 7.6]
      [Ext Root Scanning (ms): Min: 0.0, Avg: 0.9, Max: 8.3, Diff: 8.2, Sum: 39.2]
      [Update RS (ms): Min: 0.0, Avg: 0.5, Max: 1.0, Diff: 1.0, Sum: 21.2]
         [Processed Buffers: Min: 0, Avg: 2.0, Max: 7, Diff: 7, Sum: 84]
      [Scan RS (ms): Min: 0.0, Avg: 0.0, Max: 0.1, Diff: 0.0, Sum: 0.4]
      [Code Root Scanning (ms): Min: 0.0, Avg: 0.0, Max: 0.0, Diff: 0.0, Sum: 0.0]
      [Object Copy (ms): Min: 0.0, Avg: 3.1, Max: 3.5, Diff: 3.5, Sum: 133.4]
      [Termination (ms): Min: 0.0, Avg: 1.7, Max: 1.9, Diff: 1.9, Sum: 71.5]
         [Termination Attempts: Min: 1, Avg: 1.2, Max: 2, Diff: 1, Sum: 50]
      [GC Worker Other (ms): Min: 0.0, Avg: 0.1, Max: 0.2, Diff: 0.2, Sum: 3.3]
      [GC Worker Total (ms): Min: 0.7, Avg: 6.3, Max: 8.3, Diff: 7.6, Sum: 269.1]
      [GC Worker End (ms): Min: 599597227.9, Avg: 599597227.9, Max: 599597228.0, Diff: 0.2]
   [Code Root Fixup: 0.0 ms]
   [Code Root Purge: 0.0 ms]
   [Clear CT: 4.9 ms]
   [Other: 15.5 ms]
      [Choose CSet: 0.0 ms]
      [Ref Proc: 7.0 ms]
      [Ref Enq: 0.0 ms]
      [Redirty Cards: 5.1 ms]
      [Humongous Register: 2.1 ms]
      [Humongous Reclaim: 0.0 ms]
      [Free CSet: 0.2 ms]
   [Eden: 47104.0K(47104.0K)->0.0B(48128.0K) Survivors: 5120.0K->4096.0K Heap: 241.7M(1024.0M)->194.4M(1024.0M)]
 [Times: user=0.46 sys=0.00, real=0.03 secs] 
2023-06-20T15:15:27.591+0000: 601347.216: [GC pause (G1 Evacuation Pause) (young), 0.0275798 secs]
   [Parallel Time: 10.3 ms, GC Workers: 43]
      [GC Worker Start (ms): Min: 601347218.8, Avg: 601347220.9, Max: 601347222.7, Diff: 3.9]
      [Ext Root Scanning (ms): Min: 0.0, Avg: 0.8, Max: 6.6, Diff: 6.6, Sum: 32.6]
      [Update RS (ms): Min: 0.0, Avg: 0.3, Max: 0.8, Diff: 0.8, Sum: 12.1]
         [Processed Buffers: Min: 0, Avg: 2.0, Max: 7, Diff: 7, Sum: 88]
      [Scan RS (ms): Min: 0.0, Avg: 0.0, Max: 0.0, Diff: 0.0, Sum: 0.5]
      [Code Root Scanning (ms): Min: 0.0, Avg: 0.0, Max: 0.0, Diff: 0.0, Sum: 0.0]
      [Object Copy (ms): Min: 0.0, Avg: 1.3, Max: 1.7, Diff: 1.7, Sum: 56.5]
      [Termination (ms): Min: 0.0, Avg: 2.2, Max: 2.4, Diff: 2.4, Sum: 94.2]
         [Termination Attempts: Min: 1, Avg: 1.3, Max: 2, Diff: 1, Sum: 56]
      [GC Worker Other (ms): Min: 0.0, Avg: 0.0, Max: 0.2, Diff: 0.1, Sum: 2.1]
      [GC Worker Total (ms): Min: 2.9, Avg: 4.6, Max: 6.6, Diff: 3.8, Sum: 198.1]
      [GC Worker End (ms): Min: 601347225.4, Avg: 601347225.5, Max: 601347225.7, Diff: 0.2]
   [Code Root Fixup: 0.0 ms]
   [Code Root Purge: 0.0 ms]
   [Clear CT: 5.1 ms]
   [Other: 12.2 ms]
      [Choose CSet: 0.0 ms]
      [Ref Proc: 3.9 ms]
      [Ref Enq: 0.0 ms]
      [Redirty Cards: 5.2 ms]
      [Humongous Register: 2.0 ms]
      [Humongous Reclaim: 0.0 ms]
      [Free CSet: 0.3 ms]
   [Eden: 48128.0K(48128.0K)->0.0B(48128.0K) Survivors: 4096.0K->4096.0K Heap: 241.4M(1024.0M)->194.8M(1024.0M)]
 [Times: user=0.24 sys=0.02, real=0.02 secs] 
2023-06-20T15:20:20.127+0000: 601639.753: [GC pause (G1 Evacuation Pause) (young), 0.0233282 secs]
   [Parallel Time: 6.7 ms, GC Workers: 43]
      [GC Worker Start (ms): Min: 601639753.2, Avg: 601639754.6, Max: 601639755.8, Diff: 2.6]
      [Ext Root Scanning (ms): Min: 0.0, Avg: 0.5, Max: 1.7, Diff: 1.7, Sum: 23.2]
      [Update RS (ms): Min: 0.0, Avg: 0.2, Max: 0.6, Diff: 0.6, Sum: 7.3]
         [Processed Buffers: Min: 0, Avg: 2.0, Max: 5, Diff: 5, Sum: 87]
      [Scan RS (ms): Min: 0.0, Avg: 0.0, Max: 0.0, Diff: 0.0, Sum: 0.8]
      [Code Root Scanning (ms): Min: 0.0, Avg: 0.0, Max: 0.0, Diff: 0.0, Sum: 0.0]
      [Object Copy (ms): Min: 2.3, Avg: 2.9, Max: 3.1, Diff: 0.8, Sum: 123.1]
      [Termination (ms): Min: 0.0, Avg: 0.1, Max: 0.2, Diff: 0.2, Sum: 4.1]
         [Termination Attempts: Min: 1, Avg: 1.0, Max: 1, Diff: 0, Sum: 43]
      [GC Worker Other (ms): Min: 0.0, Avg: 0.1, Max: 0.4, Diff: 0.4, Sum: 5.0]
      [GC Worker Total (ms): Min: 2.5, Avg: 3.8, Max: 5.1, Diff: 2.6, Sum: 163.7]
      [GC Worker End (ms): Min: 601639758.3, Avg: 601639758.4, Max: 601639758.6, Diff: 0.3]
   [Code Root Fixup: 0.0 ms]
   [Code Root Purge: 0.0 ms]
   [Clear CT: 6.0 ms]
   [Other: 10.6 ms]
      [Choose CSet: 0.0 ms]
      [Ref Proc: 4.6 ms]
      [Ref Enq: 0.0 ms]
      [Redirty Cards: 5.4 ms]
      [Humongous Register: 0.1 ms]
      [Humongous Reclaim: 0.0 ms]
      [Free CSet: 0.2 ms]
   [Eden: 48128.0K(48128.0K)->0.0B(48128.0K) Survivors: 4096.0K->4096.0K Heap: 241.8M(1024.0M)->194.9M(1024.0M)]
 [Times: user=0.17 sys=0.05, real=0.03 secs] 
2023-06-20T15:24:12.018+0000: 601871.643: [GC pause (G1 Evacuation Pause) (young), 0.0234937 secs]
   [Parallel Time: 7.5 ms, GC Workers: 43]
      [GC Worker Start (ms): Min: 601871643.6, Avg: 601871645.1, Max: 601871646.3, Diff: 2.6]
      [Ext Root Scanning (ms): Min: 0.0, Avg: 0.5, Max: 1.9, Diff: 1.8, Sum: 22.9]
      [Update RS (ms): Min: 0.0, Avg: 0.2, Max: 0.5, Diff: 0.5, Sum: 8.0]
         [Processed Buffers: Min: 0, Avg: 2.1, Max: 6, Diff: 6, Sum: 89]
      [Scan RS (ms): Min: 0.0, Avg: 0.0, Max: 0.0, Diff: 0.0, Sum: 0.7]
      [Code Root Scanning (ms): Min: 0.0, Avg: 0.0, Max: 0.0, Diff: 0.0, Sum: 0.0]
      [Object Copy (ms): Min: 0.8, Avg: 1.2, Max: 1.3, Diff: 0.6, Sum: 50.1]
      [Termination (ms): Min: 0.0, Avg: 0.1, Max: 0.2, Diff: 0.2, Sum: 5.0]
         [Termination Attempts: Min: 1, Avg: 1.0, Max: 1, Diff: 0, Sum: 43]
      [GC Worker Other (ms): Min: 0.0, Avg: 0.1, Max: 0.4, Diff: 0.4, Sum: 5.1]
      [GC Worker Total (ms): Min: 0.9, Avg: 2.1, Max: 3.7, Diff: 2.8, Sum: 91.7]
      [GC Worker End (ms): Min: 601871647.1, Avg: 601871647.2, Max: 601871647.4, Diff: 0.3]
   [Code Root Fixup: 0.0 ms]
   [Code Root Purge: 0.0 ms]
   [Clear CT: 5.7 ms]
   [Other: 10.3 ms]
      [Choose CSet: 0.0 ms]
      [Ref Proc: 4.3 ms]
      [Ref Enq: 0.0 ms]
      [Redirty Cards: 5.3 ms]
      [Humongous Register: 0.1 ms]
      [Humongous Reclaim: 0.0 ms]
      [Free CSet: 0.2 ms]
   [Eden: 48128.0K(48128.0K)->0.0B(48128.0K) Survivors: 4096.0K->4096.0K Heap: 241.9M(1024.0M)->194.7M(1024.0M)]
 [Times: user=0.15 sys=0.00, real=0.03 secs] 
2023-06-20T15:27:49.095+0000: 602088.721: [GC pause (G1 Evacuation Pause) (young), 0.0235067 secs]
   [Parallel Time: 5.4 ms, GC Workers: 43]
      [GC Worker Start (ms): Min: 602088721.1, Avg: 602088722.5, Max: 602088723.7, Diff: 2.5]
      [Ext Root Scanning (ms): Min: 0.0, Avg: 0.4, Max: 1.5, Diff: 1.5, Sum: 18.5]
      [Update RS (ms): Min: 0.0, Avg: 0.2, Max: 0.5, Diff: 0.5, Sum: 7.5]
         [Processed Buffers: Min: 0, Avg: 2.1, Max: 9, Diff: 9, Sum: 90]
      [Scan RS (ms): Min: 0.0, Avg: 0.0, Max: 0.0, Diff: 0.0, Sum: 0.7]
      [Code Root Scanning (ms): Min: 0.0, Avg: 0.0, Max: 0.0, Diff: 0.0, Sum: 0.0]
      [Object Copy (ms): Min: 0.6, Avg: 1.2, Max: 1.5, Diff: 0.8, Sum: 53.7]
      [Termination (ms): Min: 0.0, Avg: 0.1, Max: 0.2, Diff: 0.2, Sum: 3.6]
         [Termination Attempts: Min: 1, Avg: 1.0, Max: 1, Diff: 0, Sum: 43]
      [GC Worker Other (ms): Min: 0.0, Avg: 0.1, Max: 0.3, Diff: 0.3, Sum: 5.4]
      [GC Worker Total (ms): Min: 0.8, Avg: 2.1, Max: 3.4, Diff: 2.6, Sum: 89.3]
      [GC Worker End (ms): Min: 602088724.4, Avg: 602088724.5, Max: 602088724.8, Diff: 0.3]
   [Code Root Fixup: 0.0 ms]
   [Code Root Purge: 0.0 ms]
   [Clear CT: 6.5 ms]
   [Other: 11.6 ms]
      [Choose CSet: 0.0 ms]
      [Ref Proc: 5.3 ms]
      [Ref Enq: 0.0 ms]
      [Redirty Cards: 5.6 ms]
      [Humongous Register: 0.1 ms]
      [Humongous Reclaim: 0.0 ms]
      [Free CSet: 0.1 ms]
   [Eden: 48128.0K(48128.0K)->0.0B(48128.0K) Survivors: 4096.0K->4096.0K Heap: 241.7M(1024.0M)->194.7M(1024.0M)]
 [Times: user=0.14 sys=0.01, real=0.02 secs] 
2023-06-20T15:31:25.743+0000: 602305.368: [GC pause (G1 Evacuation Pause) (young), 0.0253363 secs]
   [Parallel Time: 5.0 ms, GC Workers: 43]
      [GC Worker Start (ms): Min: 602305368.5, Avg: 602305369.9, Max: 602305371.1, Diff: 2.7]
      [Ext Root Scanning (ms): Min: 0.0, Avg: 0.5, Max: 1.8, Diff: 1.8, Sum: 23.1]
      [Update RS (ms): Min: 0.0, Avg: 0.2, Max: 0.6, Diff: 0.6, Sum: 8.4]
         [Processed Buffers: Min: 0, Avg: 2.1, Max: 7, Diff: 7, Sum: 90]
      [Scan RS (ms): Min: 0.0, Avg: 0.0, Max: 0.1, Diff: 0.0, Sum: 0.8]
      [Code Root Scanning (ms): Min: 0.0, Avg: 0.0, Max: 0.0, Diff: 0.0, Sum: 0.0]
      [Object Copy (ms): Min: 0.8, Avg: 1.3, Max: 1.5, Diff: 0.7, Sum: 56.0]
      [Termination (ms): Min: 0.0, Avg: 0.1, Max: 0.2, Diff: 0.2, Sum: 5.6]
         [Termination Attempts: Min: 1, Avg: 1.0, Max: 1, Diff: 0, Sum: 43]
      [GC Worker Other (ms): Min: 0.0, Avg: 0.1, Max: 0.3, Diff: 0.3, Sum: 4.6]
      [GC Worker Total (ms): Min: 1.1, Avg: 2.3, Max: 3.7, Diff: 2.7, Sum: 98.6]
      [GC Worker End (ms): Min: 602305372.1, Avg: 602305372.2, Max: 602305372.4, Diff: 0.3]
   [Code Root Fixup: 0.0 ms]
   [Code Root Purge: 0.0 ms]
   [Clear CT: 7.3 ms]
   [Other: 13.0 ms]
      [Choose CSet: 0.0 ms]
      [Ref Proc: 6.9 ms]
      [Ref Enq: 0.0 ms]
      [Redirty Cards: 5.4 ms]
      [Humongous Register: 0.1 ms]
      [Humongous Reclaim: 0.0 ms]
      [Free CSet: 0.1 ms]
   [Eden: 48128.0K(48128.0K)->0.0B(48128.0K) Survivors: 4096.0K->4096.0K Heap: 241.7M(1024.0M)->194.7M(1024.0M)]
 [Times: user=0.29 sys=0.00, real=0.02 secs] 
2023-06-20T15:35:01.610+0000: 602521.235: [GC pause (G1 Evacuation Pause) (young), 0.0325263 secs]
   [Parallel Time: 15.0 ms, GC Workers: 43]
      [GC Worker Start (ms): Min: 602521238.0, Avg: 602521240.1, Max: 602521242.0, Diff: 4.0]
      [Ext Root Scanning (ms): Min: 0.0, Avg: 0.9, Max: 13.0, Diff: 13.0, Sum: 40.8]
      [Update RS (ms): Min: 0.0, Avg: 0.3, Max: 0.7, Diff: 0.7, Sum: 11.7]
         [Processed Buffers: Min: 0, Avg: 2.1, Max: 8, Diff: 8, Sum: 90]
      [Scan RS (ms): Min: 0.0, Avg: 0.0, Max: 0.0, Diff: 0.0, Sum: 0.5]
      [Code Root Scanning (ms): Min: 0.0, Avg: 0.0, Max: 0.0, Diff: 0.0, Sum: 0.0]
      [Object Copy (ms): Min: 0.0, Avg: 1.3, Max: 1.8, Diff: 1.8, Sum: 56.6]
      [Termination (ms): Min: 0.0, Avg: 8.5, Max: 8.8, Diff: 8.8, Sum: 364.4]
         [Termination Attempts: Min: 1, Avg: 1.0, Max: 2, Diff: 1, Sum: 45]
      [GC Worker Other (ms): Min: 0.0, Avg: 0.1, Max: 0.2, Diff: 0.2, Sum: 2.8]
      [GC Worker Total (ms): Min: 9.3, Avg: 11.1, Max: 13.1, Diff: 3.8, Sum: 476.9]
      [GC Worker End (ms): Min: 602521251.1, Avg: 602521251.2, Max: 602521251.3, Diff: 0.2]
   [Code Root Fixup: 0.0 ms]
   [Code Root Purge: 0.0 ms]
   [Clear CT: 5.2 ms]
   [Other: 12.2 ms]
      [Choose CSet: 0.0 ms]
      [Ref Proc: 4.0 ms]
      [Ref Enq: 0.0 ms]
      [Redirty Cards: 5.2 ms]
      [Humongous Register: 2.1 ms]
      [Humongous Reclaim: 0.0 ms]
      [Free CSet: 0.2 ms]
   [Eden: 48128.0K(48128.0K)->0.0B(48128.0K) Survivors: 4096.0K->4096.0K Heap: 241.7M(1024.0M)->194.7M(1024.0M)]
 [Times: user=0.53 sys=0.00, real=0.03 secs] 
2023-06-20T15:38:37.767+0000: 602737.392: [GC pause (G1 Evacuation Pause) (young), 0.0271501 secs]
   [Parallel Time: 10.8 ms, GC Workers: 43]
      [GC Worker Start (ms): Min: 602737392.6, Avg: 602737394.0, Max: 602737395.6, Diff: 3.0]
      [Ext Root Scanning (ms): Min: 0.0, Avg: 0.6, Max: 1.8, Diff: 1.8, Sum: 24.0]
      [Update RS (ms): Min: 0.0, Avg: 0.2, Max: 0.5, Diff: 0.5, Sum: 8.1]
         [Processed Buffers: Min: 0, Avg: 2.0, Max: 5, Diff: 5, Sum: 86]
      [Scan RS (ms): Min: 0.0, Avg: 0.0, Max: 0.0, Diff: 0.0, Sum: 0.6]
      [Code Root Scanning (ms): Min: 0.0, Avg: 0.0, Max: 0.0, Diff: 0.0, Sum: 0.0]
      [Object Copy (ms): Min: 0.9, Avg: 1.4, Max: 6.3, Diff: 5.4, Sum: 58.6]
      [Termination (ms): Min: 0.0, Avg: 5.9, Max: 6.2, Diff: 6.2, Sum: 252.7]
         [Termination Attempts: Min: 1, Avg: 1.0, Max: 1, Diff: 0, Sum: 43]
      [GC Worker Other (ms): Min: 0.0, Avg: 0.1, Max: 0.3, Diff: 0.3, Sum: 2.5]
      [GC Worker Total (ms): Min: 6.3, Avg: 8.1, Max: 9.5, Diff: 3.2, Sum: 346.6]
      [GC Worker End (ms): Min: 602737402.0, Avg: 602737402.1, Max: 602737402.2, Diff: 0.2]
   [Code Root Fixup: 0.0 ms]
   [Code Root Purge: 0.0 ms]
   [Clear CT: 5.5 ms]
   [Other: 10.8 ms]
      [Choose CSet: 0.0 ms]
      [Ref Proc: 4.6 ms]
      [Ref Enq: 0.0 ms]
      [Redirty Cards: 5.5 ms]
      [Humongous Register: 0.1 ms]
      [Humongous Reclaim: 0.0 ms]
      [Free CSet: 0.2 ms]
   [Eden: 48128.0K(48128.0K)->0.0B(48128.0K) Survivors: 4096.0K->4096.0K Heap: 241.7M(1024.0M)->194.8M(1024.0M)]
 [Times: user=0.40 sys=0.00, real=0.03 secs] 
2023-06-20T15:48:41.116+0000: 603340.742: [GC pause (G1 Evacuation Pause) (young), 0.0198323 secs]
   [Parallel Time: 4.1 ms, GC Workers: 43]
      [GC Worker Start (ms): Min: 603340742.2, Avg: 603340743.4, Max: 603340744.5, Diff: 2.4]
      [Ext Root Scanning (ms): Min: 0.0, Avg: 0.5, Max: 2.4, Diff: 2.3, Sum: 21.5]
      [Update RS (ms): Min: 0.0, Avg: 0.2, Max: 0.5, Diff: 0.5, Sum: 7.5]
         [Processed Buffers: Min: 0, Avg: 2.1, Max: 6, Diff: 6, Sum: 89]
      [Scan RS (ms): Min: 0.0, Avg: 0.0, Max: 0.0, Diff: 0.0, Sum: 0.6]
      [Code Root Scanning (ms): Min: 0.0, Avg: 0.0, Max: 0.0, Diff: 0.0, Sum: 0.0]
      [Object Copy (ms): Min: 0.9, Avg: 1.3, Max: 1.5, Diff: 0.7, Sum: 55.8]
      [Termination (ms): Min: 0.0, Avg: 0.1, Max: 0.2, Diff: 0.2, Sum: 3.8]
         [Termination Attempts: Min: 1, Avg: 1.0, Max: 1, Diff: 0, Sum: 43]
      [GC Worker Other (ms): Min: 0.0, Avg: 0.1, Max: 0.5, Diff: 0.5, Sum: 6.2]
      [GC Worker Total (ms): Min: 1.0, Avg: 2.2, Max: 3.7, Diff: 2.7, Sum: 95.4]
      [GC Worker End (ms): Min: 603340745.5, Avg: 603340745.6, Max: 603340745.9, Diff: 0.4]
   [Code Root Fixup: 0.0 ms]
   [Code Root Purge: 0.0 ms]
   [Clear CT: 7.3 ms]
   [Other: 8.5 ms]
      [Choose CSet: 0.0 ms]
      [Ref Proc: 2.4 ms]
      [Ref Enq: 0.0 ms]
      [Redirty Cards: 5.5 ms]
      [Humongous Register: 0.1 ms]
      [Humongous Reclaim: 0.0 ms]
      [Free CSet: 0.1 ms]
   [Eden: 48128.0K(48128.0K)->0.0B(48128.0K) Survivors: 4096.0K->4096.0K Heap: 241.8M(1024.0M)->194.6M(1024.0M)]
 [Times: user=0.11 sys=0.02, real=0.02 secs] 
2023-06-20T15:52:14.667+0000: 603554.293: [GC pause (G1 Evacuation Pause) (young), 0.0236856 secs]
   [Parallel Time: 5.4 ms, GC Workers: 43]
      [GC Worker Start (ms): Min: 603554293.1, Avg: 603554294.5, Max: 603554295.6, Diff: 2.5]
      [Ext Root Scanning (ms): Min: 0.0, Avg: 0.6, Max: 1.8, Diff: 1.8, Sum: 23.7]
      [Update RS (ms): Min: 0.0, Avg: 0.2, Max: 0.5, Diff: 0.5, Sum: 9.2]
         [Processed Buffers: Min: 0, Avg: 2.1, Max: 6, Diff: 6, Sum: 89]
      [Scan RS (ms): Min: 0.0, Avg: 0.0, Max: 0.0, Diff: 0.0, Sum: 0.6]
      [Code Root Scanning (ms): Min: 0.0, Avg: 0.0, Max: 0.0, Diff: 0.0, Sum: 0.0]
      [Object Copy (ms): Min: 0.9, Avg: 1.3, Max: 1.5, Diff: 0.6, Sum: 54.4]
      [Termination (ms): Min: 0.0, Avg: 0.1, Max: 0.2, Diff: 0.2, Sum: 3.8]
         [Termination Attempts: Min: 1, Avg: 1.0, Max: 1, Diff: 0, Sum: 43]
      [GC Worker Other (ms): Min: 0.0, Avg: 0.1, Max: 0.4, Diff: 0.3, Sum: 4.8]
      [GC Worker Total (ms): Min: 1.1, Avg: 2.2, Max: 3.6, Diff: 2.5, Sum: 96.3]
      [GC Worker End (ms): Min: 603554296.6, Avg: 603554296.7, Max: 603554296.9, Diff: 0.3]
   [Code Root Fixup: 0.0 ms]
   [Code Root Purge: 0.0 ms]
   [Clear CT: 7.6 ms]
   [Other: 10.6 ms]
      [Choose CSet: 0.0 ms]
      [Ref Proc: 4.3 ms]
      [Ref Enq: 0.0 ms]
      [Redirty Cards: 5.6 ms]
      [Humongous Register: 0.1 ms]
      [Humongous Reclaim: 0.0 ms]
      [Free CSet: 0.2 ms]
   [Eden: 48128.0K(48128.0K)->0.0B(48128.0K) Survivors: 4096.0K->4096.0K Heap: 241.6M(1024.0M)->194.5M(1024.0M)]
 [Times: user=0.14 sys=0.01, real=0.03 secs] 
2023-06-20T15:55:48.408+0000: 603768.033: [GC pause (G1 Evacuation Pause) (young), 0.0207787 secs]
   [Parallel Time: 5.2 ms, GC Workers: 43]
      [GC Worker Start (ms): Min: 603768033.4, Avg: 603768034.8, Max: 603768036.0, Diff: 2.6]
      [Ext Root Scanning (ms): Min: 0.0, Avg: 0.6, Max: 1.8, Diff: 1.8, Sum: 23.7]
      [Update RS (ms): Min: 0.0, Avg: 0.2, Max: 0.5, Diff: 0.5, Sum: 10.3]
         [Processed Buffers: Min: 0, Avg: 2.1, Max: 8, Diff: 8, Sum: 91]
      [Scan RS (ms): Min: 0.0, Avg: 0.0, Max: 0.0, Diff: 0.0, Sum: 0.5]
      [Code Root Scanning (ms): Min: 0.0, Avg: 0.0, Max: 0.0, Diff: 0.0, Sum: 0.0]
      [Object Copy (ms): Min: 0.9, Avg: 1.2, Max: 1.4, Diff: 0.5, Sum: 51.3]
      [Termination (ms): Min: 0.0, Avg: 0.1, Max: 0.1, Diff: 0.1, Sum: 2.8]
         [Termination Attempts: Min: 1, Avg: 1.0, Max: 1, Diff: 0, Sum: 43]
      [GC Worker Other (ms): Min: 0.0, Avg: 0.2, Max: 0.6, Diff: 0.5, Sum: 7.0]
      [GC Worker Total (ms): Min: 1.1, Avg: 2.2, Max: 3.7, Diff: 2.6, Sum: 95.6]
      [GC Worker End (ms): Min: 603768036.9, Avg: 603768037.0, Max: 603768037.3, Diff: 0.4]
   [Code Root Fixup: 0.0 ms]
   [Code Root Purge: 0.0 ms]
   [Clear CT: 5.3 ms]
   [Other: 10.2 ms]
      [Choose CSet: 0.0 ms]
      [Ref Proc: 4.3 ms]
      [Ref Enq: 0.0 ms]
      [Redirty Cards: 5.2 ms]
      [Humongous Register: 0.1 ms]
      [Humongous Reclaim: 0.0 ms]
      [Free CSet: 0.1 ms]
   [Eden: 48128.0K(48128.0K)->0.0B(48128.0K) Survivors: 4096.0K->4096.0K Heap: 241.5M(1024.0M)->194.6M(1024.0M)]
 [Times: user=0.12 sys=0.03, real=0.02 secs] 
2023-06-20T16:10:52.591+0000: 604672.216: [GC pause (G1 Evacuation Pause) (young), 0.0237523 secs]
   [Parallel Time: 8.5 ms, GC Workers: 43]
      [GC Worker Start (ms): Min: 604672216.5, Avg: 604672217.9, Max: 604672219.1, Diff: 2.6]
      [Ext Root Scanning (ms): Min: 0.0, Avg: 0.5, Max: 1.8, Diff: 1.7, Sum: 22.4]
      [Update RS (ms): Min: 0.0, Avg: 0.2, Max: 0.5, Diff: 0.5, Sum: 8.1]
         [Processed Buffers: Min: 0, Avg: 2.1, Max: 6, Diff: 6, Sum: 89]
      [Scan RS (ms): Min: 0.0, Avg: 0.0, Max: 0.1, Diff: 0.1, Sum: 0.9]
      [Code Root Scanning (ms): Min: 0.0, Avg: 0.0, Max: 0.0, Diff: 0.0, Sum: 0.0]
      [Object Copy (ms): Min: 3.9, Avg: 4.5, Max: 4.6, Diff: 0.7, Sum: 192.3]
      [Termination (ms): Min: 0.0, Avg: 0.0, Max: 0.1, Diff: 0.1, Sum: 2.1]
         [Termination Attempts: Min: 1, Avg: 1.0, Max: 1, Diff: 0, Sum: 43]
      [GC Worker Other (ms): Min: 0.0, Avg: 0.1, Max: 0.4, Diff: 0.3, Sum: 5.5]
      [GC Worker Total (ms): Min: 4.1, Avg: 5.4, Max: 6.8, Diff: 2.7, Sum: 231.5]
      [GC Worker End (ms): Min: 604672223.2, Avg: 604672223.3, Max: 604672223.5, Diff: 0.3]
   [Code Root Fixup: 0.0 ms]
   [Code Root Purge: 0.0 ms]
   [Clear CT: 5.4 ms]
   [Other: 9.9 ms]
      [Choose CSet: 0.0 ms]
      [Ref Proc: 4.2 ms]
      [Ref Enq: 0.0 ms]
      [Redirty Cards: 5.1 ms]
      [Humongous Register: 0.1 ms]
      [Humongous Reclaim: 0.0 ms]
      [Free CSet: 0.1 ms]
   [Eden: 48128.0K(48128.0K)->0.0B(47104.0K) Survivors: 4096.0K->5120.0K Heap: 241.6M(1024.0M)->195.9M(1024.0M)]
 [Times: user=0.28 sys=0.00, real=0.02 secs] 
2023-06-20T16:14:25.457+0000: 604885.083: [GC pause (G1 Evacuation Pause) (young), 0.0229416 secs]
   [Parallel Time: 8.0 ms, GC Workers: 43]
      [GC Worker Start (ms): Min: 604885083.0, Avg: 604885084.4, Max: 604885085.6, Diff: 2.6]
      [Ext Root Scanning (ms): Min: 0.0, Avg: 0.5, Max: 6.0, Diff: 6.0, Sum: 23.4]
      [Update RS (ms): Min: 0.0, Avg: 0.2, Max: 0.7, Diff: 0.7, Sum: 9.8]
         [Processed Buffers: Min: 0, Avg: 2.1, Max: 7, Diff: 7, Sum: 90]
      [Scan RS (ms): Min: 0.0, Avg: 0.0, Max: 0.1, Diff: 0.1, Sum: 0.6]
      [Code Root Scanning (ms): Min: 0.0, Avg: 0.0, Max: 0.0, Diff: 0.0, Sum: 0.0]
      [Object Copy (ms): Min: 0.0, Avg: 1.2, Max: 1.5, Diff: 1.5, Sum: 52.0]
      [Termination (ms): Min: 0.0, Avg: 2.7, Max: 2.9, Diff: 2.9, Sum: 115.1]
         [Termination Attempts: Min: 1, Avg: 1.0, Max: 1, Diff: 0, Sum: 43]
      [GC Worker Other (ms): Min: 0.0, Avg: 0.0, Max: 0.2, Diff: 0.2, Sum: 1.7]
      [GC Worker Total (ms): Min: 3.5, Avg: 4.7, Max: 6.2, Diff: 2.7, Sum: 202.7]
      [GC Worker End (ms): Min: 604885089.0, Avg: 604885089.1, Max: 604885089.3, Diff: 0.2]
   [Code Root Fixup: 0.0 ms]
   [Code Root Purge: 0.0 ms]
   [Clear CT: 5.2 ms]
   [Other: 9.7 ms]
      [Choose CSet: 0.0 ms]
      [Ref Proc: 3.7 ms]
      [Ref Enq: 0.0 ms]
      [Redirty Cards: 5.3 ms]
      [Humongous Register: 0.1 ms]
      [Humongous Reclaim: 0.0 ms]
      [Free CSet: 0.1 ms]
   [Eden: 47104.0K(47104.0K)->0.0B(48128.0K) Survivors: 5120.0K->4096.0K Heap: 241.9M(1024.0M)->194.8M(1024.0M)]
 [Times: user=0.25 sys=0.01, real=0.02 secs] 
2023-06-20T16:17:51.794+0000: 605091.420: [GC pause (G1 Evacuation Pause) (young), 0.0265621 secs]
   [Parallel Time: 7.5 ms, GC Workers: 43]
      [GC Worker Start (ms): Min: 605091420.1, Avg: 605091421.5, Max: 605091423.1, Diff: 3.0]
      [Ext Root Scanning (ms): Min: 0.0, Avg: 0.6, Max: 1.8, Diff: 1.8, Sum: 23.9]
      [Update RS (ms): Min: 0.0, Avg: 0.2, Max: 0.5, Diff: 0.5, Sum: 8.0]
         [Processed Buffers: Min: 0, Avg: 2.1, Max: 6, Diff: 6, Sum: 89]
      [Scan RS (ms): Min: 0.0, Avg: 0.0, Max: 0.0, Diff: 0.0, Sum: 0.7]
      [Code Root Scanning (ms): Min: 0.0, Avg: 0.0, Max: 0.0, Diff: 0.0, Sum: 0.0]
      [Object Copy (ms): Min: 0.5, Avg: 1.3, Max: 1.6, Diff: 1.1, Sum: 55.6]
      [Termination (ms): Min: 0.0, Avg: 0.3, Max: 0.4, Diff: 0.4, Sum: 13.1]
         [Termination Attempts: Min: 1, Avg: 1.0, Max: 1, Diff: 0, Sum: 43]
      [GC Worker Other (ms): Min: 0.0, Avg: 0.1, Max: 0.4, Diff: 0.4, Sum: 3.6]
      [GC Worker Total (ms): Min: 0.9, Avg: 2.4, Max: 3.9, Diff: 3.0, Sum: 105.0]
      [GC Worker End (ms): Min: 605091423.9, Avg: 605091424.0, Max: 605091424.1, Diff: 0.2]
   [Code Root Fixup: 0.0 ms]
   [Code Root Purge: 0.0 ms]
   [Clear CT: 7.3 ms]
   [Other: 11.8 ms]
      [Choose CSet: 0.0 ms]
      [Ref Proc: 5.7 ms]
      [Ref Enq: 0.0 ms]
      [Redirty Cards: 5.4 ms]
      [Humongous Register: 0.1 ms]
      [Humongous Reclaim: 0.0 ms]
      [Free CSet: 0.2 ms]
   [Eden: 48128.0K(48128.0K)->0.0B(48128.0K) Survivors: 4096.0K->4096.0K Heap: 241.8M(1024.0M)->194.6M(1024.0M)]
 [Times: user=0.17 sys=0.00, real=0.03 secs] 
2023-06-20T16:27:17.591+0000: 605657.216: [GC pause (G1 Evacuation Pause) (young), 0.0208616 secs]
   [Parallel Time: 7.7 ms, GC Workers: 43]
      [GC Worker Start (ms): Min: 605657217.0, Avg: 605657218.4, Max: 605657219.7, Diff: 2.7]
      [Ext Root Scanning (ms): Min: 0.0, Avg: 0.7, Max: 2.0, Diff: 2.0, Sum: 30.9]
      [Update RS (ms): Min: 0.0, Avg: 0.2, Max: 0.6, Diff: 0.6, Sum: 8.6]
         [Processed Buffers: Min: 0, Avg: 2.1, Max: 5, Diff: 5, Sum: 90]
      [Scan RS (ms): Min: 0.0, Avg: 0.0, Max: 0.1, Diff: 0.1, Sum: 0.9]
      [Code Root Scanning (ms): Min: 0.0, Avg: 0.0, Max: 0.0, Diff: 0.0, Sum: 0.0]
      [Object Copy (ms): Min: 4.1, Avg: 4.5, Max: 4.6, Diff: 0.5, Sum: 191.8]
      [Termination (ms): Min: 0.0, Avg: 0.1, Max: 0.1, Diff: 0.1, Sum: 3.0]
         [Termination Attempts: Min: 1, Avg: 1.0, Max: 1, Diff: 0, Sum: 43]
      [GC Worker Other (ms): Min: 0.0, Avg: 0.2, Max: 0.5, Diff: 0.5, Sum: 7.4]
      [GC Worker Total (ms): Min: 4.4, Avg: 5.6, Max: 7.1, Diff: 2.7, Sum: 242.6]
      [GC Worker End (ms): Min: 605657224.0, Avg: 605657224.1, Max: 605657224.3, Diff: 0.3]
   [Code Root Fixup: 0.0 ms]
   [Code Root Purge: 0.0 ms]
   [Clear CT: 5.0 ms]
   [Other: 8.2 ms]
      [Choose CSet: 0.0 ms]
      [Ref Proc: 2.6 ms]
      [Ref Enq: 0.0 ms]
      [Redirty Cards: 4.8 ms]
      [Humongous Register: 0.3 ms]
      [Humongous Reclaim: 0.0 ms]
      [Free CSet: 0.1 ms]
   [Eden: 48128.0K(48128.0K)->0.0B(47104.0K) Survivors: 4096.0K->5120.0K Heap: 241.6M(1024.0M)->195.7M(1024.0M)]
 [Times: user=0.29 sys=0.00, real=0.02 secs] 
2023-06-20T16:34:00.230+0000: 606059.856: [GC pause (G1 Evacuation Pause) (young), 0.0222701 secs]
   [Parallel Time: 5.6 ms, GC Workers: 43]
      [GC Worker Start (ms): Min: 606059855.8, Avg: 606059857.2, Max: 606059858.5, Diff: 2.7]
      [Ext Root Scanning (ms): Min: 0.0, Avg: 0.6, Max: 1.8, Diff: 1.8, Sum: 24.1]
      [Update RS (ms): Min: 0.0, Avg: 0.2, Max: 0.5, Diff: 0.5, Sum: 8.5]
         [Processed Buffers: Min: 0, Avg: 2.0, Max: 6, Diff: 6, Sum: 87]
      [Scan RS (ms): Min: 0.0, Avg: 0.0, Max: 0.1, Diff: 0.0, Sum: 0.8]
      [Code Root Scanning (ms): Min: 0.0, Avg: 0.0, Max: 0.0, Diff: 0.0, Sum: 0.0]
      [Object Copy (ms): Min: 1.0, Avg: 1.5, Max: 1.7, Diff: 0.7, Sum: 65.7]
      [Termination (ms): Min: 0.0, Avg: 0.1, Max: 0.2, Diff: 0.2, Sum: 3.5]
         [Termination Attempts: Min: 1, Avg: 1.0, Max: 2, Diff: 1, Sum: 44]
      [GC Worker Other (ms): Min: 0.0, Avg: 0.2, Max: 0.6, Diff: 0.5, Sum: 7.3]
      [GC Worker Total (ms): Min: 1.2, Avg: 2.6, Max: 3.8, Diff: 2.6, Sum: 109.9]
      [GC Worker End (ms): Min: 606059859.7, Avg: 606059859.8, Max: 606059860.0, Diff: 0.4]
   [Code Root Fixup: 0.0 ms]
   [Code Root Purge: 0.0 ms]
   [Clear CT: 5.7 ms]
   [Other: 10.9 ms]
      [Choose CSet: 0.0 ms]
      [Ref Proc: 4.5 ms]
      [Ref Enq: 0.0 ms]
      [Redirty Cards: 5.8 ms]
      [Humongous Register: 0.1 ms]
      [Humongous Reclaim: 0.0 ms]
      [Free CSet: 0.1 ms]
   [Eden: 47104.0K(47104.0K)->0.0B(48128.0K) Survivors: 5120.0K->4096.0K Heap: 241.7M(1024.0M)->194.5M(1024.0M)]
 [Times: user=0.16 sys=0.00, real=0.02 secs] 
2023-06-20T16:37:07.591+0000: 606247.216: [GC pause (G1 Evacuation Pause) (young), 0.0218487 secs]
   [Parallel Time: 5.4 ms, GC Workers: 43]
      [GC Worker Start (ms): Min: 606247216.6, Avg: 606247218.1, Max: 606247219.3, Diff: 2.7]
      [Ext Root Scanning (ms): Min: 0.0, Avg: 0.5, Max: 2.0, Diff: 2.0, Sum: 21.7]
      [Update RS (ms): Min: 0.0, Avg: 0.2, Max: 0.4, Diff: 0.4, Sum: 7.6]
         [Processed Buffers: Min: 0, Avg: 2.1, Max: 7, Diff: 7, Sum: 90]
      [Scan RS (ms): Min: 0.0, Avg: 0.0, Max: 0.0, Diff: 0.0, Sum: 0.4]
      [Code Root Scanning (ms): Min: 0.0, Avg: 0.0, Max: 0.0, Diff: 0.0, Sum: 0.0]
      [Object Copy (ms): Min: 0.8, Avg: 1.4, Max: 1.7, Diff: 0.9, Sum: 62.3]
      [Termination (ms): Min: 0.0, Avg: 0.1, Max: 0.2, Diff: 0.2, Sum: 4.7]
         [Termination Attempts: Min: 1, Avg: 1.0, Max: 1, Diff: 0, Sum: 43]
      [GC Worker Other (ms): Min: 0.0, Avg: 0.1, Max: 0.3, Diff: 0.3, Sum: 4.7]
      [GC Worker Total (ms): Min: 1.1, Avg: 2.4, Max: 3.9, Diff: 2.8, Sum: 101.4]
      [GC Worker End (ms): Min: 606247220.3, Avg: 606247220.4, Max: 606247220.6, Diff: 0.3]
   [Code Root Fixup: 0.0 ms]
   [Code Root Purge: 0.0 ms]
   [Clear CT: 5.5 ms]
   [Other: 10.9 ms]
      [Choose CSet: 0.0 ms]
      [Ref Proc: 4.6 ms]
      [Ref Enq: 0.0 ms]
      [Redirty Cards: 5.7 ms]
      [Humongous Register: 0.1 ms]
      [Humongous Reclaim: 0.0 ms]
      [Free CSet: 0.2 ms]
   [Eden: 48128.0K(48128.0K)->0.0B(48128.0K) Survivors: 4096.0K->4096.0K Heap: 241.5M(1024.0M)->194.8M(1024.0M)]
 [Times: user=0.16 sys=0.00, real=0.02 secs] 
2023-06-20T16:40:17.682+0000: 606437.307: [GC pause (G1 Evacuation Pause) (young), 0.0246273 secs]
   [Parallel Time: 6.2 ms, GC Workers: 43]
      [GC Worker Start (ms): Min: 606437309.8, Avg: 606437311.8, Max: 606437314.7, Diff: 4.9]
      [Ext Root Scanning (ms): Min: 0.0, Avg: 0.5, Max: 2.7, Diff: 2.6, Sum: 19.7]
      [Update RS (ms): Min: 0.0, Avg: 0.2, Max: 0.6, Diff: 0.6, Sum: 10.2]
         [Processed Buffers: Min: 0, Avg: 2.1, Max: 6, Diff: 6, Sum: 90]
      [Scan RS (ms): Min: 0.0, Avg: 0.0, Max: 0.0, Diff: 0.0, Sum: 0.6]
      [Code Root Scanning (ms): Min: 0.0, Avg: 0.0, Max: 0.0, Diff: 0.0, Sum: 0.0]
      [Object Copy (ms): Min: 0.0, Avg: 1.1, Max: 1.4, Diff: 1.4, Sum: 46.0]
      [Termination (ms): Min: 0.0, Avg: 1.2, Max: 1.4, Diff: 1.4, Sum: 52.6]
         [Termination Attempts: Min: 1, Avg: 1.0, Max: 1, Diff: 0, Sum: 43]
      [GC Worker Other (ms): Min: 0.0, Avg: 0.0, Max: 0.1, Diff: 0.1, Sum: 1.9]
      [GC Worker Total (ms): Min: 0.1, Avg: 3.0, Max: 5.0, Diff: 5.0, Sum: 131.0]
      [GC Worker End (ms): Min: 606437314.8, Avg: 606437314.8, Max: 606437315.0, Diff: 0.2]
   [Code Root Fixup: 0.0 ms]
   [Code Root Purge: 0.0 ms]
   [Clear CT: 6.2 ms]
   [Other: 12.2 ms]
      [Choose CSet: 0.0 ms]
      [Ref Proc: 3.8 ms]
      [Ref Enq: 0.0 ms]
      [Redirty Cards: 5.4 ms]
      [Humongous Register: 1.8 ms]
      [Humongous Reclaim: 0.0 ms]
      [Free CSet: 0.2 ms]
   [Eden: 48128.0K(48128.0K)->0.0B(48128.0K) Survivors: 4096.0K->4096.0K Heap: 241.8M(1024.0M)->194.6M(1024.0M)]
 [Times: user=0.19 sys=0.00, real=0.02 secs] 
2023-06-20T17:25:02.591+0000: 609122.217: [GC pause (G1 Evacuation Pause) (young), 0.0294651 secs]
   [Parallel Time: 12.6 ms, GC Workers: 43]
      [GC Worker Start (ms): Min: 609122216.8, Avg: 609122218.4, Max: 609122219.8, Diff: 3.0]
      [Ext Root Scanning (ms): Min: 0.0, Avg: 0.8, Max: 9.7, Diff: 9.7, Sum: 33.6]
      [Update RS (ms): Min: 0.0, Avg: 0.4, Max: 1.3, Diff: 1.3, Sum: 19.3]
         [Processed Buffers: Min: 0, Avg: 2.0, Max: 6, Diff: 6, Sum: 87]
      [Scan RS (ms): Min: 0.0, Avg: 0.0, Max: 0.1, Diff: 0.1, Sum: 0.7]
      [Code Root Scanning (ms): Min: 0.0, Avg: 0.0, Max: 0.0, Diff: 0.0, Sum: 0.0]
      [Object Copy (ms): Min: 0.0, Avg: 3.7, Max: 3.9, Diff: 3.9, Sum: 159.6]
      [Termination (ms): Min: 0.0, Avg: 3.3, Max: 3.4, Diff: 3.4, Sum: 142.8]
         [Termination Attempts: Min: 1, Avg: 1.0, Max: 1, Diff: 0, Sum: 43]
      [GC Worker Other (ms): Min: 0.0, Avg: 0.0, Max: 0.1, Diff: 0.1, Sum: 1.2]
      [GC Worker Total (ms): Min: 7.0, Avg: 8.3, Max: 9.7, Diff: 2.8, Sum: 357.3]
      [GC Worker End (ms): Min: 609122226.6, Avg: 609122226.7, Max: 609122226.8, Diff: 0.2]
   [Code Root Fixup: 0.0 ms]
   [Code Root Purge: 0.0 ms]
   [Clear CT: 5.6 ms]
   [Other: 11.3 ms]
      [Choose CSet: 0.0 ms]
      [Ref Proc: 5.0 ms]
      [Ref Enq: 0.0 ms]
      [Redirty Cards: 5.5 ms]
      [Humongous Register: 0.1 ms]
      [Humongous Reclaim: 0.0 ms]
      [Free CSet: 0.2 ms]
   [Eden: 48128.0K(48128.0K)->0.0B(48128.0K) Survivors: 4096.0K->4096.0K Heap: 241.6M(1024.0M)->194.9M(1024.0M)]
 [Times: user=0.41 sys=0.00, real=0.03 secs] 
2023-06-20T18:18:12.591+0000: 612312.217: [GC pause (G1 Evacuation Pause) (young), 0.0298496 secs]
   [Parallel Time: 11.6 ms, GC Workers: 43]
      [GC Worker Start (ms): Min: 612312219.4, Avg: 612312221.5, Max: 612312223.5, Diff: 4.1]
      [Ext Root Scanning (ms): Min: 0.0, Avg: 1.0, Max: 9.4, Diff: 9.4, Sum: 42.5]
      [Update RS (ms): Min: 0.0, Avg: 0.4, Max: 2.6, Diff: 2.6, Sum: 18.5]
         [Processed Buffers: Min: 0, Avg: 2.0, Max: 9, Diff: 9, Sum: 86]
      [Scan RS (ms): Min: 0.0, Avg: 0.0, Max: 0.1, Diff: 0.1, Sum: 0.6]
      [Code Root Scanning (ms): Min: 0.0, Avg: 0.0, Max: 0.1, Diff: 0.1, Sum: 0.1]
      [Object Copy (ms): Min: 0.0, Avg: 2.8, Max: 3.3, Diff: 3.3, Sum: 121.8]
      [Termination (ms): Min: 0.0, Avg: 3.0, Max: 3.5, Diff: 3.5, Sum: 130.0]
         [Termination Attempts: Min: 1, Avg: 2.7, Max: 4, Diff: 3, Sum: 117]
      [GC Worker Other (ms): Min: 0.0, Avg: 0.1, Max: 0.1, Diff: 0.1, Sum: 2.9]
      [GC Worker Total (ms): Min: 5.4, Avg: 7.4, Max: 9.4, Diff: 4.1, Sum: 316.3]
      [GC Worker End (ms): Min: 612312228.8, Avg: 612312228.8, Max: 612312229.0, Diff: 0.2]
   [Code Root Fixup: 0.0 ms]
   [Code Root Purge: 0.0 ms]
   [Clear CT: 5.9 ms]
   [Other: 12.4 ms]
      [Choose CSet: 0.0 ms]
      [Ref Proc: 4.2 ms]
      [Ref Enq: 0.0 ms]
      [Redirty Cards: 5.1 ms]
      [Humongous Register: 2.0 ms]
      [Humongous Reclaim: 0.0 ms]
      [Free CSet: 0.2 ms]
   [Eden: 48128.0K(48128.0K)->0.0B(47104.0K) Survivors: 4096.0K->5120.0K Heap: 241.9M(1024.0M)->195.3M(1024.0M)]
 [Times: user=0.27 sys=0.10, real=0.03 secs] 
2023-06-20T19:11:22.200+0000: 615501.825: [GC pause (G1 Evacuation Pause) (young), 0.0316786 secs]
   [Parallel Time: 14.1 ms, GC Workers: 43]
      [GC Worker Start (ms): Min: 615501828.1, Avg: 615501830.3, Max: 615501832.4, Diff: 4.3]
      [Ext Root Scanning (ms): Min: 0.0, Avg: 1.1, Max: 11.0, Diff: 11.0, Sum: 48.9]
      [Update RS (ms): Min: 0.0, Avg: 0.6, Max: 1.3, Diff: 1.3, Sum: 24.4]
         [Processed Buffers: Min: 0, Avg: 2.0, Max: 9, Diff: 9, Sum: 85]
      [Scan RS (ms): Min: 0.0, Avg: 0.0, Max: 0.1, Diff: 0.1, Sum: 0.5]
      [Code Root Scanning (ms): Min: 0.0, Avg: 0.0, Max: 0.1, Diff: 0.1, Sum: 0.2]
      [Object Copy (ms): Min: 0.0, Avg: 2.3, Max: 2.6, Diff: 2.6, Sum: 97.8]
      [Termination (ms): Min: 0.0, Avg: 4.9, Max: 5.1, Diff: 5.1, Sum: 209.6]
         [Termination Attempts: Min: 1, Avg: 1.3, Max: 3, Diff: 2, Sum: 58]
      [GC Worker Other (ms): Min: 0.0, Avg: 0.1, Max: 0.1, Diff: 0.1, Sum: 2.5]
      [GC Worker Total (ms): Min: 6.8, Avg: 8.9, Max: 11.1, Diff: 4.2, Sum: 383.8]
      [GC Worker End (ms): Min: 615501839.1, Avg: 615501839.2, Max: 615501839.3, Diff: 0.2]
   [Code Root Fixup: 0.0 ms]
   [Code Root Purge: 0.0 ms]
   [Clear CT: 5.6 ms]
   [Other: 11.9 ms]
      [Choose CSet: 0.0 ms]
      [Ref Proc: 3.6 ms]
      [Ref Enq: 0.0 ms]
      [Redirty Cards: 5.4 ms]
      [Humongous Register: 2.1 ms]
      [Humongous Reclaim: 0.0 ms]
      [Free CSet: 0.2 ms]
   [Eden: 47104.0K(47104.0K)->0.0B(47104.0K) Survivors: 5120.0K->5120.0K Heap: 241.3M(1024.0M)->195.5M(1024.0M)]
 [Times: user=0.42 sys=0.03, real=0.04 secs] 
2023-06-20T20:04:32.591+0000: 618692.217: [GC pause (G1 Evacuation Pause) (young), 0.0315402 secs]
   [Parallel Time: 11.9 ms, GC Workers: 43]
      [GC Worker Start (ms): Min: 618692219.4, Avg: 618692224.1, Max: 618692228.0, Diff: 8.6]
      [Ext Root Scanning (ms): Min: 0.0, Avg: 0.6, Max: 10.7, Diff: 10.7, Sum: 27.9]
      [Update RS (ms): Min: 0.0, Avg: 0.4, Max: 1.1, Diff: 1.1, Sum: 15.4]
         [Processed Buffers: Min: 0, Avg: 2.0, Max: 12, Diff: 12, Sum: 87]
      [Scan RS (ms): Min: 0.0, Avg: 0.0, Max: 0.1, Diff: 0.0, Sum: 0.5]
      [Code Root Scanning (ms): Min: 0.0, Avg: 0.0, Max: 0.1, Diff: 0.1, Sum: 0.1]
      [Object Copy (ms): Min: 0.0, Avg: 2.1, Max: 2.6, Diff: 2.6, Sum: 88.3]
      [Termination (ms): Min: 0.0, Avg: 3.0, Max: 3.3, Diff: 3.3, Sum: 127.0]
         [Termination Attempts: Min: 1, Avg: 1.2, Max: 3, Diff: 2, Sum: 50]
      [GC Worker Other (ms): Min: 0.0, Avg: 0.1, Max: 0.1, Diff: 0.1, Sum: 2.2]
      [GC Worker Total (ms): Min: 2.1, Avg: 6.1, Max: 10.7, Diff: 8.6, Sum: 261.5]
      [GC Worker End (ms): Min: 618692230.1, Avg: 618692230.1, Max: 618692230.3, Diff: 0.2]
   [Code Root Fixup: 0.0 ms]
   [Code Root Purge: 0.0 ms]
   [Clear CT: 5.4 ms]
   [Other: 14.2 ms]
      [Choose CSet: 0.0 ms]
      [Ref Proc: 6.2 ms]
      [Ref Enq: 0.0 ms]
      [Redirty Cards: 5.1 ms]
      [Humongous Register: 2.1 ms]
      [Humongous Reclaim: 0.0 ms]
      [Free CSet: 0.2 ms]
   [Eden: 47104.0K(47104.0K)->0.0B(47104.0K) Survivors: 5120.0K->5120.0K Heap: 241.5M(1024.0M)->195.6M(1024.0M)]
 [Times: user=0.26 sys=0.09, real=0.03 secs] 
2023-06-20T20:57:52.858+0000: 621892.483: [GC pause (G1 Evacuation Pause) (young), 0.0316064 secs]
   [Parallel Time: 10.7 ms, GC Workers: 43]
      [GC Worker Start (ms): Min: 621892486.0, Avg: 621892487.9, Max: 621892489.9, Diff: 3.9]
      [Ext Root Scanning (ms): Min: 0.0, Avg: 1.4, Max: 8.4, Diff: 8.4, Sum: 58.1]
      [Update RS (ms): Min: 0.0, Avg: 0.6, Max: 1.7, Diff: 1.7, Sum: 27.8]
         [Processed Buffers: Min: 0, Avg: 1.9, Max: 7, Diff: 7, Sum: 81]
      [Scan RS (ms): Min: 0.0, Avg: 0.0, Max: 0.1, Diff: 0.1, Sum: 0.5]
      [Code Root Scanning (ms): Min: 0.0, Avg: 0.0, Max: 0.1, Diff: 0.1, Sum: 0.1]
      [Object Copy (ms): Min: 0.0, Avg: 2.5, Max: 4.8, Diff: 4.8, Sum: 108.3]
      [Termination (ms): Min: 0.0, Avg: 2.1, Max: 2.3, Diff: 2.3, Sum: 92.4]
         [Termination Attempts: Min: 1, Avg: 1.1, Max: 2, Diff: 1, Sum: 47]
      [GC Worker Other (ms): Min: 0.0, Avg: 0.0, Max: 0.1, Diff: 0.1, Sum: 2.0]
      [GC Worker Total (ms): Min: 4.7, Avg: 6.7, Max: 8.7, Diff: 4.0, Sum: 289.2]
      [GC Worker End (ms): Min: 621892494.6, Avg: 621892494.7, Max: 621892494.7, Diff: 0.1]
   [Code Root Fixup: 0.0 ms]
   [Code Root Purge: 0.0 ms]
   [Clear CT: 4.8 ms]
   [Other: 16.1 ms]
      [Choose CSet: 0.0 ms]
      [Ref Proc: 8.0 ms]
      [Ref Enq: 0.0 ms]
      [Redirty Cards: 4.8 ms]
      [Humongous Register: 2.0 ms]
      [Humongous Reclaim: 0.0 ms]
      [Free CSet: 0.4 ms]
   [Eden: 47104.0K(47104.0K)->0.0B(47104.0K) Survivors: 5120.0K->5120.0K Heap: 241.6M(1024.0M)->195.4M(1024.0M)]
 [Times: user=0.36 sys=0.00, real=0.04 secs] 
2023-06-20T21:51:07.591+0000: 625087.217: [GC pause (G1 Evacuation Pause) (young), 0.0364103 secs]
   [Parallel Time: 13.5 ms, GC Workers: 43]
      [GC Worker Start (ms): Min: 625087219.4, Avg: 625087221.5, Max: 625087224.0, Diff: 4.6]
      [Ext Root Scanning (ms): Min: 0.0, Avg: 1.0, Max: 11.5, Diff: 11.5, Sum: 44.7]
      [Update RS (ms): Min: 0.0, Avg: 0.6, Max: 1.3, Diff: 1.3, Sum: 25.4]
         [Processed Buffers: Min: 0, Avg: 2.0, Max: 8, Diff: 8, Sum: 85]
      [Scan RS (ms): Min: 0.0, Avg: 0.0, Max: 0.0, Diff: 0.0, Sum: 0.5]
      [Code Root Scanning (ms): Min: 0.0, Avg: 0.0, Max: 0.1, Diff: 0.1, Sum: 0.1]
      [Object Copy (ms): Min: 0.0, Avg: 2.4, Max: 3.5, Diff: 3.5, Sum: 101.8]
      [Termination (ms): Min: 0.0, Avg: 5.6, Max: 5.8, Diff: 5.8, Sum: 239.8]
         [Termination Attempts: Min: 1, Avg: 1.1, Max: 3, Diff: 2, Sum: 47]
      [GC Worker Other (ms): Min: 0.0, Avg: 0.1, Max: 0.2, Diff: 0.1, Sum: 2.8]
      [GC Worker Total (ms): Min: 7.0, Avg: 9.7, Max: 11.7, Diff: 4.7, Sum: 415.1]
      [GC Worker End (ms): Min: 625087231.0, Avg: 625087231.1, Max: 625087231.2, Diff: 0.2]
   [Code Root Fixup: 0.0 ms]
   [Code Root Purge: 0.0 ms]
   [Clear CT: 6.0 ms]
   [Other: 16.9 ms]
      [Choose CSet: 0.0 ms]
      [Ref Proc: 7.6 ms]
      [Ref Enq: 0.0 ms]
      [Redirty Cards: 5.9 ms]
      [Humongous Register: 2.1 ms]
      [Humongous Reclaim: 0.0 ms]
      [Free CSet: 0.3 ms]
   [Eden: 47104.0K(47104.0K)->0.0B(48128.0K) Survivors: 5120.0K->4096.0K Heap: 241.4M(1024.0M)->195.2M(1024.0M)]
 [Times: user=0.49 sys=0.00, real=0.03 secs] 
2023-06-20T22:45:32.591+0000: 628352.217: [GC pause (G1 Evacuation Pause) (young), 0.0272738 secs]
   [Parallel Time: 9.9 ms, GC Workers: 43]
      [GC Worker Start (ms): Min: 628352219.4, Avg: 628352221.6, Max: 628352223.6, Diff: 4.1]
      [Ext Root Scanning (ms): Min: 0.0, Avg: 1.3, Max: 8.4, Diff: 8.4, Sum: 54.3]
      [Update RS (ms): Min: 0.0, Avg: 0.6, Max: 1.1, Diff: 1.1, Sum: 26.8]
         [Processed Buffers: Min: 0, Avg: 1.9, Max: 9, Diff: 9, Sum: 82]
      [Scan RS (ms): Min: 0.0, Avg: 0.0, Max: 0.0, Diff: 0.0, Sum: 0.5]
      [Code Root Scanning (ms): Min: 0.0, Avg: 0.0, Max: 0.1, Diff: 0.1, Sum: 0.1]
      [Object Copy (ms): Min: 0.0, Avg: 2.4, Max: 2.6, Diff: 2.6, Sum: 103.4]
      [Termination (ms): Min: 0.0, Avg: 2.1, Max: 2.3, Diff: 2.3, Sum: 90.2]
         [Termination Attempts: Min: 1, Avg: 1.2, Max: 3, Diff: 2, Sum: 51]
      [GC Worker Other (ms): Min: 0.0, Avg: 0.1, Max: 0.3, Diff: 0.3, Sum: 2.4]
      [GC Worker Total (ms): Min: 4.4, Avg: 6.5, Max: 8.6, Diff: 4.2, Sum: 277.7]
      [GC Worker End (ms): Min: 628352227.9, Avg: 628352228.0, Max: 628352228.1, Diff: 0.2]
   [Code Root Fixup: 0.0 ms]
   [Code Root Purge: 0.0 ms]
   [Clear CT: 5.5 ms]
   [Other: 11.9 ms]
      [Choose CSet: 0.0 ms]
      [Ref Proc: 3.5 ms]
      [Ref Enq: 0.0 ms]
      [Redirty Cards: 5.3 ms]
      [Humongous Register: 2.1 ms]
      [Humongous Reclaim: 0.0 ms]
      [Free CSet: 0.2 ms]
   [Eden: 48128.0K(48128.0K)->0.0B(48128.0K) Survivors: 4096.0K->4096.0K Heap: 242.2M(1024.0M)->195.2M(1024.0M)]
 [Times: user=0.28 sys=0.05, real=0.02 secs] 
2023-06-20T23:39:52.591+0000: 631612.217: [GC pause (G1 Evacuation Pause) (young), 0.0308867 secs]
   [Parallel Time: 13.0 ms, GC Workers: 43]
      [GC Worker Start (ms): Min: 631612219.5, Avg: 631612221.7, Max: 631612226.7, Diff: 7.2]
      [Ext Root Scanning (ms): Min: 0.0, Avg: 0.9, Max: 8.6, Diff: 8.6, Sum: 39.1]
      [Update RS (ms): Min: 0.0, Avg: 0.5, Max: 1.0, Diff: 1.0, Sum: 20.9]
         [Processed Buffers: Min: 0, Avg: 2.0, Max: 8, Diff: 8, Sum: 86]
      [Scan RS (ms): Min: 0.0, Avg: 0.0, Max: 0.0, Diff: 0.0, Sum: 0.5]
      [Code Root Scanning (ms): Min: 0.0, Avg: 0.0, Max: 0.1, Diff: 0.1, Sum: 0.1]
      [Object Copy (ms): Min: 0.0, Avg: 2.7, Max: 3.9, Diff: 3.9, Sum: 114.0]
      [Termination (ms): Min: 0.0, Avg: 2.3, Max: 2.6, Diff: 2.6, Sum: 100.3]
         [Termination Attempts: Min: 1, Avg: 3.0, Max: 5, Diff: 4, Sum: 131]
      [GC Worker Other (ms): Min: 0.0, Avg: 0.0, Max: 0.1, Diff: 0.1, Sum: 1.9]
      [GC Worker Total (ms): Min: 1.4, Avg: 6.4, Max: 8.6, Diff: 7.2, Sum: 276.8]
      [GC Worker End (ms): Min: 631612228.1, Avg: 631612228.1, Max: 631612228.2, Diff: 0.1]
   [Code Root Fixup: 0.0 ms]
   [Code Root Purge: 0.0 ms]
   [Clear CT: 5.1 ms]
   [Other: 12.8 ms]
      [Choose CSet: 0.0 ms]
      [Ref Proc: 4.8 ms]
      [Ref Enq: 0.0 ms]
      [Redirty Cards: 5.0 ms]
      [Humongous Register: 2.1 ms]
      [Humongous Reclaim: 0.0 ms]
      [Free CSet: 0.2 ms]
   [Eden: 48128.0K(48128.0K)->0.0B(47104.0K) Survivors: 4096.0K->5120.0K Heap: 242.2M(1024.0M)->195.6M(1024.0M)]
 [Times: user=0.31 sys=0.02, real=0.03 secs] 
2023-06-21T00:32:52.591+0000: 634792.217: [GC pause (G1 Evacuation Pause) (young), 0.0343892 secs]
   [Parallel Time: 14.9 ms, GC Workers: 43]
      [GC Worker Start (ms): Min: 634792219.6, Avg: 634792222.1, Max: 634792226.9, Diff: 7.3]
      [Ext Root Scanning (ms): Min: 0.0, Avg: 1.1, Max: 12.3, Diff: 12.3, Sum: 46.2]
      [Update RS (ms): Min: 0.0, Avg: 0.5, Max: 1.2, Diff: 1.2, Sum: 21.7]
         [Processed Buffers: Min: 0, Avg: 1.9, Max: 8, Diff: 8, Sum: 83]
      [Scan RS (ms): Min: 0.0, Avg: 0.0, Max: 0.1, Diff: 0.1, Sum: 0.6]
      [Code Root Scanning (ms): Min: 0.0, Avg: 0.0, Max: 0.0, Diff: 0.0, Sum: 0.1]
      [Object Copy (ms): Min: 0.0, Avg: 1.8, Max: 2.8, Diff: 2.8, Sum: 77.1]
      [Termination (ms): Min: 0.0, Avg: 6.6, Max: 7.1, Diff: 7.1, Sum: 282.2]
         [Termination Attempts: Min: 1, Avg: 1.3, Max: 4, Diff: 3, Sum: 54]
      [GC Worker Other (ms): Min: 0.0, Avg: 0.0, Max: 0.1, Diff: 0.1, Sum: 2.1]
      [GC Worker Total (ms): Min: 5.1, Avg: 10.0, Max: 12.4, Diff: 7.4, Sum: 430.0]
      [GC Worker End (ms): Min: 634792232.0, Avg: 634792232.1, Max: 634792232.2, Diff: 0.2]
   [Code Root Fixup: 0.0 ms]
   [Code Root Purge: 0.0 ms]
   [Clear CT: 5.5 ms]
   [Other: 14.0 ms]
      [Choose CSet: 0.0 ms]
      [Ref Proc: 5.8 ms]
      [Ref Enq: 0.0 ms]
      [Redirty Cards: 5.0 ms]
      [Humongous Register: 2.1 ms]
      [Humongous Reclaim: 0.0 ms]
      [Free CSet: 0.2 ms]
   [Eden: 47104.0K(47104.0K)->0.0B(48128.0K) Survivors: 5120.0K->4096.0K Heap: 241.6M(1024.0M)->195.4M(1024.0M)]
 [Times: user=0.45 sys=0.06, real=0.03 secs] 
2023-06-21T01:27:17.591+0000: 638057.217: [GC pause (G1 Evacuation Pause) (young), 0.0282770 secs]
   [Parallel Time: 10.6 ms, GC Workers: 43]
      [GC Worker Start (ms): Min: 638057219.5, Avg: 638057221.6, Max: 638057224.5, Diff: 5.0]
      [Ext Root Scanning (ms): Min: 0.0, Avg: 1.1, Max: 8.8, Diff: 8.8, Sum: 45.4]
      [Update RS (ms): Min: 0.0, Avg: 0.6, Max: 1.3, Diff: 1.3, Sum: 27.6]
         [Processed Buffers: Min: 0, Avg: 1.9, Max: 9, Diff: 9, Sum: 81]
      [Scan RS (ms): Min: 0.0, Avg: 0.0, Max: 0.1, Diff: 0.1, Sum: 0.4]
      [Code Root Scanning (ms): Min: 0.0, Avg: 0.0, Max: 0.1, Diff: 0.1, Sum: 0.1]
      [Object Copy (ms): Min: 0.0, Avg: 2.8, Max: 3.9, Diff: 3.9, Sum: 121.9]
      [Termination (ms): Min: 0.0, Avg: 2.2, Max: 2.6, Diff: 2.6, Sum: 96.1]
         [Termination Attempts: Min: 1, Avg: 2.7, Max: 5, Diff: 4, Sum: 115]
      [GC Worker Other (ms): Min: 0.0, Avg: 0.0, Max: 0.1, Diff: 0.1, Sum: 2.1]
      [GC Worker Total (ms): Min: 4.0, Avg: 6.8, Max: 8.9, Diff: 4.9, Sum: 293.6]
      [GC Worker End (ms): Min: 638057228.4, Avg: 638057228.5, Max: 638057228.6, Diff: 0.2]
   [Code Root Fixup: 0.0 ms]
   [Code Root Purge: 0.0 ms]
   [Clear CT: 4.6 ms]
   [Other: 13.1 ms]
      [Choose CSet: 0.0 ms]
      [Ref Proc: 5.1 ms]
      [Ref Enq: 0.0 ms]
      [Redirty Cards: 4.5 ms]
      [Humongous Register: 2.1 ms]
      [Humongous Reclaim: 0.0 ms]
      [Free CSet: 0.4 ms]
   [Eden: 48128.0K(48128.0K)->0.0B(48128.0K) Survivors: 4096.0K->4096.0K Heap: 242.4M(1024.0M)->195.5M(1024.0M)]
 [Times: user=0.29 sys=0.08, real=0.02 secs] 
2023-06-21T02:21:32.591+0000: 641312.216: [GC pause (G1 Evacuation Pause) (young), 0.0230035 secs]
   [Parallel Time: 9.3 ms, GC Workers: 43]
      [GC Worker Start (ms): Min: 641312216.8, Avg: 641312218.2, Max: 641312219.5, Diff: 2.7]
      [Ext Root Scanning (ms): Min: 0.0, Avg: 0.7, Max: 6.9, Diff: 6.9, Sum: 30.8]
      [Update RS (ms): Min: 0.0, Avg: 0.4, Max: 0.9, Diff: 0.9, Sum: 18.7]
         [Processed Buffers: Min: 0, Avg: 1.9, Max: 6, Diff: 6, Sum: 83]
      [Scan RS (ms): Min: 0.0, Avg: 0.0, Max: 0.1, Diff: 0.1, Sum: 0.6]
      [Code Root Scanning (ms): Min: 0.0, Avg: 0.0, Max: 0.0, Diff: 0.0, Sum: 0.0]
      [Object Copy (ms): Min: 0.0, Avg: 2.5, Max: 2.8, Diff: 2.8, Sum: 109.4]
      [Termination (ms): Min: 0.0, Avg: 1.8, Max: 2.1, Diff: 2.1, Sum: 79.2]
         [Termination Attempts: Min: 1, Avg: 1.9, Max: 4, Diff: 3, Sum: 83]
      [GC Worker Other (ms): Min: 0.0, Avg: 0.0, Max: 0.1, Diff: 0.1, Sum: 1.1]
      [GC Worker Total (ms): Min: 4.3, Avg: 5.6, Max: 7.0, Diff: 2.7, Sum: 239.9]
      [GC Worker End (ms): Min: 641312223.7, Avg: 641312223.8, Max: 641312223.9, Diff: 0.2]
   [Code Root Fixup: 0.0 ms]
   [Code Root Purge: 0.0 ms]
   [Clear CT: 4.8 ms]
   [Other: 8.8 ms]
      [Choose CSet: 0.0 ms]
      [Ref Proc: 3.4 ms]
      [Ref Enq: 0.0 ms]
      [Redirty Cards: 4.7 ms]
      [Humongous Register: 0.1 ms]
      [Humongous Reclaim: 0.0 ms]
      [Free CSet: 0.2 ms]
   [Eden: 48128.0K(48128.0K)->0.0B(48128.0K) Survivors: 4096.0K->4096.0K Heap: 242.5M(1024.0M)->195.4M(1024.0M)]
 [Times: user=0.30 sys=0.00, real=0.02 secs] 
2023-06-21T03:15:55.621+0000: 644575.247: [GC pause (G1 Evacuation Pause) (young), 0.0334011 secs]
   [Parallel Time: 14.0 ms, GC Workers: 43]
      [GC Worker Start (ms): Min: 644575249.4, Avg: 644575251.6, Max: 644575256.3, Diff: 6.8]
      [Ext Root Scanning (ms): Min: 0.0, Avg: 1.1, Max: 13.3, Diff: 13.3, Sum: 49.1]
      [Update RS (ms): Min: 0.0, Avg: 0.5, Max: 0.9, Diff: 0.9, Sum: 22.0]
         [Processed Buffers: Min: 0, Avg: 2.0, Max: 8, Diff: 8, Sum: 86]
      [Scan RS (ms): Min: 0.0, Avg: 0.0, Max: 0.1, Diff: 0.1, Sum: 0.7]
      [Code Root Scanning (ms): Min: 0.0, Avg: 0.0, Max: 0.1, Diff: 0.1, Sum: 0.1]
      [Object Copy (ms): Min: 0.0, Avg: 2.2, Max: 2.5, Diff: 2.5, Sum: 93.3]
      [Termination (ms): Min: 0.0, Avg: 7.3, Max: 7.7, Diff: 7.7, Sum: 313.9]
         [Termination Attempts: Min: 1, Avg: 1.5, Max: 3, Diff: 2, Sum: 65]
      [GC Worker Other (ms): Min: 0.0, Avg: 0.1, Max: 0.2, Diff: 0.1, Sum: 2.6]
      [GC Worker Total (ms): Min: 6.5, Avg: 11.2, Max: 13.3, Diff: 6.8, Sum: 481.8]
      [GC Worker End (ms): Min: 644575262.8, Avg: 644575262.8, Max: 644575263.0, Diff: 0.2]
   [Code Root Fixup: 0.0 ms]
   [Code Root Purge: 0.0 ms]
   [Clear CT: 5.4 ms]
   [Other: 13.9 ms]
      [Choose CSet: 0.0 ms]
      [Ref Proc: 5.5 ms]
      [Ref Enq: 0.0 ms]
      [Redirty Cards: 5.4 ms]
      [Humongous Register: 2.1 ms]
      [Humongous Reclaim: 0.0 ms]
      [Free CSet: 0.2 ms]
   [Eden: 48128.0K(48128.0K)->0.0B(48128.0K) Survivors: 4096.0K->4096.0K Heap: 242.4M(1024.0M)->195.3M(1024.0M)]
 [Times: user=0.56 sys=0.00, real=0.03 secs] 
2023-06-21T04:10:17.157+0000: 647836.782: [GC pause (G1 Evacuation Pause) (young), 0.0287208 secs]
   [Parallel Time: 8.8 ms, GC Workers: 43]
      [GC Worker Start (ms): Min: 647836785.0, Avg: 647836787.2, Max: 647836791.4, Diff: 6.4]
      [Ext Root Scanning (ms): Min: 0.0, Avg: 0.6, Max: 2.4, Diff: 2.4, Sum: 25.6]
      [Update RS (ms): Min: 0.0, Avg: 0.2, Max: 0.7, Diff: 0.7, Sum: 10.1]
         [Processed Buffers: Min: 0, Avg: 1.9, Max: 7, Diff: 7, Sum: 83]
      [Scan RS (ms): Min: 0.0, Avg: 0.0, Max: 0.0, Diff: 0.0, Sum: 0.7]
      [Code Root Scanning (ms): Min: 0.0, Avg: 0.0, Max: 0.1, Diff: 0.1, Sum: 0.1]
      [Object Copy (ms): Min: 0.0, Avg: 1.7, Max: 2.1, Diff: 2.1, Sum: 74.8]
      [Termination (ms): Min: 0.0, Avg: 1.7, Max: 1.9, Diff: 1.9, Sum: 72.2]
         [Termination Attempts: Min: 1, Avg: 1.0, Max: 1, Diff: 0, Sum: 43]
      [GC Worker Other (ms): Min: 0.0, Avg: 0.1, Max: 0.3, Diff: 0.2, Sum: 3.0]
      [GC Worker Total (ms): Min: 0.0, Avg: 4.3, Max: 6.6, Diff: 6.5, Sum: 186.5]
      [GC Worker End (ms): Min: 647836791.5, Avg: 647836791.5, Max: 647836791.7, Diff: 0.2]
   [Code Root Fixup: 0.0 ms]
   [Code Root Purge: 0.0 ms]
   [Clear CT: 6.3 ms]
   [Other: 13.6 ms]
      [Choose CSet: 0.0 ms]
      [Ref Proc: 5.5 ms]
      [Ref Enq: 0.0 ms]
      [Redirty Cards: 5.0 ms]
      [Humongous Register: 2.0 ms]
      [Humongous Reclaim: 0.0 ms]
      [Free CSet: 0.2 ms]
   [Eden: 48128.0K(48128.0K)->0.0B(48128.0K) Survivors: 4096.0K->4096.0K Heap: 242.3M(1024.0M)->195.3M(1024.0M)]
 [Times: user=0.27 sys=0.00, real=0.03 secs] 
2023-06-21T05:04:31.544+0000: 651091.169: [GC pause (G1 Evacuation Pause) (young), 0.0225536 secs]
   [Parallel Time: 8.8 ms, GC Workers: 43]
      [GC Worker Start (ms): Min: 651091169.7, Avg: 651091171.1, Max: 651091172.3, Diff: 2.6]
      [Ext Root Scanning (ms): Min: 0.0, Avg: 0.8, Max: 7.4, Diff: 7.4, Sum: 33.1]
      [Update RS (ms): Min: 0.0, Avg: 0.6, Max: 1.2, Diff: 1.2, Sum: 25.4]
         [Processed Buffers: Min: 0, Avg: 2.0, Max: 7, Diff: 7, Sum: 84]
      [Scan RS (ms): Min: 0.0, Avg: 0.0, Max: 0.1, Diff: 0.1, Sum: 0.7]
      [Code Root Scanning (ms): Min: 0.0, Avg: 0.0, Max: 0.0, Diff: 0.0, Sum: 0.0]
      [Object Copy (ms): Min: 0.0, Avg: 2.7, Max: 2.9, Diff: 2.9, Sum: 114.6]
      [Termination (ms): Min: 0.0, Avg: 2.2, Max: 2.7, Diff: 2.7, Sum: 96.3]
         [Termination Attempts: Min: 1, Avg: 3.3, Max: 7, Diff: 6, Sum: 141]
      [GC Worker Other (ms): Min: 0.0, Avg: 0.0, Max: 0.0, Diff: 0.0, Sum: 0.8]
      [GC Worker Total (ms): Min: 5.0, Avg: 6.3, Max: 7.6, Diff: 2.6, Sum: 270.9]
      [GC Worker End (ms): Min: 651091177.2, Avg: 651091177.4, Max: 651091177.5, Diff: 0.2]
   [Code Root Fixup: 0.0 ms]
   [Code Root Purge: 0.0 ms]
   [Clear CT: 4.8 ms]
   [Other: 8.9 ms]
      [Choose CSet: 0.0 ms]
      [Ref Proc: 3.4 ms]
      [Ref Enq: 0.0 ms]
      [Redirty Cards: 4.9 ms]
      [Humongous Register: 0.1 ms]
      [Humongous Reclaim: 0.0 ms]
      [Free CSet: 0.2 ms]
   [Eden: 48128.0K(48128.0K)->0.0B(49152.0K) Survivors: 4096.0K->3072.0K Heap: 242.3M(1024.0M)->195.3M(1024.0M)]
 [Times: user=0.30 sys=0.01, real=0.02 secs] 
2023-06-21T05:59:57.591+0000: 654417.217: [GC pause (G1 Evacuation Pause) (young), 0.0304838 secs]
   [Parallel Time: 10.7 ms, GC Workers: 43]
      [GC Worker Start (ms): Min: 654417219.1, Avg: 654417221.2, Max: 654417223.3, Diff: 4.2]
      [Ext Root Scanning (ms): Min: 0.0, Avg: 0.7, Max: 2.5, Diff: 2.5, Sum: 31.0]
      [Update RS (ms): Min: 0.0, Avg: 0.6, Max: 1.0, Diff: 1.0, Sum: 23.7]
         [Processed Buffers: Min: 0, Avg: 2.0, Max: 10, Diff: 10, Sum: 86]
      [Scan RS (ms): Min: 0.0, Avg: 0.0, Max: 0.1, Diff: 0.0, Sum: 0.6]
      [Code Root Scanning (ms): Min: 0.0, Avg: 0.0, Max: 0.0, Diff: 0.0, Sum: 0.0]
      [Object Copy (ms): Min: 2.3, Avg: 3.3, Max: 4.3, Diff: 2.0, Sum: 140.6]
      [Termination (ms): Min: 0.2, Avg: 1.2, Max: 2.0, Diff: 1.8, Sum: 52.2]
         [Termination Attempts: Min: 1, Avg: 10.1, Max: 14, Diff: 13, Sum: 435]
      [GC Worker Other (ms): Min: 0.0, Avg: 0.0, Max: 0.1, Diff: 0.1, Sum: 2.0]
      [GC Worker Total (ms): Min: 3.7, Avg: 5.8, Max: 7.9, Diff: 4.2, Sum: 250.2]
      [GC Worker End (ms): Min: 654417227.0, Avg: 654417227.1, Max: 654417227.2, Diff: 0.2]
   [Code Root Fixup: 0.0 ms]
   [Code Root Purge: 0.0 ms]
   [Clear CT: 5.7 ms]
   [Other: 14.1 ms]
      [Choose CSet: 0.0 ms]
      [Ref Proc: 5.5 ms]
      [Ref Enq: 0.0 ms]
      [Redirty Cards: 5.2 ms]
      [Humongous Register: 2.1 ms]
      [Humongous Reclaim: 0.0 ms]
      [Free CSet: 0.3 ms]
   [Eden: 49152.0K(49152.0K)->0.0B(50176.0K) Survivors: 3072.0K->2048.0K Heap: 243.3M(1024.0M)->195.2M(1024.0M)]
 [Times: user=0.33 sys=0.00, real=0.03 secs] 
2023-06-21T06:56:40.837+0000: 657820.463: [GC pause (G1 Evacuation Pause) (young), 0.0256499 secs]
   [Parallel Time: 8.5 ms, GC Workers: 43]
      [GC Worker Start (ms): Min: 657820465.1, Avg: 657820467.2, Max: 657820471.1, Diff: 5.9]
      [Ext Root Scanning (ms): Min: 0.0, Avg: 0.8, Max: 6.9, Diff: 6.8, Sum: 32.9]
      [Update RS (ms): Min: 0.0, Avg: 0.5, Max: 1.0, Diff: 1.0, Sum: 23.1]
         [Processed Buffers: Min: 0, Avg: 2.0, Max: 7, Diff: 7, Sum: 87]
      [Scan RS (ms): Min: 0.0, Avg: 0.0, Max: 0.1, Diff: 0.1, Sum: 0.6]
      [Code Root Scanning (ms): Min: 0.0, Avg: 0.0, Max: 0.0, Diff: 0.0, Sum: 0.0]
      [Object Copy (ms): Min: 0.0, Avg: 1.3, Max: 1.6, Diff: 1.6, Sum: 56.4]
      [Termination (ms): Min: 0.0, Avg: 2.3, Max: 2.5, Diff: 2.5, Sum: 96.9]
         [Termination Attempts: Min: 1, Avg: 1.4, Max: 3, Diff: 2, Sum: 59]
      [GC Worker Other (ms): Min: 0.0, Avg: 0.0, Max: 0.1, Diff: 0.1, Sum: 1.8]
      [GC Worker Total (ms): Min: 1.1, Avg: 4.9, Max: 6.9, Diff: 5.8, Sum: 211.7]
      [GC Worker End (ms): Min: 657820472.1, Avg: 657820472.1, Max: 657820472.2, Diff: 0.2]
   [Code Root Fixup: 0.0 ms]
   [Code Root Purge: 0.0 ms]
   [Clear CT: 5.0 ms]
   [Other: 12.1 ms]
      [Choose CSet: 0.0 ms]
      [Ref Proc: 4.0 ms]
      [Ref Enq: 0.0 ms]
      [Redirty Cards: 5.0 ms]
      [Humongous Register: 2.0 ms]
      [Humongous Reclaim: 0.0 ms]
      [Free CSet: 0.2 ms]
   [Eden: 50176.0K(50176.0K)->0.0B(51200.0K) Survivors: 2048.0K->1024.0K Heap: 244.2M(1024.0M)->195.3M(1024.0M)]
 [Times: user=0.27 sys=0.00, real=0.03 secs] 
2023-06-21T07:54:31.544+0000: 661291.170: [GC pause (G1 Evacuation Pause) (young), 0.0349292 secs]
   [Parallel Time: 16.3 ms, GC Workers: 43]
      [GC Worker Start (ms): Min: 661291172.6, Avg: 661291174.7, Max: 661291177.1, Diff: 4.4]
      [Ext Root Scanning (ms): Min: 0.0, Avg: 1.2, Max: 12.5, Diff: 12.5, Sum: 52.2]
      [Update RS (ms): Min: 0.0, Avg: 1.1, Max: 1.8, Diff: 1.8, Sum: 49.1]
         [Processed Buffers: Min: 0, Avg: 1.9, Max: 7, Diff: 7, Sum: 83]
      [Scan RS (ms): Min: 0.0, Avg: 0.0, Max: 0.1, Diff: 0.1, Sum: 0.7]
      [Code Root Scanning (ms): Min: 0.0, Avg: 0.0, Max: 0.0, Diff: 0.0, Sum: 0.0]
      [Object Copy (ms): Min: 0.0, Avg: 2.4, Max: 2.8, Diff: 2.8, Sum: 103.4]
      [Termination (ms): Min: 0.0, Avg: 5.8, Max: 6.2, Diff: 6.2, Sum: 247.7]
         [Termination Attempts: Min: 1, Avg: 7.0, Max: 10, Diff: 9, Sum: 300]
      [GC Worker Other (ms): Min: 0.0, Avg: 0.0, Max: 0.1, Diff: 0.1, Sum: 2.1]
      [GC Worker Total (ms): Min: 8.2, Avg: 10.6, Max: 12.6, Diff: 4.4, Sum: 455.3]
      [GC Worker End (ms): Min: 661291185.3, Avg: 661291185.3, Max: 661291185.5, Diff: 0.2]
   [Code Root Fixup: 0.0 ms]
   [Code Root Purge: 0.0 ms]
   [Clear CT: 6.2 ms]
   [Other: 12.5 ms]
      [Choose CSet: 0.0 ms]
      [Ref Proc: 4.2 ms]
      [Ref Enq: 0.0 ms]
      [Redirty Cards: 5.2 ms]
      [Humongous Register: 2.1 ms]
      [Humongous Reclaim: 0.0 ms]
      [Free CSet: 0.2 ms]
   [Eden: 51200.0K(51200.0K)->0.0B(51200.0K) Survivors: 1024.0K->1024.0K Heap: 245.3M(1024.0M)->195.5M(1024.0M)]
 [Times: user=0.51 sys=0.00, real=0.03 secs] 
2023-06-21T08:52:31.544+0000: 664771.170: [GC pause (G1 Evacuation Pause) (young), 0.0265338 secs]
   [Parallel Time: 9.4 ms, GC Workers: 43]
      [GC Worker Start (ms): Min: 664771170.0, Avg: 664771171.3, Max: 664771172.7, Diff: 2.7]
      [Ext Root Scanning (ms): Min: 0.0, Avg: 0.8, Max: 7.3, Diff: 7.3, Sum: 32.5]
      [Update RS (ms): Min: 0.0, Avg: 0.3, Max: 0.5, Diff: 0.5, Sum: 13.9]
         [Processed Buffers: Min: 0, Avg: 1.9, Max: 6, Diff: 6, Sum: 81]
      [Scan RS (ms): Min: 0.0, Avg: 0.0, Max: 0.1, Diff: 0.1, Sum: 0.5]
      [Code Root Scanning (ms): Min: 0.0, Avg: 0.0, Max: 0.0, Diff: 0.0, Sum: 0.0]
      [Object Copy (ms): Min: 0.0, Avg: 2.9, Max: 3.2, Diff: 3.2, Sum: 123.0]
      [Termination (ms): Min: 0.0, Avg: 2.0, Max: 2.9, Diff: 2.9, Sum: 84.4]
         [Termination Attempts: Min: 1, Avg: 8.0, Max: 11, Diff: 10, Sum: 342]
      [GC Worker Other (ms): Min: 0.0, Avg: 0.1, Max: 0.4, Diff: 0.4, Sum: 5.6]
      [GC Worker Total (ms): Min: 4.8, Avg: 6.0, Max: 7.5, Diff: 2.7, Sum: 259.9]
      [GC Worker End (ms): Min: 664771177.3, Avg: 664771177.4, Max: 664771177.7, Diff: 0.4]
   [Code Root Fixup: 0.0 ms]
   [Code Root Purge: 0.0 ms]
   [Clear CT: 6.4 ms]
   [Other: 10.8 ms]
      [Choose CSet: 0.0 ms]
      [Ref Proc: 4.5 ms]
      [Ref Enq: 0.0 ms]
      [Redirty Cards: 5.5 ms]
      [Humongous Register: 0.1 ms]
      [Humongous Reclaim: 0.0 ms]
      [Free CSet: 0.2 ms]
   [Eden: 51200.0K(51200.0K)->0.0B(51200.0K) Survivors: 1024.0K->1024.0K Heap: 245.5M(1024.0M)->195.3M(1024.0M)]
 [Times: user=0.28 sys=0.04, real=0.03 secs] 
2023-06-21T09:50:31.920+0000: 668251.546: [GC pause (G1 Evacuation Pause) (young), 0.0291786 secs]
   [Parallel Time: 9.1 ms, GC Workers: 43]
      [GC Worker Start (ms): Min: 668251548.4, Avg: 668251550.3, Max: 668251552.1, Diff: 3.8]
      [Ext Root Scanning (ms): Min: 0.0, Avg: 0.7, Max: 2.8, Diff: 2.8, Sum: 30.7]
      [Update RS (ms): Min: 0.0, Avg: 0.2, Max: 0.5, Diff: 0.5, Sum: 7.7]
         [Processed Buffers: Min: 0, Avg: 1.4, Max: 8, Diff: 8, Sum: 62]
      [Scan RS (ms): Min: 0.0, Avg: 0.0, Max: 0.0, Diff: 0.0, Sum: 0.5]
      [Code Root Scanning (ms): Min: 0.0, Avg: 0.0, Max: 0.0, Diff: 0.0, Sum: 0.0]
      [Object Copy (ms): Min: 1.7, Avg: 2.8, Max: 3.3, Diff: 1.6, Sum: 118.7]
      [Termination (ms): Min: 0.2, Avg: 0.5, Max: 0.9, Diff: 0.7, Sum: 21.5]
         [Termination Attempts: Min: 3, Avg: 9.1, Max: 12, Diff: 9, Sum: 392]
      [GC Worker Other (ms): Min: 0.0, Avg: 0.3, Max: 0.8, Diff: 0.7, Sum: 14.0]
      [GC Worker Total (ms): Min: 2.4, Avg: 4.5, Max: 6.7, Diff: 4.3, Sum: 193.1]
      [GC Worker End (ms): Min: 668251554.5, Avg: 668251554.7, Max: 668251555.2, Diff: 0.7]
   [Code Root Fixup: 0.0 ms]
   [Code Root Purge: 0.0 ms]
   [Clear CT: 5.7 ms]
   [Other: 14.3 ms]
      [Choose CSet: 0.0 ms]
      [Ref Proc: 5.4 ms]
      [Ref Enq: 0.0 ms]
      [Redirty Cards: 5.7 ms]
      [Humongous Register: 2.1 ms]
      [Humongous Reclaim: 0.0 ms]
      [Free CSet: 0.2 ms]
   [Eden: 51200.0K(51200.0K)->0.0B(51200.0K) Survivors: 1024.0K->1024.0K Heap: 245.3M(1024.0M)->195.3M(1024.0M)]
 [Times: user=0.24 sys=0.00, real=0.04 secs] 
2023-06-21T10:48:31.545+0000: 671731.170: [GC pause (G1 Evacuation Pause) (young), 0.0299546 secs]
   [Parallel Time: 9.5 ms, GC Workers: 43]
      [GC Worker Start (ms): Min: 671731172.9, Avg: 671731175.0, Max: 671731177.9, Diff: 4.9]
      [Ext Root Scanning (ms): Min: 0.0, Avg: 0.9, Max: 7.7, Diff: 7.7, Sum: 37.4]
      [Update RS (ms): Min: 0.0, Avg: 0.2, Max: 0.7, Diff: 0.7, Sum: 8.7]
         [Processed Buffers: Min: 0, Avg: 1.5, Max: 8, Diff: 8, Sum: 63]
      [Scan RS (ms): Min: 0.0, Avg: 0.0, Max: 0.0, Diff: 0.0, Sum: 0.5]
      [Code Root Scanning (ms): Min: 0.0, Avg: 0.0, Max: 0.0, Diff: 0.0, Sum: 0.0]
      [Object Copy (ms): Min: 0.0, Avg: 1.5, Max: 1.9, Diff: 1.9, Sum: 64.8]
      [Termination (ms): Min: 0.0, Avg: 3.2, Max: 3.5, Diff: 3.5, Sum: 137.0]
         [Termination Attempts: Min: 1, Avg: 4.1, Max: 7, Diff: 6, Sum: 176]
      [GC Worker Other (ms): Min: 0.0, Avg: 0.0, Max: 0.1, Diff: 0.1, Sum: 2.1]
      [GC Worker Total (ms): Min: 2.9, Avg: 5.8, Max: 7.8, Diff: 4.9, Sum: 250.5]
      [GC Worker End (ms): Min: 671731180.7, Avg: 671731180.8, Max: 671731180.9, Diff: 0.2]
   [Code Root Fixup: 0.0 ms]
   [Code Root Purge: 0.0 ms]
   [Clear CT: 6.3 ms]
   [Other: 14.2 ms]
      [Choose CSet: 0.0 ms]
      [Ref Proc: 5.2 ms]
      [Ref Enq: 0.0 ms]
      [Redirty Cards: 5.4 ms]
      [Humongous Register: 2.1 ms]
      [Humongous Reclaim: 0.0 ms]
      [Free CSet: 0.4 ms]
   [Eden: 51200.0K(51200.0K)->0.0B(51200.0K) Survivors: 1024.0K->1024.0K Heap: 245.3M(1024.0M)->195.4M(1024.0M)]
 [Times: user=0.28 sys=0.03, real=0.03 secs] 
2023-06-21T11:46:37.591+0000: 675217.216: [GC pause (G1 Evacuation Pause) (young), 0.0244432 secs]
   [Parallel Time: 7.2 ms, GC Workers: 43]
      [GC Worker Start (ms): Min: 675217216.7, Avg: 675217218.2, Max: 675217219.3, Diff: 2.7]
      [Ext Root Scanning (ms): Min: 0.0, Avg: 0.6, Max: 1.9, Diff: 1.9, Sum: 25.8]
      [Update RS (ms): Min: 0.0, Avg: 0.1, Max: 0.5, Diff: 0.5, Sum: 6.0]
         [Processed Buffers: Min: 0, Avg: 1.4, Max: 7, Diff: 7, Sum: 61]
      [Scan RS (ms): Min: 0.0, Avg: 0.0, Max: 0.0, Diff: 0.0, Sum: 0.6]
      [Code Root Scanning (ms): Min: 0.0, Avg: 0.0, Max: 0.0, Diff: 0.0, Sum: 0.0]
      [Object Copy (ms): Min: 2.2, Avg: 2.9, Max: 3.2, Diff: 1.0, Sum: 122.6]
      [Termination (ms): Min: 0.1, Avg: 0.4, Max: 0.9, Diff: 0.7, Sum: 18.7]
         [Termination Attempts: Min: 5, Avg: 7.9, Max: 12, Diff: 7, Sum: 338]
      [GC Worker Other (ms): Min: 0.0, Avg: 0.2, Max: 0.4, Diff: 0.4, Sum: 6.5]
      [GC Worker Total (ms): Min: 2.9, Avg: 4.2, Max: 5.7, Diff: 2.8, Sum: 180.3]
      [GC Worker End (ms): Min: 675217222.2, Avg: 675217222.3, Max: 675217222.6, Diff: 0.4]
   [Code Root Fixup: 0.0 ms]
   [Code Root Purge: 0.0 ms]
   [Clear CT: 4.8 ms]
   [Other: 12.4 ms]
      [Choose CSet: 0.0 ms]
      [Ref Proc: 6.9 ms]
      [Ref Enq: 0.0 ms]
      [Redirty Cards: 4.9 ms]
      [Humongous Register: 0.1 ms]
      [Humongous Reclaim: 0.0 ms]
      [Free CSet: 0.2 ms]
   [Eden: 51200.0K(51200.0K)->0.0B(51200.0K) Survivors: 1024.0K->1024.0K Heap: 245.4M(1024.0M)->195.4M(1024.0M)]
 [Times: user=0.19 sys=0.05, real=0.02 secs] 
2023-06-21T12:44:37.395+0000: 678697.020: [GC pause (G1 Evacuation Pause) (young), 0.0287451 secs]
   [Parallel Time: 10.4 ms, GC Workers: 43]
      [GC Worker Start (ms): Min: 678697023.1, Avg: 678697025.3, Max: 678697028.6, Diff: 5.5]
      [Ext Root Scanning (ms): Min: 0.0, Avg: 0.9, Max: 7.8, Diff: 7.8, Sum: 40.6]
      [Update RS (ms): Min: 0.0, Avg: 0.1, Max: 0.5, Diff: 0.5, Sum: 6.0]
         [Processed Buffers: Min: 0, Avg: 1.5, Max: 6, Diff: 6, Sum: 66]
      [Scan RS (ms): Min: 0.0, Avg: 0.0, Max: 0.0, Diff: 0.0, Sum: 0.4]
      [Code Root Scanning (ms): Min: 0.0, Avg: 0.0, Max: 0.0, Diff: 0.0, Sum: 0.0]
      [Object Copy (ms): Min: 0.0, Avg: 1.3, Max: 2.5, Diff: 2.5, Sum: 57.5]
      [Termination (ms): Min: 0.0, Avg: 3.3, Max: 3.5, Diff: 3.5, Sum: 140.2]
         [Termination Attempts: Min: 1, Avg: 5.9, Max: 11, Diff: 10, Sum: 253]
      [GC Worker Other (ms): Min: 0.0, Avg: 0.0, Max: 0.1, Diff: 0.1, Sum: 1.8]
      [GC Worker Total (ms): Min: 2.3, Avg: 5.7, Max: 7.8, Diff: 5.5, Sum: 246.5]
      [GC Worker End (ms): Min: 678697030.9, Avg: 678697031.1, Max: 678697031.1, Diff: 0.2]
   [Code Root Fixup: 0.0 ms]
   [Code Root Purge: 0.0 ms]
   [Clear CT: 4.8 ms]
   [Other: 13.6 ms]
      [Choose CSet: 0.0 ms]
      [Ref Proc: 5.7 ms]
      [Ref Enq: 0.0 ms]
      [Redirty Cards: 4.8 ms]
      [Humongous Register: 2.1 ms]
      [Humongous Reclaim: 0.0 ms]
      [Free CSet: 0.2 ms]
   [Eden: 51200.0K(51200.0K)->0.0B(51200.0K) Survivors: 1024.0K->1024.0K Heap: 245.4M(1024.0M)->195.4M(1024.0M)]
 [Times: user=0.34 sys=0.00, real=0.03 secs] 
2023-06-21T13:42:27.591+0000: 682167.217: [GC pause (G1 Evacuation Pause) (young), 0.0230020 secs]
   [Parallel Time: 6.9 ms, GC Workers: 43]
      [GC Worker Start (ms): Min: 682167216.8, Avg: 682167218.2, Max: 682167219.4, Diff: 2.6]
      [Ext Root Scanning (ms): Min: 0.0, Avg: 0.7, Max: 1.9, Diff: 1.9, Sum: 28.0]
      [Update RS (ms): Min: 0.0, Avg: 0.9, Max: 3.6, Diff: 3.6, Sum: 37.7]
         [Processed Buffers: Min: 0, Avg: 1.4, Max: 6, Diff: 6, Sum: 62]
      [Scan RS (ms): Min: 0.0, Avg: 0.0, Max: 0.0, Diff: 0.0, Sum: 0.5]
      [Code Root Scanning (ms): Min: 0.0, Avg: 0.0, Max: 0.0, Diff: 0.0, Sum: 0.0]
      [Object Copy (ms): Min: 0.0, Avg: 1.4, Max: 2.2, Diff: 2.2, Sum: 61.7]
      [Termination (ms): Min: 0.0, Avg: 1.1, Max: 1.8, Diff: 1.8, Sum: 48.8]
         [Termination Attempts: Min: 1, Avg: 7.1, Max: 13, Diff: 12, Sum: 305]
      [GC Worker Other (ms): Min: 0.0, Avg: 0.2, Max: 3.3, Diff: 3.2, Sum: 7.4]
      [GC Worker Total (ms): Min: 3.1, Avg: 4.3, Max: 5.6, Diff: 2.5, Sum: 184.0]
      [GC Worker End (ms): Min: 682167222.4, Avg: 682167222.5, Max: 682167222.6, Diff: 0.2]
   [Code Root Fixup: 0.0 ms]
   [Code Root Purge: 0.0 ms]
   [Clear CT: 4.9 ms]
   [Other: 11.2 ms]
      [Choose CSet: 0.0 ms]
      [Ref Proc: 5.6 ms]
      [Ref Enq: 0.0 ms]
      [Redirty Cards: 5.0 ms]
      [Humongous Register: 0.1 ms]
      [Humongous Reclaim: 0.0 ms]
      [Free CSet: 0.1 ms]
   [Eden: 51200.0K(51200.0K)->0.0B(51200.0K) Survivors: 1024.0K->1024.0K Heap: 245.4M(1024.0M)->195.4M(1024.0M)]
 [Times: user=0.24 sys=0.00, real=0.02 secs] 
2023-06-21T14:40:20.420+0000: 685640.046: [GC pause (G1 Evacuation Pause) (young), 0.0287996 secs]
   [Parallel Time: 9.8 ms, GC Workers: 43]
      [GC Worker Start (ms): Min: 685640048.6, Avg: 685640050.5, Max: 685640052.4, Diff: 3.7]
      [Ext Root Scanning (ms): Min: 0.0, Avg: 0.8, Max: 6.9, Diff: 6.9, Sum: 32.5]
      [Update RS (ms): Min: 0.0, Avg: 0.2, Max: 0.6, Diff: 0.6, Sum: 7.3]
         [Processed Buffers: Min: 0, Avg: 1.4, Max: 6, Diff: 6, Sum: 62]
      [Scan RS (ms): Min: 0.0, Avg: 0.0, Max: 0.0, Diff: 0.0, Sum: 0.4]
      [Code Root Scanning (ms): Min: 0.0, Avg: 0.0, Max: 0.0, Diff: 0.0, Sum: 0.0]
      [Object Copy (ms): Min: 0.0, Avg: 1.4, Max: 1.8, Diff: 1.8, Sum: 59.9]
      [Termination (ms): Min: 0.0, Avg: 2.8, Max: 3.1, Diff: 3.1, Sum: 118.8]
         [Termination Attempts: Min: 1, Avg: 5.7, Max: 10, Diff: 9, Sum: 243]
      [GC Worker Other (ms): Min: 0.0, Avg: 0.0, Max: 0.1, Diff: 0.1, Sum: 1.8]
      [GC Worker Total (ms): Min: 3.3, Avg: 5.1, Max: 7.0, Diff: 3.7, Sum: 220.7]
      [GC Worker End (ms): Min: 685640055.6, Avg: 685640055.7, Max: 685640055.8, Diff: 0.2]
   [Code Root Fixup: 0.0 ms]
   [Code Root Purge: 0.0 ms]
   [Clear CT: 5.3 ms]
   [Other: 13.7 ms]
      [Choose CSet: 0.0 ms]
      [Ref Proc: 5.0 ms]
      [Ref Enq: 0.0 ms]
      [Redirty Cards: 5.3 ms]
      [Humongous Register: 2.1 ms]
      [Humongous Reclaim: 0.0 ms]
      [Free CSet: 0.3 ms]
   [Eden: 51200.0K(51200.0K)->0.0B(51200.0K) Survivors: 1024.0K->1024.0K Heap: 245.4M(1024.0M)->195.4M(1024.0M)]
 [Times: user=0.28 sys=0.00, real=0.04 secs] 
2023-06-21T15:37:39.384+0000: 689079.009: [GC pause (G1 Evacuation Pause) (young), 0.0294295 secs]
   [Parallel Time: 9.1 ms, GC Workers: 43]
      [GC Worker Start (ms): Min: 689079011.9, Avg: 689079014.0, Max: 689079016.0, Diff: 4.1]
      [Ext Root Scanning (ms): Min: 0.0, Avg: 0.9, Max: 7.5, Diff: 7.5, Sum: 37.3]
      [Update RS (ms): Min: 0.0, Avg: 0.3, Max: 2.2, Diff: 2.2, Sum: 11.7]
         [Processed Buffers: Min: 0, Avg: 1.5, Max: 7, Diff: 7, Sum: 65]
      [Scan RS (ms): Min: 0.0, Avg: 0.0, Max: 0.0, Diff: 0.0, Sum: 0.5]
      [Code Root Scanning (ms): Min: 0.0, Avg: 0.0, Max: 0.0, Diff: 0.0, Sum: 0.0]
      [Object Copy (ms): Min: 0.0, Avg: 3.2, Max: 3.9, Diff: 3.9, Sum: 138.0]
      [Termination (ms): Min: 0.0, Avg: 1.2, Max: 1.4, Diff: 1.4, Sum: 52.3]
         [Termination Attempts: Min: 1, Avg: 2.7, Max: 6, Diff: 5, Sum: 117]
      [GC Worker Other (ms): Min: 0.0, Avg: 0.0, Max: 0.1, Diff: 0.1, Sum: 2.1]
      [GC Worker Total (ms): Min: 3.7, Avg: 5.6, Max: 7.6, Diff: 4.0, Sum: 242.0]
      [GC Worker End (ms): Min: 689079019.5, Avg: 689079019.6, Max: 689079019.7, Diff: 0.2]
   [Code Root Fixup: 0.0 ms]
   [Code Root Purge: 0.0 ms]
   [Clear CT: 6.9 ms]
   [Other: 13.4 ms]
      [Choose CSet: 0.0 ms]
      [Ref Proc: 4.9 ms]
      [Ref Enq: 0.0 ms]
      [Redirty Cards: 5.5 ms]
      [Humongous Register: 2.1 ms]
      [Humongous Reclaim: 0.0 ms]
      [Free CSet: 0.2 ms]
   [Eden: 51200.0K(51200.0K)->0.0B(51200.0K) Survivors: 1024.0K->1024.0K Heap: 245.4M(1024.0M)->195.5M(1024.0M)]
 [Times: user=0.31 sys=0.00, real=0.03 secs] 
2023-06-21T16:35:23.151+0000: 692542.777: [GC pause (G1 Evacuation Pause) (young), 0.0315473 secs]
   [Parallel Time: 13.9 ms, GC Workers: 43]
      [GC Worker Start (ms): Min: 692542777.1, Avg: 692542778.5, Max: 692542779.8, Diff: 2.7]
      [Ext Root Scanning (ms): Min: 0.0, Avg: 0.8, Max: 11.2, Diff: 11.2, Sum: 36.4]
      [Update RS (ms): Min: 0.0, Avg: 0.3, Max: 0.9, Diff: 0.9, Sum: 13.8]
         [Processed Buffers: Min: 0, Avg: 2.0, Max: 7, Diff: 7, Sum: 86]
      [Scan RS (ms): Min: 0.0, Avg: 0.0, Max: 0.1, Diff: 0.1, Sum: 0.7]
      [Code Root Scanning (ms): Min: 0.0, Avg: 0.0, Max: 0.0, Diff: 0.0, Sum: 0.0]
      [Object Copy (ms): Min: 0.0, Avg: 3.0, Max: 3.4, Diff: 3.4, Sum: 127.2]
      [Termination (ms): Min: 0.0, Avg: 5.8, Max: 6.3, Diff: 6.3, Sum: 248.0]
         [Termination Attempts: Min: 1, Avg: 10.0, Max: 15, Diff: 14, Sum: 431]
      [GC Worker Other (ms): Min: 0.0, Avg: 0.0, Max: 0.2, Diff: 0.2, Sum: 1.7]
      [GC Worker Total (ms): Min: 8.7, Avg: 10.0, Max: 11.4, Diff: 2.7, Sum: 427.9]
      [GC Worker End (ms): Min: 692542788.4, Avg: 692542788.5, Max: 692542788.6, Diff: 0.2]
   [Code Root Fixup: 0.0 ms]
   [Code Root Purge: 0.0 ms]
   [Clear CT: 5.2 ms]
   [Other: 12.5 ms]
      [Choose CSet: 0.0 ms]
      [Ref Proc: 6.6 ms]
      [Ref Enq: 0.0 ms]
      [Redirty Cards: 5.2 ms]
      [Humongous Register: 0.1 ms]
      [Humongous Reclaim: 0.0 ms]
      [Free CSet: 0.2 ms]
   [Eden: 51200.0K(51200.0K)->0.0B(51200.0K) Survivors: 1024.0K->1024.0K Heap: 245.5M(1024.0M)->195.5M(1024.0M)]
 [Times: user=0.49 sys=0.00, real=0.03 secs] 
2023-06-21T17:33:20.650+0000: 696020.275: [GC pause (G1 Evacuation Pause) (young), 0.0277341 secs]
   [Parallel Time: 9.3 ms, GC Workers: 43]
      [GC Worker Start (ms): Min: 696020277.8, Avg: 696020279.8, Max: 696020281.8, Diff: 4.0]
      [Ext Root Scanning (ms): Min: 0.0, Avg: 0.8, Max: 7.6, Diff: 7.6, Sum: 35.0]
      [Update RS (ms): Min: 0.0, Avg: 0.4, Max: 1.0, Diff: 1.0, Sum: 15.2]
         [Processed Buffers: Min: 0, Avg: 2.0, Max: 7, Diff: 7, Sum: 85]
      [Scan RS (ms): Min: 0.0, Avg: 0.0, Max: 0.0, Diff: 0.0, Sum: 0.5]
      [Code Root Scanning (ms): Min: 0.0, Avg: 0.0, Max: 0.0, Diff: 0.0, Sum: 0.0]
      [Object Copy (ms): Min: 0.0, Avg: 2.3, Max: 2.7, Diff: 2.7, Sum: 99.6]
      [Termination (ms): Min: 0.0, Avg: 2.2, Max: 2.7, Diff: 2.7, Sum: 93.2]
         [Termination Attempts: Min: 1, Avg: 6.4, Max: 11, Diff: 10, Sum: 276]
      [GC Worker Other (ms): Min: 0.0, Avg: 0.1, Max: 0.1, Diff: 0.1, Sum: 2.4]
      [GC Worker Total (ms): Min: 3.8, Avg: 5.7, Max: 7.7, Diff: 3.9, Sum: 246.0]
      [GC Worker End (ms): Min: 696020285.4, Avg: 696020285.5, Max: 696020285.6, Diff: 0.2]
   [Code Root Fixup: 0.0 ms]
   [Code Root Purge: 0.0 ms]
   [Clear CT: 5.2 ms]
   [Other: 13.2 ms]
      [Choose CSet: 0.0 ms]
      [Ref Proc: 5.2 ms]
      [Ref Enq: 0.0 ms]
      [Redirty Cards: 5.0 ms]
      [Humongous Register: 2.1 ms]
      [Humongous Reclaim: 0.0 ms]
      [Free CSet: 0.2 ms]
   [Eden: 51200.0K(51200.0K)->0.0B(51200.0K) Survivors: 1024.0K->1024.0K Heap: 245.5M(1024.0M)->195.6M(1024.0M)]
 [Times: user=0.27 sys=0.03, real=0.02 secs] 
2023-06-21T18:31:12.591+0000: 699492.217: [GC pause (G1 Evacuation Pause) (young), 0.0243096 secs]
   [Parallel Time: 6.4 ms, GC Workers: 43]
      [GC Worker Start (ms): Min: 699492219.3, Avg: 699492221.2, Max: 699492223.1, Diff: 3.8]
      [Ext Root Scanning (ms): Min: 0.0, Avg: 0.7, Max: 4.7, Diff: 4.7, Sum: 28.9]
      [Update RS (ms): Min: 0.0, Avg: 0.3, Max: 0.9, Diff: 0.9, Sum: 13.4]
         [Processed Buffers: Min: 0, Avg: 1.9, Max: 7, Diff: 7, Sum: 80]
      [Scan RS (ms): Min: 0.0, Avg: 0.0, Max: 0.0, Diff: 0.0, Sum: 0.6]
      [Code Root Scanning (ms): Min: 0.0, Avg: 0.0, Max: 0.0, Diff: 0.0, Sum: 0.0]
      [Object Copy (ms): Min: 0.0, Avg: 1.0, Max: 1.4, Diff: 1.4, Sum: 44.7]
      [Termination (ms): Min: 0.0, Avg: 0.8, Max: 1.0, Diff: 1.0, Sum: 33.7]
         [Termination Attempts: Min: 1, Avg: 1.9, Max: 4, Diff: 3, Sum: 82]
      [GC Worker Other (ms): Min: 0.0, Avg: 0.1, Max: 0.2, Diff: 0.2, Sum: 3.0]
      [GC Worker Total (ms): Min: 0.9, Avg: 2.9, Max: 4.7, Diff: 3.8, Sum: 124.4]
      [GC Worker End (ms): Min: 699492224.0, Avg: 699492224.1, Max: 699492224.2, Diff: 0.2]
   [Code Root Fixup: 0.0 ms]
   [Code Root Purge: 0.0 ms]
   [Clear CT: 5.1 ms]
   [Other: 12.8 ms]
      [Choose CSet: 0.0 ms]
      [Ref Proc: 4.5 ms]
      [Ref Enq: 0.0 ms]
      [Redirty Cards: 5.2 ms]
      [Humongous Register: 2.1 ms]
      [Humongous Reclaim: 0.0 ms]
      [Free CSet: 0.2 ms]
   [Eden: 51200.0K(51200.0K)->0.0B(51200.0K) Survivors: 1024.0K->1024.0K Heap: 245.6M(1024.0M)->195.5M(1024.0M)]
 [Times: user=0.18 sys=0.00, real=0.02 secs] 
2023-06-21T19:28:52.591+0000: 702952.217: [GC pause (G1 Evacuation Pause) (young), 0.0258707 secs]
   [Parallel Time: 10.2 ms, GC Workers: 43]
      [GC Worker Start (ms): Min: 702952216.8, Avg: 702952218.1, Max: 702952219.4, Diff: 2.6]
      [Ext Root Scanning (ms): Min: 0.0, Avg: 0.8, Max: 7.3, Diff: 7.3, Sum: 33.8]
      [Update RS (ms): Min: 0.0, Avg: 0.2, Max: 0.6, Diff: 0.6, Sum: 9.4]
         [Processed Buffers: Min: 0, Avg: 1.8, Max: 7, Diff: 7, Sum: 79]
      [Scan RS (ms): Min: 0.0, Avg: 0.0, Max: 0.1, Diff: 0.0, Sum: 0.8]
      [Code Root Scanning (ms): Min: 0.0, Avg: 0.0, Max: 0.0, Diff: 0.0, Sum: 0.0]
      [Object Copy (ms): Min: 0.0, Avg: 2.6, Max: 3.2, Diff: 3.2, Sum: 113.5]
      [Termination (ms): Min: 0.0, Avg: 2.4, Max: 3.0, Diff: 3.0, Sum: 104.6]
         [Termination Attempts: Min: 1, Avg: 8.2, Max: 13, Diff: 12, Sum: 354]
      [GC Worker Other (ms): Min: 0.0, Avg: 0.0, Max: 0.1, Diff: 0.1, Sum: 1.5]
      [GC Worker Total (ms): Min: 4.8, Avg: 6.1, Max: 7.4, Diff: 2.6, Sum: 263.5]
      [GC Worker End (ms): Min: 702952224.2, Avg: 702952224.3, Max: 702952224.4, Diff: 0.2]
   [Code Root Fixup: 0.0 ms]
   [Code Root Purge: 0.0 ms]
   [Clear CT: 5.4 ms]
   [Other: 10.2 ms]
      [Choose CSet: 0.0 ms]
      [Ref Proc: 4.3 ms]
      [Ref Enq: 0.0 ms]
      [Redirty Cards: 5.2 ms]
      [Humongous Register: 0.1 ms]
      [Humongous Reclaim: 0.0 ms]
      [Free CSet: 0.2 ms]
   [Eden: 51200.0K(51200.0K)->0.0B(51200.0K) Survivors: 1024.0K->1024.0K Heap: 245.5M(1024.0M)->195.6M(1024.0M)]
 [Times: user=0.32 sys=0.00, real=0.02 secs] 
2023-06-21T20:26:45.345+0000: 706424.971: [GC pause (G1 Evacuation Pause) (young), 0.0226733 secs]
   [Parallel Time: 6.1 ms, GC Workers: 43]
      [GC Worker Start (ms): Min: 706424973.2, Avg: 706424975.2, Max: 706424977.0, Diff: 3.7]
      [Ext Root Scanning (ms): Min: 0.0, Avg: 0.7, Max: 2.5, Diff: 2.4, Sum: 32.0]
      [Update RS (ms): Min: 0.0, Avg: 0.4, Max: 0.8, Diff: 0.8, Sum: 15.9]
         [Processed Buffers: Min: 0, Avg: 2.0, Max: 8, Diff: 8, Sum: 85]
      [Scan RS (ms): Min: 0.0, Avg: 0.0, Max: 0.1, Diff: 0.1, Sum: 0.5]
      [Code Root Scanning (ms): Min: 0.0, Avg: 0.0, Max: 0.0, Diff: 0.0, Sum: 0.0]
      [Object Copy (ms): Min: 0.6, Avg: 1.2, Max: 1.5, Diff: 0.9, Sum: 52.8]
      [Termination (ms): Min: 0.0, Avg: 0.1, Max: 0.3, Diff: 0.3, Sum: 6.1]
         [Termination Attempts: Min: 1, Avg: 1.4, Max: 3, Diff: 2, Sum: 60]
      [GC Worker Other (ms): Min: 0.0, Avg: 0.1, Max: 0.3, Diff: 0.3, Sum: 5.8]
      [GC Worker Total (ms): Min: 0.8, Avg: 2.6, Max: 4.6, Diff: 3.8, Sum: 113.1]
      [GC Worker End (ms): Min: 706424977.8, Avg: 706424977.8, Max: 706424978.0, Diff: 0.3]
   [Code Root Fixup: 0.0 ms]
   [Code Root Purge: 0.0 ms]
   [Clear CT: 4.8 ms]
   [Other: 11.8 ms]
      [Choose CSet: 0.0 ms]
      [Ref Proc: 3.4 ms]
      [Ref Enq: 0.0 ms]
      [Redirty Cards: 4.9 ms]
      [Humongous Register: 2.0 ms]
      [Humongous Reclaim: 0.0 ms]
      [Free CSet: 0.3 ms]
   [Eden: 51200.0K(51200.0K)->0.0B(51200.0K) Survivors: 1024.0K->1024.0K Heap: 245.6M(1024.0M)->195.6M(1024.0M)]
 [Times: user=0.11 sys=0.06, real=0.02 secs] 
2023-06-21T21:24:37.591+0000: 709897.217: [GC pause (G1 Evacuation Pause) (young), 0.0288207 secs]
   [Parallel Time: 10.5 ms, GC Workers: 43]
      [GC Worker Start (ms): Min: 709897219.4, Avg: 709897221.4, Max: 709897223.3, Diff: 3.9]
      [Ext Root Scanning (ms): Min: 0.0, Avg: 1.0, Max: 7.8, Diff: 7.8, Sum: 43.9]
      [Update RS (ms): Min: 0.0, Avg: 0.5, Max: 1.3, Diff: 1.3, Sum: 22.7]
         [Processed Buffers: Min: 0, Avg: 2.0, Max: 11, Diff: 11, Sum: 85]
      [Scan RS (ms): Min: 0.0, Avg: 0.0, Max: 0.1, Diff: 0.0, Sum: 0.5]
      [Code Root Scanning (ms): Min: 0.0, Avg: 0.0, Max: 0.0, Diff: 0.0, Sum: 0.0]
      [Object Copy (ms): Min: 0.0, Avg: 2.4, Max: 2.8, Diff: 2.8, Sum: 104.1]
      [Termination (ms): Min: 0.0, Avg: 1.8, Max: 2.3, Diff: 2.3, Sum: 78.4]
         [Termination Attempts: Min: 1, Avg: 6.7, Max: 10, Diff: 9, Sum: 287]
      [GC Worker Other (ms): Min: 0.0, Avg: 0.1, Max: 0.3, Diff: 0.3, Sum: 3.5]
      [GC Worker Total (ms): Min: 4.1, Avg: 5.9, Max: 7.8, Diff: 3.7, Sum: 253.2]
      [GC Worker End (ms): Min: 709897227.3, Avg: 709897227.3, Max: 709897227.4, Diff: 0.2]
   [Code Root Fixup: 0.0 ms]
   [Code Root Purge: 0.0 ms]
   [Clear CT: 5.2 ms]
   [Other: 13.0 ms]
      [Choose CSet: 0.0 ms]
      [Ref Proc: 4.8 ms]
      [Ref Enq: 0.0 ms]
      [Redirty Cards: 5.3 ms]
      [Humongous Register: 2.1 ms]
      [Humongous Reclaim: 0.0 ms]
      [Free CSet: 0.2 ms]
   [Eden: 51200.0K(51200.0K)->0.0B(51200.0K) Survivors: 1024.0K->1024.0K Heap: 245.6M(1024.0M)->195.5M(1024.0M)]
 [Times: user=0.30 sys=0.00, real=0.02 secs] 
2023-06-21T22:22:27.063+0000: 713366.689: [GC pause (G1 Evacuation Pause) (young), 0.0224859 secs]
   [Parallel Time: 5.6 ms, GC Workers: 43]
      [GC Worker Start (ms): Min: 713366689.3, Avg: 713366690.7, Max: 713366691.9, Diff: 2.6]
      [Ext Root Scanning (ms): Min: 0.0, Avg: 0.6, Max: 1.8, Diff: 1.8, Sum: 24.5]
      [Update RS (ms): Min: 0.0, Avg: 0.3, Max: 0.8, Diff: 0.8, Sum: 13.7]
         [Processed Buffers: Min: 0, Avg: 2.0, Max: 8, Diff: 8, Sum: 86]
      [Scan RS (ms): Min: 0.0, Avg: 0.0, Max: 0.1, Diff: 0.0, Sum: 0.6]
      [Code Root Scanning (ms): Min: 0.0, Avg: 0.0, Max: 0.0, Diff: 0.0, Sum: 0.0]
      [Object Copy (ms): Min: 1.0, Avg: 1.3, Max: 1.5, Diff: 0.6, Sum: 57.8]
      [Termination (ms): Min: 0.0, Avg: 0.2, Max: 0.4, Diff: 0.4, Sum: 8.1]
         [Termination Attempts: Min: 1, Avg: 2.2, Max: 3, Diff: 2, Sum: 93]
      [GC Worker Other (ms): Min: 0.0, Avg: 0.1, Max: 0.4, Diff: 0.3, Sum: 5.4]
      [GC Worker Total (ms): Min: 1.4, Avg: 2.6, Max: 3.8, Diff: 2.5, Sum: 110.2]
      [GC Worker End (ms): Min: 713366693.2, Avg: 713366693.3, Max: 713366693.5, Diff: 0.3]
   [Code Root Fixup: 0.0 ms]
   [Code Root Purge: 0.0 ms]
   [Clear CT: 5.6 ms]
   [Other: 11.2 ms]
      [Choose CSet: 0.0 ms]
      [Ref Proc: 5.0 ms]
      [Ref Enq: 0.0 ms]
      [Redirty Cards: 5.5 ms]
      [Humongous Register: 0.1 ms]
      [Humongous Reclaim: 0.0 ms]
      [Free CSet: 0.1 ms]
   [Eden: 51200.0K(51200.0K)->0.0B(51200.0K) Survivors: 1024.0K->1024.0K Heap: 245.5M(1024.0M)->195.5M(1024.0M)]
 [Times: user=0.14 sys=0.03, real=0.02 secs] 
2023-06-21T23:20:29.500+0000: 716849.125: [GC pause (G1 Evacuation Pause) (young), 0.0269020 secs]
   [Parallel Time: 9.7 ms, GC Workers: 43]
      [GC Worker Start (ms): Min: 716849127.9, Avg: 716849129.9, Max: 716849131.7, Diff: 3.8]
      [Ext Root Scanning (ms): Min: 0.0, Avg: 1.1, Max: 8.2, Diff: 8.2, Sum: 48.6]
      [Update RS (ms): Min: 0.0, Avg: 0.3, Max: 0.8, Diff: 0.8, Sum: 14.7]
         [Processed Buffers: Min: 0, Avg: 2.0, Max: 7, Diff: 7, Sum: 85]
      [Scan RS (ms): Min: 0.0, Avg: 0.0, Max: 0.0, Diff: 0.0, Sum: 0.6]
      [Code Root Scanning (ms): Min: 0.0, Avg: 0.0, Max: 0.0, Diff: 0.0, Sum: 0.0]
      [Object Copy (ms): Min: 0.0, Avg: 2.0, Max: 2.3, Diff: 2.3, Sum: 87.4]
      [Termination (ms): Min: 0.0, Avg: 2.8, Max: 3.0, Diff: 3.0, Sum: 119.0]
         [Termination Attempts: Min: 1, Avg: 5.1, Max: 7, Diff: 6, Sum: 221]
      [GC Worker Other (ms): Min: 0.0, Avg: 0.1, Max: 0.2, Diff: 0.2, Sum: 2.5]
      [GC Worker Total (ms): Min: 4.6, Avg: 6.3, Max: 8.3, Diff: 3.7, Sum: 272.9]
      [GC Worker End (ms): Min: 716849136.2, Avg: 716849136.3, Max: 716849136.3, Diff: 0.1]
   [Code Root Fixup: 0.0 ms]
   [Code Root Purge: 0.0 ms]
   [Clear CT: 5.2 ms]
   [Other: 12.0 ms]
      [Choose CSet: 0.0 ms]
      [Ref Proc: 3.8 ms]
      [Ref Enq: 0.0 ms]
      [Redirty Cards: 5.1 ms]
      [Humongous Register: 2.1 ms]
      [Humongous Reclaim: 0.0 ms]
      [Free CSet: 0.2 ms]
   [Eden: 51200.0K(51200.0K)->0.0B(51200.0K) Survivors: 1024.0K->1024.0K Heap: 245.5M(1024.0M)->195.6M(1024.0M)]
 [Times: user=0.26 sys=0.07, real=0.03 secs] 
2023-06-22T00:18:22.591+0000: 720322.216: [GC pause (G1 Evacuation Pause) (young), 0.0248826 secs]
   [Parallel Time: 8.1 ms, GC Workers: 43]
      [GC Worker Start (ms): Min: 720322218.9, Avg: 720322220.9, Max: 720322222.7, Diff: 3.9]
      [Ext Root Scanning (ms): Min: 0.0, Avg: 1.2, Max: 7.2, Diff: 7.1, Sum: 51.7]
      [Update RS (ms): Min: 0.0, Avg: 0.5, Max: 1.2, Diff: 1.2, Sum: 21.9]
         [Processed Buffers: Min: 0, Avg: 1.9, Max: 6, Diff: 6, Sum: 83]
      [Scan RS (ms): Min: 0.0, Avg: 0.0, Max: 0.1, Diff: 0.1, Sum: 0.5]
      [Code Root Scanning (ms): Min: 0.0, Avg: 0.0, Max: 0.1, Diff: 0.1, Sum: 0.1]
      [Object Copy (ms): Min: 0.0, Avg: 2.2, Max: 2.5, Diff: 2.5, Sum: 96.4]
      [Termination (ms): Min: 0.0, Avg: 1.3, Max: 1.6, Diff: 1.6, Sum: 55.2]
         [Termination Attempts: Min: 1, Avg: 7.9, Max: 12, Diff: 11, Sum: 340]
      [GC Worker Other (ms): Min: 0.0, Avg: 0.1, Max: 0.2, Diff: 0.1, Sum: 2.5]
      [GC Worker Total (ms): Min: 3.5, Avg: 5.3, Max: 7.2, Diff: 3.7, Sum: 228.3]
      [GC Worker End (ms): Min: 720322226.1, Avg: 720322226.2, Max: 720322226.3, Diff: 0.2]
   [Code Root Fixup: 0.0 ms]
   [Code Root Purge: 0.0 ms]
   [Clear CT: 4.7 ms]
   [Other: 12.2 ms]
      [Choose CSet: 0.0 ms]
      [Ref Proc: 4.5 ms]
      [Ref Enq: 0.0 ms]
      [Redirty Cards: 4.7 ms]
      [Humongous Register: 2.0 ms]
      [Humongous Reclaim: 0.0 ms]
      [Free CSet: 0.2 ms]
   [Eden: 51200.0K(51200.0K)->0.0B(51200.0K) Survivors: 1024.0K->1024.0K Heap: 245.6M(1024.0M)->195.5M(1024.0M)]
 [Times: user=0.18 sys=0.10, real=0.02 secs] 
2023-06-22T01:16:27.591+0000: 723807.216: [GC pause (G1 Evacuation Pause) (young), 0.0289707 secs]
   [Parallel Time: 9.1 ms, GC Workers: 43]
      [GC Worker Start (ms): Min: 723807219.0, Avg: 723807221.1, Max: 723807222.9, Diff: 3.9]
      [Ext Root Scanning (ms): Min: 0.0, Avg: 1.2, Max: 7.3, Diff: 7.3, Sum: 49.5]
      [Update RS (ms): Min: 0.0, Avg: 0.6, Max: 1.6, Diff: 1.6, Sum: 25.0]
         [Processed Buffers: Min: 0, Avg: 2.0, Max: 7, Diff: 7, Sum: 85]
      [Scan RS (ms): Min: 0.0, Avg: 0.0, Max: 0.1, Diff: 0.0, Sum: 0.6]
      [Code Root Scanning (ms): Min: 0.0, Avg: 0.0, Max: 0.1, Diff: 0.1, Sum: 0.1]
      [Object Copy (ms): Min: 0.0, Avg: 1.9, Max: 2.2, Diff: 2.2, Sum: 81.4]
      [Termination (ms): Min: 0.0, Avg: 1.6, Max: 1.9, Diff: 1.9, Sum: 68.8]
         [Termination Attempts: Min: 1, Avg: 5.7, Max: 9, Diff: 8, Sum: 247]
      [GC Worker Other (ms): Min: 0.0, Avg: 0.1, Max: 0.2, Diff: 0.2, Sum: 3.2]
      [GC Worker Total (ms): Min: 3.5, Avg: 5.3, Max: 7.4, Diff: 3.9, Sum: 228.6]
      [GC Worker End (ms): Min: 723807226.4, Avg: 723807226.4, Max: 723807226.6, Diff: 0.2]
   [Code Root Fixup: 0.0 ms]
   [Code Root Purge: 0.0 ms]
   [Clear CT: 5.4 ms]
   [Other: 14.4 ms]
      [Choose CSet: 0.0 ms]
      [Ref Proc: 5.9 ms]
      [Ref Enq: 0.0 ms]
      [Redirty Cards: 5.4 ms]
      [Humongous Register: 2.1 ms]
      [Humongous Reclaim: 0.0 ms]
      [Free CSet: 0.2 ms]
   [Eden: 51200.0K(51200.0K)->0.0B(51200.0K) Survivors: 1024.0K->1024.0K Heap: 245.5M(1024.0M)->195.6M(1024.0M)]
 [Times: user=0.15 sys=0.13, real=0.02 secs] 
2023-06-22T02:14:17.591+0000: 727277.217: [GC pause (G1 Evacuation Pause) (young), 0.0377131 secs]
   [Parallel Time: 20.2 ms, GC Workers: 43]
      [GC Worker Start (ms): Min: 727277219.5, Avg: 727277221.6, Max: 727277223.5, Diff: 3.9]
      [Ext Root Scanning (ms): Min: 0.0, Avg: 1.4, Max: 15.7, Diff: 15.7, Sum: 61.2]
      [Update RS (ms): Min: 0.0, Avg: 0.5, Max: 2.9, Diff: 2.9, Sum: 21.8]
         [Processed Buffers: Min: 0, Avg: 2.0, Max: 8, Diff: 8, Sum: 85]
      [Scan RS (ms): Min: 0.0, Avg: 0.0, Max: 0.0, Diff: 0.0, Sum: 0.5]
      [Code Root Scanning (ms): Min: 0.0, Avg: 0.0, Max: 0.1, Diff: 0.1, Sum: 0.2]
      [Object Copy (ms): Min: 0.0, Avg: 1.6, Max: 2.1, Diff: 2.0, Sum: 70.0]
      [Termination (ms): Min: 0.0, Avg: 10.1, Max: 10.8, Diff: 10.8, Sum: 434.4]
         [Termination Attempts: Min: 1, Avg: 3.7, Max: 7, Diff: 6, Sum: 157]
      [GC Worker Other (ms): Min: 0.0, Avg: 0.2, Max: 2.9, Diff: 2.9, Sum: 6.9]
      [GC Worker Total (ms): Min: 12.0, Avg: 13.8, Max: 15.9, Diff: 3.8, Sum: 595.0]
      [GC Worker End (ms): Min: 727277235.3, Avg: 727277235.4, Max: 727277235.5, Diff: 0.2]
   [Code Root Fixup: 0.0 ms]
   [Code Root Purge: 0.0 ms]
   [Clear CT: 4.9 ms]
   [Other: 12.5 ms]
      [Choose CSet: 0.0 ms]
      [Ref Proc: 4.7 ms]
      [Ref Enq: 0.0 ms]
      [Redirty Cards: 4.8 ms]
      [Humongous Register: 2.1 ms]
      [Humongous Reclaim: 0.0 ms]
      [Free CSet: 0.2 ms]
   [Eden: 51200.0K(51200.0K)->0.0B(51200.0K) Survivors: 1024.0K->1024.0K Heap: 245.6M(1024.0M)->195.6M(1024.0M)]
 [Times: user=0.63 sys=0.01, real=0.04 secs] 
2023-06-22T03:12:15.737+0000: 730755.363: [GC pause (G1 Evacuation Pause) (young), 0.0282625 secs]
   [Parallel Time: 9.4 ms, GC Workers: 43]
      [GC Worker Start (ms): Min: 730755365.7, Avg: 730755368.1, Max: 730755373.3, Diff: 7.6]
      [Ext Root Scanning (ms): Min: 0.0, Avg: 1.1, Max: 8.0, Diff: 7.9, Sum: 47.2]
      [Update RS (ms): Min: 0.0, Avg: 0.4, Max: 0.8, Diff: 0.8, Sum: 18.4]
         [Processed Buffers: Min: 0, Avg: 1.9, Max: 6, Diff: 6, Sum: 83]
      [Scan RS (ms): Min: 0.0, Avg: 0.0, Max: 0.0, Diff: 0.0, Sum: 0.5]
      [Code Root Scanning (ms): Min: 0.0, Avg: 0.0, Max: 0.1, Diff: 0.1, Sum: 0.1]
      [Object Copy (ms): Min: 0.0, Avg: 1.9, Max: 2.3, Diff: 2.3, Sum: 83.5]
      [Termination (ms): Min: 0.0, Avg: 2.2, Max: 2.7, Diff: 2.7, Sum: 96.1]
         [Termination Attempts: Min: 1, Avg: 5.7, Max: 10, Diff: 9, Sum: 247]
      [GC Worker Other (ms): Min: 0.0, Avg: 0.0, Max: 0.1, Diff: 0.1, Sum: 1.9]
      [GC Worker Total (ms): Min: 0.5, Avg: 5.8, Max: 8.1, Diff: 7.6, Sum: 247.7]
      [GC Worker End (ms): Min: 730755373.7, Avg: 730755373.8, Max: 730755374.0, Diff: 0.2]
   [Code Root Fixup: 0.0 ms]
   [Code Root Purge: 0.0 ms]
   [Clear CT: 4.6 ms]
   [Other: 14.2 ms]
      [Choose CSet: 0.0 ms]
      [Ref Proc: 5.6 ms]
      [Ref Enq: 0.0 ms]
      [Redirty Cards: 5.2 ms]
      [Humongous Register: 2.0 ms]
      [Humongous Reclaim: 0.0 ms]
      [Free CSet: 0.4 ms]
   [Eden: 51200.0K(51200.0K)->0.0B(51200.0K) Survivors: 1024.0K->1024.0K Heap: 245.6M(1024.0M)->195.5M(1024.0M)]
 [Times: user=0.27 sys=0.07, real=0.03 secs] 
2023-06-22T04:09:57.591+0000: 734217.217: [GC pause (G1 Evacuation Pause) (young), 0.0258711 secs]
   [Parallel Time: 9.2 ms, GC Workers: 43]
      [GC Worker Start (ms): Min: 734217219.4, Avg: 734217221.6, Max: 734217226.8, Diff: 7.3]
      [Ext Root Scanning (ms): Min: 0.0, Avg: 0.9, Max: 7.8, Diff: 7.8, Sum: 38.1]
      [Update RS (ms): Min: 0.0, Avg: 0.4, Max: 1.1, Diff: 1.1, Sum: 17.5]
         [Processed Buffers: Min: 0, Avg: 2.0, Max: 7, Diff: 7, Sum: 84]
      [Scan RS (ms): Min: 0.0, Avg: 0.0, Max: 0.1, Diff: 0.1, Sum: 0.6]
      [Code Root Scanning (ms): Min: 0.0, Avg: 0.0, Max: 0.1, Diff: 0.1, Sum: 0.1]
      [Object Copy (ms): Min: 0.0, Avg: 2.3, Max: 2.7, Diff: 2.7, Sum: 97.3]
      [Termination (ms): Min: 0.0, Avg: 2.2, Max: 2.8, Diff: 2.8, Sum: 93.9]
         [Termination Attempts: Min: 1, Avg: 6.2, Max: 10, Diff: 9, Sum: 268]
      [GC Worker Other (ms): Min: 0.0, Avg: 0.0, Max: 0.2, Diff: 0.2, Sum: 2.0]
      [GC Worker Total (ms): Min: 0.5, Avg: 5.8, Max: 7.9, Diff: 7.4, Sum: 249.5]
      [GC Worker End (ms): Min: 734217227.3, Avg: 734217227.4, Max: 734217227.5, Diff: 0.2]
   [Code Root Fixup: 0.0 ms]
   [Code Root Purge: 0.0 ms]
   [Clear CT: 4.5 ms]
   [Other: 12.1 ms]
      [Choose CSet: 0.0 ms]
      [Ref Proc: 4.1 ms]
      [Ref Enq: 0.0 ms]
      [Redirty Cards: 5.0 ms]
      [Humongous Register: 2.1 ms]
      [Humongous Reclaim: 0.0 ms]
      [Free CSet: 0.2 ms]
   [Eden: 51200.0K(51200.0K)->0.0B(51200.0K) Survivors: 1024.0K->1024.0K Heap: 245.5M(1024.0M)->195.6M(1024.0M)]
 [Times: user=0.33 sys=0.00, real=0.02 secs] 
2023-06-22T05:08:09.442+0000: 737709.068: [GC pause (G1 Evacuation Pause) (young), 0.0269815 secs]
   [Parallel Time: 10.2 ms, GC Workers: 43]
      [GC Worker Start (ms): Min: 737709070.4, Avg: 737709072.6, Max: 737709074.8, Diff: 4.4]
      [Ext Root Scanning (ms): Min: 0.0, Avg: 0.8, Max: 7.7, Diff: 7.7, Sum: 36.0]
      [Update RS (ms): Min: 0.0, Avg: 0.4, Max: 1.0, Diff: 1.0, Sum: 16.0]
         [Processed Buffers: Min: 0, Avg: 1.9, Max: 6, Diff: 6, Sum: 83]
      [Scan RS (ms): Min: 0.0, Avg: 0.0, Max: 0.0, Diff: 0.0, Sum: 0.5]
      [Code Root Scanning (ms): Min: 0.0, Avg: 0.0, Max: 0.1, Diff: 0.1, Sum: 0.1]
      [Object Copy (ms): Min: 0.0, Avg: 1.9, Max: 2.2, Diff: 2.2, Sum: 79.7]
      [Termination (ms): Min: 0.0, Avg: 2.5, Max: 2.8, Diff: 2.8, Sum: 106.4]
         [Termination Attempts: Min: 1, Avg: 4.5, Max: 7, Diff: 6, Sum: 195]
      [GC Worker Other (ms): Min: 0.0, Avg: 0.1, Max: 0.1, Diff: 0.1, Sum: 2.5]
      [GC Worker Total (ms): Min: 3.5, Avg: 5.6, Max: 7.8, Diff: 4.3, Sum: 241.2]
      [GC Worker End (ms): Min: 737709078.2, Avg: 737709078.2, Max: 737709078.4, Diff: 0.2]
   [Code Root Fixup: 0.0 ms]
   [Code Root Purge: 0.0 ms]
   [Clear CT: 5.1 ms]
   [Other: 11.7 ms]
      [Choose CSet: 0.0 ms]
      [Ref Proc: 3.7 ms]
      [Ref Enq: 0.0 ms]
      [Redirty Cards: 4.9 ms]
      [Humongous Register: 2.0 ms]
      [Humongous Reclaim: 0.0 ms]
      [Free CSet: 0.2 ms]
   [Eden: 51200.0K(51200.0K)->0.0B(51200.0K) Survivors: 1024.0K->1024.0K Heap: 245.6M(1024.0M)->195.6M(1024.0M)]
 [Times: user=0.29 sys=0.00, real=0.03 secs] 
2023-06-22T06:06:02.591+0000: 741182.217: [GC pause (G1 Evacuation Pause) (young), 0.0330927 secs]
   [Parallel Time: 17.8 ms, GC Workers: 43]
      [GC Worker Start (ms): Min: 741182217.2, Avg: 741182218.8, Max: 741182220.2, Diff: 3.0]
      [Ext Root Scanning (ms): Min: 0.0, Avg: 1.3, Max: 15.3, Diff: 15.3, Sum: 55.0]
      [Update RS (ms): Min: 0.0, Avg: 0.4, Max: 0.6, Diff: 0.6, Sum: 18.8]
         [Processed Buffers: Min: 0, Avg: 1.8, Max: 6, Diff: 6, Sum: 78]
      [Scan RS (ms): Min: 0.0, Avg: 0.0, Max: 0.1, Diff: 0.0, Sum: 0.7]
      [Code Root Scanning (ms): Min: 0.0, Avg: 0.0, Max: 0.1, Diff: 0.1, Sum: 0.1]
      [Object Copy (ms): Min: 0.0, Avg: 2.4, Max: 2.6, Diff: 2.6, Sum: 101.8]
      [Termination (ms): Min: 0.0, Avg: 9.8, Max: 10.1, Diff: 10.1, Sum: 419.6]
         [Termination Attempts: Min: 1, Avg: 6.5, Max: 11, Diff: 10, Sum: 281]
      [GC Worker Other (ms): Min: 0.0, Avg: 0.1, Max: 0.2, Diff: 0.2, Sum: 2.3]
      [GC Worker Total (ms): Min: 12.5, Avg: 13.9, Max: 15.4, Diff: 2.9, Sum: 598.3]
      [GC Worker End (ms): Min: 741182232.6, Avg: 741182232.7, Max: 741182232.8, Diff: 0.2]
   [Code Root Fixup: 0.0 ms]
   [Code Root Purge: 0.0 ms]
   [Clear CT: 5.2 ms]
   [Other: 10.1 ms]
      [Choose CSet: 0.0 ms]
      [Ref Proc: 3.7 ms]
      [Ref Enq: 0.0 ms]
      [Redirty Cards: 5.2 ms]
      [Humongous Register: 0.3 ms]
      [Humongous Reclaim: 0.0 ms]
      [Free CSet: 0.4 ms]
   [Eden: 51200.0K(51200.0K)->0.0B(51200.0K) Survivors: 1024.0K->1024.0K Heap: 245.6M(1024.0M)->195.7M(1024.0M)]
 [Times: user=0.65 sys=0.00, real=0.03 secs] 
2023-06-22T07:03:58.626+0000: 744658.252: [GC pause (G1 Evacuation Pause) (young), 0.0242262 secs]
   [Parallel Time: 7.3 ms, GC Workers: 43]
      [GC Worker Start (ms): Min: 744658253.9, Avg: 744658255.9, Max: 744658257.6, Diff: 3.7]
      [Ext Root Scanning (ms): Min: 0.0, Avg: 0.6, Max: 5.1, Diff: 5.1, Sum: 24.9]
      [Update RS (ms): Min: 0.0, Avg: 0.3, Max: 0.7, Diff: 0.7, Sum: 11.8]
         [Processed Buffers: Min: 0, Avg: 2.0, Max: 8, Diff: 8, Sum: 87]
      [Scan RS (ms): Min: 0.0, Avg: 0.0, Max: 0.1, Diff: 0.1, Sum: 0.8]
      [Code Root Scanning (ms): Min: 0.0, Avg: 0.0, Max: 0.1, Diff: 0.1, Sum: 0.1]
      [Object Copy (ms): Min: 0.4, Avg: 2.4, Max: 3.1, Diff: 2.7, Sum: 103.0]
      [Termination (ms): Min: 0.2, Avg: 0.6, Max: 1.3, Diff: 1.1, Sum: 25.1]
         [Termination Attempts: Min: 3, Avg: 13.0, Max: 18, Diff: 15, Sum: 561]
      [GC Worker Other (ms): Min: 0.0, Avg: 0.1, Max: 0.3, Diff: 0.3, Sum: 5.6]
      [GC Worker Total (ms): Min: 2.4, Avg: 4.0, Max: 6.1, Diff: 3.7, Sum: 171.2]
      [GC Worker End (ms): Min: 744658259.8, Avg: 744658259.9, Max: 744658260.1, Diff: 0.3]
   [Code Root Fixup: 0.0 ms]
   [Code Root Purge: 0.0 ms]
   [Clear CT: 4.9 ms]
   [Other: 12.1 ms]
      [Choose CSet: 0.0 ms]
      [Ref Proc: 4.5 ms]
      [Ref Enq: 0.0 ms]
      [Redirty Cards: 4.8 ms]
      [Humongous Register: 1.8 ms]
      [Humongous Reclaim: 0.0 ms]
      [Free CSet: 0.1 ms]
   [Eden: 51200.0K(51200.0K)->0.0B(51200.0K) Survivors: 1024.0K->1024.0K Heap: 245.7M(1024.0M)->195.6M(1024.0M)]
 [Times: user=0.22 sys=0.00, real=0.03 secs] 
2023-06-22T08:02:01.611+0000: 748141.236: [GC pause (G1 Evacuation Pause) (young), 0.0301675 secs]
   [Parallel Time: 10.9 ms, GC Workers: 43]
      [GC Worker Start (ms): Min: 748141238.9, Avg: 748141241.0, Max: 748141244.4, Diff: 5.4]
      [Ext Root Scanning (ms): Min: 0.0, Avg: 0.9, Max: 6.9, Diff: 6.8, Sum: 38.4]
      [Update RS (ms): Min: 0.0, Avg: 0.2, Max: 0.7, Diff: 0.7, Sum: 10.6]
         [Processed Buffers: Min: 0, Avg: 1.6, Max: 6, Diff: 6, Sum: 70]
      [Scan RS (ms): Min: 0.0, Avg: 0.0, Max: 0.0, Diff: 0.0, Sum: 0.6]
      [Code Root Scanning (ms): Min: 0.0, Avg: 0.0, Max: 0.1, Diff: 0.1, Sum: 0.1]
      [Object Copy (ms): Min: 0.0, Avg: 1.3, Max: 1.5, Diff: 1.5, Sum: 54.7]
      [Termination (ms): Min: 0.0, Avg: 2.5, Max: 2.8, Diff: 2.8, Sum: 106.4]
         [Termination Attempts: Min: 1, Avg: 4.6, Max: 9, Diff: 8, Sum: 199]
      [GC Worker Other (ms): Min: 0.0, Avg: 0.1, Max: 0.2, Diff: 0.1, Sum: 2.2]
      [GC Worker Total (ms): Min: 1.5, Avg: 5.0, Max: 6.9, Diff: 5.4, Sum: 212.9]
      [GC Worker End (ms): Min: 748141245.9, Avg: 748141245.9, Max: 748141246.1, Diff: 0.2]
   [Code Root Fixup: 0.0 ms]
   [Code Root Purge: 0.0 ms]
   [Clear CT: 5.3 ms]
   [Other: 14.0 ms]
      [Choose CSet: 0.0 ms]
      [Ref Proc: 5.6 ms]
      [Ref Enq: 0.0 ms]
      [Redirty Cards: 5.4 ms]
      [Humongous Register: 2.0 ms]
      [Humongous Reclaim: 0.0 ms]
      [Free CSet: 0.2 ms]
   [Eden: 51200.0K(51200.0K)->0.0B(51200.0K) Survivors: 1024.0K->1024.0K Heap: 245.6M(1024.0M)->195.6M(1024.0M)]
 [Times: user=0.29 sys=0.00, real=0.03 secs] 
2023-06-22T08:59:52.591+0000: 751612.216: [GC pause (G1 Evacuation Pause) (young), 0.0208398 secs]
   [Parallel Time: 6.5 ms, GC Workers: 43]
      [GC Worker Start (ms): Min: 751612216.6, Avg: 751612218.2, Max: 751612222.4, Diff: 5.8]
      [Ext Root Scanning (ms): Min: 0.0, Avg: 0.5, Max: 2.0, Diff: 2.0, Sum: 22.9]
      [Update RS (ms): Min: 0.0, Avg: 0.1, Max: 0.5, Diff: 0.5, Sum: 5.9]
         [Processed Buffers: Min: 0, Avg: 1.6, Max: 6, Diff: 6, Sum: 70]
      [Scan RS (ms): Min: 0.0, Avg: 0.0, Max: 0.1, Diff: 0.0, Sum: 0.6]
      [Code Root Scanning (ms): Min: 0.0, Avg: 0.0, Max: 0.0, Diff: 0.0, Sum: 0.1]
      [Object Copy (ms): Min: 0.0, Avg: 2.3, Max: 2.8, Diff: 2.8, Sum: 99.9]
      [Termination (ms): Min: 0.0, Avg: 1.3, Max: 1.7, Diff: 1.7, Sum: 54.9]
         [Termination Attempts: Min: 1, Avg: 12.0, Max: 16, Diff: 15, Sum: 516]
      [GC Worker Other (ms): Min: 0.0, Avg: 0.0, Max: 0.1, Diff: 0.1, Sum: 1.2]
      [GC Worker Total (ms): Min: 0.1, Avg: 4.3, Max: 5.8, Diff: 5.8, Sum: 185.4]
      [GC Worker End (ms): Min: 751612222.4, Avg: 751612222.5, Max: 751612222.6, Diff: 0.1]
   [Code Root Fixup: 0.0 ms]
   [Code Root Purge: 0.0 ms]
   [Clear CT: 4.4 ms]
   [Other: 9.9 ms]
      [Choose CSet: 0.0 ms]
      [Ref Proc: 4.9 ms]
      [Ref Enq: 0.0 ms]
      [Redirty Cards: 4.5 ms]
      [Humongous Register: 0.1 ms]
      [Humongous Reclaim: 0.0 ms]
      [Free CSet: 0.1 ms]
   [Eden: 51200.0K(51200.0K)->0.0B(51200.0K) Survivors: 1024.0K->1024.0K Heap: 245.6M(1024.0M)->195.6M(1024.0M)]
 [Times: user=0.23 sys=0.00, real=0.02 secs] 
2023-06-22T09:57:47.591+0000: 755087.217: [GC pause (G1 Evacuation Pause) (young), 0.0266009 secs]
   [Parallel Time: 9.1 ms, GC Workers: 43]
      [GC Worker Start (ms): Min: 755087219.4, Avg: 755087221.3, Max: 755087223.4, Diff: 3.9]
      [Ext Root Scanning (ms): Min: 0.0, Avg: 0.8, Max: 6.7, Diff: 6.7, Sum: 33.1]
      [Update RS (ms): Min: 0.0, Avg: 0.2, Max: 0.6, Diff: 0.6, Sum: 7.6]
         [Processed Buffers: Min: 0, Avg: 1.4, Max: 6, Diff: 6, Sum: 62]
      [Scan RS (ms): Min: 0.0, Avg: 0.0, Max: 0.0, Diff: 0.0, Sum: 0.5]
      [Code Root Scanning (ms): Min: 0.0, Avg: 0.0, Max: 0.1, Diff: 0.1, Sum: 0.1]
      [Object Copy (ms): Min: 0.0, Avg: 1.4, Max: 1.8, Diff: 1.8, Sum: 62.0]
      [Termination (ms): Min: 0.0, Avg: 2.5, Max: 2.8, Diff: 2.8, Sum: 109.0]
         [Termination Attempts: Min: 1, Avg: 5.5, Max: 10, Diff: 9, Sum: 237]
      [GC Worker Other (ms): Min: 0.0, Avg: 0.0, Max: 0.1, Diff: 0.1, Sum: 1.9]
      [GC Worker Total (ms): Min: 2.9, Avg: 5.0, Max: 6.8, Diff: 3.8, Sum: 214.2]
      [GC Worker End (ms): Min: 755087226.2, Avg: 755087226.3, Max: 755087226.4, Diff: 0.2]
   [Code Root Fixup: 0.0 ms]
   [Code Root Purge: 0.0 ms]
   [Clear CT: 5.0 ms]
   [Other: 12.5 ms]
      [Choose CSet: 0.0 ms]
      [Ref Proc: 4.6 ms]
      [Ref Enq: 0.0 ms]
      [Redirty Cards: 5.0 ms]
      [Humongous Register: 2.1 ms]
      [Humongous Reclaim: 0.0 ms]
      [Free CSet: 0.2 ms]
   [Eden: 51200.0K(51200.0K)->0.0B(51200.0K) Survivors: 1024.0K->1024.0K Heap: 245.6M(1024.0M)->195.6M(1024.0M)]
 [Times: user=0.27 sys=0.00, real=0.02 secs] 
2023-06-22T10:55:31.544+0000: 758551.170: [GC pause (G1 Evacuation Pause) (young), 0.0304678 secs]
   [Parallel Time: 14.4 ms, GC Workers: 43]
      [GC Worker Start (ms): Min: 758551170.3, Avg: 758551171.7, Max: 758551172.9, Diff: 2.6]
      [Ext Root Scanning (ms): Min: 0.0, Avg: 0.9, Max: 12.0, Diff: 12.0, Sum: 38.5]
      [Update RS (ms): Min: 0.0, Avg: 0.2, Max: 0.5, Diff: 0.5, Sum: 8.0]
         [Processed Buffers: Min: 0, Avg: 1.4, Max: 5, Diff: 5, Sum: 61]
      [Scan RS (ms): Min: 0.0, Avg: 0.0, Max: 0.0, Diff: 0.0, Sum: 0.5]
      [Code Root Scanning (ms): Min: 0.0, Avg: 0.0, Max: 0.1, Diff: 0.1, Sum: 0.1]
      [Object Copy (ms): Min: 0.0, Avg: 2.2, Max: 2.6, Diff: 2.5, Sum: 96.1]
      [Termination (ms): Min: 0.0, Avg: 7.3, Max: 7.8, Diff: 7.8, Sum: 315.2]
         [Termination Attempts: Min: 1, Avg: 9.3, Max: 14, Diff: 13, Sum: 399]
      [GC Worker Other (ms): Min: 0.0, Avg: 0.0, Max: 0.0, Diff: 0.0, Sum: 0.8]
      [GC Worker Total (ms): Min: 9.4, Avg: 10.7, Max: 12.1, Diff: 2.7, Sum: 459.2]
      [GC Worker End (ms): Min: 758551182.3, Avg: 758551182.4, Max: 758551182.5, Diff: 0.2]
   [Code Root Fixup: 0.0 ms]
   [Code Root Purge: 0.0 ms]
   [Clear CT: 5.1 ms]
   [Other: 10.9 ms]
      [Choose CSet: 0.0 ms]
      [Ref Proc: 4.9 ms]
      [Ref Enq: 0.0 ms]
      [Redirty Cards: 5.3 ms]
      [Humongous Register: 0.1 ms]
      [Humongous Reclaim: 0.0 ms]
      [Free CSet: 0.1 ms]
   [Eden: 51200.0K(51200.0K)->0.0B(51200.0K) Survivors: 1024.0K->1024.0K Heap: 245.6M(1024.0M)->195.7M(1024.0M)]
 [Times: user=0.51 sys=0.00, real=0.03 secs] 
2023-06-22T11:53:31.545+0000: 762031.170: [GC pause (G1 Evacuation Pause) (young), 0.0269840 secs]
   [Parallel Time: 8.5 ms, GC Workers: 43]
      [GC Worker Start (ms): Min: 762031172.7, Avg: 762031174.7, Max: 762031176.6, Diff: 3.8]
      [Ext Root Scanning (ms): Min: 0.0, Avg: 0.9, Max: 3.0, Diff: 3.0, Sum: 37.4]
      [Update RS (ms): Min: 0.0, Avg: 0.2, Max: 0.5, Diff: 0.5, Sum: 7.2]
         [Processed Buffers: Min: 0, Avg: 1.4, Max: 6, Diff: 6, Sum: 61]
      [Scan RS (ms): Min: 0.0, Avg: 0.0, Max: 0.0, Diff: 0.0, Sum: 0.6]
      [Code Root Scanning (ms): Min: 0.0, Avg: 0.0, Max: 0.1, Diff: 0.1, Sum: 0.1]
      [Object Copy (ms): Min: 2.3, Avg: 3.0, Max: 3.6, Diff: 1.2, Sum: 130.1]
      [Termination (ms): Min: 0.3, Avg: 0.6, Max: 1.4, Diff: 1.1, Sum: 26.8]
         [Termination Attempts: Min: 8, Avg: 12.3, Max: 18, Diff: 10, Sum: 529]
      [GC Worker Other (ms): Min: 0.0, Avg: 0.1, Max: 0.3, Diff: 0.3, Sum: 5.0]
      [GC Worker Total (ms): Min: 2.9, Avg: 4.8, Max: 6.8, Diff: 3.8, Sum: 207.1]
      [GC Worker End (ms): Min: 762031179.4, Avg: 762031179.5, Max: 762031179.7, Diff: 0.3]
   [Code Root Fixup: 0.0 ms]
   [Code Root Purge: 0.0 ms]
   [Clear CT: 5.5 ms]
   [Other: 13.0 ms]
      [Choose CSet: 0.0 ms]
      [Ref Proc: 4.5 ms]
      [Ref Enq: 0.0 ms]
      [Redirty Cards: 5.5 ms]
      [Humongous Register: 2.1 ms]
      [Humongous Reclaim: 0.0 ms]
      [Free CSet: 0.2 ms]
   [Eden: 51200.0K(51200.0K)->0.0B(51200.0K) Survivors: 1024.0K->1024.0K Heap: 245.7M(1024.0M)->195.6M(1024.0M)]
 [Times: user=0.25 sys=0.01, real=0.03 secs] 
2023-06-22T12:51:34.178+0000: 765513.803: [GC pause (G1 Evacuation Pause) (young), 0.0224584 secs]
   [Parallel Time: 7.5 ms, GC Workers: 43]
      [GC Worker Start (ms): Min: 765513803.4, Avg: 765513804.9, Max: 765513806.1, Diff: 2.7]
      [Ext Root Scanning (ms): Min: 0.0, Avg: 0.7, Max: 6.1, Diff: 6.1, Sum: 31.0]
      [Update RS (ms): Min: 0.0, Avg: 0.1, Max: 0.5, Diff: 0.5, Sum: 6.1]
         [Processed Buffers: Min: 0, Avg: 1.4, Max: 5, Diff: 5, Sum: 60]
      [Scan RS (ms): Min: 0.0, Avg: 0.0, Max: 0.0, Diff: 0.0, Sum: 0.5]
      [Code Root Scanning (ms): Min: 0.0, Avg: 0.0, Max: 0.1, Diff: 0.1, Sum: 0.1]
      [Object Copy (ms): Min: 0.0, Avg: 1.7, Max: 2.0, Diff: 2.0, Sum: 74.1]
      [Termination (ms): Min: 0.0, Avg: 2.1, Max: 2.4, Diff: 2.4, Sum: 91.1]
         [Termination Attempts: Min: 1, Avg: 4.4, Max: 8, Diff: 7, Sum: 188]
      [GC Worker Other (ms): Min: 0.0, Avg: 0.0, Max: 0.1, Diff: 0.1, Sum: 1.1]
      [GC Worker Total (ms): Min: 3.6, Avg: 4.7, Max: 6.1, Diff: 2.6, Sum: 204.0]
      [GC Worker End (ms): Min: 765513809.5, Avg: 765513809.6, Max: 765513809.7, Diff: 0.2]
   [Code Root Fixup: 0.0 ms]
   [Code Root Purge: 0.0 ms]
   [Clear CT: 5.1 ms]
   [Other: 9.8 ms]
      [Choose CSet: 0.0 ms]
      [Ref Proc: 4.1 ms]
      [Ref Enq: 0.0 ms]
      [Redirty Cards: 5.2 ms]
      [Humongous Register: 0.1 ms]
      [Humongous Reclaim: 0.0 ms]
      [Free CSet: 0.1 ms]
   [Eden: 51200.0K(51200.0K)->0.0B(51200.0K) Survivors: 1024.0K->1024.0K Heap: 245.6M(1024.0M)->195.6M(1024.0M)]
 [Times: user=0.26 sys=0.00, real=0.02 secs] 
2023-06-22T13:49:31.545+0000: 768991.170: [GC pause (G1 Evacuation Pause) (young), 0.0255287 secs]
   [Parallel Time: 6.6 ms, GC Workers: 43]
      [GC Worker Start (ms): Min: 768991172.8, Avg: 768991174.7, Max: 768991176.8, Diff: 4.0]
      [Ext Root Scanning (ms): Min: 0.0, Avg: 0.7, Max: 2.7, Diff: 2.7, Sum: 29.8]
      [Update RS (ms): Min: 0.0, Avg: 0.2, Max: 0.5, Diff: 0.5, Sum: 7.3]
         [Processed Buffers: Min: 0, Avg: 1.5, Max: 7, Diff: 7, Sum: 64]
      [Scan RS (ms): Min: 0.0, Avg: 0.0, Max: 0.0, Diff: 0.0, Sum: 0.5]
      [Code Root Scanning (ms): Min: 0.0, Avg: 0.0, Max: 0.1, Diff: 0.1, Sum: 0.1]
      [Object Copy (ms): Min: 0.5, Avg: 1.6, Max: 2.1, Diff: 1.6, Sum: 69.7]
      [Termination (ms): Min: 0.0, Avg: 0.2, Max: 0.4, Diff: 0.4, Sum: 10.1]
         [Termination Attempts: Min: 1, Avg: 5.4, Max: 9, Diff: 8, Sum: 233]
      [GC Worker Other (ms): Min: 0.0, Avg: 0.2, Max: 0.6, Diff: 0.6, Sum: 8.6]
      [GC Worker Total (ms): Min: 0.7, Avg: 2.9, Max: 4.8, Diff: 4.0, Sum: 126.1]
      [GC Worker End (ms): Min: 768991177.5, Avg: 768991177.7, Max: 768991177.9, Diff: 0.4]
   [Code Root Fixup: 0.0 ms]
   [Code Root Purge: 0.0 ms]
   [Clear CT: 5.9 ms]
   [Other: 13.0 ms]
      [Choose CSet: 0.0 ms]
      [Ref Proc: 4.7 ms]
      [Ref Enq: 0.0 ms]
      [Redirty Cards: 5.2 ms]
      [Humongous Register: 2.1 ms]
      [Humongous Reclaim: 0.0 ms]
      [Free CSet: 0.2 ms]
   [Eden: 51200.0K(51200.0K)->0.0B(51200.0K) Survivors: 1024.0K->1024.0K Heap: 245.6M(1024.0M)->195.6M(1024.0M)]
 [Times: user=0.06 sys=0.13, real=0.03 secs] 
2023-06-22T14:47:36.976+0000: 772476.602: [GC pause (G1 Evacuation Pause) (young), 0.0212042 secs]
   [Parallel Time: 7.2 ms, GC Workers: 43]
      [GC Worker Start (ms): Min: 772476602.3, Avg: 772476603.7, Max: 772476604.9, Diff: 2.5]
      [Ext Root Scanning (ms): Min: 0.0, Avg: 0.5, Max: 1.6, Diff: 1.6, Sum: 20.9]
      [Update RS (ms): Min: 0.0, Avg: 0.1, Max: 0.5, Diff: 0.5, Sum: 6.4]
         [Processed Buffers: Min: 0, Avg: 1.4, Max: 6, Diff: 6, Sum: 61]
      [Scan RS (ms): Min: 0.0, Avg: 0.0, Max: 0.0, Diff: 0.0, Sum: 0.6]
      [Code Root Scanning (ms): Min: 0.0, Avg: 0.0, Max: 0.0, Diff: 0.0, Sum: 0.1]
      [Object Copy (ms): Min: 2.3, Avg: 3.1, Max: 3.5, Diff: 1.2, Sum: 131.2]
      [Termination (ms): Min: 0.3, Avg: 0.6, Max: 0.9, Diff: 0.7, Sum: 25.0]
         [Termination Attempts: Min: 7, Avg: 12.0, Max: 18, Diff: 11, Sum: 516]
      [GC Worker Other (ms): Min: 0.0, Avg: 0.1, Max: 0.4, Diff: 0.3, Sum: 5.5]
      [GC Worker Total (ms): Min: 3.2, Avg: 4.4, Max: 5.7, Diff: 2.6, Sum: 189.7]
      [GC Worker End (ms): Min: 772476608.0, Avg: 772476608.1, Max: 772476608.3, Diff: 0.3]
   [Code Root Fixup: 0.0 ms]
   [Code Root Purge: 0.0 ms]
   [Clear CT: 4.7 ms]
   [Other: 9.3 ms]
      [Choose CSet: 0.0 ms]
      [Ref Proc: 3.7 ms]
      [Ref Enq: 0.0 ms]
      [Redirty Cards: 4.9 ms]
      [Humongous Register: 0.1 ms]
      [Humongous Reclaim: 0.0 ms]
      [Free CSet: 0.1 ms]
   [Eden: 51200.0K(51200.0K)->0.0B(51200.0K) Survivors: 1024.0K->1024.0K Heap: 245.6M(1024.0M)->195.6M(1024.0M)]
 [Times: user=0.24 sys=0.00, real=0.02 secs] 
2023-06-22T15:45:32.591+0000: 775952.216: [GC pause (G1 Evacuation Pause) (young), 0.0245330 secs]
   [Parallel Time: 9.1 ms, GC Workers: 43]
      [GC Worker Start (ms): Min: 775952216.8, Avg: 775952218.1, Max: 775952219.4, Diff: 2.6]
      [Ext Root Scanning (ms): Min: 0.0, Avg: 0.7, Max: 6.0, Diff: 5.9, Sum: 31.0]
      [Update RS (ms): Min: 0.0, Avg: 0.2, Max: 0.4, Diff: 0.4, Sum: 7.2]
         [Processed Buffers: Min: 0, Avg: 1.4, Max: 5, Diff: 5, Sum: 62]
      [Scan RS (ms): Min: 0.0, Avg: 0.0, Max: 0.0, Diff: 0.0, Sum: 0.5]
      [Code Root Scanning (ms): Min: 0.0, Avg: 0.0, Max: 0.0, Diff: 0.0, Sum: 0.0]
      [Object Copy (ms): Min: 0.0, Avg: 1.8, Max: 2.2, Diff: 2.2, Sum: 79.0]
      [Termination (ms): Min: 0.0, Avg: 1.9, Max: 2.3, Diff: 2.3, Sum: 83.7]
         [Termination Attempts: Min: 1, Avg: 5.6, Max: 10, Diff: 9, Sum: 241]
      [GC Worker Other (ms): Min: 0.0, Avg: 0.0, Max: 0.1, Diff: 0.1, Sum: 0.9]
      [GC Worker Total (ms): Min: 3.5, Avg: 4.7, Max: 6.0, Diff: 2.5, Sum: 202.3]
      [GC Worker End (ms): Min: 775952222.8, Avg: 775952222.8, Max: 775952223.0, Diff: 0.2]
   [Code Root Fixup: 0.0 ms]
   [Code Root Purge: 0.0 ms]
   [Clear CT: 5.6 ms]
   [Other: 9.8 ms]
      [Choose CSet: 0.0 ms]
      [Ref Proc: 3.8 ms]
      [Ref Enq: 0.0 ms]
      [Redirty Cards: 5.4 ms]
      [Humongous Register: 0.1 ms]
      [Humongous Reclaim: 0.0 ms]
      [Free CSet: 0.1 ms]
   [Eden: 51200.0K(51200.0K)->0.0B(51200.0K) Survivors: 1024.0K->1024.0K Heap: 245.6M(1024.0M)->195.7M(1024.0M)]
 [Times: user=0.26 sys=0.00, real=0.02 secs] 
2023-06-22T16:43:31.544+0000: 779431.170: [GC pause (G1 Evacuation Pause) (young), 0.0257964 secs]
   [Parallel Time: 7.3 ms, GC Workers: 43]
      [GC Worker Start (ms): Min: 779431172.2, Avg: 779431174.5, Max: 779431178.5, Diff: 6.3]
      [Ext Root Scanning (ms): Min: 0.0, Avg: 0.7, Max: 2.9, Diff: 2.9, Sum: 30.7]
      [Update RS (ms): Min: 0.0, Avg: 0.2, Max: 0.5, Diff: 0.5, Sum: 6.6]
         [Processed Buffers: Min: 0, Avg: 1.4, Max: 6, Diff: 6, Sum: 61]
      [Scan RS (ms): Min: 0.0, Avg: 0.0, Max: 0.0, Diff: 0.0, Sum: 0.5]
      [Code Root Scanning (ms): Min: 0.0, Avg: 0.0, Max: 0.0, Diff: 0.0, Sum: 0.0]
      [Object Copy (ms): Min: 0.0, Avg: 1.4, Max: 1.8, Diff: 1.7, Sum: 59.7]
      [Termination (ms): Min: 0.0, Avg: 1.8, Max: 2.2, Diff: 2.2, Sum: 77.1]
         [Termination Attempts: Min: 1, Avg: 5.1, Max: 9, Diff: 8, Sum: 218]
      [GC Worker Other (ms): Min: 0.0, Avg: 0.1, Max: 0.2, Diff: 0.2, Sum: 2.5]
      [GC Worker Total (ms): Min: 0.1, Avg: 4.1, Max: 6.4, Diff: 6.3, Sum: 177.2]
      [GC Worker End (ms): Min: 779431178.5, Avg: 779431178.6, Max: 779431178.7, Diff: 0.2]
   [Code Root Fixup: 0.0 ms]
   [Code Root Purge: 0.0 ms]
   [Clear CT: 5.4 ms]
   [Other: 13.1 ms]
      [Choose CSet: 0.0 ms]
      [Ref Proc: 4.3 ms]
      [Ref Enq: 0.0 ms]
      [Redirty Cards: 5.4 ms]
      [Humongous Register: 2.0 ms]
      [Humongous Reclaim: 0.0 ms]
      [Free CSet: 0.4 ms]
   [Eden: 51200.0K(51200.0K)->0.0B(51200.0K) Survivors: 1024.0K->1024.0K Heap: 245.7M(1024.0M)->195.6M(1024.0M)]
 [Times: user=0.24 sys=0.00, real=0.03 secs] 
2023-06-22T17:41:30.639+0000: 782910.264: [GC pause (G1 Evacuation Pause) (young), 0.0296140 secs]
   [Parallel Time: 14.0 ms, GC Workers: 43]
      [GC Worker Start (ms): Min: 782910265.0, Avg: 782910266.4, Max: 782910267.6, Diff: 2.6]
      [Ext Root Scanning (ms): Min: 0.0, Avg: 1.1, Max: 12.7, Diff: 12.7, Sum: 48.9]
      [Update RS (ms): Min: 0.0, Avg: 0.9, Max: 4.5, Diff: 4.5, Sum: 39.3]
         [Processed Buffers: Min: 0, Avg: 1.5, Max: 6, Diff: 6, Sum: 64]
      [Scan RS (ms): Min: 0.0, Avg: 0.0, Max: 0.0, Diff: 0.0, Sum: 0.4]
      [Code Root Scanning (ms): Min: 0.0, Avg: 0.0, Max: 0.0, Diff: 0.0, Sum: 0.0]
      [Object Copy (ms): Min: 0.0, Avg: 2.0, Max: 2.8, Diff: 2.7, Sum: 84.3]
      [Termination (ms): Min: 0.0, Avg: 7.3, Max: 7.9, Diff: 7.9, Sum: 313.8]
         [Termination Attempts: Min: 1, Avg: 9.1, Max: 17, Diff: 16, Sum: 391]
      [GC Worker Other (ms): Min: 0.0, Avg: 0.0, Max: 0.0, Diff: 0.0, Sum: 1.1]
      [GC Worker Total (ms): Min: 10.2, Avg: 11.3, Max: 12.7, Diff: 2.6, Sum: 487.8]
      [GC Worker End (ms): Min: 782910277.7, Avg: 782910277.8, Max: 782910277.9, Diff: 0.2]
   [Code Root Fixup: 0.0 ms]
   [Code Root Purge: 0.0 ms]
   [Clear CT: 5.2 ms]
   [Other: 10.4 ms]
      [Choose CSet: 0.0 ms]
      [Ref Proc: 4.2 ms]
      [Ref Enq: 0.0 ms]
      [Redirty Cards: 5.1 ms]
      [Humongous Register: 0.3 ms]
      [Humongous Reclaim: 0.0 ms]
      [Free CSet: 0.2 ms]
   [Eden: 51200.0K(51200.0K)->0.0B(51200.0K) Survivors: 1024.0K->1024.0K Heap: 245.6M(1024.0M)->195.6M(1024.0M)]
 [Times: user=0.41 sys=0.11, real=0.03 secs] 
2023-06-22T18:39:25.386+0000: 786385.012: [GC pause (G1 Evacuation Pause) (young), 0.0263068 secs]
   [Parallel Time: 8.7 ms, GC Workers: 43]
      [GC Worker Start (ms): Min: 786385013.9, Avg: 786385016.0, Max: 786385021.7, Diff: 7.9]
      [Ext Root Scanning (ms): Min: 0.0, Avg: 0.7, Max: 7.6, Diff: 7.6, Sum: 29.3]
      [Update RS (ms): Min: 0.0, Avg: 0.1, Max: 0.4, Diff: 0.4, Sum: 6.0]
         [Processed Buffers: Min: 0, Avg: 1.5, Max: 6, Diff: 6, Sum: 65]
      [Scan RS (ms): Min: 0.0, Avg: 0.0, Max: 0.0, Diff: 0.0, Sum: 0.4]
      [Code Root Scanning (ms): Min: 0.0, Avg: 0.0, Max: 0.0, Diff: 0.0, Sum: 0.0]
      [Object Copy (ms): Min: 0.0, Avg: 3.2, Max: 4.2, Diff: 4.2, Sum: 138.8]
      [Termination (ms): Min: 0.0, Avg: 1.7, Max: 2.4, Diff: 2.4, Sum: 74.1]
         [Termination Attempts: Min: 1, Avg: 16.2, Max: 25, Diff: 24, Sum: 696]
      [GC Worker Other (ms): Min: 0.0, Avg: 0.0, Max: 0.1, Diff: 0.1, Sum: 1.9]
      [GC Worker Total (ms): Min: 0.1, Avg: 5.8, Max: 8.1, Diff: 8.0, Sum: 250.6]
      [GC Worker End (ms): Min: 786385021.8, Avg: 786385021.9, Max: 786385022.0, Diff: 0.2]
   [Code Root Fixup: 0.0 ms]
   [Code Root Purge: 0.0 ms]
   [Clear CT: 4.9 ms]
   [Other: 12.7 ms]
      [Choose CSet: 0.0 ms]
      [Ref Proc: 5.2 ms]
      [Ref Enq: 0.0 ms]
      [Redirty Cards: 5.0 ms]
      [Humongous Register: 1.8 ms]
      [Humongous Reclaim: 0.0 ms]
      [Free CSet: 0.1 ms]
   [Eden: 51200.0K(51200.0K)->0.0B(51200.0K) Survivors: 1024.0K->1024.0K Heap: 245.6M(1024.0M)->195.6M(1024.0M)]
 [Times: user=0.28 sys=0.05, real=0.03 secs] 
2023-06-22T19:37:22.687+0000: 789862.313: [GC pause (G1 Evacuation Pause) (young), 0.0313488 secs]
   [Parallel Time: 11.3 ms, GC Workers: 43]
      [GC Worker Start (ms): Min: 789862315.6, Avg: 789862317.6, Max: 789862324.4, Diff: 8.8]
      [Ext Root Scanning (ms): Min: 0.0, Avg: 0.8, Max: 2.4, Diff: 2.4, Sum: 32.7]
      [Update RS (ms): Min: 0.0, Avg: 0.2, Max: 1.0, Diff: 1.0, Sum: 9.9]
         [Processed Buffers: Min: 0, Avg: 1.4, Max: 7, Diff: 7, Sum: 61]
      [Scan RS (ms): Min: 0.0, Avg: 0.0, Max: 0.0, Diff: 0.0, Sum: 0.5]
      [Code Root Scanning (ms): Min: 0.0, Avg: 0.0, Max: 0.0, Diff: 0.0, Sum: 0.0]
      [Object Copy (ms): Min: 0.0, Avg: 3.6, Max: 4.4, Diff: 4.4, Sum: 155.6]
      [Termination (ms): Min: 0.0, Avg: 2.2, Max: 3.7, Diff: 3.7, Sum: 96.2]
         [Termination Attempts: Min: 1, Avg: 18.2, Max: 23, Diff: 22, Sum: 783]
      [GC Worker Other (ms): Min: 0.0, Avg: 0.0, Max: 0.2, Diff: 0.1, Sum: 1.8]
      [GC Worker Total (ms): Min: 0.0, Avg: 6.9, Max: 9.0, Diff: 9.0, Sum: 296.8]
      [GC Worker End (ms): Min: 789862324.4, Avg: 789862324.5, Max: 789862324.6, Diff: 0.2]
   [Code Root Fixup: 0.0 ms]
   [Code Root Purge: 0.0 ms]
   [Clear CT: 5.0 ms]
   [Other: 15.0 ms]
      [Choose CSet: 0.0 ms]
      [Ref Proc: 6.9 ms]
      [Ref Enq: 0.0 ms]
      [Redirty Cards: 5.1 ms]
      [Humongous Register: 2.0 ms]
      [Humongous Reclaim: 0.0 ms]
      [Free CSet: 0.2 ms]
   [Eden: 51200.0K(51200.0K)->0.0B(51200.0K) Survivors: 1024.0K->1024.0K Heap: 245.6M(1024.0M)->195.6M(1024.0M)]
 [Times: user=0.43 sys=0.00, real=0.03 secs] 
2023-06-22T20:35:17.366+0000: 793336.992: [GC pause (G1 Evacuation Pause) (young), 0.0349727 secs]
   [Parallel Time: 14.6 ms, GC Workers: 43]
      [GC Worker Start (ms): Min: 793336994.5, Avg: 793336996.7, Max: 793337000.3, Diff: 5.7]
      [Ext Root Scanning (ms): Min: 0.0, Avg: 0.9, Max: 10.5, Diff: 10.5, Sum: 38.5]
      [Update RS (ms): Min: 0.0, Avg: 0.2, Max: 0.6, Diff: 0.6, Sum: 9.4]
         [Processed Buffers: Min: 0, Avg: 1.4, Max: 7, Diff: 7, Sum: 61]
      [Scan RS (ms): Min: 0.0, Avg: 0.0, Max: 0.0, Diff: 0.0, Sum: 0.4]
      [Code Root Scanning (ms): Min: 0.0, Avg: 0.0, Max: 0.0, Diff: 0.0, Sum: 0.0]
      [Object Copy (ms): Min: 0.0, Avg: 1.5, Max: 1.9, Diff: 1.9, Sum: 62.6]
      [Termination (ms): Min: 0.0, Avg: 5.8, Max: 6.3, Diff: 6.3, Sum: 249.3]
         [Termination Attempts: Min: 1, Avg: 4.8, Max: 8, Diff: 7, Sum: 206]
      [GC Worker Other (ms): Min: 0.0, Avg: 0.1, Max: 0.1, Diff: 0.1, Sum: 2.2]
      [GC Worker Total (ms): Min: 4.9, Avg: 8.4, Max: 10.6, Diff: 5.7, Sum: 362.4]
      [GC Worker End (ms): Min: 793337005.1, Avg: 793337005.2, Max: 793337005.3, Diff: 0.2]
   [Code Root Fixup: 0.0 ms]
   [Code Root Purge: 0.0 ms]
   [Clear CT: 5.7 ms]
   [Other: 14.6 ms]
      [Choose CSet: 0.0 ms]
      [Ref Proc: 5.7 ms]
      [Ref Enq: 0.0 ms]
      [Redirty Cards: 5.8 ms]
      [Humongous Register: 2.0 ms]
      [Humongous Reclaim: 0.0 ms]
      [Free CSet: 0.3 ms]
   [Eden: 51200.0K(51200.0K)->0.0B(51200.0K) Survivors: 1024.0K->1024.0K Heap: 245.6M(1024.0M)->195.6M(1024.0M)]
 [Times: user=0.42 sys=0.00, real=0.04 secs] 
2023-06-22T21:33:17.591+0000: 796817.217: [GC pause (G1 Evacuation Pause) (young), 0.0274086 secs]
   [Parallel Time: 9.3 ms, GC Workers: 43]
      [GC Worker Start (ms): Min: 796817219.4, Avg: 796817221.7, Max: 796817226.2, Diff: 6.7]
      [Ext Root Scanning (ms): Min: 0.0, Avg: 0.8, Max: 7.8, Diff: 7.8, Sum: 34.7]
      [Update RS (ms): Min: 0.0, Avg: 0.2, Max: 0.7, Diff: 0.7, Sum: 7.5]
         [Processed Buffers: Min: 0, Avg: 1.4, Max: 6, Diff: 6, Sum: 60]
      [Scan RS (ms): Min: 0.0, Avg: 0.0, Max: 0.0, Diff: 0.0, Sum: 0.4]
      [Code Root Scanning (ms): Min: 0.0, Avg: 0.0, Max: 0.0, Diff: 0.0, Sum: 0.0]
      [Object Copy (ms): Min: 0.0, Avg: 2.3, Max: 2.8, Diff: 2.8, Sum: 97.3]
      [Termination (ms): Min: 0.0, Avg: 2.4, Max: 2.7, Diff: 2.7, Sum: 102.1]
         [Termination Attempts: Min: 1, Avg: 10.9, Max: 17, Diff: 16, Sum: 470]
      [GC Worker Other (ms): Min: 0.0, Avg: 0.0, Max: 0.1, Diff: 0.1, Sum: 1.7]
      [GC Worker Total (ms): Min: 1.3, Avg: 5.7, Max: 7.9, Diff: 6.6, Sum: 243.7]
      [GC Worker End (ms): Min: 796817227.3, Avg: 796817227.4, Max: 796817227.5, Diff: 0.2]
   [Code Root Fixup: 0.0 ms]
   [Code Root Purge: 0.0 ms]
   [Clear CT: 5.1 ms]
   [Other: 13.0 ms]
      [Choose CSet: 0.0 ms]
      [Ref Proc: 4.9 ms]
      [Ref Enq: 0.0 ms]
      [Redirty Cards: 5.1 ms]
      [Humongous Register: 2.1 ms]
      [Humongous Reclaim: 0.0 ms]
      [Free CSet: 0.2 ms]
   [Eden: 51200.0K(51200.0K)->0.0B(51200.0K) Survivors: 1024.0K->1024.0K Heap: 245.6M(1024.0M)->195.6M(1024.0M)]
 [Times: user=0.30 sys=0.00, real=0.02 secs] 
2023-06-22T22:31:15.970+0000: 800295.595: [GC pause (G1 Evacuation Pause) (young), 0.0275740 secs]
   [Parallel Time: 9.8 ms, GC Workers: 43]
      [GC Worker Start (ms): Min: 800295595.9, Avg: 800295597.3, Max: 800295598.6, Diff: 2.7]
      [Ext Root Scanning (ms): Min: 0.0, Avg: 1.1, Max: 7.8, Diff: 7.8, Sum: 47.2]
      [Update RS (ms): Min: 0.0, Avg: 0.3, Max: 0.8, Diff: 0.8, Sum: 10.8]
         [Processed Buffers: Min: 0, Avg: 1.5, Max: 6, Diff: 6, Sum: 63]
      [Scan RS (ms): Min: 0.0, Avg: 0.0, Max: 0.1, Diff: 0.1, Sum: 0.9]
      [Code Root Scanning (ms): Min: 0.0, Avg: 0.0, Max: 0.0, Diff: 0.0, Sum: 0.0]
      [Object Copy (ms): Min: 0.0, Avg: 2.4, Max: 2.7, Diff: 2.7, Sum: 104.3]
      [Termination (ms): Min: 0.0, Avg: 2.6, Max: 2.9, Diff: 2.9, Sum: 113.0]
         [Termination Attempts: Min: 1, Avg: 7.8, Max: 11, Diff: 10, Sum: 336]
      [GC Worker Other (ms): Min: 0.0, Avg: 0.0, Max: 0.2, Diff: 0.2, Sum: 1.5]
      [GC Worker Total (ms): Min: 5.1, Avg: 6.5, Max: 7.8, Diff: 2.7, Sum: 277.6]
      [GC Worker End (ms): Min: 800295603.7, Avg: 800295603.7, Max: 800295603.9, Diff: 0.2]
   [Code Root Fixup: 0.0 ms]
   [Code Root Purge: 0.0 ms]
   [Clear CT: 5.3 ms]
   [Other: 12.5 ms]
      [Choose CSet: 0.0 ms]
      [Ref Proc: 6.2 ms]
      [Ref Enq: 0.0 ms]
      [Redirty Cards: 5.1 ms]
      [Humongous Register: 0.3 ms]
      [Humongous Reclaim: 0.0 ms]
      [Free CSet: 0.4 ms]
   [Eden: 51200.0K(51200.0K)->0.0B(51200.0K) Survivors: 1024.0K->1024.0K Heap: 245.6M(1024.0M)->195.6M(1024.0M)]
 [Times: user=0.33 sys=0.00, real=0.02 secs] 
2023-06-22T23:29:16.061+0000: 803775.686: [GC pause (G1 Evacuation Pause) (young), 0.0345073 secs]
   [Parallel Time: 15.9 ms, GC Workers: 43]
      [GC Worker Start (ms): Min: 803775688.6, Avg: 803775690.7, Max: 803775695.9, Diff: 7.4]
      [Ext Root Scanning (ms): Min: 0.0, Avg: 0.8, Max: 12.8, Diff: 12.8, Sum: 34.3]
      [Update RS (ms): Min: 0.0, Avg: 0.1, Max: 0.9, Diff: 0.9, Sum: 5.1]
         [Processed Buffers: Min: 0, Avg: 1.5, Max: 7, Diff: 7, Sum: 64]
      [Scan RS (ms): Min: 0.0, Avg: 0.0, Max: 0.1, Diff: 0.1, Sum: 0.6]
      [Code Root Scanning (ms): Min: 0.0, Avg: 0.0, Max: 0.0, Diff: 0.0, Sum: 0.0]
      [Object Copy (ms): Min: 0.0, Avg: 2.9, Max: 3.8, Diff: 3.7, Sum: 124.1]
      [Termination (ms): Min: 0.0, Avg: 6.9, Max: 7.8, Diff: 7.8, Sum: 295.2]
         [Termination Attempts: Min: 1, Avg: 14.9, Max: 21, Diff: 20, Sum: 641]
      [GC Worker Other (ms): Min: 0.0, Avg: 0.0, Max: 0.2, Diff: 0.2, Sum: 2.1]
      [GC Worker Total (ms): Min: 5.5, Avg: 10.7, Max: 12.8, Diff: 7.3, Sum: 461.3]
      [GC Worker End (ms): Min: 803775701.4, Avg: 803775701.4, Max: 803775701.6, Diff: 0.2]
   [Code Root Fixup: 0.0 ms]
   [Code Root Purge: 0.0 ms]
   [Clear CT: 5.3 ms]
   [Other: 13.3 ms]
      [Choose CSet: 0.0 ms]
      [Ref Proc: 5.3 ms]
      [Ref Enq: 0.0 ms]
      [Redirty Cards: 5.4 ms]
      [Humongous Register: 1.8 ms]
      [Humongous Reclaim: 0.0 ms]
      [Free CSet: 0.1 ms]
   [Eden: 51200.0K(51200.0K)->0.0B(51200.0K) Survivors: 1024.0K->1024.0K Heap: 245.6M(1024.0M)->195.6M(1024.0M)]
 [Times: user=0.52 sys=0.00, real=0.04 secs] 
2023-06-23T00:27:16.487+0000: 807256.112: [GC pause (G1 Evacuation Pause) (young), 0.0253090 secs]
   [Parallel Time: 7.3 ms, GC Workers: 43]
      [GC Worker Start (ms): Min: 807256115.1, Avg: 807256117.2, Max: 807256120.3, Diff: 5.2]
      [Ext Root Scanning (ms): Min: 0.0, Avg: 0.6, Max: 3.0, Diff: 3.0, Sum: 25.0]
      [Update RS (ms): Min: 0.0, Avg: 0.1, Max: 0.5, Diff: 0.5, Sum: 5.5]
         [Processed Buffers: Min: 0, Avg: 1.5, Max: 6, Diff: 6, Sum: 63]
      [Scan RS (ms): Min: 0.0, Avg: 0.0, Max: 0.0, Diff: 0.0, Sum: 0.5]
      [Code Root Scanning (ms): Min: 0.0, Avg: 0.0, Max: 0.0, Diff: 0.0, Sum: 0.0]
      [Object Copy (ms): Min: 0.0, Avg: 1.4, Max: 1.9, Diff: 1.9, Sum: 60.6]
      [Termination (ms): Min: 0.0, Avg: 1.0, Max: 1.3, Diff: 1.3, Sum: 44.6]
         [Termination Attempts: Min: 1, Avg: 5.6, Max: 10, Diff: 9, Sum: 239]
      [GC Worker Other (ms): Min: 0.0, Avg: 0.1, Max: 0.2, Diff: 0.1, Sum: 2.5]
      [GC Worker Total (ms): Min: 0.1, Avg: 3.2, Max: 5.4, Diff: 5.3, Sum: 138.7]
      [GC Worker End (ms): Min: 807256120.3, Avg: 807256120.4, Max: 807256120.5, Diff: 0.2]
   [Code Root Fixup: 0.0 ms]
   [Code Root Purge: 0.0 ms]
   [Clear CT: 4.9 ms]
   [Other: 13.1 ms]
      [Choose CSet: 0.0 ms]
      [Ref Proc: 5.2 ms]
      [Ref Enq: 0.0 ms]
      [Redirty Cards: 4.7 ms]
      [Humongous Register: 2.0 ms]
      [Humongous Reclaim: 0.0 ms]
      [Free CSet: 0.2 ms]
   [Eden: 51200.0K(51200.0K)->0.0B(51200.0K) Survivors: 1024.0K->1024.0K Heap: 245.6M(1024.0M)->195.6M(1024.0M)]
 [Times: user=0.22 sys=0.00, real=0.03 secs] 
2023-06-23T01:25:21.906+0000: 810741.531: [GC pause (G1 Evacuation Pause) (young), 0.0245178 secs]
   [Parallel Time: 8.5 ms, GC Workers: 43]
      [GC Worker Start (ms): Min: 810741531.6, Avg: 810741533.0, Max: 810741537.9, Diff: 6.3]
      [Ext Root Scanning (ms): Min: 0.0, Avg: 0.5, Max: 1.7, Diff: 1.7, Sum: 23.2]
      [Update RS (ms): Min: 0.0, Avg: 0.1, Max: 0.4, Diff: 0.4, Sum: 5.6]
         [Processed Buffers: Min: 0, Avg: 1.4, Max: 8, Diff: 8, Sum: 62]
      [Scan RS (ms): Min: 0.0, Avg: 0.0, Max: 0.0, Diff: 0.0, Sum: 0.5]
      [Code Root Scanning (ms): Min: 0.0, Avg: 0.0, Max: 0.0, Diff: 0.0, Sum: 0.0]
      [Object Copy (ms): Min: 0.0, Avg: 2.9, Max: 3.4, Diff: 3.3, Sum: 123.8]
      [Termination (ms): Min: 0.0, Avg: 1.4, Max: 1.9, Diff: 1.9, Sum: 59.3]
         [Termination Attempts: Min: 1, Avg: 13.6, Max: 18, Diff: 17, Sum: 584]
      [GC Worker Other (ms): Min: 0.0, Avg: 0.1, Max: 0.2, Diff: 0.2, Sum: 2.2]
      [GC Worker Total (ms): Min: 0.0, Avg: 5.0, Max: 6.4, Diff: 6.4, Sum: 214.5]
      [GC Worker End (ms): Min: 810741537.9, Avg: 810741538.0, Max: 810741538.1, Diff: 0.2]
   [Code Root Fixup: 0.0 ms]
   [Code Root Purge: 0.0 ms]
   [Clear CT: 5.4 ms]
   [Other: 10.6 ms]
      [Choose CSet: 0.0 ms]
      [Ref Proc: 4.6 ms]
      [Ref Enq: 0.0 ms]
      [Redirty Cards: 5.3 ms]
      [Humongous Register: 0.1 ms]
      [Humongous Reclaim: 0.0 ms]
      [Free CSet: 0.1 ms]
   [Eden: 51200.0K(51200.0K)->0.0B(51200.0K) Survivors: 1024.0K->1024.0K Heap: 245.6M(1024.0M)->195.6M(1024.0M)]
 [Times: user=0.29 sys=0.00, real=0.03 secs] 
2023-06-23T02:23:29.616+0000: 814229.241: [GC pause (G1 Evacuation Pause) (young), 0.0270334 secs]
   [Parallel Time: 8.6 ms, GC Workers: 43]
      [GC Worker Start (ms): Min: 814229243.9, Avg: 814229246.0, Max: 814229247.7, Diff: 3.8]
      [Ext Root Scanning (ms): Min: 0.0, Avg: 0.9, Max: 7.1, Diff: 7.1, Sum: 36.8]
      [Update RS (ms): Min: 0.0, Avg: 0.2, Max: 0.6, Diff: 0.6, Sum: 8.5]
         [Processed Buffers: Min: 0, Avg: 1.5, Max: 7, Diff: 7, Sum: 64]
      [Scan RS (ms): Min: 0.0, Avg: 0.0, Max: 0.0, Diff: 0.0, Sum: 0.5]
      [Code Root Scanning (ms): Min: 0.0, Avg: 0.0, Max: 0.0, Diff: 0.0, Sum: 0.0]
      [Object Copy (ms): Min: 0.0, Avg: 1.8, Max: 2.2, Diff: 2.2, Sum: 76.9]
      [Termination (ms): Min: 0.0, Avg: 2.3, Max: 2.6, Diff: 2.6, Sum: 101.0]
         [Termination Attempts: Min: 1, Avg: 5.2, Max: 9, Diff: 8, Sum: 222]
      [GC Worker Other (ms): Min: 0.0, Avg: 0.0, Max: 0.1, Diff: 0.1, Sum: 1.8]
      [GC Worker Total (ms): Min: 3.4, Avg: 5.2, Max: 7.3, Diff: 3.9, Sum: 225.5]
      [GC Worker End (ms): Min: 814229251.1, Avg: 814229251.2, Max: 814229251.3, Diff: 0.2]
   [Code Root Fixup: 0.0 ms]
   [Code Root Purge: 0.0 ms]
   [Clear CT: 6.1 ms]
   [Other: 12.4 ms]
      [Choose CSet: 0.0 ms]
      [Ref Proc: 4.3 ms]
      [Ref Enq: 0.0 ms]
      [Redirty Cards: 5.0 ms]
      [Humongous Register: 2.1 ms]
      [Humongous Reclaim: 0.0 ms]
      [Free CSet: 0.2 ms]
   [Eden: 51200.0K(51200.0K)->0.0B(51200.0K) Survivors: 1024.0K->1024.0K Heap: 245.6M(1024.0M)->195.6M(1024.0M)]
 [Times: user=0.29 sys=0.00, real=0.03 secs] 
2023-06-23T03:21:27.591+0000: 817707.217: [GC pause (G1 Evacuation Pause) (young), 0.0293418 secs]
   [Parallel Time: 11.0 ms, GC Workers: 43]
      [GC Worker Start (ms): Min: 817707219.4, Avg: 817707221.5, Max: 817707226.0, Diff: 6.6]
      [Ext Root Scanning (ms): Min: 0.0, Avg: 0.9, Max: 9.5, Diff: 9.5, Sum: 36.6]
      [Update RS (ms): Min: 0.0, Avg: 0.2, Max: 0.7, Diff: 0.7, Sum: 7.6]
         [Processed Buffers: Min: 0, Avg: 1.5, Max: 7, Diff: 7, Sum: 65]
      [Scan RS (ms): Min: 0.0, Avg: 0.0, Max: 0.0, Diff: 0.0, Sum: 0.4]
      [Code Root Scanning (ms): Min: 0.0, Avg: 0.0, Max: 0.0, Diff: 0.0, Sum: 0.0]
      [Object Copy (ms): Min: 0.0, Avg: 2.3, Max: 2.8, Diff: 2.8, Sum: 99.9]
      [Termination (ms): Min: 0.0, Avg: 4.1, Max: 4.5, Diff: 4.5, Sum: 175.3]
         [Termination Attempts: Min: 1, Avg: 10.0, Max: 14, Diff: 13, Sum: 432]
      [GC Worker Other (ms): Min: 0.0, Avg: 0.1, Max: 0.1, Diff: 0.1, Sum: 2.2]
      [GC Worker Total (ms): Min: 3.0, Avg: 7.5, Max: 9.5, Diff: 6.5, Sum: 322.1]
      [GC Worker End (ms): Min: 817707228.9, Avg: 817707229.0, Max: 817707229.1, Diff: 0.2]
   [Code Root Fixup: 0.0 ms]
   [Code Root Purge: 0.0 ms]
   [Clear CT: 5.2 ms]
   [Other: 13.2 ms]
      [Choose CSet: 0.0 ms]
      [Ref Proc: 4.8 ms]
      [Ref Enq: 0.0 ms]
      [Redirty Cards: 5.0 ms]
      [Humongous Register: 2.1 ms]
      [Humongous Reclaim: 0.0 ms]
      [Free CSet: 0.4 ms]
   [Eden: 51200.0K(51200.0K)->0.0B(51200.0K) Survivors: 1024.0K->1024.0K Heap: 245.6M(1024.0M)->195.6M(1024.0M)]
 [Times: user=0.38 sys=0.00, real=0.02 secs] 
2023-06-23T04:19:22.591+0000: 821182.217: [GC pause (G1 Evacuation Pause) (young), 0.0316340 secs]
   [Parallel Time: 14.7 ms, GC Workers: 43]
      [GC Worker Start (ms): Min: 821182219.2, Avg: 821182221.3, Max: 821182223.3, Diff: 4.1]
      [Ext Root Scanning (ms): Min: 0.0, Avg: 1.0, Max: 13.3, Diff: 13.3, Sum: 41.9]
      [Update RS (ms): Min: 0.0, Avg: 0.2, Max: 0.6, Diff: 0.6, Sum: 7.9]
         [Processed Buffers: Min: 0, Avg: 1.4, Max: 8, Diff: 8, Sum: 61]
      [Scan RS (ms): Min: 0.0, Avg: 0.0, Max: 0.0, Diff: 0.0, Sum: 0.5]
      [Code Root Scanning (ms): Min: 0.0, Avg: 0.0, Max: 0.0, Diff: 0.0, Sum: 0.0]
      [Object Copy (ms): Min: 0.0, Avg: 2.0, Max: 2.5, Diff: 2.5, Sum: 86.7]
      [Termination (ms): Min: 0.0, Avg: 8.1, Max: 8.6, Diff: 8.6, Sum: 349.0]
         [Termination Attempts: Min: 1, Avg: 6.8, Max: 12, Diff: 11, Sum: 293]
      [GC Worker Other (ms): Min: 0.0, Avg: 0.0, Max: 0.1, Diff: 0.1, Sum: 1.7]
      [GC Worker Total (ms): Min: 9.4, Avg: 11.3, Max: 13.3, Diff: 4.0, Sum: 487.7]
      [GC Worker End (ms): Min: 821182232.5, Avg: 821182232.6, Max: 821182232.7, Diff: 0.2]
   [Code Root Fixup: 0.0 ms]
   [Code Root Purge: 0.0 ms]
   [Clear CT: 4.9 ms]
   [Other: 12.1 ms]
      [Choose CSet: 0.0 ms]
      [Ref Proc: 3.7 ms]
      [Ref Enq: 0.0 ms]
      [Redirty Cards: 5.3 ms]
      [Humongous Register: 2.1 ms]
      [Humongous Reclaim: 0.0 ms]
      [Free CSet: 0.2 ms]
   [Eden: 51200.0K(51200.0K)->0.0B(51200.0K) Survivors: 1024.0K->1024.0K Heap: 245.6M(1024.0M)->195.6M(1024.0M)]
 [Times: user=0.54 sys=0.00, real=0.03 secs] 
2023-06-23T05:17:21.947+0000: 824661.572: [GC pause (G1 Evacuation Pause) (young), 0.0282534 secs]
   [Parallel Time: 9.5 ms, GC Workers: 43]
      [GC Worker Start (ms): Min: 824661575.0, Avg: 824661577.0, Max: 824661578.9, Diff: 3.8]
      [Ext Root Scanning (ms): Min: 0.0, Avg: 0.9, Max: 7.9, Diff: 7.9, Sum: 38.4]
      [Update RS (ms): Min: 0.0, Avg: 0.2, Max: 0.7, Diff: 0.7, Sum: 9.0]
         [Processed Buffers: Min: 0, Avg: 1.4, Max: 6, Diff: 6, Sum: 62]
      [Scan RS (ms): Min: 0.0, Avg: 0.0, Max: 0.0, Diff: 0.0, Sum: 0.5]
      [Code Root Scanning (ms): Min: 0.0, Avg: 0.0, Max: 0.0, Diff: 0.0, Sum: 0.0]
      [Object Copy (ms): Min: 0.0, Avg: 2.6, Max: 3.1, Diff: 3.1, Sum: 111.4]
      [Termination (ms): Min: 0.0, Avg: 2.3, Max: 3.1, Diff: 3.1, Sum: 99.9]
         [Termination Attempts: Min: 1, Avg: 10.8, Max: 15, Diff: 14, Sum: 466]
      [GC Worker Other (ms): Min: 0.0, Avg: 0.0, Max: 0.1, Diff: 0.0, Sum: 1.7]
      [GC Worker Total (ms): Min: 4.2, Avg: 6.1, Max: 7.9, Diff: 3.8, Sum: 260.9]
      [GC Worker End (ms): Min: 824661583.0, Avg: 824661583.1, Max: 824661583.2, Diff: 0.2]
   [Code Root Fixup: 0.0 ms]
   [Code Root Purge: 0.0 ms]
   [Clear CT: 5.2 ms]
   [Other: 13.6 ms]
      [Choose CSet: 0.0 ms]
      [Ref Proc: 5.5 ms]
      [Ref Enq: 0.0 ms]
      [Redirty Cards: 5.1 ms]
      [Humongous Register: 2.1 ms]
      [Humongous Reclaim: 0.0 ms]
      [Free CSet: 0.2 ms]
   [Eden: 51200.0K(51200.0K)->0.0B(51200.0K) Survivors: 1024.0K->1024.0K Heap: 245.6M(1024.0M)->195.6M(1024.0M)]
 [Times: user=0.32 sys=0.00, real=0.03 secs] 
2023-06-23T06:15:28.450+0000: 828148.076: [GC pause (G1 Evacuation Pause) (young), 0.0250861 secs]
   [Parallel Time: 8.5 ms, GC Workers: 43]
      [GC Worker Start (ms): Min: 828148075.9, Avg: 828148077.3, Max: 828148078.6, Diff: 2.7]
      [Ext Root Scanning (ms): Min: 0.0, Avg: 0.7, Max: 6.7, Diff: 6.7, Sum: 28.8]
      [Update RS (ms): Min: 0.0, Avg: 0.1, Max: 0.6, Diff: 0.6, Sum: 6.0]
         [Processed Buffers: Min: 0, Avg: 1.4, Max: 5, Diff: 5, Sum: 62]
      [Scan RS (ms): Min: 0.0, Avg: 0.0, Max: 0.0, Diff: 0.0, Sum: 0.5]
      [Code Root Scanning (ms): Min: 0.0, Avg: 0.0, Max: 0.0, Diff: 0.0, Sum: 0.0]
      [Object Copy (ms): Min: 0.0, Avg: 3.0, Max: 3.5, Diff: 3.5, Sum: 128.2]
      [Termination (ms): Min: 0.0, Avg: 1.6, Max: 2.2, Diff: 2.2, Sum: 69.1]
         [Termination Attempts: Min: 1, Avg: 12.2, Max: 16, Diff: 15, Sum: 524]
      [GC Worker Other (ms): Min: 0.0, Avg: 0.0, Max: 0.1, Diff: 0.0, Sum: 1.1]
      [GC Worker Total (ms): Min: 4.1, Avg: 5.4, Max: 6.8, Diff: 2.6, Sum: 233.7]
      [GC Worker End (ms): Min: 828148082.7, Avg: 828148082.8, Max: 828148082.9, Diff: 0.2]
   [Code Root Fixup: 0.0 ms]
   [Code Root Purge: 0.0 ms]
   [Clear CT: 6.1 ms]
   [Other: 10.4 ms]
      [Choose CSet: 0.0 ms]
      [Ref Proc: 4.5 ms]
      [Ref Enq: 0.0 ms]
      [Redirty Cards: 5.2 ms]
      [Humongous Register: 0.1 ms]
      [Humongous Reclaim: 0.0 ms]
      [Free CSet: 0.1 ms]
   [Eden: 51200.0K(51200.0K)->0.0B(51200.0K) Survivors: 1024.0K->1024.0K Heap: 245.6M(1024.0M)->195.6M(1024.0M)]
 [Times: user=0.30 sys=0.00, real=0.02 secs] 
2023-06-23T07:13:41.463+0000: 831641.088: [GC pause (G1 Evacuation Pause) (young), 0.0244495 secs]
   [Parallel Time: 5.7 ms, GC Workers: 43]
      [GC Worker Start (ms): Min: 831641090.8, Avg: 831641092.8, Max: 831641094.9, Diff: 4.0]
      [Ext Root Scanning (ms): Min: 0.0, Avg: 0.5, Max: 2.3, Diff: 2.3, Sum: 21.5]
      [Update RS (ms): Min: 0.0, Avg: 0.2, Max: 0.5, Diff: 0.5, Sum: 7.7]
         [Processed Buffers: Min: 0, Avg: 1.4, Max: 6, Diff: 6, Sum: 61]
      [Scan RS (ms): Min: 0.0, Avg: 0.0, Max: 0.0, Diff: 0.0, Sum: 0.4]
      [Code Root Scanning (ms): Min: 0.0, Avg: 0.0, Max: 0.0, Diff: 0.0, Sum: 0.0]
      [Object Copy (ms): Min: 0.1, Avg: 1.4, Max: 1.9, Diff: 1.8, Sum: 60.9]
      [Termination (ms): Min: 0.1, Avg: 0.2, Max: 0.4, Diff: 0.4, Sum: 9.3]
         [Termination Attempts: Min: 1, Avg: 5.8, Max: 10, Diff: 9, Sum: 248]
      [GC Worker Other (ms): Min: 0.0, Avg: 0.1, Max: 0.4, Diff: 0.4, Sum: 6.0]
      [GC Worker Total (ms): Min: 0.3, Avg: 2.5, Max: 4.5, Diff: 4.2, Sum: 105.9]
      [GC Worker End (ms): Min: 831641095.1, Avg: 831641095.3, Max: 831641095.5, Diff: 0.4]
   [Code Root Fixup: 0.0 ms]
   [Code Root Purge: 0.0 ms]
   [Clear CT: 5.7 ms]
   [Other: 13.0 ms]
      [Choose CSet: 0.0 ms]
      [Ref Proc: 4.1 ms]
      [Ref Enq: 0.0 ms]
      [Redirty Cards: 5.4 ms]
      [Humongous Register: 2.1 ms]
      [Humongous Reclaim: 0.0 ms]
      [Free CSet: 0.4 ms]
   [Eden: 51200.0K(51200.0K)->0.0B(51200.0K) Survivors: 1024.0K->1024.0K Heap: 245.6M(1024.0M)->195.6M(1024.0M)]
 [Times: user=0.17 sys=0.00, real=0.02 secs] 
2023-06-23T08:11:42.591+0000: 835122.217: [GC pause (G1 Evacuation Pause) (young), 0.0292206 secs]
   [Parallel Time: 10.3 ms, GC Workers: 43]
      [GC Worker Start (ms): Min: 835122219.4, Avg: 835122222.0, Max: 835122227.4, Diff: 8.0]
      [Ext Root Scanning (ms): Min: 0.0, Avg: 1.2, Max: 7.3, Diff: 7.3, Sum: 50.4]
      [Update RS (ms): Min: 0.0, Avg: 0.2, Max: 0.5, Diff: 0.5, Sum: 9.4]
         [Processed Buffers: Min: 0, Avg: 1.4, Max: 6, Diff: 6, Sum: 60]
      [Scan RS (ms): Min: 0.0, Avg: 0.0, Max: 0.1, Diff: 0.0, Sum: 0.5]
      [Code Root Scanning (ms): Min: 0.0, Avg: 0.0, Max: 0.0, Diff: 0.0, Sum: 0.0]
      [Object Copy (ms): Min: 0.0, Avg: 2.1, Max: 2.6, Diff: 2.6, Sum: 92.0]
      [Termination (ms): Min: 0.0, Avg: 1.9, Max: 2.4, Diff: 2.4, Sum: 83.7]
         [Termination Attempts: Min: 1, Avg: 10.2, Max: 15, Diff: 14, Sum: 437]
      [GC Worker Other (ms): Min: 0.0, Avg: 0.0, Max: 0.2, Diff: 0.2, Sum: 2.1]
      [GC Worker Total (ms): Min: 0.0, Avg: 5.5, Max: 8.0, Diff: 8.0, Sum: 238.1]
      [GC Worker End (ms): Min: 835122227.5, Avg: 835122227.5, Max: 835122227.7, Diff: 0.2]
   [Code Root Fixup: 0.0 ms]
   [Code Root Purge: 0.0 ms]
   [Clear CT: 4.4 ms]
   [Other: 14.5 ms]
      [Choose CSet: 0.0 ms]
      [Ref Proc: 6.9 ms]
      [Ref Enq: 0.0 ms]
      [Redirty Cards: 4.7 ms]
      [Humongous Register: 2.1 ms]
      [Humongous Reclaim: 0.0 ms]
      [Free CSet: 0.2 ms]
   [Eden: 51200.0K(51200.0K)->0.0B(51200.0K) Survivors: 1024.0K->1024.0K Heap: 245.6M(1024.0M)->195.6M(1024.0M)]
 [Times: user=0.32 sys=0.08, real=0.02 secs] 
2023-06-23T09:09:36.490+0000: 838596.116: [GC pause (G1 Evacuation Pause) (young), 0.0224880 secs]
   [Parallel Time: 7.5 ms, GC Workers: 43]
      [GC Worker Start (ms): Min: 838596116.3, Avg: 838596117.8, Max: 838596122.7, Diff: 6.5]
      [Ext Root Scanning (ms): Min: 0.0, Avg: 0.5, Max: 1.5, Diff: 1.5, Sum: 20.1]
      [Update RS (ms): Min: 0.0, Avg: 0.1, Max: 0.5, Diff: 0.5, Sum: 4.4]
         [Processed Buffers: Min: 0, Avg: 1.6, Max: 7, Diff: 7, Sum: 67]
      [Scan RS (ms): Min: 0.0, Avg: 0.0, Max: 0.0, Diff: 0.0, Sum: 0.5]
      [Code Root Scanning (ms): Min: 0.0, Avg: 0.0, Max: 0.0, Diff: 0.0, Sum: 0.0]
      [Object Copy (ms): Min: 0.1, Avg: 3.4, Max: 4.1, Diff: 4.0, Sum: 144.1]
      [Termination (ms): Min: 0.0, Avg: 1.1, Max: 2.0, Diff: 2.0, Sum: 46.5]
         [Termination Attempts: Min: 1, Avg: 20.6, Max: 30, Diff: 29, Sum: 885]
      [GC Worker Other (ms): Min: 0.0, Avg: 0.0, Max: 0.2, Diff: 0.1, Sum: 1.8]
      [GC Worker Total (ms): Min: 0.1, Avg: 5.1, Max: 6.6, Diff: 6.5, Sum: 217.4]
      [GC Worker End (ms): Min: 838596122.8, Avg: 838596122.9, Max: 838596123.0, Diff: 0.2]
   [Code Root Fixup: 0.0 ms]
   [Code Root Purge: 0.0 ms]
   [Clear CT: 4.9 ms]
   [Other: 10.1 ms]
      [Choose CSet: 0.0 ms]
      [Ref Proc: 4.6 ms]
      [Ref Enq: 0.0 ms]
      [Redirty Cards: 4.8 ms]
      [Humongous Register: 0.1 ms]
      [Humongous Reclaim: 0.0 ms]
      [Free CSet: 0.1 ms]
   [Eden: 51200.0K(51200.0K)->0.0B(51200.0K) Survivors: 1024.0K->1024.0K Heap: 245.6M(1024.0M)->195.6M(1024.0M)]
 [Times: user=0.30 sys=0.00, real=0.02 secs] 
2023-06-23T10:07:31.748+0000: 842071.373: [GC pause (G1 Evacuation Pause) (young), 0.0245694 secs]
   [Parallel Time: 8.0 ms, GC Workers: 43]
      [GC Worker Start (ms): Min: 842071375.8, Avg: 842071377.8, Max: 842071381.6, Diff: 5.9]
      [Ext Root Scanning (ms): Min: 0.0, Avg: 1.0, Max: 7.1, Diff: 7.1, Sum: 44.9]
      [Update RS (ms): Min: 0.0, Avg: 0.3, Max: 0.6, Diff: 0.6, Sum: 11.1]
         [Processed Buffers: Min: 0, Avg: 1.4, Max: 9, Diff: 9, Sum: 62]
      [Scan RS (ms): Min: 0.0, Avg: 0.0, Max: 0.0, Diff: 0.0, Sum: 0.4]
      [Code Root Scanning (ms): Min: 0.0, Avg: 0.0, Max: 0.0, Diff: 0.0, Sum: 0.0]
      [Object Copy (ms): Min: 0.0, Avg: 1.5, Max: 1.8, Diff: 1.8, Sum: 64.8]
      [Termination (ms): Min: 0.0, Avg: 2.3, Max: 2.6, Diff: 2.6, Sum: 100.0]
         [Termination Attempts: Min: 1, Avg: 5.5, Max: 9, Diff: 8, Sum: 235]
      [GC Worker Other (ms): Min: 0.0, Avg: 0.0, Max: 0.1, Diff: 0.1, Sum: 1.8]
      [GC Worker Total (ms): Min: 1.5, Avg: 5.2, Max: 7.2, Diff: 5.7, Sum: 223.0]
      [GC Worker End (ms): Min: 842071382.9, Avg: 842071383.0, Max: 842071383.1, Diff: 0.1]
   [Code Root Fixup: 0.0 ms]
   [Code Root Purge: 0.0 ms]
   [Clear CT: 4.8 ms]
   [Other: 11.8 ms]
      [Choose CSet: 0.0 ms]
      [Ref Proc: 3.8 ms]
      [Ref Enq: 0.0 ms]
      [Redirty Cards: 5.1 ms]
      [Humongous Register: 2.1 ms]
      [Humongous Reclaim: 0.0 ms]
      [Free CSet: 0.2 ms]
   [Eden: 51200.0K(51200.0K)->0.0B(51200.0K) Survivors: 1024.0K->1024.0K Heap: 245.6M(1024.0M)->195.7M(1024.0M)]
 [Times: user=0.21 sys=0.09, real=0.03 secs] 
2023-06-23T11:05:20.323+0000: 845539.948: [GC pause (G1 Evacuation Pause) (young), 0.0229296 secs]
   [Parallel Time: 8.0 ms, GC Workers: 43]
      [GC Worker Start (ms): Min: 845539948.4, Avg: 845539949.8, Max: 845539955.2, Diff: 6.8]
      [Ext Root Scanning (ms): Min: 0.0, Avg: 0.8, Max: 6.5, Diff: 6.5, Sum: 32.7]
      [Update RS (ms): Min: 0.0, Avg: 0.2, Max: 0.6, Diff: 0.6, Sum: 8.4]
         [Processed Buffers: Min: 0, Avg: 1.4, Max: 7, Diff: 7, Sum: 62]
      [Scan RS (ms): Min: 0.0, Avg: 0.0, Max: 0.1, Diff: 0.1, Sum: 0.8]
      [Code Root Scanning (ms): Min: 0.0, Avg: 0.0, Max: 0.0, Diff: 0.0, Sum: 0.0]
      [Object Copy (ms): Min: 0.0, Avg: 2.8, Max: 3.5, Diff: 3.5, Sum: 122.0]
      [Termination (ms): Min: 0.0, Avg: 1.6, Max: 3.0, Diff: 3.0, Sum: 70.5]
         [Termination Attempts: Min: 1, Avg: 14.2, Max: 21, Diff: 20, Sum: 609]
      [GC Worker Other (ms): Min: 0.0, Avg: 0.0, Max: 0.1, Diff: 0.1, Sum: 1.3]
      [GC Worker Total (ms): Min: 0.0, Avg: 5.5, Max: 7.0, Diff: 7.0, Sum: 235.6]
      [GC Worker End (ms): Min: 845539955.3, Avg: 845539955.3, Max: 845539955.5, Diff: 0.2]
   [Code Root Fixup: 0.0 ms]
   [Code Root Purge: 0.0 ms]
   [Clear CT: 4.8 ms]
   [Other: 10.2 ms]
      [Choose CSet: 0.0 ms]
      [Ref Proc: 4.8 ms]
      [Ref Enq: 0.0 ms]
      [Redirty Cards: 4.8 ms]
      [Humongous Register: 0.1 ms]
      [Humongous Reclaim: 0.0 ms]
      [Free CSet: 0.1 ms]
   [Eden: 51200.0K(51200.0K)->0.0B(51200.0K) Survivors: 1024.0K->1024.0K Heap: 245.7M(1024.0M)->195.7M(1024.0M)]
 [Times: user=0.28 sys=0.00, real=0.02 secs] 
2023-06-23T12:03:17.591+0000: 849017.217: [GC pause (G1 Evacuation Pause) (young), 0.0304289 secs]
   [Parallel Time: 10.7 ms, GC Workers: 43]
      [GC Worker Start (ms): Min: 849017219.2, Avg: 849017221.2, Max: 849017223.1, Diff: 3.8]
      [Ext Root Scanning (ms): Min: 0.0, Avg: 1.0, Max: 2.8, Diff: 2.8, Sum: 43.0]
      [Update RS (ms): Min: 0.0, Avg: 0.5, Max: 3.1, Diff: 3.1, Sum: 19.6]
         [Processed Buffers: Min: 0, Avg: 1.5, Max: 8, Diff: 8, Sum: 64]
      [Scan RS (ms): Min: 0.0, Avg: 0.0, Max: 0.0, Diff: 0.0, Sum: 0.4]
      [Code Root Scanning (ms): Min: 0.0, Avg: 0.0, Max: 0.0, Diff: 0.0, Sum: 0.0]
      [Object Copy (ms): Min: 0.0, Avg: 1.5, Max: 1.9, Diff: 1.9, Sum: 63.5]
      [Termination (ms): Min: 0.0, Avg: 1.1, Max: 1.5, Diff: 1.5, Sum: 47.8]
         [Termination Attempts: Min: 1, Avg: 5.6, Max: 10, Diff: 9, Sum: 241]
      [GC Worker Other (ms): Min: 0.0, Avg: 0.0, Max: 0.1, Diff: 0.1, Sum: 1.9]
      [GC Worker Total (ms): Min: 2.2, Avg: 4.1, Max: 6.0, Diff: 3.8, Sum: 176.3]
      [GC Worker End (ms): Min: 849017225.2, Avg: 849017225.3, Max: 849017225.4, Diff: 0.2]
   [Code Root Fixup: 0.0 ms]
   [Code Root Purge: 0.0 ms]
   [Clear CT: 5.4 ms]
   [Other: 14.3 ms]
      [Choose CSet: 0.0 ms]
      [Ref Proc: 5.9 ms]
      [Ref Enq: 0.0 ms]
      [Redirty Cards: 5.2 ms]
      [Humongous Register: 2.1 ms]
      [Humongous Reclaim: 0.0 ms]
      [Free CSet: 0.2 ms]
   [Eden: 51200.0K(51200.0K)->0.0B(51200.0K) Survivors: 1024.0K->1024.0K Heap: 245.7M(1024.0M)->195.7M(1024.0M)]
 [Times: user=0.21 sys=0.04, real=0.03 secs] 
2023-06-23T13:01:10.499+0000: 852490.125: [GC pause (G1 Evacuation Pause) (young), 0.0264788 secs]
   [Parallel Time: 10.2 ms, GC Workers: 43]
      [GC Worker Start (ms): Min: 852490125.5, Avg: 852490126.9, Max: 852490128.3, Diff: 2.8]
      [Ext Root Scanning (ms): Min: 0.0, Avg: 1.4, Max: 6.7, Diff: 6.7, Sum: 59.5]
      [Update RS (ms): Min: 0.0, Avg: 0.4, Max: 4.4, Diff: 4.4, Sum: 19.3]
         [Processed Buffers: Min: 0, Avg: 1.5, Max: 5, Diff: 5, Sum: 63]
      [Scan RS (ms): Min: 0.0, Avg: 0.0, Max: 0.0, Diff: 0.0, Sum: 0.4]
      [Code Root Scanning (ms): Min: 0.0, Avg: 0.0, Max: 0.0, Diff: 0.0, Sum: 0.0]
      [Object Copy (ms): Min: 0.0, Avg: 2.2, Max: 3.4, Diff: 3.4, Sum: 92.5]
      [Termination (ms): Min: 0.0, Avg: 1.7, Max: 2.0, Diff: 2.0, Sum: 72.1]
         [Termination Attempts: Min: 1, Avg: 9.1, Max: 13, Diff: 12, Sum: 393]
      [GC Worker Other (ms): Min: 0.0, Avg: 0.1, Max: 0.4, Diff: 0.4, Sum: 3.9]
      [GC Worker Total (ms): Min: 4.3, Avg: 5.8, Max: 7.2, Diff: 2.8, Sum: 247.7]
      [GC Worker End (ms): Min: 852490132.6, Avg: 852490132.7, Max: 852490132.8, Diff: 0.2]
   [Code Root Fixup: 0.0 ms]
   [Code Root Purge: 0.0 ms]
   [Clear CT: 5.1 ms]
   [Other: 11.1 ms]
      [Choose CSet: 0.0 ms]
      [Ref Proc: 5.2 ms]
      [Ref Enq: 0.0 ms]
      [Redirty Cards: 4.8 ms]
      [Humongous Register: 0.3 ms]
      [Humongous Reclaim: 0.0 ms]
      [Free CSet: 0.2 ms]
   [Eden: 51200.0K(51200.0K)->0.0B(51200.0K) Survivors: 1024.0K->1024.0K Heap: 245.7M(1024.0M)->195.7M(1024.0M)]
 [Times: user=0.35 sys=0.00, real=0.03 secs] 
2023-06-23T13:59:02.591+0000: 855962.217: [GC pause (G1 Evacuation Pause) (young), 0.0286837 secs]
   [Parallel Time: 7.5 ms, GC Workers: 43]
      [GC Worker Start (ms): Min: 855962218.8, Avg: 855962220.8, Max: 855962224.1, Diff: 5.3]
      [Ext Root Scanning (ms): Min: 0.0, Avg: 0.5, Max: 2.1, Diff: 2.1, Sum: 22.2]
      [Update RS (ms): Min: 0.0, Avg: 0.2, Max: 0.6, Diff: 0.6, Sum: 7.6]
         [Processed Buffers: Min: 0, Avg: 1.4, Max: 7, Diff: 7, Sum: 60]
      [Scan RS (ms): Min: 0.0, Avg: 0.0, Max: 0.1, Diff: 0.1, Sum: 0.4]
      [Code Root Scanning (ms): Min: 0.0, Avg: 0.0, Max: 0.0, Diff: 0.0, Sum: 0.0]
      [Object Copy (ms): Min: 0.0, Avg: 1.5, Max: 2.1, Diff: 2.0, Sum: 66.5]
      [Termination (ms): Min: 0.0, Avg: 1.2, Max: 1.5, Diff: 1.5, Sum: 51.3]
         [Termination Attempts: Min: 1, Avg: 6.0, Max: 11, Diff: 10, Sum: 257]
      [GC Worker Other (ms): Min: 0.0, Avg: 0.0, Max: 0.1, Diff: 0.0, Sum: 1.4]
      [GC Worker Total (ms): Min: 0.0, Avg: 3.5, Max: 5.4, Diff: 5.3, Sum: 149.5]
      [GC Worker End (ms): Min: 855962224.2, Avg: 855962224.2, Max: 855962224.4, Diff: 0.2]
   [Code Root Fixup: 0.0 ms]
   [Code Root Purge: 0.0 ms]
   [Clear CT: 6.7 ms]
   [Other: 14.5 ms]
      [Choose CSet: 0.0 ms]
      [Ref Proc: 6.2 ms]
      [Ref Enq: 0.0 ms]
      [Redirty Cards: 5.7 ms]
      [Humongous Register: 1.8 ms]
      [Humongous Reclaim: 0.0 ms]
      [Free CSet: 0.2 ms]
   [Eden: 51200.0K(51200.0K)->0.0B(51200.0K) Survivors: 1024.0K->1024.0K Heap: 245.7M(1024.0M)->195.7M(1024.0M)]
 [Times: user=0.24 sys=0.00, real=0.02 secs] 
2023-06-23T14:56:52.591+0000: 859432.217: [GC pause (G1 Evacuation Pause) (young), 0.0251157 secs]
   [Parallel Time: 8.1 ms, GC Workers: 43]
      [GC Worker Start (ms): Min: 859432217.2, Avg: 859432218.7, Max: 859432219.9, Diff: 2.7]
      [Ext Root Scanning (ms): Min: 0.0, Avg: 1.3, Max: 7.0, Diff: 7.0, Sum: 56.3]
      [Update RS (ms): Min: 0.0, Avg: 0.4, Max: 2.7, Diff: 2.7, Sum: 17.8]
         [Processed Buffers: Min: 0, Avg: 1.4, Max: 6, Diff: 6, Sum: 59]
      [Scan RS (ms): Min: 0.0, Avg: 0.0, Max: 0.0, Diff: 0.0, Sum: 0.5]
      [Code Root Scanning (ms): Min: 0.0, Avg: 0.0, Max: 0.0, Diff: 0.0, Sum: 0.0]
      [Object Copy (ms): Min: 0.0, Avg: 2.5, Max: 3.1, Diff: 3.1, Sum: 106.2]
      [Termination (ms): Min: 0.0, Avg: 1.6, Max: 2.0, Diff: 2.0, Sum: 67.4]
         [Termination Attempts: Min: 1, Avg: 9.6, Max: 14, Diff: 13, Sum: 414]
      [GC Worker Other (ms): Min: 0.0, Avg: 0.0, Max: 0.4, Diff: 0.4, Sum: 1.6]
      [GC Worker Total (ms): Min: 4.5, Avg: 5.8, Max: 7.1, Diff: 2.6, Sum: 249.8]
      [GC Worker End (ms): Min: 859432224.3, Avg: 859432224.5, Max: 859432224.5, Diff: 0.2]
   [Code Root Fixup: 0.0 ms]
   [Code Root Purge: 0.0 ms]
   [Clear CT: 5.5 ms]
   [Other: 11.5 ms]
      [Choose CSet: 0.0 ms]
      [Ref Proc: 4.7 ms]
      [Ref Enq: 0.0 ms]
      [Redirty Cards: 5.6 ms]
      [Humongous Register: 0.3 ms]
      [Humongous Reclaim: 0.0 ms]
      [Free CSet: 0.4 ms]
   [Eden: 51200.0K(51200.0K)->0.0B(51200.0K) Survivors: 1024.0K->1024.0K Heap: 245.7M(1024.0M)->195.7M(1024.0M)]
 [Times: user=0.30 sys=0.00, real=0.02 secs] 
2023-06-23T15:54:48.152+0000: 862907.777: [GC pause (G1 Evacuation Pause) (young), 0.0223924 secs]
   [Parallel Time: 5.2 ms, GC Workers: 43]
      [GC Worker Start (ms): Min: 862907779.3, Avg: 862907781.3, Max: 862907783.1, Diff: 3.8]
      [Ext Root Scanning (ms): Min: 0.0, Avg: 0.5, Max: 2.1, Diff: 2.1, Sum: 20.0]
      [Update RS (ms): Min: 0.0, Avg: 0.1, Max: 0.4, Diff: 0.4, Sum: 6.3]
         [Processed Buffers: Min: 0, Avg: 1.3, Max: 6, Diff: 6, Sum: 57]
      [Scan RS (ms): Min: 0.0, Avg: 0.0, Max: 0.0, Diff: 0.0, Sum: 0.4]
      [Code Root Scanning (ms): Min: 0.0, Avg: 0.0, Max: 0.0, Diff: 0.0, Sum: 0.0]
      [Object Copy (ms): Min: 0.2, Avg: 1.3, Max: 1.8, Diff: 1.6, Sum: 54.2]
      [Termination (ms): Min: 0.0, Avg: 0.2, Max: 0.4, Diff: 0.4, Sum: 9.3]
         [Termination Attempts: Min: 1, Avg: 4.7, Max: 9, Diff: 8, Sum: 202]
      [GC Worker Other (ms): Min: 0.0, Avg: 0.1, Max: 0.3, Diff: 0.3, Sum: 4.6]
      [GC Worker Total (ms): Min: 0.3, Avg: 2.2, Max: 4.4, Diff: 4.1, Sum: 94.7]
      [GC Worker End (ms): Min: 862907783.4, Avg: 862907783.5, Max: 862907783.7, Diff: 0.3]
   [Code Root Fixup: 0.0 ms]
   [Code Root Purge: 0.0 ms]
   [Clear CT: 5.4 ms]
   [Other: 11.8 ms]
      [Choose CSet: 0.0 ms]
      [Ref Proc: 4.0 ms]
      [Ref Enq: 0.0 ms]
      [Redirty Cards: 5.2 ms]
      [Humongous Register: 1.8 ms]
      [Humongous Reclaim: 0.0 ms]
      [Free CSet: 0.1 ms]
   [Eden: 51200.0K(51200.0K)->0.0B(51200.0K) Survivors: 1024.0K->1024.0K Heap: 245.7M(1024.0M)->195.7M(1024.0M)]
 [Times: user=0.15 sys=0.00, real=0.02 secs] 
2023-06-23T16:52:47.591+0000: 866387.217: [GC pause (G1 Evacuation Pause) (young), 0.0243415 secs]
   [Parallel Time: 9.2 ms, GC Workers: 43]
      [GC Worker Start (ms): Min: 866387216.8, Avg: 866387218.2, Max: 866387219.5, Diff: 2.7]
      [Ext Root Scanning (ms): Min: 0.0, Avg: 0.8, Max: 7.0, Diff: 7.0, Sum: 32.6]
      [Update RS (ms): Min: 0.0, Avg: 0.2, Max: 0.6, Diff: 0.6, Sum: 8.0]
         [Processed Buffers: Min: 0, Avg: 1.4, Max: 4, Diff: 4, Sum: 60]
      [Scan RS (ms): Min: 0.0, Avg: 0.0, Max: 0.0, Diff: 0.0, Sum: 0.6]
      [Code Root Scanning (ms): Min: 0.0, Avg: 0.0, Max: 0.0, Diff: 0.0, Sum: 0.0]
      [Object Copy (ms): Min: 0.0, Avg: 2.9, Max: 3.3, Diff: 3.3, Sum: 125.2]
      [Termination (ms): Min: 0.0, Avg: 1.9, Max: 2.6, Diff: 2.6, Sum: 79.7]
         [Termination Attempts: Min: 1, Avg: 12.3, Max: 21, Diff: 20, Sum: 527]
      [GC Worker Other (ms): Min: 0.0, Avg: 0.0, Max: 0.1, Diff: 0.1, Sum: 1.2]
      [GC Worker Total (ms): Min: 4.4, Avg: 5.8, Max: 7.1, Diff: 2.6, Sum: 247.4]
      [GC Worker End (ms): Min: 866387223.9, Avg: 866387224.0, Max: 866387224.1, Diff: 0.2]
   [Code Root Fixup: 0.0 ms]
   [Code Root Purge: 0.0 ms]
   [Clear CT: 5.4 ms]
   [Other: 9.7 ms]
      [Choose CSet: 0.0 ms]
      [Ref Proc: 3.7 ms]
      [Ref Enq: 0.0 ms]
      [Redirty Cards: 5.4 ms]
      [Humongous Register: 0.1 ms]
      [Humongous Reclaim: 0.0 ms]
      [Free CSet: 0.1 ms]
   [Eden: 51200.0K(51200.0K)->0.0B(51200.0K) Survivors: 1024.0K->1024.0K Heap: 245.7M(1024.0M)->195.7M(1024.0M)]
 [Times: user=0.30 sys=0.00, real=0.02 secs] 
2023-06-23T17:50:47.591+0000: 869867.217: [GC pause (G1 Evacuation Pause) (young), 0.0254740 secs]
   [Parallel Time: 8.6 ms, GC Workers: 43]
      [GC Worker Start (ms): Min: 869867219.2, Avg: 869867221.3, Max: 869867223.1, Diff: 3.9]
      [Ext Root Scanning (ms): Min: 0.0, Avg: 0.7, Max: 2.5, Diff: 2.5, Sum: 30.7]
      [Update RS (ms): Min: 0.0, Avg: 0.2, Max: 0.6, Diff: 0.6, Sum: 7.5]
         [Processed Buffers: Min: 0, Avg: 1.4, Max: 6, Diff: 6, Sum: 60]
      [Scan RS (ms): Min: 0.0, Avg: 0.0, Max: 0.0, Diff: 0.0, Sum: 0.6]
      [Code Root Scanning (ms): Min: 0.0, Avg: 0.0, Max: 0.0, Diff: 0.0, Sum: 0.0]
      [Object Copy (ms): Min: 0.9, Avg: 1.8, Max: 2.2, Diff: 1.2, Sum: 78.0]
      [Termination (ms): Min: 0.1, Avg: 0.2, Max: 0.5, Diff: 0.4, Sum: 9.9]
         [Termination Attempts: Min: 1, Avg: 5.3, Max: 8, Diff: 7, Sum: 228]
      [GC Worker Other (ms): Min: 0.0, Avg: 0.1, Max: 0.3, Diff: 0.3, Sum: 5.5]
      [GC Worker Total (ms): Min: 1.3, Avg: 3.1, Max: 5.1, Diff: 3.8, Sum: 132.3]
      [GC Worker End (ms): Min: 869867224.2, Avg: 869867224.3, Max: 869867224.5, Diff: 0.3]
   [Code Root Fixup: 0.0 ms]
   [Code Root Purge: 0.0 ms]
   [Clear CT: 5.0 ms]
   [Other: 11.9 ms]
      [Choose CSet: 0.0 ms]
      [Ref Proc: 3.7 ms]
      [Ref Enq: 0.0 ms]
      [Redirty Cards: 5.1 ms]
      [Humongous Register: 2.1 ms]
      [Humongous Reclaim: 0.0 ms]
      [Free CSet: 0.2 ms]
   [Eden: 51200.0K(51200.0K)->0.0B(51200.0K) Survivors: 1024.0K->1024.0K Heap: 245.7M(1024.0M)->195.7M(1024.0M)]
 [Times: user=0.19 sys=0.00, real=0.02 secs] 
2023-06-23T18:48:47.285+0000: 873346.911: [GC pause (G1 Evacuation Pause) (young), 0.0243771 secs]
   [Parallel Time: 8.8 ms, GC Workers: 43]
      [GC Worker Start (ms): Min: 873346911.6, Avg: 873346913.0, Max: 873346914.2, Diff: 2.6]
      [Ext Root Scanning (ms): Min: 0.4, Avg: 1.7, Max: 7.2, Diff: 6.8, Sum: 73.9]
      [Update RS (ms): Min: 0.0, Avg: 0.5, Max: 1.0, Diff: 1.0, Sum: 20.6]
         [Processed Buffers: Min: 0, Avg: 1.6, Max: 11, Diff: 11, Sum: 70]
      [Scan RS (ms): Min: 0.0, Avg: 0.0, Max: 0.1, Diff: 0.0, Sum: 0.5]
      [Code Root Scanning (ms): Min: 0.0, Avg: 0.0, Max: 0.0, Diff: 0.0, Sum: 0.0]
      [Object Copy (ms): Min: 0.0, Avg: 2.1, Max: 2.4, Diff: 2.4, Sum: 88.6]
      [Termination (ms): Min: 0.0, Avg: 1.7, Max: 2.0, Diff: 2.0, Sum: 73.7]
         [Termination Attempts: Min: 1, Avg: 7.5, Max: 12, Diff: 11, Sum: 324]
      [GC Worker Other (ms): Min: 0.0, Avg: 0.0, Max: 0.1, Diff: 0.0, Sum: 1.1]
      [GC Worker Total (ms): Min: 4.8, Avg: 6.0, Max: 7.2, Diff: 2.5, Sum: 258.5]
      [GC Worker End (ms): Min: 873346918.9, Avg: 873346919.0, Max: 873346919.1, Diff: 0.2]
   [Code Root Fixup: 0.0 ms]
   [Code Root Purge: 0.0 ms]
   [Clear CT: 5.4 ms]
   [Other: 10.2 ms]
      [Choose CSet: 0.0 ms]
      [Ref Proc: 3.8 ms]
      [Ref Enq: 0.0 ms]
      [Redirty Cards: 5.4 ms]
      [Humongous Register: 0.3 ms]
      [Humongous Reclaim: 0.0 ms]
      [Free CSet: 0.3 ms]
   [Eden: 51200.0K(51200.0K)->0.0B(51200.0K) Survivors: 1024.0K->1024.0K Heap: 245.7M(1024.0M)->195.7M(1024.0M)]
 [Times: user=0.30 sys=0.00, real=0.03 secs] 
2023-06-23T19:46:47.366+0000: 876826.991: [GC pause (G1 Evacuation Pause) (young), 0.0236045 secs]
   [Parallel Time: 5.2 ms, GC Workers: 43]
      [GC Worker Start (ms): Min: 876826993.4, Avg: 876826995.4, Max: 876826997.2, Diff: 3.8]
      [Ext Root Scanning (ms): Min: 0.0, Avg: 0.5, Max: 2.2, Diff: 2.2, Sum: 22.6]
      [Update RS (ms): Min: 0.0, Avg: 0.1, Max: 0.4, Diff: 0.4, Sum: 4.6]
         [Processed Buffers: Min: 0, Avg: 1.4, Max: 7, Diff: 7, Sum: 59]
      [Scan RS (ms): Min: 0.0, Avg: 0.0, Max: 0.0, Diff: 0.0, Sum: 0.5]
      [Code Root Scanning (ms): Min: 0.0, Avg: 0.0, Max: 0.0, Diff: 0.0, Sum: 0.0]
      [Object Copy (ms): Min: 0.2, Avg: 1.5, Max: 2.1, Diff: 1.9, Sum: 62.5]
      [Termination (ms): Min: 0.1, Avg: 0.2, Max: 0.4, Diff: 0.3, Sum: 9.6]
         [Termination Attempts: Min: 1, Avg: 5.2, Max: 9, Diff: 8, Sum: 225]
      [GC Worker Other (ms): Min: 0.0, Avg: 0.1, Max: 0.3, Diff: 0.3, Sum: 4.8]
      [GC Worker Total (ms): Min: 0.6, Avg: 2.4, Max: 4.5, Diff: 3.9, Sum: 104.5]
      [GC Worker End (ms): Min: 876826997.7, Avg: 876826997.8, Max: 876826998.0, Diff: 0.3]
   [Code Root Fixup: 0.0 ms]
   [Code Root Purge: 0.0 ms]
   [Clear CT: 4.9 ms]
   [Other: 13.5 ms]
      [Choose CSet: 0.0 ms]
      [Ref Proc: 6.2 ms]
      [Ref Enq: 0.0 ms]
      [Redirty Cards: 4.8 ms]
      [Humongous Register: 1.8 ms]
      [Humongous Reclaim: 0.0 ms]
      [Free CSet: 0.1 ms]
   [Eden: 51200.0K(51200.0K)->0.0B(51200.0K) Survivors: 1024.0K->1024.0K Heap: 245.7M(1024.0M)->195.7M(1024.0M)]
 [Times: user=0.13 sys=0.03, real=0.03 secs] 
2023-06-23T20:44:32.079+0000: 880291.704: [GC pause (G1 Evacuation Pause) (young), 0.0253002 secs]
   [Parallel Time: 9.3 ms, GC Workers: 43]
      [GC Worker Start (ms): Min: 880291704.5, Avg: 880291705.9, Max: 880291707.1, Diff: 2.6]
      [Ext Root Scanning (ms): Min: 0.0, Avg: 0.5, Max: 1.7, Diff: 1.7, Sum: 21.9]
      [Update RS (ms): Min: 0.0, Avg: 0.1, Max: 0.5, Diff: 0.5, Sum: 5.3]
         [Processed Buffers: Min: 0, Avg: 1.4, Max: 6, Diff: 6, Sum: 60]
      [Scan RS (ms): Min: 0.0, Avg: 0.0, Max: 0.0, Diff: 0.0, Sum: 0.6]
      [Code Root Scanning (ms): Min: 0.0, Avg: 0.0, Max: 0.0, Diff: 0.0, Sum: 0.0]
      [Object Copy (ms): Min: 2.5, Avg: 3.8, Max: 4.6, Diff: 2.1, Sum: 165.5]
      [Termination (ms): Min: 0.5, Avg: 1.2, Max: 2.4, Diff: 1.9, Sum: 53.7]
         [Termination Attempts: Min: 12, Avg: 17.8, Max: 28, Diff: 16, Sum: 766]
      [GC Worker Other (ms): Min: 0.0, Avg: 0.1, Max: 0.3, Diff: 0.3, Sum: 4.9]
      [GC Worker Total (ms): Min: 4.5, Avg: 5.9, Max: 7.2, Diff: 2.7, Sum: 251.9]
      [GC Worker End (ms): Min: 880291711.7, Avg: 880291711.7, Max: 880291711.9, Diff: 0.3]
   [Code Root Fixup: 0.0 ms]
   [Code Root Purge: 0.0 ms]
   [Clear CT: 5.4 ms]
   [Other: 10.6 ms]
      [Choose CSet: 0.0 ms]
      [Ref Proc: 4.3 ms]
      [Ref Enq: 0.0 ms]
      [Redirty Cards: 5.7 ms]
      [Humongous Register: 0.1 ms]
      [Humongous Reclaim: 0.0 ms]
      [Free CSet: 0.1 ms]
   [Eden: 51200.0K(51200.0K)->0.0B(51200.0K) Survivors: 1024.0K->1024.0K Heap: 245.7M(1024.0M)->195.7M(1024.0M)]
 [Times: user=0.31 sys=0.00, real=0.03 secs] 
2023-06-23T21:42:17.591+0000: 883757.217: [GC pause (G1 Evacuation Pause) (young), 0.0278569 secs]
   [Parallel Time: 10.5 ms, GC Workers: 43]
      [GC Worker Start (ms): Min: 883757219.5, Avg: 883757221.6, Max: 883757225.3, Diff: 5.8]
      [Ext Root Scanning (ms): Min: 0.0, Avg: 1.0, Max: 7.8, Diff: 7.8, Sum: 41.5]
      [Update RS (ms): Min: 0.0, Avg: 0.2, Max: 0.7, Diff: 0.7, Sum: 10.7]
         [Processed Buffers: Min: 0, Avg: 1.4, Max: 6, Diff: 6, Sum: 61]
      [Scan RS (ms): Min: 0.0, Avg: 0.0, Max: 0.0, Diff: 0.0, Sum: 0.4]
      [Code Root Scanning (ms): Min: 0.0, Avg: 0.0, Max: 0.0, Diff: 0.0, Sum: 0.0]
      [Object Copy (ms): Min: 0.0, Avg: 1.7, Max: 2.1, Diff: 2.1, Sum: 71.4]
      [Termination (ms): Min: 0.0, Avg: 3.0, Max: 3.2, Diff: 3.2, Sum: 127.7]
         [Termination Attempts: Min: 1, Avg: 4.8, Max: 10, Diff: 9, Sum: 206]
      [GC Worker Other (ms): Min: 0.0, Avg: 0.0, Max: 0.1, Diff: 0.1, Sum: 1.7]
      [GC Worker Total (ms): Min: 2.1, Avg: 5.9, Max: 7.9, Diff: 5.8, Sum: 253.5]
      [GC Worker End (ms): Min: 883757227.3, Avg: 883757227.5, Max: 883757227.5, Diff: 0.2]
   [Code Root Fixup: 0.0 ms]
   [Code Root Purge: 0.0 ms]
   [Clear CT: 5.3 ms]
   [Other: 12.0 ms]
      [Choose CSet: 0.0 ms]
      [Ref Proc: 3.6 ms]
      [Ref Enq: 0.0 ms]
      [Redirty Cards: 5.4 ms]
      [Humongous Register: 2.1 ms]
      [Humongous Reclaim: 0.0 ms]
      [Free CSet: 0.2 ms]
   [Eden: 51200.0K(51200.0K)->0.0B(51200.0K) Survivors: 1024.0K->1024.0K Heap: 245.7M(1024.0M)->195.7M(1024.0M)]
 [Times: user=0.31 sys=0.00, real=0.02 secs] 
2023-06-23T22:40:10.533+0000: 887230.159: [GC pause (G1 Evacuation Pause) (young), 0.0224141 secs]
   [Parallel Time: 7.5 ms, GC Workers: 43]
      [GC Worker Start (ms): Min: 887230159.2, Avg: 887230160.6, Max: 887230161.9, Diff: 2.7]
      [Ext Root Scanning (ms): Min: 0.0, Avg: 0.5, Max: 1.7, Diff: 1.7, Sum: 21.2]
      [Update RS (ms): Min: 0.0, Avg: 0.1, Max: 0.6, Diff: 0.6, Sum: 6.0]
         [Processed Buffers: Min: 0, Avg: 1.4, Max: 5, Diff: 5, Sum: 62]
      [Scan RS (ms): Min: 0.0, Avg: 0.0, Max: 0.0, Diff: 0.0, Sum: 0.4]
      [Code Root Scanning (ms): Min: 0.0, Avg: 0.0, Max: 0.0, Diff: 0.0, Sum: 0.0]
      [Object Copy (ms): Min: 2.4, Avg: 3.3, Max: 3.7, Diff: 1.3, Sum: 141.3]
      [Termination (ms): Min: 0.4, Avg: 0.7, Max: 1.3, Diff: 0.9, Sum: 30.3]
         [Termination Attempts: Min: 9, Avg: 14.0, Max: 21, Diff: 12, Sum: 604]
      [GC Worker Other (ms): Min: 0.0, Avg: 0.1, Max: 0.3, Diff: 0.2, Sum: 3.4]
      [GC Worker Total (ms): Min: 3.4, Avg: 4.7, Max: 6.1, Diff: 2.6, Sum: 202.6]
      [GC Worker End (ms): Min: 887230165.3, Avg: 887230165.3, Max: 887230165.5, Diff: 0.3]
   [Code Root Fixup: 0.0 ms]
   [Code Root Purge: 0.0 ms]
   [Clear CT: 5.0 ms]
   [Other: 9.9 ms]
      [Choose CSet: 0.0 ms]
      [Ref Proc: 4.5 ms]
      [Ref Enq: 0.0 ms]
      [Redirty Cards: 4.8 ms]
      [Humongous Register: 0.1 ms]
      [Humongous Reclaim: 0.0 ms]
      [Free CSet: 0.1 ms]
   [Eden: 51200.0K(51200.0K)->0.0B(51200.0K) Survivors: 1024.0K->1024.0K Heap: 245.7M(1024.0M)->195.7M(1024.0M)]
 [Times: user=0.25 sys=0.00, real=0.02 secs] 
2023-06-23T23:38:06.110+0000: 890705.735: [GC pause (G1 Evacuation Pause) (young), 0.0264442 secs]
   [Parallel Time: 10.6 ms, GC Workers: 43]
      [GC Worker Start (ms): Min: 890705736.0, Avg: 890705737.4, Max: 890705738.6, Diff: 2.5]
      [Ext Root Scanning (ms): Min: 0.3, Avg: 1.6, Max: 6.7, Diff: 6.4, Sum: 67.3]
      [Update RS (ms): Min: 0.0, Avg: 0.3, Max: 0.6, Diff: 0.6, Sum: 11.5]
         [Processed Buffers: Min: 0, Avg: 1.5, Max: 4, Diff: 4, Sum: 66]
      [Scan RS (ms): Min: 0.0, Avg: 0.0, Max: 0.1, Diff: 0.0, Sum: 0.7]
      [Code Root Scanning (ms): Min: 0.0, Avg: 0.0, Max: 0.1, Diff: 0.1, Sum: 0.1]
      [Object Copy (ms): Min: 0.0, Avg: 1.7, Max: 1.9, Diff: 1.9, Sum: 73.6]
      [Termination (ms): Min: 0.0, Avg: 1.8, Max: 2.0, Diff: 2.0, Sum: 75.7]
         [Termination Attempts: Min: 1, Avg: 4.6, Max: 8, Diff: 7, Sum: 198]
      [GC Worker Other (ms): Min: 0.0, Avg: 0.1, Max: 0.2, Diff: 0.2, Sum: 3.3]
      [GC Worker Total (ms): Min: 4.2, Avg: 5.4, Max: 6.7, Diff: 2.5, Sum: 232.1]
      [GC Worker End (ms): Min: 890705742.7, Avg: 890705742.8, Max: 890705743.0, Diff: 0.2]
   [Code Root Fixup: 0.0 ms]
   [Code Root Purge: 0.0 ms]
   [Clear CT: 5.4 ms]
   [Other: 10.4 ms]
      [Choose CSet: 0.0 ms]
      [Ref Proc: 3.9 ms]
      [Ref Enq: 0.0 ms]
      [Redirty Cards: 5.5 ms]
      [Humongous Register: 0.3 ms]
      [Humongous Reclaim: 0.0 ms]
      [Free CSet: 0.2 ms]
   [Eden: 51200.0K(51200.0K)->0.0B(51200.0K) Survivors: 1024.0K->1024.0K Heap: 245.7M(1024.0M)->195.7M(1024.0M)]
 [Times: user=0.14 sys=0.15, real=0.02 secs] 
2023-06-24T00:36:02.591+0000: 894182.217: [GC pause (G1 Evacuation Pause) (young), 0.0227782 secs]
   [Parallel Time: 5.5 ms, GC Workers: 43]
      [GC Worker Start (ms): Min: 894182218.8, Avg: 894182220.7, Max: 894182222.6, Diff: 3.9]
      [Ext Root Scanning (ms): Min: 0.0, Avg: 0.4, Max: 2.1, Diff: 2.1, Sum: 19.2]
      [Update RS (ms): Min: 0.0, Avg: 0.1, Max: 0.5, Diff: 0.5, Sum: 5.0]
         [Processed Buffers: Min: 0, Avg: 1.7, Max: 10, Diff: 10, Sum: 73]
      [Scan RS (ms): Min: 0.0, Avg: 0.0, Max: 0.0, Diff: 0.0, Sum: 0.5]
      [Code Root Scanning (ms): Min: 0.0, Avg: 0.0, Max: 0.1, Diff: 0.1, Sum: 0.1]
      [Object Copy (ms): Min: 0.0, Avg: 0.9, Max: 1.4, Diff: 1.4, Sum: 38.4]
      [Termination (ms): Min: 0.0, Avg: 0.7, Max: 0.9, Diff: 0.9, Sum: 29.1]
         [Termination Attempts: Min: 1, Avg: 3.2, Max: 8, Diff: 7, Sum: 138]
      [GC Worker Other (ms): Min: 0.0, Avg: 0.0, Max: 0.0, Diff: 0.0, Sum: 1.2]
      [GC Worker Total (ms): Min: 0.1, Avg: 2.2, Max: 4.2, Diff: 4.1, Sum: 93.5]
      [GC Worker End (ms): Min: 894182222.7, Avg: 894182222.9, Max: 894182223.0, Diff: 0.3]
   [Code Root Fixup: 0.0 ms]
   [Code Root Purge: 0.0 ms]
   [Clear CT: 5.3 ms]
   [Other: 11.9 ms]
      [Choose CSet: 0.0 ms]
      [Ref Proc: 3.8 ms]
      [Ref Enq: 0.0 ms]
      [Redirty Cards: 5.3 ms]
      [Humongous Register: 1.8 ms]
      [Humongous Reclaim: 0.0 ms]
      [Free CSet: 0.1 ms]
   [Eden: 51200.0K(51200.0K)->0.0B(51200.0K) Survivors: 1024.0K->1024.0K Heap: 245.7M(1024.0M)->195.7M(1024.0M)]
 [Times: user=0.15 sys=0.00, real=0.02 secs] 
2023-06-24T01:33:52.591+0000: 897652.216: [GC pause (G1 Evacuation Pause) (young), 0.0205055 secs]
   [Parallel Time: 5.2 ms, GC Workers: 43]
      [GC Worker Start (ms): Min: 897652216.9, Avg: 897652218.4, Max: 897652219.6, Diff: 2.7]
      [Ext Root Scanning (ms): Min: 0.0, Avg: 0.6, Max: 1.8, Diff: 1.8, Sum: 24.1]
      [Update RS (ms): Min: 0.0, Avg: 0.1, Max: 0.5, Diff: 0.5, Sum: 5.5]
         [Processed Buffers: Min: 0, Avg: 1.4, Max: 7, Diff: 7, Sum: 59]
      [Scan RS (ms): Min: 0.0, Avg: 0.0, Max: 0.0, Diff: 0.0, Sum: 0.5]
      [Code Root Scanning (ms): Min: 0.0, Avg: 0.0, Max: 0.1, Diff: 0.1, Sum: 0.1]
      [Object Copy (ms): Min: 0.8, Avg: 1.4, Max: 1.7, Diff: 0.9, Sum: 60.9]
      [Termination (ms): Min: 0.0, Avg: 0.2, Max: 0.3, Diff: 0.3, Sum: 7.8]
         [Termination Attempts: Min: 1, Avg: 4.6, Max: 8, Diff: 7, Sum: 199]
      [GC Worker Other (ms): Min: 0.0, Avg: 0.1, Max: 0.3, Diff: 0.3, Sum: 3.8]
      [GC Worker Total (ms): Min: 1.2, Avg: 2.4, Max: 3.9, Diff: 2.7, Sum: 102.7]
      [GC Worker End (ms): Min: 897652220.7, Avg: 897652220.8, Max: 897652221.0, Diff: 0.3]
   [Code Root Fixup: 0.0 ms]
   [Code Root Purge: 0.0 ms]
   [Clear CT: 5.0 ms]
   [Other: 10.3 ms]
      [Choose CSet: 0.0 ms]
      [Ref Proc: 4.2 ms]
      [Ref Enq: 0.0 ms]
      [Redirty Cards: 5.2 ms]
      [Humongous Register: 0.2 ms]
      [Humongous Reclaim: 0.0 ms]
      [Free CSet: 0.1 ms]
   [Eden: 51200.0K(51200.0K)->0.0B(51200.0K) Survivors: 1024.0K->1024.0K Heap: 245.7M(1024.0M)->195.7M(1024.0M)]
 [Times: user=0.16 sys=0.00, real=0.02 secs] 
2023-06-24T02:31:42.591+0000: 901122.217: [GC pause (G1 Evacuation Pause) (young), 0.0242214 secs]
   [Parallel Time: 7.6 ms, GC Workers: 43]
      [GC Worker Start (ms): Min: 901122216.8, Avg: 901122218.2, Max: 901122219.5, Diff: 2.6]
      [Ext Root Scanning (ms): Min: 0.0, Avg: 0.8, Max: 6.1, Diff: 6.1, Sum: 35.1]
      [Update RS (ms): Min: 0.0, Avg: 0.1, Max: 0.5, Diff: 0.5, Sum: 6.3]
         [Processed Buffers: Min: 0, Avg: 1.5, Max: 8, Diff: 8, Sum: 64]
      [Scan RS (ms): Min: 0.0, Avg: 0.0, Max: 0.0, Diff: 0.0, Sum: 0.7]
      [Code Root Scanning (ms): Min: 0.0, Avg: 0.0, Max: 0.1, Diff: 0.1, Sum: 0.1]
      [Object Copy (ms): Min: 0.0, Avg: 2.1, Max: 2.3, Diff: 2.3, Sum: 90.1]
      [Termination (ms): Min: 0.0, Avg: 1.7, Max: 1.9, Diff: 1.9, Sum: 74.5]
         [Termination Attempts: Min: 1, Avg: 8.3, Max: 12, Diff: 11, Sum: 358]
      [GC Worker Other (ms): Min: 0.0, Avg: 0.0, Max: 0.1, Diff: 0.1, Sum: 1.1]
      [GC Worker Total (ms): Min: 3.6, Avg: 4.8, Max: 6.2, Diff: 2.5, Sum: 207.8]
      [GC Worker End (ms): Min: 901122223.0, Avg: 901122223.1, Max: 901122223.2, Diff: 0.1]
   [Code Root Fixup: 0.0 ms]
   [Code Root Purge: 0.0 ms]
   [Clear CT: 5.1 ms]
   [Other: 11.5 ms]
      [Choose CSet: 0.0 ms]
      [Ref Proc: 5.9 ms]
      [Ref Enq: 0.0 ms]
      [Redirty Cards: 4.9 ms]
      [Humongous Register: 0.1 ms]
      [Humongous Reclaim: 0.0 ms]
      [Free CSet: 0.1 ms]
   [Eden: 51200.0K(51200.0K)->0.0B(51200.0K) Survivors: 1024.0K->1024.0K Heap: 245.7M(1024.0M)->195.7M(1024.0M)]
 [Times: user=0.26 sys=0.00, real=0.02 secs] 
2023-06-24T03:29:31.544+0000: 904591.170: [GC pause (G1 Evacuation Pause) (young), 0.0195558 secs]
   [Parallel Time: 5.6 ms, GC Workers: 43]
      [GC Worker Start (ms): Min: 904591170.6, Avg: 904591172.0, Max: 904591173.2, Diff: 2.5]
      [Ext Root Scanning (ms): Min: 0.0, Avg: 1.2, Max: 2.5, Diff: 2.5, Sum: 49.6]
      [Update RS (ms): Min: 0.2, Avg: 0.6, Max: 1.3, Diff: 1.1, Sum: 23.7]
         [Processed Buffers: Min: 0, Avg: 1.5, Max: 9, Diff: 9, Sum: 66]
      [Scan RS (ms): Min: 0.0, Avg: 0.0, Max: 0.0, Diff: 0.0, Sum: 0.4]
      [Code Root Scanning (ms): Min: 0.0, Avg: 0.0, Max: 0.1, Diff: 0.1, Sum: 0.1]
      [Object Copy (ms): Min: 0.7, Avg: 1.3, Max: 1.8, Diff: 1.1, Sum: 56.8]
      [Termination (ms): Min: 0.0, Avg: 0.2, Max: 0.4, Diff: 0.4, Sum: 9.2]
         [Termination Attempts: Min: 2, Avg: 5.6, Max: 10, Diff: 8, Sum: 239]
      [GC Worker Other (ms): Min: 0.0, Avg: 0.1, Max: 0.9, Diff: 0.9, Sum: 5.9]
      [GC Worker Total (ms): Min: 2.1, Avg: 3.4, Max: 4.7, Diff: 2.6, Sum: 145.6]
      [GC Worker End (ms): Min: 904591175.2, Avg: 904591175.3, Max: 904591175.6, Diff: 0.3]
   [Code Root Fixup: 0.0 ms]
   [Code Root Purge: 0.0 ms]
   [Clear CT: 5.0 ms]
   [Other: 9.0 ms]
      [Choose CSet: 0.0 ms]
      [Ref Proc: 3.5 ms]
      [Ref Enq: 0.0 ms]
      [Redirty Cards: 4.4 ms]
      [Humongous Register: 0.3 ms]
      [Humongous Reclaim: 0.0 ms]
      [Free CSet: 0.2 ms]
   [Eden: 51200.0K(51200.0K)->0.0B(51200.0K) Survivors: 1024.0K->1024.0K Heap: 245.7M(1024.0M)->195.7M(1024.0M)]
 [Times: user=0.18 sys=0.00, real=0.02 secs] 
2023-06-24T04:27:12.591+0000: 908052.217: [GC pause (G1 Evacuation Pause) (young), 0.0251921 secs]
   [Parallel Time: 6.6 ms, GC Workers: 43]
      [GC Worker Start (ms): Min: 908052218.8, Avg: 908052220.6, Max: 908052222.5, Diff: 3.7]
      [Ext Root Scanning (ms): Min: 0.0, Avg: 0.5, Max: 2.4, Diff: 2.4, Sum: 23.2]
      [Update RS (ms): Min: 0.0, Avg: 0.2, Max: 0.5, Diff: 0.5, Sum: 7.5]
         [Processed Buffers: Min: 0, Avg: 1.3, Max: 7, Diff: 7, Sum: 58]
      [Scan RS (ms): Min: 0.0, Avg: 0.0, Max: 0.0, Diff: 0.0, Sum: 0.4]
      [Code Root Scanning (ms): Min: 0.0, Avg: 0.0, Max: 0.1, Diff: 0.1, Sum: 0.1]
      [Object Copy (ms): Min: 0.1, Avg: 1.3, Max: 1.9, Diff: 1.8, Sum: 56.7]
      [Termination (ms): Min: 0.0, Avg: 0.2, Max: 0.4, Diff: 0.4, Sum: 9.8]
         [Termination Attempts: Min: 1, Avg: 4.8, Max: 9, Diff: 8, Sum: 207]
      [GC Worker Other (ms): Min: 0.0, Avg: 0.1, Max: 0.2, Diff: 0.2, Sum: 3.3]
      [GC Worker Total (ms): Min: 0.5, Avg: 2.3, Max: 4.3, Diff: 3.8, Sum: 101.0]
      [GC Worker End (ms): Min: 908052222.9, Avg: 908052223.0, Max: 908052223.1, Diff: 0.2]
   [Code Root Fixup: 0.0 ms]
   [Code Root Purge: 0.0 ms]
   [Clear CT: 5.8 ms]
   [Other: 12.8 ms]
      [Choose CSet: 0.0 ms]
      [Ref Proc: 5.0 ms]
      [Ref Enq: 0.0 ms]
      [Redirty Cards: 5.3 ms]
      [Humongous Register: 1.8 ms]
      [Humongous Reclaim: 0.0 ms]
      [Free CSet: 0.1 ms]
   [Eden: 51200.0K(51200.0K)->0.0B(51200.0K) Survivors: 1024.0K->1024.0K Heap: 245.7M(1024.0M)->195.7M(1024.0M)]
 [Times: user=0.15 sys=0.00, real=0.02 secs] 
2023-06-24T05:25:02.942+0000: 911522.567: [GC pause (G1 Evacuation Pause) (young), 0.0238138 secs]
   [Parallel Time: 9.3 ms, GC Workers: 43]
      [GC Worker Start (ms): Min: 911522567.4, Avg: 911522568.9, Max: 911522570.2, Diff: 2.8]
      [Ext Root Scanning (ms): Min: 0.0, Avg: 0.6, Max: 1.8, Diff: 1.8, Sum: 23.8]
      [Update RS (ms): Min: 0.0, Avg: 0.1, Max: 0.4, Diff: 0.4, Sum: 4.9]
         [Processed Buffers: Min: 0, Avg: 1.3, Max: 8, Diff: 8, Sum: 58]
      [Scan RS (ms): Min: 0.0, Avg: 0.0, Max: 0.0, Diff: 0.0, Sum: 0.5]
      [Code Root Scanning (ms): Min: 0.0, Avg: 0.0, Max: 0.1, Diff: 0.1, Sum: 0.1]
      [Object Copy (ms): Min: 2.5, Avg: 3.5, Max: 4.2, Diff: 1.8, Sum: 151.7]
      [Termination (ms): Min: 0.8, Avg: 1.3, Max: 2.0, Diff: 1.2, Sum: 55.3]
         [Termination Attempts: Min: 12, Avg: 20.6, Max: 25, Diff: 13, Sum: 886]
      [GC Worker Other (ms): Min: 0.0, Avg: 0.1, Max: 0.3, Diff: 0.3, Sum: 4.3]
      [GC Worker Total (ms): Min: 4.3, Avg: 5.6, Max: 7.1, Diff: 2.8, Sum: 240.7]
      [GC Worker End (ms): Min: 911522574.4, Avg: 911522574.5, Max: 911522574.7, Diff: 0.3]
   [Code Root Fixup: 0.0 ms]
   [Code Root Purge: 0.0 ms]
   [Clear CT: 5.1 ms]
   [Other: 9.3 ms]
      [Choose CSet: 0.0 ms]
      [Ref Proc: 3.6 ms]
      [Ref Enq: 0.0 ms]
      [Redirty Cards: 5.2 ms]
      [Humongous Register: 0.1 ms]
      [Humongous Reclaim: 0.0 ms]
      [Free CSet: 0.1 ms]
   [Eden: 51200.0K(51200.0K)->0.0B(51200.0K) Survivors: 1024.0K->1024.0K Heap: 245.7M(1024.0M)->195.7M(1024.0M)]
 [Times: user=0.30 sys=0.00, real=0.02 secs] 
2023-06-24T06:22:47.591+0000: 914987.217: [GC pause (G1 Evacuation Pause) (young), 0.0229081 secs]
   [Parallel Time: 8.0 ms, GC Workers: 43]
      [GC Worker Start (ms): Min: 914987216.8, Avg: 914987218.3, Max: 914987219.5, Diff: 2.7]
      [Ext Root Scanning (ms): Min: 0.0, Avg: 0.7, Max: 5.4, Diff: 5.4, Sum: 31.4]
      [Update RS (ms): Min: 0.0, Avg: 0.2, Max: 0.6, Diff: 0.6, Sum: 8.0]
         [Processed Buffers: Min: 0, Avg: 1.5, Max: 8, Diff: 8, Sum: 65]
      [Scan RS (ms): Min: 0.0, Avg: 0.0, Max: 0.0, Diff: 0.0, Sum: 0.5]
      [Code Root Scanning (ms): Min: 0.0, Avg: 0.0, Max: 0.1, Diff: 0.1, Sum: 0.1]
      [Object Copy (ms): Min: 0.0, Avg: 1.4, Max: 1.7, Diff: 1.7, Sum: 60.5]
      [Termination (ms): Min: 0.0, Avg: 1.7, Max: 1.9, Diff: 1.9, Sum: 71.4]
         [Termination Attempts: Min: 1, Avg: 4.9, Max: 9, Diff: 8, Sum: 210]
      [GC Worker Other (ms): Min: 0.0, Avg: 0.0, Max: 0.1, Diff: 0.1, Sum: 1.0]
      [GC Worker Total (ms): Min: 2.8, Avg: 4.0, Max: 5.4, Diff: 2.6, Sum: 172.8]
      [GC Worker End (ms): Min: 914987222.2, Avg: 914987222.3, Max: 914987222.4, Diff: 0.2]
   [Code Root Fixup: 0.0 ms]
   [Code Root Purge: 0.0 ms]
   [Clear CT: 5.2 ms]
   [Other: 9.7 ms]
      [Choose CSet: 0.0 ms]
      [Ref Proc: 3.6 ms]
      [Ref Enq: 0.0 ms]
      [Redirty Cards: 5.4 ms]
      [Humongous Register: 0.1 ms]
      [Humongous Reclaim: 0.0 ms]
      [Free CSet: 0.2 ms]
   [Eden: 51200.0K(51200.0K)->0.0B(51200.0K) Survivors: 1024.0K->1024.0K Heap: 245.7M(1024.0M)->195.7M(1024.0M)]
 [Times: user=0.23 sys=0.00, real=0.02 secs] 
2023-06-24T07:20:32.591+0000: 918452.217: [GC pause (G1 Evacuation Pause) (young), 0.0242344 secs]
   [Parallel Time: 6.0 ms, GC Workers: 43]
      [GC Worker Start (ms): Min: 918452219.1, Avg: 918452221.2, Max: 918452222.9, Diff: 3.7]
      [Ext Root Scanning (ms): Min: 0.0, Avg: 0.8, Max: 2.5, Diff: 2.5, Sum: 32.4]
      [Update RS (ms): Min: 0.0, Avg: 0.3, Max: 0.6, Diff: 0.6, Sum: 10.9]
         [Processed Buffers: Min: 0, Avg: 1.6, Max: 13, Diff: 13, Sum: 67]
      [Scan RS (ms): Min: 0.0, Avg: 0.0, Max: 0.0, Diff: 0.0, Sum: 0.5]
      [Code Root Scanning (ms): Min: 0.0, Avg: 0.0, Max: 0.1, Diff: 0.1, Sum: 0.1]
      [Object Copy (ms): Min: 1.1, Avg: 1.7, Max: 2.1, Diff: 1.0, Sum: 73.0]
      [Termination (ms): Min: 0.1, Avg: 0.2, Max: 0.4, Diff: 0.3, Sum: 8.7]
         [Termination Attempts: Min: 3, Avg: 6.3, Max: 11, Diff: 8, Sum: 272]
      [GC Worker Other (ms): Min: 0.0, Avg: 0.1, Max: 0.4, Diff: 0.4, Sum: 6.2]
      [GC Worker Total (ms): Min: 1.4, Avg: 3.1, Max: 5.0, Diff: 3.7, Sum: 131.9]
      [GC Worker End (ms): Min: 918452224.1, Avg: 918452224.2, Max: 918452224.5, Diff: 0.3]
   [Code Root Fixup: 0.0 ms]
   [Code Root Purge: 0.0 ms]
   [Clear CT: 5.5 ms]
   [Other: 12.7 ms]
      [Choose CSet: 0.0 ms]
      [Ref Proc: 4.2 ms]
      [Ref Enq: 0.0 ms]
      [Redirty Cards: 5.5 ms]
      [Humongous Register: 2.1 ms]
      [Humongous Reclaim: 0.0 ms]
      [Free CSet: 0.2 ms]
   [Eden: 51200.0K(51200.0K)->0.0B(51200.0K) Survivors: 1024.0K->1024.0K Heap: 245.7M(1024.0M)->195.7M(1024.0M)]
 [Times: user=0.19 sys=0.00, real=0.02 secs] 
2023-06-24T08:18:40.625+0000: 921940.250: [GC pause (G1 Evacuation Pause) (young), 0.0290238 secs]
   [Parallel Time: 10.7 ms, GC Workers: 43]
      [GC Worker Start (ms): Min: 921940253.0, Avg: 921940254.9, Max: 921940256.8, Diff: 3.8]
      [Ext Root Scanning (ms): Min: 0.0, Avg: 1.2, Max: 7.4, Diff: 7.4, Sum: 50.5]
      [Update RS (ms): Min: 0.0, Avg: 0.2, Max: 0.8, Diff: 0.8, Sum: 10.4]
         [Processed Buffers: Min: 0, Avg: 1.3, Max: 5, Diff: 5, Sum: 58]
      [Scan RS (ms): Min: 0.0, Avg: 0.0, Max: 0.0, Diff: 0.0, Sum: 0.6]
      [Code Root Scanning (ms): Min: 0.0, Avg: 0.0, Max: 0.1, Diff: 0.1, Sum: 0.1]
      [Object Copy (ms): Min: 0.0, Avg: 2.0, Max: 2.3, Diff: 2.3, Sum: 85.1]
      [Termination (ms): Min: 0.0, Avg: 2.2, Max: 2.5, Diff: 2.5, Sum: 94.4]
         [Termination Attempts: Min: 1, Avg: 6.5, Max: 10, Diff: 9, Sum: 278]
      [GC Worker Other (ms): Min: 0.0, Avg: 0.0, Max: 0.1, Diff: 0.0, Sum: 1.7]
      [GC Worker Total (ms): Min: 3.8, Avg: 5.6, Max: 7.5, Diff: 3.7, Sum: 242.8]
      [GC Worker End (ms): Min: 921940260.4, Avg: 921940260.6, Max: 921940260.6, Diff: 0.2]
   [Code Root Fixup: 0.0 ms]
   [Code Root Purge: 0.0 ms]
   [Clear CT: 6.1 ms]
   [Other: 12.3 ms]
      [Choose CSet: 0.0 ms]
      [Ref Proc: 4.2 ms]
      [Ref Enq: 0.0 ms]
      [Redirty Cards: 4.9 ms]
      [Humongous Register: 2.0 ms]
      [Humongous Reclaim: 0.0 ms]
      [Free CSet: 0.4 ms]
   [Eden: 51200.0K(51200.0K)->0.0B(51200.0K) Survivors: 1024.0K->1024.0K Heap: 245.7M(1024.0M)->195.7M(1024.0M)]
 [Times: user=0.27 sys=0.04, real=0.03 secs] 
2023-06-24T09:16:52.591+0000: 925432.217: [GC pause (G1 Evacuation Pause) (young), 0.0193672 secs]
   [Parallel Time: 5.6 ms, GC Workers: 43]
      [GC Worker Start (ms): Min: 925432216.9, Avg: 925432218.3, Max: 925432219.5, Diff: 2.7]
      [Ext Root Scanning (ms): Min: 0.0, Avg: 0.6, Max: 1.8, Diff: 1.8, Sum: 24.5]
      [Update RS (ms): Min: 0.0, Avg: 0.1, Max: 0.5, Diff: 0.5, Sum: 5.7]
         [Processed Buffers: Min: 0, Avg: 1.5, Max: 6, Diff: 6, Sum: 66]
      [Scan RS (ms): Min: 0.0, Avg: 0.0, Max: 0.0, Diff: 0.0, Sum: 0.4]
      [Code Root Scanning (ms): Min: 0.0, Avg: 0.0, Max: 0.1, Diff: 0.1, Sum: 0.1]
      [Object Copy (ms): Min: 1.3, Avg: 1.8, Max: 2.1, Diff: 0.8, Sum: 78.7]
      [Termination (ms): Min: 0.1, Avg: 0.2, Max: 0.4, Diff: 0.3, Sum: 9.8]
         [Termination Attempts: Min: 2, Avg: 5.2, Max: 8, Diff: 6, Sum: 225]
      [GC Worker Other (ms): Min: 0.0, Avg: 0.1, Max: 0.3, Diff: 0.2, Sum: 3.6]
      [GC Worker Total (ms): Min: 1.7, Avg: 2.9, Max: 4.3, Diff: 2.7, Sum: 122.9]
      [GC Worker End (ms): Min: 925432221.1, Avg: 925432221.2, Max: 925432221.3, Diff: 0.3]
   [Code Root Fixup: 0.0 ms]
   [Code Root Purge: 0.0 ms]
   [Clear CT: 4.8 ms]
   [Other: 9.0 ms]
      [Choose CSet: 0.0 ms]
      [Ref Proc: 3.5 ms]
      [Ref Enq: 0.0 ms]
      [Redirty Cards: 4.9 ms]
      [Humongous Register: 0.1 ms]
      [Humongous Reclaim: 0.0 ms]
      [Free CSet: 0.1 ms]
   [Eden: 51200.0K(51200.0K)->0.0B(51200.0K) Survivors: 1024.0K->1024.0K Heap: 245.7M(1024.0M)->195.7M(1024.0M)]
 [Times: user=0.16 sys=0.01, real=0.02 secs] 
2023-06-24T10:15:08.036+0000: 928927.661: [GC pause (G1 Evacuation Pause) (young), 0.0226351 secs]
   [Parallel Time: 5.4 ms, GC Workers: 43]
      [GC Worker Start (ms): Min: 928927661.5, Avg: 928927663.0, Max: 928927664.2, Diff: 2.8]
      [Ext Root Scanning (ms): Min: 0.0, Avg: 0.5, Max: 2.2, Diff: 2.2, Sum: 23.5]
      [Update RS (ms): Min: 0.0, Avg: 0.1, Max: 0.5, Diff: 0.5, Sum: 5.3]
         [Processed Buffers: Min: 0, Avg: 1.4, Max: 6, Diff: 6, Sum: 60]
      [Scan RS (ms): Min: 0.0, Avg: 0.0, Max: 0.0, Diff: 0.0, Sum: 0.5]
      [Code Root Scanning (ms): Min: 0.0, Avg: 0.0, Max: 0.1, Diff: 0.1, Sum: 0.1]
      [Object Copy (ms): Min: 1.0, Avg: 1.7, Max: 1.9, Diff: 1.0, Sum: 71.3]
      [Termination (ms): Min: 0.1, Avg: 0.2, Max: 0.5, Diff: 0.4, Sum: 9.0]
         [Termination Attempts: Min: 3, Avg: 4.4, Max: 8, Diff: 5, Sum: 191]
      [GC Worker Other (ms): Min: 0.0, Avg: 0.1, Max: 0.3, Diff: 0.3, Sum: 3.9]
      [GC Worker Total (ms): Min: 1.3, Avg: 2.6, Max: 4.2, Diff: 2.8, Sum: 113.6]
      [GC Worker End (ms): Min: 928927665.5, Avg: 928927665.6, Max: 928927665.8, Diff: 0.3]
   [Code Root Fixup: 0.0 ms]
   [Code Root Purge: 0.0 ms]
   [Clear CT: 6.7 ms]
   [Other: 10.5 ms]
      [Choose CSet: 0.0 ms]
      [Ref Proc: 4.3 ms]
      [Ref Enq: 0.0 ms]
      [Redirty Cards: 5.6 ms]
      [Humongous Register: 0.1 ms]
      [Humongous Reclaim: 0.0 ms]
      [Free CSet: 0.1 ms]
   [Eden: 51200.0K(51200.0K)->0.0B(51200.0K) Survivors: 1024.0K->1024.0K Heap: 245.7M(1024.0M)->195.7M(1024.0M)]
 [Times: user=0.14 sys=0.03, real=0.02 secs] 
2023-06-24T11:13:12.591+0000: 932412.217: [GC pause (G1 Evacuation Pause) (young), 0.0250690 secs]
   [Parallel Time: 9.9 ms, GC Workers: 43]
      [GC Worker Start (ms): Min: 932412217.2, Avg: 932412218.6, Max: 932412219.8, Diff: 2.6]
      [Ext Root Scanning (ms): Min: 0.1, Avg: 1.3, Max: 7.4, Diff: 7.4, Sum: 57.3]
      [Update RS (ms): Min: 0.0, Avg: 0.4, Max: 1.3, Diff: 1.3, Sum: 16.4]
         [Processed Buffers: Min: 0, Avg: 1.5, Max: 6, Diff: 6, Sum: 65]
      [Scan RS (ms): Min: 0.0, Avg: 0.0, Max: 0.0, Diff: 0.0, Sum: 0.4]
      [Code Root Scanning (ms): Min: 0.0, Avg: 0.0, Max: 0.1, Diff: 0.1, Sum: 0.1]
      [Object Copy (ms): Min: 0.0, Avg: 2.7, Max: 3.1, Diff: 3.1, Sum: 114.0]
      [Termination (ms): Min: 0.0, Avg: 1.7, Max: 2.1, Diff: 2.1, Sum: 71.4]
         [Termination Attempts: Min: 1, Avg: 11.4, Max: 15, Diff: 14, Sum: 489]
      [GC Worker Other (ms): Min: 0.0, Avg: 0.0, Max: 0.1, Diff: 0.0, Sum: 1.2]
      [GC Worker Total (ms): Min: 4.9, Avg: 6.1, Max: 7.4, Diff: 2.6, Sum: 260.9]
      [GC Worker End (ms): Min: 932412224.6, Avg: 932412224.7, Max: 932412224.9, Diff: 0.2]
   [Code Root Fixup: 0.0 ms]
   [Code Root Purge: 0.0 ms]
   [Clear CT: 5.1 ms]
   [Other: 10.0 ms]
      [Choose CSet: 0.0 ms]
      [Ref Proc: 3.5 ms]
      [Ref Enq: 0.0 ms]
      [Redirty Cards: 5.5 ms]
      [Humongous Register: 0.3 ms]
      [Humongous Reclaim: 0.0 ms]
      [Free CSet: 0.2 ms]
   [Eden: 51200.0K(51200.0K)->0.0B(51200.0K) Survivors: 1024.0K->1024.0K Heap: 245.7M(1024.0M)->195.7M(1024.0M)]
 [Times: user=0.31 sys=0.00, real=0.02 secs] 
2023-06-24T12:11:12.591+0000: 935892.216: [GC pause (G1 Evacuation Pause) (young), 0.0256696 secs]
   [Parallel Time: 5.4 ms, GC Workers: 43]
      [GC Worker Start (ms): Min: 935892218.8, Avg: 935892220.7, Max: 935892222.5, Diff: 3.7]
      [Ext Root Scanning (ms): Min: 0.0, Avg: 0.3, Max: 2.8, Diff: 2.8, Sum: 13.5]
      [Update RS (ms): Min: 0.0, Avg: 0.1, Max: 0.5, Diff: 0.5, Sum: 4.2]
         [Processed Buffers: Min: 0, Avg: 1.4, Max: 10, Diff: 10, Sum: 59]
      [Scan RS (ms): Min: 0.0, Avg: 0.0, Max: 0.0, Diff: 0.0, Sum: 0.5]
      [Code Root Scanning (ms): Min: 0.0, Avg: 0.0, Max: 0.1, Diff: 0.1, Sum: 0.1]
      [Object Copy (ms): Min: 0.0, Avg: 0.8, Max: 1.5, Diff: 1.5, Sum: 35.7]
      [Termination (ms): Min: 0.0, Avg: 0.7, Max: 0.9, Diff: 0.9, Sum: 28.6]
         [Termination Attempts: Min: 1, Avg: 3.7, Max: 9, Diff: 8, Sum: 157]
      [GC Worker Other (ms): Min: 0.0, Avg: 0.0, Max: 0.1, Diff: 0.1, Sum: 1.8]
      [GC Worker Total (ms): Min: 0.1, Avg: 2.0, Max: 3.9, Diff: 3.8, Sum: 84.3]
      [GC Worker End (ms): Min: 935892222.5, Avg: 935892222.7, Max: 935892222.8, Diff: 0.2]
   [Code Root Fixup: 0.0 ms]
   [Code Root Purge: 0.0 ms]
   [Clear CT: 6.0 ms]
   [Other: 14.2 ms]
      [Choose CSet: 0.0 ms]
      [Ref Proc: 5.5 ms]
      [Ref Enq: 0.0 ms]
      [Redirty Cards: 5.8 ms]
      [Humongous Register: 1.8 ms]
      [Humongous Reclaim: 0.0 ms]
      [Free CSet: 0.1 ms]
   [Eden: 51200.0K(51200.0K)->0.0B(51200.0K) Survivors: 1024.0K->1024.0K Heap: 245.7M(1024.0M)->195.7M(1024.0M)]
 [Times: user=0.15 sys=0.00, real=0.02 secs] 
2023-06-24T13:09:17.591+0000: 939377.216: [GC pause (G1 Evacuation Pause) (young), 0.0261525 secs]
   [Parallel Time: 10.8 ms, GC Workers: 43]
      [GC Worker Start (ms): Min: 939377216.6, Avg: 939377218.0, Max: 939377219.2, Diff: 2.6]
      [Ext Root Scanning (ms): Min: 0.0, Avg: 0.6, Max: 1.9, Diff: 1.8, Sum: 24.5]
      [Update RS (ms): Min: 0.0, Avg: 0.1, Max: 0.8, Diff: 0.8, Sum: 5.6]
         [Processed Buffers: Min: 0, Avg: 1.3, Max: 5, Diff: 5, Sum: 58]
      [Scan RS (ms): Min: 0.0, Avg: 0.0, Max: 0.0, Diff: 0.0, Sum: 0.6]
      [Code Root Scanning (ms): Min: 0.0, Avg: 0.0, Max: 0.1, Diff: 0.1, Sum: 0.1]
      [Object Copy (ms): Min: 3.0, Avg: 3.9, Max: 4.6, Diff: 1.6, Sum: 166.8]
      [Termination (ms): Min: 0.6, Avg: 1.2, Max: 2.1, Diff: 1.5, Sum: 51.1]
         [Termination Attempts: Min: 12, Avg: 17.7, Max: 25, Diff: 13, Sum: 762]
      [GC Worker Other (ms): Min: 0.0, Avg: 0.1, Max: 0.2, Diff: 0.2, Sum: 3.2]
      [GC Worker Total (ms): Min: 4.7, Avg: 5.9, Max: 7.2, Diff: 2.6, Sum: 251.9]
      [GC Worker End (ms): Min: 939377223.8, Avg: 939377223.9, Max: 939377224.0, Diff: 0.2]
   [Code Root Fixup: 0.0 ms]
   [Code Root Purge: 0.0 ms]
   [Clear CT: 5.3 ms]
   [Other: 10.1 ms]
      [Choose CSet: 0.0 ms]
      [Ref Proc: 4.3 ms]
      [Ref Enq: 0.0 ms]
      [Redirty Cards: 5.3 ms]
      [Humongous Register: 0.1 ms]
      [Humongous Reclaim: 0.0 ms]
      [Free CSet: 0.1 ms]
   [Eden: 51200.0K(51200.0K)->0.0B(51200.0K) Survivors: 1024.0K->1024.0K Heap: 245.7M(1024.0M)->195.7M(1024.0M)]
 [Times: user=0.31 sys=0.00, real=0.02 secs] 
2023-06-24T14:07:17.591+0000: 942857.217: [GC pause (G1 Evacuation Pause) (young), 0.0256401 secs]
   [Parallel Time: 8.0 ms, GC Workers: 43]
      [GC Worker Start (ms): Min: 942857217.2, Avg: 942857218.6, Max: 942857219.9, Diff: 2.6]
      [Ext Root Scanning (ms): Min: 0.0, Avg: 1.2, Max: 7.3, Diff: 7.2, Sum: 52.7]
      [Update RS (ms): Min: 0.0, Avg: 0.3, Max: 0.6, Diff: 0.6, Sum: 12.7]
         [Processed Buffers: Min: 0, Avg: 1.5, Max: 5, Diff: 5, Sum: 64]
      [Scan RS (ms): Min: 0.0, Avg: 0.0, Max: 0.0, Diff: 0.0, Sum: 0.6]
      [Code Root Scanning (ms): Min: 0.0, Avg: 0.0, Max: 0.1, Diff: 0.1, Sum: 0.1]
      [Object Copy (ms): Min: 0.0, Avg: 1.6, Max: 1.8, Diff: 1.8, Sum: 67.3]
      [Termination (ms): Min: 0.0, Avg: 2.8, Max: 3.1, Diff: 3.1, Sum: 120.3]
         [Termination Attempts: Min: 1, Avg: 3.9, Max: 8, Diff: 7, Sum: 169]
      [GC Worker Other (ms): Min: 0.0, Avg: 0.1, Max: 0.4, Diff: 0.4, Sum: 2.7]
      [GC Worker Total (ms): Min: 4.7, Avg: 6.0, Max: 7.3, Diff: 2.6, Sum: 256.4]
      [GC Worker End (ms): Min: 942857224.5, Avg: 942857224.6, Max: 942857224.7, Diff: 0.2]
   [Code Root Fixup: 0.0 ms]
   [Code Root Purge: 0.0 ms]
   [Clear CT: 5.9 ms]
   [Other: 11.7 ms]
      [Choose CSet: 0.0 ms]
      [Ref Proc: 5.3 ms]
      [Ref Enq: 0.0 ms]
      [Redirty Cards: 5.3 ms]
      [Humongous Register: 0.3 ms]
      [Humongous Reclaim: 0.0 ms]
      [Free CSet: 0.4 ms]
   [Eden: 51200.0K(51200.0K)->0.0B(51200.0K) Survivors: 1024.0K->1024.0K Heap: 245.7M(1024.0M)->195.7M(1024.0M)]
 [Times: user=0.31 sys=0.00, real=0.02 secs] 
2023-06-24T15:05:07.425+0000: 946327.051: [GC pause (G1 Evacuation Pause) (young), 0.0215994 secs]
   [Parallel Time: 5.3 ms, GC Workers: 43]
      [GC Worker Start (ms): Min: 946327051.2, Avg: 946327052.7, Max: 946327054.0, Diff: 2.8]
      [Ext Root Scanning (ms): Min: 0.0, Avg: 0.5, Max: 1.8, Diff: 1.8, Sum: 23.5]
      [Update RS (ms): Min: 0.0, Avg: 0.1, Max: 0.5, Diff: 0.5, Sum: 5.8]
         [Processed Buffers: Min: 0, Avg: 1.5, Max: 8, Diff: 8, Sum: 64]
      [Scan RS (ms): Min: 0.0, Avg: 0.0, Max: 0.0, Diff: 0.0, Sum: 0.5]
      [Code Root Scanning (ms): Min: 0.0, Avg: 0.0, Max: 0.0, Diff: 0.0, Sum: 0.0]
      [Object Copy (ms): Min: 1.3, Avg: 1.9, Max: 2.2, Diff: 1.0, Sum: 80.9]
      [Termination (ms): Min: 0.1, Avg: 0.2, Max: 0.4, Diff: 0.4, Sum: 10.1]
         [Termination Attempts: Min: 2, Avg: 4.9, Max: 8, Diff: 6, Sum: 211]
      [GC Worker Other (ms): Min: 0.0, Avg: 0.2, Max: 0.4, Diff: 0.4, Sum: 6.5]
      [GC Worker Total (ms): Min: 1.6, Avg: 3.0, Max: 4.5, Diff: 2.9, Sum: 127.4]
      [GC Worker End (ms): Min: 946327055.5, Avg: 946327055.7, Max: 946327055.9, Diff: 0.4]
   [Code Root Fixup: 0.0 ms]
   [Code Root Purge: 0.0 ms]
   [Clear CT: 5.1 ms]
   [Other: 11.2 ms]
      [Choose CSet: 0.0 ms]
      [Ref Proc: 5.9 ms]
      [Ref Enq: 0.0 ms]
      [Redirty Cards: 4.8 ms]
      [Humongous Register: 0.1 ms]
      [Humongous Reclaim: 0.0 ms]
      [Free CSet: 0.1 ms]
   [Eden: 51200.0K(51200.0K)->0.0B(51200.0K) Survivors: 1024.0K->1024.0K Heap: 245.7M(1024.0M)->195.7M(1024.0M)]
 [Times: user=0.18 sys=0.00, real=0.02 secs] 
2023-06-24T16:03:08.207+0000: 949807.833: [GC pause (G1 Evacuation Pause) (young), 0.0252649 secs]
   [Parallel Time: 6.8 ms, GC Workers: 43]
      [GC Worker Start (ms): Min: 949807834.9, Avg: 949807837.1, Max: 949807839.7, Diff: 4.8]
      [Ext Root Scanning (ms): Min: 0.0, Avg: 0.5, Max: 3.5, Diff: 3.5, Sum: 23.4]
      [Update RS (ms): Min: 0.0, Avg: 0.1, Max: 0.5, Diff: 0.5, Sum: 4.3]
         [Processed Buffers: Min: 0, Avg: 1.5, Max: 6, Diff: 6, Sum: 65]
      [Scan RS (ms): Min: 0.0, Avg: 0.0, Max: 0.0, Diff: 0.0, Sum: 0.4]
      [Code Root Scanning (ms): Min: 0.0, Avg: 0.0, Max: 0.0, Diff: 0.0, Sum: 0.0]
      [Object Copy (ms): Min: 0.0, Avg: 0.9, Max: 1.4, Diff: 1.4, Sum: 37.0]
      [Termination (ms): Min: 0.0, Avg: 1.1, Max: 1.4, Diff: 1.4, Sum: 49.0]
         [Termination Attempts: Min: 1, Avg: 4.6, Max: 10, Diff: 9, Sum: 198]
      [GC Worker Other (ms): Min: 0.0, Avg: 0.0, Max: 0.1, Diff: 0.0, Sum: 1.4]
      [GC Worker Total (ms): Min: 0.1, Avg: 2.7, Max: 4.9, Diff: 4.9, Sum: 115.6]
      [GC Worker End (ms): Min: 949807839.7, Avg: 949807839.8, Max: 949807839.9, Diff: 0.2]
   [Code Root Fixup: 0.0 ms]
   [Code Root Purge: 0.0 ms]
   [Clear CT: 5.4 ms]
   [Other: 13.0 ms]
      [Choose CSet: 0.0 ms]
      [Ref Proc: 5.1 ms]
      [Ref Enq: 0.0 ms]
      [Redirty Cards: 5.4 ms]
      [Humongous Register: 1.8 ms]
      [Humongous Reclaim: 0.0 ms]
      [Free CSet: 0.1 ms]
   [Eden: 51200.0K(51200.0K)->0.0B(51200.0K) Survivors: 1024.0K->1024.0K Heap: 245.7M(1024.0M)->195.7M(1024.0M)]
 [Times: user=0.19 sys=0.00, real=0.03 secs] 
2023-06-24T17:01:07.591+0000: 953287.216: [GC pause (G1 Evacuation Pause) (young), 0.0240671 secs]
   [Parallel Time: 9.8 ms, GC Workers: 43]
      [GC Worker Start (ms): Min: 953287216.6, Avg: 953287218.1, Max: 953287222.0, Diff: 5.4]
      [Ext Root Scanning (ms): Min: 0.0, Avg: 0.6, Max: 1.8, Diff: 1.8, Sum: 23.7]
      [Update RS (ms): Min: 0.0, Avg: 0.1, Max: 0.4, Diff: 0.4, Sum: 5.7]
         [Processed Buffers: Min: 0, Avg: 1.3, Max: 7, Diff: 7, Sum: 57]
      [Scan RS (ms): Min: 0.0, Avg: 0.0, Max: 0.0, Diff: 0.0, Sum: 0.6]
      [Code Root Scanning (ms): Min: 0.0, Avg: 0.0, Max: 0.0, Diff: 0.0, Sum: 0.1]
      [Object Copy (ms): Min: 0.8, Avg: 3.1, Max: 3.9, Diff: 3.2, Sum: 134.0]
      [Termination (ms): Min: 0.3, Avg: 1.2, Max: 2.4, Diff: 2.1, Sum: 50.7]
         [Termination Attempts: Min: 4, Avg: 18.1, Max: 28, Diff: 24, Sum: 780]
      [GC Worker Other (ms): Min: 0.0, Avg: 0.1, Max: 0.4, Diff: 0.4, Sum: 4.7]
      [GC Worker Total (ms): Min: 1.2, Avg: 5.1, Max: 6.7, Diff: 5.6, Sum: 219.5]
      [GC Worker End (ms): Min: 953287223.2, Avg: 953287223.3, Max: 953287223.5, Diff: 0.3]
   [Code Root Fixup: 0.0 ms]
   [Code Root Purge: 0.0 ms]
   [Clear CT: 5.1 ms]
   [Other: 9.1 ms]
      [Choose CSet: 0.0 ms]
      [Ref Proc: 3.3 ms]
      [Ref Enq: 0.0 ms]
      [Redirty Cards: 5.2 ms]
      [Humongous Register: 0.1 ms]
      [Humongous Reclaim: 0.0 ms]
      [Free CSet: 0.1 ms]
   [Eden: 51200.0K(51200.0K)->0.0B(51200.0K) Survivors: 1024.0K->1024.0K Heap: 245.7M(1024.0M)->195.7M(1024.0M)]
 [Times: user=0.27 sys=0.00, real=0.02 secs] 
2023-06-24T17:59:02.460+0000: 956762.086: [GC pause (G1 Evacuation Pause) (young), 0.0223521 secs]
   [Parallel Time: 7.1 ms, GC Workers: 43]
      [GC Worker Start (ms): Min: 956762086.6, Avg: 956762088.1, Max: 956762089.3, Diff: 2.7]
      [Ext Root Scanning (ms): Min: 0.3, Avg: 1.6, Max: 6.3, Diff: 6.0, Sum: 68.2]
      [Update RS (ms): Min: 0.0, Avg: 0.2, Max: 0.5, Diff: 0.5, Sum: 9.9]
         [Processed Buffers: Min: 0, Avg: 1.5, Max: 3, Diff: 3, Sum: 63]
      [Scan RS (ms): Min: 0.0, Avg: 0.0, Max: 0.0, Diff: 0.0, Sum: 0.6]
      [Code Root Scanning (ms): Min: 0.0, Avg: 0.0, Max: 0.0, Diff: 0.0, Sum: 0.1]
      [Object Copy (ms): Min: 0.0, Avg: 1.6, Max: 1.9, Diff: 1.9, Sum: 68.8]
      [Termination (ms): Min: 0.0, Avg: 1.4, Max: 1.8, Diff: 1.8, Sum: 62.0]
         [Termination Attempts: Min: 1, Avg: 5.1, Max: 8, Diff: 7, Sum: 219]
      [GC Worker Other (ms): Min: 0.0, Avg: 0.0, Max: 0.3, Diff: 0.2, Sum: 1.4]
      [GC Worker Total (ms): Min: 3.7, Avg: 4.9, Max: 6.3, Diff: 2.6, Sum: 211.0]
      [GC Worker End (ms): Min: 956762092.9, Avg: 956762093.0, Max: 956762093.1, Diff: 0.2]
   [Code Root Fixup: 0.0 ms]
   [Code Root Purge: 0.0 ms]
   [Clear CT: 5.0 ms]
   [Other: 10.2 ms]
      [Choose CSet: 0.0 ms]
      [Ref Proc: 3.9 ms]
      [Ref Enq: 0.0 ms]
      [Redirty Cards: 5.2 ms]
      [Humongous Register: 0.3 ms]
      [Humongous Reclaim: 0.0 ms]
      [Free CSet: 0.2 ms]
   [Eden: 51200.0K(51200.0K)->0.0B(51200.0K) Survivors: 1024.0K->1024.0K Heap: 245.7M(1024.0M)->195.7M(1024.0M)]
 [Times: user=0.26 sys=0.00, real=0.03 secs] 
2023-06-24T18:56:49.686+0000: 960229.312: [GC pause (G1 Evacuation Pause) (young), 0.0239048 secs]
   [Parallel Time: 5.4 ms, GC Workers: 43]
      [GC Worker Start (ms): Min: 960229313.7, Avg: 960229315.7, Max: 960229317.4, Diff: 3.7]
      [Ext Root Scanning (ms): Min: 0.0, Avg: 0.5, Max: 2.3, Diff: 2.3, Sum: 22.1]
      [Update RS (ms): Min: 0.0, Avg: 0.1, Max: 0.5, Diff: 0.5, Sum: 5.1]
         [Processed Buffers: Min: 0, Avg: 1.5, Max: 6, Diff: 6, Sum: 66]
      [Scan RS (ms): Min: 0.0, Avg: 0.0, Max: 0.0, Diff: 0.0, Sum: 0.5]
      [Code Root Scanning (ms): Min: 0.0, Avg: 0.0, Max: 0.0, Diff: 0.0, Sum: 0.1]
      [Object Copy (ms): Min: 0.1, Avg: 1.1, Max: 1.5, Diff: 1.4, Sum: 47.9]
      [Termination (ms): Min: 0.0, Avg: 0.2, Max: 0.4, Diff: 0.4, Sum: 8.0]
         [Termination Attempts: Min: 1, Avg: 3.6, Max: 7, Diff: 6, Sum: 155]
      [GC Worker Other (ms): Min: 0.0, Avg: 0.1, Max: 0.4, Diff: 0.3, Sum: 5.9]
      [GC Worker Total (ms): Min: 0.3, Avg: 2.1, Max: 4.1, Diff: 3.8, Sum: 89.5]
      [GC Worker End (ms): Min: 960229317.7, Avg: 960229317.8, Max: 960229318.0, Diff: 0.3]
   [Code Root Fixup: 0.0 ms]
   [Code Root Purge: 0.0 ms]
   [Clear CT: 6.3 ms]
   [Other: 12.2 ms]
      [Choose CSet: 0.0 ms]
      [Ref Proc: 4.6 ms]
      [Ref Enq: 0.0 ms]
      [Redirty Cards: 5.0 ms]
      [Humongous Register: 1.8 ms]
      [Humongous Reclaim: 0.0 ms]
      [Free CSet: 0.1 ms]
   [Eden: 51200.0K(51200.0K)->0.0B(51200.0K) Survivors: 1024.0K->1024.0K Heap: 245.7M(1024.0M)->195.7M(1024.0M)]
 [Times: user=0.08 sys=0.06, real=0.03 secs] 
2023-06-24T19:54:37.591+0000: 963697.217: [GC pause (G1 Evacuation Pause) (young), 0.0227543 secs]
   [Parallel Time: 8.1 ms, GC Workers: 43]
      [GC Worker Start (ms): Min: 963697216.9, Avg: 963697218.3, Max: 963697219.6, Diff: 2.7]
      [Ext Root Scanning (ms): Min: 0.0, Avg: 0.6, Max: 1.8, Diff: 1.8, Sum: 24.0]
      [Update RS (ms): Min: 0.0, Avg: 0.1, Max: 0.7, Diff: 0.7, Sum: 5.3]
         [Processed Buffers: Min: 0, Avg: 1.5, Max: 6, Diff: 6, Sum: 63]
      [Scan RS (ms): Min: 0.0, Avg: 0.0, Max: 0.0, Diff: 0.0, Sum: 0.5]
      [Code Root Scanning (ms): Min: 0.0, Avg: 0.0, Max: 0.0, Diff: 0.0, Sum: 0.0]
      [Object Copy (ms): Min: 2.6, Avg: 3.4, Max: 3.9, Diff: 1.3, Sum: 145.0]
      [Termination (ms): Min: 0.5, Avg: 1.1, Max: 1.7, Diff: 1.2, Sum: 49.1]
         [Termination Attempts: Min: 10, Avg: 18.2, Max: 28, Diff: 18, Sum: 782]
      [GC Worker Other (ms): Min: 0.0, Avg: 0.1, Max: 0.3, Diff: 0.3, Sum: 4.1]
      [GC Worker Total (ms): Min: 4.0, Avg: 5.3, Max: 6.9, Diff: 2.9, Sum: 228.1]
      [GC Worker End (ms): Min: 963697223.5, Avg: 963697223.6, Max: 963697223.8, Diff: 0.3]
   [Code Root Fixup: 0.0 ms]
   [Code Root Purge: 0.0 ms]
   [Clear CT: 5.1 ms]
   [Other: 9.6 ms]
      [Choose CSet: 0.0 ms]
      [Ref Proc: 3.7 ms]
      [Ref Enq: 0.0 ms]
      [Redirty Cards: 5.2 ms]
      [Humongous Register: 0.1 ms]
      [Humongous Reclaim: 0.0 ms]
      [Free CSet: 0.1 ms]
   [Eden: 51200.0K(51200.0K)->0.0B(51200.0K) Survivors: 1024.0K->1024.0K Heap: 245.7M(1024.0M)->195.7M(1024.0M)]
 [Times: user=0.28 sys=0.00, real=0.02 secs] 
2023-06-24T20:52:27.591+0000: 967167.216: [GC pause (G1 Evacuation Pause) (young), 0.0218663 secs]
   [Parallel Time: 4.6 ms, GC Workers: 43]
      [GC Worker Start (ms): Min: 967167216.7, Avg: 967167218.1, Max: 967167219.4, Diff: 2.6]
      [Ext Root Scanning (ms): Min: 0.0, Avg: 0.5, Max: 1.8, Diff: 1.8, Sum: 23.6]
      [Update RS (ms): Min: 0.0, Avg: 0.1, Max: 0.5, Diff: 0.5, Sum: 5.8]
         [Processed Buffers: Min: 0, Avg: 1.4, Max: 5, Diff: 5, Sum: 62]
      [Scan RS (ms): Min: 0.0, Avg: 0.0, Max: 0.0, Diff: 0.0, Sum: 0.5]
      [Code Root Scanning (ms): Min: 0.0, Avg: 0.0, Max: 0.0, Diff: 0.0, Sum: 0.0]
      [Object Copy (ms): Min: 1.0, Avg: 1.5, Max: 1.8, Diff: 0.8, Sum: 66.2]
      [Termination (ms): Min: 0.1, Avg: 0.2, Max: 0.4, Diff: 0.3, Sum: 9.0]
         [Termination Attempts: Min: 2, Avg: 6.0, Max: 9, Diff: 7, Sum: 258]
      [GC Worker Other (ms): Min: 0.0, Avg: 0.1, Max: 0.3, Diff: 0.3, Sum: 3.8]
      [GC Worker Total (ms): Min: 1.3, Avg: 2.5, Max: 4.0, Diff: 2.7, Sum: 108.9]
      [GC Worker End (ms): Min: 967167220.6, Avg: 967167220.7, Max: 967167220.9, Diff: 0.3]
   [Code Root Fixup: 0.0 ms]
   [Code Root Purge: 0.0 ms]
   [Clear CT: 6.7 ms]
   [Other: 10.6 ms]
      [Choose CSet: 0.0 ms]
      [Ref Proc: 4.3 ms]
      [Ref Enq: 0.0 ms]
      [Redirty Cards: 5.6 ms]
      [Humongous Register: 0.1 ms]
      [Humongous Reclaim: 0.0 ms]
      [Free CSet: 0.1 ms]
   [Eden: 51200.0K(51200.0K)->0.0B(51200.0K) Survivors: 1024.0K->1024.0K Heap: 245.7M(1024.0M)->195.7M(1024.0M)]
 [Times: user=0.16 sys=0.00, real=0.02 secs] 
2023-06-24T21:50:17.591+0000: 970637.217: [GC pause (G1 Evacuation Pause) (young), 0.0256369 secs]
   [Parallel Time: 8.0 ms, GC Workers: 43]
      [GC Worker Start (ms): Min: 970637217.2, Avg: 970637218.7, Max: 970637219.9, Diff: 2.7]
      [Ext Root Scanning (ms): Min: 0.1, Avg: 1.4, Max: 6.5, Diff: 6.4, Sum: 61.0]
      [Update RS (ms): Min: 0.0, Avg: 0.3, Max: 0.6, Diff: 0.6, Sum: 13.7]
         [Processed Buffers: Min: 0, Avg: 1.4, Max: 7, Diff: 7, Sum: 60]
      [Scan RS (ms): Min: 0.0, Avg: 0.0, Max: 0.0, Diff: 0.0, Sum: 0.4]
      [Code Root Scanning (ms): Min: 0.0, Avg: 0.0, Max: 0.0, Diff: 0.0, Sum: 0.0]
      [Object Copy (ms): Min: 0.0, Avg: 1.6, Max: 2.0, Diff: 2.0, Sum: 70.7]
      [Termination (ms): Min: 0.0, Avg: 1.7, Max: 1.9, Diff: 1.9, Sum: 72.5]
         [Termination Attempts: Min: 1, Avg: 5.1, Max: 8, Diff: 7, Sum: 221]
      [GC Worker Other (ms): Min: 0.0, Avg: 0.0, Max: 0.4, Diff: 0.3, Sum: 2.1]
      [GC Worker Total (ms): Min: 4.0, Avg: 5.1, Max: 6.5, Diff: 2.5, Sum: 220.5]
      [GC Worker End (ms): Min: 970637223.7, Avg: 970637223.8, Max: 970637223.9, Diff: 0.2]
   [Code Root Fixup: 0.0 ms]
   [Code Root Purge: 0.0 ms]
   [Clear CT: 5.2 ms]
   [Other: 12.4 ms]
      [Choose CSet: 0.0 ms]
      [Ref Proc: 6.4 ms]
      [Ref Enq: 0.0 ms]
      [Redirty Cards: 5.0 ms]
      [Humongous Register: 0.3 ms]
      [Humongous Reclaim: 0.0 ms]
      [Free CSet: 0.2 ms]
   [Eden: 51200.0K(51200.0K)->0.0B(51200.0K) Survivors: 1024.0K->1024.0K Heap: 245.7M(1024.0M)->195.7M(1024.0M)]
 [Times: user=0.27 sys=0.00, real=0.02 secs] 
2023-06-24T22:48:03.985+0000: 974103.611: [GC pause (G1 Evacuation Pause) (young), 0.0244048 secs]
   [Parallel Time: 5.9 ms, GC Workers: 43]
      [GC Worker Start (ms): Min: 974103613.1, Avg: 974103615.1, Max: 974103616.9, Diff: 3.8]
      [Ext Root Scanning (ms): Min: 0.0, Avg: 0.6, Max: 3.9, Diff: 3.9, Sum: 23.9]
      [Update RS (ms): Min: 0.0, Avg: 0.1, Max: 0.5, Diff: 0.5, Sum: 4.7]
         [Processed Buffers: Min: 0, Avg: 1.5, Max: 7, Diff: 7, Sum: 63]
      [Scan RS (ms): Min: 0.0, Avg: 0.0, Max: 0.0, Diff: 0.0, Sum: 0.5]
      [Code Root Scanning (ms): Min: 0.0, Avg: 0.0, Max: 0.0, Diff: 0.0, Sum: 0.0]
      [Object Copy (ms): Min: 0.2, Avg: 1.3, Max: 1.9, Diff: 1.7, Sum: 57.4]
      [Termination (ms): Min: 0.1, Avg: 0.2, Max: 0.3, Diff: 0.2, Sum: 6.5]
         [Termination Attempts: Min: 1, Avg: 4.3, Max: 10, Diff: 9, Sum: 185]
      [GC Worker Other (ms): Min: 0.0, Avg: 0.1, Max: 0.4, Diff: 0.3, Sum: 5.6]
      [GC Worker Total (ms): Min: 0.6, Avg: 2.3, Max: 4.3, Diff: 3.8, Sum: 98.7]
      [GC Worker End (ms): Min: 974103617.3, Avg: 974103617.4, Max: 974103617.6, Diff: 0.3]
   [Code Root Fixup: 0.0 ms]
   [Code Root Purge: 0.0 ms]
   [Clear CT: 5.3 ms]
   [Other: 13.1 ms]
      [Choose CSet: 0.0 ms]
      [Ref Proc: 4.7 ms]
      [Ref Enq: 0.0 ms]
      [Redirty Cards: 5.5 ms]
      [Humongous Register: 1.8 ms]
      [Humongous Reclaim: 0.0 ms]
      [Free CSet: 0.1 ms]
   [Eden: 51200.0K(51200.0K)->0.0B(51200.0K) Survivors: 1024.0K->1024.0K Heap: 245.7M(1024.0M)->195.7M(1024.0M)]
 [Times: user=0.12 sys=0.04, real=0.03 secs] 
2023-06-24T23:45:52.591+0000: 977572.217: [GC pause (G1 Evacuation Pause) (young), 0.0228884 secs]
   [Parallel Time: 5.2 ms, GC Workers: 43]
      [GC Worker Start (ms): Min: 977572216.9, Avg: 977572218.3, Max: 977572219.6, Diff: 2.7]
      [Ext Root Scanning (ms): Min: 0.0, Avg: 0.6, Max: 1.8, Diff: 1.8, Sum: 24.0]
      [Update RS (ms): Min: 0.0, Avg: 0.1, Max: 0.4, Diff: 0.4, Sum: 5.1]
         [Processed Buffers: Min: 0, Avg: 1.5, Max: 6, Diff: 6, Sum: 63]
      [Scan RS (ms): Min: 0.0, Avg: 0.0, Max: 0.0, Diff: 0.0, Sum: 0.5]
      [Code Root Scanning (ms): Min: 0.0, Avg: 0.0, Max: 0.0, Diff: 0.0, Sum: 0.0]
      [Object Copy (ms): Min: 1.1, Avg: 1.7, Max: 2.0, Diff: 0.9, Sum: 74.5]
      [Termination (ms): Min: 0.0, Avg: 0.2, Max: 0.4, Diff: 0.3, Sum: 7.1]
         [Termination Attempts: Min: 2, Avg: 4.6, Max: 8, Diff: 6, Sum: 199]
      [GC Worker Other (ms): Min: 0.0, Avg: 0.1, Max: 0.3, Diff: 0.3, Sum: 4.5]
      [GC Worker Total (ms): Min: 1.4, Avg: 2.7, Max: 4.1, Diff: 2.7, Sum: 115.7]
      [GC Worker End (ms): Min: 977572220.9, Avg: 977572221.0, Max: 977572221.2, Diff: 0.3]
   [Code Root Fixup: 0.0 ms]
   [Code Root Purge: 0.0 ms]
   [Clear CT: 5.3 ms]
   [Other: 12.4 ms]
      [Choose CSet: 0.0 ms]
      [Ref Proc: 6.6 ms]
      [Ref Enq: 0.0 ms]
      [Redirty Cards: 5.2 ms]
      [Humongous Register: 0.1 ms]
      [Humongous Reclaim: 0.0 ms]
      [Free CSet: 0.1 ms]
   [Eden: 51200.0K(51200.0K)->0.0B(51200.0K) Survivors: 1024.0K->1024.0K Heap: 245.7M(1024.0M)->195.7M(1024.0M)]
 [Times: user=0.17 sys=0.00, real=0.02 secs] 
2023-06-25T00:43:43.188+0000: 981042.814: [GC pause (G1 Evacuation Pause) (young), 0.0229034 secs]
   [Parallel Time: 5.2 ms, GC Workers: 43]
      [GC Worker Start (ms): Min: 981042814.3, Avg: 981042815.6, Max: 981042816.8, Diff: 2.6]
      [Ext Root Scanning (ms): Min: 0.0, Avg: 0.4, Max: 2.3, Diff: 2.3, Sum: 16.7]
      [Update RS (ms): Min: 0.0, Avg: 0.1, Max: 0.5, Diff: 0.5, Sum: 4.6]
         [Processed Buffers: Min: 0, Avg: 1.4, Max: 6, Diff: 6, Sum: 61]
      [Scan RS (ms): Min: 0.0, Avg: 0.0, Max: 0.0, Diff: 0.0, Sum: 0.4]
      [Code Root Scanning (ms): Min: 0.0, Avg: 0.0, Max: 0.0, Diff: 0.0, Sum: 0.0]
      [Object Copy (ms): Min: 1.2, Avg: 1.9, Max: 2.2, Diff: 1.0, Sum: 79.9]
      [Termination (ms): Min: 0.1, Avg: 0.2, Max: 0.4, Diff: 0.3, Sum: 8.6]
         [Termination Attempts: Min: 2, Avg: 5.3, Max: 10, Diff: 8, Sum: 229]
      [GC Worker Other (ms): Min: 0.0, Avg: 0.1, Max: 0.2, Diff: 0.2, Sum: 3.4]
      [GC Worker Total (ms): Min: 1.4, Avg: 2.6, Max: 4.1, Diff: 2.7, Sum: 113.7]
      [GC Worker End (ms): Min: 981042818.2, Avg: 981042818.3, Max: 981042818.4, Diff: 0.2]
   [Code Root Fixup: 0.0 ms]
   [Code Root Purge: 0.0 ms]
   [Clear CT: 5.4 ms]
   [Other: 12.3 ms]
      [Choose CSet: 0.0 ms]
      [Ref Proc: 6.5 ms]
      [Ref Enq: 0.0 ms]
      [Redirty Cards: 5.2 ms]
      [Humongous Register: 0.1 ms]
      [Humongous Reclaim: 0.0 ms]
      [Free CSet: 0.1 ms]
   [Eden: 51200.0K(51200.0K)->0.0B(51200.0K) Survivors: 1024.0K->1024.0K Heap: 245.7M(1024.0M)->195.7M(1024.0M)]
 [Times: user=0.10 sys=0.07, real=0.03 secs] 
2023-06-25T01:41:32.591+0000: 984512.217: [GC pause (G1 Evacuation Pause) (young), 0.0207199 secs]
   [Parallel Time: 7.1 ms, GC Workers: 43]
      [GC Worker Start (ms): Min: 984512216.8, Avg: 984512218.3, Max: 984512219.5, Diff: 2.7]
      [Ext Root Scanning (ms): Min: 0.0, Avg: 0.8, Max: 6.2, Diff: 6.2, Sum: 33.9]
      [Update RS (ms): Min: 0.0, Avg: 0.2, Max: 0.5, Diff: 0.5, Sum: 7.2]
         [Processed Buffers: Min: 0, Avg: 1.4, Max: 5, Diff: 5, Sum: 61]
      [Scan RS (ms): Min: 0.0, Avg: 0.0, Max: 0.0, Diff: 0.0, Sum: 0.4]
      [Code Root Scanning (ms): Min: 0.0, Avg: 0.0, Max: 0.0, Diff: 0.0, Sum: 0.0]
      [Object Copy (ms): Min: 0.0, Avg: 2.0, Max: 2.4, Diff: 2.3, Sum: 87.0]
      [Termination (ms): Min: 0.0, Avg: 1.9, Max: 2.2, Diff: 2.2, Sum: 81.9]
         [Termination Attempts: Min: 1, Avg: 6.2, Max: 11, Diff: 10, Sum: 267]
      [GC Worker Other (ms): Min: 0.0, Avg: 0.0, Max: 0.1, Diff: 0.0, Sum: 0.9]
      [GC Worker Total (ms): Min: 3.7, Avg: 4.9, Max: 6.3, Diff: 2.6, Sum: 211.3]
      [GC Worker End (ms): Min: 984512223.1, Avg: 984512223.2, Max: 984512223.3, Diff: 0.2]
   [Code Root Fixup: 0.0 ms]
   [Code Root Purge: 0.0 ms]
   [Clear CT: 5.1 ms]
   [Other: 8.5 ms]
      [Choose CSet: 0.0 ms]
      [Ref Proc: 3.1 ms]
      [Ref Enq: 0.0 ms]
      [Redirty Cards: 4.9 ms]
      [Humongous Register: 0.1 ms]
      [Humongous Reclaim: 0.0 ms]
      [Free CSet: 0.1 ms]
   [Eden: 51200.0K(51200.0K)->0.0B(51200.0K) Survivors: 1024.0K->1024.0K Heap: 245.7M(1024.0M)->195.8M(1024.0M)]
 [Times: user=0.26 sys=0.00, real=0.02 secs] 
2023-06-25T02:39:07.591+0000: 987967.216: [GC pause (G1 Evacuation Pause) (young), 0.0238661 secs]
   [Parallel Time: 8.8 ms, GC Workers: 43]
      [GC Worker Start (ms): Min: 987967217.0, Avg: 987967218.4, Max: 987967219.6, Diff: 2.6]
      [Ext Root Scanning (ms): Min: 0.0, Avg: 1.1, Max: 2.6, Diff: 2.5, Sum: 49.2]
      [Update RS (ms): Min: 0.1, Avg: 0.3, Max: 0.6, Diff: 0.5, Sum: 14.1]
         [Processed Buffers: Min: 0, Avg: 1.5, Max: 7, Diff: 7, Sum: 64]
      [Scan RS (ms): Min: 0.0, Avg: 0.0, Max: 0.0, Diff: 0.0, Sum: 0.4]
      [Code Root Scanning (ms): Min: 0.0, Avg: 0.0, Max: 0.0, Diff: 0.0, Sum: 0.0]
      [Object Copy (ms): Min: 1.4, Avg: 1.8, Max: 2.1, Diff: 0.7, Sum: 79.2]
      [Termination (ms): Min: 0.1, Avg: 0.2, Max: 0.5, Diff: 0.4, Sum: 9.8]
         [Termination Attempts: Min: 2, Avg: 5.5, Max: 8, Diff: 6, Sum: 235]
      [GC Worker Other (ms): Min: 0.0, Avg: 0.1, Max: 0.2, Diff: 0.2, Sum: 3.8]
      [GC Worker Total (ms): Min: 2.4, Avg: 3.6, Max: 5.0, Diff: 2.6, Sum: 156.6]
      [GC Worker End (ms): Min: 987967222.0, Avg: 987967222.1, Max: 987967222.2, Diff: 0.2]
   [Code Root Fixup: 0.0 ms]
   [Code Root Purge: 0.0 ms]
   [Clear CT: 5.4 ms]
   [Other: 9.7 ms]
      [Choose CSet: 0.0 ms]
      [Ref Proc: 3.5 ms]
      [Ref Enq: 0.0 ms]
      [Redirty Cards: 5.3 ms]
      [Humongous Register: 0.3 ms]
      [Humongous Reclaim: 0.0 ms]
      [Free CSet: 0.2 ms]
   [Eden: 51200.0K(51200.0K)->0.0B(51200.0K) Survivors: 1024.0K->1024.0K Heap: 245.8M(1024.0M)->195.7M(1024.0M)]
 [Times: user=0.09 sys=0.11, real=0.02 secs] 
2023-06-25T03:36:52.591+0000: 991432.217: [GC pause (G1 Evacuation Pause) (young), 0.0242785 secs]
   [Parallel Time: 5.8 ms, GC Workers: 43]
      [GC Worker Start (ms): Min: 991432218.8, Avg: 991432220.7, Max: 991432222.6, Diff: 3.8]
      [Ext Root Scanning (ms): Min: 0.0, Avg: 0.5, Max: 2.1, Diff: 2.1, Sum: 22.5]
      [Update RS (ms): Min: 0.0, Avg: 0.1, Max: 0.5, Diff: 0.5, Sum: 5.9]
         [Processed Buffers: Min: 0, Avg: 1.4, Max: 5, Diff: 5, Sum: 61]
      [Scan RS (ms): Min: 0.0, Avg: 0.0, Max: 0.0, Diff: 0.0, Sum: 0.5]
      [Code Root Scanning (ms): Min: 0.0, Avg: 0.0, Max: 0.0, Diff: 0.0, Sum: 0.0]
      [Object Copy (ms): Min: 0.1, Avg: 1.2, Max: 1.8, Diff: 1.6, Sum: 52.3]
      [Termination (ms): Min: 0.0, Avg: 0.3, Max: 0.4, Diff: 0.4, Sum: 11.1]
         [Termination Attempts: Min: 1, Avg: 4.4, Max: 8, Diff: 7, Sum: 191]
      [GC Worker Other (ms): Min: 0.0, Avg: 0.1, Max: 0.3, Diff: 0.3, Sum: 4.3]
      [GC Worker Total (ms): Min: 0.3, Avg: 2.2, Max: 4.1, Diff: 3.8, Sum: 96.6]
      [GC Worker End (ms): Min: 991432222.9, Avg: 991432223.0, Max: 991432223.2, Diff: 0.3]
   [Code Root Fixup: 0.0 ms]
   [Code Root Purge: 0.0 ms]
   [Clear CT: 5.1 ms]
   [Other: 13.4 ms]
      [Choose CSet: 0.0 ms]
      [Ref Proc: 5.7 ms]
      [Ref Enq: 0.0 ms]
      [Redirty Cards: 5.1 ms]
      [Humongous Register: 1.8 ms]
      [Humongous Reclaim: 0.0 ms]
      [Free CSet: 0.1 ms]
   [Eden: 51200.0K(51200.0K)->0.0B(51200.0K) Survivors: 1024.0K->1024.0K Heap: 245.7M(1024.0M)->195.7M(1024.0M)]
 [Times: user=0.15 sys=0.00, real=0.02 secs] 
2023-06-25T04:34:42.591+0000: 994902.216: [GC pause (G1 Evacuation Pause) (young), 0.0238172 secs]
   [Parallel Time: 9.1 ms, GC Workers: 43]
      [GC Worker Start (ms): Min: 994902216.5, Avg: 994902217.9, Max: 994902219.2, Diff: 2.7]
      [Ext Root Scanning (ms): Min: 0.0, Avg: 0.5, Max: 1.8, Diff: 1.7, Sum: 22.9]
      [Update RS (ms): Min: 0.0, Avg: 0.2, Max: 0.6, Diff: 0.6, Sum: 6.9]
         [Processed Buffers: Min: 0, Avg: 1.4, Max: 7, Diff: 7, Sum: 61]
      [Scan RS (ms): Min: 0.0, Avg: 0.0, Max: 0.1, Diff: 0.1, Sum: 0.7]
      [Code Root Scanning (ms): Min: 0.0, Avg: 0.0, Max: 0.0, Diff: 0.0, Sum: 0.0]
      [Object Copy (ms): Min: 2.1, Avg: 2.9, Max: 3.5, Diff: 1.4, Sum: 125.2]
      [Termination (ms): Min: 0.5, Avg: 1.1, Max: 1.9, Diff: 1.4, Sum: 49.2]
         [Termination Attempts: Min: 13, Avg: 19.2, Max: 26, Diff: 13, Sum: 824]
      [GC Worker Other (ms): Min: 0.0, Avg: 0.1, Max: 0.4, Diff: 0.3, Sum: 4.0]
      [GC Worker Total (ms): Min: 3.5, Avg: 4.9, Max: 6.3, Diff: 2.7, Sum: 208.9]
      [GC Worker End (ms): Min: 994902222.7, Avg: 994902222.8, Max: 994902223.0, Diff: 0.2]
   [Code Root Fixup: 0.0 ms]
   [Code Root Purge: 0.0 ms]
   [Clear CT: 5.4 ms]
   [Other: 9.2 ms]
      [Choose CSet: 0.0 ms]
      [Ref Proc: 3.4 ms]
      [Ref Enq: 0.0 ms]
      [Redirty Cards: 5.2 ms]
      [Humongous Register: 0.1 ms]
      [Humongous Reclaim: 0.0 ms]
      [Free CSet: 0.1 ms]
   [Eden: 51200.0K(51200.0K)->0.0B(51200.0K) Survivors: 1024.0K->1024.0K Heap: 245.7M(1024.0M)->195.7M(1024.0M)]
 [Times: user=0.26 sys=0.00, real=0.02 secs] 
2023-06-25T05:32:32.591+0000: 998372.216: [GC pause (G1 Evacuation Pause) (young), 0.0242517 secs]
   [Parallel Time: 7.2 ms, GC Workers: 43]
      [GC Worker Start (ms): Min: 998372216.6, Avg: 998372218.0, Max: 998372219.2, Diff: 2.6]
      [Ext Root Scanning (ms): Min: 0.0, Avg: 0.6, Max: 1.8, Diff: 1.8, Sum: 23.7]
      [Update RS (ms): Min: 0.0, Avg: 0.1, Max: 0.4, Diff: 0.4, Sum: 6.1]
         [Processed Buffers: Min: 0, Avg: 1.5, Max: 7, Diff: 7, Sum: 65]
      [Scan RS (ms): Min: 0.0, Avg: 0.0, Max: 0.0, Diff: 0.0, Sum: 0.4]
      [Code Root Scanning (ms): Min: 0.0, Avg: 0.0, Max: 0.0, Diff: 0.0, Sum: 0.0]
      [Object Copy (ms): Min: 1.0, Avg: 1.5, Max: 1.8, Diff: 0.7, Sum: 66.1]
      [Termination (ms): Min: 0.1, Avg: 0.2, Max: 0.3, Diff: 0.3, Sum: 8.8]
         [Termination Attempts: Min: 2, Avg: 5.6, Max: 10, Diff: 8, Sum: 239]
      [GC Worker Other (ms): Min: 0.0, Avg: 0.1, Max: 0.2, Diff: 0.2, Sum: 3.0]
      [GC Worker Total (ms): Min: 1.3, Avg: 2.5, Max: 3.9, Diff: 2.6, Sum: 108.2]
      [GC Worker End (ms): Min: 998372220.4, Avg: 998372220.5, Max: 998372220.6, Diff: 0.2]
   [Code Root Fixup: 0.0 ms]
   [Code Root Purge: 0.0 ms]
   [Clear CT: 5.1 ms]
   [Other: 11.9 ms]
      [Choose CSet: 0.0 ms]
      [Ref Proc: 6.0 ms]
      [Ref Enq: 0.0 ms]
      [Redirty Cards: 5.4 ms]
      [Humongous Register: 0.1 ms]
      [Humongous Reclaim: 0.0 ms]
      [Free CSet: 0.1 ms]
   [Eden: 51200.0K(51200.0K)->0.0B(51200.0K) Survivors: 1024.0K->1024.0K Heap: 245.7M(1024.0M)->195.7M(1024.0M)]
 [Times: user=0.10 sys=0.06, real=0.02 secs] 
2023-06-25T06:30:28.143+0000: 1001847.769: [GC pause (G1 Evacuation Pause) (young), 0.0213068 secs]
   [Parallel Time: 6.9 ms, GC Workers: 43]
      [GC Worker Start (ms): Min: 1001847769.1, Avg: 1001847770.5, Max: 1001847771.8, Diff: 2.7]
      [Ext Root Scanning (ms): Min: 0.0, Avg: 0.8, Max: 5.5, Diff: 5.5, Sum: 32.6]
      [Update RS (ms): Min: 0.0, Avg: 0.2, Max: 0.5, Diff: 0.5, Sum: 6.8]
         [Processed Buffers: Min: 0, Avg: 1.4, Max: 6, Diff: 6, Sum: 62]
      [Scan RS (ms): Min: 0.0, Avg: 0.0, Max: 0.1, Diff: 0.0, Sum: 0.7]
      [Code Root Scanning (ms): Min: 0.0, Avg: 0.0, Max: 0.0, Diff: 0.0, Sum: 0.0]
      [Object Copy (ms): Min: 0.0, Avg: 1.5, Max: 1.8, Diff: 1.8, Sum: 64.8]
      [Termination (ms): Min: 0.0, Avg: 1.7, Max: 1.9, Diff: 1.9, Sum: 72.6]
         [Termination Attempts: Min: 1, Avg: 4.8, Max: 8, Diff: 7, Sum: 208]
      [GC Worker Other (ms): Min: 0.0, Avg: 0.0, Max: 0.3, Diff: 0.3, Sum: 1.5]
      [GC Worker Total (ms): Min: 2.8, Avg: 4.2, Max: 5.6, Diff: 2.8, Sum: 179.0]
      [GC Worker End (ms): Min: 1001847774.6, Avg: 1001847774.7, Max: 1001847774.7, Diff: 0.1]
   [Code Root Fixup: 0.0 ms]
   [Code Root Purge: 0.0 ms]
   [Clear CT: 5.1 ms]
   [Other: 9.2 ms]
      [Choose CSet: 0.0 ms]
      [Ref Proc: 3.5 ms]
      [Ref Enq: 0.0 ms]
      [Redirty Cards: 5.2 ms]
      [Humongous Register: 0.1 ms]
      [Humongous Reclaim: 0.0 ms]
      [Free CSet: 0.1 ms]
   [Eden: 51200.0K(51200.0K)->0.0B(51200.0K) Survivors: 1024.0K->1024.0K Heap: 245.7M(1024.0M)->195.7M(1024.0M)]
 [Times: user=0.24 sys=0.00, real=0.02 secs] 
2023-06-25T07:28:22.591+0000: 1005322.217: [GC pause (G1 Evacuation Pause) (young), 0.0250168 secs]
   [Parallel Time: 6.1 ms, GC Workers: 43]
      [GC Worker Start (ms): Min: 1005322219.3, Avg: 1005322221.5, Max: 1005322223.3, Diff: 4.0]
      [Ext Root Scanning (ms): Min: 0.0, Avg: 0.9, Max: 2.9, Diff: 2.8, Sum: 38.0]
      [Update RS (ms): Min: 0.0, Avg: 0.2, Max: 0.6, Diff: 0.6, Sum: 9.6]
         [Processed Buffers: Min: 0, Avg: 1.5, Max: 6, Diff: 6, Sum: 63]
      [Scan RS (ms): Min: 0.0, Avg: 0.0, Max: 0.0, Diff: 0.0, Sum: 0.4]
      [Code Root Scanning (ms): Min: 0.0, Avg: 0.0, Max: 0.0, Diff: 0.0, Sum: 0.0]
      [Object Copy (ms): Min: 0.6, Avg: 1.3, Max: 1.6, Diff: 1.0, Sum: 55.1]
      [Termination (ms): Min: 0.0, Avg: 0.2, Max: 0.3, Diff: 0.3, Sum: 6.6]
         [Termination Attempts: Min: 1, Avg: 4.3, Max: 7, Diff: 6, Sum: 185]
      [GC Worker Other (ms): Min: 0.0, Avg: 0.1, Max: 0.3, Diff: 0.3, Sum: 4.4]
      [GC Worker Total (ms): Min: 0.8, Avg: 2.7, Max: 4.8, Diff: 4.0, Sum: 114.1]
      [GC Worker End (ms): Min: 1005322224.0, Avg: 1005322224.1, Max: 1005322224.3, Diff: 0.3]
   [Code Root Fixup: 0.0 ms]
   [Code Root Purge: 0.0 ms]
   [Clear CT: 5.4 ms]
   [Other: 13.6 ms]
      [Choose CSet: 0.0 ms]
      [Ref Proc: 4.8 ms]
      [Ref Enq: 0.0 ms]
      [Redirty Cards: 5.5 ms]
      [Humongous Register: 2.1 ms]
      [Humongous Reclaim: 0.0 ms]
      [Free CSet: 0.2 ms]
   [Eden: 51200.0K(51200.0K)->0.0B(51200.0K) Survivors: 1024.0K->1024.0K Heap: 245.7M(1024.0M)->195.8M(1024.0M)]
 [Times: user=0.17 sys=0.00, real=0.02 secs] 
2023-06-25T08:26:03.446+0000: 1008783.072: [GC pause (G1 Evacuation Pause) (young), 0.0231703 secs]
   [Parallel Time: 5.6 ms, GC Workers: 43]
      [GC Worker Start (ms): Min: 1008783071.8, Avg: 1008783073.3, Max: 1008783074.6, Diff: 2.8]
      [Ext Root Scanning (ms): Min: 0.0, Avg: 0.6, Max: 2.0, Diff: 2.0, Sum: 27.6]
      [Update RS (ms): Min: 0.0, Avg: 0.1, Max: 0.4, Diff: 0.4, Sum: 5.5]
         [Processed Buffers: Min: 0, Avg: 1.4, Max: 7, Diff: 7, Sum: 61]
      [Scan RS (ms): Min: 0.0, Avg: 0.0, Max: 0.0, Diff: 0.0, Sum: 0.4]
      [Code Root Scanning (ms): Min: 0.0, Avg: 0.0, Max: 0.0, Diff: 0.0, Sum: 0.0]
      [Object Copy (ms): Min: 1.0, Avg: 1.5, Max: 1.7, Diff: 0.8, Sum: 66.0]
      [Termination (ms): Min: 0.1, Avg: 0.2, Max: 0.3, Diff: 0.2, Sum: 7.5]
         [Termination Attempts: Min: 3, Avg: 5.9, Max: 10, Diff: 7, Sum: 254]
      [GC Worker Other (ms): Min: 0.0, Avg: 0.1, Max: 0.3, Diff: 0.3, Sum: 4.1]
      [GC Worker Total (ms): Min: 1.2, Avg: 2.6, Max: 4.0, Diff: 2.9, Sum: 111.2]
      [GC Worker End (ms): Min: 1008783075.8, Avg: 1008783075.8, Max: 1008783076.0, Diff: 0.3]
   [Code Root Fixup: 0.0 ms]
   [Code Root Purge: 0.0 ms]
   [Clear CT: 4.8 ms]
   [Other: 12.7 ms]
      [Choose CSet: 0.0 ms]
      [Ref Proc: 7.1 ms]
      [Ref Enq: 0.0 ms]
      [Redirty Cards: 4.9 ms]
      [Humongous Register: 0.1 ms]
      [Humongous Reclaim: 0.0 ms]
      [Free CSet: 0.1 ms]
   [Eden: 51200.0K(51200.0K)->0.0B(51200.0K) Survivors: 1024.0K->1024.0K Heap: 245.8M(1024.0M)->195.7M(1024.0M)]
 [Times: user=0.16 sys=0.00, real=0.03 secs] 
2023-06-25T09:23:47.591+0000: 1012247.216: [GC pause (G1 Evacuation Pause) (young), 0.0210099 secs]
   [Parallel Time: 5.0 ms, GC Workers: 43]
      [GC Worker Start (ms): Min: 1012247216.9, Avg: 1012247218.2, Max: 1012247219.4, Diff: 2.6]
      [Ext Root Scanning (ms): Min: 0.0, Avg: 0.6, Max: 1.7, Diff: 1.7, Sum: 24.6]
      [Update RS (ms): Min: 0.0, Avg: 0.1, Max: 0.7, Diff: 0.7, Sum: 6.0]
         [Processed Buffers: Min: 0, Avg: 1.4, Max: 5, Diff: 5, Sum: 61]
      [Scan RS (ms): Min: 0.0, Avg: 0.0, Max: 0.0, Diff: 0.0, Sum: 0.4]
      [Code Root Scanning (ms): Min: 0.0, Avg: 0.0, Max: 0.0, Diff: 0.0, Sum: 0.0]
      [Object Copy (ms): Min: 0.9, Avg: 1.4, Max: 1.7, Diff: 0.8, Sum: 58.9]
      [Termination (ms): Min: 0.0, Avg: 0.2, Max: 0.3, Diff: 0.3, Sum: 6.7]
         [Termination Attempts: Min: 2, Avg: 5.2, Max: 8, Diff: 6, Sum: 223]
      [GC Worker Other (ms): Min: 0.0, Avg: 0.1, Max: 0.3, Diff: 0.3, Sum: 4.4]
      [GC Worker Total (ms): Min: 1.1, Avg: 2.3, Max: 3.8, Diff: 2.7, Sum: 101.0]
      [GC Worker End (ms): Min: 1012247220.5, Avg: 1012247220.6, Max: 1012247220.8, Diff: 0.3]
   [Code Root Fixup: 0.0 ms]
   [Code Root Purge: 0.0 ms]
   [Clear CT: 6.2 ms]
   [Other: 9.8 ms]
      [Choose CSet: 0.0 ms]
      [Ref Proc: 3.8 ms]
      [Ref Enq: 0.0 ms]
      [Redirty Cards: 5.3 ms]
      [Humongous Register: 0.2 ms]
      [Humongous Reclaim: 0.0 ms]
      [Free CSet: 0.1 ms]
   [Eden: 51200.0K(51200.0K)->0.0B(51200.0K) Survivors: 1024.0K->1024.0K Heap: 245.7M(1024.0M)->195.7M(1024.0M)]
 [Times: user=0.15 sys=0.00, real=0.02 secs] 
2023-06-25T10:21:37.591+0000: 1015717.216: [GC pause (G1 Evacuation Pause) (young), 0.0256468 secs]
   [Parallel Time: 9.6 ms, GC Workers: 43]
      [GC Worker Start (ms): Min: 1015717216.6, Avg: 1015717218.0, Max: 1015717219.3, Diff: 2.7]
      [Ext Root Scanning (ms): Min: 0.0, Avg: 0.6, Max: 1.8, Diff: 1.8, Sum: 23.9]
      [Update RS (ms): Min: 0.0, Avg: 0.1, Max: 0.5, Diff: 0.5, Sum: 5.6]
         [Processed Buffers: Min: 0, Avg: 1.5, Max: 9, Diff: 9, Sum: 63]
      [Scan RS (ms): Min: 0.0, Avg: 0.0, Max: 0.0, Diff: 0.0, Sum: 0.5]
      [Code Root Scanning (ms): Min: 0.0, Avg: 0.0, Max: 0.0, Diff: 0.0, Sum: 0.0]
      [Object Copy (ms): Min: 2.1, Avg: 3.0, Max: 3.7, Diff: 1.6, Sum: 128.4]
      [Termination (ms): Min: 0.5, Avg: 1.1, Max: 1.7, Diff: 1.3, Sum: 47.4]
         [Termination Attempts: Min: 13, Avg: 19.6, Max: 26, Diff: 13, Sum: 844]
      [GC Worker Other (ms): Min: 0.0, Avg: 0.0, Max: 0.1, Diff: 0.1, Sum: 1.5]
      [GC Worker Total (ms): Min: 3.6, Avg: 4.8, Max: 6.2, Diff: 2.7, Sum: 207.3]
      [GC Worker End (ms): Min: 1015717222.8, Avg: 1015717222.8, Max: 1015717223.0, Diff: 0.2]
   [Code Root Fixup: 0.0 ms]
   [Code Root Purge: 0.0 ms]
   [Clear CT: 5.1 ms]
   [Other: 10.9 ms]
      [Choose CSet: 0.0 ms]
      [Ref Proc: 5.1 ms]
      [Ref Enq: 0.0 ms]
      [Redirty Cards: 5.3 ms]
      [Humongous Register: 0.1 ms]
      [Humongous Reclaim: 0.0 ms]
      [Free CSet: 0.1 ms]
   [Eden: 51200.0K(51200.0K)->0.0B(51200.0K) Survivors: 1024.0K->1024.0K Heap: 245.7M(1024.0M)->195.8M(1024.0M)]
 [Times: user=0.26 sys=0.00, real=0.02 secs] 
2023-06-25T11:19:29.741+0000: 1019189.367: [GC pause (G1 Evacuation Pause) (young), 0.0236381 secs]
   [Parallel Time: 8.6 ms, GC Workers: 43]
      [GC Worker Start (ms): Min: 1019189366.9, Avg: 1019189368.2, Max: 1019189369.5, Diff: 2.6]
      [Ext Root Scanning (ms): Min: 0.0, Avg: 0.8, Max: 8.1, Diff: 8.1, Sum: 35.9]
      [Update RS (ms): Min: 0.0, Avg: 0.2, Max: 0.5, Diff: 0.5, Sum: 6.9]
         [Processed Buffers: Min: 0, Avg: 1.4, Max: 5, Diff: 5, Sum: 62]
      [Scan RS (ms): Min: 0.0, Avg: 0.0, Max: 0.0, Diff: 0.0, Sum: 0.5]
      [Code Root Scanning (ms): Min: 0.0, Avg: 0.0, Max: 0.0, Diff: 0.0, Sum: 0.0]
      [Object Copy (ms): Min: 0.0, Avg: 1.5, Max: 1.8, Diff: 1.8, Sum: 65.9]
      [Termination (ms): Min: 0.0, Avg: 4.3, Max: 4.7, Diff: 4.7, Sum: 183.3]
         [Termination Attempts: Min: 1, Avg: 5.8, Max: 9, Diff: 8, Sum: 248]
      [GC Worker Other (ms): Min: 0.0, Avg: 0.0, Max: 0.1, Diff: 0.1, Sum: 0.9]
      [GC Worker Total (ms): Min: 5.6, Avg: 6.8, Max: 8.1, Diff: 2.5, Sum: 293.3]
      [GC Worker End (ms): Min: 1019189375.0, Avg: 1019189375.1, Max: 1019189375.2, Diff: 0.2]
   [Code Root Fixup: 0.0 ms]
   [Code Root Purge: 0.0 ms]
   [Clear CT: 5.1 ms]
   [Other: 9.9 ms]
      [Choose CSet: 0.0 ms]
      [Ref Proc: 4.2 ms]
      [Ref Enq: 0.0 ms]
      [Redirty Cards: 5.1 ms]
      [Humongous Register: 0.1 ms]
      [Humongous Reclaim: 0.0 ms]
      [Free CSet: 0.2 ms]
   [Eden: 51200.0K(51200.0K)->0.0B(51200.0K) Survivors: 1024.0K->1024.0K Heap: 245.8M(1024.0M)->195.7M(1024.0M)]
 [Times: user=0.33 sys=0.00, real=0.02 secs] 
2023-06-25T12:17:12.591+0000: 1022652.217: [GC pause (G1 Evacuation Pause) (young), 0.0317960 secs]
   [Parallel Time: 11.5 ms, GC Workers: 43]
      [GC Worker Start (ms): Min: 1022652219.2, Avg: 1022652221.2, Max: 1022652223.1, Diff: 3.9]
      [Ext Root Scanning (ms): Min: 0.0, Avg: 1.3, Max: 9.3, Diff: 9.3, Sum: 54.5]
      [Update RS (ms): Min: 0.0, Avg: 0.3, Max: 0.9, Diff: 0.9, Sum: 14.8]
         [Processed Buffers: Min: 0, Avg: 1.5, Max: 7, Diff: 7, Sum: 63]
      [Scan RS (ms): Min: 0.0, Avg: 0.0, Max: 0.0, Diff: 0.0, Sum: 0.4]
      [Code Root Scanning (ms): Min: 0.0, Avg: 0.0, Max: 0.0, Diff: 0.0, Sum: 0.0]
      [Object Copy (ms): Min: 0.0, Avg: 3.3, Max: 3.9, Diff: 3.9, Sum: 143.6]
      [Termination (ms): Min: 0.0, Avg: 2.4, Max: 3.2, Diff: 3.2, Sum: 104.8]
         [Termination Attempts: Min: 1, Avg: 15.4, Max: 23, Diff: 22, Sum: 663]
      [GC Worker Other (ms): Min: 0.0, Avg: 0.0, Max: 0.1, Diff: 0.0, Sum: 1.9]
      [GC Worker Total (ms): Min: 5.6, Avg: 7.4, Max: 9.4, Diff: 3.8, Sum: 319.9]
      [GC Worker End (ms): Min: 1022652228.6, Avg: 1022652228.7, Max: 1022652228.8, Diff: 0.2]
   [Code Root Fixup: 0.0 ms]
   [Code Root Purge: 0.0 ms]
   [Clear CT: 5.4 ms]
   [Other: 14.9 ms]
      [Choose CSet: 0.0 ms]
      [Ref Proc: 6.5 ms]
      [Ref Enq: 0.0 ms]
      [Redirty Cards: 5.4 ms]
      [Humongous Register: 2.0 ms]
      [Humongous Reclaim: 0.0 ms]
      [Free CSet: 0.4 ms]
   [Eden: 51200.0K(51200.0K)->0.0B(51200.0K) Survivors: 1024.0K->1024.0K Heap: 245.7M(1024.0M)->195.7M(1024.0M)]
 [Times: user=0.31 sys=0.06, real=0.03 secs] 
2023-06-25T13:15:05.670+0000: 1026125.295: [GC pause (G1 Evacuation Pause) (young), 0.0227432 secs]
   [Parallel Time: 6.0 ms, GC Workers: 43]
      [GC Worker Start (ms): Min: 1026125298.0, Avg: 1026125300.1, Max: 1026125301.9, Diff: 3.9]
      [Ext Root Scanning (ms): Min: 0.0, Avg: 0.6, Max: 2.3, Diff: 2.3, Sum: 25.4]
      [Update RS (ms): Min: 0.0, Avg: 0.2, Max: 0.7, Diff: 0.7, Sum: 7.3]
         [Processed Buffers: Min: 0, Avg: 1.4, Max: 7, Diff: 7, Sum: 61]
      [Scan RS (ms): Min: 0.0, Avg: 0.0, Max: 0.0, Diff: 0.0, Sum: 0.4]
      [Code Root Scanning (ms): Min: 0.0, Avg: 0.0, Max: 0.0, Diff: 0.0, Sum: 0.0]
      [Object Copy (ms): Min: 0.6, Avg: 1.7, Max: 2.2, Diff: 1.6, Sum: 71.6]
      [Termination (ms): Min: 0.0, Avg: 0.2, Max: 0.5, Diff: 0.5, Sum: 10.1]
         [Termination Attempts: Min: 2, Avg: 5.7, Max: 10, Diff: 8, Sum: 245]
      [GC Worker Other (ms): Min: 0.0, Avg: 0.2, Max: 0.4, Diff: 0.4, Sum: 6.5]
      [GC Worker Total (ms): Min: 0.9, Avg: 2.8, Max: 4.9, Diff: 4.0, Sum: 121.3]
      [GC Worker End (ms): Min: 1026125302.8, Avg: 1026125302.9, Max: 1026125303.2, Diff: 0.4]
   [Code Root Fixup: 0.0 ms]
   [Code Root Purge: 0.0 ms]
   [Clear CT: 5.0 ms]
   [Other: 11.7 ms]
      [Choose CSet: 0.0 ms]
      [Ref Proc: 3.7 ms]
      [Ref Enq: 0.0 ms]
      [Redirty Cards: 5.1 ms]
      [Humongous Register: 2.0 ms]
      [Humongous Reclaim: 0.0 ms]
      [Free CSet: 0.2 ms]
   [Eden: 51200.0K(51200.0K)->0.0B(51200.0K) Survivors: 1024.0K->1024.0K Heap: 245.7M(1024.0M)->195.7M(1024.0M)]
 [Times: user=0.18 sys=0.00, real=0.02 secs] 
2023-06-25T14:13:23.844+0000: 1029623.470: [GC pause (G1 Evacuation Pause) (young), 0.0291730 secs]
   [Parallel Time: 11.5 ms, GC Workers: 43]
      [GC Worker Start (ms): Min: 1029623472.3, Avg: 1029623474.5, Max: 1029623478.7, Diff: 6.4]
      [Ext Root Scanning (ms): Min: 0.0, Avg: 0.9, Max: 9.8, Diff: 9.8, Sum: 38.7]
      [Update RS (ms): Min: 0.0, Avg: 0.2, Max: 0.6, Diff: 0.6, Sum: 9.1]
         [Processed Buffers: Min: 0, Avg: 1.3, Max: 7, Diff: 7, Sum: 58]
      [Scan RS (ms): Min: 0.0, Avg: 0.0, Max: 0.0, Diff: 0.0, Sum: 0.4]
      [Code Root Scanning (ms): Min: 0.0, Avg: 0.0, Max: 0.0, Diff: 0.0, Sum: 0.0]
      [Object Copy (ms): Min: 0.0, Avg: 2.4, Max: 3.0, Diff: 3.0, Sum: 103.8]
      [Termination (ms): Min: 0.0, Avg: 4.3, Max: 4.8, Diff: 4.8, Sum: 182.9]
         [Termination Attempts: Min: 1, Avg: 11.1, Max: 18, Diff: 17, Sum: 478]
      [GC Worker Other (ms): Min: 0.0, Avg: 0.0, Max: 0.1, Diff: 0.0, Sum: 1.5]
      [GC Worker Total (ms): Min: 3.5, Avg: 7.8, Max: 9.9, Diff: 6.4, Sum: 336.5]
      [GC Worker End (ms): Min: 1029623482.2, Avg: 1029623482.3, Max: 1029623482.4, Diff: 0.2]
   [Code Root Fixup: 0.0 ms]
   [Code Root Purge: 0.0 ms]
   [Clear CT: 5.5 ms]
   [Other: 12.2 ms]
      [Choose CSet: 0.0 ms]
      [Ref Proc: 3.5 ms]
      [Ref Enq: 0.0 ms]
      [Redirty Cards: 5.6 ms]
      [Humongous Register: 2.1 ms]
      [Humongous Reclaim: 0.0 ms]
      [Free CSet: 0.4 ms]
   [Eden: 51200.0K(51200.0K)->0.0B(51200.0K) Survivors: 1024.0K->1024.0K Heap: 245.7M(1024.0M)->195.7M(1024.0M)]
 [Times: user=0.28 sys=0.11, real=0.03 secs] 
2023-06-25T15:11:26.753+0000: 1033106.379: [GC pause (G1 Evacuation Pause) (young), 0.0270732 secs]
   [Parallel Time: 10.0 ms, GC Workers: 43]
      [GC Worker Start (ms): Min: 1033106381.6, Avg: 1033106383.8, Max: 1033106386.7, Diff: 5.1]
      [Ext Root Scanning (ms): Min: 0.0, Avg: 1.2, Max: 7.9, Diff: 7.9, Sum: 51.6]
      [Update RS (ms): Min: 0.0, Avg: 0.3, Max: 0.9, Diff: 0.9, Sum: 11.5]
         [Processed Buffers: Min: 0, Avg: 1.3, Max: 6, Diff: 6, Sum: 58]
      [Scan RS (ms): Min: 0.0, Avg: 0.0, Max: 0.0, Diff: 0.0, Sum: 0.4]
      [Code Root Scanning (ms): Min: 0.0, Avg: 0.0, Max: 0.0, Diff: 0.0, Sum: 0.0]
      [Object Copy (ms): Min: 0.0, Avg: 2.3, Max: 2.7, Diff: 2.6, Sum: 96.8]
      [Termination (ms): Min: 0.0, Avg: 2.0, Max: 2.5, Diff: 2.5, Sum: 87.9]
         [Termination Attempts: Min: 1, Avg: 9.6, Max: 14, Diff: 13, Sum: 413]
      [GC Worker Other (ms): Min: 0.0, Avg: 0.1, Max: 0.2, Diff: 0.2, Sum: 2.6]
      [GC Worker Total (ms): Min: 2.9, Avg: 5.8, Max: 7.9, Diff: 5.1, Sum: 250.7]
      [GC Worker End (ms): Min: 1033106389.6, Avg: 1033106389.6, Max: 1033106389.8, Diff: 0.2]
   [Code Root Fixup: 0.0 ms]
   [Code Root Purge: 0.0 ms]
   [Clear CT: 5.1 ms]
   [Other: 12.0 ms]
      [Choose CSet: 0.0 ms]
      [Ref Proc: 4.2 ms]
      [Ref Enq: 0.0 ms]
      [Redirty Cards: 4.9 ms]
      [Humongous Register: 2.1 ms]
      [Humongous Reclaim: 0.0 ms]
      [Free CSet: 0.2 ms]
   [Eden: 51200.0K(51200.0K)->0.0B(51200.0K) Survivors: 1024.0K->1024.0K Heap: 245.7M(1024.0M)->195.7M(1024.0M)]
 [Times: user=0.25 sys=0.05, real=0.02 secs] 
2023-06-25T16:09:17.591+0000: 1036577.217: [GC pause (G1 Evacuation Pause) (young), 0.0290844 secs]
   [Parallel Time: 10.3 ms, GC Workers: 43]
      [GC Worker Start (ms): Min: 1036577219.4, Avg: 1036577221.6, Max: 1036577226.7, Diff: 7.3]
      [Ext Root Scanning (ms): Min: 0.0, Avg: 1.0, Max: 8.3, Diff: 8.3, Sum: 43.6]
      [Update RS (ms): Min: 0.0, Avg: 0.3, Max: 0.8, Diff: 0.8, Sum: 12.1]
         [Processed Buffers: Min: 0, Avg: 1.4, Max: 6, Diff: 6, Sum: 59]
      [Scan RS (ms): Min: 0.0, Avg: 0.0, Max: 0.0, Diff: 0.0, Sum: 0.4]
      [Code Root Scanning (ms): Min: 0.0, Avg: 0.0, Max: 0.0, Diff: 0.0, Sum: 0.0]
      [Object Copy (ms): Min: 0.0, Avg: 2.6, Max: 3.3, Diff: 3.3, Sum: 112.9]
      [Termination (ms): Min: 0.0, Avg: 2.2, Max: 3.1, Diff: 3.1, Sum: 93.3]
         [Termination Attempts: Min: 1, Avg: 10.9, Max: 16, Diff: 15, Sum: 469]
      [GC Worker Other (ms): Min: 0.0, Avg: 0.1, Max: 0.2, Diff: 0.1, Sum: 2.3]
      [GC Worker Total (ms): Min: 1.2, Avg: 6.2, Max: 8.3, Diff: 7.1, Sum: 264.6]
      [GC Worker End (ms): Min: 1036577227.7, Avg: 1036577227.8, Max: 1036577227.9, Diff: 0.2]
   [Code Root Fixup: 0.0 ms]
   [Code Root Purge: 0.0 ms]
   [Clear CT: 5.0 ms]
   [Other: 13.8 ms]
      [Choose CSet: 0.0 ms]
      [Ref Proc: 5.7 ms]
      [Ref Enq: 0.0 ms]
      [Redirty Cards: 5.2 ms]
      [Humongous Register: 2.1 ms]
      [Humongous Reclaim: 0.0 ms]
      [Free CSet: 0.2 ms]
   [Eden: 51200.0K(51200.0K)->0.0B(51200.0K) Survivors: 1024.0K->1024.0K Heap: 245.7M(1024.0M)->195.7M(1024.0M)]
 [Times: user=0.32 sys=0.00, real=0.02 secs] 
2023-06-25T17:07:10.446+0000: 1040050.071: [GC pause (G1 Evacuation Pause) (young), 0.0249835 secs]
   [Parallel Time: 8.6 ms, GC Workers: 43]
      [GC Worker Start (ms): Min: 1040050071.9, Avg: 1040050073.4, Max: 1040050074.6, Diff: 2.7]
      [Ext Root Scanning (ms): Min: 0.1, Avg: 1.4, Max: 6.8, Diff: 6.7, Sum: 60.0]
      [Update RS (ms): Min: 0.0, Avg: 0.3, Max: 0.7, Diff: 0.7, Sum: 13.5]
         [Processed Buffers: Min: 0, Avg: 1.5, Max: 7, Diff: 7, Sum: 64]
      [Scan RS (ms): Min: 0.0, Avg: 0.0, Max: 0.0, Diff: 0.0, Sum: 0.6]
      [Code Root Scanning (ms): Min: 0.0, Avg: 0.0, Max: 0.0, Diff: 0.0, Sum: 0.0]
      [Object Copy (ms): Min: 0.0, Avg: 2.1, Max: 2.4, Diff: 2.4, Sum: 90.4]
      [Termination (ms): Min: 0.0, Avg: 1.6, Max: 2.0, Diff: 2.0, Sum: 68.7]
         [Termination Attempts: Min: 1, Avg: 6.9, Max: 11, Diff: 10, Sum: 297]
      [GC Worker Other (ms): Min: 0.0, Avg: 0.0, Max: 0.4, Diff: 0.4, Sum: 1.6]
      [GC Worker Total (ms): Min: 4.2, Avg: 5.5, Max: 6.8, Diff: 2.6, Sum: 234.7]
      [GC Worker End (ms): Min: 1040050078.7, Avg: 1040050078.8, Max: 1040050079.0, Diff: 0.2]
   [Code Root Fixup: 0.0 ms]
   [Code Root Purge: 0.0 ms]
   [Clear CT: 5.5 ms]
   [Other: 10.9 ms]
      [Choose CSet: 0.0 ms]
      [Ref Proc: 4.3 ms]
      [Ref Enq: 0.0 ms]
      [Redirty Cards: 5.5 ms]
      [Humongous Register: 0.3 ms]
      [Humongous Reclaim: 0.0 ms]
      [Free CSet: 0.2 ms]
   [Eden: 51200.0K(51200.0K)->0.0B(51200.0K) Survivors: 1024.0K->1024.0K Heap: 245.7M(1024.0M)->195.7M(1024.0M)]
 [Times: user=0.25 sys=0.04, real=0.03 secs] 
2023-06-25T18:04:55.994+0000: 1043515.619: [GC pause (G1 Evacuation Pause) (young), 0.0298719 secs]
   [Parallel Time: 11.5 ms, GC Workers: 43]
      [GC Worker Start (ms): Min: 1043515621.4, Avg: 1043515623.4, Max: 1043515625.1, Diff: 3.7]
      [Ext Root Scanning (ms): Min: 0.0, Avg: 0.5, Max: 2.2, Diff: 2.2, Sum: 22.2]
      [Update RS (ms): Min: 0.0, Avg: 0.1, Max: 0.5, Diff: 0.5, Sum: 5.1]
         [Processed Buffers: Min: 0, Avg: 1.5, Max: 5, Diff: 5, Sum: 65]
      [Scan RS (ms): Min: 0.0, Avg: 0.0, Max: 0.0, Diff: 0.0, Sum: 0.4]
      [Code Root Scanning (ms): Min: 0.0, Avg: 0.0, Max: 0.0, Diff: 0.0, Sum: 0.0]
      [Object Copy (ms): Min: 0.1, Avg: 1.2, Max: 6.7, Diff: 6.6, Sum: 53.5]
      [Termination (ms): Min: 0.0, Avg: 5.4, Max: 5.8, Diff: 5.8, Sum: 232.2]
         [Termination Attempts: Min: 1, Avg: 5.0, Max: 9, Diff: 8, Sum: 215]
      [GC Worker Other (ms): Min: 0.0, Avg: 0.0, Max: 0.1, Diff: 0.1, Sum: 1.5]
      [GC Worker Total (ms): Min: 5.6, Avg: 7.3, Max: 9.3, Diff: 3.7, Sum: 314.8]
      [GC Worker End (ms): Min: 1043515630.6, Avg: 1043515630.7, Max: 1043515630.8, Diff: 0.2]
   [Code Root Fixup: 0.0 ms]
   [Code Root Purge: 0.0 ms]
   [Clear CT: 5.9 ms]
   [Other: 12.5 ms]
      [Choose CSet: 0.0 ms]
      [Ref Proc: 4.5 ms]
      [Ref Enq: 0.0 ms]
      [Redirty Cards: 5.0 ms]
      [Humongous Register: 1.8 ms]
      [Humongous Reclaim: 0.0 ms]
      [Free CSet: 0.1 ms]
   [Eden: 51200.0K(51200.0K)->0.0B(51200.0K) Survivors: 1024.0K->1024.0K Heap: 245.7M(1024.0M)->195.8M(1024.0M)]
 [Times: user=0.37 sys=0.00, real=0.03 secs] 
2023-06-25T19:02:57.591+0000: 1046997.217: [GC pause (G1 Evacuation Pause) (young), 0.0270483 secs]
   [Parallel Time: 8.9 ms, GC Workers: 43]
      [GC Worker Start (ms): Min: 1046997219.4, Avg: 1046997221.4, Max: 1046997223.3, Diff: 3.9]
      [Ext Root Scanning (ms): Min: 0.0, Avg: 1.3, Max: 7.4, Diff: 7.4, Sum: 54.0]
      [Update RS (ms): Min: 0.0, Avg: 0.3, Max: 0.8, Diff: 0.8, Sum: 13.4]
         [Processed Buffers: Min: 0, Avg: 1.5, Max: 11, Diff: 11, Sum: 63]
      [Scan RS (ms): Min: 0.0, Avg: 0.0, Max: 0.0, Diff: 0.0, Sum: 0.4]
      [Code Root Scanning (ms): Min: 0.0, Avg: 0.0, Max: 0.0, Diff: 0.0, Sum: 0.0]
      [Object Copy (ms): Min: 0.0, Avg: 1.7, Max: 2.0, Diff: 2.0, Sum: 74.8]
      [Termination (ms): Min: 0.0, Avg: 2.3, Max: 2.5, Diff: 2.5, Sum: 98.3]
         [Termination Attempts: Min: 1, Avg: 7.1, Max: 10, Diff: 9, Sum: 304]
      [GC Worker Other (ms): Min: 0.0, Avg: 0.0, Max: 0.1, Diff: 0.0, Sum: 1.7]
      [GC Worker Total (ms): Min: 3.7, Avg: 5.6, Max: 7.5, Diff: 3.8, Sum: 242.7]
      [GC Worker End (ms): Min: 1046997226.9, Avg: 1046997227.0, Max: 1046997227.1, Diff: 0.2]
   [Code Root Fixup: 0.0 ms]
   [Code Root Purge: 0.0 ms]
   [Clear CT: 5.2 ms]
   [Other: 12.9 ms]
      [Choose CSet: 0.0 ms]
      [Ref Proc: 4.5 ms]
      [Ref Enq: 0.0 ms]
      [Redirty Cards: 5.3 ms]
      [Humongous Register: 2.1 ms]
      [Humongous Reclaim: 0.0 ms]
      [Free CSet: 0.2 ms]
   [Eden: 51200.0K(51200.0K)->0.0B(51200.0K) Survivors: 1024.0K->1024.0K Heap: 245.8M(1024.0M)->195.8M(1024.0M)]
 [Times: user=0.30 sys=0.00, real=0.02 secs] 
2023-06-25T20:00:47.591+0000: 1050467.217: [GC pause (G1 Evacuation Pause) (young), 0.0287109 secs]
   [Parallel Time: 10.5 ms, GC Workers: 43]
      [GC Worker Start (ms): Min: 1050467219.4, Avg: 1050467221.4, Max: 1050467223.2, Diff: 3.8]
      [Ext Root Scanning (ms): Min: 0.0, Avg: 1.2, Max: 8.0, Diff: 8.0, Sum: 50.9]
      [Update RS (ms): Min: 0.0, Avg: 0.3, Max: 0.8, Diff: 0.8, Sum: 13.2]
         [Processed Buffers: Min: 0, Avg: 1.4, Max: 5, Diff: 5, Sum: 59]
      [Scan RS (ms): Min: 0.0, Avg: 0.0, Max: 0.0, Diff: 0.0, Sum: 0.3]
      [Code Root Scanning (ms): Min: 0.0, Avg: 0.0, Max: 0.0, Diff: 0.0, Sum: 0.0]
      [Object Copy (ms): Min: 0.0, Avg: 2.7, Max: 3.1, Diff: 3.1, Sum: 114.3]
      [Termination (ms): Min: 0.0, Avg: 1.9, Max: 2.2, Diff: 2.2, Sum: 82.9]
         [Termination Attempts: Min: 1, Avg: 9.5, Max: 13, Diff: 12, Sum: 409]
      [GC Worker Other (ms): Min: 0.0, Avg: 0.0, Max: 0.1, Diff: 0.1, Sum: 1.9]
      [GC Worker Total (ms): Min: 4.3, Avg: 6.1, Max: 8.1, Diff: 3.7, Sum: 263.6]
      [GC Worker End (ms): Min: 1050467227.5, Avg: 1050467227.5, Max: 1050467227.7, Diff: 0.2]
   [Code Root Fixup: 0.0 ms]
   [Code Root Purge: 0.0 ms]
   [Clear CT: 5.3 ms]
   [Other: 12.9 ms]
      [Choose CSet: 0.0 ms]
      [Ref Proc: 4.6 ms]
      [Ref Enq: 0.0 ms]
      [Redirty Cards: 5.2 ms]
      [Humongous Register: 2.1 ms]
      [Humongous Reclaim: 0.0 ms]
      [Free CSet: 0.4 ms]
   [Eden: 51200.0K(51200.0K)->0.0B(51200.0K) Survivors: 1024.0K->1024.0K Heap: 245.8M(1024.0M)->195.8M(1024.0M)]
 [Times: user=0.31 sys=0.01, real=0.02 secs] 
2023-06-25T20:58:37.591+0000: 1053937.217: [GC pause (G1 Evacuation Pause) (young), 0.0280546 secs]
   [Parallel Time: 9.2 ms, GC Workers: 43]
      [GC Worker Start (ms): Min: 1053937219.3, Avg: 1053937221.3, Max: 1053937223.2, Diff: 3.9]
      [Ext Root Scanning (ms): Min: 0.0, Avg: 1.0, Max: 7.8, Diff: 7.7, Sum: 40.9]
      [Update RS (ms): Min: 0.0, Avg: 0.2, Max: 0.7, Diff: 0.7, Sum: 8.6]
         [Processed Buffers: Min: 0, Avg: 1.4, Max: 6, Diff: 6, Sum: 61]
      [Scan RS (ms): Min: 0.0, Avg: 0.0, Max: 0.0, Diff: 0.0, Sum: 0.5]
      [Code Root Scanning (ms): Min: 0.0, Avg: 0.0, Max: 0.0, Diff: 0.0, Sum: 0.0]
      [Object Copy (ms): Min: 0.0, Avg: 2.3, Max: 2.6, Diff: 2.6, Sum: 97.6]
      [Termination (ms): Min: 0.0, Avg: 2.4, Max: 2.8, Diff: 2.8, Sum: 103.7]
         [Termination Attempts: Min: 1, Avg: 7.4, Max: 12, Diff: 11, Sum: 320]
      [GC Worker Other (ms): Min: 0.0, Avg: 0.0, Max: 0.1, Diff: 0.1, Sum: 2.1]
      [GC Worker Total (ms): Min: 3.9, Avg: 5.9, Max: 7.8, Diff: 3.9, Sum: 253.4]
      [GC Worker End (ms): Min: 1053937227.1, Avg: 1053937227.2, Max: 1053937227.2, Diff: 0.2]
   [Code Root Fixup: 0.0 ms]
   [Code Root Purge: 0.0 ms]
   [Clear CT: 4.9 ms]
   [Other: 13.9 ms]
      [Choose CSet: 0.0 ms]
      [Ref Proc: 5.3 ms]
      [Ref Enq: 0.0 ms]
      [Redirty Cards: 5.4 ms]
      [Humongous Register: 2.1 ms]
      [Humongous Reclaim: 0.0 ms]
      [Free CSet: 0.2 ms]
   [Eden: 51200.0K(51200.0K)->0.0B(51200.0K) Survivors: 1024.0K->1024.0K Heap: 245.8M(1024.0M)->195.8M(1024.0M)]
 [Times: user=0.31 sys=0.00, real=0.02 secs] 
2023-06-25T21:56:37.591+0000: 1057417.217: [GC pause (G1 Evacuation Pause) (young), 0.0337277 secs]
   [Parallel Time: 14.8 ms, GC Workers: 43]
      [GC Worker Start (ms): Min: 1057417219.5, Avg: 1057417221.7, Max: 1057417226.7, Diff: 7.2]
      [Ext Root Scanning (ms): Min: 0.0, Avg: 1.3, Max: 13.2, Diff: 13.2, Sum: 55.3]
      [Update RS (ms): Min: 0.0, Avg: 0.2, Max: 0.6, Diff: 0.6, Sum: 9.4]
         [Processed Buffers: Min: 0, Avg: 1.5, Max: 6, Diff: 6, Sum: 65]
      [Scan RS (ms): Min: 0.0, Avg: 0.0, Max: 0.0, Diff: 0.0, Sum: 0.4]
      [Code Root Scanning (ms): Min: 0.0, Avg: 0.0, Max: 0.0, Diff: 0.0, Sum: 0.0]
      [Object Copy (ms): Min: 0.0, Avg: 2.7, Max: 3.3, Diff: 3.3, Sum: 115.4]
      [Termination (ms): Min: 0.0, Avg: 6.9, Max: 7.7, Diff: 7.7, Sum: 297.9]
         [Termination Attempts: Min: 1, Avg: 12.1, Max: 17, Diff: 16, Sum: 522]
      [GC Worker Other (ms): Min: 0.0, Avg: 0.0, Max: 0.1, Diff: 0.1, Sum: 1.9]
      [GC Worker Total (ms): Min: 6.1, Avg: 11.2, Max: 13.3, Diff: 7.2, Sum: 480.3]
      [GC Worker End (ms): Min: 1057417232.8, Avg: 1057417232.9, Max: 1057417233.0, Diff: 0.2]
   [Code Root Fixup: 0.0 ms]
   [Code Root Purge: 0.0 ms]
   [Clear CT: 5.7 ms]
   [Other: 13.2 ms]
      [Choose CSet: 0.0 ms]
      [Ref Proc: 4.8 ms]
      [Ref Enq: 0.0 ms]
      [Redirty Cards: 5.4 ms]
      [Humongous Register: 2.1 ms]
      [Humongous Reclaim: 0.0 ms]
      [Free CSet: 0.2 ms]
   [Eden: 51200.0K(51200.0K)->0.0B(51200.0K) Survivors: 1024.0K->1024.0K Heap: 245.8M(1024.0M)->195.8M(1024.0M)]
 [Times: user=0.49 sys=0.04, real=0.03 secs] 
2023-06-25T22:54:32.591+0000: 1060892.217: [GC pause (G1 Evacuation Pause) (young), 0.0241911 secs]
   [Parallel Time: 7.9 ms, GC Workers: 43]
      [GC Worker Start (ms): Min: 1060892216.9, Avg: 1060892218.4, Max: 1060892219.7, Diff: 2.8]
      [Ext Root Scanning (ms): Min: 0.0, Avg: 0.7, Max: 6.4, Diff: 6.4, Sum: 30.5]
      [Update RS (ms): Min: 0.0, Avg: 0.2, Max: 0.7, Diff: 0.7, Sum: 6.7]
         [Processed Buffers: Min: 0, Avg: 1.4, Max: 5, Diff: 5, Sum: 60]
      [Scan RS (ms): Min: 0.0, Avg: 0.0, Max: 0.0, Diff: 0.0, Sum: 0.6]
      [Code Root Scanning (ms): Min: 0.0, Avg: 0.0, Max: 0.0, Diff: 0.0, Sum: 0.0]
      [Object Copy (ms): Min: 0.0, Avg: 2.9, Max: 3.8, Diff: 3.8, Sum: 126.5]
      [Termination (ms): Min: 0.0, Avg: 1.1, Max: 2.2, Diff: 2.2, Sum: 49.2]
         [Termination Attempts: Min: 1, Avg: 13.2, Max: 19, Diff: 18, Sum: 569]
      [GC Worker Other (ms): Min: 0.0, Avg: 0.0, Max: 0.1, Diff: 0.1, Sum: 1.2]
      [GC Worker Total (ms): Min: 3.7, Avg: 5.0, Max: 6.4, Diff: 2.7, Sum: 214.8]
      [GC Worker End (ms): Min: 1060892223.3, Avg: 1060892223.4, Max: 1060892223.5, Diff: 0.2]
   [Code Root Fixup: 0.0 ms]
   [Code Root Purge: 0.0 ms]
   [Clear CT: 6.1 ms]
   [Other: 10.2 ms]
      [Choose CSet: 0.0 ms]
      [Ref Proc: 4.1 ms]
      [Ref Enq: 0.0 ms]
      [Redirty Cards: 5.4 ms]
      [Humongous Register: 0.1 ms]
      [Humongous Reclaim: 0.0 ms]
      [Free CSet: 0.1 ms]
   [Eden: 51200.0K(51200.0K)->0.0B(51200.0K) Survivors: 1024.0K->1024.0K Heap: 245.8M(1024.0M)->195.8M(1024.0M)]
 [Times: user=0.28 sys=0.00, real=0.02 secs] 
2023-06-25T23:52:31.544+0000: 1064371.170: [GC pause (G1 Evacuation Pause) (young), 0.0239944 secs]
   [Parallel Time: 8.1 ms, GC Workers: 43]
      [GC Worker Start (ms): Min: 1064371172.3, Avg: 1064371174.6, Max: 1064371179.5, Diff: 7.2]
      [Ext Root Scanning (ms): Min: 0.0, Avg: 0.6, Max: 3.0, Diff: 3.0, Sum: 27.6]
      [Update RS (ms): Min: 0.0, Avg: 0.2, Max: 0.7, Diff: 0.7, Sum: 8.9]
         [Processed Buffers: Min: 0, Avg: 1.5, Max: 11, Diff: 11, Sum: 64]
      [Scan RS (ms): Min: 0.0, Avg: 0.0, Max: 0.0, Diff: 0.0, Sum: 0.4]
      [Code Root Scanning (ms): Min: 0.0, Avg: 0.0, Max: 0.0, Diff: 0.0, Sum: 0.0]
      [Object Copy (ms): Min: 0.0, Avg: 2.8, Max: 3.5, Diff: 3.5, Sum: 118.8]
      [Termination (ms): Min: 0.0, Avg: 1.3, Max: 2.2, Diff: 2.2, Sum: 56.6]
         [Termination Attempts: Min: 1, Avg: 14.7, Max: 23, Diff: 22, Sum: 633]
      [GC Worker Other (ms): Min: 0.0, Avg: 0.0, Max: 0.1, Diff: 0.1, Sum: 1.8]
      [GC Worker Total (ms): Min: 0.0, Avg: 5.0, Max: 7.3, Diff: 7.3, Sum: 214.0]
      [GC Worker End (ms): Min: 1064371179.6, Avg: 1064371179.6, Max: 1064371179.7, Diff: 0.1]
   [Code Root Fixup: 0.0 ms]
   [Code Root Purge: 0.0 ms]
   [Clear CT: 4.9 ms]
   [Other: 11.0 ms]
      [Choose CSet: 0.0 ms]
      [Ref Proc: 3.5 ms]
      [Ref Enq: 0.0 ms]
      [Redirty Cards: 4.3 ms]
      [Humongous Register: 2.1 ms]
      [Humongous Reclaim: 0.0 ms]
      [Free CSet: 0.3 ms]
   [Eden: 51200.0K(51200.0K)->0.0B(51200.0K) Survivors: 1024.0K->1024.0K Heap: 245.8M(1024.0M)->195.8M(1024.0M)]
 [Times: user=0.29 sys=0.00, real=0.02 secs] 
2023-06-26T00:50:22.591+0000: 1067842.217: [GC pause (G1 Evacuation Pause) (young), 0.0308532 secs]
   [Parallel Time: 14.9 ms, GC Workers: 43]
      [GC Worker Start (ms): Min: 1067842219.5, Avg: 1067842221.5, Max: 1067842225.3, Diff: 5.8]
      [Ext Root Scanning (ms): Min: 0.0, Avg: 1.1, Max: 13.4, Diff: 13.4, Sum: 47.4]
      [Update RS (ms): Min: 0.0, Avg: 0.2, Max: 0.5, Diff: 0.5, Sum: 9.6]
         [Processed Buffers: Min: 0, Avg: 1.4, Max: 7, Diff: 7, Sum: 61]
      [Scan RS (ms): Min: 0.0, Avg: 0.0, Max: 0.0, Diff: 0.0, Sum: 0.5]
      [Code Root Scanning (ms): Min: 0.0, Avg: 0.0, Max: 0.0, Diff: 0.0, Sum: 0.0]
      [Object Copy (ms): Min: 0.0, Avg: 1.6, Max: 2.0, Diff: 2.0, Sum: 70.5]
      [Termination (ms): Min: 0.0, Avg: 8.5, Max: 8.9, Diff: 8.9, Sum: 364.7]
         [Termination Attempts: Min: 1, Avg: 5.6, Max: 9, Diff: 8, Sum: 242]
      [GC Worker Other (ms): Min: 0.0, Avg: 0.0, Max: 0.3, Diff: 0.3, Sum: 2.0]
      [GC Worker Total (ms): Min: 7.7, Avg: 11.5, Max: 13.5, Diff: 5.8, Sum: 494.6]
      [GC Worker End (ms): Min: 1067842232.9, Avg: 1067842233.0, Max: 1067842233.1, Diff: 0.2]
   [Code Root Fixup: 0.0 ms]
   [Code Root Purge: 0.0 ms]
   [Clear CT: 4.5 ms]
   [Other: 11.5 ms]
      [Choose CSet: 0.0 ms]
      [Ref Proc: 3.8 ms]
      [Ref Enq: 0.0 ms]
      [Redirty Cards: 4.7 ms]
      [Humongous Register: 2.1 ms]
      [Humongous Reclaim: 0.0 ms]
      [Free CSet: 0.2 ms]
   [Eden: 51200.0K(51200.0K)->0.0B(51200.0K) Survivors: 1024.0K->1024.0K Heap: 245.8M(1024.0M)->195.8M(1024.0M)]
 [Times: user=0.55 sys=0.00, real=0.03 secs] 
2023-06-26T01:48:22.223+0000: 1071321.849: [GC pause (G1 Evacuation Pause) (young), 0.0241923 secs]
   [Parallel Time: 8.1 ms, GC Workers: 43]
      [GC Worker Start (ms): Min: 1071321849.2, Avg: 1071321850.6, Max: 1071321851.8, Diff: 2.5]
      [Ext Root Scanning (ms): Min: 0.0, Avg: 0.7, Max: 6.4, Diff: 6.3, Sum: 30.9]
      [Update RS (ms): Min: 0.0, Avg: 0.2, Max: 0.6, Diff: 0.5, Sum: 7.2]
         [Processed Buffers: Min: 0, Avg: 1.4, Max: 6, Diff: 6, Sum: 61]
      [Scan RS (ms): Min: 0.0, Avg: 0.0, Max: 0.0, Diff: 0.0, Sum: 0.6]
      [Code Root Scanning (ms): Min: 0.0, Avg: 0.0, Max: 0.0, Diff: 0.0, Sum: 0.0]
      [Object Copy (ms): Min: 0.0, Avg: 2.5, Max: 2.9, Diff: 2.9, Sum: 109.3]
      [Termination (ms): Min: 0.0, Avg: 1.6, Max: 2.2, Diff: 2.2, Sum: 70.8]
         [Termination Attempts: Min: 1, Avg: 10.2, Max: 14, Diff: 13, Sum: 437]
      [GC Worker Other (ms): Min: 0.0, Avg: 0.0, Max: 0.0, Diff: 0.0, Sum: 0.8]
      [GC Worker Total (ms): Min: 3.9, Avg: 5.1, Max: 6.4, Diff: 2.4, Sum: 219.6]
      [GC Worker End (ms): Min: 1071321855.6, Avg: 1071321855.7, Max: 1071321855.8, Diff: 0.2]
   [Code Root Fixup: 0.0 ms]
   [Code Root Purge: 0.0 ms]
   [Clear CT: 5.9 ms]
   [Other: 10.3 ms]
      [Choose CSet: 0.0 ms]
      [Ref Proc: 4.3 ms]
      [Ref Enq: 0.0 ms]
      [Redirty Cards: 5.3 ms]
      [Humongous Register: 0.1 ms]
      [Humongous Reclaim: 0.0 ms]
      [Free CSet: 0.1 ms]
   [Eden: 51200.0K(51200.0K)->0.0B(51200.0K) Survivors: 1024.0K->1024.0K Heap: 245.8M(1024.0M)->195.8M(1024.0M)]
 [Times: user=0.27 sys=0.00, real=0.02 secs] 
2023-06-26T02:46:21.693+0000: 1074801.319: [GC pause (G1 Evacuation Pause) (young), 0.0257614 secs]
   [Parallel Time: 6.8 ms, GC Workers: 43]
      [GC Worker Start (ms): Min: 1074801321.1, Avg: 1074801323.2, Max: 1074801325.0, Diff: 3.9]
      [Ext Root Scanning (ms): Min: 0.0, Avg: 0.8, Max: 2.6, Diff: 2.6, Sum: 33.6]
      [Update RS (ms): Min: 0.0, Avg: 0.3, Max: 0.6, Diff: 0.6, Sum: 11.7]
         [Processed Buffers: Min: 0, Avg: 1.5, Max: 6, Diff: 6, Sum: 66]
      [Scan RS (ms): Min: 0.0, Avg: 0.0, Max: 0.0, Diff: 0.0, Sum: 0.3]
      [Code Root Scanning (ms): Min: 0.0, Avg: 0.0, Max: 0.0, Diff: 0.0, Sum: 0.0]
      [Object Copy (ms): Min: 0.8, Avg: 1.5, Max: 1.9, Diff: 1.0, Sum: 66.0]
      [Termination (ms): Min: 0.0, Avg: 0.2, Max: 0.3, Diff: 0.2, Sum: 7.0]
         [Termination Attempts: Min: 1, Avg: 6.8, Max: 12, Diff: 11, Sum: 293]
      [GC Worker Other (ms): Min: 0.0, Avg: 0.1, Max: 0.3, Diff: 0.3, Sum: 5.4]
      [GC Worker Total (ms): Min: 1.0, Avg: 2.9, Max: 5.1, Diff: 4.0, Sum: 124.1]
      [GC Worker End (ms): Min: 1074801326.0, Avg: 1074801326.1, Max: 1074801326.2, Diff: 0.3]
   [Code Root Fixup: 0.0 ms]
   [Code Root Purge: 0.0 ms]
   [Clear CT: 5.5 ms]
   [Other: 13.5 ms]
      [Choose CSet: 0.0 ms]
      [Ref Proc: 4.9 ms]
      [Ref Enq: 0.0 ms]
      [Redirty Cards: 5.3 ms]
      [Humongous Register: 2.0 ms]
      [Humongous Reclaim: 0.0 ms]
      [Free CSet: 0.2 ms]
   [Eden: 51200.0K(51200.0K)->0.0B(51200.0K) Survivors: 1024.0K->1024.0K Heap: 245.8M(1024.0M)->195.8M(1024.0M)]
 [Times: user=0.04 sys=0.14, real=0.02 secs] 
2023-06-26T03:44:21.381+0000: 1078281.006: [GC pause (G1 Evacuation Pause) (young), 0.0247711 secs]
   [Parallel Time: 8.3 ms, GC Workers: 43]
      [GC Worker Start (ms): Min: 1078281008.8, Avg: 1078281011.0, Max: 1078281014.7, Diff: 5.8]
      [Ext Root Scanning (ms): Min: 0.0, Avg: 1.0, Max: 7.3, Diff: 7.3, Sum: 41.2]
      [Update RS (ms): Min: 0.0, Avg: 0.2, Max: 0.9, Diff: 0.9, Sum: 9.7]
         [Processed Buffers: Min: 0, Avg: 1.4, Max: 7, Diff: 7, Sum: 59]
      [Scan RS (ms): Min: 0.0, Avg: 0.0, Max: 0.0, Diff: 0.0, Sum: 0.3]
      [Code Root Scanning (ms): Min: 0.0, Avg: 0.0, Max: 0.0, Diff: 0.0, Sum: 0.0]
      [Object Copy (ms): Min: 0.0, Avg: 1.9, Max: 2.4, Diff: 2.4, Sum: 82.6]
      [Termination (ms): Min: 0.0, Avg: 2.2, Max: 2.6, Diff: 2.6, Sum: 93.0]
         [Termination Attempts: Min: 1, Avg: 10.5, Max: 15, Diff: 14, Sum: 452]
      [GC Worker Other (ms): Min: 0.0, Avg: 0.0, Max: 0.1, Diff: 0.0, Sum: 1.7]
      [GC Worker Total (ms): Min: 1.6, Avg: 5.3, Max: 7.4, Diff: 5.7, Sum: 228.5]
      [GC Worker End (ms): Min: 1078281016.2, Avg: 1078281016.3, Max: 1078281016.4, Diff: 0.2]
   [Code Root Fixup: 0.0 ms]
   [Code Root Purge: 0.0 ms]
   [Clear CT: 5.1 ms]
   [Other: 11.4 ms]
      [Choose CSet: 0.0 ms]
      [Ref Proc: 3.2 ms]
      [Ref Enq: 0.0 ms]
      [Redirty Cards: 5.2 ms]
      [Humongous Register: 2.1 ms]
      [Humongous Reclaim: 0.0 ms]
      [Free CSet: 0.2 ms]
   [Eden: 51200.0K(51200.0K)->0.0B(51200.0K) Survivors: 1024.0K->1024.0K Heap: 245.8M(1024.0M)->195.8M(1024.0M)]
 [Times: user=0.27 sys=0.00, real=0.03 secs] 
2023-06-26T04:42:13.875+0000: 1081753.501: [GC pause (G1 Evacuation Pause) (young), 0.0240286 secs]
   [Parallel Time: 8.3 ms, GC Workers: 43]
      [GC Worker Start (ms): Min: 1081753500.9, Avg: 1081753502.2, Max: 1081753503.5, Diff: 2.5]
      [Ext Root Scanning (ms): Min: 0.0, Avg: 0.5, Max: 1.6, Diff: 1.6, Sum: 20.4]
      [Update RS (ms): Min: 0.0, Avg: 0.1, Max: 0.5, Diff: 0.5, Sum: 4.4]
         [Processed Buffers: Min: 0, Avg: 1.4, Max: 6, Diff: 6, Sum: 60]
      [Scan RS (ms): Min: 0.0, Avg: 0.0, Max: 0.0, Diff: 0.0, Sum: 0.6]
      [Code Root Scanning (ms): Min: 0.0, Avg: 0.0, Max: 0.0, Diff: 0.0, Sum: 0.0]
      [Object Copy (ms): Min: 2.3, Avg: 3.3, Max: 3.9, Diff: 1.5, Sum: 140.1]
      [Termination (ms): Min: 0.5, Avg: 1.2, Max: 2.0, Diff: 1.5, Sum: 53.5]
         [Termination Attempts: Min: 14, Avg: 22.0, Max: 30, Diff: 16, Sum: 944]
      [GC Worker Other (ms): Min: 0.0, Avg: 0.1, Max: 0.3, Diff: 0.3, Sum: 4.3]
      [GC Worker Total (ms): Min: 3.9, Avg: 5.2, Max: 6.7, Diff: 2.8, Sum: 223.4]
      [GC Worker End (ms): Min: 1081753507.4, Avg: 1081753507.4, Max: 1081753507.6, Diff: 0.3]
   [Code Root Fixup: 0.0 ms]
   [Code Root Purge: 0.0 ms]
   [Clear CT: 5.9 ms]
   [Other: 9.8 ms]
      [Choose CSet: 0.0 ms]
      [Ref Proc: 4.3 ms]
      [Ref Enq: 0.0 ms]
      [Redirty Cards: 5.0 ms]
      [Humongous Register: 0.1 ms]
      [Humongous Reclaim: 0.0 ms]
      [Free CSet: 0.1 ms]
   [Eden: 51200.0K(51200.0K)->0.0B(51200.0K) Survivors: 1024.0K->1024.0K Heap: 245.8M(1024.0M)->195.8M(1024.0M)]
 [Times: user=0.28 sys=0.00, real=0.02 secs] 
2023-06-26T05:40:04.948+0000: 1085224.573: [GC pause (G1 Evacuation Pause) (young), 0.0297831 secs]
   [Parallel Time: 11.5 ms, GC Workers: 43]
      [GC Worker Start (ms): Min: 1085224576.0, Avg: 1085224578.1, Max: 1085224581.6, Diff: 5.5]
      [Ext Root Scanning (ms): Min: 0.0, Avg: 0.8, Max: 9.5, Diff: 9.4, Sum: 36.4]
      [Update RS (ms): Min: 0.0, Avg: 0.2, Max: 0.7, Diff: 0.7, Sum: 8.1]
         [Processed Buffers: Min: 0, Avg: 1.5, Max: 8, Diff: 8, Sum: 63]
      [Scan RS (ms): Min: 0.0, Avg: 0.0, Max: 0.0, Diff: 0.0, Sum: 0.4]
      [Code Root Scanning (ms): Min: 0.0, Avg: 0.0, Max: 0.0, Diff: 0.0, Sum: 0.0]
      [Object Copy (ms): Min: 0.0, Avg: 1.5, Max: 1.9, Diff: 1.9, Sum: 64.7]
      [Termination (ms): Min: 0.0, Avg: 5.0, Max: 5.2, Diff: 5.2, Sum: 213.8]
         [Termination Attempts: Min: 1, Avg: 5.5, Max: 10, Diff: 9, Sum: 236]
      [GC Worker Other (ms): Min: 0.0, Avg: 0.0, Max: 0.1, Diff: 0.1, Sum: 1.7]
      [GC Worker Total (ms): Min: 4.0, Avg: 7.6, Max: 9.6, Diff: 5.5, Sum: 325.1]
      [GC Worker End (ms): Min: 1085224585.5, Avg: 1085224585.7, Max: 1085224585.8, Diff: 0.2]
   [Code Root Fixup: 0.0 ms]
   [Code Root Purge: 0.0 ms]
   [Clear CT: 5.2 ms]
   [Other: 13.1 ms]
      [Choose CSet: 0.0 ms]
      [Ref Proc: 4.8 ms]
      [Ref Enq: 0.0 ms]
      [Redirty Cards: 5.1 ms]
      [Humongous Register: 2.0 ms]
      [Humongous Reclaim: 0.0 ms]
      [Free CSet: 0.4 ms]
   [Eden: 51200.0K(51200.0K)->0.0B(51200.0K) Survivors: 1024.0K->1024.0K Heap: 245.8M(1024.0M)->195.8M(1024.0M)]
 [Times: user=0.35 sys=0.02, real=0.03 secs] 
2023-06-26T06:37:57.591+0000: 1088697.217: [GC pause (G1 Evacuation Pause) (young), 0.0260844 secs]
   [Parallel Time: 11.0 ms, GC Workers: 43]
      [GC Worker Start (ms): Min: 1088697217.0, Avg: 1088697218.3, Max: 1088697219.5, Diff: 2.6]
      [Ext Root Scanning (ms): Min: 0.0, Avg: 0.8, Max: 7.9, Diff: 7.9, Sum: 34.1]
      [Update RS (ms): Min: 0.0, Avg: 0.2, Max: 0.8, Diff: 0.8, Sum: 6.8]
         [Processed Buffers: Min: 0, Avg: 1.4, Max: 7, Diff: 7, Sum: 60]
      [Scan RS (ms): Min: 0.0, Avg: 0.0, Max: 0.0, Diff: 0.0, Sum: 0.6]
      [Code Root Scanning (ms): Min: 0.0, Avg: 0.0, Max: 0.0, Diff: 0.0, Sum: 0.0]
      [Object Copy (ms): Min: 0.0, Avg: 3.3, Max: 4.0, Diff: 4.0, Sum: 141.0]
      [Termination (ms): Min: 0.0, Avg: 2.4, Max: 3.2, Diff: 3.2, Sum: 102.2]
         [Termination Attempts: Min: 1, Avg: 15.4, Max: 21, Diff: 20, Sum: 661]
      [GC Worker Other (ms): Min: 0.0, Avg: 0.0, Max: 0.1, Diff: 0.1, Sum: 1.5]
      [GC Worker Total (ms): Min: 5.5, Avg: 6.7, Max: 8.0, Diff: 2.5, Sum: 286.1]
      [GC Worker End (ms): Min: 1088697224.9, Avg: 1088697225.0, Max: 1088697225.1, Diff: 0.2]
   [Code Root Fixup: 0.0 ms]
   [Code Root Purge: 0.0 ms]
   [Clear CT: 5.3 ms]
   [Other: 9.8 ms]
      [Choose CSet: 0.0 ms]
      [Ref Proc: 3.8 ms]
      [Ref Enq: 0.0 ms]
      [Redirty Cards: 5.3 ms]
      [Humongous Register: 0.1 ms]
      [Humongous Reclaim: 0.0 ms]
      [Free CSet: 0.1 ms]
   [Eden: 51200.0K(51200.0K)->0.0B(51200.0K) Survivors: 1024.0K->1024.0K Heap: 245.8M(1024.0M)->195.8M(1024.0M)]
 [Times: user=0.34 sys=0.00, real=0.02 secs] 
2023-06-26T07:35:50.448+0000: 1092170.074: [GC pause (G1 Evacuation Pause) (young), 0.0281475 secs]
   [Parallel Time: 7.5 ms, GC Workers: 43]
      [GC Worker Start (ms): Min: 1092170076.6, Avg: 1092170078.8, Max: 1092170082.3, Diff: 5.7]
      [Ext Root Scanning (ms): Min: 0.0, Avg: 0.7, Max: 2.4, Diff: 2.3, Sum: 30.1]
      [Update RS (ms): Min: 0.0, Avg: 0.2, Max: 0.6, Diff: 0.6, Sum: 7.1]
         [Processed Buffers: Min: 0, Avg: 1.5, Max: 8, Diff: 8, Sum: 63]
      [Scan RS (ms): Min: 0.0, Avg: 0.0, Max: 0.0, Diff: 0.0, Sum: 0.4]
      [Code Root Scanning (ms): Min: 0.0, Avg: 0.0, Max: 0.0, Diff: 0.0, Sum: 0.0]
      [Object Copy (ms): Min: 0.0, Avg: 1.4, Max: 1.8, Diff: 1.8, Sum: 59.5]
      [Termination (ms): Min: 0.0, Avg: 1.4, Max: 1.8, Diff: 1.7, Sum: 61.0]
         [Termination Attempts: Min: 1, Avg: 6.5, Max: 11, Diff: 10, Sum: 280]
      [GC Worker Other (ms): Min: 0.0, Avg: 0.1, Max: 0.2, Diff: 0.1, Sum: 2.2]
      [GC Worker Total (ms): Min: 0.1, Avg: 3.7, Max: 5.9, Diff: 5.8, Sum: 160.3]
      [GC Worker End (ms): Min: 1092170082.4, Avg: 1092170082.5, Max: 1092170082.6, Diff: 0.2]
   [Code Root Fixup: 0.0 ms]
   [Code Root Purge: 0.0 ms]
   [Clear CT: 6.3 ms]
   [Other: 14.3 ms]
      [Choose CSet: 0.0 ms]
      [Ref Proc: 5.8 ms]
      [Ref Enq: 0.0 ms]
      [Redirty Cards: 5.4 ms]
      [Humongous Register: 2.1 ms]
      [Humongous Reclaim: 0.0 ms]
      [Free CSet: 0.2 ms]
   [Eden: 51200.0K(51200.0K)->0.0B(51200.0K) Survivors: 1024.0K->1024.0K Heap: 245.8M(1024.0M)->195.8M(1024.0M)]
 [Times: user=0.23 sys=0.00, real=0.03 secs] 
2023-06-26T08:33:52.591+0000: 1095652.217: [GC pause (G1 Evacuation Pause) (young), 0.0231647 secs]
   [Parallel Time: 9.1 ms, GC Workers: 43]
      [GC Worker Start (ms): Min: 1095652216.9, Avg: 1095652218.2, Max: 1095652219.5, Diff: 2.6]
      [Ext Root Scanning (ms): Min: 0.0, Avg: 0.7, Max: 7.0, Diff: 7.0, Sum: 32.0]
      [Update RS (ms): Min: 0.0, Avg: 0.1, Max: 0.7, Diff: 0.7, Sum: 4.9]
         [Processed Buffers: Min: 0, Avg: 1.5, Max: 6, Diff: 6, Sum: 64]
      [Scan RS (ms): Min: 0.0, Avg: 0.0, Max: 0.1, Diff: 0.0, Sum: 0.6]
      [Code Root Scanning (ms): Min: 0.0, Avg: 0.0, Max: 0.0, Diff: 0.0, Sum: 0.0]
      [Object Copy (ms): Min: 0.0, Avg: 2.4, Max: 2.8, Diff: 2.8, Sum: 103.0]
      [Termination (ms): Min: 0.0, Avg: 2.5, Max: 3.0, Diff: 3.0, Sum: 107.3]
         [Termination Attempts: Min: 1, Avg: 8.7, Max: 13, Diff: 12, Sum: 376]
      [GC Worker Other (ms): Min: 0.0, Avg: 0.0, Max: 0.2, Diff: 0.2, Sum: 1.4]
      [GC Worker Total (ms): Min: 4.6, Avg: 5.8, Max: 7.1, Diff: 2.4, Sum: 249.2]
      [GC Worker End (ms): Min: 1095652224.0, Avg: 1095652224.0, Max: 1095652224.2, Diff: 0.2]
   [Code Root Fixup: 0.0 ms]
   [Code Root Purge: 0.0 ms]
   [Clear CT: 4.9 ms]
   [Other: 9.1 ms]
      [Choose CSet: 0.0 ms]
      [Ref Proc: 3.5 ms]
      [Ref Enq: 0.0 ms]
      [Redirty Cards: 4.9 ms]
      [Humongous Register: 0.1 ms]
      [Humongous Reclaim: 0.0 ms]
      [Free CSet: 0.1 ms]
   [Eden: 51200.0K(51200.0K)->0.0B(51200.0K) Survivors: 1024.0K->1024.0K Heap: 245.8M(1024.0M)->195.8M(1024.0M)]
 [Times: user=0.31 sys=0.00, real=0.02 secs] 
2023-06-26T09:31:45.328+0000: 1099124.953: [GC pause (G1 Evacuation Pause) (young), 0.0278183 secs]
   [Parallel Time: 8.1 ms, GC Workers: 43]
      [GC Worker Start (ms): Min: 1099124956.1, Avg: 1099124958.2, Max: 1099124961.5, Diff: 5.4]
      [Ext Root Scanning (ms): Min: 0.0, Avg: 0.7, Max: 4.8, Diff: 4.8, Sum: 29.2]
      [Update RS (ms): Min: 0.0, Avg: 0.2, Max: 0.6, Diff: 0.6, Sum: 8.0]
         [Processed Buffers: Min: 0, Avg: 1.5, Max: 8, Diff: 8, Sum: 63]
      [Scan RS (ms): Min: 0.0, Avg: 0.0, Max: 0.0, Diff: 0.0, Sum: 0.4]
      [Code Root Scanning (ms): Min: 0.0, Avg: 0.0, Max: 0.0, Diff: 0.0, Sum: 0.0]
      [Object Copy (ms): Min: 0.0, Avg: 1.4, Max: 2.0, Diff: 1.9, Sum: 61.0]
      [Termination (ms): Min: 0.0, Avg: 1.0, Max: 1.3, Diff: 1.3, Sum: 44.1]
         [Termination Attempts: Min: 1, Avg: 4.9, Max: 8, Diff: 7, Sum: 210]
      [GC Worker Other (ms): Min: 0.0, Avg: 0.0, Max: 0.1, Diff: 0.1, Sum: 1.7]
      [GC Worker Total (ms): Min: 0.1, Avg: 3.4, Max: 5.5, Diff: 5.5, Sum: 144.4]
      [GC Worker End (ms): Min: 1099124961.5, Avg: 1099124961.6, Max: 1099124961.6, Diff: 0.1]
   [Code Root Fixup: 0.0 ms]
   [Code Root Purge: 0.0 ms]
   [Clear CT: 4.9 ms]
   [Other: 14.8 ms]
      [Choose CSet: 0.0 ms]
      [Ref Proc: 6.5 ms]
      [Ref Enq: 0.0 ms]
      [Redirty Cards: 5.0 ms]
      [Humongous Register: 2.1 ms]
      [Humongous Reclaim: 0.0 ms]
      [Free CSet: 0.2 ms]
   [Eden: 51200.0K(51200.0K)->0.0B(51200.0K) Survivors: 1024.0K->1024.0K Heap: 245.8M(1024.0M)->195.8M(1024.0M)]
 [Times: user=0.23 sys=0.00, real=0.03 secs] 
2023-06-26T10:29:35.317+0000: 1102594.943: [GC pause (G1 Evacuation Pause) (young), 0.0220034 secs]
   [Parallel Time: 6.2 ms, GC Workers: 43]
      [GC Worker Start (ms): Min: 1102594943.1, Avg: 1102594944.6, Max: 1102594945.9, Diff: 2.8]
      [Ext Root Scanning (ms): Min: 0.0, Avg: 0.5, Max: 1.8, Diff: 1.8, Sum: 21.7]
      [Update RS (ms): Min: 0.0, Avg: 0.1, Max: 0.7, Diff: 0.7, Sum: 4.9]
         [Processed Buffers: Min: 0, Avg: 1.4, Max: 7, Diff: 7, Sum: 61]
      [Scan RS (ms): Min: 0.0, Avg: 0.0, Max: 0.0, Diff: 0.0, Sum: 0.5]
      [Code Root Scanning (ms): Min: 0.0, Avg: 0.0, Max: 0.0, Diff: 0.0, Sum: 0.0]
      [Object Copy (ms): Min: 1.0, Avg: 1.6, Max: 1.9, Diff: 0.9, Sum: 68.4]
      [Termination (ms): Min: 0.1, Avg: 0.2, Max: 0.4, Diff: 0.4, Sum: 7.9]
         [Termination Attempts: Min: 2, Avg: 4.6, Max: 8, Diff: 6, Sum: 198]
      [GC Worker Other (ms): Min: 0.0, Avg: 0.1, Max: 0.3, Diff: 0.3, Sum: 4.4]
      [GC Worker Total (ms): Min: 1.2, Avg: 2.5, Max: 4.0, Diff: 2.8, Sum: 107.8]
      [GC Worker End (ms): Min: 1102594947.1, Avg: 1102594947.1, Max: 1102594947.3, Diff: 0.3]
   [Code Root Fixup: 0.0 ms]
   [Code Root Purge: 0.0 ms]
   [Clear CT: 5.4 ms]
   [Other: 10.4 ms]
      [Choose CSet: 0.0 ms]
      [Ref Proc: 4.4 ms]
      [Ref Enq: 0.0 ms]
      [Redirty Cards: 5.4 ms]
      [Humongous Register: 0.1 ms]
      [Humongous Reclaim: 0.0 ms]
      [Free CSet: 0.1 ms]
   [Eden: 51200.0K(51200.0K)->0.0B(51200.0K) Survivors: 1024.0K->1024.0K Heap: 245.8M(1024.0M)->195.8M(1024.0M)]
 [Times: user=0.17 sys=0.00, real=0.02 secs] 
2023-06-26T11:27:29.552+0000: 1106069.178: [GC pause (G1 Evacuation Pause) (young), 0.0246969 secs]
   [Parallel Time: 9.3 ms, GC Workers: 43]
      [GC Worker Start (ms): Min: 1106069178.4, Avg: 1106069179.9, Max: 1106069181.3, Diff: 3.0]
      [Ext Root Scanning (ms): Min: 0.0, Avg: 1.2, Max: 7.6, Diff: 7.6, Sum: 52.3]
      [Update RS (ms): Min: 0.0, Avg: 0.3, Max: 0.6, Diff: 0.6, Sum: 12.6]
         [Processed Buffers: Min: 0, Avg: 1.5, Max: 6, Diff: 6, Sum: 65]
      [Scan RS (ms): Min: 0.0, Avg: 0.0, Max: 0.0, Diff: 0.0, Sum: 0.4]
      [Code Root Scanning (ms): Min: 0.0, Avg: 0.0, Max: 0.0, Diff: 0.0, Sum: 0.0]
      [Object Copy (ms): Min: 0.0, Avg: 2.2, Max: 2.6, Diff: 2.6, Sum: 94.7]
      [Termination (ms): Min: 0.0, Avg: 2.4, Max: 2.7, Diff: 2.7, Sum: 104.0]
         [Termination Attempts: Min: 1, Avg: 7.0, Max: 11, Diff: 10, Sum: 302]
      [GC Worker Other (ms): Min: 0.0, Avg: 0.0, Max: 0.2, Diff: 0.2, Sum: 2.0]
      [GC Worker Total (ms): Min: 4.7, Avg: 6.2, Max: 7.7, Diff: 3.0, Sum: 265.8]
      [GC Worker End (ms): Min: 1106069186.1, Avg: 1106069186.1, Max: 1106069186.2, Diff: 0.2]
   [Code Root Fixup: 0.0 ms]
   [Code Root Purge: 0.0 ms]
   [Clear CT: 5.0 ms]
   [Other: 10.4 ms]
      [Choose CSet: 0.0 ms]
      [Ref Proc: 4.2 ms]
      [Ref Enq: 0.0 ms]
      [Redirty Cards: 5.0 ms]
      [Humongous Register: 0.3 ms]
      [Humongous Reclaim: 0.0 ms]
      [Free CSet: 0.3 ms]
   [Eden: 51200.0K(51200.0K)->0.0B(51200.0K) Survivors: 1024.0K->1024.0K Heap: 245.8M(1024.0M)->195.8M(1024.0M)]
 [Times: user=0.27 sys=0.05, real=0.02 secs] 
2023-06-26T12:25:22.591+0000: 1109542.217: [GC pause (G1 Evacuation Pause) (young), 0.0275214 secs]
   [Parallel Time: 7.2 ms, GC Workers: 43]
      [GC Worker Start (ms): Min: 1109542218.8, Avg: 1109542220.8, Max: 1109542222.6, Diff: 3.8]
      [Ext Root Scanning (ms): Min: 0.0, Avg: 0.5, Max: 4.4, Diff: 4.4, Sum: 20.0]
      [Update RS (ms): Min: 0.0, Avg: 0.1, Max: 0.5, Diff: 0.5, Sum: 4.6]
         [Processed Buffers: Min: 0, Avg: 1.5, Max: 9, Diff: 9, Sum: 64]
      [Scan RS (ms): Min: 0.0, Avg: 0.0, Max: 0.0, Diff: 0.0, Sum: 0.5]
      [Code Root Scanning (ms): Min: 0.0, Avg: 0.0, Max: 0.0, Diff: 0.0, Sum: 0.0]
      [Object Copy (ms): Min: 0.0, Avg: 1.1, Max: 1.6, Diff: 1.6, Sum: 46.4]
      [Termination (ms): Min: 0.0, Avg: 0.8, Max: 1.0, Diff: 1.0, Sum: 34.7]
         [Termination Attempts: Min: 1, Avg: 3.7, Max: 7, Diff: 6, Sum: 158]
      [GC Worker Other (ms): Min: 0.0, Avg: 0.0, Max: 0.2, Diff: 0.1, Sum: 1.8]
      [GC Worker Total (ms): Min: 0.7, Avg: 2.5, Max: 4.5, Diff: 3.8, Sum: 108.1]
      [GC Worker End (ms): Min: 1109542223.3, Avg: 1109542223.4, Max: 1109542223.5, Diff: 0.2]
   [Code Root Fixup: 0.0 ms]
   [Code Root Purge: 0.0 ms]
   [Clear CT: 5.7 ms]
   [Other: 14.7 ms]
      [Choose CSet: 0.0 ms]
      [Ref Proc: 6.5 ms]
      [Ref Enq: 0.0 ms]
      [Redirty Cards: 5.6 ms]
      [Humongous Register: 1.8 ms]
      [Humongous Reclaim: 0.0 ms]
      [Free CSet: 0.1 ms]
   [Eden: 51200.0K(51200.0K)->0.0B(51200.0K) Survivors: 1024.0K->1024.0K Heap: 245.8M(1024.0M)->195.8M(1024.0M)]
 [Times: user=0.18 sys=0.00, real=0.02 secs] 
2023-06-26T13:23:21.496+0000: 1113021.121: [GC pause (G1 Evacuation Pause) (young), 0.0242985 secs]
   [Parallel Time: 8.8 ms, GC Workers: 43]
      [GC Worker Start (ms): Min: 1113021121.6, Avg: 1113021123.1, Max: 1113021125.4, Diff: 3.7]
      [Ext Root Scanning (ms): Min: 0.0, Avg: 0.5, Max: 1.7, Diff: 1.7, Sum: 22.9]
      [Update RS (ms): Min: 0.0, Avg: 0.1, Max: 0.5, Diff: 0.5, Sum: 5.4]
         [Processed Buffers: Min: 0, Avg: 1.4, Max: 5, Diff: 5, Sum: 59]
      [Scan RS (ms): Min: 0.0, Avg: 0.0, Max: 0.0, Diff: 0.0, Sum: 0.4]
      [Code Root Scanning (ms): Min: 0.0, Avg: 0.0, Max: 0.0, Diff: 0.0, Sum: 0.0]
      [Object Copy (ms): Min: 1.7, Avg: 3.6, Max: 4.4, Diff: 2.6, Sum: 153.1]
      [Termination (ms): Min: 0.5, Avg: 1.1, Max: 2.6, Diff: 2.2, Sum: 48.9]
         [Termination Attempts: Min: 8, Avg: 16.0, Max: 24, Diff: 16, Sum: 689]
      [GC Worker Other (ms): Min: 0.0, Avg: 0.1, Max: 0.5, Diff: 0.5, Sum: 5.2]
      [GC Worker Total (ms): Min: 3.1, Avg: 5.5, Max: 7.0, Diff: 3.9, Sum: 235.9]
      [GC Worker End (ms): Min: 1113021128.4, Avg: 1113021128.6, Max: 1113021128.8, Diff: 0.3]
   [Code Root Fixup: 0.0 ms]
   [Code Root Purge: 0.0 ms]
   [Clear CT: 5.1 ms]
   [Other: 10.5 ms]
      [Choose CSet: 0.0 ms]
      [Ref Proc: 4.7 ms]
      [Ref Enq: 0.0 ms]
      [Redirty Cards: 5.1 ms]
      [Humongous Register: 0.1 ms]
      [Humongous Reclaim: 0.0 ms]
      [Free CSet: 0.1 ms]
   [Eden: 51200.0K(51200.0K)->0.0B(51200.0K) Survivors: 1024.0K->1024.0K Heap: 245.8M(1024.0M)->195.8M(1024.0M)]
 [Times: user=0.29 sys=0.00, real=0.02 secs] 
2023-06-26T14:21:07.594+0000: 1116487.219: [GC pause (G1 Evacuation Pause) (young), 0.0230403 secs]
   [Parallel Time: 7.9 ms, GC Workers: 43]
      [GC Worker Start (ms): Min: 1116487219.5, Avg: 1116487220.9, Max: 1116487222.2, Diff: 2.7]
      [Ext Root Scanning (ms): Min: 0.0, Avg: 0.7, Max: 6.1, Diff: 6.1, Sum: 29.1]
      [Update RS (ms): Min: 0.0, Avg: 0.2, Max: 0.6, Diff: 0.6, Sum: 8.1]
         [Processed Buffers: Min: 0, Avg: 1.5, Max: 7, Diff: 7, Sum: 66]
      [Scan RS (ms): Min: 0.0, Avg: 0.0, Max: 0.0, Diff: 0.0, Sum: 0.4]
      [Code Root Scanning (ms): Min: 0.0, Avg: 0.0, Max: 0.0, Diff: 0.0, Sum: 0.0]
      [Object Copy (ms): Min: 0.0, Avg: 1.7, Max: 2.1, Diff: 2.1, Sum: 74.3]
      [Termination (ms): Min: 0.0, Avg: 2.3, Max: 2.6, Diff: 2.6, Sum: 97.1]
         [Termination Attempts: Min: 1, Avg: 4.8, Max: 9, Diff: 8, Sum: 206]
      [GC Worker Other (ms): Min: 0.0, Avg: 0.0, Max: 0.1, Diff: 0.0, Sum: 0.9]
      [GC Worker Total (ms): Min: 3.5, Avg: 4.9, Max: 6.3, Diff: 2.8, Sum: 209.8]
      [GC Worker End (ms): Min: 1116487225.7, Avg: 1116487225.8, Max: 1116487225.9, Diff: 0.2]
   [Code Root Fixup: 0.0 ms]
   [Code Root Purge: 0.0 ms]
   [Clear CT: 5.1 ms]
   [Other: 10.0 ms]
      [Choose CSet: 0.0 ms]
      [Ref Proc: 4.2 ms]
      [Ref Enq: 0.0 ms]
      [Redirty Cards: 5.1 ms]
      [Humongous Register: 0.1 ms]
      [Humongous Reclaim: 0.0 ms]
      [Free CSet: 0.2 ms]
   [Eden: 51200.0K(51200.0K)->0.0B(51200.0K) Survivors: 1024.0K->1024.0K Heap: 245.8M(1024.0M)->195.8M(1024.0M)]
 [Times: user=0.26 sys=0.00, real=0.02 secs] 
2023-06-26T15:19:02.591+0000: 1119962.217: [GC pause (G1 Evacuation Pause) (young), 0.0292973 secs]
   [Parallel Time: 9.7 ms, GC Workers: 43]
      [GC Worker Start (ms): Min: 1119962219.3, Avg: 1119962221.4, Max: 1119962225.7, Diff: 6.4]
      [Ext Root Scanning (ms): Min: 0.0, Avg: 0.9, Max: 4.6, Diff: 4.5, Sum: 37.1]
      [Update RS (ms): Min: 0.0, Avg: 0.2, Max: 0.6, Diff: 0.6, Sum: 8.3]
         [Processed Buffers: Min: 0, Avg: 1.5, Max: 7, Diff: 7, Sum: 66]
      [Scan RS (ms): Min: 0.0, Avg: 0.0, Max: 0.0, Diff: 0.0, Sum: 0.5]
      [Code Root Scanning (ms): Min: 0.0, Avg: 0.0, Max: 0.0, Diff: 0.0, Sum: 0.0]
      [Object Copy (ms): Min: 0.0, Avg: 1.5, Max: 1.9, Diff: 1.9, Sum: 63.5]
      [Termination (ms): Min: 0.0, Avg: 1.8, Max: 2.0, Diff: 2.0, Sum: 76.0]
         [Termination Attempts: Min: 1, Avg: 4.7, Max: 9, Diff: 8, Sum: 203]
      [GC Worker Other (ms): Min: 0.0, Avg: 0.0, Max: 0.2, Diff: 0.1, Sum: 2.0]
      [GC Worker Total (ms): Min: 0.0, Avg: 4.4, Max: 6.5, Diff: 6.4, Sum: 187.5]
      [GC Worker End (ms): Min: 1119962225.7, Avg: 1119962225.8, Max: 1119962225.9, Diff: 0.1]
   [Code Root Fixup: 0.0 ms]
   [Code Root Purge: 0.0 ms]
   [Clear CT: 6.3 ms]
   [Other: 13.3 ms]
      [Choose CSet: 0.0 ms]
      [Ref Proc: 5.0 ms]
      [Ref Enq: 0.0 ms]
      [Redirty Cards: 5.2 ms]
      [Humongous Register: 2.1 ms]
      [Humongous Reclaim: 0.0 ms]
      [Free CSet: 0.2 ms]
   [Eden: 51200.0K(51200.0K)->0.0B(51200.0K) Survivors: 1024.0K->1024.0K Heap: 245.8M(1024.0M)->195.8M(1024.0M)]
 [Times: user=0.28 sys=0.00, real=0.02 secs] 
2023-06-26T16:16:57.591+0000: 1123437.216: [GC pause (G1 Evacuation Pause) (young), 0.0241493 secs]
   [Parallel Time: 7.7 ms, GC Workers: 43]
      [GC Worker Start (ms): Min: 1123437216.8, Avg: 1123437218.2, Max: 1123437219.4, Diff: 2.6]
      [Ext Root Scanning (ms): Min: 0.0, Avg: 0.5, Max: 1.8, Diff: 1.8, Sum: 23.3]
      [Update RS (ms): Min: 0.0, Avg: 0.3, Max: 1.1, Diff: 1.1, Sum: 11.5]
         [Processed Buffers: Min: 0, Avg: 1.4, Max: 7, Diff: 7, Sum: 61]
      [Scan RS (ms): Min: 0.0, Avg: 0.0, Max: 0.0, Diff: 0.0, Sum: 0.6]
      [Code Root Scanning (ms): Min: 0.0, Avg: 0.0, Max: 0.0, Diff: 0.0, Sum: 0.0]
      [Object Copy (ms): Min: 0.0, Avg: 1.3, Max: 1.7, Diff: 1.7, Sum: 55.9]
      [Termination (ms): Min: 0.0, Avg: 2.2, Max: 2.5, Diff: 2.5, Sum: 93.6]
         [Termination Attempts: Min: 1, Avg: 4.0, Max: 8, Diff: 7, Sum: 171]
      [GC Worker Other (ms): Min: 0.0, Avg: 0.2, Max: 3.8, Diff: 3.8, Sum: 7.6]
      [GC Worker Total (ms): Min: 3.3, Avg: 4.5, Max: 5.9, Diff: 2.6, Sum: 192.5]
      [GC Worker End (ms): Min: 1123437222.6, Avg: 1123437222.7, Max: 1123437222.8, Diff: 0.2]
   [Code Root Fixup: 0.0 ms]
   [Code Root Purge: 0.0 ms]
   [Clear CT: 5.3 ms]
   [Other: 11.1 ms]
      [Choose CSet: 0.0 ms]
      [Ref Proc: 5.1 ms]
      [Ref Enq: 0.0 ms]
      [Redirty Cards: 5.3 ms]
      [Humongous Register: 0.1 ms]
      [Humongous Reclaim: 0.0 ms]
      [Free CSet: 0.1 ms]
   [Eden: 51200.0K(51200.0K)->0.0B(51200.0K) Survivors: 1024.0K->1024.0K Heap: 245.8M(1024.0M)->195.8M(1024.0M)]
 [Times: user=0.26 sys=0.00, real=0.02 secs] 
2023-06-26T17:14:47.591+0000: 1126907.217: [GC pause (G1 Evacuation Pause) (young), 0.0289260 secs]
   [Parallel Time: 10.6 ms, GC Workers: 43]
      [GC Worker Start (ms): Min: 1126907219.5, Avg: 1126907221.8, Max: 1126907227.6, Diff: 8.2]
      [Ext Root Scanning (ms): Min: 0.0, Avg: 1.0, Max: 8.9, Diff: 8.9, Sum: 41.8]
      [Update RS (ms): Min: 0.0, Avg: 0.2, Max: 0.7, Diff: 0.7, Sum: 7.4]
         [Processed Buffers: Min: 0, Avg: 1.5, Max: 5, Diff: 5, Sum: 65]
      [Scan RS (ms): Min: 0.0, Avg: 0.0, Max: 0.1, Diff: 0.1, Sum: 0.4]
      [Code Root Scanning (ms): Min: 0.0, Avg: 0.0, Max: 0.0, Diff: 0.0, Sum: 0.0]
      [Object Copy (ms): Min: 0.0, Avg: 3.1, Max: 4.1, Diff: 4.1, Sum: 134.4]
      [Termination (ms): Min: 0.0, Avg: 2.3, Max: 3.3, Diff: 3.3, Sum: 98.6]
         [Termination Attempts: Min: 1, Avg: 15.1, Max: 20, Diff: 19, Sum: 648]
      [GC Worker Other (ms): Min: 0.0, Avg: 0.1, Max: 0.3, Diff: 0.2, Sum: 3.6]
      [GC Worker Total (ms): Min: 0.9, Avg: 6.7, Max: 8.9, Diff: 8.1, Sum: 286.3]
      [GC Worker End (ms): Min: 1126907228.4, Avg: 1126907228.5, Max: 1126907228.7, Diff: 0.2]
   [Code Root Fixup: 0.0 ms]
   [Code Root Purge: 0.0 ms]
   [Clear CT: 5.6 ms]
   [Other: 12.8 ms]
      [Choose CSet: 0.0 ms]
      [Ref Proc: 4.8 ms]
      [Ref Enq: 0.0 ms]
      [Redirty Cards: 5.0 ms]
      [Humongous Register: 2.1 ms]
      [Humongous Reclaim: 0.0 ms]
      [Free CSet: 0.2 ms]
   [Eden: 51200.0K(51200.0K)->0.0B(51200.0K) Survivors: 1024.0K->1024.0K Heap: 245.8M(1024.0M)->195.8M(1024.0M)]
 [Times: user=0.31 sys=0.06, real=0.02 secs] 
2023-06-26T18:12:37.591+0000: 1130377.217: [GC pause (G1 Evacuation Pause) (young), 0.0267832 secs]
   [Parallel Time: 10.1 ms, GC Workers: 43]
      [GC Worker Start (ms): Min: 1130377218.9, Avg: 1130377220.8, Max: 1130377226.8, Diff: 7.9]
      [Ext Root Scanning (ms): Min: 0.0, Avg: 0.7, Max: 8.3, Diff: 8.2, Sum: 31.1]
      [Update RS (ms): Min: 0.0, Avg: 0.1, Max: 0.6, Diff: 0.6, Sum: 6.4]
         [Processed Buffers: Min: 0, Avg: 1.4, Max: 4, Diff: 4, Sum: 62]
      [Scan RS (ms): Min: 0.0, Avg: 0.0, Max: 0.0, Diff: 0.0, Sum: 0.4]
      [Code Root Scanning (ms): Min: 0.0, Avg: 0.0, Max: 0.0, Diff: 0.0, Sum: 0.0]
      [Object Copy (ms): Min: 0.0, Avg: 3.2, Max: 4.2, Diff: 4.1, Sum: 136.7]
      [Termination (ms): Min: 0.0, Avg: 2.3, Max: 3.5, Diff: 3.5, Sum: 100.0]
         [Termination Attempts: Min: 1, Avg: 15.8, Max: 23, Diff: 22, Sum: 679]
      [GC Worker Other (ms): Min: 0.0, Avg: 0.0, Max: 0.1, Diff: 0.1, Sum: 1.7]
      [GC Worker Total (ms): Min: 0.5, Avg: 6.4, Max: 8.4, Diff: 7.9, Sum: 276.4]
      [GC Worker End (ms): Min: 1130377227.2, Avg: 1130377227.3, Max: 1130377227.4, Diff: 0.2]
   [Code Root Fixup: 0.0 ms]
   [Code Root Purge: 0.0 ms]
   [Clear CT: 5.2 ms]
   [Other: 11.5 ms]
      [Choose CSet: 0.0 ms]
      [Ref Proc: 3.5 ms]
      [Ref Enq: 0.0 ms]
      [Redirty Cards: 5.4 ms]
      [Humongous Register: 1.8 ms]
      [Humongous Reclaim: 0.0 ms]
      [Free CSet: 0.1 ms]
   [Eden: 51200.0K(51200.0K)->0.0B(51200.0K) Survivors: 1024.0K->1024.0K Heap: 245.8M(1024.0M)->195.8M(1024.0M)]
 [Times: user=0.33 sys=0.00, real=0.02 secs] 
2023-06-26T19:10:31.544+0000: 1133851.170: [GC pause (G1 Evacuation Pause) (young), 0.0261118 secs]
   [Parallel Time: 8.5 ms, GC Workers: 43]
      [GC Worker Start (ms): Min: 1133851172.2, Avg: 1133851174.4, Max: 1133851178.7, Diff: 6.5]
      [Ext Root Scanning (ms): Min: 0.0, Avg: 0.7, Max: 2.4, Diff: 2.4, Sum: 29.8]
      [Update RS (ms): Min: 0.0, Avg: 0.2, Max: 0.6, Diff: 0.6, Sum: 7.2]
         [Processed Buffers: Min: 0, Avg: 1.4, Max: 7, Diff: 7, Sum: 62]
      [Scan RS (ms): Min: 0.0, Avg: 0.0, Max: 0.0, Diff: 0.0, Sum: 0.5]
      [Code Root Scanning (ms): Min: 0.0, Avg: 0.0, Max: 0.0, Diff: 0.0, Sum: 0.0]
      [Object Copy (ms): Min: 0.7, Avg: 3.5, Max: 4.4, Diff: 3.7, Sum: 150.5]
      [Termination (ms): Min: 0.5, Avg: 1.2, Max: 2.0, Diff: 1.5, Sum: 52.0]
         [Termination Attempts: Min: 3, Avg: 17.0, Max: 25, Diff: 22, Sum: 732]
      [GC Worker Other (ms): Min: 0.0, Avg: 0.1, Max: 0.4, Diff: 0.3, Sum: 4.6]
      [GC Worker Total (ms): Min: 1.3, Avg: 5.7, Max: 7.8, Diff: 6.5, Sum: 244.6]
      [GC Worker End (ms): Min: 1133851180.0, Avg: 1133851180.1, Max: 1133851180.2, Diff: 0.3]
   [Code Root Fixup: 0.0 ms]
   [Code Root Purge: 0.0 ms]
   [Clear CT: 4.8 ms]
   [Other: 12.8 ms]
      [Choose CSet: 0.0 ms]
      [Ref Proc: 4.2 ms]
      [Ref Enq: 0.0 ms]
      [Redirty Cards: 5.2 ms]
      [Humongous Register: 2.1 ms]
      [Humongous Reclaim: 0.0 ms]
      [Free CSet: 0.4 ms]
   [Eden: 51200.0K(51200.0K)->0.0B(51200.0K) Survivors: 1024.0K->1024.0K Heap: 245.8M(1024.0M)->195.8M(1024.0M)]
 [Times: user=0.24 sys=0.07, real=0.03 secs] 
2023-06-26T20:08:23.223+0000: 1137322.849: [GC pause (G1 Evacuation Pause) (young), 0.0306582 secs]
   [Parallel Time: 13.2 ms, GC Workers: 43]
      [GC Worker Start (ms): Min: 1137322851.6, Avg: 1137322853.8, Max: 1137322858.7, Diff: 7.1]
      [Ext Root Scanning (ms): Min: 0.0, Avg: 1.2, Max: 9.1, Diff: 9.1, Sum: 51.7]
      [Update RS (ms): Min: 0.0, Avg: 0.3, Max: 0.6, Diff: 0.6, Sum: 12.2]
         [Processed Buffers: Min: 0, Avg: 1.5, Max: 6, Diff: 6, Sum: 63]
      [Scan RS (ms): Min: 0.0, Avg: 0.0, Max: 0.0, Diff: 0.0, Sum: 0.5]
      [Code Root Scanning (ms): Min: 0.0, Avg: 0.0, Max: 0.0, Diff: 0.0, Sum: 0.0]
      [Object Copy (ms): Min: 0.0, Avg: 3.7, Max: 4.5, Diff: 4.5, Sum: 159.1]
      [Termination (ms): Min: 0.0, Avg: 1.7, Max: 2.5, Diff: 2.5, Sum: 74.6]
         [Termination Attempts: Min: 1, Avg: 16.6, Max: 26, Diff: 25, Sum: 715]
      [GC Worker Other (ms): Min: 0.0, Avg: 0.1, Max: 0.2, Diff: 0.2, Sum: 2.9]
      [GC Worker Total (ms): Min: 2.0, Avg: 7.0, Max: 9.2, Diff: 7.1, Sum: 301.1]
      [GC Worker End (ms): Min: 1137322860.7, Avg: 1137322860.8, Max: 1137322860.9, Diff: 0.2]
   [Code Root Fixup: 0.0 ms]
   [Code Root Purge: 0.0 ms]
   [Clear CT: 4.9 ms]
   [Other: 12.6 ms]
      [Choose CSet: 0.0 ms]
      [Ref Proc: 4.5 ms]
      [Ref Enq: 0.0 ms]
      [Redirty Cards: 5.0 ms]
      [Humongous Register: 2.1 ms]
      [Humongous Reclaim: 0.0 ms]
      [Free CSet: 0.2 ms]
   [Eden: 51200.0K(51200.0K)->0.0B(51200.0K) Survivors: 1024.0K->1024.0K Heap: 245.8M(1024.0M)->195.8M(1024.0M)]
 [Times: user=0.32 sys=0.03, real=0.03 secs] 
2023-06-26T21:06:22.404+0000: 1140802.029: [GC pause (G1 Evacuation Pause) (young), 0.0275169 secs]
   [Parallel Time: 9.7 ms, GC Workers: 43]
      [GC Worker Start (ms): Min: 1140802031.8, Avg: 1140802033.7, Max: 1140802035.5, Diff: 3.7]
      [Ext Root Scanning (ms): Min: 0.0, Avg: 1.3, Max: 7.7, Diff: 7.7, Sum: 57.2]
      [Update RS (ms): Min: 0.0, Avg: 0.3, Max: 0.7, Diff: 0.7, Sum: 12.4]
         [Processed Buffers: Min: 0, Avg: 1.5, Max: 7, Diff: 7, Sum: 66]
      [Scan RS (ms): Min: 0.0, Avg: 0.0, Max: 0.0, Diff: 0.0, Sum: 0.4]
      [Code Root Scanning (ms): Min: 0.0, Avg: 0.0, Max: 0.0, Diff: 0.0, Sum: 0.0]
      [Object Copy (ms): Min: 0.0, Avg: 1.7, Max: 2.0, Diff: 2.0, Sum: 71.6]
      [Termination (ms): Min: 0.0, Avg: 2.5, Max: 2.7, Diff: 2.7, Sum: 105.9]
         [Termination Attempts: Min: 1, Avg: 4.2, Max: 7, Diff: 6, Sum: 179]
      [GC Worker Other (ms): Min: 0.0, Avg: 0.1, Max: 0.3, Diff: 0.3, Sum: 2.7]
      [GC Worker Total (ms): Min: 4.0, Avg: 5.8, Max: 7.7, Diff: 3.7, Sum: 250.1]
      [GC Worker End (ms): Min: 1140802039.5, Avg: 1140802039.6, Max: 1140802039.7, Diff: 0.2]
   [Code Root Fixup: 0.0 ms]
   [Code Root Purge: 0.0 ms]
   [Clear CT: 5.1 ms]
   [Other: 12.6 ms]
      [Choose CSet: 0.0 ms]
      [Ref Proc: 4.1 ms]
      [Ref Enq: 0.0 ms]
      [Redirty Cards: 5.2 ms]
      [Humongous Register: 2.1 ms]
      [Humongous Reclaim: 0.0 ms]
      [Free CSet: 0.3 ms]
   [Eden: 51200.0K(51200.0K)->0.0B(51200.0K) Survivors: 1024.0K->1024.0K Heap: 245.8M(1024.0M)->195.8M(1024.0M)]
 [Times: user=0.25 sys=0.05, real=0.03 secs] 
2023-06-26T22:04:12.730+0000: 1144272.356: [GC pause (G1 Evacuation Pause) (young), 0.0269442 secs]
   [Parallel Time: 10.6 ms, GC Workers: 43]
      [GC Worker Start (ms): Min: 1144272356.2, Avg: 1144272357.6, Max: 1144272359.0, Diff: 2.9]
      [Ext Root Scanning (ms): Min: 0.0, Avg: 1.6, Max: 8.0, Diff: 8.0, Sum: 68.3]
      [Update RS (ms): Min: 0.0, Avg: 0.5, Max: 1.0, Diff: 1.0, Sum: 21.1]
         [Processed Buffers: Min: 0, Avg: 1.4, Max: 7, Diff: 7, Sum: 60]
      [Scan RS (ms): Min: 0.0, Avg: 0.0, Max: 0.0, Diff: 0.0, Sum: 0.5]
      [Code Root Scanning (ms): Min: 0.0, Avg: 0.0, Max: 0.0, Diff: 0.0, Sum: 0.0]
      [Object Copy (ms): Min: 0.0, Avg: 2.9, Max: 3.5, Diff: 3.5, Sum: 122.6]
      [Termination (ms): Min: 0.0, Avg: 1.7, Max: 2.1, Diff: 2.1, Sum: 74.7]
         [Termination Attempts: Min: 1, Avg: 11.6, Max: 17, Diff: 16, Sum: 498]
      [GC Worker Other (ms): Min: 0.0, Avg: 0.0, Max: 0.1, Diff: 0.0, Sum: 1.3]
      [GC Worker Total (ms): Min: 5.2, Avg: 6.7, Max: 8.0, Diff: 2.8, Sum: 288.6]
      [GC Worker End (ms): Min: 1144272364.2, Avg: 1144272364.3, Max: 1144272364.4, Diff: 0.2]
   [Code Root Fixup: 0.0 ms]
   [Code Root Purge: 0.0 ms]
   [Clear CT: 5.2 ms]
   [Other: 11.1 ms]
      [Choose CSet: 0.0 ms]
      [Ref Proc: 4.7 ms]
      [Ref Enq: 0.0 ms]
      [Redirty Cards: 5.5 ms]
      [Humongous Register: 0.3 ms]
      [Humongous Reclaim: 0.0 ms]
      [Free CSet: 0.2 ms]
   [Eden: 51200.0K(51200.0K)->0.0B(51200.0K) Survivors: 1024.0K->1024.0K Heap: 245.8M(1024.0M)->195.8M(1024.0M)]
 [Times: user=0.21 sys=0.12, real=0.02 secs] 
2023-06-26T23:02:06.952+0000: 1147746.578: [GC pause (G1 Evacuation Pause) (young), 0.0257147 secs]
   [Parallel Time: 8.3 ms, GC Workers: 43]
      [GC Worker Start (ms): Min: 1147746580.1, Avg: 1147746582.0, Max: 1147746583.7, Diff: 3.6]
      [Ext Root Scanning (ms): Min: 0.0, Avg: 0.6, Max: 2.1, Diff: 2.1, Sum: 24.8]
      [Update RS (ms): Min: 0.0, Avg: 0.2, Max: 0.6, Diff: 0.6, Sum: 7.1]
         [Processed Buffers: Min: 0, Avg: 1.4, Max: 8, Diff: 8, Sum: 62]
      [Scan RS (ms): Min: 0.0, Avg: 0.0, Max: 0.1, Diff: 0.1, Sum: 1.0]
      [Code Root Scanning (ms): Min: 0.0, Avg: 0.0, Max: 0.0, Diff: 0.0, Sum: 0.0]
      [Object Copy (ms): Min: 1.5, Avg: 2.9, Max: 3.6, Diff: 2.1, Sum: 124.4]
      [Termination (ms): Min: 0.5, Avg: 1.2, Max: 2.2, Diff: 1.7, Sum: 51.2]
         [Termination Attempts: Min: 7, Avg: 14.9, Max: 23, Diff: 16, Sum: 641]
      [GC Worker Other (ms): Min: 0.0, Avg: 0.1, Max: 0.3, Diff: 0.3, Sum: 4.3]
      [GC Worker Total (ms): Min: 3.2, Avg: 5.0, Max: 6.9, Diff: 3.8, Sum: 212.9]
      [GC Worker End (ms): Min: 1147746586.8, Avg: 1147746586.9, Max: 1147746587.1, Diff: 0.3]
   [Code Root Fixup: 0.0 ms]
   [Code Root Purge: 0.0 ms]
   [Clear CT: 5.1 ms]
   [Other: 12.3 ms]
      [Choose CSet: 0.0 ms]
      [Ref Proc: 4.8 ms]
      [Ref Enq: 0.0 ms]
      [Redirty Cards: 5.0 ms]
      [Humongous Register: 1.9 ms]
      [Humongous Reclaim: 0.0 ms]
      [Free CSet: 0.1 ms]
   [Eden: 51200.0K(51200.0K)->0.0B(51200.0K) Survivors: 1024.0K->1024.0K Heap: 245.8M(1024.0M)->195.8M(1024.0M)]
 [Times: user=0.27 sys=0.00, real=0.02 secs] 
2023-06-26T23:59:57.591+0000: 1151217.217: [GC pause (G1 Evacuation Pause) (young), 0.0268127 secs]
   [Parallel Time: 10.7 ms, GC Workers: 43]
      [GC Worker Start (ms): Min: 1151217219.4, Avg: 1151217221.4, Max: 1151217223.3, Diff: 3.9]
      [Ext Root Scanning (ms): Min: 0.0, Avg: 1.0, Max: 7.0, Diff: 7.0, Sum: 45.1]
      [Update RS (ms): Min: 0.0, Avg: 0.2, Max: 0.7, Diff: 0.7, Sum: 9.8]
         [Processed Buffers: Min: 0, Avg: 1.4, Max: 6, Diff: 6, Sum: 62]
      [Scan RS (ms): Min: 0.0, Avg: 0.0, Max: 0.1, Diff: 0.1, Sum: 0.6]
      [Code Root Scanning (ms): Min: 0.0, Avg: 0.0, Max: 0.0, Diff: 0.0, Sum: 0.0]
      [Object Copy (ms): Min: 0.0, Avg: 1.6, Max: 2.0, Diff: 2.0, Sum: 70.9]
      [Termination (ms): Min: 0.0, Avg: 2.2, Max: 2.5, Diff: 2.5, Sum: 92.6]
         [Termination Attempts: Min: 1, Avg: 5.9, Max: 10, Diff: 9, Sum: 255]
      [GC Worker Other (ms): Min: 0.0, Avg: 0.0, Max: 0.1, Diff: 0.1, Sum: 1.9]
      [GC Worker Total (ms): Min: 3.2, Avg: 5.1, Max: 7.1, Diff: 3.9, Sum: 220.9]
      [GC Worker End (ms): Min: 1151217226.5, Avg: 1151217226.6, Max: 1151217226.7, Diff: 0.2]
   [Code Root Fixup: 0.0 ms]
   [Code Root Purge: 0.0 ms]
   [Clear CT: 5.0 ms]
   [Other: 11.1 ms]
      [Choose CSet: 0.0 ms]
      [Ref Proc: 3.4 ms]
      [Ref Enq: 0.0 ms]
      [Redirty Cards: 4.8 ms]
      [Humongous Register: 2.1 ms]
      [Humongous Reclaim: 0.0 ms]
      [Free CSet: 0.2 ms]
   [Eden: 51200.0K(51200.0K)->0.0B(51200.0K) Survivors: 1024.0K->1024.0K Heap: 245.8M(1024.0M)->195.8M(1024.0M)]
 [Times: user=0.28 sys=0.00, real=0.02 secs] 
2023-06-27T00:57:52.591+0000: 1154692.216: [GC pause (G1 Evacuation Pause) (young), 0.0239338 secs]
   [Parallel Time: 7.6 ms, GC Workers: 43]
      [GC Worker Start (ms): Min: 1154692216.6, Avg: 1154692218.0, Max: 1154692219.2, Diff: 2.6]
      [Ext Root Scanning (ms): Min: 0.0, Avg: 0.5, Max: 1.7, Diff: 1.7, Sum: 22.6]
      [Update RS (ms): Min: 0.0, Avg: 0.1, Max: 0.4, Diff: 0.4, Sum: 6.1]
         [Processed Buffers: Min: 0, Avg: 1.5, Max: 6, Diff: 6, Sum: 63]
      [Scan RS (ms): Min: 0.0, Avg: 0.0, Max: 0.0, Diff: 0.0, Sum: 0.6]
      [Code Root Scanning (ms): Min: 0.0, Avg: 0.0, Max: 0.0, Diff: 0.0, Sum: 0.0]
      [Object Copy (ms): Min: 1.8, Avg: 2.8, Max: 3.4, Diff: 1.7, Sum: 121.2]
      [Termination (ms): Min: 0.5, Avg: 1.0, Max: 1.7, Diff: 1.2, Sum: 43.5]
         [Termination Attempts: Min: 9, Avg: 13.6, Max: 20, Diff: 11, Sum: 585]
      [GC Worker Other (ms): Min: 0.0, Avg: 0.1, Max: 0.3, Diff: 0.3, Sum: 3.2]
      [GC Worker Total (ms): Min: 3.4, Avg: 4.6, Max: 6.1, Diff: 2.7, Sum: 197.2]
      [GC Worker End (ms): Min: 1154692222.5, Avg: 1154692222.6, Max: 1154692222.7, Diff: 0.2]
   [Code Root Fixup: 0.0 ms]
   [Code Root Purge: 0.0 ms]
   [Clear CT: 5.1 ms]
   [Other: 11.2 ms]
      [Choose CSet: 0.0 ms]
      [Ref Proc: 5.7 ms]
      [Ref Enq: 0.0 ms]
      [Redirty Cards: 5.0 ms]
      [Humongous Register: 0.1 ms]
      [Humongous Reclaim: 0.0 ms]
      [Free CSet: 0.1 ms]
   [Eden: 51200.0K(51200.0K)->0.0B(51200.0K) Survivors: 1024.0K->1024.0K Heap: 245.8M(1024.0M)->195.8M(1024.0M)]
 [Times: user=0.25 sys=0.00, real=0.02 secs] 
2023-06-27T01:55:52.148+0000: 1158171.774: [GC pause (G1 Evacuation Pause) (young), 0.0297343 secs]
   [Parallel Time: 11.2 ms, GC Workers: 43]
      [GC Worker Start (ms): Min: 1158171776.6, Avg: 1158171778.8, Max: 1158171780.6, Diff: 4.0]
      [Ext Root Scanning (ms): Min: 0.0, Avg: 1.2, Max: 7.0, Diff: 7.0, Sum: 50.8]
      [Update RS (ms): Min: 0.0, Avg: 1.6, Max: 6.5, Diff: 6.5, Sum: 68.6]
         [Processed Buffers: Min: 0, Avg: 1.5, Max: 7, Diff: 7, Sum: 66]
      [Scan RS (ms): Min: 0.0, Avg: 0.0, Max: 0.0, Diff: 0.0, Sum: 0.5]
      [Code Root Scanning (ms): Min: 0.0, Avg: 0.0, Max: 0.0, Diff: 0.0, Sum: 0.0]
      [Object Copy (ms): Min: 0.0, Avg: 1.7, Max: 3.4, Diff: 3.4, Sum: 74.5]
      [Termination (ms): Min: 0.0, Avg: 2.4, Max: 4.3, Diff: 4.3, Sum: 104.9]
         [Termination Attempts: Min: 1, Avg: 16.2, Max: 32, Diff: 31, Sum: 698]
      [GC Worker Other (ms): Min: 0.0, Avg: 0.7, Max: 5.5, Diff: 5.5, Sum: 28.2]
      [GC Worker Total (ms): Min: 5.9, Avg: 7.6, Max: 9.7, Diff: 3.9, Sum: 327.4]
      [GC Worker End (ms): Min: 1158171786.3, Avg: 1158171786.4, Max: 1158171786.6, Diff: 0.2]
   [Code Root Fixup: 0.0 ms]
   [Code Root Purge: 0.0 ms]
   [Clear CT: 5.2 ms]
   [Other: 13.3 ms]
      [Choose CSet: 0.0 ms]
      [Ref Proc: 5.1 ms]
      [Ref Enq: 0.0 ms]
      [Redirty Cards: 5.1 ms]
      [Humongous Register: 2.1 ms]
      [Humongous Reclaim: 0.0 ms]
      [Free CSet: 0.2 ms]
   [Eden: 51200.0K(51200.0K)->0.0B(51200.0K) Survivors: 1024.0K->1024.0K Heap: 245.8M(1024.0M)->195.8M(1024.0M)]
 [Times: user=0.31 sys=0.01, real=0.03 secs] 
2023-06-27T02:53:37.591+0000: 1161637.217: [GC pause (G1 Evacuation Pause) (young), 0.0262456 secs]
   [Parallel Time: 8.5 ms, GC Workers: 43]
      [GC Worker Start (ms): Min: 1161637219.4, Avg: 1161637221.4, Max: 1161637225.1, Diff: 5.7]
      [Ext Root Scanning (ms): Min: 0.0, Avg: 0.9, Max: 6.7, Diff: 6.7, Sum: 39.4]
      [Update RS (ms): Min: 0.0, Avg: 0.2, Max: 0.7, Diff: 0.7, Sum: 10.4]
         [Processed Buffers: Min: 0, Avg: 1.3, Max: 7, Diff: 7, Sum: 56]
      [Scan RS (ms): Min: 0.0, Avg: 0.0, Max: 0.0, Diff: 0.0, Sum: 0.4]
      [Code Root Scanning (ms): Min: 0.0, Avg: 0.0, Max: 0.0, Diff: 0.0, Sum: 0.0]
      [Object Copy (ms): Min: 0.0, Avg: 1.5, Max: 1.9, Diff: 1.9, Sum: 66.0]
      [Termination (ms): Min: 0.0, Avg: 2.1, Max: 2.4, Diff: 2.4, Sum: 89.1]
         [Termination Attempts: Min: 1, Avg: 5.4, Max: 10, Diff: 9, Sum: 234]
      [GC Worker Other (ms): Min: 0.0, Avg: 0.0, Max: 0.2, Diff: 0.2, Sum: 2.0]
      [GC Worker Total (ms): Min: 1.2, Avg: 4.8, Max: 6.8, Diff: 5.6, Sum: 207.3]
      [GC Worker End (ms): Min: 1161637226.2, Avg: 1161637226.3, Max: 1161637226.4, Diff: 0.2]
   [Code Root Fixup: 0.0 ms]
   [Code Root Purge: 0.0 ms]
   [Clear CT: 4.9 ms]
   [Other: 12.8 ms]
      [Choose CSet: 0.0 ms]
      [Ref Proc: 4.8 ms]
      [Ref Enq: 0.0 ms]
      [Redirty Cards: 5.0 ms]
      [Humongous Register: 2.1 ms]
      [Humongous Reclaim: 0.0 ms]
      [Free CSet: 0.2 ms]
   [Eden: 51200.0K(51200.0K)->0.0B(51200.0K) Survivors: 1024.0K->1024.0K Heap: 245.8M(1024.0M)->195.9M(1024.0M)]
 [Times: user=0.29 sys=0.00, real=0.02 secs] 
2023-06-27T03:51:27.591+0000: 1165107.216: [GC pause (G1 Evacuation Pause) (young), 0.0252516 secs]
   [Parallel Time: 9.0 ms, GC Workers: 43]
      [GC Worker Start (ms): Min: 1165107216.8, Avg: 1165107218.2, Max: 1165107222.6, Diff: 5.8]
      [Ext Root Scanning (ms): Min: 0.0, Avg: 0.7, Max: 6.3, Diff: 6.3, Sum: 31.3]
      [Update RS (ms): Min: 0.0, Avg: 0.2, Max: 0.7, Diff: 0.6, Sum: 7.2]
         [Processed Buffers: Min: 0, Avg: 1.4, Max: 8, Diff: 8, Sum: 61]
      [Scan RS (ms): Min: 0.0, Avg: 0.0, Max: 0.0, Diff: 0.0, Sum: 0.5]
      [Code Root Scanning (ms): Min: 0.0, Avg: 0.0, Max: 0.0, Diff: 0.0, Sum: 0.0]
      [Object Copy (ms): Min: 0.0, Avg: 2.7, Max: 3.3, Diff: 3.3, Sum: 117.9]
      [Termination (ms): Min: 0.0, Avg: 1.3, Max: 1.8, Diff: 1.8, Sum: 55.1]
         [Termination Attempts: Min: 1, Avg: 15.7, Max: 20, Diff: 19, Sum: 675]
      [GC Worker Other (ms): Min: 0.0, Avg: 0.0, Max: 0.1, Diff: 0.1, Sum: 1.0]
      [GC Worker Total (ms): Min: 0.7, Avg: 5.0, Max: 6.3, Diff: 5.7, Sum: 213.0]
      [GC Worker End (ms): Min: 1165107223.1, Avg: 1165107223.2, Max: 1165107223.3, Diff: 0.2]
   [Code Root Fixup: 0.0 ms]
   [Code Root Purge: 0.0 ms]
   [Clear CT: 5.9 ms]
   [Other: 10.4 ms]
      [Choose CSet: 0.0 ms]
      [Ref Proc: 4.6 ms]
      [Ref Enq: 0.0 ms]
      [Redirty Cards: 5.1 ms]
      [Humongous Register: 0.1 ms]
      [Humongous Reclaim: 0.0 ms]
      [Free CSet: 0.2 ms]
   [Eden: 51200.0K(51200.0K)->0.0B(51200.0K) Survivors: 1024.0K->1024.0K Heap: 245.9M(1024.0M)->195.9M(1024.0M)]
 [Times: user=0.27 sys=0.00, real=0.02 secs] 
2023-06-27T04:49:11.129+0000: 1168570.754: [GC pause (G1 Evacuation Pause) (young), 0.0245515 secs]
   [Parallel Time: 6.7 ms, GC Workers: 43]
      [GC Worker Start (ms): Min: 1168570756.8, Avg: 1168570758.9, Max: 1168570760.7, Diff: 3.8]
      [Ext Root Scanning (ms): Min: 0.0, Avg: 0.8, Max: 2.6, Diff: 2.6, Sum: 35.3]
      [Update RS (ms): Min: 0.0, Avg: 0.2, Max: 0.6, Diff: 0.6, Sum: 7.1]
         [Processed Buffers: Min: 0, Avg: 1.4, Max: 7, Diff: 7, Sum: 62]
      [Scan RS (ms): Min: 0.0, Avg: 0.0, Max: 0.0, Diff: 0.0, Sum: 0.6]
      [Code Root Scanning (ms): Min: 0.0, Avg: 0.0, Max: 0.0, Diff: 0.0, Sum: 0.0]
      [Object Copy (ms): Min: 0.8, Avg: 1.6, Max: 2.0, Diff: 1.2, Sum: 69.0]
      [Termination (ms): Min: 0.1, Avg: 0.3, Max: 0.6, Diff: 0.5, Sum: 11.4]
         [Termination Attempts: Min: 3, Avg: 6.4, Max: 10, Diff: 7, Sum: 274]
      [GC Worker Other (ms): Min: 0.0, Avg: 0.1, Max: 0.3, Diff: 0.2, Sum: 4.0]
      [GC Worker Total (ms): Min: 1.1, Avg: 3.0, Max: 5.0, Diff: 3.8, Sum: 127.4]
      [GC Worker End (ms): Min: 1168570761.8, Avg: 1168570761.8, Max: 1168570762.0, Diff: 0.2]
   [Code Root Fixup: 0.0 ms]
   [Code Root Purge: 0.0 ms]
   [Clear CT: 4.8 ms]
   [Other: 13.0 ms]
      [Choose CSet: 0.0 ms]
      [Ref Proc: 4.8 ms]
      [Ref Enq: 0.0 ms]
      [Redirty Cards: 4.8 ms]
      [Humongous Register: 2.1 ms]
      [Humongous Reclaim: 0.0 ms]
      [Free CSet: 0.4 ms]
   [Eden: 51200.0K(51200.0K)->0.0B(51200.0K) Survivors: 1024.0K->1024.0K Heap: 245.9M(1024.0M)->195.8M(1024.0M)]
 [Times: user=0.05 sys=0.14, real=0.03 secs] 
2023-06-27T05:46:57.591+0000: 1172037.217: [GC pause (G1 Evacuation Pause) (young), 0.0365005 secs]
   [Parallel Time: 17.5 ms, GC Workers: 43]
      [GC Worker Start (ms): Min: 1172037219.6, Avg: 1172037221.7, Max: 1172037226.1, Diff: 6.5]
      [Ext Root Scanning (ms): Min: 0.0, Avg: 1.0, Max: 13.4, Diff: 13.4, Sum: 44.9]
      [Update RS (ms): Min: 0.0, Avg: 0.2, Max: 0.9, Diff: 0.9, Sum: 9.4]
         [Processed Buffers: Min: 0, Avg: 1.4, Max: 6, Diff: 6, Sum: 60]
      [Scan RS (ms): Min: 0.0, Avg: 0.0, Max: 0.0, Diff: 0.0, Sum: 0.4]
      [Code Root Scanning (ms): Min: 0.0, Avg: 0.0, Max: 0.0, Diff: 0.0, Sum: 0.0]
      [Object Copy (ms): Min: 0.0, Avg: 2.1, Max: 2.6, Diff: 2.6, Sum: 90.9]
      [Termination (ms): Min: 0.0, Avg: 8.0, Max: 8.6, Diff: 8.6, Sum: 344.2]
         [Termination Attempts: Min: 1, Avg: 9.4, Max: 14, Diff: 13, Sum: 404]
      [GC Worker Other (ms): Min: 0.0, Avg: 0.0, Max: 0.1, Diff: 0.1, Sum: 1.9]
      [GC Worker Total (ms): Min: 7.1, Avg: 11.4, Max: 13.5, Diff: 6.4, Sum: 491.7]
      [GC Worker End (ms): Min: 1172037233.1, Avg: 1172037233.2, Max: 1172037233.3, Diff: 0.2]
   [Code Root Fixup: 0.0 ms]
   [Code Root Purge: 0.0 ms]
   [Clear CT: 5.7 ms]
   [Other: 13.3 ms]
      [Choose CSet: 0.0 ms]
      [Ref Proc: 4.7 ms]
      [Ref Enq: 0.0 ms]
      [Redirty Cards: 5.5 ms]
      [Humongous Register: 2.1 ms]
      [Humongous Reclaim: 0.0 ms]
      [Free CSet: 0.2 ms]
   [Eden: 51200.0K(51200.0K)->0.0B(51200.0K) Survivors: 1024.0K->1024.0K Heap: 245.8M(1024.0M)->195.9M(1024.0M)]
 [Times: user=0.55 sys=0.00, real=0.03 secs] 
2023-06-27T06:44:37.591+0000: 1175497.216: [GC pause (G1 Evacuation Pause) (young), 0.0219394 secs]
   [Parallel Time: 7.2 ms, GC Workers: 43]
      [GC Worker Start (ms): Min: 1175497216.6, Avg: 1175497218.0, Max: 1175497219.3, Diff: 2.7]
      [Ext Root Scanning (ms): Min: 0.0, Avg: 0.5, Max: 1.8, Diff: 1.8, Sum: 23.3]
      [Update RS (ms): Min: 0.0, Avg: 0.1, Max: 0.4, Diff: 0.4, Sum: 5.5]
         [Processed Buffers: Min: 0, Avg: 1.5, Max: 8, Diff: 8, Sum: 63]
      [Scan RS (ms): Min: 0.0, Avg: 0.0, Max: 0.1, Diff: 0.0, Sum: 0.6]
      [Code Root Scanning (ms): Min: 0.0, Avg: 0.0, Max: 0.0, Diff: 0.0, Sum: 0.0]
      [Object Copy (ms): Min: 2.5, Avg: 3.4, Max: 4.1, Diff: 1.6, Sum: 145.8]
      [Termination (ms): Min: 0.5, Avg: 1.0, Max: 1.9, Diff: 1.4, Sum: 42.5]
         [Termination Attempts: Min: 9, Avg: 13.7, Max: 22, Diff: 13, Sum: 590]
      [GC Worker Other (ms): Min: 0.0, Avg: 0.1, Max: 0.3, Diff: 0.3, Sum: 3.1]
      [GC Worker Total (ms): Min: 4.0, Avg: 5.1, Max: 6.6, Diff: 2.7, Sum: 220.9]
      [GC Worker End (ms): Min: 1175497223.1, Avg: 1175497223.2, Max: 1175497223.3, Diff: 0.2]
   [Code Root Fixup: 0.0 ms]
   [Code Root Purge: 0.0 ms]
   [Clear CT: 5.3 ms]
   [Other: 9.5 ms]
      [Choose CSet: 0.0 ms]
      [Ref Proc: 3.7 ms]
      [Ref Enq: 0.0 ms]
      [Redirty Cards: 5.2 ms]
      [Humongous Register: 0.1 ms]
      [Humongous Reclaim: 0.0 ms]
      [Free CSet: 0.1 ms]
   [Eden: 51200.0K(51200.0K)->0.0B(51200.0K) Survivors: 1024.0K->1024.0K Heap: 245.9M(1024.0M)->195.8M(1024.0M)]
 [Times: user=0.25 sys=0.02, real=0.02 secs] 
2023-06-27T07:42:32.591+0000: 1178972.217: [GC pause (G1 Evacuation Pause) (young), 0.0280935 secs]
   [Parallel Time: 10.7 ms, GC Workers: 43]
      [GC Worker Start (ms): Min: 1178972219.5, Avg: 1178972221.5, Max: 1178972223.4, Diff: 4.0]
      [Ext Root Scanning (ms): Min: 0.0, Avg: 1.0, Max: 7.3, Diff: 7.2, Sum: 41.8]
      [Update RS (ms): Min: 0.0, Avg: 0.3, Max: 0.7, Diff: 0.7, Sum: 12.3]
         [Processed Buffers: Min: 0, Avg: 1.5, Max: 6, Diff: 6, Sum: 65]
      [Scan RS (ms): Min: 0.0, Avg: 0.0, Max: 0.1, Diff: 0.1, Sum: 0.5]
      [Code Root Scanning (ms): Min: 0.0, Avg: 0.0, Max: 0.0, Diff: 0.0, Sum: 0.0]
      [Object Copy (ms): Min: 0.0, Avg: 1.6, Max: 2.0, Diff: 2.0, Sum: 69.1]
      [Termination (ms): Min: 0.0, Avg: 2.4, Max: 2.7, Diff: 2.7, Sum: 103.8]
         [Termination Attempts: Min: 1, Avg: 5.1, Max: 8, Diff: 7, Sum: 218]
      [GC Worker Other (ms): Min: 0.0, Avg: 0.0, Max: 0.1, Diff: 0.1, Sum: 1.9]
      [GC Worker Total (ms): Min: 3.3, Avg: 5.3, Max: 7.3, Diff: 4.0, Sum: 229.5]
      [GC Worker End (ms): Min: 1178972226.8, Avg: 1178972226.8, Max: 1178972227.0, Diff: 0.2]
   [Code Root Fixup: 0.0 ms]
   [Code Root Purge: 0.0 ms]
   [Clear CT: 5.3 ms]
   [Other: 12.1 ms]
      [Choose CSet: 0.0 ms]
      [Ref Proc: 3.9 ms]
      [Ref Enq: 0.0 ms]
      [Redirty Cards: 5.1 ms]
      [Humongous Register: 2.1 ms]
      [Humongous Reclaim: 0.0 ms]
      [Free CSet: 0.2 ms]
   [Eden: 51200.0K(51200.0K)->0.0B(51200.0K) Survivors: 1024.0K->1024.0K Heap: 245.8M(1024.0M)->195.9M(1024.0M)]
 [Times: user=0.29 sys=0.00, real=0.02 secs] 
2023-06-27T08:40:34.627+0000: 1182454.253: [GC pause (G1 Evacuation Pause) (young), 0.0341069 secs]
   [Parallel Time: 16.3 ms, GC Workers: 43]
      [GC Worker Start (ms): Min: 1182454253.5, Avg: 1182454254.8, Max: 1182454256.0, Diff: 2.5]
      [Ext Root Scanning (ms): Min: 0.0, Avg: 1.2, Max: 13.2, Diff: 13.1, Sum: 51.5]
      [Update RS (ms): Min: 0.0, Avg: 0.3, Max: 0.7, Diff: 0.7, Sum: 10.9]
         [Processed Buffers: Min: 0, Avg: 1.5, Max: 6, Diff: 6, Sum: 63]
      [Scan RS (ms): Min: 0.0, Avg: 0.0, Max: 0.0, Diff: 0.0, Sum: 0.3]
      [Code Root Scanning (ms): Min: 0.0, Avg: 0.0, Max: 0.0, Diff: 0.0, Sum: 0.0]
      [Object Copy (ms): Min: 0.0, Avg: 2.7, Max: 3.1, Diff: 3.1, Sum: 116.4]
      [Termination (ms): Min: 0.0, Avg: 7.8, Max: 8.3, Diff: 8.3, Sum: 334.2]
         [Termination Attempts: Min: 1, Avg: 11.3, Max: 15, Diff: 14, Sum: 486]
      [GC Worker Other (ms): Min: 0.0, Avg: 0.0, Max: 0.1, Diff: 0.1, Sum: 1.2]
      [GC Worker Total (ms): Min: 10.7, Avg: 12.0, Max: 13.2, Diff: 2.5, Sum: 514.5]
      [GC Worker End (ms): Min: 1182454266.7, Avg: 1182454266.8, Max: 1182454266.9, Diff: 0.2]
   [Code Root Fixup: 0.0 ms]
   [Code Root Purge: 0.0 ms]
   [Clear CT: 6.0 ms]
   [Other: 11.8 ms]
      [Choose CSet: 0.0 ms]
      [Ref Proc: 5.2 ms]
      [Ref Enq: 0.0 ms]
      [Redirty Cards: 5.3 ms]
      [Humongous Register: 0.3 ms]
      [Humongous Reclaim: 0.0 ms]
      [Free CSet: 0.4 ms]
   [Eden: 51200.0K(51200.0K)->0.0B(51200.0K) Survivors: 1024.0K->1024.0K Heap: 245.9M(1024.0M)->195.8M(1024.0M)]
 [Times: user=0.56 sys=0.00, real=0.04 secs] 
2023-06-27T09:38:21.335+0000: 1185920.961: [GC pause (G1 Evacuation Pause) (young), 0.0287119 secs]
   [Parallel Time: 8.6 ms, GC Workers: 43]
      [GC Worker Start (ms): Min: 1185920962.8, Avg: 1185920965.0, Max: 1185920967.9, Diff: 5.1]
      [Ext Root Scanning (ms): Min: 0.0, Avg: 0.5, Max: 2.2, Diff: 2.2, Sum: 20.4]
      [Update RS (ms): Min: 0.0, Avg: 0.1, Max: 0.5, Diff: 0.5, Sum: 4.3]
         [Processed Buffers: Min: 0, Avg: 1.4, Max: 8, Diff: 8, Sum: 62]
      [Scan RS (ms): Min: 0.0, Avg: 0.0, Max: 0.0, Diff: 0.0, Sum: 0.6]
      [Code Root Scanning (ms): Min: 0.0, Avg: 0.0, Max: 0.0, Diff: 0.0, Sum: 0.0]
      [Object Copy (ms): Min: 0.0, Avg: 1.0, Max: 1.6, Diff: 1.6, Sum: 44.9]
      [Termination (ms): Min: 0.0, Avg: 1.3, Max: 1.7, Diff: 1.7, Sum: 57.2]
         [Termination Attempts: Min: 1, Avg: 3.8, Max: 8, Diff: 7, Sum: 165]
      [GC Worker Other (ms): Min: 0.0, Avg: 0.0, Max: 0.1, Diff: 0.1, Sum: 1.6]
      [GC Worker Total (ms): Min: 0.0, Avg: 3.0, Max: 5.1, Diff: 5.1, Sum: 129.1]
      [GC Worker End (ms): Min: 1185920968.0, Avg: 1185920968.0, Max: 1185920968.2, Diff: 0.2]
   [Code Root Fixup: 0.0 ms]
   [Code Root Purge: 0.0 ms]
   [Clear CT: 6.9 ms]
   [Other: 13.2 ms]
      [Choose CSet: 0.0 ms]
      [Ref Proc: 5.1 ms]
      [Ref Enq: 0.0 ms]
      [Redirty Cards: 5.5 ms]
      [Humongous Register: 1.9 ms]
      [Humongous Reclaim: 0.0 ms]
      [Free CSet: 0.1 ms]
   [Eden: 51200.0K(51200.0K)->0.0B(51200.0K) Survivors: 1024.0K->1024.0K Heap: 245.8M(1024.0M)->195.8M(1024.0M)]
 [Times: user=0.22 sys=0.00, real=0.03 secs] 
2023-06-27T10:36:12.591+0000: 1189392.217: [GC pause (G1 Evacuation Pause) (young), 0.0242105 secs]
   [Parallel Time: 7.3 ms, GC Workers: 43]
      [GC Worker Start (ms): Min: 1189392216.9, Avg: 1189392218.4, Max: 1189392220.1, Diff: 3.2]
      [Ext Root Scanning (ms): Min: 0.0, Avg: 0.5, Max: 1.8, Diff: 1.8, Sum: 23.4]
      [Update RS (ms): Min: 0.0, Avg: 0.1, Max: 0.4, Diff: 0.4, Sum: 5.2]
         [Processed Buffers: Min: 0, Avg: 1.4, Max: 6, Diff: 6, Sum: 61]
      [Scan RS (ms): Min: 0.0, Avg: 0.0, Max: 0.0, Diff: 0.0, Sum: 0.5]
      [Code Root Scanning (ms): Min: 0.0, Avg: 0.0, Max: 0.0, Diff: 0.0, Sum: 0.0]
      [Object Copy (ms): Min: 1.7, Avg: 2.7, Max: 3.2, Diff: 1.5, Sum: 117.3]
      [Termination (ms): Min: 0.2, Avg: 0.5, Max: 0.8, Diff: 0.6, Sum: 20.4]
         [Termination Attempts: Min: 7, Avg: 10.4, Max: 15, Diff: 8, Sum: 448]
      [GC Worker Other (ms): Min: 0.0, Avg: 0.1, Max: 0.3, Diff: 0.3, Sum: 4.3]
      [GC Worker Total (ms): Min: 2.2, Avg: 4.0, Max: 5.5, Diff: 3.3, Sum: 171.2]
      [GC Worker End (ms): Min: 1189392222.3, Avg: 1189392222.4, Max: 1189392222.6, Diff: 0.3]
   [Code Root Fixup: 0.0 ms]
   [Code Root Purge: 0.0 ms]
   [Clear CT: 6.4 ms]
   [Other: 10.5 ms]
      [Choose CSet: 0.0 ms]
      [Ref Proc: 4.7 ms]
      [Ref Enq: 0.0 ms]
      [Redirty Cards: 5.2 ms]
      [Humongous Register: 0.1 ms]
      [Humongous Reclaim: 0.0 ms]
      [Free CSet: 0.1 ms]
   [Eden: 51200.0K(51200.0K)->0.0B(51200.0K) Survivors: 1024.0K->1024.0K Heap: 245.8M(1024.0M)->195.9M(1024.0M)]
 [Times: user=0.21 sys=0.02, real=0.02 secs] 
2023-06-27T11:34:07.769+0000: 1192867.395: [GC pause (G1 Evacuation Pause) (young), 0.0240043 secs]
   [Parallel Time: 8.2 ms, GC Workers: 43]
      [GC Worker Start (ms): Min: 1192867397.1, Avg: 1192867399.2, Max: 1192867402.7, Diff: 5.6]
      [Ext Root Scanning (ms): Min: 0.0, Avg: 0.9, Max: 7.6, Diff: 7.6, Sum: 39.1]
      [Update RS (ms): Min: 0.0, Avg: 0.2, Max: 0.7, Diff: 0.7, Sum: 9.3]
         [Processed Buffers: Min: 0, Avg: 1.4, Max: 5, Diff: 5, Sum: 60]
      [Scan RS (ms): Min: 0.0, Avg: 0.0, Max: 0.0, Diff: 0.0, Sum: 0.5]
      [Code Root Scanning (ms): Min: 0.0, Avg: 0.0, Max: 0.0, Diff: 0.0, Sum: 0.0]
      [Object Copy (ms): Min: 0.0, Avg: 1.5, Max: 1.9, Diff: 1.9, Sum: 64.5]
      [Termination (ms): Min: 0.0, Avg: 2.9, Max: 3.2, Diff: 3.2, Sum: 124.5]
         [Termination Attempts: Min: 1, Avg: 5.0, Max: 8, Diff: 7, Sum: 214]
      [GC Worker Other (ms): Min: 0.0, Avg: 0.1, Max: 0.3, Diff: 0.3, Sum: 2.2]
      [GC Worker Total (ms): Min: 2.1, Avg: 5.6, Max: 7.6, Diff: 5.5, Sum: 240.1]
      [GC Worker End (ms): Min: 1192867404.7, Avg: 1192867404.8, Max: 1192867404.9, Diff: 0.2]
   [Code Root Fixup: 0.0 ms]
   [Code Root Purge: 0.0 ms]
   [Clear CT: 4.9 ms]
   [Other: 10.9 ms]
      [Choose CSet: 0.0 ms]
      [Ref Proc: 2.5 ms]
      [Ref Enq: 0.0 ms]
      [Redirty Cards: 5.3 ms]
      [Humongous Register: 2.1 ms]
      [Humongous Reclaim: 0.0 ms]
      [Free CSet: 0.2 ms]
   [Eden: 51200.0K(51200.0K)->0.0B(51200.0K) Survivors: 1024.0K->1024.0K Heap: 245.9M(1024.0M)->195.9M(1024.0M)]
 [Times: user=0.29 sys=0.00, real=0.03 secs] 
2023-06-27T12:31:52.591+0000: 1196332.217: [GC pause (G1 Evacuation Pause) (young), 0.0249700 secs]
   [Parallel Time: 9.4 ms, GC Workers: 43]
      [GC Worker Start (ms): Min: 1196332216.9, Avg: 1196332218.5, Max: 1196332222.6, Diff: 5.7]
      [Ext Root Scanning (ms): Min: 0.0, Avg: 0.5, Max: 1.8, Diff: 1.8, Sum: 23.3]
      [Update RS (ms): Min: 0.0, Avg: 0.1, Max: 0.5, Diff: 0.5, Sum: 5.9]
         [Processed Buffers: Min: 0, Avg: 1.4, Max: 5, Diff: 5, Sum: 61]
      [Scan RS (ms): Min: 0.0, Avg: 0.0, Max: 0.0, Diff: 0.0, Sum: 0.5]
      [Code Root Scanning (ms): Min: 0.0, Avg: 0.0, Max: 0.0, Diff: 0.0, Sum: 0.0]
      [Object Copy (ms): Min: 0.0, Avg: 2.7, Max: 3.2, Diff: 3.2, Sum: 115.6]
      [Termination (ms): Min: 0.0, Avg: 0.9, Max: 1.4, Diff: 1.4, Sum: 38.7]
         [Termination Attempts: Min: 1, Avg: 12.7, Max: 17, Diff: 16, Sum: 545]
      [GC Worker Other (ms): Min: 0.0, Avg: 0.0, Max: 0.1, Diff: 0.1, Sum: 0.8]
      [GC Worker Total (ms): Min: 0.0, Avg: 4.3, Max: 5.8, Diff: 5.7, Sum: 184.8]
      [GC Worker End (ms): Min: 1196332222.7, Avg: 1196332222.8, Max: 1196332222.9, Diff: 0.2]
   [Code Root Fixup: 0.0 ms]
   [Code Root Purge: 0.0 ms]
   [Clear CT: 4.9 ms]
   [Other: 10.7 ms]
      [Choose CSet: 0.0 ms]
      [Ref Proc: 5.4 ms]
      [Ref Enq: 0.0 ms]
      [Redirty Cards: 4.6 ms]
      [Humongous Register: 0.1 ms]
      [Humongous Reclaim: 0.0 ms]
      [Free CSet: 0.1 ms]
   [Eden: 51200.0K(51200.0K)->0.0B(51200.0K) Survivors: 1024.0K->1024.0K Heap: 245.9M(1024.0M)->195.8M(1024.0M)]
 [Times: user=0.27 sys=0.00, real=0.02 secs] 
2023-06-27T13:29:37.591+0000: 1199797.217: [GC pause (G1 Evacuation Pause) (young), 0.0262278 secs]
   [Parallel Time: 9.2 ms, GC Workers: 43]
      [GC Worker Start (ms): Min: 1199797219.5, Avg: 1199797221.8, Max: 1199797226.0, Diff: 6.6]
      [Ext Root Scanning (ms): Min: 0.0, Avg: 1.0, Max: 7.2, Diff: 7.2, Sum: 44.8]
      [Update RS (ms): Min: 0.0, Avg: 0.2, Max: 0.6, Diff: 0.6, Sum: 9.7]
         [Processed Buffers: Min: 0, Avg: 1.5, Max: 7, Diff: 7, Sum: 65]
      [Scan RS (ms): Min: 0.0, Avg: 0.0, Max: 0.1, Diff: 0.1, Sum: 0.5]
      [Code Root Scanning (ms): Min: 0.0, Avg: 0.0, Max: 0.0, Diff: 0.0, Sum: 0.0]
      [Object Copy (ms): Min: 0.0, Avg: 1.3, Max: 1.8, Diff: 1.8, Sum: 56.3]
      [Termination (ms): Min: 0.0, Avg: 2.3, Max: 2.6, Diff: 2.6, Sum: 97.4]
         [Termination Attempts: Min: 1, Avg: 5.1, Max: 9, Diff: 8, Sum: 220]
      [GC Worker Other (ms): Min: 0.0, Avg: 0.1, Max: 0.4, Diff: 0.4, Sum: 3.6]
      [GC Worker Total (ms): Min: 0.8, Avg: 4.9, Max: 7.2, Diff: 6.5, Sum: 212.4]
      [GC Worker End (ms): Min: 1199797226.7, Avg: 1199797226.7, Max: 1199797226.9, Diff: 0.2]
   [Code Root Fixup: 0.0 ms]
   [Code Root Purge: 0.0 ms]
   [Clear CT: 4.5 ms]
   [Other: 12.5 ms]
      [Choose CSet: 0.0 ms]
      [Ref Proc: 4.5 ms]
      [Ref Enq: 0.0 ms]
      [Redirty Cards: 4.8 ms]
      [Humongous Register: 2.1 ms]
      [Humongous Reclaim: 0.0 ms]
      [Free CSet: 0.2 ms]
   [Eden: 51200.0K(51200.0K)->0.0B(51200.0K) Survivors: 1024.0K->1024.0K Heap: 245.8M(1024.0M)->195.8M(1024.0M)]
 [Times: user=0.29 sys=0.00, real=0.02 secs] 
2023-06-27T14:27:12.591+0000: 1203252.216: [GC pause (G1 Evacuation Pause) (young), 0.0228314 secs]
   [Parallel Time: 8.9 ms, GC Workers: 43]
      [GC Worker Start (ms): Min: 1203252216.6, Avg: 1203252218.0, Max: 1203252219.3, Diff: 2.7]
      [Ext Root Scanning (ms): Min: 0.0, Avg: 0.5, Max: 1.8, Diff: 1.7, Sum: 22.6]
      [Update RS (ms): Min: 0.0, Avg: 0.1, Max: 0.5, Diff: 0.5, Sum: 5.0]
         [Processed Buffers: Min: 0, Avg: 1.4, Max: 8, Diff: 8, Sum: 59]
      [Scan RS (ms): Min: 0.0, Avg: 0.0, Max: 0.1, Diff: 0.1, Sum: 0.6]
      [Code Root Scanning (ms): Min: 0.0, Avg: 0.0, Max: 0.0, Diff: 0.0, Sum: 0.0]
      [Object Copy (ms): Min: 2.1, Avg: 2.9, Max: 3.4, Diff: 1.3, Sum: 125.0]
      [Termination (ms): Min: 0.4, Avg: 0.9, Max: 1.6, Diff: 1.2, Sum: 36.6]
         [Termination Attempts: Min: 11, Avg: 15.1, Max: 19, Diff: 8, Sum: 650]
      [GC Worker Other (ms): Min: 0.0, Avg: 0.1, Max: 0.3, Diff: 0.3, Sum: 3.7]
      [GC Worker Total (ms): Min: 3.2, Avg: 4.5, Max: 5.8, Diff: 2.6, Sum: 193.6]
      [GC Worker End (ms): Min: 1203252222.4, Avg: 1203252222.5, Max: 1203252222.7, Diff: 0.3]
   [Code Root Fixup: 0.0 ms]
   [Code Root Purge: 0.0 ms]
   [Clear CT: 4.8 ms]
   [Other: 9.1 ms]
      [Choose CSet: 0.0 ms]
      [Ref Proc: 3.6 ms]
      [Ref Enq: 0.0 ms]
      [Redirty Cards: 5.0 ms]
      [Humongous Register: 0.1 ms]
      [Humongous Reclaim: 0.0 ms]
      [Free CSet: 0.1 ms]
   [Eden: 51200.0K(51200.0K)->0.0B(51200.0K) Survivors: 1024.0K->1024.0K Heap: 245.8M(1024.0M)->195.8M(1024.0M)]
 [Times: user=0.21 sys=0.04, real=0.02 secs] 
2023-06-27T15:24:57.591+0000: 1206717.217: [GC pause (G1 Evacuation Pause) (young), 0.0313438 secs]
   [Parallel Time: 12.7 ms, GC Workers: 43]
      [GC Worker Start (ms): Min: 1206717219.6, Avg: 1206717222.0, Max: 1206717226.1, Diff: 6.5]
      [Ext Root Scanning (ms): Min: 0.0, Avg: 1.0, Max: 11.0, Diff: 11.0, Sum: 45.1]
      [Update RS (ms): Min: 0.0, Avg: 0.3, Max: 0.7, Diff: 0.7, Sum: 12.0]
         [Processed Buffers: Min: 0, Avg: 1.4, Max: 7, Diff: 7, Sum: 62]
      [Scan RS (ms): Min: 0.0, Avg: 0.0, Max: 0.1, Diff: 0.0, Sum: 0.4]
      [Code Root Scanning (ms): Min: 0.0, Avg: 0.0, Max: 0.0, Diff: 0.0, Sum: 0.0]
      [Object Copy (ms): Min: 0.0, Avg: 1.3, Max: 1.7, Diff: 1.6, Sum: 54.5]
      [Termination (ms): Min: 0.0, Avg: 6.1, Max: 6.5, Diff: 6.5, Sum: 262.0]
         [Termination Attempts: Min: 1, Avg: 5.2, Max: 9, Diff: 8, Sum: 223]
      [GC Worker Other (ms): Min: 0.0, Avg: 0.1, Max: 0.4, Diff: 0.4, Sum: 2.5]
      [GC Worker Total (ms): Min: 4.6, Avg: 8.8, Max: 11.0, Diff: 6.5, Sum: 376.5]
      [GC Worker End (ms): Min: 1206717230.6, Avg: 1206717230.7, Max: 1206717230.8, Diff: 0.2]
   [Code Root Fixup: 0.0 ms]
   [Code Root Purge: 0.0 ms]
   [Clear CT: 5.0 ms]
   [Other: 13.7 ms]
      [Choose CSet: 0.0 ms]
      [Ref Proc: 5.8 ms]
      [Ref Enq: 0.0 ms]
      [Redirty Cards: 4.9 ms]
      [Humongous Register: 2.1 ms]
      [Humongous Reclaim: 0.0 ms]
      [Free CSet: 0.2 ms]
   [Eden: 51200.0K(51200.0K)->0.0B(51200.0K) Survivors: 1024.0K->1024.0K Heap: 245.8M(1024.0M)->195.8M(1024.0M)]
 [Times: user=0.46 sys=0.00, real=0.03 secs] 
2023-06-27T16:22:50.436+0000: 1210190.061: [GC pause (G1 Evacuation Pause) (young), 0.0227186 secs]
   [Parallel Time: 6.3 ms, GC Workers: 43]
      [GC Worker Start (ms): Min: 1210190061.8, Avg: 1210190063.4, Max: 1210190067.0, Diff: 5.2]
      [Ext Root Scanning (ms): Min: 0.0, Avg: 0.6, Max: 2.0, Diff: 2.0, Sum: 26.7]
      [Update RS (ms): Min: 0.0, Avg: 0.1, Max: 0.4, Diff: 0.4, Sum: 5.0]
         [Processed Buffers: Min: 0, Avg: 1.4, Max: 6, Diff: 6, Sum: 60]
      [Scan RS (ms): Min: 0.0, Avg: 0.0, Max: 0.0, Diff: 0.0, Sum: 0.4]
      [Code Root Scanning (ms): Min: 0.0, Avg: 0.0, Max: 0.0, Diff: 0.0, Sum: 0.0]
      [Object Copy (ms): Min: 0.0, Avg: 1.2, Max: 1.5, Diff: 1.5, Sum: 52.9]
      [Termination (ms): Min: 0.0, Avg: 1.7, Max: 2.0, Diff: 2.0, Sum: 72.7]
         [Termination Attempts: Min: 1, Avg: 5.4, Max: 10, Diff: 9, Sum: 234]
      [GC Worker Other (ms): Min: 0.0, Avg: 0.0, Max: 0.2, Diff: 0.2, Sum: 1.7]
      [GC Worker Total (ms): Min: 0.0, Avg: 3.7, Max: 5.3, Diff: 5.3, Sum: 159.6]
      [GC Worker End (ms): Min: 1210190067.0, Avg: 1210190067.1, Max: 1210190067.1, Diff: 0.1]
   [Code Root Fixup: 0.0 ms]
   [Code Root Purge: 0.0 ms]
   [Clear CT: 5.5 ms]
   [Other: 10.9 ms]
      [Choose CSet: 0.0 ms]
      [Ref Proc: 4.6 ms]
      [Ref Enq: 0.0 ms]
      [Redirty Cards: 5.6 ms]
      [Humongous Register: 0.1 ms]
      [Humongous Reclaim: 0.0 ms]
      [Free CSet: 0.1 ms]
   [Eden: 51200.0K(51200.0K)->0.0B(51200.0K) Survivors: 1024.0K->1024.0K Heap: 245.8M(1024.0M)->195.8M(1024.0M)]
 [Times: user=0.23 sys=0.00, real=0.02 secs] 
2023-06-27T17:19:51.109+0000: 1213610.735: [GC pause (G1 Evacuation Pause) (young), 0.0265334 secs]
   [Parallel Time: 9.9 ms, GC Workers: 43]
      [GC Worker Start (ms): Min: 1213610737.4, Avg: 1213610739.6, Max: 1213610743.0, Diff: 5.6]
      [Ext Root Scanning (ms): Min: 0.0, Avg: 1.2, Max: 6.7, Diff: 6.7, Sum: 49.7]
      [Update RS (ms): Min: 0.0, Avg: 0.3, Max: 0.6, Diff: 0.6, Sum: 11.0]
         [Processed Buffers: Min: 0, Avg: 1.4, Max: 9, Diff: 9, Sum: 62]
      [Scan RS (ms): Min: 0.0, Avg: 0.0, Max: 0.0, Diff: 0.0, Sum: 0.5]
      [Code Root Scanning (ms): Min: 0.0, Avg: 0.0, Max: 0.0, Diff: 0.0, Sum: 0.0]
      [Object Copy (ms): Min: 0.0, Avg: 1.1, Max: 1.3, Diff: 1.3, Sum: 45.6]
      [Termination (ms): Min: 0.0, Avg: 2.1, Max: 2.4, Diff: 2.4, Sum: 88.9]
         [Termination Attempts: Min: 1, Avg: 2.6, Max: 5, Diff: 4, Sum: 110]
      [GC Worker Other (ms): Min: 0.0, Avg: 0.0, Max: 0.1, Diff: 0.1, Sum: 1.9]
      [GC Worker Total (ms): Min: 1.2, Avg: 4.6, Max: 6.7, Diff: 5.5, Sum: 197.6]
      [GC Worker End (ms): Min: 1213610744.1, Avg: 1213610744.2, Max: 1213610744.4, Diff: 0.2]
   [Code Root Fixup: 0.0 ms]
   [Code Root Purge: 0.0 ms]
   [Clear CT: 5.0 ms]
   [Other: 11.5 ms]
      [Choose CSet: 0.0 ms]
      [Ref Proc: 3.5 ms]
      [Ref Enq: 0.0 ms]
      [Redirty Cards: 5.0 ms]
      [Humongous Register: 2.0 ms]
      [Humongous Reclaim: 0.0 ms]
      [Free CSet: 0.2 ms]
   [Eden: 51200.0K(51200.0K)->0.0B(51200.0K) Survivors: 1024.0K->1024.0K Heap: 245.8M(1024.0M)->195.9M(1024.0M)]
 [Times: user=0.26 sys=0.00, real=0.02 secs] 
2023-06-27T18:17:38.670+0000: 1217078.295: [GC pause (G1 Evacuation Pause) (young), 0.0232985 secs]
   [Parallel Time: 7.3 ms, GC Workers: 43]
      [GC Worker Start (ms): Min: 1217078295.7, Avg: 1217078297.1, Max: 1217078298.6, Diff: 2.9]
      [Ext Root Scanning (ms): Min: 0.0, Avg: 0.4, Max: 2.0, Diff: 2.0, Sum: 16.2]
      [Update RS (ms): Min: 0.0, Avg: 0.1, Max: 0.4, Diff: 0.4, Sum: 5.0]
         [Processed Buffers: Min: 0, Avg: 1.7, Max: 6, Diff: 6, Sum: 72]
      [Scan RS (ms): Min: 0.0, Avg: 0.0, Max: 0.0, Diff: 0.0, Sum: 0.4]
      [Code Root Scanning (ms): Min: 0.0, Avg: 0.0, Max: 0.0, Diff: 0.0, Sum: 0.0]
      [Object Copy (ms): Min: 2.2, Avg: 3.1, Max: 3.7, Diff: 1.4, Sum: 135.0]
      [Termination (ms): Min: 0.4, Avg: 0.8, Max: 1.6, Diff: 1.2, Sum: 34.9]
         [Termination Attempts: Min: 9, Avg: 13.5, Max: 20, Diff: 11, Sum: 580]
      [GC Worker Other (ms): Min: 0.0, Avg: 0.1, Max: 0.3, Diff: 0.3, Sum: 4.9]
      [GC Worker Total (ms): Min: 2.9, Avg: 4.6, Max: 5.9, Diff: 3.0, Sum: 196.4]
      [GC Worker End (ms): Min: 1217078301.6, Avg: 1217078301.7, Max: 1217078301.9, Diff: 0.3]
   [Code Root Fixup: 0.0 ms]
   [Code Root Purge: 0.0 ms]
   [Clear CT: 5.2 ms]
   [Other: 10.8 ms]
      [Choose CSet: 0.0 ms]
      [Ref Proc: 4.9 ms]
      [Ref Enq: 0.0 ms]
      [Redirty Cards: 5.2 ms]
      [Humongous Register: 0.1 ms]
      [Humongous Reclaim: 0.0 ms]
      [Free CSet: 0.1 ms]
   [Eden: 51200.0K(51200.0K)->0.0B(51200.0K) Survivors: 1024.0K->1024.0K Heap: 245.9M(1024.0M)->195.9M(1024.0M)]
 [Times: user=0.24 sys=0.00, real=0.02 secs] 
2023-06-27T19:15:27.479+0000: 1220547.105: [GC pause (G1 Evacuation Pause) (young), 0.0284344 secs]
   [Parallel Time: 10.5 ms, GC Workers: 43]
      [GC Worker Start (ms): Min: 1220547105.4, Avg: 1220547106.8, Max: 1220547108.0, Diff: 2.6]
      [Ext Root Scanning (ms): Min: 0.3, Avg: 1.7, Max: 9.2, Diff: 8.9, Sum: 71.5]
      [Update RS (ms): Min: 0.0, Avg: 0.3, Max: 0.7, Diff: 0.7, Sum: 13.0]
         [Processed Buffers: Min: 0, Avg: 1.6, Max: 8, Diff: 8, Sum: 68]
      [Scan RS (ms): Min: 0.0, Avg: 0.0, Max: 0.1, Diff: 0.0, Sum: 0.4]
      [Code Root Scanning (ms): Min: 0.0, Avg: 0.0, Max: 0.0, Diff: 0.0, Sum: 0.0]
      [Object Copy (ms): Min: 0.0, Avg: 2.0, Max: 2.2, Diff: 2.2, Sum: 84.1]
      [Termination (ms): Min: 0.0, Avg: 3.9, Max: 4.4, Diff: 4.4, Sum: 169.7]
         [Termination Attempts: Min: 1, Avg: 5.3, Max: 8, Diff: 7, Sum: 227]
      [GC Worker Other (ms): Min: 0.0, Avg: 0.0, Max: 0.0, Diff: 0.0, Sum: 0.9]
      [GC Worker Total (ms): Min: 6.6, Avg: 7.9, Max: 9.4, Diff: 2.7, Sum: 339.6]
      [GC Worker End (ms): Min: 1220547114.6, Avg: 1220547114.7, Max: 1220547114.8, Diff: 0.2]
   [Code Root Fixup: 0.0 ms]
   [Code Root Purge: 0.0 ms]
   [Clear CT: 5.6 ms]
   [Other: 12.3 ms]
      [Choose CSet: 0.0 ms]
      [Ref Proc: 5.7 ms]
      [Ref Enq: 0.0 ms]
      [Redirty Cards: 5.7 ms]
      [Humongous Register: 0.3 ms]
      [Humongous Reclaim: 0.0 ms]
      [Free CSet: 0.1 ms]
   [Eden: 51200.0K(51200.0K)->0.0B(51200.0K) Survivors: 1024.0K->1024.0K Heap: 245.9M(1024.0M)->195.9M(1024.0M)]
 [Times: user=0.40 sys=0.00, real=0.03 secs] 
2023-06-27T20:13:11.790+0000: 1224011.415: [GC pause (G1 Evacuation Pause) (young), 0.0258458 secs]
   [Parallel Time: 8.8 ms, GC Workers: 43]
      [GC Worker Start (ms): Min: 1224011417.7, Avg: 1224011419.7, Max: 1224011421.6, Diff: 3.9]
      [Ext Root Scanning (ms): Min: 0.0, Avg: 0.5, Max: 5.2, Diff: 5.2, Sum: 23.4]
      [Update RS (ms): Min: 0.0, Avg: 0.2, Max: 0.7, Diff: 0.7, Sum: 7.6]
         [Processed Buffers: Min: 0, Avg: 1.7, Max: 9, Diff: 9, Sum: 73]
      [Scan RS (ms): Min: 0.0, Avg: 0.0, Max: 0.0, Diff: 0.0, Sum: 0.5]
      [Code Root Scanning (ms): Min: 0.0, Avg: 0.0, Max: 0.0, Diff: 0.0, Sum: 0.0]
      [Object Copy (ms): Min: 0.0, Avg: 1.5, Max: 2.0, Diff: 2.0, Sum: 62.7]
      [Termination (ms): Min: 0.0, Avg: 1.0, Max: 1.4, Diff: 1.4, Sum: 41.5]
         [Termination Attempts: Min: 1, Avg: 5.0, Max: 9, Diff: 8, Sum: 217]
      [GC Worker Other (ms): Min: 0.0, Avg: 0.1, Max: 0.3, Diff: 0.2, Sum: 2.6]
      [GC Worker Total (ms): Min: 1.4, Avg: 3.2, Max: 5.2, Diff: 3.8, Sum: 138.5]
      [GC Worker End (ms): Min: 1224011422.9, Avg: 1224011423.0, Max: 1224011423.1, Diff: 0.2]
   [Code Root Fixup: 0.0 ms]
   [Code Root Purge: 0.0 ms]
   [Clear CT: 5.3 ms]
   [Other: 11.7 ms]
      [Choose CSet: 0.0 ms]
      [Ref Proc: 3.6 ms]
      [Ref Enq: 0.0 ms]
      [Redirty Cards: 5.5 ms]
      [Humongous Register: 1.8 ms]
      [Humongous Reclaim: 0.0 ms]
      [Free CSet: 0.2 ms]
   [Eden: 51200.0K(51200.0K)->0.0B(51200.0K) Survivors: 1024.0K->1024.0K Heap: 245.9M(1024.0M)->195.9M(1024.0M)]
 [Times: user=0.20 sys=0.00, real=0.02 secs] 
2023-06-27T21:11:08.361+0000: 1227487.986: [GC pause (G1 Evacuation Pause) (young), 0.0235433 secs]
   [Parallel Time: 9.1 ms, GC Workers: 43]
      [GC Worker Start (ms): Min: 1227487986.5, Avg: 1227487988.0, Max: 1227487989.2, Diff: 2.7]
      [Ext Root Scanning (ms): Min: 0.0, Avg: 0.5, Max: 1.8, Diff: 1.8, Sum: 23.6]
      [Update RS (ms): Min: 0.0, Avg: 0.1, Max: 0.6, Diff: 0.6, Sum: 5.5]
         [Processed Buffers: Min: 0, Avg: 1.5, Max: 7, Diff: 7, Sum: 63]
      [Scan RS (ms): Min: 0.0, Avg: 0.0, Max: 0.0, Diff: 0.0, Sum: 0.5]
      [Code Root Scanning (ms): Min: 0.0, Avg: 0.0, Max: 0.0, Diff: 0.0, Sum: 0.0]
      [Object Copy (ms): Min: 2.5, Avg: 3.2, Max: 3.6, Diff: 1.2, Sum: 137.3]
      [Termination (ms): Min: 0.3, Avg: 0.7, Max: 1.4, Diff: 1.1, Sum: 30.4]
         [Termination Attempts: Min: 8, Avg: 12.6, Max: 18, Diff: 10, Sum: 541]
      [GC Worker Other (ms): Min: 0.0, Avg: 0.1, Max: 0.3, Diff: 0.2, Sum: 3.2]
      [GC Worker Total (ms): Min: 3.4, Avg: 4.7, Max: 6.1, Diff: 2.7, Sum: 200.4]
      [GC Worker End (ms): Min: 1227487992.6, Avg: 1227487992.6, Max: 1227487992.8, Diff: 0.2]
   [Code Root Fixup: 0.0 ms]
   [Code Root Purge: 0.0 ms]
   [Clear CT: 5.2 ms]
   [Other: 9.2 ms]
      [Choose CSet: 0.0 ms]
      [Ref Proc: 3.6 ms]
      [Ref Enq: 0.0 ms]
      [Redirty Cards: 5.1 ms]
      [Humongous Register: 0.1 ms]
      [Humongous Reclaim: 0.0 ms]
      [Free CSet: 0.1 ms]
   [Eden: 51200.0K(51200.0K)->0.0B(51200.0K) Survivors: 1024.0K->1024.0K Heap: 245.9M(1024.0M)->195.9M(1024.0M)]
 [Times: user=0.25 sys=0.00, real=0.03 secs] 
2023-06-27T22:08:52.591+0000: 1230952.217: [GC pause (G1 Evacuation Pause) (young), 0.0251719 secs]
   [Parallel Time: 8.3 ms, GC Workers: 43]
      [GC Worker Start (ms): Min: 1230952217.2, Avg: 1230952218.8, Max: 1230952220.3, Diff: 3.1]
      [Ext Root Scanning (ms): Min: 0.0, Avg: 1.1, Max: 7.4, Diff: 7.4, Sum: 47.0]
      [Update RS (ms): Min: 0.0, Avg: 0.3, Max: 0.6, Diff: 0.6, Sum: 13.8]
         [Processed Buffers: Min: 0, Avg: 1.5, Max: 5, Diff: 5, Sum: 66]
      [Scan RS (ms): Min: 0.0, Avg: 0.0, Max: 0.0, Diff: 0.0, Sum: 0.5]
      [Code Root Scanning (ms): Min: 0.0, Avg: 0.0, Max: 0.0, Diff: 0.0, Sum: 0.0]
      [Object Copy (ms): Min: 0.0, Avg: 1.6, Max: 1.9, Diff: 1.9, Sum: 70.5]
      [Termination (ms): Min: 0.0, Avg: 2.9, Max: 3.3, Diff: 3.3, Sum: 123.4]
         [Termination Attempts: Min: 1, Avg: 4.1, Max: 7, Diff: 6, Sum: 176]
      [GC Worker Other (ms): Min: 0.0, Avg: 0.0, Max: 0.1, Diff: 0.1, Sum: 1.6]
      [GC Worker Total (ms): Min: 4.5, Avg: 6.0, Max: 7.5, Diff: 3.0, Sum: 256.8]
      [GC Worker End (ms): Min: 1230952224.7, Avg: 1230952224.8, Max: 1230952224.9, Diff: 0.2]
   [Code Root Fixup: 0.0 ms]
   [Code Root Purge: 0.0 ms]
   [Clear CT: 5.1 ms]
   [Other: 11.8 ms]
      [Choose CSet: 0.0 ms]
      [Ref Proc: 5.7 ms]
      [Ref Enq: 0.0 ms]
      [Redirty Cards: 5.1 ms]
      [Humongous Register: 0.3 ms]
      [Humongous Reclaim: 0.0 ms]
      [Free CSet: 0.2 ms]
   [Eden: 51200.0K(51200.0K)->0.0B(51200.0K) Survivors: 1024.0K->1024.0K Heap: 245.9M(1024.0M)->195.9M(1024.0M)]
 [Times: user=0.31 sys=0.00, real=0.02 secs] 
2023-06-27T23:06:32.591+0000: 1234412.217: [GC pause (G1 Evacuation Pause) (young), 0.0276395 secs]
   [Parallel Time: 8.3 ms, GC Workers: 43]
      [GC Worker Start (ms): Min: 1234412218.7, Avg: 1234412220.4, Max: 1234412222.3, Diff: 3.6]
      [Ext Root Scanning (ms): Min: 0.0, Avg: 0.5, Max: 2.0, Diff: 2.0, Sum: 21.9]
      [Update RS (ms): Min: 0.0, Avg: 0.1, Max: 0.5, Diff: 0.5, Sum: 6.0]
         [Processed Buffers: Min: 0, Avg: 1.6, Max: 6, Diff: 6, Sum: 67]
      [Scan RS (ms): Min: 0.0, Avg: 0.0, Max: 0.1, Diff: 0.0, Sum: 0.7]
      [Code Root Scanning (ms): Min: 0.0, Avg: 0.0, Max: 0.0, Diff: 0.0, Sum: 0.0]
      [Object Copy (ms): Min: 0.2, Avg: 1.3, Max: 1.7, Diff: 1.5, Sum: 56.7]
      [Termination (ms): Min: 0.0, Avg: 0.1, Max: 0.2, Diff: 0.2, Sum: 4.2]
         [Termination Attempts: Min: 1, Avg: 4.5, Max: 8, Diff: 7, Sum: 192]
      [GC Worker Other (ms): Min: 0.0, Avg: 0.1, Max: 0.4, Diff: 0.4, Sum: 6.3]
      [GC Worker Total (ms): Min: 0.2, Avg: 2.2, Max: 4.1, Diff: 3.9, Sum: 95.8]
      [GC Worker End (ms): Min: 1234412222.5, Avg: 1234412222.7, Max: 1234412222.9, Diff: 0.4]
   [Code Root Fixup: 0.0 ms]
   [Code Root Purge: 0.0 ms]
   [Clear CT: 5.2 ms]
   [Other: 14.1 ms]
      [Choose CSet: 0.0 ms]
      [Ref Proc: 6.3 ms]
      [Ref Enq: 0.0 ms]
      [Redirty Cards: 5.2 ms]
      [Humongous Register: 1.8 ms]
      [Humongous Reclaim: 0.0 ms]
      [Free CSet: 0.1 ms]
   [Eden: 51200.0K(51200.0K)->0.0B(51200.0K) Survivors: 1024.0K->1024.0K Heap: 245.9M(1024.0M)->195.9M(1024.0M)]
 [Times: user=0.15 sys=0.00, real=0.02 secs] 
2023-06-28T00:04:17.591+0000: 1237877.216: [GC pause (G1 Evacuation Pause) (young), 0.0192610 secs]
   [Parallel Time: 5.2 ms, GC Workers: 43]
      [GC Worker Start (ms): Min: 1237877216.6, Avg: 1237877218.1, Max: 1237877219.3, Diff: 2.7]
      [Ext Root Scanning (ms): Min: 0.0, Avg: 0.5, Max: 1.7, Diff: 1.7, Sum: 21.4]
      [Update RS (ms): Min: 0.0, Avg: 0.2, Max: 0.5, Diff: 0.5, Sum: 6.5]
         [Processed Buffers: Min: 0, Avg: 1.6, Max: 11, Diff: 11, Sum: 67]
      [Scan RS (ms): Min: 0.0, Avg: 0.0, Max: 0.0, Diff: 0.0, Sum: 0.6]
      [Code Root Scanning (ms): Min: 0.0, Avg: 0.0, Max: 0.0, Diff: 0.0, Sum: 0.0]
      [Object Copy (ms): Min: 0.9, Avg: 1.5, Max: 1.7, Diff: 0.9, Sum: 63.0]
      [Termination (ms): Min: 0.1, Avg: 0.2, Max: 0.3, Diff: 0.3, Sum: 8.8]
         [Termination Attempts: Min: 2, Avg: 4.3, Max: 7, Diff: 5, Sum: 183]
      [GC Worker Other (ms): Min: 0.0, Avg: 0.1, Max: 0.3, Diff: 0.3, Sum: 4.1]
      [GC Worker Total (ms): Min: 1.1, Avg: 2.4, Max: 4.0, Diff: 3.0, Sum: 104.4]
      [GC Worker End (ms): Min: 1237877220.4, Avg: 1237877220.5, Max: 1237877220.7, Diff: 0.3]
   [Code Root Fixup: 0.0 ms]
   [Code Root Purge: 0.0 ms]
   [Clear CT: 4.8 ms]
   [Other: 9.2 ms]
      [Choose CSet: 0.0 ms]
      [Ref Proc: 3.6 ms]
      [Ref Enq: 0.0 ms]
      [Redirty Cards: 5.1 ms]
      [Humongous Register: 0.1 ms]
      [Humongous Reclaim: 0.0 ms]
      [Free CSet: 0.1 ms]
   [Eden: 51200.0K(51200.0K)->0.0B(51200.0K) Survivors: 1024.0K->1024.0K Heap: 245.9M(1024.0M)->195.9M(1024.0M)]
 [Times: user=0.13 sys=0.03, real=0.02 secs] 
2023-06-28T01:02:05.028+0000: 1241344.654: [GC pause (G1 Evacuation Pause) (young), 0.0250528 secs]
   [Parallel Time: 8.7 ms, GC Workers: 43]
      [GC Worker Start (ms): Min: 1241344656.5, Avg: 1241344658.6, Max: 1241344660.5, Diff: 4.0]
      [Ext Root Scanning (ms): Min: 0.0, Avg: 1.2, Max: 7.1, Diff: 7.1, Sum: 52.5]
      [Update RS (ms): Min: 0.0, Avg: 0.3, Max: 0.7, Diff: 0.7, Sum: 13.7]
         [Processed Buffers: Min: 0, Avg: 1.6, Max: 7, Diff: 7, Sum: 69]
      [Scan RS (ms): Min: 0.0, Avg: 0.0, Max: 0.0, Diff: 0.0, Sum: 0.5]
      [Code Root Scanning (ms): Min: 0.0, Avg: 0.0, Max: 0.0, Diff: 0.0, Sum: 0.0]
      [Object Copy (ms): Min: 0.0, Avg: 1.5, Max: 2.2, Diff: 2.2, Sum: 65.1]
      [Termination (ms): Min: 0.0, Avg: 2.0, Max: 2.3, Diff: 2.3, Sum: 87.1]
         [Termination Attempts: Min: 1, Avg: 5.0, Max: 8, Diff: 7, Sum: 214]
      [GC Worker Other (ms): Min: 0.0, Avg: 0.1, Max: 0.3, Diff: 0.2, Sum: 2.3]
      [GC Worker Total (ms): Min: 3.3, Avg: 5.1, Max: 7.2, Diff: 3.9, Sum: 221.2]
      [GC Worker End (ms): Min: 1241344663.6, Avg: 1241344663.7, Max: 1241344663.9, Diff: 0.2]
   [Code Root Fixup: 0.0 ms]
   [Code Root Purge: 0.0 ms]
   [Clear CT: 4.9 ms]
   [Other: 11.4 ms]
      [Choose CSet: 0.0 ms]
      [Ref Proc: 3.6 ms]
      [Ref Enq: 0.0 ms]
      [Redirty Cards: 4.9 ms]
      [Humongous Register: 2.1 ms]
      [Humongous Reclaim: 0.0 ms]
      [Free CSet: 0.2 ms]
   [Eden: 51200.0K(51200.0K)->0.0B(51200.0K) Survivors: 1024.0K->1024.0K Heap: 245.9M(1024.0M)->195.9M(1024.0M)]
 [Times: user=0.27 sys=0.00, real=0.03 secs] 
2023-06-28T01:59:57.815+0000: 1244817.440: [GC pause (G1 Evacuation Pause) (young), 0.0291610 secs]
   [Parallel Time: 11.0 ms, GC Workers: 43]
      [GC Worker Start (ms): Min: 1244817441.1, Avg: 1244817442.9, Max: 1244817444.2, Diff: 3.1]
      [Ext Root Scanning (ms): Min: 0.0, Avg: 1.0, Max: 6.0, Diff: 6.0, Sum: 41.8]
      [Update RS (ms): Min: 0.0, Avg: 0.6, Max: 6.8, Diff: 6.8, Sum: 23.8]
         [Processed Buffers: Min: 0, Avg: 1.5, Max: 6, Diff: 6, Sum: 65]
      [Scan RS (ms): Min: 0.0, Avg: 0.0, Max: 0.0, Diff: 0.0, Sum: 0.5]
      [Code Root Scanning (ms): Min: 0.0, Avg: 0.0, Max: 0.0, Diff: 0.0, Sum: 0.0]
      [Object Copy (ms): Min: 0.0, Avg: 1.5, Max: 1.8, Diff: 1.8, Sum: 63.0]
      [Termination (ms): Min: 0.0, Avg: 4.8, Max: 5.1, Diff: 5.1, Sum: 205.7]
         [Termination Attempts: Min: 1, Avg: 4.8, Max: 10, Diff: 9, Sum: 208]
      [GC Worker Other (ms): Min: 0.0, Avg: 0.0, Max: 0.3, Diff: 0.3, Sum: 1.8]
      [GC Worker Total (ms): Min: 6.5, Avg: 7.8, Max: 9.5, Diff: 3.1, Sum: 336.6]
      [GC Worker End (ms): Min: 1244817450.6, Avg: 1244817450.7, Max: 1244817450.8, Diff: 0.2]
   [Code Root Fixup: 0.0 ms]
   [Code Root Purge: 0.0 ms]
   [Clear CT: 6.6 ms]
   [Other: 11.5 ms]
      [Choose CSet: 0.0 ms]
      [Ref Proc: 4.8 ms]
      [Ref Enq: 0.0 ms]
      [Redirty Cards: 5.4 ms]
      [Humongous Register: 0.3 ms]
      [Humongous Reclaim: 0.0 ms]
      [Free CSet: 0.4 ms]
   [Eden: 51200.0K(51200.0K)->0.0B(51200.0K) Survivors: 1024.0K->1024.0K Heap: 245.9M(1024.0M)->195.9M(1024.0M)]
 [Times: user=0.37 sys=0.00, real=0.03 secs] 
2023-06-28T02:57:38.741+0000: 1248278.367: [GC pause (G1 Evacuation Pause) (young), 0.0250126 secs]
   [Parallel Time: 6.8 ms, GC Workers: 43]
      [GC Worker Start (ms): Min: 1248278369.0, Avg: 1248278370.9, Max: 1248278372.6, Diff: 3.6]
      [Ext Root Scanning (ms): Min: 0.0, Avg: 0.6, Max: 2.4, Diff: 2.4, Sum: 24.3]
      [Update RS (ms): Min: 0.0, Avg: 0.2, Max: 0.5, Diff: 0.5, Sum: 6.6]
         [Processed Buffers: Min: 0, Avg: 1.6, Max: 9, Diff: 9, Sum: 69]
      [Scan RS (ms): Min: 0.0, Avg: 0.0, Max: 0.0, Diff: 0.0, Sum: 0.6]
      [Code Root Scanning (ms): Min: 0.0, Avg: 0.0, Max: 0.0, Diff: 0.0, Sum: 0.0]
      [Object Copy (ms): Min: 0.4, Avg: 1.3, Max: 1.8, Diff: 1.4, Sum: 57.1]
      [Termination (ms): Min: 0.0, Avg: 0.2, Max: 0.4, Diff: 0.4, Sum: 9.7]
         [Termination Attempts: Min: 1, Avg: 4.7, Max: 8, Diff: 7, Sum: 200]
      [GC Worker Other (ms): Min: 0.0, Avg: 0.1, Max: 0.4, Diff: 0.3, Sum: 5.7]
      [GC Worker Total (ms): Min: 0.7, Avg: 2.4, Max: 4.2, Diff: 3.5, Sum: 104.0]
      [GC Worker End (ms): Min: 1248278373.2, Avg: 1248278373.4, Max: 1248278373.6, Diff: 0.4]
   [Code Root Fixup: 0.0 ms]
   [Code Root Purge: 0.0 ms]
   [Clear CT: 5.2 ms]
   [Other: 13.0 ms]
      [Choose CSet: 0.0 ms]
      [Ref Proc: 5.0 ms]
      [Ref Enq: 0.0 ms]
      [Redirty Cards: 5.4 ms]
      [Humongous Register: 1.8 ms]
      [Humongous Reclaim: 0.0 ms]
      [Free CSet: 0.1 ms]
   [Eden: 51200.0K(51200.0K)->0.0B(51200.0K) Survivors: 1024.0K->1024.0K Heap: 245.9M(1024.0M)->195.9M(1024.0M)]
 [Times: user=0.12 sys=0.03, real=0.02 secs] 
2023-06-28T03:55:31.544+0000: 1251751.170: [GC pause (G1 Evacuation Pause) (young), 0.0249061 secs]
   [Parallel Time: 8.2 ms, GC Workers: 43]
      [GC Worker Start (ms): Min: 1251751169.8, Avg: 1251751171.3, Max: 1251751172.5, Diff: 2.7]
      [Ext Root Scanning (ms): Min: 0.0, Avg: 0.5, Max: 1.8, Diff: 1.8, Sum: 22.9]
      [Update RS (ms): Min: 0.0, Avg: 0.2, Max: 0.6, Diff: 0.6, Sum: 7.4]
         [Processed Buffers: Min: 0, Avg: 1.5, Max: 8, Diff: 8, Sum: 64]
      [Scan RS (ms): Min: 0.0, Avg: 0.0, Max: 0.0, Diff: 0.0, Sum: 0.6]
      [Code Root Scanning (ms): Min: 0.0, Avg: 0.0, Max: 0.0, Diff: 0.0, Sum: 0.0]
      [Object Copy (ms): Min: 2.5, Avg: 3.2, Max: 3.7, Diff: 1.1, Sum: 136.6]
      [Termination (ms): Min: 0.6, Avg: 1.1, Max: 1.8, Diff: 1.1, Sum: 47.0]
         [Termination Attempts: Min: 13, Avg: 19.6, Max: 24, Diff: 11, Sum: 843]
      [GC Worker Other (ms): Min: 0.0, Avg: 0.1, Max: 0.3, Diff: 0.3, Sum: 3.8]
      [GC Worker Total (ms): Min: 3.9, Avg: 5.1, Max: 6.7, Diff: 2.8, Sum: 218.4]
      [GC Worker End (ms): Min: 1251751176.3, Avg: 1251751176.4, Max: 1251751176.6, Diff: 0.3]
   [Code Root Fixup: 0.0 ms]
   [Code Root Purge: 0.0 ms]
   [Clear CT: 6.1 ms]
   [Other: 10.6 ms]
      [Choose CSet: 0.0 ms]
      [Ref Proc: 4.7 ms]
      [Ref Enq: 0.0 ms]
      [Redirty Cards: 5.3 ms]
      [Humongous Register: 0.1 ms]
      [Humongous Reclaim: 0.0 ms]
      [Free CSet: 0.1 ms]
   [Eden: 51200.0K(51200.0K)->0.0B(51200.0K) Survivors: 1024.0K->1024.0K Heap: 245.9M(1024.0M)->195.9M(1024.0M)]
 [Times: user=0.26 sys=0.00, real=0.03 secs] 
2023-06-28T04:53:07.591+0000: 1255207.217: [GC pause (G1 Evacuation Pause) (young), 0.0260960 secs]
   [Parallel Time: 9.8 ms, GC Workers: 43]
      [GC Worker Start (ms): Min: 1255207217.3, Avg: 1255207218.7, Max: 1255207219.9, Diff: 2.6]
      [Ext Root Scanning (ms): Min: 0.2, Avg: 1.5, Max: 6.2, Diff: 6.0, Sum: 64.6]
      [Update RS (ms): Min: 0.0, Avg: 0.5, Max: 1.1, Diff: 1.1, Sum: 20.7]
         [Processed Buffers: Min: 0, Avg: 1.6, Max: 7, Diff: 7, Sum: 69]
      [Scan RS (ms): Min: 0.0, Avg: 0.0, Max: 0.0, Diff: 0.0, Sum: 0.5]
      [Code Root Scanning (ms): Min: 0.0, Avg: 0.0, Max: 0.0, Diff: 0.0, Sum: 0.0]
      [Object Copy (ms): Min: 0.0, Avg: 1.5, Max: 1.9, Diff: 1.9, Sum: 66.5]
      [Termination (ms): Min: 0.0, Avg: 1.4, Max: 1.5, Diff: 1.5, Sum: 58.1]
         [Termination Attempts: Min: 1, Avg: 6.6, Max: 12, Diff: 11, Sum: 284]
      [GC Worker Other (ms): Min: 0.0, Avg: 0.1, Max: 0.8, Diff: 0.8, Sum: 2.4]
      [GC Worker Total (ms): Min: 3.8, Avg: 5.0, Max: 6.3, Diff: 2.5, Sum: 212.9]
      [GC Worker End (ms): Min: 1255207223.5, Avg: 1255207223.6, Max: 1255207223.7, Diff: 0.2]
   [Code Root Fixup: 0.0 ms]
   [Code Root Purge: 0.0 ms]
   [Clear CT: 5.3 ms]
   [Other: 11.0 ms]
      [Choose CSet: 0.0 ms]
      [Ref Proc: 4.7 ms]
      [Ref Enq: 0.0 ms]
      [Redirty Cards: 5.2 ms]
      [Humongous Register: 0.3 ms]
      [Humongous Reclaim: 0.0 ms]
      [Free CSet: 0.2 ms]
   [Eden: 51200.0K(51200.0K)->0.0B(51200.0K) Survivors: 1024.0K->1024.0K Heap: 245.9M(1024.0M)->195.9M(1024.0M)]
 [Times: user=0.21 sys=0.05, real=0.02 secs] 
2023-06-28T05:50:42.591+0000: 1258662.217: [GC pause (G1 Evacuation Pause) (young), 0.0200134 secs]
   [Parallel Time: 5.5 ms, GC Workers: 43]
      [GC Worker Start (ms): Min: 1258662216.8, Avg: 1258662218.3, Max: 1258662219.5, Diff: 2.7]
      [Ext Root Scanning (ms): Min: 0.0, Avg: 0.5, Max: 1.8, Diff: 1.8, Sum: 22.9]
      [Update RS (ms): Min: 0.0, Avg: 0.1, Max: 0.4, Diff: 0.4, Sum: 5.7]
         [Processed Buffers: Min: 0, Avg: 1.4, Max: 8, Diff: 8, Sum: 61]
      [Scan RS (ms): Min: 0.0, Avg: 0.0, Max: 0.0, Diff: 0.0, Sum: 0.6]
      [Code Root Scanning (ms): Min: 0.0, Avg: 0.0, Max: 0.0, Diff: 0.0, Sum: 0.0]
      [Object Copy (ms): Min: 0.9, Avg: 1.5, Max: 1.7, Diff: 0.9, Sum: 62.7]
      [Termination (ms): Min: 0.0, Avg: 0.2, Max: 0.3, Diff: 0.3, Sum: 7.3]
         [Termination Attempts: Min: 2, Avg: 4.6, Max: 8, Diff: 6, Sum: 198]
      [GC Worker Other (ms): Min: 0.0, Avg: 0.1, Max: 0.4, Diff: 0.4, Sum: 6.0]
      [GC Worker Total (ms): Min: 1.2, Avg: 2.5, Max: 3.9, Diff: 2.7, Sum: 105.4]
      [GC Worker End (ms): Min: 1258662220.7, Avg: 1258662220.8, Max: 1258662221.0, Diff: 0.4]
   [Code Root Fixup: 0.0 ms]
   [Code Root Purge: 0.0 ms]
   [Clear CT: 5.3 ms]
   [Other: 9.2 ms]
      [Choose CSet: 0.0 ms]
      [Ref Proc: 3.5 ms]
      [Ref Enq: 0.0 ms]
      [Redirty Cards: 5.0 ms]
      [Humongous Register: 0.1 ms]
      [Humongous Reclaim: 0.0 ms]
      [Free CSet: 0.1 ms]
   [Eden: 51200.0K(51200.0K)->0.0B(51200.0K) Survivors: 1024.0K->1024.0K Heap: 245.9M(1024.0M)->195.9M(1024.0M)]
 [Times: user=0.15 sys=0.00, real=0.02 secs] 
2023-06-28T06:48:32.674+0000: 1262132.299: [GC pause (G1 Evacuation Pause) (young), 0.0280429 secs]
   [Parallel Time: 10.6 ms, GC Workers: 43]
      [GC Worker Start (ms): Min: 1262132301.4, Avg: 1262132303.3, Max: 1262132305.3, Diff: 3.8]
      [Ext Root Scanning (ms): Min: 0.0, Avg: 0.6, Max: 3.8, Diff: 3.8, Sum: 25.2]
      [Update RS (ms): Min: 0.0, Avg: 0.2, Max: 0.7, Diff: 0.7, Sum: 8.3]
         [Processed Buffers: Min: 0, Avg: 1.5, Max: 6, Diff: 6, Sum: 66]
      [Scan RS (ms): Min: 0.0, Avg: 0.0, Max: 0.0, Diff: 0.0, Sum: 0.6]
      [Code Root Scanning (ms): Min: 0.0, Avg: 0.0, Max: 0.0, Diff: 0.0, Sum: 0.0]
      [Object Copy (ms): Min: 2.3, Avg: 3.5, Max: 4.4, Diff: 2.1, Sum: 150.0]
      [Termination (ms): Min: 0.4, Avg: 1.0, Max: 2.1, Diff: 1.7, Sum: 45.1]
         [Termination Attempts: Min: 7, Avg: 15.7, Max: 22, Diff: 15, Sum: 675]
      [GC Worker Other (ms): Min: 0.0, Avg: 0.1, Max: 0.3, Diff: 0.3, Sum: 4.4]
      [GC Worker Total (ms): Min: 3.6, Avg: 5.4, Max: 7.3, Diff: 3.7, Sum: 233.6]
      [GC Worker End (ms): Min: 1262132308.7, Avg: 1262132308.7, Max: 1262132308.9, Diff: 0.3]
   [Code Root Fixup: 0.0 ms]
   [Code Root Purge: 0.0 ms]
   [Clear CT: 5.1 ms]
   [Other: 12.3 ms]
      [Choose CSet: 0.0 ms]
      [Ref Proc: 4.8 ms]
      [Ref Enq: 0.0 ms]
      [Redirty Cards: 5.1 ms]
      [Humongous Register: 1.8 ms]
      [Humongous Reclaim: 0.0 ms]
      [Free CSet: 0.1 ms]
   [Eden: 51200.0K(51200.0K)->0.0B(51200.0K) Survivors: 1024.0K->1024.0K Heap: 245.9M(1024.0M)->195.9M(1024.0M)]
 [Times: user=0.29 sys=0.01, real=0.03 secs] 
2023-06-28T07:46:32.461+0000: 1265612.087: [GC pause (G1 Evacuation Pause) (young), 0.0343015 secs]
   [Parallel Time: 15.7 ms, GC Workers: 43]
      [GC Worker Start (ms): Min: 1265612087.0, Avg: 1265612088.5, Max: 1265612089.7, Diff: 2.7]
      [Ext Root Scanning (ms): Min: 0.0, Avg: 0.9, Max: 12.0, Diff: 12.0, Sum: 38.4]
      [Update RS (ms): Min: 0.0, Avg: 0.2, Max: 0.5, Diff: 0.5, Sum: 8.2]
         [Processed Buffers: Min: 0, Avg: 1.5, Max: 8, Diff: 8, Sum: 65]
      [Scan RS (ms): Min: 0.0, Avg: 0.0, Max: 0.0, Diff: 0.0, Sum: 0.6]
      [Code Root Scanning (ms): Min: 0.0, Avg: 0.0, Max: 0.0, Diff: 0.0, Sum: 0.0]
      [Object Copy (ms): Min: 0.0, Avg: 1.6, Max: 1.8, Diff: 1.8, Sum: 69.4]
      [Termination (ms): Min: 0.0, Avg: 7.9, Max: 8.2, Diff: 8.2, Sum: 340.1]
         [Termination Attempts: Min: 1, Avg: 4.3, Max: 8, Diff: 7, Sum: 183]
      [GC Worker Other (ms): Min: 0.0, Avg: 0.0, Max: 0.1, Diff: 0.1, Sum: 1.1]
      [GC Worker Total (ms): Min: 9.3, Avg: 10.6, Max: 12.1, Diff: 2.7, Sum: 457.8]
      [GC Worker End (ms): Min: 1265612099.1, Avg: 1265612099.1, Max: 1265612099.2, Diff: 0.2]
   [Code Root Fixup: 0.0 ms]
   [Code Root Purge: 0.0 ms]
   [Clear CT: 5.6 ms]
   [Other: 13.0 ms]
      [Choose CSet: 0.0 ms]
      [Ref Proc: 6.9 ms]
      [Ref Enq: 0.0 ms]
      [Redirty Cards: 5.5 ms]
      [Humongous Register: 0.1 ms]
      [Humongous Reclaim: 0.0 ms]
      [Free CSet: 0.1 ms]
   [Eden: 51200.0K(51200.0K)->0.0B(51200.0K) Survivors: 1024.0K->1024.0K Heap: 245.9M(1024.0M)->196.0M(1024.0M)]
 [Times: user=0.52 sys=0.00, real=0.03 secs] 
2023-06-28T08:44:32.591+0000: 1269092.216: [GC pause (G1 Evacuation Pause) (young), 0.0225550 secs]
   [Parallel Time: 6.6 ms, GC Workers: 43]
      [GC Worker Start (ms): Min: 1269092217.1, Avg: 1269092218.6, Max: 1269092219.7, Diff: 2.7]
      [Ext Root Scanning (ms): Min: 0.0, Avg: 0.9, Max: 2.5, Diff: 2.5, Sum: 40.7]
      [Update RS (ms): Min: 0.2, Avg: 0.8, Max: 1.5, Diff: 1.4, Sum: 32.9]
         [Processed Buffers: Min: 0, Avg: 1.7, Max: 7, Diff: 7, Sum: 72]
      [Scan RS (ms): Min: 0.0, Avg: 0.0, Max: 0.0, Diff: 0.0, Sum: 0.4]
      [Code Root Scanning (ms): Min: 0.0, Avg: 0.0, Max: 0.0, Diff: 0.0, Sum: 0.0]
      [Object Copy (ms): Min: 0.5, Avg: 1.3, Max: 1.9, Diff: 1.4, Sum: 56.6]
      [Termination (ms): Min: 0.0, Avg: 0.2, Max: 0.4, Diff: 0.4, Sum: 8.8]
         [Termination Attempts: Min: 1, Avg: 4.5, Max: 9, Diff: 8, Sum: 194]
      [GC Worker Other (ms): Min: 0.0, Avg: 0.1, Max: 0.3, Diff: 0.3, Sum: 3.7]
      [GC Worker Total (ms): Min: 2.2, Avg: 3.3, Max: 5.1, Diff: 2.9, Sum: 143.2]
      [GC Worker End (ms): Min: 1269092221.9, Avg: 1269092221.9, Max: 1269092222.1, Diff: 0.3]
   [Code Root Fixup: 0.0 ms]
   [Code Root Purge: 0.0 ms]
   [Clear CT: 5.2 ms]
   [Other: 10.7 ms]
      [Choose CSet: 0.0 ms]
      [Ref Proc: 4.4 ms]
      [Ref Enq: 0.0 ms]
      [Redirty Cards: 5.3 ms]
      [Humongous Register: 0.3 ms]
      [Humongous Reclaim: 0.0 ms]
      [Free CSet: 0.2 ms]
   [Eden: 51200.0K(51200.0K)->0.0B(51200.0K) Survivors: 1024.0K->1024.0K Heap: 246.0M(1024.0M)->195.9M(1024.0M)]
 [Times: user=0.04 sys=0.12, real=0.02 secs] 
2023-06-28T09:42:37.557+0000: 1272577.183: [GC pause (G1 Evacuation Pause) (young), 0.0236985 secs]
   [Parallel Time: 5.6 ms, GC Workers: 43]
      [GC Worker Start (ms): Min: 1272577184.9, Avg: 1272577186.9, Max: 1272577188.7, Diff: 3.8]
      [Ext Root Scanning (ms): Min: 0.0, Avg: 0.5, Max: 2.6, Diff: 2.6, Sum: 20.5]
      [Update RS (ms): Min: 0.0, Avg: 0.1, Max: 0.5, Diff: 0.5, Sum: 5.3]
         [Processed Buffers: Min: 0, Avg: 1.3, Max: 6, Diff: 6, Sum: 58]
      [Scan RS (ms): Min: 0.0, Avg: 0.0, Max: 0.0, Diff: 0.0, Sum: 0.4]
      [Code Root Scanning (ms): Min: 0.0, Avg: 0.0, Max: 0.0, Diff: 0.0, Sum: 0.0]
      [Object Copy (ms): Min: 0.2, Avg: 1.3, Max: 1.9, Diff: 1.7, Sum: 57.5]
      [Termination (ms): Min: 0.0, Avg: 0.2, Max: 0.3, Diff: 0.3, Sum: 8.3]
         [Termination Attempts: Min: 1, Avg: 4.3, Max: 9, Diff: 8, Sum: 185]
      [GC Worker Other (ms): Min: 0.0, Avg: 0.1, Max: 0.3, Diff: 0.3, Sum: 4.7]
      [GC Worker Total (ms): Min: 0.4, Avg: 2.2, Max: 4.3, Diff: 3.9, Sum: 96.7]
      [GC Worker End (ms): Min: 1272577189.0, Avg: 1272577189.1, Max: 1272577189.3, Diff: 0.3]
   [Code Root Fixup: 0.0 ms]
   [Code Root Purge: 0.0 ms]
   [Clear CT: 5.7 ms]
   [Other: 12.4 ms]
      [Choose CSet: 0.0 ms]
      [Ref Proc: 4.2 ms]
      [Ref Enq: 0.0 ms]
      [Redirty Cards: 5.4 ms]
      [Humongous Register: 1.8 ms]
      [Humongous Reclaim: 0.0 ms]
      [Free CSet: 0.1 ms]
   [Eden: 51200.0K(51200.0K)->0.0B(51200.0K) Survivors: 1024.0K->1024.0K Heap: 245.9M(1024.0M)->196.0M(1024.0M)]
 [Times: user=0.15 sys=0.00, real=0.03 secs] 
2023-06-28T10:40:27.659+0000: 1276047.284: [GC pause (G1 Evacuation Pause) (young), 0.0192032 secs]
   [Parallel Time: 6.1 ms, GC Workers: 43]
      [GC Worker Start (ms): Min: 1276047284.9, Avg: 1276047286.3, Max: 1276047287.6, Diff: 2.7]
      [Ext Root Scanning (ms): Min: 0.0, Avg: 0.5, Max: 2.0, Diff: 1.9, Sum: 21.5]
      [Update RS (ms): Min: 0.0, Avg: 0.1, Max: 0.5, Diff: 0.5, Sum: 4.5]
         [Processed Buffers: Min: 0, Avg: 1.3, Max: 6, Diff: 6, Sum: 58]
      [Scan RS (ms): Min: 0.0, Avg: 0.0, Max: 0.0, Diff: 0.0, Sum: 0.5]
      [Code Root Scanning (ms): Min: 0.0, Avg: 0.0, Max: 0.0, Diff: 0.0, Sum: 0.0]
      [Object Copy (ms): Min: 1.9, Avg: 2.6, Max: 3.0, Diff: 1.1, Sum: 112.5]
      [Termination (ms): Min: 0.2, Avg: 0.5, Max: 0.8, Diff: 0.6, Sum: 19.7]
         [Termination Attempts: Min: 4, Avg: 10.4, Max: 15, Diff: 11, Sum: 448]
      [GC Worker Other (ms): Min: 0.0, Avg: 0.1, Max: 0.4, Diff: 0.3, Sum: 5.4]
      [GC Worker Total (ms): Min: 2.4, Avg: 3.8, Max: 5.3, Diff: 2.9, Sum: 164.0]
      [GC Worker End (ms): Min: 1276047290.0, Avg: 1276047290.1, Max: 1276047290.4, Diff: 0.3]
   [Code Root Fixup: 0.0 ms]
   [Code Root Purge: 0.0 ms]
   [Clear CT: 5.1 ms]
   [Other: 8.0 ms]
      [Choose CSet: 0.0 ms]
      [Ref Proc: 2.2 ms]
      [Ref Enq: 0.0 ms]
      [Redirty Cards: 5.0 ms]
      [Humongous Register: 0.2 ms]
      [Humongous Reclaim: 0.0 ms]
      [Free CSet: 0.1 ms]
   [Eden: 51200.0K(51200.0K)->0.0B(51200.0K) Survivors: 1024.0K->1024.0K Heap: 246.0M(1024.0M)->196.0M(1024.0M)]
 [Times: user=0.17 sys=0.02, real=0.02 secs] 
2023-06-28T11:38:17.591+0000: 1279517.217: [GC pause (G1 Evacuation Pause) (young), 0.0239167 secs]
   [Parallel Time: 8.1 ms, GC Workers: 43]
      [GC Worker Start (ms): Min: 1279517217.0, Avg: 1279517218.4, Max: 1279517219.6, Diff: 2.6]
      [Ext Root Scanning (ms): Min: 0.0, Avg: 0.7, Max: 6.5, Diff: 6.5, Sum: 31.5]
      [Update RS (ms): Min: 0.0, Avg: 0.1, Max: 0.5, Diff: 0.5, Sum: 5.9]
         [Processed Buffers: Min: 0, Avg: 1.4, Max: 6, Diff: 6, Sum: 62]
      [Scan RS (ms): Min: 0.0, Avg: 0.0, Max: 0.1, Diff: 0.0, Sum: 0.7]
      [Code Root Scanning (ms): Min: 0.0, Avg: 0.0, Max: 0.0, Diff: 0.0, Sum: 0.0]
      [Object Copy (ms): Min: 0.0, Avg: 1.8, Max: 2.1, Diff: 2.1, Sum: 76.2]
      [Termination (ms): Min: 0.0, Avg: 2.6, Max: 3.0, Diff: 3.0, Sum: 110.9]
         [Termination Attempts: Min: 1, Avg: 5.3, Max: 8, Diff: 7, Sum: 226]
      [GC Worker Other (ms): Min: 0.0, Avg: 0.0, Max: 0.0, Diff: 0.0, Sum: 0.8]
      [GC Worker Total (ms): Min: 4.0, Avg: 5.3, Max: 6.6, Diff: 2.6, Sum: 226.0]
      [GC Worker End (ms): Min: 1279517223.6, Avg: 1279517223.6, Max: 1279517223.8, Diff: 0.2]
   [Code Root Fixup: 0.0 ms]
   [Code Root Purge: 0.0 ms]
   [Clear CT: 5.2 ms]
   [Other: 10.6 ms]
      [Choose CSet: 0.0 ms]
      [Ref Proc: 4.7 ms]
      [Ref Enq: 0.0 ms]
      [Redirty Cards: 5.2 ms]
      [Humongous Register: 0.1 ms]
      [Humongous Reclaim: 0.0 ms]
      [Free CSet: 0.1 ms]
   [Eden: 51200.0K(51200.0K)->0.0B(51200.0K) Survivors: 1024.0K->1024.0K Heap: 246.0M(1024.0M)->195.9M(1024.0M)]
 [Times: user=0.28 sys=0.00, real=0.02 secs] 
2023-06-28T12:36:02.591+0000: 1282982.217: [GC pause (G1 Evacuation Pause) (young), 0.0308363 secs]
   [Parallel Time: 13.2 ms, GC Workers: 43]
      [GC Worker Start (ms): Min: 1282982219.2, Avg: 1282982221.2, Max: 1282982224.5, Diff: 5.3]
      [Ext Root Scanning (ms): Min: 0.0, Avg: 0.7, Max: 2.6, Diff: 2.6, Sum: 28.6]
      [Update RS (ms): Min: 0.0, Avg: 0.3, Max: 0.9, Diff: 0.9, Sum: 10.9]
         [Processed Buffers: Min: 0, Avg: 1.6, Max: 9, Diff: 9, Sum: 67]
      [Scan RS (ms): Min: 0.0, Avg: 0.0, Max: 0.0, Diff: 0.0, Sum: 0.3]
      [Code Root Scanning (ms): Min: 0.0, Avg: 0.0, Max: 0.0, Diff: 0.0, Sum: 0.0]
      [Object Copy (ms): Min: 0.0, Avg: 1.5, Max: 8.1, Diff: 8.1, Sum: 65.5]
      [Termination (ms): Min: 0.0, Avg: 7.0, Max: 7.3, Diff: 7.3, Sum: 299.9]
         [Termination Attempts: Min: 1, Avg: 4.8, Max: 10, Diff: 9, Sum: 205]
      [GC Worker Other (ms): Min: 0.0, Avg: 0.0, Max: 0.1, Diff: 0.1, Sum: 1.5]
      [GC Worker Total (ms): Min: 6.3, Avg: 9.5, Max: 11.5, Diff: 5.3, Sum: 406.8]
      [GC Worker End (ms): Min: 1282982230.6, Avg: 1282982230.7, Max: 1282982230.8, Diff: 0.2]
   [Code Root Fixup: 0.0 ms]
   [Code Root Purge: 0.0 ms]
   [Clear CT: 5.5 ms]
   [Other: 12.1 ms]
      [Choose CSet: 0.0 ms]
      [Ref Proc: 3.7 ms]
      [Ref Enq: 0.0 ms]
      [Redirty Cards: 5.2 ms]
      [Humongous Register: 2.1 ms]
      [Humongous Reclaim: 0.0 ms]
      [Free CSet: 0.3 ms]
   [Eden: 51200.0K(51200.0K)->0.0B(51200.0K) Survivors: 1024.0K->1024.0K Heap: 245.9M(1024.0M)->196.0M(1024.0M)]
 [Times: user=0.45 sys=0.00, real=0.03 secs] 
2023-06-28T13:33:37.591+0000: 1286437.217: [GC pause (G1 Evacuation Pause) (young), 0.0338085 secs]
   [Parallel Time: 15.4 ms, GC Workers: 43]
      [GC Worker Start (ms): Min: 1286437216.9, Avg: 1286437218.3, Max: 1286437219.6, Diff: 2.7]
      [Ext Root Scanning (ms): Min: 0.0, Avg: 1.0, Max: 13.7, Diff: 13.7, Sum: 41.1]
      [Update RS (ms): Min: 0.0, Avg: 0.1, Max: 0.8, Diff: 0.8, Sum: 5.6]
         [Processed Buffers: Min: 0, Avg: 1.3, Max: 4, Diff: 4, Sum: 58]
      [Scan RS (ms): Min: 0.0, Avg: 0.0, Max: 0.1, Diff: 0.1, Sum: 0.6]
      [Code Root Scanning (ms): Min: 0.0, Avg: 0.0, Max: 0.0, Diff: 0.0, Sum: 0.0]
      [Object Copy (ms): Min: 0.0, Avg: 2.7, Max: 3.1, Diff: 3.1, Sum: 116.1]
      [Termination (ms): Min: 0.0, Avg: 8.5, Max: 9.2, Diff: 9.2, Sum: 366.4]
         [Termination Attempts: Min: 1, Avg: 10.1, Max: 13, Diff: 12, Sum: 435]
      [GC Worker Other (ms): Min: 0.0, Avg: 0.0, Max: 0.2, Diff: 0.1, Sum: 1.0]
      [GC Worker Total (ms): Min: 11.0, Avg: 12.3, Max: 13.7, Diff: 2.7, Sum: 530.7]
      [GC Worker End (ms): Min: 1286437230.6, Avg: 1286437230.6, Max: 1286437230.8, Diff: 0.2]
   [Code Root Fixup: 0.0 ms]
   [Code Root Purge: 0.0 ms]
   [Clear CT: 5.4 ms]
   [Other: 13.0 ms]
      [Choose CSet: 0.0 ms]
      [Ref Proc: 6.7 ms]
      [Ref Enq: 0.0 ms]
      [Redirty Cards: 5.6 ms]
      [Humongous Register: 0.1 ms]
      [Humongous Reclaim: 0.0 ms]
      [Free CSet: 0.1 ms]
   [Eden: 51200.0K(51200.0K)->0.0B(51200.0K) Survivors: 1024.0K->1024.0K Heap: 246.0M(1024.0M)->196.0M(1024.0M)]
 [Times: user=0.59 sys=0.00, real=0.03 secs] 
2023-06-28T14:31:22.496+0000: 1289902.122: [GC pause (G1 Evacuation Pause) (young), 0.0235533 secs]
   [Parallel Time: 5.3 ms, GC Workers: 43]
      [GC Worker Start (ms): Min: 1289902122.2, Avg: 1289902123.7, Max: 1289902124.9, Diff: 2.6]
      [Ext Root Scanning (ms): Min: 0.0, Avg: 0.8, Max: 2.2, Diff: 2.1, Sum: 33.6]
      [Update RS (ms): Min: 0.0, Avg: 0.2, Max: 0.6, Diff: 0.6, Sum: 8.8]
         [Processed Buffers: Min: 0, Avg: 1.4, Max: 6, Diff: 6, Sum: 62]
      [Scan RS (ms): Min: 0.0, Avg: 0.0, Max: 0.0, Diff: 0.0, Sum: 0.5]
      [Code Root Scanning (ms): Min: 0.0, Avg: 0.0, Max: 0.0, Diff: 0.0, Sum: 0.0]
      [Object Copy (ms): Min: 1.7, Avg: 2.0, Max: 2.2, Diff: 0.5, Sum: 86.0]
      [Termination (ms): Min: 0.1, Avg: 0.2, Max: 0.5, Diff: 0.5, Sum: 9.1]
         [Termination Attempts: Min: 1, Avg: 6.0, Max: 10, Diff: 9, Sum: 259]
      [GC Worker Other (ms): Min: 0.0, Avg: 0.1, Max: 0.3, Diff: 0.2, Sum: 3.7]
      [GC Worker Total (ms): Min: 2.0, Avg: 3.3, Max: 4.9, Diff: 2.8, Sum: 141.6]
      [GC Worker End (ms): Min: 1289902126.9, Avg: 1289902127.0, Max: 1289902127.1, Diff: 0.2]
   [Code Root Fixup: 0.0 ms]
   [Code Root Purge: 0.0 ms]
   [Clear CT: 5.3 ms]
   [Other: 12.9 ms]
      [Choose CSet: 0.0 ms]
      [Ref Proc: 6.7 ms]
      [Ref Enq: 0.0 ms]
      [Redirty Cards: 5.1 ms]
      [Humongous Register: 0.3 ms]
      [Humongous Reclaim: 0.0 ms]
      [Free CSet: 0.2 ms]
   [Eden: 51200.0K(51200.0K)->0.0B(51200.0K) Survivors: 1024.0K->1024.0K Heap: 246.0M(1024.0M)->196.0M(1024.0M)]
 [Times: user=0.20 sys=0.00, real=0.02 secs] 
2023-06-28T15:29:02.591+0000: 1293362.217: [GC pause (G1 Evacuation Pause) (young), 0.0222041 secs]
   [Parallel Time: 4.6 ms, GC Workers: 43]
      [GC Worker Start (ms): Min: 1293362218.8, Avg: 1293362220.7, Max: 1293362222.5, Diff: 3.7]
      [Ext Root Scanning (ms): Min: 0.0, Avg: 0.5, Max: 2.1, Diff: 2.1, Sum: 20.0]
      [Update RS (ms): Min: 0.0, Avg: 0.1, Max: 0.6, Diff: 0.6, Sum: 4.7]
         [Processed Buffers: Min: 0, Avg: 1.5, Max: 8, Diff: 8, Sum: 63]
      [Scan RS (ms): Min: 0.0, Avg: 0.0, Max: 0.0, Diff: 0.0, Sum: 0.5]
      [Code Root Scanning (ms): Min: 0.0, Avg: 0.0, Max: 0.0, Diff: 0.0, Sum: 0.0]
      [Object Copy (ms): Min: 0.0, Avg: 1.1, Max: 1.6, Diff: 1.6, Sum: 46.9]
      [Termination (ms): Min: 0.0, Avg: 0.2, Max: 0.3, Diff: 0.3, Sum: 8.3]
         [Termination Attempts: Min: 1, Avg: 3.5, Max: 8, Diff: 7, Sum: 151]
      [GC Worker Other (ms): Min: 0.0, Avg: 0.1, Max: 0.2, Diff: 0.2, Sum: 2.7]
      [GC Worker Total (ms): Min: 0.1, Avg: 1.9, Max: 3.8, Diff: 3.8, Sum: 83.1]
      [GC Worker End (ms): Min: 1293362222.6, Avg: 1293362222.7, Max: 1293362222.8, Diff: 0.2]
   [Code Root Fixup: 0.0 ms]
   [Code Root Purge: 0.0 ms]
   [Clear CT: 5.5 ms]
   [Other: 12.1 ms]
      [Choose CSet: 0.0 ms]
      [Ref Proc: 3.8 ms]
      [Ref Enq: 0.0 ms]
      [Redirty Cards: 5.7 ms]
      [Humongous Register: 1.8 ms]
      [Humongous Reclaim: 0.0 ms]
      [Free CSet: 0.2 ms]
   [Eden: 51200.0K(51200.0K)->0.0B(51200.0K) Survivors: 1024.0K->1024.0K Heap: 246.0M(1024.0M)->196.0M(1024.0M)]
 [Times: user=0.13 sys=0.00, real=0.02 secs] 
2023-06-28T16:26:52.591+0000: 1296832.216: [GC pause (G1 Evacuation Pause) (young), 0.0235188 secs]
   [Parallel Time: 7.5 ms, GC Workers: 43]
      [GC Worker Start (ms): Min: 1296832216.9, Avg: 1296832218.3, Max: 1296832219.5, Diff: 2.6]
      [Ext Root Scanning (ms): Min: 0.0, Avg: 0.5, Max: 1.8, Diff: 1.8, Sum: 23.5]
      [Update RS (ms): Min: 0.0, Avg: 0.2, Max: 0.6, Diff: 0.6, Sum: 7.0]
         [Processed Buffers: Min: 0, Avg: 1.4, Max: 6, Diff: 6, Sum: 61]
      [Scan RS (ms): Min: 0.0, Avg: 0.0, Max: 0.0, Diff: 0.0, Sum: 0.5]
      [Code Root Scanning (ms): Min: 0.0, Avg: 0.0, Max: 0.0, Diff: 0.0, Sum: 0.0]
      [Object Copy (ms): Min: 1.9, Avg: 2.8, Max: 3.2, Diff: 1.3, Sum: 118.7]
      [Termination (ms): Min: 0.2, Avg: 0.6, Max: 1.4, Diff: 1.2, Sum: 24.3]
         [Termination Attempts: Min: 8, Avg: 10.7, Max: 14, Diff: 6, Sum: 459]
      [GC Worker Other (ms): Min: 0.0, Avg: 0.1, Max: 0.2, Diff: 0.2, Sum: 3.0]
      [GC Worker Total (ms): Min: 2.8, Avg: 4.1, Max: 5.5, Diff: 2.7, Sum: 176.9]
      [GC Worker End (ms): Min: 1296832222.4, Avg: 1296832222.4, Max: 1296832222.6, Diff: 0.3]
   [Code Root Fixup: 0.0 ms]
   [Code Root Purge: 0.0 ms]
   [Clear CT: 5.1 ms]
   [Other: 10.9 ms]
      [Choose CSet: 0.0 ms]
      [Ref Proc: 4.8 ms]
      [Ref Enq: 0.0 ms]
      [Redirty Cards: 5.3 ms]
      [Humongous Register: 0.2 ms]
      [Humongous Reclaim: 0.0 ms]
      [Free CSet: 0.1 ms]
   [Eden: 51200.0K(51200.0K)->0.0B(51200.0K) Survivors: 1024.0K->1024.0K Heap: 246.0M(1024.0M)->196.0M(1024.0M)]
 [Times: user=0.20 sys=0.02, real=0.02 secs] 
2023-06-28T17:24:42.572+0000: 1300302.197: [GC pause (G1 Evacuation Pause) (young), 0.0264050 secs]
   [Parallel Time: 11.2 ms, GC Workers: 43]
      [GC Worker Start (ms): Min: 1300302197.5, Avg: 1300302199.0, Max: 1300302200.3, Diff: 2.7]
      [Ext Root Scanning (ms): Min: 0.0, Avg: 0.7, Max: 7.2, Diff: 7.2, Sum: 30.8]
      [Update RS (ms): Min: 0.0, Avg: 0.2, Max: 0.5, Diff: 0.5, Sum: 7.0]
         [Processed Buffers: Min: 0, Avg: 1.4, Max: 6, Diff: 6, Sum: 61]
      [Scan RS (ms): Min: 0.0, Avg: 0.0, Max: 0.0, Diff: 0.0, Sum: 0.6]
      [Code Root Scanning (ms): Min: 0.0, Avg: 0.0, Max: 0.0, Diff: 0.0, Sum: 0.0]
      [Object Copy (ms): Min: 0.0, Avg: 1.8, Max: 2.1, Diff: 2.1, Sum: 78.8]
      [Termination (ms): Min: 0.0, Avg: 3.0, Max: 3.5, Diff: 3.5, Sum: 130.6]
         [Termination Attempts: Min: 1, Avg: 4.7, Max: 8, Diff: 7, Sum: 201]
      [GC Worker Other (ms): Min: 0.0, Avg: 0.0, Max: 0.1, Diff: 0.1, Sum: 1.2]
      [GC Worker Total (ms): Min: 4.6, Avg: 5.8, Max: 7.4, Diff: 2.8, Sum: 249.0]
      [GC Worker End (ms): Min: 1300302204.8, Avg: 1300302204.8, Max: 1300302205.0, Diff: 0.2]
   [Code Root Fixup: 0.0 ms]
   [Code Root Purge: 0.0 ms]
   [Clear CT: 5.2 ms]
   [Other: 9.9 ms]
      [Choose CSet: 0.0 ms]
      [Ref Proc: 4.8 ms]
      [Ref Enq: 0.0 ms]
      [Redirty Cards: 4.5 ms]
      [Humongous Register: 0.1 ms]
      [Humongous Reclaim: 0.0 ms]
      [Free CSet: 0.1 ms]
   [Eden: 51200.0K(51200.0K)->0.0B(51200.0K) Survivors: 1024.0K->1024.0K Heap: 246.0M(1024.0M)->195.9M(1024.0M)]
 [Times: user=0.31 sys=0.00, real=0.02 secs] 
2023-06-28T18:22:32.591+0000: 1303772.217: [GC pause (G1 Evacuation Pause) (young), 0.0278021 secs]
   [Parallel Time: 7.5 ms, GC Workers: 43]
      [GC Worker Start (ms): Min: 1303772219.3, Avg: 1303772221.4, Max: 1303772225.4, Diff: 6.1]
      [Ext Root Scanning (ms): Min: 0.0, Avg: 0.7, Max: 2.5, Diff: 2.5, Sum: 29.1]
      [Update RS (ms): Min: 0.0, Avg: 0.2, Max: 0.6, Diff: 0.6, Sum: 10.6]
         [Processed Buffers: Min: 0, Avg: 1.5, Max: 11, Diff: 11, Sum: 64]
      [Scan RS (ms): Min: 0.0, Avg: 0.0, Max: 0.1, Diff: 0.1, Sum: 0.5]
      [Code Root Scanning (ms): Min: 0.0, Avg: 0.0, Max: 0.0, Diff: 0.0, Sum: 0.0]
      [Object Copy (ms): Min: 0.0, Avg: 1.4, Max: 1.8, Diff: 1.8, Sum: 59.1]
      [Termination (ms): Min: 0.0, Avg: 1.7, Max: 1.9, Diff: 1.9, Sum: 71.2]
         [Termination Attempts: Min: 1, Avg: 4.8, Max: 8, Diff: 7, Sum: 208]
      [GC Worker Other (ms): Min: 0.0, Avg: 0.1, Max: 0.3, Diff: 0.3, Sum: 4.1]
      [GC Worker Total (ms): Min: 0.0, Avg: 4.1, Max: 6.4, Diff: 6.3, Sum: 174.6]
      [GC Worker End (ms): Min: 1303772225.4, Avg: 1303772225.5, Max: 1303772225.7, Diff: 0.3]
   [Code Root Fixup: 0.0 ms]
   [Code Root Purge: 0.0 ms]
   [Clear CT: 5.3 ms]
   [Other: 15.0 ms]
      [Choose CSet: 0.0 ms]
      [Ref Proc: 6.6 ms]
      [Ref Enq: 0.0 ms]
      [Redirty Cards: 5.1 ms]
      [Humongous Register: 2.1 ms]
      [Humongous Reclaim: 0.0 ms]
      [Free CSet: 0.2 ms]
   [Eden: 51200.0K(51200.0K)->0.0B(51200.0K) Survivors: 1024.0K->1024.0K Heap: 245.9M(1024.0M)->196.0M(1024.0M)]
 [Times: user=0.30 sys=0.00, real=0.02 secs] 
2023-06-28T19:20:17.591+0000: 1307237.216: [GC pause (G1 Evacuation Pause) (young), 0.0214431 secs]
   [Parallel Time: 6.2 ms, GC Workers: 43]
      [GC Worker Start (ms): Min: 1307237216.6, Avg: 1307237218.2, Max: 1307237221.2, Diff: 4.5]
      [Ext Root Scanning (ms): Min: 0.0, Avg: 0.4, Max: 1.7, Diff: 1.7, Sum: 18.5]
      [Update RS (ms): Min: 0.0, Avg: 0.1, Max: 0.6, Diff: 0.6, Sum: 4.5]
         [Processed Buffers: Min: 0, Avg: 1.3, Max: 6, Diff: 6, Sum: 57]
      [Scan RS (ms): Min: 0.0, Avg: 0.0, Max: 0.0, Diff: 0.0, Sum: 0.6]
      [Code Root Scanning (ms): Min: 0.0, Avg: 0.0, Max: 0.0, Diff: 0.0, Sum: 0.0]
      [Object Copy (ms): Min: 0.0, Avg: 1.4, Max: 3.3, Diff: 3.3, Sum: 60.4]
      [Termination (ms): Min: 0.1, Avg: 1.6, Max: 1.9, Diff: 1.8, Sum: 69.6]
         [Termination Attempts: Min: 1, Avg: 4.1, Max: 9, Diff: 8, Sum: 178]
      [GC Worker Other (ms): Min: 0.0, Avg: 0.0, Max: 0.0, Diff: 0.0, Sum: 0.7]
      [GC Worker Total (ms): Min: 0.7, Avg: 3.6, Max: 5.3, Diff: 4.6, Sum: 154.4]
      [GC Worker End (ms): Min: 1307237221.7, Avg: 1307237221.8, Max: 1307237221.9, Diff: 0.2]
   [Code Root Fixup: 0.0 ms]
   [Code Root Purge: 0.0 ms]
   [Clear CT: 5.4 ms]
   [Other: 9.9 ms]
      [Choose CSet: 0.0 ms]
      [Ref Proc: 3.9 ms]
      [Ref Enq: 0.0 ms]
      [Redirty Cards: 5.4 ms]
      [Humongous Register: 0.1 ms]
      [Humongous Reclaim: 0.0 ms]
      [Free CSet: 0.1 ms]
   [Eden: 51200.0K(51200.0K)->0.0B(51200.0K) Survivors: 1024.0K->1024.0K Heap: 246.0M(1024.0M)->196.0M(1024.0M)]
 [Times: user=0.19 sys=0.06, real=0.02 secs] 
2023-06-28T20:17:57.591+0000: 1310697.217: [GC pause (G1 Evacuation Pause) (young), 0.0247918 secs]
   [Parallel Time: 8.5 ms, GC Workers: 43]
      [GC Worker Start (ms): Min: 1310697216.9, Avg: 1310697218.3, Max: 1310697219.4, Diff: 2.5]
      [Ext Root Scanning (ms): Min: 0.0, Avg: 0.8, Max: 7.2, Diff: 7.2, Sum: 33.2]
      [Update RS (ms): Min: 0.0, Avg: 0.4, Max: 3.1, Diff: 3.1, Sum: 16.9]
         [Processed Buffers: Min: 0, Avg: 1.5, Max: 5, Diff: 5, Sum: 63]
      [Scan RS (ms): Min: 0.0, Avg: 0.0, Max: 0.0, Diff: 0.0, Sum: 0.5]
      [Code Root Scanning (ms): Min: 0.0, Avg: 0.0, Max: 0.0, Diff: 0.0, Sum: 0.0]
      [Object Copy (ms): Min: 0.0, Avg: 1.6, Max: 2.0, Diff: 2.0, Sum: 68.9]
      [Termination (ms): Min: 0.0, Avg: 3.1, Max: 3.5, Diff: 3.5, Sum: 134.5]
         [Termination Attempts: Min: 1, Avg: 4.8, Max: 9, Diff: 8, Sum: 206]
      [GC Worker Other (ms): Min: 0.0, Avg: 0.0, Max: 0.0, Diff: 0.0, Sum: 0.7]
      [GC Worker Total (ms): Min: 4.9, Avg: 5.9, Max: 7.3, Diff: 2.4, Sum: 254.8]
      [GC Worker End (ms): Min: 1310697224.1, Avg: 1310697224.2, Max: 1310697224.3, Diff: 0.2]
   [Code Root Fixup: 0.0 ms]
   [Code Root Purge: 0.0 ms]
   [Clear CT: 6.5 ms]
   [Other: 9.7 ms]
      [Choose CSet: 0.0 ms]
      [Ref Proc: 3.7 ms]
      [Ref Enq: 0.0 ms]
      [Redirty Cards: 5.5 ms]
      [Humongous Register: 0.1 ms]
      [Humongous Reclaim: 0.0 ms]
      [Free CSet: 0.1 ms]
   [Eden: 51200.0K(51200.0K)->0.0B(51200.0K) Survivors: 1024.0K->1024.0K Heap: 246.0M(1024.0M)->196.0M(1024.0M)]
 [Times: user=0.30 sys=0.00, real=0.02 secs] 
2023-06-28T21:15:47.769+0000: 1314167.394: [GC pause (G1 Evacuation Pause) (young), 0.0250083 secs]
   [Parallel Time: 5.2 ms, GC Workers: 43]
      [GC Worker Start (ms): Min: 1314167394.7, Avg: 1314167396.3, Max: 1314167398.8, Diff: 4.2]
      [Ext Root Scanning (ms): Min: 0.0, Avg: 0.5, Max: 1.8, Diff: 1.7, Sum: 21.7]
      [Update RS (ms): Min: 0.0, Avg: 0.1, Max: 0.4, Diff: 0.4, Sum: 4.2]
         [Processed Buffers: Min: 0, Avg: 1.4, Max: 5, Diff: 5, Sum: 61]
      [Scan RS (ms): Min: 0.0, Avg: 0.0, Max: 0.0, Diff: 0.0, Sum: 0.5]
      [Code Root Scanning (ms): Min: 0.0, Avg: 0.0, Max: 0.0, Diff: 0.0, Sum: 0.0]
      [Object Copy (ms): Min: 0.0, Avg: 1.4, Max: 1.8, Diff: 1.8, Sum: 61.2]
      [Termination (ms): Min: 0.0, Avg: 0.7, Max: 0.9, Diff: 0.9, Sum: 28.6]
         [Termination Attempts: Min: 1, Avg: 5.2, Max: 9, Diff: 8, Sum: 225]
      [GC Worker Other (ms): Min: 0.0, Avg: 0.0, Max: 0.0, Diff: 0.0, Sum: 0.8]
      [GC Worker Total (ms): Min: 0.0, Avg: 2.7, Max: 4.3, Diff: 4.2, Sum: 117.0]
      [GC Worker End (ms): Min: 1314167398.9, Avg: 1314167399.0, Max: 1314167399.1, Diff: 0.2]
   [Code Root Fixup: 0.0 ms]
   [Code Root Purge: 0.0 ms]
   [Clear CT: 5.6 ms]
   [Other: 14.1 ms]
      [Choose CSet: 0.0 ms]
      [Ref Proc: 7.8 ms]
      [Ref Enq: 0.0 ms]
      [Redirty Cards: 5.6 ms]
      [Humongous Register: 0.1 ms]
      [Humongous Reclaim: 0.0 ms]
      [Free CSet: 0.2 ms]
   [Eden: 51200.0K(51200.0K)->0.0B(51200.0K) Survivors: 1024.0K->1024.0K Heap: 246.0M(1024.0M)->196.0M(1024.0M)]
 [Times: user=0.18 sys=0.00, real=0.03 secs] 
2023-06-28T22:13:32.591+0000: 1317632.217: [GC pause (G1 Evacuation Pause) (young), 0.0253756 secs]
   [Parallel Time: 6.8 ms, GC Workers: 43]
      [GC Worker Start (ms): Min: 1317632219.2, Avg: 1317632221.4, Max: 1317632225.0, Diff: 5.8]
      [Ext Root Scanning (ms): Min: 0.0, Avg: 0.7, Max: 3.2, Diff: 3.2, Sum: 30.4]
      [Update RS (ms): Min: 0.0, Avg: 0.2, Max: 0.6, Diff: 0.6, Sum: 7.6]
         [Processed Buffers: Min: 0, Avg: 1.5, Max: 8, Diff: 8, Sum: 63]
      [Scan RS (ms): Min: 0.0, Avg: 0.0, Max: 0.0, Diff: 0.0, Sum: 0.5]
      [Code Root Scanning (ms): Min: 0.0, Avg: 0.0, Max: 0.0, Diff: 0.0, Sum: 0.0]
      [Object Copy (ms): Min: 0.0, Avg: 1.6, Max: 2.0, Diff: 2.0, Sum: 69.7]
      [Termination (ms): Min: 0.0, Avg: 1.1, Max: 1.3, Diff: 1.3, Sum: 46.9]
         [Termination Attempts: Min: 1, Avg: 5.0, Max: 9, Diff: 8, Sum: 217]
      [GC Worker Other (ms): Min: 0.0, Avg: 0.0, Max: 0.1, Diff: 0.1, Sum: 1.9]
      [GC Worker Total (ms): Min: 0.0, Avg: 3.7, Max: 5.8, Diff: 5.8, Sum: 157.0]
      [GC Worker End (ms): Min: 1317632225.0, Avg: 1317632225.1, Max: 1317632225.2, Diff: 0.2]
   [Code Root Fixup: 0.0 ms]
   [Code Root Purge: 0.0 ms]
   [Clear CT: 5.4 ms]
   [Other: 13.2 ms]
      [Choose CSet: 0.0 ms]
      [Ref Proc: 5.3 ms]
      [Ref Enq: 0.0 ms]
      [Redirty Cards: 5.0 ms]
      [Humongous Register: 2.1 ms]
      [Humongous Reclaim: 0.0 ms]
      [Free CSet: 0.2 ms]
   [Eden: 51200.0K(51200.0K)->0.0B(51200.0K) Survivors: 1024.0K->1024.0K Heap: 246.0M(1024.0M)->196.0M(1024.0M)]
 [Times: user=0.23 sys=0.00, real=0.02 secs] 
2023-06-28T23:11:26.238+0000: 1321105.863: [GC pause (G1 Evacuation Pause) (young), 0.0207681 secs]
   [Parallel Time: 6.3 ms, GC Workers: 43]
      [GC Worker Start (ms): Min: 1321105863.7, Avg: 1321105865.1, Max: 1321105866.3, Diff: 2.7]
      [Ext Root Scanning (ms): Min: 0.0, Avg: 0.5, Max: 1.9, Diff: 1.9, Sum: 22.5]
      [Update RS (ms): Min: 0.0, Avg: 0.2, Max: 2.9, Diff: 2.9, Sum: 7.2]
         [Processed Buffers: Min: 0, Avg: 1.4, Max: 5, Diff: 5, Sum: 60]
      [Scan RS (ms): Min: 0.0, Avg: 0.0, Max: 0.0, Diff: 0.0, Sum: 0.5]
      [Code Root Scanning (ms): Min: 0.0, Avg: 0.0, Max: 0.0, Diff: 0.0, Sum: 0.0]
      [Object Copy (ms): Min: 0.0, Avg: 1.6, Max: 2.0, Diff: 2.0, Sum: 69.4]
      [Termination (ms): Min: 0.0, Avg: 1.0, Max: 1.4, Diff: 1.4, Sum: 43.8]
         [Termination Attempts: Min: 1, Avg: 4.7, Max: 8, Diff: 7, Sum: 203]
      [GC Worker Other (ms): Min: 0.0, Avg: 0.1, Max: 0.2, Diff: 0.2, Sum: 2.4]
      [GC Worker Total (ms): Min: 2.1, Avg: 3.4, Max: 4.8, Diff: 2.6, Sum: 145.8]
      [GC Worker End (ms): Min: 1321105868.4, Avg: 1321105868.5, Max: 1321105868.7, Diff: 0.2]
   [Code Root Fixup: 0.0 ms]
   [Code Root Purge: 0.0 ms]
   [Clear CT: 5.1 ms]
   [Other: 9.4 ms]
      [Choose CSet: 0.0 ms]
      [Ref Proc: 3.8 ms]
      [Ref Enq: 0.0 ms]
      [Redirty Cards: 5.1 ms]
      [Humongous Register: 0.1 ms]
      [Humongous Reclaim: 0.0 ms]
      [Free CSet: 0.1 ms]
   [Eden: 51200.0K(51200.0K)->0.0B(51200.0K) Survivors: 1024.0K->1024.0K Heap: 246.0M(1024.0M)->196.0M(1024.0M)]
 [Times: user=0.20 sys=0.00, real=0.02 secs] 
2023-06-29T00:09:19.103+0000: 1324578.729: [GC pause (G1 Evacuation Pause) (young), 0.0222049 secs]
   [Parallel Time: 6.5 ms, GC Workers: 43]
      [GC Worker Start (ms): Min: 1324578729.2, Avg: 1324578730.8, Max: 1324578734.5, Diff: 5.3]
      [Ext Root Scanning (ms): Min: 0.0, Avg: 0.5, Max: 1.8, Diff: 1.8, Sum: 21.9]
      [Update RS (ms): Min: 0.0, Avg: 0.1, Max: 0.4, Diff: 0.4, Sum: 5.3]
         [Processed Buffers: Min: 0, Avg: 1.4, Max: 7, Diff: 7, Sum: 62]
      [Scan RS (ms): Min: 0.0, Avg: 0.0, Max: 0.0, Diff: 0.0, Sum: 0.4]
      [Code Root Scanning (ms): Min: 0.0, Avg: 0.0, Max: 0.0, Diff: 0.0, Sum: 0.0]
      [Object Copy (ms): Min: 0.0, Avg: 1.9, Max: 2.3, Diff: 2.3, Sum: 83.4]
      [Termination (ms): Min: 0.0, Avg: 1.2, Max: 1.5, Diff: 1.5, Sum: 50.5]
         [Termination Attempts: Min: 1, Avg: 7.2, Max: 11, Diff: 10, Sum: 309]
      [GC Worker Other (ms): Min: 0.0, Avg: 0.0, Max: 0.1, Diff: 0.1, Sum: 1.2]
      [GC Worker Total (ms): Min: 0.1, Avg: 3.8, Max: 5.3, Diff: 5.3, Sum: 162.8]
      [GC Worker End (ms): Min: 1324578734.6, Avg: 1324578734.6, Max: 1324578734.8, Diff: 0.2]
   [Code Root Fixup: 0.0 ms]
   [Code Root Purge: 0.0 ms]
   [Clear CT: 5.3 ms]
   [Other: 10.4 ms]
      [Choose CSet: 0.0 ms]
      [Ref Proc: 5.0 ms]
      [Ref Enq: 0.0 ms]
      [Redirty Cards: 4.9 ms]
      [Humongous Register: 0.1 ms]
      [Humongous Reclaim: 0.0 ms]
      [Free CSet: 0.1 ms]
   [Eden: 51200.0K(51200.0K)->0.0B(51200.0K) Survivors: 1024.0K->1024.0K Heap: 246.0M(1024.0M)->196.0M(1024.0M)]
 [Times: user=0.25 sys=0.00, real=0.02 secs] 
2023-06-29T01:07:02.085+0000: 1328041.710: [GC pause (G1 Evacuation Pause) (young), 0.0239347 secs]
   [Parallel Time: 8.2 ms, GC Workers: 43]
      [GC Worker Start (ms): Min: 1328041710.8, Avg: 1328041712.1, Max: 1328041713.5, Diff: 2.7]
      [Ext Root Scanning (ms): Min: 0.0, Avg: 1.4, Max: 6.7, Diff: 6.7, Sum: 61.4]
      [Update RS (ms): Min: 0.0, Avg: 0.4, Max: 1.3, Diff: 1.3, Sum: 16.6]
         [Processed Buffers: Min: 0, Avg: 1.5, Max: 5, Diff: 5, Sum: 63]
      [Scan RS (ms): Min: 0.0, Avg: 0.0, Max: 0.0, Diff: 0.0, Sum: 0.5]
      [Code Root Scanning (ms): Min: 0.0, Avg: 0.0, Max: 0.0, Diff: 0.0, Sum: 0.0]
      [Object Copy (ms): Min: 0.0, Avg: 1.9, Max: 2.2, Diff: 2.2, Sum: 81.6]
      [Termination (ms): Min: 0.0, Avg: 1.7, Max: 2.0, Diff: 2.0, Sum: 72.3]
         [Termination Attempts: Min: 1, Avg: 6.3, Max: 10, Diff: 9, Sum: 269]
      [GC Worker Other (ms): Min: 0.0, Avg: 0.0, Max: 0.1, Diff: 0.0, Sum: 1.1]
      [GC Worker Total (ms): Min: 4.1, Avg: 5.4, Max: 6.8, Diff: 2.7, Sum: 233.5]
      [GC Worker End (ms): Min: 1328041717.5, Avg: 1328041717.6, Max: 1328041717.7, Diff: 0.2]
   [Code Root Fixup: 0.0 ms]
   [Code Root Purge: 0.0 ms]
   [Clear CT: 4.8 ms]
   [Other: 10.9 ms]
      [Choose CSet: 0.0 ms]
      [Ref Proc: 5.2 ms]
      [Ref Enq: 0.0 ms]
      [Redirty Cards: 4.8 ms]
      [Humongous Register: 0.3 ms]
      [Humongous Reclaim: 0.0 ms]
      [Free CSet: 0.2 ms]
   [Eden: 51200.0K(51200.0K)->0.0B(51200.0K) Survivors: 1024.0K->1024.0K Heap: 246.0M(1024.0M)->196.0M(1024.0M)]
 [Times: user=0.27 sys=0.01, real=0.02 secs] 
2023-06-29T02:04:55.123+0000: 1331514.749: [GC pause (G1 Evacuation Pause) (young), 0.0227570 secs]
   [Parallel Time: 5.0 ms, GC Workers: 43]
      [GC Worker Start (ms): Min: 1331514751.1, Avg: 1331514753.0, Max: 1331514755.0, Diff: 4.0]
      [Ext Root Scanning (ms): Min: 0.0, Avg: 0.5, Max: 2.2, Diff: 2.1, Sum: 20.6]
      [Update RS (ms): Min: 0.0, Avg: 0.1, Max: 0.4, Diff: 0.4, Sum: 6.1]
         [Processed Buffers: Min: 0, Avg: 1.5, Max: 7, Diff: 7, Sum: 65]
      [Scan RS (ms): Min: 0.0, Avg: 0.0, Max: 0.0, Diff: 0.0, Sum: 0.4]
      [Code Root Scanning (ms): Min: 0.0, Avg: 0.0, Max: 0.0, Diff: 0.0, Sum: 0.0]
      [Object Copy (ms): Min: 0.0, Avg: 1.2, Max: 1.6, Diff: 1.6, Sum: 50.6]
      [Termination (ms): Min: 0.0, Avg: 0.3, Max: 0.5, Diff: 0.5, Sum: 11.3]
         [Termination Attempts: Min: 1, Avg: 4.7, Max: 9, Diff: 8, Sum: 202]
      [GC Worker Other (ms): Min: 0.0, Avg: 0.1, Max: 0.3, Diff: 0.2, Sum: 3.5]
      [GC Worker Total (ms): Min: 0.1, Avg: 2.2, Max: 4.1, Diff: 4.0, Sum: 92.6]
      [GC Worker End (ms): Min: 1331514755.1, Avg: 1331514755.2, Max: 1331514755.4, Diff: 0.2]
   [Code Root Fixup: 0.0 ms]
   [Code Root Purge: 0.0 ms]
   [Clear CT: 5.2 ms]
   [Other: 12.6 ms]
      [Choose CSet: 0.0 ms]
      [Ref Proc: 4.6 ms]
      [Ref Enq: 0.0 ms]
      [Redirty Cards: 5.3 ms]
      [Humongous Register: 1.8 ms]
      [Humongous Reclaim: 0.0 ms]
      [Free CSet: 0.1 ms]
   [Eden: 51200.0K(51200.0K)->0.0B(51200.0K) Survivors: 1024.0K->1024.0K Heap: 246.0M(1024.0M)->196.0M(1024.0M)]
 [Times: user=0.15 sys=0.00, real=0.02 secs] 
2023-06-29T03:02:25.201+0000: 1334964.827: [GC pause (G1 Evacuation Pause) (young), 0.0218481 secs]
   [Parallel Time: 5.9 ms, GC Workers: 43]
      [GC Worker Start (ms): Min: 1334964827.4, Avg: 1334964828.8, Max: 1334964830.0, Diff: 2.6]
      [Ext Root Scanning (ms): Min: 0.0, Avg: 0.5, Max: 1.7, Diff: 1.7, Sum: 22.8]
      [Update RS (ms): Min: 0.0, Avg: 0.1, Max: 0.4, Diff: 0.4, Sum: 5.1]
         [Processed Buffers: Min: 0, Avg: 1.4, Max: 7, Diff: 7, Sum: 61]
      [Scan RS (ms): Min: 0.0, Avg: 0.0, Max: 0.0, Diff: 0.0, Sum: 0.6]
      [Code Root Scanning (ms): Min: 0.0, Avg: 0.0, Max: 0.0, Diff: 0.0, Sum: 0.0]
      [Object Copy (ms): Min: 0.8, Avg: 1.4, Max: 1.7, Diff: 1.0, Sum: 59.8]
      [Termination (ms): Min: 0.0, Avg: 0.2, Max: 0.2, Diff: 0.2, Sum: 6.6]
         [Termination Attempts: Min: 1, Avg: 4.6, Max: 8, Diff: 7, Sum: 196]
      [GC Worker Other (ms): Min: 0.0, Avg: 0.1, Max: 0.3, Diff: 0.3, Sum: 3.9]
      [GC Worker Total (ms): Min: 1.1, Avg: 2.3, Max: 3.9, Diff: 2.8, Sum: 98.8]
      [GC Worker End (ms): Min: 1334964831.0, Avg: 1334964831.1, Max: 1334964831.3, Diff: 0.3]
   [Code Root Fixup: 0.0 ms]
   [Code Root Purge: 0.0 ms]
   [Clear CT: 5.2 ms]
   [Other: 10.8 ms]
      [Choose CSet: 0.0 ms]
      [Ref Proc: 4.8 ms]
      [Ref Enq: 0.0 ms]
      [Redirty Cards: 5.3 ms]
      [Humongous Register: 0.1 ms]
      [Humongous Reclaim: 0.0 ms]
      [Free CSet: 0.1 ms]
   [Eden: 51200.0K(51200.0K)->0.0B(51200.0K) Survivors: 1024.0K->1024.0K Heap: 246.0M(1024.0M)->196.0M(1024.0M)]
 [Times: user=0.15 sys=0.00, real=0.02 secs] 
2023-06-29T03:59:50.618+0000: 1338410.243: [GC pause (G1 Evacuation Pause) (young), 0.0208116 secs]
   [Parallel Time: 6.9 ms, GC Workers: 43]
      [GC Worker Start (ms): Min: 1338410243.5, Avg: 1338410244.9, Max: 1338410246.1, Diff: 2.6]
      [Ext Root Scanning (ms): Min: 0.0, Avg: 0.5, Max: 1.7, Diff: 1.7, Sum: 21.7]
      [Update RS (ms): Min: 0.0, Avg: 0.1, Max: 0.5, Diff: 0.5, Sum: 5.5]
         [Processed Buffers: Min: 0, Avg: 1.5, Max: 7, Diff: 7, Sum: 63]
      [Scan RS (ms): Min: 0.0, Avg: 0.0, Max: 0.0, Diff: 0.0, Sum: 0.5]
      [Code Root Scanning (ms): Min: 0.0, Avg: 0.0, Max: 0.0, Diff: 0.0, Sum: 0.0]
      [Object Copy (ms): Min: 0.9, Avg: 1.4, Max: 1.8, Diff: 0.9, Sum: 60.4]
      [Termination (ms): Min: 0.0, Avg: 0.3, Max: 0.5, Diff: 0.5, Sum: 14.9]
         [Termination Attempts: Min: 2, Avg: 4.2, Max: 7, Diff: 5, Sum: 182]
      [GC Worker Other (ms): Min: 0.0, Avg: 0.1, Max: 0.3, Diff: 0.3, Sum: 2.6]
      [GC Worker Total (ms): Min: 1.3, Avg: 2.5, Max: 3.8, Diff: 2.5, Sum: 105.5]
      [GC Worker End (ms): Min: 1338410247.3, Avg: 1338410247.4, Max: 1338410247.5, Diff: 0.2]
   [Code Root Fixup: 0.0 ms]
   [Code Root Purge: 0.0 ms]
   [Clear CT: 4.6 ms]
   [Other: 9.3 ms]
      [Choose CSet: 0.0 ms]
      [Ref Proc: 4.1 ms]
      [Ref Enq: 0.0 ms]
      [Redirty Cards: 4.7 ms]
      [Humongous Register: 0.1 ms]
      [Humongous Reclaim: 0.0 ms]
      [Free CSet: 0.1 ms]
   [Eden: 51200.0K(51200.0K)->0.0B(51200.0K) Survivors: 1024.0K->1024.0K Heap: 246.0M(1024.0M)->196.0M(1024.0M)]
 [Times: user=0.15 sys=0.00, real=0.02 secs] 
2023-06-29T04:57:31.503+0000: 1341871.129: [GC pause (G1 Evacuation Pause) (young), 0.0234833 secs]
   [Parallel Time: 9.0 ms, GC Workers: 43]
      [GC Worker Start (ms): Min: 1341871128.8, Avg: 1341871130.2, Max: 1341871131.5, Diff: 2.7]
      [Ext Root Scanning (ms): Min: 0.0, Avg: 0.7, Max: 6.2, Diff: 6.2, Sum: 31.4]
      [Update RS (ms): Min: 0.0, Avg: 0.1, Max: 0.5, Diff: 0.5, Sum: 6.2]
         [Processed Buffers: Min: 0, Avg: 1.4, Max: 6, Diff: 6, Sum: 62]
      [Scan RS (ms): Min: 0.0, Avg: 0.0, Max: 0.1, Diff: 0.1, Sum: 0.6]
      [Code Root Scanning (ms): Min: 0.0, Avg: 0.0, Max: 0.0, Diff: 0.0, Sum: 0.0]
      [Object Copy (ms): Min: 0.0, Avg: 2.9, Max: 3.5, Diff: 3.5, Sum: 124.7]
      [Termination (ms): Min: 0.0, Avg: 1.1, Max: 2.0, Diff: 2.0, Sum: 47.8]
         [Termination Attempts: Min: 1, Avg: 17.0, Max: 23, Diff: 22, Sum: 733]
      [GC Worker Other (ms): Min: 0.0, Avg: 0.0, Max: 0.2, Diff: 0.1, Sum: 1.5]
      [GC Worker Total (ms): Min: 3.7, Avg: 4.9, Max: 6.3, Diff: 2.6, Sum: 212.4]
      [GC Worker End (ms): Min: 1341871135.1, Avg: 1341871135.1, Max: 1341871135.3, Diff: 0.2]
   [Code Root Fixup: 0.0 ms]
   [Code Root Purge: 0.0 ms]
   [Clear CT: 4.7 ms]
   [Other: 9.8 ms]
      [Choose CSet: 0.0 ms]
      [Ref Proc: 4.2 ms]
      [Ref Enq: 0.0 ms]
      [Redirty Cards: 4.9 ms]
      [Humongous Register: 0.1 ms]
      [Humongous Reclaim: 0.0 ms]
      [Free CSet: 0.1 ms]
   [Eden: 51200.0K(51200.0K)->0.0B(51200.0K) Survivors: 1024.0K->1024.0K Heap: 246.0M(1024.0M)->196.0M(1024.0M)]
 [Times: user=0.27 sys=0.00, real=0.02 secs] 
2023-06-29T05:55:12.591+0000: 1345332.216: [GC pause (G1 Evacuation Pause) (young), 0.0245164 secs]
   [Parallel Time: 8.6 ms, GC Workers: 43]
      [GC Worker Start (ms): Min: 1345332217.0, Avg: 1345332218.5, Max: 1345332219.8, Diff: 2.8]
      [Ext Root Scanning (ms): Min: 0.0, Avg: 1.1, Max: 2.6, Diff: 2.5, Sum: 45.3]
      [Update RS (ms): Min: 0.0, Avg: 0.3, Max: 0.6, Diff: 0.6, Sum: 11.4]
         [Processed Buffers: Min: 0, Avg: 1.5, Max: 8, Diff: 8, Sum: 63]
      [Scan RS (ms): Min: 0.0, Avg: 0.0, Max: 0.0, Diff: 0.0, Sum: 0.6]
      [Code Root Scanning (ms): Min: 0.0, Avg: 0.0, Max: 0.0, Diff: 0.0, Sum: 0.0]
      [Object Copy (ms): Min: 1.2, Avg: 1.5, Max: 1.8, Diff: 0.6, Sum: 66.2]
      [Termination (ms): Min: 0.1, Avg: 0.2, Max: 0.3, Diff: 0.2, Sum: 8.2]
         [Termination Attempts: Min: 3, Avg: 5.8, Max: 10, Diff: 7, Sum: 250]
      [GC Worker Other (ms): Min: 0.0, Avg: 0.1, Max: 0.5, Diff: 0.5, Sum: 4.8]
      [GC Worker Total (ms): Min: 1.9, Avg: 3.2, Max: 4.7, Diff: 2.9, Sum: 136.5]
      [GC Worker End (ms): Min: 1345332221.6, Avg: 1345332221.7, Max: 1345332221.8, Diff: 0.2]
   [Code Root Fixup: 0.0 ms]
   [Code Root Purge: 0.0 ms]
   [Clear CT: 4.8 ms]
   [Other: 11.1 ms]
      [Choose CSet: 0.0 ms]
      [Ref Proc: 5.3 ms]
      [Ref Enq: 0.0 ms]
      [Redirty Cards: 4.8 ms]
      [Humongous Register: 0.3 ms]
      [Humongous Reclaim: 0.0 ms]
      [Free CSet: 0.2 ms]
   [Eden: 51200.0K(51200.0K)->0.0B(51200.0K) Survivors: 1024.0K->1024.0K Heap: 246.0M(1024.0M)->196.0M(1024.0M)]
 [Times: user=0.19 sys=0.00, real=0.02 secs] 
2023-06-29T06:52:55.450+0000: 1348795.076: [GC pause (G1 Evacuation Pause) (young), 0.0239939 secs]
   [Parallel Time: 5.6 ms, GC Workers: 43]
      [GC Worker Start (ms): Min: 1348795078.1, Avg: 1348795080.0, Max: 1348795082.9, Diff: 4.7]
      [Ext Root Scanning (ms): Min: 0.0, Avg: 0.5, Max: 2.6, Diff: 2.6, Sum: 21.3]
      [Update RS (ms): Min: 0.0, Avg: 0.2, Max: 0.5, Diff: 0.5, Sum: 6.8]
         [Processed Buffers: Min: 0, Avg: 1.5, Max: 10, Diff: 10, Sum: 63]
      [Scan RS (ms): Min: 0.0, Avg: 0.0, Max: 0.0, Diff: 0.0, Sum: 0.4]
      [Code Root Scanning (ms): Min: 0.0, Avg: 0.0, Max: 0.0, Diff: 0.0, Sum: 0.0]
      [Object Copy (ms): Min: 0.0, Avg: 1.1, Max: 1.6, Diff: 1.6, Sum: 46.7]
      [Termination (ms): Min: 0.0, Avg: 1.1, Max: 1.4, Diff: 1.4, Sum: 49.2]
         [Termination Attempts: Min: 1, Avg: 4.2, Max: 8, Diff: 7, Sum: 180]
      [GC Worker Other (ms): Min: 0.0, Avg: 0.0, Max: 0.1, Diff: 0.1, Sum: 1.4]
      [GC Worker Total (ms): Min: 0.0, Avg: 2.9, Max: 4.8, Diff: 4.8, Sum: 125.7]
      [GC Worker End (ms): Min: 1348795082.9, Avg: 1348795082.9, Max: 1348795083.1, Diff: 0.2]
   [Code Root Fixup: 0.0 ms]
   [Code Root Purge: 0.0 ms]
   [Clear CT: 5.2 ms]
   [Other: 13.1 ms]
      [Choose CSet: 0.0 ms]
      [Ref Proc: 5.6 ms]
      [Ref Enq: 0.0 ms]
      [Redirty Cards: 5.1 ms]
      [Humongous Register: 1.8 ms]
      [Humongous Reclaim: 0.0 ms]
      [Free CSet: 0.1 ms]
   [Eden: 51200.0K(51200.0K)->0.0B(51200.0K) Survivors: 1024.0K->1024.0K Heap: 246.0M(1024.0M)->196.0M(1024.0M)]
 [Times: user=0.18 sys=0.00, real=0.02 secs] 
2023-06-29T07:50:42.591+0000: 1352262.216: [GC pause (G1 Evacuation Pause) (young), 0.0207955 secs]
   [Parallel Time: 5.3 ms, GC Workers: 43]
      [GC Worker Start (ms): Min: 1352262216.5, Avg: 1352262218.0, Max: 1352262219.3, Diff: 2.7]
      [Ext Root Scanning (ms): Min: 0.0, Avg: 0.5, Max: 1.8, Diff: 1.8, Sum: 22.2]
      [Update RS (ms): Min: 0.0, Avg: 0.2, Max: 0.4, Diff: 0.4, Sum: 6.7]
         [Processed Buffers: Min: 0, Avg: 1.3, Max: 7, Diff: 7, Sum: 55]
      [Scan RS (ms): Min: 0.0, Avg: 0.0, Max: 0.1, Diff: 0.1, Sum: 0.5]
      [Code Root Scanning (ms): Min: 0.0, Avg: 0.0, Max: 0.0, Diff: 0.0, Sum: 0.0]
      [Object Copy (ms): Min: 0.8, Avg: 1.4, Max: 1.7, Diff: 0.8, Sum: 61.4]
      [Termination (ms): Min: 0.0, Avg: 0.2, Max: 0.3, Diff: 0.3, Sum: 7.8]
         [Termination Attempts: Min: 2, Avg: 4.7, Max: 7, Diff: 5, Sum: 200]
      [GC Worker Other (ms): Min: 0.0, Avg: 0.1, Max: 0.2, Diff: 0.2, Sum: 3.1]
      [GC Worker Total (ms): Min: 1.1, Avg: 2.4, Max: 3.9, Diff: 2.8, Sum: 101.7]
      [GC Worker End (ms): Min: 1352262220.3, Avg: 1352262220.4, Max: 1352262220.5, Diff: 0.2]
   [Code Root Fixup: 0.0 ms]
   [Code Root Purge: 0.0 ms]
   [Clear CT: 5.2 ms]
   [Other: 10.2 ms]
      [Choose CSet: 0.0 ms]
      [Ref Proc: 4.5 ms]
      [Ref Enq: 0.0 ms]
      [Redirty Cards: 5.1 ms]
      [Humongous Register: 0.1 ms]
      [Humongous Reclaim: 0.0 ms]
      [Free CSet: 0.1 ms]
   [Eden: 51200.0K(51200.0K)->0.0B(51200.0K) Survivors: 1024.0K->1024.0K Heap: 246.0M(1024.0M)->196.0M(1024.0M)]
 [Times: user=0.13 sys=0.01, real=0.02 secs] 
2023-06-29T08:48:32.591+0000: 1355732.216: [GC pause (G1 Evacuation Pause) (young), 0.0258232 secs]
   [Parallel Time: 9.2 ms, GC Workers: 43]
      [GC Worker Start (ms): Min: 1355732216.9, Avg: 1355732218.3, Max: 1355732219.4, Diff: 2.5]
      [Ext Root Scanning (ms): Min: 0.0, Avg: 0.5, Max: 1.7, Diff: 1.7, Sum: 22.8]
      [Update RS (ms): Min: 0.0, Avg: 0.1, Max: 0.4, Diff: 0.4, Sum: 5.7]
         [Processed Buffers: Min: 0, Avg: 1.5, Max: 6, Diff: 6, Sum: 64]
      [Scan RS (ms): Min: 0.0, Avg: 0.0, Max: 0.0, Diff: 0.0, Sum: 0.6]
      [Code Root Scanning (ms): Min: 0.0, Avg: 0.0, Max: 0.0, Diff: 0.0, Sum: 0.0]
      [Object Copy (ms): Min: 1.9, Avg: 2.4, Max: 4.2, Diff: 2.3, Sum: 102.3]
      [Termination (ms): Min: 0.0, Avg: 1.8, Max: 2.4, Diff: 2.4, Sum: 78.6]
         [Termination Attempts: Min: 1, Avg: 11.2, Max: 16, Diff: 15, Sum: 481]
      [GC Worker Other (ms): Min: 0.0, Avg: 0.0, Max: 0.2, Diff: 0.2, Sum: 0.9]
      [GC Worker Total (ms): Min: 3.7, Avg: 4.9, Max: 6.3, Diff: 2.5, Sum: 210.9]
      [GC Worker End (ms): Min: 1355732223.1, Avg: 1355732223.2, Max: 1355732223.3, Diff: 0.2]
   [Code Root Fixup: 0.0 ms]
   [Code Root Purge: 0.0 ms]
   [Clear CT: 5.6 ms]
   [Other: 11.0 ms]
      [Choose CSet: 0.0 ms]
      [Ref Proc: 4.8 ms]
      [Ref Enq: 0.0 ms]
      [Redirty Cards: 5.4 ms]
      [Humongous Register: 0.2 ms]
      [Humongous Reclaim: 0.0 ms]
      [Free CSet: 0.1 ms]
   [Eden: 51200.0K(51200.0K)->0.0B(51200.0K) Survivors: 1024.0K->1024.0K Heap: 246.0M(1024.0M)->196.0M(1024.0M)]
 [Times: user=0.26 sys=0.00, real=0.02 secs] 
2023-06-29T09:46:28.001+0000: 1359207.627: [GC pause (G1 Evacuation Pause) (young), 0.0261965 secs]
   [Parallel Time: 9.6 ms, GC Workers: 43]
      [GC Worker Start (ms): Min: 1359207629.1, Avg: 1359207631.1, Max: 1359207633.0, Diff: 3.9]
      [Ext Root Scanning (ms): Min: 0.0, Avg: 1.1, Max: 7.9, Diff: 7.9, Sum: 45.3]
      [Update RS (ms): Min: 0.0, Avg: 0.3, Max: 0.8, Diff: 0.8, Sum: 11.5]
         [Processed Buffers: Min: 0, Avg: 1.4, Max: 7, Diff: 7, Sum: 62]
      [Scan RS (ms): Min: 0.0, Avg: 0.0, Max: 0.0, Diff: 0.0, Sum: 0.4]
      [Code Root Scanning (ms): Min: 0.0, Avg: 0.0, Max: 0.0, Diff: 0.0, Sum: 0.0]
      [Object Copy (ms): Min: 0.0, Avg: 1.9, Max: 2.2, Diff: 2.2, Sum: 79.8]
      [Termination (ms): Min: 0.0, Avg: 2.9, Max: 3.2, Diff: 3.2, Sum: 123.6]
         [Termination Attempts: Min: 1, Avg: 5.8, Max: 9, Diff: 8, Sum: 250]
      [GC Worker Other (ms): Min: 0.0, Avg: 0.0, Max: 0.2, Diff: 0.1, Sum: 1.8]
      [GC Worker Total (ms): Min: 4.2, Avg: 6.1, Max: 8.0, Diff: 3.7, Sum: 262.4]
      [GC Worker End (ms): Min: 1359207637.1, Avg: 1359207637.2, Max: 1359207637.3, Diff: 0.2]
   [Code Root Fixup: 0.0 ms]
   [Code Root Purge: 0.0 ms]
   [Clear CT: 4.7 ms]
   [Other: 11.9 ms]
      [Choose CSet: 0.0 ms]
      [Ref Proc: 3.6 ms]
      [Ref Enq: 0.0 ms]
      [Redirty Cards: 5.3 ms]
      [Humongous Register: 2.0 ms]
      [Humongous Reclaim: 0.0 ms]
      [Free CSet: 0.2 ms]
   [Eden: 51200.0K(51200.0K)->0.0B(51200.0K) Survivors: 1024.0K->1024.0K Heap: 246.0M(1024.0M)->196.0M(1024.0M)]
 [Times: user=0.31 sys=0.00, real=0.02 secs] 
2023-06-29T10:44:07.382+0000: 1362667.008: [GC pause (G1 Evacuation Pause) (young), 0.0229754 secs]
   [Parallel Time: 6.3 ms, GC Workers: 43]
      [GC Worker Start (ms): Min: 1362667008.0, Avg: 1362667009.5, Max: 1362667010.7, Diff: 2.7]
      [Ext Root Scanning (ms): Min: 0.0, Avg: 0.5, Max: 1.7, Diff: 1.7, Sum: 20.7]
      [Update RS (ms): Min: 0.0, Avg: 0.1, Max: 0.5, Diff: 0.5, Sum: 5.1]
         [Processed Buffers: Min: 0, Avg: 1.4, Max: 6, Diff: 6, Sum: 62]
      [Scan RS (ms): Min: 0.0, Avg: 0.0, Max: 0.0, Diff: 0.0, Sum: 0.5]
      [Code Root Scanning (ms): Min: 0.0, Avg: 0.0, Max: 0.0, Diff: 0.0, Sum: 0.0]
      [Object Copy (ms): Min: 1.0, Avg: 1.7, Max: 2.0, Diff: 1.0, Sum: 73.1]
      [Termination (ms): Min: 0.1, Avg: 0.2, Max: 0.4, Diff: 0.3, Sum: 9.1]
         [Termination Attempts: Min: 2, Avg: 5.2, Max: 8, Diff: 6, Sum: 225]
      [GC Worker Other (ms): Min: 0.0, Avg: 0.1, Max: 0.2, Diff: 0.2, Sum: 2.4]
      [GC Worker Total (ms): Min: 1.3, Avg: 2.6, Max: 4.0, Diff: 2.7, Sum: 110.9]
      [GC Worker End (ms): Min: 1362667012.0, Avg: 1362667012.0, Max: 1362667012.2, Diff: 0.2]
   [Code Root Fixup: 0.0 ms]
   [Code Root Purge: 0.0 ms]
   [Clear CT: 6.0 ms]
   [Other: 10.6 ms]
      [Choose CSet: 0.0 ms]
      [Ref Proc: 4.7 ms]
      [Ref Enq: 0.0 ms]
      [Redirty Cards: 5.2 ms]
      [Humongous Register: 0.1 ms]
      [Humongous Reclaim: 0.0 ms]
      [Free CSet: 0.1 ms]
   [Eden: 51200.0K(51200.0K)->0.0B(51200.0K) Survivors: 1024.0K->1024.0K Heap: 246.0M(1024.0M)->196.0M(1024.0M)]
 [Times: user=0.16 sys=0.00, real=0.02 secs] 
2023-06-29T11:41:59.907+0000: 1366139.532: [GC pause (G1 Evacuation Pause) (young), 0.0229678 secs]
   [Parallel Time: 7.8 ms, GC Workers: 43]
      [GC Worker Start (ms): Min: 1366139532.9, Avg: 1366139534.3, Max: 1366139535.6, Diff: 2.7]
      [Ext Root Scanning (ms): Min: 0.0, Avg: 0.5, Max: 1.8, Diff: 1.7, Sum: 23.5]
      [Update RS (ms): Min: 0.0, Avg: 0.1, Max: 0.5, Diff: 0.5, Sum: 5.9]
         [Processed Buffers: Min: 0, Avg: 1.4, Max: 6, Diff: 6, Sum: 62]
      [Scan RS (ms): Min: 0.0, Avg: 0.0, Max: 0.0, Diff: 0.0, Sum: 0.4]
      [Code Root Scanning (ms): Min: 0.0, Avg: 0.0, Max: 0.0, Diff: 0.0, Sum: 0.0]
      [Object Copy (ms): Min: 2.3, Avg: 3.3, Max: 3.8, Diff: 1.4, Sum: 140.7]
      [Termination (ms): Min: 0.5, Avg: 0.9, Max: 2.1, Diff: 1.6, Sum: 38.4]
         [Termination Attempts: Min: 9, Avg: 14.2, Max: 19, Diff: 10, Sum: 609]
      [GC Worker Other (ms): Min: 0.0, Avg: 0.1, Max: 0.3, Diff: 0.2, Sum: 3.1]
      [GC Worker Total (ms): Min: 3.7, Avg: 4.9, Max: 6.4, Diff: 2.7, Sum: 212.0]
      [GC Worker End (ms): Min: 1366139539.2, Avg: 1366139539.3, Max: 1366139539.4, Diff: 0.2]
   [Code Root Fixup: 0.0 ms]
   [Code Root Purge: 0.0 ms]
   [Clear CT: 5.3 ms]
   [Other: 9.9 ms]
      [Choose CSet: 0.0 ms]
      [Ref Proc: 4.1 ms]
      [Ref Enq: 0.0 ms]
      [Redirty Cards: 5.0 ms]
      [Humongous Register: 0.2 ms]
      [Humongous Reclaim: 0.0 ms]
      [Free CSet: 0.1 ms]
   [Eden: 51200.0K(51200.0K)->0.0B(51200.0K) Survivors: 1024.0K->1024.0K Heap: 246.0M(1024.0M)->196.0M(1024.0M)]
 [Times: user=0.26 sys=0.00, real=0.03 secs] 
2023-06-29T12:39:42.591+0000: 1369602.217: [GC pause (G1 Evacuation Pause) (young), 0.0242687 secs]
   [Parallel Time: 7.8 ms, GC Workers: 43]
      [GC Worker Start (ms): Min: 1369602217.0, Avg: 1369602218.4, Max: 1369602219.7, Diff: 2.7]
      [Ext Root Scanning (ms): Min: 0.0, Avg: 0.8, Max: 6.4, Diff: 6.4, Sum: 32.5]
      [Update RS (ms): Min: 0.0, Avg: 0.1, Max: 0.5, Diff: 0.5, Sum: 5.5]
         [Processed Buffers: Min: 0, Avg: 1.3, Max: 5, Diff: 5, Sum: 58]
      [Scan RS (ms): Min: 0.0, Avg: 0.0, Max: 0.0, Diff: 0.0, Sum: 0.4]
      [Code Root Scanning (ms): Min: 0.0, Avg: 0.0, Max: 0.0, Diff: 0.0, Sum: 0.0]
      [Object Copy (ms): Min: 0.0, Avg: 1.8, Max: 2.1, Diff: 2.1, Sum: 76.8]
      [Termination (ms): Min: 0.0, Avg: 2.4, Max: 2.6, Diff: 2.6, Sum: 103.0]
         [Termination Attempts: Min: 1, Avg: 4.9, Max: 8, Diff: 7, Sum: 210]
      [GC Worker Other (ms): Min: 0.0, Avg: 0.0, Max: 0.1, Diff: 0.0, Sum: 0.8]
      [GC Worker Total (ms): Min: 3.8, Avg: 5.1, Max: 6.4, Diff: 2.6, Sum: 219.0]
      [GC Worker End (ms): Min: 1369602223.4, Avg: 1369602223.5, Max: 1369602223.6, Diff: 0.2]
   [Code Root Fixup: 0.0 ms]
   [Code Root Purge: 0.0 ms]
   [Clear CT: 6.0 ms]
   [Other: 10.4 ms]
      [Choose CSet: 0.0 ms]
      [Ref Proc: 4.5 ms]
      [Ref Enq: 0.0 ms]
      [Redirty Cards: 5.2 ms]
      [Humongous Register: 0.1 ms]
      [Humongous Reclaim: 0.0 ms]
      [Free CSet: 0.2 ms]
   [Eden: 51200.0K(51200.0K)->0.0B(51200.0K) Survivors: 1024.0K->1024.0K Heap: 246.0M(1024.0M)->196.0M(1024.0M)]
 [Times: user=0.27 sys=0.00, real=0.02 secs] 
2023-06-29T13:37:31.544+0000: 1373071.170: [GC pause (G1 Evacuation Pause) (young), 0.0204013 secs]
   [Parallel Time: 5.3 ms, GC Workers: 43]
      [GC Worker Start (ms): Min: 1373071169.8, Avg: 1373071171.3, Max: 1373071172.5, Diff: 2.6]
      [Ext Root Scanning (ms): Min: 0.0, Avg: 0.5, Max: 1.7, Diff: 1.7, Sum: 21.7]
      [Update RS (ms): Min: 0.0, Avg: 0.1, Max: 0.5, Diff: 0.5, Sum: 5.4]
         [Processed Buffers: Min: 0, Avg: 1.5, Max: 7, Diff: 7, Sum: 64]
      [Scan RS (ms): Min: 0.0, Avg: 0.0, Max: 0.0, Diff: 0.0, Sum: 0.5]
      [Code Root Scanning (ms): Min: 0.0, Avg: 0.0, Max: 0.0, Diff: 0.0, Sum: 0.0]
      [Object Copy (ms): Min: 0.7, Avg: 1.3, Max: 1.7, Diff: 0.9, Sum: 57.9]
      [Termination (ms): Min: 0.0, Avg: 0.1, Max: 0.3, Diff: 0.2, Sum: 6.3]
         [Termination Attempts: Min: 1, Avg: 3.7, Max: 6, Diff: 5, Sum: 158]
      [GC Worker Other (ms): Min: 0.0, Avg: 0.1, Max: 0.3, Diff: 0.3, Sum: 4.4]
      [GC Worker Total (ms): Min: 1.0, Avg: 2.2, Max: 3.6, Diff: 2.6, Sum: 96.2]
      [GC Worker End (ms): Min: 1373071173.4, Avg: 1373071173.5, Max: 1373071173.7, Diff: 0.3]
   [Code Root Fixup: 0.0 ms]
   [Code Root Purge: 0.0 ms]
   [Clear CT: 5.4 ms]
   [Other: 9.8 ms]
      [Choose CSet: 0.0 ms]
      [Ref Proc: 3.8 ms]
      [Ref Enq: 0.0 ms]
      [Redirty Cards: 5.3 ms]
      [Humongous Register: 0.1 ms]
      [Humongous Reclaim: 0.0 ms]
      [Free CSet: 0.1 ms]
   [Eden: 51200.0K(51200.0K)->0.0B(51200.0K) Survivors: 1024.0K->1024.0K Heap: 246.0M(1024.0M)->196.0M(1024.0M)]
 [Times: user=0.10 sys=0.04, real=0.02 secs] 
2023-06-29T14:35:07.591+0000: 1376527.217: [GC pause (G1 Evacuation Pause) (young), 0.0324325 secs]
   [Parallel Time: 9.4 ms, GC Workers: 43]
      [GC Worker Start (ms): Min: 1376527219.4, Avg: 1376527221.6, Max: 1376527225.6, Diff: 6.2]
      [Ext Root Scanning (ms): Min: 0.0, Avg: 0.8, Max: 5.6, Diff: 5.6, Sum: 34.4]
      [Update RS (ms): Min: 0.0, Avg: 0.2, Max: 0.5, Diff: 0.5, Sum: 8.6]
         [Processed Buffers: Min: 0, Avg: 1.4, Max: 7, Diff: 7, Sum: 62]
      [Scan RS (ms): Min: 0.0, Avg: 0.0, Max: 0.0, Diff: 0.0, Sum: 0.4]
      [Code Root Scanning (ms): Min: 0.0, Avg: 0.0, Max: 0.0, Diff: 0.0, Sum: 0.0]
      [Object Copy (ms): Min: 0.0, Avg: 1.3, Max: 1.7, Diff: 1.7, Sum: 57.1]
      [Termination (ms): Min: 0.0, Avg: 1.7, Max: 2.0, Diff: 2.0, Sum: 74.0]
         [Termination Attempts: Min: 1, Avg: 4.6, Max: 8, Diff: 7, Sum: 197]
      [GC Worker Other (ms): Min: 0.0, Avg: 0.1, Max: 0.3, Diff: 0.3, Sum: 3.0]
      [GC Worker Total (ms): Min: 0.0, Avg: 4.1, Max: 6.3, Diff: 6.3, Sum: 177.6]
      [GC Worker End (ms): Min: 1376527225.6, Avg: 1376527225.7, Max: 1376527225.8, Diff: 0.2]
   [Code Root Fixup: 0.0 ms]
   [Code Root Purge: 0.0 ms]
   [Clear CT: 5.6 ms]
   [Other: 17.5 ms]
      [Choose CSet: 0.0 ms]
      [Ref Proc: 8.5 ms]
      [Ref Enq: 0.0 ms]
      [Redirty Cards: 5.5 ms]
      [Humongous Register: 2.1 ms]
      [Humongous Reclaim: 0.0 ms]
      [Free CSet: 0.4 ms]
   [Eden: 51200.0K(51200.0K)->0.0B(51200.0K) Survivors: 1024.0K->1024.0K Heap: 246.0M(1024.0M)->196.0M(1024.0M)]
 [Times: user=0.39 sys=0.00, real=0.03 secs] 
2023-06-29T15:32:55.996+0000: 1379995.622: [GC pause (G1 Evacuation Pause) (young), 0.0238434 secs]
   [Parallel Time: 7.8 ms, GC Workers: 43]
      [GC Worker Start (ms): Min: 1379995621.8, Avg: 1379995623.3, Max: 1379995626.6, Diff: 4.8]
      [Ext Root Scanning (ms): Min: 0.0, Avg: 0.5, Max: 1.9, Diff: 1.9, Sum: 22.3]
      [Update RS (ms): Min: 0.0, Avg: 0.1, Max: 0.7, Diff: 0.7, Sum: 5.2]
         [Processed Buffers: Min: 0, Avg: 1.4, Max: 7, Diff: 7, Sum: 61]
      [Scan RS (ms): Min: 0.0, Avg: 0.0, Max: 0.1, Diff: 0.1, Sum: 0.6]
      [Code Root Scanning (ms): Min: 0.0, Avg: 0.0, Max: 0.0, Diff: 0.0, Sum: 0.0]
      [Object Copy (ms): Min: 1.0, Avg: 3.1, Max: 4.0, Diff: 3.0, Sum: 134.8]
      [Termination (ms): Min: 0.3, Avg: 0.9, Max: 1.8, Diff: 1.5, Sum: 40.5]
         [Termination Attempts: Min: 4, Avg: 14.2, Max: 20, Diff: 16, Sum: 609]
      [GC Worker Other (ms): Min: 0.0, Avg: 0.1, Max: 0.3, Diff: 0.3, Sum: 3.2]
      [GC Worker Total (ms): Min: 1.5, Avg: 4.8, Max: 6.2, Diff: 4.7, Sum: 206.7]
      [GC Worker End (ms): Min: 1379995628.0, Avg: 1379995628.1, Max: 1379995628.3, Diff: 0.2]
   [Code Root Fixup: 0.0 ms]
   [Code Root Purge: 0.0 ms]
   [Clear CT: 5.6 ms]
   [Other: 10.5 ms]
      [Choose CSet: 0.0 ms]
      [Ref Proc: 4.7 ms]
      [Ref Enq: 0.0 ms]
      [Redirty Cards: 5.1 ms]
      [Humongous Register: 0.1 ms]
      [Humongous Reclaim: 0.0 ms]
      [Free CSet: 0.1 ms]
   [Eden: 51200.0K(51200.0K)->0.0B(51200.0K) Survivors: 1024.0K->1024.0K Heap: 246.0M(1024.0M)->196.0M(1024.0M)]
 [Times: user=0.26 sys=0.00, real=0.02 secs] 
2023-06-29T16:30:48.754+0000: 1383468.379: [GC pause (G1 Evacuation Pause) (young), 0.0202707 secs]
   [Parallel Time: 5.5 ms, GC Workers: 43]
      [GC Worker Start (ms): Min: 1383468379.7, Avg: 1383468381.1, Max: 1383468382.3, Diff: 2.6]
      [Ext Root Scanning (ms): Min: 0.0, Avg: 0.4, Max: 1.5, Diff: 1.5, Sum: 18.8]
      [Update RS (ms): Min: 0.0, Avg: 0.1, Max: 0.4, Diff: 0.4, Sum: 4.7]
         [Processed Buffers: Min: 0, Avg: 1.4, Max: 6, Diff: 6, Sum: 60]
      [Scan RS (ms): Min: 0.0, Avg: 0.0, Max: 0.0, Diff: 0.0, Sum: 0.5]
      [Code Root Scanning (ms): Min: 0.0, Avg: 0.0, Max: 0.0, Diff: 0.0, Sum: 0.0]
      [Object Copy (ms): Min: 1.0, Avg: 1.7, Max: 2.1, Diff: 1.1, Sum: 72.9]
      [Termination (ms): Min: 0.1, Avg: 0.2, Max: 0.4, Diff: 0.3, Sum: 9.9]
         [Termination Attempts: Min: 2, Avg: 6.0, Max: 10, Diff: 8, Sum: 259]
      [GC Worker Other (ms): Min: 0.0, Avg: 0.1, Max: 0.3, Diff: 0.3, Sum: 4.6]
      [GC Worker Total (ms): Min: 1.3, Avg: 2.6, Max: 4.1, Diff: 2.8, Sum: 111.3]
      [GC Worker End (ms): Min: 1383468383.6, Avg: 1383468383.7, Max: 1383468383.9, Diff: 0.3]
   [Code Root Fixup: 0.0 ms]
   [Code Root Purge: 0.0 ms]
   [Clear CT: 4.7 ms]
   [Other: 10.1 ms]
      [Choose CSet: 0.0 ms]
      [Ref Proc: 4.5 ms]
      [Ref Enq: 0.0 ms]
      [Redirty Cards: 4.9 ms]
      [Humongous Register: 0.1 ms]
      [Humongous Reclaim: 0.0 ms]
      [Free CSet: 0.1 ms]
   [Eden: 51200.0K(51200.0K)->0.0B(51200.0K) Survivors: 1024.0K->1024.0K Heap: 246.0M(1024.0M)->196.0M(1024.0M)]
 [Times: user=0.16 sys=0.00, real=0.02 secs] 
2023-06-29T17:28:32.591+0000: 1386932.217: [GC pause (G1 Evacuation Pause) (young), 0.0254718 secs]
   [Parallel Time: 9.0 ms, GC Workers: 43]
      [GC Worker Start (ms): Min: 1386932216.8, Avg: 1386932218.3, Max: 1386932219.6, Diff: 2.8]
      [Ext Root Scanning (ms): Min: 0.0, Avg: 0.8, Max: 8.2, Diff: 8.2, Sum: 33.0]
      [Update RS (ms): Min: 0.0, Avg: 0.1, Max: 0.6, Diff: 0.6, Sum: 6.2]
         [Processed Buffers: Min: 0, Avg: 1.4, Max: 5, Diff: 5, Sum: 61]
      [Scan RS (ms): Min: 0.0, Avg: 0.0, Max: 0.0, Diff: 0.0, Sum: 0.4]
      [Code Root Scanning (ms): Min: 0.0, Avg: 0.0, Max: 0.0, Diff: 0.0, Sum: 0.0]
      [Object Copy (ms): Min: 0.0, Avg: 1.6, Max: 2.0, Diff: 2.0, Sum: 69.8]
      [Termination (ms): Min: 0.0, Avg: 4.3, Max: 4.6, Diff: 4.6, Sum: 185.9]
         [Termination Attempts: Min: 1, Avg: 4.2, Max: 7, Diff: 6, Sum: 179]
      [GC Worker Other (ms): Min: 0.0, Avg: 0.0, Max: 0.2, Diff: 0.2, Sum: 1.4]
      [GC Worker Total (ms): Min: 5.6, Avg: 6.9, Max: 8.2, Diff: 2.6, Sum: 296.7]
      [GC Worker End (ms): Min: 1386932225.1, Avg: 1386932225.2, Max: 1386932225.3, Diff: 0.2]
   [Code Root Fixup: 0.0 ms]
   [Code Root Purge: 0.0 ms]
   [Clear CT: 5.7 ms]
   [Other: 10.8 ms]
      [Choose CSet: 0.0 ms]
      [Ref Proc: 4.7 ms]
      [Ref Enq: 0.0 ms]
      [Redirty Cards: 5.6 ms]
      [Humongous Register: 0.1 ms]
      [Humongous Reclaim: 0.0 ms]
      [Free CSet: 0.1 ms]
   [Eden: 51200.0K(51200.0K)->0.0B(51200.0K) Survivors: 1024.0K->1024.0K Heap: 246.0M(1024.0M)->196.0M(1024.0M)]
 [Times: user=0.35 sys=0.00, real=0.02 secs] 
2023-06-29T18:26:15.369+0000: 1390394.995: [GC pause (G1 Evacuation Pause) (young), 0.0214548 secs]
   [Parallel Time: 5.7 ms, GC Workers: 43]
      [GC Worker Start (ms): Min: 1390394995.2, Avg: 1390394996.7, Max: 1390394997.9, Diff: 2.6]
      [Ext Root Scanning (ms): Min: 0.0, Avg: 1.3, Max: 2.7, Diff: 2.7, Sum: 53.8]
      [Update RS (ms): Min: 0.1, Avg: 0.2, Max: 0.6, Diff: 0.5, Sum: 10.6]
         [Processed Buffers: Min: 0, Avg: 1.4, Max: 4, Diff: 4, Sum: 61]
      [Scan RS (ms): Min: 0.0, Avg: 0.0, Max: 0.0, Diff: 0.0, Sum: 0.4]
      [Code Root Scanning (ms): Min: 0.0, Avg: 0.0, Max: 0.0, Diff: 0.0, Sum: 0.0]
      [Object Copy (ms): Min: 1.4, Avg: 1.8, Max: 2.1, Diff: 0.7, Sum: 77.8]
      [Termination (ms): Min: 0.0, Avg: 0.2, Max: 0.4, Diff: 0.4, Sum: 9.2]
         [Termination Attempts: Min: 3, Avg: 5.0, Max: 8, Diff: 5, Sum: 216]
      [GC Worker Other (ms): Min: 0.0, Avg: 0.2, Max: 0.9, Diff: 0.9, Sum: 8.6]
      [GC Worker Total (ms): Min: 2.4, Avg: 3.7, Max: 5.3, Diff: 2.9, Sum: 160.4]
      [GC Worker End (ms): Min: 1390395000.2, Avg: 1390395000.4, Max: 1390395000.7, Diff: 0.4]
   [Code Root Fixup: 0.0 ms]
   [Code Root Purge: 0.0 ms]
   [Clear CT: 5.3 ms]
   [Other: 10.5 ms]
      [Choose CSet: 0.0 ms]
      [Ref Proc: 3.8 ms]
      [Ref Enq: 0.0 ms]
      [Redirty Cards: 5.6 ms]
      [Humongous Register: 0.3 ms]
      [Humongous Reclaim: 0.0 ms]
      [Free CSet: 0.2 ms]
   [Eden: 51200.0K(51200.0K)->0.0B(51200.0K) Survivors: 1024.0K->1024.0K Heap: 246.0M(1024.0M)->196.0M(1024.0M)]
 [Times: user=0.20 sys=0.00, real=0.02 secs] 
2023-06-29T19:23:58.181+0000: 1393857.807: [GC pause (G1 Evacuation Pause) (young), 0.0240578 secs]
   [Parallel Time: 6.7 ms, GC Workers: 43]
      [GC Worker Start (ms): Min: 1393857809.3, Avg: 1393857811.5, Max: 1393857814.2, Diff: 4.9]
      [Ext Root Scanning (ms): Min: 0.0, Avg: 0.5, Max: 2.9, Diff: 2.8, Sum: 20.6]
      [Update RS (ms): Min: 0.0, Avg: 0.1, Max: 0.6, Diff: 0.6, Sum: 4.6]
         [Processed Buffers: Min: 0, Avg: 1.5, Max: 9, Diff: 9, Sum: 63]
      [Scan RS (ms): Min: 0.0, Avg: 0.0, Max: 0.0, Diff: 0.0, Sum: 0.5]
      [Code Root Scanning (ms): Min: 0.0, Avg: 0.0, Max: 0.0, Diff: 0.0, Sum: 0.0]
      [Object Copy (ms): Min: 0.0, Avg: 1.2, Max: 1.7, Diff: 1.7, Sum: 51.8]
      [Termination (ms): Min: 0.0, Avg: 1.0, Max: 1.3, Diff: 1.3, Sum: 41.7]
         [Termination Attempts: Min: 1, Avg: 4.5, Max: 9, Diff: 8, Sum: 192]
      [GC Worker Other (ms): Min: 0.0, Avg: 0.1, Max: 0.4, Diff: 0.3, Sum: 4.8]
      [GC Worker Total (ms): Min: 0.0, Avg: 2.9, Max: 5.2, Diff: 5.2, Sum: 124.1]
      [GC Worker End (ms): Min: 1393857814.3, Avg: 1393857814.4, Max: 1393857814.6, Diff: 0.3]
   [Code Root Fixup: 0.0 ms]
   [Code Root Purge: 0.0 ms]
   [Clear CT: 4.7 ms]
   [Other: 12.7 ms]
      [Choose CSet: 0.0 ms]
      [Ref Proc: 5.5 ms]
      [Ref Enq: 0.0 ms]
      [Redirty Cards: 4.6 ms]
      [Humongous Register: 1.8 ms]
      [Humongous Reclaim: 0.0 ms]
      [Free CSet: 0.1 ms]
   [Eden: 51200.0K(51200.0K)->0.0B(51200.0K) Survivors: 1024.0K->1024.0K Heap: 246.0M(1024.0M)->196.0M(1024.0M)]
 [Times: user=0.23 sys=0.00, real=0.02 secs] 
2023-06-29T20:21:47.591+0000: 1397327.216: [GC pause (G1 Evacuation Pause) (young), 0.0226871 secs]
   [Parallel Time: 6.7 ms, GC Workers: 43]
      [GC Worker Start (ms): Min: 1397327216.6, Avg: 1397327218.2, Max: 1397327222.7, Diff: 6.1]
      [Ext Root Scanning (ms): Min: 0.0, Avg: 0.5, Max: 1.9, Diff: 1.9, Sum: 22.8]
      [Update RS (ms): Min: 0.0, Avg: 0.2, Max: 0.4, Diff: 0.4, Sum: 7.6]
         [Processed Buffers: Min: 0, Avg: 1.5, Max: 8, Diff: 8, Sum: 66]
      [Scan RS (ms): Min: 0.0, Avg: 0.0, Max: 0.0, Diff: 0.0, Sum: 0.5]
      [Code Root Scanning (ms): Min: 0.0, Avg: 0.0, Max: 0.0, Diff: 0.0, Sum: 0.0]
      [Object Copy (ms): Min: 0.0, Avg: 2.5, Max: 3.0, Diff: 3.0, Sum: 109.1]
      [Termination (ms): Min: 0.0, Avg: 1.3, Max: 1.9, Diff: 1.9, Sum: 57.7]
         [Termination Attempts: Min: 1, Avg: 11.3, Max: 16, Diff: 15, Sum: 485]
      [GC Worker Other (ms): Min: 0.0, Avg: 0.0, Max: 0.1, Diff: 0.1, Sum: 0.9]
      [GC Worker Total (ms): Min: 0.0, Avg: 4.6, Max: 6.2, Diff: 6.2, Sum: 198.6]
      [GC Worker End (ms): Min: 1397327222.7, Avg: 1397327222.8, Max: 1397327222.9, Diff: 0.2]
   [Code Root Fixup: 0.0 ms]
   [Code Root Purge: 0.0 ms]
   [Clear CT: 5.1 ms]
   [Other: 10.8 ms]
      [Choose CSet: 0.0 ms]
      [Ref Proc: 5.5 ms]
      [Ref Enq: 0.0 ms]
      [Redirty Cards: 4.8 ms]
      [Humongous Register: 0.1 ms]
      [Humongous Reclaim: 0.0 ms]
      [Free CSet: 0.1 ms]
   [Eden: 51200.0K(51200.0K)->0.0B(51200.0K) Survivors: 1024.0K->1024.0K Heap: 246.0M(1024.0M)->196.0M(1024.0M)]
 [Times: user=0.33 sys=0.00, real=0.02 secs] 
2023-06-29T21:19:32.591+0000: 1400792.217: [GC pause (G1 Evacuation Pause) (young), 0.0264336 secs]
   [Parallel Time: 8.0 ms, GC Workers: 43]
      [GC Worker Start (ms): Min: 1400792216.8, Avg: 1400792218.3, Max: 1400792222.6, Diff: 5.7]
      [Ext Root Scanning (ms): Min: 0.0, Avg: 0.7, Max: 5.9, Diff: 5.9, Sum: 28.7]
      [Update RS (ms): Min: 0.0, Avg: 0.1, Max: 0.5, Diff: 0.5, Sum: 4.7]
         [Processed Buffers: Min: 0, Avg: 1.4, Max: 4, Diff: 4, Sum: 60]
      [Scan RS (ms): Min: 0.0, Avg: 0.0, Max: 0.1, Diff: 0.0, Sum: 0.7]
      [Code Root Scanning (ms): Min: 0.0, Avg: 0.0, Max: 0.0, Diff: 0.0, Sum: 0.0]
      [Object Copy (ms): Min: 0.0, Avg: 1.7, Max: 2.1, Diff: 2.1, Sum: 73.5]
      [Termination (ms): Min: 0.0, Avg: 2.0, Max: 2.2, Diff: 2.2, Sum: 86.4]
         [Termination Attempts: Min: 1, Avg: 5.7, Max: 10, Diff: 9, Sum: 244]
      [GC Worker Other (ms): Min: 0.0, Avg: 0.0, Max: 0.2, Diff: 0.2, Sum: 1.5]
      [GC Worker Total (ms): Min: 0.3, Avg: 4.5, Max: 6.0, Diff: 5.8, Sum: 195.6]
      [GC Worker End (ms): Min: 1400792222.8, Avg: 1400792222.9, Max: 1400792223.0, Diff: 0.2]
   [Code Root Fixup: 0.0 ms]
   [Code Root Purge: 0.0 ms]
   [Clear CT: 5.3 ms]
   [Other: 13.2 ms]
      [Choose CSet: 0.0 ms]
      [Ref Proc: 7.4 ms]
      [Ref Enq: 0.0 ms]
      [Redirty Cards: 5.2 ms]
      [Humongous Register: 0.1 ms]
      [Humongous Reclaim: 0.0 ms]
      [Free CSet: 0.2 ms]
   [Eden: 51200.0K(51200.0K)->0.0B(51200.0K) Survivors: 1024.0K->1024.0K Heap: 246.0M(1024.0M)->196.0M(1024.0M)]
 [Times: user=0.29 sys=0.00, real=0.02 secs] 
2023-06-29T22:17:26.415+0000: 1404266.041: [GC pause (G1 Evacuation Pause) (young), 0.0275294 secs]
   [Parallel Time: 11.6 ms, GC Workers: 43]
      [GC Worker Start (ms): Min: 1404266041.4, Avg: 1404266042.7, Max: 1404266043.8, Diff: 2.4]
      [Ext Root Scanning (ms): Min: 0.0, Avg: 0.9, Max: 2.2, Diff: 2.2, Sum: 37.9]
      [Update RS (ms): Min: 0.0, Avg: 0.4, Max: 3.0, Diff: 3.0, Sum: 15.8]
         [Processed Buffers: Min: 0, Avg: 1.4, Max: 6, Diff: 6, Sum: 60]
      [Scan RS (ms): Min: 0.0, Avg: 0.0, Max: 0.0, Diff: 0.0, Sum: 0.6]
      [Code Root Scanning (ms): Min: 0.0, Avg: 0.0, Max: 0.0, Diff: 0.0, Sum: 0.0]
      [Object Copy (ms): Min: 0.0, Avg: 1.7, Max: 2.0, Diff: 2.0, Sum: 74.1]
      [Termination (ms): Min: 0.0, Avg: 0.9, Max: 1.2, Diff: 1.2, Sum: 40.8]
         [Termination Attempts: Min: 1, Avg: 5.3, Max: 9, Diff: 8, Sum: 227]
      [GC Worker Other (ms): Min: 0.0, Avg: 0.0, Max: 0.1, Diff: 0.1, Sum: 1.2]
      [GC Worker Total (ms): Min: 2.9, Avg: 4.0, Max: 5.2, Diff: 2.4, Sum: 170.4]
      [GC Worker End (ms): Min: 1404266046.6, Avg: 1404266046.7, Max: 1404266046.7, Diff: 0.1]
   [Code Root Fixup: 0.0 ms]
   [Code Root Purge: 0.0 ms]
   [Clear CT: 5.0 ms]
   [Other: 11.0 ms]
      [Choose CSet: 0.0 ms]
      [Ref Proc: 4.8 ms]
      [Ref Enq: 0.0 ms]
      [Redirty Cards: 5.2 ms]
      [Humongous Register: 0.3 ms]
      [Humongous Reclaim: 0.0 ms]
      [Free CSet: 0.2 ms]
   [Eden: 51200.0K(51200.0K)->0.0B(51200.0K) Survivors: 1024.0K->1024.0K Heap: 246.0M(1024.0M)->196.0M(1024.0M)]
 [Times: user=0.21 sys=0.00, real=0.03 secs] 
2023-06-29T23:15:03.280+0000: 1407722.906: [GC pause (G1 Evacuation Pause) (young), 0.0262972 secs]
   [Parallel Time: 7.1 ms, GC Workers: 43]
      [GC Worker Start (ms): Min: 1407722908.1, Avg: 1407722910.1, Max: 1407722912.7, Diff: 4.6]
      [Ext Root Scanning (ms): Min: 0.0, Avg: 0.4, Max: 3.8, Diff: 3.8, Sum: 18.9]
      [Update RS (ms): Min: 0.0, Avg: 0.1, Max: 0.5, Diff: 0.5, Sum: 3.4]
         [Processed Buffers: Min: 0, Avg: 1.5, Max: 8, Diff: 8, Sum: 64]
      [Scan RS (ms): Min: 0.0, Avg: 0.0, Max: 0.0, Diff: 0.0, Sum: 0.4]
      [Code Root Scanning (ms): Min: 0.0, Avg: 0.0, Max: 0.0, Diff: 0.0, Sum: 0.0]
      [Object Copy (ms): Min: 0.0, Avg: 1.0, Max: 1.7, Diff: 1.7, Sum: 44.9]
      [Termination (ms): Min: 0.0, Avg: 1.1, Max: 1.4, Diff: 1.4, Sum: 45.2]
         [Termination Attempts: Min: 1, Avg: 3.8, Max: 10, Diff: 9, Sum: 165]
      [GC Worker Other (ms): Min: 0.0, Avg: 0.0, Max: 0.2, Diff: 0.2, Sum: 2.0]
      [GC Worker Total (ms): Min: 0.0, Avg: 2.7, Max: 4.7, Diff: 4.6, Sum: 114.9]
      [GC Worker End (ms): Min: 1407722912.7, Avg: 1407722912.8, Max: 1407722912.9, Diff: 0.2]
   [Code Root Fixup: 0.0 ms]
   [Code Root Purge: 0.0 ms]
   [Clear CT: 5.1 ms]
   [Other: 14.1 ms]
      [Choose CSet: 0.0 ms]
      [Ref Proc: 6.2 ms]
      [Ref Enq: 0.0 ms]
      [Redirty Cards: 4.9 ms]
      [Humongous Register: 1.9 ms]
      [Humongous Reclaim: 0.0 ms]
      [Free CSet: 0.1 ms]
   [Eden: 51200.0K(51200.0K)->0.0B(51200.0K) Survivors: 1024.0K->1024.0K Heap: 246.0M(1024.0M)->196.0M(1024.0M)]
 [Times: user=0.18 sys=0.03, real=0.03 secs] 
2023-06-30T00:12:57.591+0000: 1411197.216: [GC pause (G1 Evacuation Pause) (young), 0.0226419 secs]
   [Parallel Time: 7.7 ms, GC Workers: 43]
      [GC Worker Start (ms): Min: 1411197216.6, Avg: 1411197218.0, Max: 1411197219.3, Diff: 2.7]
      [Ext Root Scanning (ms): Min: 0.0, Avg: 0.5, Max: 1.7, Diff: 1.7, Sum: 21.9]
      [Update RS (ms): Min: 0.0, Avg: 0.1, Max: 0.5, Diff: 0.5, Sum: 5.8]
         [Processed Buffers: Min: 0, Avg: 1.3, Max: 7, Diff: 7, Sum: 56]
      [Scan RS (ms): Min: 0.0, Avg: 0.0, Max: 0.1, Diff: 0.1, Sum: 0.8]
      [Code Root Scanning (ms): Min: 0.0, Avg: 0.0, Max: 0.0, Diff: 0.0, Sum: 0.0]
      [Object Copy (ms): Min: 0.9, Avg: 1.5, Max: 1.8, Diff: 0.9, Sum: 64.9]
      [Termination (ms): Min: 0.1, Avg: 0.2, Max: 0.4, Diff: 0.4, Sum: 8.4]
         [Termination Attempts: Min: 2, Avg: 4.9, Max: 8, Diff: 6, Sum: 212]
      [GC Worker Other (ms): Min: 0.0, Avg: 0.1, Max: 0.3, Diff: 0.3, Sum: 5.0]
      [GC Worker Total (ms): Min: 1.2, Avg: 2.5, Max: 4.0, Diff: 2.9, Sum: 106.9]
      [GC Worker End (ms): Min: 1411197220.4, Avg: 1411197220.5, Max: 1411197220.7, Diff: 0.3]
   [Code Root Fixup: 0.0 ms]
   [Code Root Purge: 0.0 ms]
   [Clear CT: 5.5 ms]
   [Other: 9.4 ms]
      [Choose CSet: 0.0 ms]
      [Ref Proc: 3.5 ms]
      [Ref Enq: 0.0 ms]
      [Redirty Cards: 5.3 ms]
      [Humongous Register: 0.1 ms]
      [Humongous Reclaim: 0.0 ms]
      [Free CSet: 0.1 ms]
   [Eden: 51200.0K(51200.0K)->0.0B(51200.0K) Survivors: 1024.0K->1024.0K Heap: 246.0M(1024.0M)->196.0M(1024.0M)]
 [Times: user=0.15 sys=0.00, real=0.02 secs] 
2023-06-30T01:10:37.591+0000: 1414657.216: [GC pause (G1 Evacuation Pause) (young), 0.0227268 secs]
   [Parallel Time: 7.3 ms, GC Workers: 43]
      [GC Worker Start (ms): Min: 1414657216.6, Avg: 1414657218.0, Max: 1414657219.3, Diff: 2.7]
      [Ext Root Scanning (ms): Min: 0.0, Avg: 0.5, Max: 1.7, Diff: 1.7, Sum: 21.9]
      [Update RS (ms): Min: 0.0, Avg: 0.1, Max: 0.5, Diff: 0.5, Sum: 6.3]
         [Processed Buffers: Min: 0, Avg: 1.5, Max: 8, Diff: 8, Sum: 63]
      [Scan RS (ms): Min: 0.0, Avg: 0.0, Max: 0.1, Diff: 0.1, Sum: 0.6]
      [Code Root Scanning (ms): Min: 0.0, Avg: 0.0, Max: 0.0, Diff: 0.0, Sum: 0.0]
      [Object Copy (ms): Min: 2.3, Avg: 2.9, Max: 3.4, Diff: 1.1, Sum: 126.8]
      [Termination (ms): Min: 0.3, Avg: 0.7, Max: 1.3, Diff: 1.0, Sum: 30.9]
         [Termination Attempts: Min: 7, Avg: 12.6, Max: 17, Diff: 10, Sum: 543]
      [GC Worker Other (ms): Min: 0.0, Avg: 0.2, Max: 0.5, Diff: 0.5, Sum: 7.2]
      [GC Worker Total (ms): Min: 3.1, Avg: 4.5, Max: 6.1, Diff: 3.0, Sum: 193.8]
      [GC Worker End (ms): Min: 1414657222.4, Avg: 1414657222.5, Max: 1414657222.7, Diff: 0.4]
   [Code Root Fixup: 0.0 ms]
   [Code Root Purge: 0.0 ms]
   [Clear CT: 5.1 ms]
   [Other: 10.3 ms]
      [Choose CSet: 0.0 ms]
      [Ref Proc: 4.6 ms]
      [Ref Enq: 0.0 ms]
      [Redirty Cards: 5.2 ms]
      [Humongous Register: 0.1 ms]
      [Humongous Reclaim: 0.0 ms]
      [Free CSet: 0.1 ms]
   [Eden: 51200.0K(51200.0K)->0.0B(51200.0K) Survivors: 1024.0K->1024.0K Heap: 246.0M(1024.0M)->196.0M(1024.0M)]
 [Times: user=0.16 sys=0.08, real=0.02 secs] 
2023-06-30T02:08:24.999+0000: 1418124.624: [GC pause (G1 Evacuation Pause) (young), 0.0277775 secs]
   [Parallel Time: 9.5 ms, GC Workers: 43]
      [GC Worker Start (ms): Min: 1418124624.7, Avg: 1418124626.2, Max: 1418124627.5, Diff: 2.7]
      [Ext Root Scanning (ms): Min: 0.0, Avg: 0.8, Max: 8.0, Diff: 8.0, Sum: 34.4]
      [Update RS (ms): Min: 0.0, Avg: 0.1, Max: 0.5, Diff: 0.5, Sum: 6.1]
         [Processed Buffers: Min: 0, Avg: 1.4, Max: 4, Diff: 4, Sum: 60]
      [Scan RS (ms): Min: 0.0, Avg: 0.0, Max: 0.0, Diff: 0.0, Sum: 0.7]
      [Code Root Scanning (ms): Min: 0.0, Avg: 0.0, Max: 0.0, Diff: 0.0, Sum: 0.0]
      [Object Copy (ms): Min: 0.0, Avg: 1.9, Max: 2.2, Diff: 2.1, Sum: 79.6]
      [Termination (ms): Min: 0.0, Avg: 3.8, Max: 4.3, Diff: 4.3, Sum: 162.6]
         [Termination Attempts: Min: 1, Avg: 5.3, Max: 8, Diff: 7, Sum: 226]
      [GC Worker Other (ms): Min: 0.0, Avg: 0.1, Max: 0.2, Diff: 0.2, Sum: 3.1]
      [GC Worker Total (ms): Min: 5.4, Avg: 6.7, Max: 8.1, Diff: 2.7, Sum: 286.6]
      [GC Worker End (ms): Min: 1418124632.8, Avg: 1418124632.9, Max: 1418124633.0, Diff: 0.2]
   [Code Root Fixup: 0.0 ms]
   [Code Root Purge: 0.0 ms]
   [Clear CT: 5.5 ms]
   [Other: 12.8 ms]
      [Choose CSet: 0.0 ms]
      [Ref Proc: 6.8 ms]
      [Ref Enq: 0.0 ms]
      [Redirty Cards: 5.4 ms]
      [Humongous Register: 0.1 ms]
      [Humongous Reclaim: 0.0 ms]
      [Free CSet: 0.1 ms]
   [Eden: 51200.0K(51200.0K)->0.0B(51200.0K) Survivors: 1024.0K->1024.0K Heap: 246.0M(1024.0M)->196.0M(1024.0M)]
 [Times: user=0.34 sys=0.00, real=0.03 secs] 
2023-06-30T03:06:20.603+0000: 1421600.228: [GC pause (G1 Evacuation Pause) (young), 0.0363592 secs]
   [Parallel Time: 15.1 ms, GC Workers: 43]
      [GC Worker Start (ms): Min: 1421600231.0, Avg: 1421600233.4, Max: 1421600242.6, Diff: 11.6]
      [Ext Root Scanning (ms): Min: 0.0, Avg: 0.6, Max: 4.8, Diff: 4.8, Sum: 27.4]
      [Update RS (ms): Min: 0.0, Avg: 0.2, Max: 0.7, Diff: 0.7, Sum: 7.3]
         [Processed Buffers: Min: 0, Avg: 1.5, Max: 7, Diff: 7, Sum: 64]
      [Scan RS (ms): Min: 0.0, Avg: 0.0, Max: 0.0, Diff: 0.0, Sum: 0.4]
      [Code Root Scanning (ms): Min: 0.0, Avg: 0.0, Max: 0.0, Diff: 0.0, Sum: 0.0]
      [Object Copy (ms): Min: 0.0, Avg: 1.5, Max: 2.0, Diff: 2.0, Sum: 62.8]
      [Termination (ms): Min: 0.0, Avg: 7.0, Max: 7.4, Diff: 7.4, Sum: 301.3]
         [Termination Attempts: Min: 1, Avg: 5.5, Max: 10, Diff: 9, Sum: 235]
      [GC Worker Other (ms): Min: 0.0, Avg: 0.1, Max: 0.2, Diff: 0.1, Sum: 2.4]
      [GC Worker Total (ms): Min: 0.1, Avg: 9.3, Max: 11.7, Diff: 11.7, Sum: 401.7]
      [GC Worker End (ms): Min: 1421600242.7, Avg: 1421600242.7, Max: 1421600242.9, Diff: 0.2]
   [Code Root Fixup: 0.0 ms]
   [Code Root Purge: 0.0 ms]
   [Clear CT: 5.5 ms]
   [Other: 15.8 ms]
      [Choose CSet: 0.0 ms]
      [Ref Proc: 7.3 ms]
      [Ref Enq: 0.0 ms]
      [Redirty Cards: 5.4 ms]
      [Humongous Register: 2.1 ms]
      [Humongous Reclaim: 0.0 ms]
      [Free CSet: 0.2 ms]
   [Eden: 51200.0K(51200.0K)->0.0B(51200.0K) Survivors: 1024.0K->1024.0K Heap: 246.0M(1024.0M)->196.0M(1024.0M)]
 [Times: user=0.46 sys=0.00, real=0.03 secs] 
2023-06-30T04:04:17.591+0000: 1425077.217: [GC pause (G1 Evacuation Pause) (young), 0.0199002 secs]
   [Parallel Time: 5.3 ms, GC Workers: 43]
      [GC Worker Start (ms): Min: 1425077216.9, Avg: 1425077218.2, Max: 1425077219.4, Diff: 2.6]
      [Ext Root Scanning (ms): Min: 0.0, Avg: 0.5, Max: 1.7, Diff: 1.7, Sum: 22.5]
      [Update RS (ms): Min: 0.0, Avg: 0.2, Max: 0.4, Diff: 0.4, Sum: 6.7]
         [Processed Buffers: Min: 0, Avg: 1.4, Max: 7, Diff: 7, Sum: 60]
      [Scan RS (ms): Min: 0.0, Avg: 0.0, Max: 0.0, Diff: 0.0, Sum: 0.4]
      [Code Root Scanning (ms): Min: 0.0, Avg: 0.0, Max: 0.0, Diff: 0.0, Sum: 0.0]
      [Object Copy (ms): Min: 1.2, Avg: 1.7, Max: 1.9, Diff: 0.7, Sum: 71.5]
      [Termination (ms): Min: 0.1, Avg: 0.2, Max: 0.4, Diff: 0.3, Sum: 10.6]
         [Termination Attempts: Min: 1, Avg: 4.1, Max: 7, Diff: 6, Sum: 177]
      [GC Worker Other (ms): Min: 0.0, Avg: 0.1, Max: 0.3, Diff: 0.2, Sum: 3.6]
      [GC Worker Total (ms): Min: 1.5, Avg: 2.7, Max: 4.2, Diff: 2.7, Sum: 115.3]
      [GC Worker End (ms): Min: 1425077220.8, Avg: 1425077220.9, Max: 1425077221.1, Diff: 0.2]
   [Code Root Fixup: 0.0 ms]
   [Code Root Purge: 0.0 ms]
   [Clear CT: 4.9 ms]
   [Other: 9.7 ms]
      [Choose CSet: 0.0 ms]
      [Ref Proc: 4.0 ms]
      [Ref Enq: 0.0 ms]
      [Redirty Cards: 5.1 ms]
      [Humongous Register: 0.1 ms]
      [Humongous Reclaim: 0.0 ms]
      [Free CSet: 0.1 ms]
   [Eden: 51200.0K(51200.0K)->0.0B(51200.0K) Survivors: 1024.0K->1024.0K Heap: 246.0M(1024.0M)->196.0M(1024.0M)]
 [Times: user=0.17 sys=0.00, real=0.02 secs] 
2023-06-30T05:02:12.591+0000: 1428552.216: [GC pause (G1 Evacuation Pause) (young), 0.0234470 secs]
   [Parallel Time: 6.4 ms, GC Workers: 43]
      [GC Worker Start (ms): Min: 1428552216.6, Avg: 1428552218.0, Max: 1428552219.2, Diff: 2.6]
      [Ext Root Scanning (ms): Min: 0.0, Avg: 0.5, Max: 1.7, Diff: 1.7, Sum: 21.3]
      [Update RS (ms): Min: 0.0, Avg: 0.1, Max: 0.5, Diff: 0.5, Sum: 4.3]
         [Processed Buffers: Min: 0, Avg: 1.3, Max: 6, Diff: 6, Sum: 58]
      [Scan RS (ms): Min: 0.0, Avg: 0.0, Max: 0.0, Diff: 0.0, Sum: 0.5]
      [Code Root Scanning (ms): Min: 0.0, Avg: 0.0, Max: 0.0, Diff: 0.0, Sum: 0.0]
      [Object Copy (ms): Min: 2.0, Avg: 2.6, Max: 3.0, Diff: 1.0, Sum: 111.8]
      [Termination (ms): Min: 0.2, Avg: 0.4, Max: 0.7, Diff: 0.5, Sum: 16.7]
         [Termination Attempts: Min: 4, Avg: 9.9, Max: 13, Diff: 9, Sum: 425]
      [GC Worker Other (ms): Min: 0.0, Avg: 0.1, Max: 0.3, Diff: 0.3, Sum: 2.8]
      [GC Worker Total (ms): Min: 2.5, Avg: 3.7, Max: 5.0, Diff: 2.5, Sum: 157.3]
      [GC Worker End (ms): Min: 1428552221.6, Avg: 1428552221.7, Max: 1428552221.8, Diff: 0.2]
   [Code Root Fixup: 0.0 ms]
   [Code Root Purge: 0.0 ms]
   [Clear CT: 6.5 ms]
   [Other: 10.5 ms]
      [Choose CSet: 0.0 ms]
      [Ref Proc: 4.6 ms]
      [Ref Enq: 0.0 ms]
      [Redirty Cards: 5.3 ms]
      [Humongous Register: 0.1 ms]
      [Humongous Reclaim: 0.0 ms]
      [Free CSet: 0.1 ms]
   [Eden: 51200.0K(51200.0K)->0.0B(51200.0K) Survivors: 1024.0K->1024.0K Heap: 246.0M(1024.0M)->196.0M(1024.0M)]
 [Times: user=0.14 sys=0.08, real=0.02 secs] 
2023-06-30T05:59:57.348+0000: 1432016.974: [GC pause (G1 Evacuation Pause) (young), 0.0330373 secs]
   [Parallel Time: 14.2 ms, GC Workers: 43]
      [GC Worker Start (ms): Min: 1432016976.3, Avg: 1432016978.5, Max: 1432016980.4, Diff: 4.1]
      [Ext Root Scanning (ms): Min: 0.0, Avg: 1.2, Max: 12.7, Diff: 12.7, Sum: 50.3]
      [Update RS (ms): Min: 0.0, Avg: 0.3, Max: 0.6, Diff: 0.6, Sum: 11.5]
         [Processed Buffers: Min: 0, Avg: 1.5, Max: 6, Diff: 6, Sum: 65]
      [Scan RS (ms): Min: 0.0, Avg: 0.0, Max: 0.0, Diff: 0.0, Sum: 0.4]
      [Code Root Scanning (ms): Min: 0.0, Avg: 0.0, Max: 0.0, Diff: 0.0, Sum: 0.0]
      [Object Copy (ms): Min: 0.0, Avg: 1.6, Max: 2.0, Diff: 2.0, Sum: 70.1]
      [Termination (ms): Min: 0.0, Avg: 7.6, Max: 8.0, Diff: 8.0, Sum: 328.2]
         [Termination Attempts: Min: 1, Avg: 4.8, Max: 8, Diff: 7, Sum: 208]
      [GC Worker Other (ms): Min: 0.0, Avg: 0.0, Max: 0.1, Diff: 0.1, Sum: 1.9]
      [GC Worker Total (ms): Min: 8.8, Avg: 10.8, Max: 12.8, Diff: 3.9, Sum: 462.4]
      [GC Worker End (ms): Min: 1432016989.1, Avg: 1432016989.2, Max: 1432016989.3, Diff: 0.2]
   [Code Root Fixup: 0.0 ms]
   [Code Root Purge: 0.0 ms]
   [Clear CT: 5.3 ms]
   [Other: 13.5 ms]
      [Choose CSet: 0.0 ms]
      [Ref Proc: 5.0 ms]
      [Ref Enq: 0.0 ms]
      [Redirty Cards: 5.1 ms]
      [Humongous Register: 2.1 ms]
      [Humongous Reclaim: 0.0 ms]
      [Free CSet: 0.2 ms]
   [Eden: 51200.0K(51200.0K)->0.0B(51200.0K) Survivors: 1024.0K->1024.0K Heap: 246.0M(1024.0M)->196.0M(1024.0M)]
 [Times: user=0.47 sys=0.05, real=0.04 secs] 
2023-06-30T06:57:47.591+0000: 1435487.217: [GC pause (G1 Evacuation Pause) (young), 0.0195638 secs]
   [Parallel Time: 5.1 ms, GC Workers: 43]
      [GC Worker Start (ms): Min: 1435487216.9, Avg: 1435487218.3, Max: 1435487219.5, Diff: 2.7]
      [Ext Root Scanning (ms): Min: 0.0, Avg: 0.5, Max: 1.8, Diff: 1.7, Sum: 22.3]
      [Update RS (ms): Min: 0.0, Avg: 0.1, Max: 0.4, Diff: 0.4, Sum: 5.6]
         [Processed Buffers: Min: 0, Avg: 1.4, Max: 4, Diff: 4, Sum: 59]
      [Scan RS (ms): Min: 0.0, Avg: 0.0, Max: 0.0, Diff: 0.0, Sum: 0.4]
      [Code Root Scanning (ms): Min: 0.0, Avg: 0.0, Max: 0.0, Diff: 0.0, Sum: 0.0]
      [Object Copy (ms): Min: 0.9, Avg: 1.5, Max: 1.8, Diff: 1.0, Sum: 66.1]
      [Termination (ms): Min: 0.1, Avg: 0.2, Max: 0.4, Diff: 0.3, Sum: 9.8]
         [Termination Attempts: Min: 2, Avg: 4.3, Max: 8, Diff: 6, Sum: 183]
      [GC Worker Other (ms): Min: 0.0, Avg: 0.1, Max: 0.2, Diff: 0.2, Sum: 3.1]
      [GC Worker Total (ms): Min: 1.3, Avg: 2.5, Max: 3.9, Diff: 2.6, Sum: 107.3]
      [GC Worker End (ms): Min: 1435487220.8, Avg: 1435487220.8, Max: 1435487221.0, Diff: 0.3]
   [Code Root Fixup: 0.0 ms]
   [Code Root Purge: 0.0 ms]
   [Clear CT: 4.9 ms]
   [Other: 9.6 ms]
      [Choose CSet: 0.0 ms]
      [Ref Proc: 3.6 ms]
      [Ref Enq: 0.0 ms]
      [Redirty Cards: 5.3 ms]
      [Humongous Register: 0.1 ms]
      [Humongous Reclaim: 0.0 ms]
      [Free CSet: 0.1 ms]
   [Eden: 51200.0K(51200.0K)->0.0B(51200.0K) Survivors: 1024.0K->1024.0K Heap: 246.0M(1024.0M)->196.0M(1024.0M)]
 [Times: user=0.16 sys=0.00, real=0.02 secs] 
2023-06-30T07:55:37.508+0000: 1438957.133: [GC pause (G1 Evacuation Pause) (young), 0.0240326 secs]
   [Parallel Time: 7.9 ms, GC Workers: 43]
      [GC Worker Start (ms): Min: 1438957133.8, Avg: 1438957135.2, Max: 1438957136.4, Diff: 2.6]
      [Ext Root Scanning (ms): Min: 0.0, Avg: 1.2, Max: 7.2, Diff: 7.2, Sum: 53.2]
      [Update RS (ms): Min: 0.0, Avg: 0.4, Max: 2.4, Diff: 2.4, Sum: 16.9]
         [Processed Buffers: Min: 0, Avg: 1.5, Max: 4, Diff: 4, Sum: 63]
      [Scan RS (ms): Min: 0.0, Avg: 0.0, Max: 0.1, Diff: 0.1, Sum: 0.6]
      [Code Root Scanning (ms): Min: 0.0, Avg: 0.0, Max: 0.0, Diff: 0.0, Sum: 0.0]
      [Object Copy (ms): Min: 0.0, Avg: 1.8, Max: 2.2, Diff: 2.2, Sum: 78.0]
      [Termination (ms): Min: 0.0, Avg: 2.4, Max: 2.6, Diff: 2.6, Sum: 102.4]
         [Termination Attempts: Min: 1, Avg: 7.7, Max: 12, Diff: 11, Sum: 330]
      [GC Worker Other (ms): Min: 0.0, Avg: 0.1, Max: 2.1, Diff: 2.1, Sum: 3.4]
      [GC Worker Total (ms): Min: 4.7, Avg: 5.9, Max: 7.3, Diff: 2.5, Sum: 254.5]
      [GC Worker End (ms): Min: 1438957141.0, Avg: 1438957141.1, Max: 1438957141.2, Diff: 0.2]
   [Code Root Fixup: 0.0 ms]
   [Code Root Purge: 0.0 ms]
   [Clear CT: 5.9 ms]
   [Other: 10.3 ms]
      [Choose CSet: 0.0 ms]
      [Ref Proc: 4.4 ms]
      [Ref Enq: 0.0 ms]
      [Redirty Cards: 4.8 ms]
      [Humongous Register: 0.3 ms]
      [Humongous Reclaim: 0.0 ms]
      [Free CSet: 0.2 ms]
   [Eden: 51200.0K(51200.0K)->0.0B(51200.0K) Survivors: 1024.0K->1024.0K Heap: 246.0M(1024.0M)->196.0M(1024.0M)]
 [Times: user=0.30 sys=0.00, real=0.03 secs] 
2023-06-30T08:53:18.597+0000: 1442418.222: [GC pause (G1 Evacuation Pause) (young), 0.0221627 secs]
   [Parallel Time: 5.5 ms, GC Workers: 43]
      [GC Worker Start (ms): Min: 1442418224.6, Avg: 1442418226.5, Max: 1442418228.4, Diff: 3.8]
      [Ext Root Scanning (ms): Min: 0.0, Avg: 0.5, Max: 3.3, Diff: 3.3, Sum: 22.6]
      [Update RS (ms): Min: 0.0, Avg: 0.1, Max: 0.5, Diff: 0.5, Sum: 4.8]
         [Processed Buffers: Min: 0, Avg: 1.4, Max: 8, Diff: 8, Sum: 61]
      [Scan RS (ms): Min: 0.0, Avg: 0.0, Max: 0.0, Diff: 0.0, Sum: 0.4]
      [Code Root Scanning (ms): Min: 0.0, Avg: 0.0, Max: 0.0, Diff: 0.0, Sum: 0.0]
      [Object Copy (ms): Min: 0.2, Avg: 1.3, Max: 1.9, Diff: 1.7, Sum: 56.5]
      [Termination (ms): Min: 0.0, Avg: 0.3, Max: 0.5, Diff: 0.5, Sum: 11.7]
         [Termination Attempts: Min: 1, Avg: 5.1, Max: 11, Diff: 10, Sum: 221]
      [GC Worker Other (ms): Min: 0.0, Avg: 0.1, Max: 0.3, Diff: 0.3, Sum: 4.8]
      [GC Worker Total (ms): Min: 0.3, Avg: 2.3, Max: 4.2, Diff: 3.9, Sum: 100.8]
      [GC Worker End (ms): Min: 1442418228.8, Avg: 1442418228.9, Max: 1442418229.1, Diff: 0.3]
   [Code Root Fixup: 0.0 ms]
   [Code Root Purge: 0.0 ms]
   [Clear CT: 4.9 ms]
   [Other: 11.7 ms]
      [Choose CSet: 0.0 ms]
      [Ref Proc: 4.2 ms]
      [Ref Enq: 0.0 ms]
      [Redirty Cards: 4.9 ms]
      [Humongous Register: 1.8 ms]
      [Humongous Reclaim: 0.0 ms]
      [Free CSet: 0.1 ms]
   [Eden: 51200.0K(51200.0K)->0.0B(51200.0K) Survivors: 1024.0K->1024.0K Heap: 246.0M(1024.0M)->196.0M(1024.0M)]
 [Times: user=0.15 sys=0.00, real=0.02 secs] 
2023-06-30T09:51:03.530+0000: 1445883.155: [GC pause (G1 Evacuation Pause) (young), 0.0228735 secs]
   [Parallel Time: 7.7 ms, GC Workers: 43]
      [GC Worker Start (ms): Min: 1445883155.4, Avg: 1445883156.8, Max: 1445883158.1, Diff: 2.6]
      [Ext Root Scanning (ms): Min: 0.0, Avg: 0.6, Max: 1.7, Diff: 1.7, Sum: 23.7]
      [Update RS (ms): Min: 0.0, Avg: 0.1, Max: 0.4, Diff: 0.4, Sum: 4.7]
         [Processed Buffers: Min: 0, Avg: 1.3, Max: 5, Diff: 5, Sum: 57]
      [Scan RS (ms): Min: 0.0, Avg: 0.0, Max: 0.0, Diff: 0.0, Sum: 0.6]
      [Code Root Scanning (ms): Min: 0.0, Avg: 0.0, Max: 0.0, Diff: 0.0, Sum: 0.0]
      [Object Copy (ms): Min: 0.9, Avg: 1.5, Max: 1.8, Diff: 0.9, Sum: 65.6]
      [Termination (ms): Min: 0.1, Avg: 0.2, Max: 0.4, Diff: 0.3, Sum: 8.3]
         [Termination Attempts: Min: 1, Avg: 4.2, Max: 7, Diff: 6, Sum: 180]
      [GC Worker Other (ms): Min: 0.0, Avg: 0.1, Max: 0.3, Diff: 0.3, Sum: 4.0]
      [GC Worker Total (ms): Min: 1.3, Avg: 2.5, Max: 3.8, Diff: 2.6, Sum: 106.9]
      [GC Worker End (ms): Min: 1445883159.2, Avg: 1445883159.3, Max: 1445883159.5, Diff: 0.3]
   [Code Root Fixup: 0.0 ms]
   [Code Root Purge: 0.0 ms]
   [Clear CT: 5.1 ms]
   [Other: 10.1 ms]
      [Choose CSet: 0.0 ms]
      [Ref Proc: 4.3 ms]
      [Ref Enq: 0.0 ms]
      [Redirty Cards: 5.2 ms]
      [Humongous Register: 0.1 ms]
      [Humongous Reclaim: 0.0 ms]
      [Free CSet: 0.1 ms]
   [Eden: 51200.0K(51200.0K)->0.0B(51200.0K) Survivors: 1024.0K->1024.0K Heap: 246.0M(1024.0M)->196.0M(1024.0M)]
 [Times: user=0.16 sys=0.00, real=0.02 secs] 
2023-06-30T10:48:42.179+0000: 1449341.805: [GC pause (G1 Evacuation Pause) (young), 0.0180936 secs]
   [Parallel Time: 4.6 ms, GC Workers: 43]
      [GC Worker Start (ms): Min: 1449341805.2, Avg: 1449341806.6, Max: 1449341807.9, Diff: 2.7]
      [Ext Root Scanning (ms): Min: 0.0, Avg: 0.5, Max: 1.6, Diff: 1.5, Sum: 19.9]
      [Update RS (ms): Min: 0.0, Avg: 0.1, Max: 0.6, Diff: 0.6, Sum: 5.9]
         [Processed Buffers: Min: 0, Avg: 1.5, Max: 8, Diff: 8, Sum: 63]
      [Scan RS (ms): Min: 0.0, Avg: 0.0, Max: 0.0, Diff: 0.0, Sum: 0.6]
      [Code Root Scanning (ms): Min: 0.0, Avg: 0.0, Max: 0.0, Diff: 0.0, Sum: 0.0]
      [Object Copy (ms): Min: 1.0, Avg: 1.7, Max: 2.1, Diff: 1.1, Sum: 73.6]
      [Termination (ms): Min: 0.0, Avg: 0.2, Max: 0.5, Diff: 0.4, Sum: 10.2]
         [Termination Attempts: Min: 1, Avg: 4.8, Max: 8, Diff: 7, Sum: 206]
      [GC Worker Other (ms): Min: 0.0, Avg: 0.1, Max: 0.3, Diff: 0.3, Sum: 4.6]
      [GC Worker Total (ms): Min: 1.3, Avg: 2.7, Max: 4.1, Diff: 2.8, Sum: 114.8]
      [GC Worker End (ms): Min: 1449341809.1, Avg: 1449341809.2, Max: 1449341809.4, Diff: 0.3]
   [Code Root Fixup: 0.0 ms]
   [Code Root Purge: 0.0 ms]
   [Clear CT: 4.8 ms]
   [Other: 8.7 ms]
      [Choose CSet: 0.0 ms]
      [Ref Proc: 3.0 ms]
      [Ref Enq: 0.0 ms]
      [Redirty Cards: 5.1 ms]
      [Humongous Register: 0.1 ms]
      [Humongous Reclaim: 0.0 ms]
      [Free CSet: 0.1 ms]
   [Eden: 51200.0K(51200.0K)->0.0B(51200.0K) Survivors: 1024.0K->1024.0K Heap: 246.0M(1024.0M)->196.0M(1024.0M)]
 [Times: user=0.16 sys=0.00, real=0.02 secs] 
2023-06-30T11:46:27.748+0000: 1452807.374: [GC pause (G1 Evacuation Pause) (young), 0.0257278 secs]
   [Parallel Time: 10.4 ms, GC Workers: 43]
      [GC Worker Start (ms): Min: 1452807374.2, Avg: 1452807375.8, Max: 1452807377.3, Diff: 3.1]
      [Ext Root Scanning (ms): Min: 0.0, Avg: 1.1, Max: 6.8, Diff: 6.8, Sum: 45.6]
      [Update RS (ms): Min: 0.0, Avg: 0.3, Max: 0.6, Diff: 0.6, Sum: 10.9]
         [Processed Buffers: Min: 0, Avg: 1.4, Max: 7, Diff: 7, Sum: 62]
      [Scan RS (ms): Min: 0.0, Avg: 0.0, Max: 0.0, Diff: 0.0, Sum: 0.5]
      [Code Root Scanning (ms): Min: 0.0, Avg: 0.0, Max: 0.0, Diff: 0.0, Sum: 0.0]
      [Object Copy (ms): Min: 0.0, Avg: 2.4, Max: 2.7, Diff: 2.7, Sum: 101.3]
      [Termination (ms): Min: 0.0, Avg: 1.6, Max: 2.1, Diff: 2.1, Sum: 69.4]
         [Termination Attempts: Min: 1, Avg: 8.4, Max: 13, Diff: 12, Sum: 360]
      [GC Worker Other (ms): Min: 0.0, Avg: 0.0, Max: 0.1, Diff: 0.1, Sum: 1.4]
      [GC Worker Total (ms): Min: 3.9, Avg: 5.3, Max: 6.9, Diff: 3.1, Sum: 229.2]
      [GC Worker End (ms): Min: 1452807381.1, Avg: 1452807381.2, Max: 1452807381.3, Diff: 0.2]
   [Code Root Fixup: 0.0 ms]
   [Code Root Purge: 0.0 ms]
   [Clear CT: 5.4 ms]
   [Other: 9.9 ms]
      [Choose CSet: 0.0 ms]
      [Ref Proc: 4.0 ms]
      [Ref Enq: 0.0 ms]
      [Redirty Cards: 4.9 ms]
      [Humongous Register: 0.3 ms]
      [Humongous Reclaim: 0.0 ms]
      [Free CSet: 0.2 ms]
   [Eden: 51200.0K(51200.0K)->0.0B(51200.0K) Survivors: 1024.0K->1024.0K Heap: 246.0M(1024.0M)->196.0M(1024.0M)]
 [Times: user=0.28 sys=0.00, real=0.03 secs] 
2023-06-30T12:44:12.591+0000: 1456272.216: [GC pause (G1 Evacuation Pause) (young), 0.0211916 secs]
   [Parallel Time: 6.4 ms, GC Workers: 43]
      [GC Worker Start (ms): Min: 1456272216.6, Avg: 1456272218.0, Max: 1456272219.3, Diff: 2.7]
      [Ext Root Scanning (ms): Min: 0.0, Avg: 0.5, Max: 1.8, Diff: 1.8, Sum: 23.1]
      [Update RS (ms): Min: 0.0, Avg: 0.2, Max: 0.5, Diff: 0.5, Sum: 7.1]
         [Processed Buffers: Min: 0, Avg: 1.5, Max: 7, Diff: 7, Sum: 65]
      [Scan RS (ms): Min: 0.0, Avg: 0.0, Max: 0.0, Diff: 0.0, Sum: 0.4]
      [Code Root Scanning (ms): Min: 0.0, Avg: 0.0, Max: 0.0, Diff: 0.0, Sum: 0.0]
      [Object Copy (ms): Min: 1.3, Avg: 1.9, Max: 2.2, Diff: 0.9, Sum: 82.8]
      [Termination (ms): Min: 0.2, Avg: 0.3, Max: 0.6, Diff: 0.4, Sum: 13.8]
         [Termination Attempts: Min: 3, Avg: 5.5, Max: 8, Diff: 5, Sum: 238]
      [GC Worker Other (ms): Min: 0.0, Avg: 0.1, Max: 0.3, Diff: 0.3, Sum: 3.8]
      [GC Worker Total (ms): Min: 1.7, Avg: 3.0, Max: 4.5, Diff: 2.7, Sum: 131.0]
      [GC Worker End (ms): Min: 1456272221.0, Avg: 1456272221.1, Max: 1456272221.3, Diff: 0.3]
   [Code Root Fixup: 0.0 ms]
   [Code Root Purge: 0.0 ms]
   [Clear CT: 5.3 ms]
   [Other: 9.5 ms]
      [Choose CSet: 0.0 ms]
      [Ref Proc: 3.6 ms]
      [Ref Enq: 0.0 ms]
      [Redirty Cards: 5.4 ms]
      [Humongous Register: 0.1 ms]
      [Humongous Reclaim: 0.0 ms]
      [Free CSet: 0.1 ms]
   [Eden: 51200.0K(51200.0K)->0.0B(51200.0K) Survivors: 1024.0K->1024.0K Heap: 246.0M(1024.0M)->196.1M(1024.0M)]
 [Times: user=0.12 sys=0.07, real=0.02 secs] 
2023-06-30T13:42:07.591+0000: 1459747.217: [GC pause (G1 Evacuation Pause) (young), 0.0276085 secs]
   [Parallel Time: 7.7 ms, GC Workers: 43]
      [GC Worker Start (ms): Min: 1459747218.8, Avg: 1459747220.8, Max: 1459747222.7, Diff: 3.9]
      [Ext Root Scanning (ms): Min: 0.0, Avg: 0.4, Max: 2.6, Diff: 2.6, Sum: 16.0]
      [Update RS (ms): Min: 0.0, Avg: 0.1, Max: 0.5, Diff: 0.5, Sum: 3.4]
         [Processed Buffers: Min: 0, Avg: 1.4, Max: 8, Diff: 8, Sum: 60]
      [Scan RS (ms): Min: 0.0, Avg: 0.0, Max: 0.0, Diff: 0.0, Sum: 0.4]
      [Code Root Scanning (ms): Min: 0.0, Avg: 0.0, Max: 0.0, Diff: 0.0, Sum: 0.0]
      [Object Copy (ms): Min: 0.0, Avg: 0.9, Max: 1.6, Diff: 1.6, Sum: 39.3]
      [Termination (ms): Min: 0.0, Avg: 0.6, Max: 0.8, Diff: 0.8, Sum: 26.5]
         [Termination Attempts: Min: 1, Avg: 3.4, Max: 8, Diff: 7, Sum: 147]
      [GC Worker Other (ms): Min: 0.0, Avg: 0.0, Max: 0.1, Diff: 0.1, Sum: 1.2]
      [GC Worker Total (ms): Min: 0.1, Avg: 2.0, Max: 4.1, Diff: 4.1, Sum: 86.8]
      [GC Worker End (ms): Min: 1459747222.7, Avg: 1459747222.8, Max: 1459747222.9, Diff: 0.2]
   [Code Root Fixup: 0.0 ms]
   [Code Root Purge: 0.0 ms]
   [Clear CT: 6.4 ms]
   [Other: 13.5 ms]
      [Choose CSet: 0.0 ms]
      [Ref Proc: 5.2 ms]
      [Ref Enq: 0.0 ms]
      [Redirty Cards: 5.5 ms]
      [Humongous Register: 1.8 ms]
      [Humongous Reclaim: 0.0 ms]
      [Free CSet: 0.1 ms]
   [Eden: 51200.0K(51200.0K)->0.0B(51200.0K) Survivors: 1024.0K->1024.0K Heap: 246.1M(1024.0M)->196.0M(1024.0M)]
 [Times: user=0.15 sys=0.00, real=0.02 secs] 
2023-06-30T14:39:57.591+0000: 1463217.216: [GC pause (G1 Evacuation Pause) (young), 0.0212181 secs]
   [Parallel Time: 5.1 ms, GC Workers: 43]
      [GC Worker Start (ms): Min: 1463217216.6, Avg: 1463217217.9, Max: 1463217219.2, Diff: 2.6]
      [Ext Root Scanning (ms): Min: 0.0, Avg: 0.5, Max: 1.7, Diff: 1.7, Sum: 23.1]
      [Update RS (ms): Min: 0.0, Avg: 0.1, Max: 0.5, Diff: 0.5, Sum: 4.9]
         [Processed Buffers: Min: 0, Avg: 1.3, Max: 6, Diff: 6, Sum: 57]
      [Scan RS (ms): Min: 0.0, Avg: 0.0, Max: 0.0, Diff: 0.0, Sum: 0.5]
      [Code Root Scanning (ms): Min: 0.0, Avg: 0.0, Max: 0.0, Diff: 0.0, Sum: 0.0]
      [Object Copy (ms): Min: 0.8, Avg: 1.4, Max: 1.8, Diff: 1.0, Sum: 61.1]
      [Termination (ms): Min: 0.0, Avg: 0.1, Max: 0.2, Diff: 0.2, Sum: 6.2]
         [Termination Attempts: Min: 1, Avg: 3.8, Max: 7, Diff: 6, Sum: 162]
      [GC Worker Other (ms): Min: 0.0, Avg: 0.1, Max: 0.3, Diff: 0.3, Sum: 5.0]
      [GC Worker Total (ms): Min: 1.0, Avg: 2.3, Max: 3.7, Diff: 2.6, Sum: 100.8]
      [GC Worker End (ms): Min: 1463217220.2, Avg: 1463217220.3, Max: 1463217220.5, Diff: 0.3]
   [Code Root Fixup: 0.0 ms]
   [Code Root Purge: 0.0 ms]
   [Clear CT: 5.3 ms]
   [Other: 10.7 ms]
      [Choose CSet: 0.0 ms]
      [Ref Proc: 4.8 ms]
      [Ref Enq: 0.0 ms]
      [Redirty Cards: 5.3 ms]
      [Humongous Register: 0.1 ms]
      [Humongous Reclaim: 0.0 ms]
      [Free CSet: 0.1 ms]
   [Eden: 51200.0K(51200.0K)->0.0B(51200.0K) Survivors: 1024.0K->1024.0K Heap: 246.0M(1024.0M)->196.1M(1024.0M)]
 [Times: user=0.15 sys=0.00, real=0.02 secs] 
2023-06-30T15:37:42.591+0000: 1466682.216: [GC pause (G1 Evacuation Pause) (young), 0.0207571 secs]
   [Parallel Time: 5.5 ms, GC Workers: 43]
      [GC Worker Start (ms): Min: 1466682216.7, Avg: 1466682218.1, Max: 1466682219.3, Diff: 2.6]
      [Ext Root Scanning (ms): Min: 0.0, Avg: 0.5, Max: 1.7, Diff: 1.7, Sum: 21.7]
      [Update RS (ms): Min: 0.0, Avg: 0.1, Max: 0.4, Diff: 0.4, Sum: 6.4]
         [Processed Buffers: Min: 0, Avg: 1.5, Max: 8, Diff: 8, Sum: 63]
      [Scan RS (ms): Min: 0.0, Avg: 0.0, Max: 0.0, Diff: 0.0, Sum: 0.4]
      [Code Root Scanning (ms): Min: 0.0, Avg: 0.0, Max: 0.0, Diff: 0.0, Sum: 0.0]
      [Object Copy (ms): Min: 1.1, Avg: 1.9, Max: 2.2, Diff: 1.1, Sum: 80.1]
      [Termination (ms): Min: 0.1, Avg: 0.2, Max: 0.5, Diff: 0.4, Sum: 10.3]
         [Termination Attempts: Min: 2, Avg: 5.4, Max: 9, Diff: 7, Sum: 232]
      [GC Worker Other (ms): Min: 0.0, Avg: 0.1, Max: 0.3, Diff: 0.3, Sum: 4.2]
      [GC Worker Total (ms): Min: 1.6, Avg: 2.9, Max: 4.2, Diff: 2.6, Sum: 123.2]
      [GC Worker End (ms): Min: 1466682220.9, Avg: 1466682221.0, Max: 1466682221.2, Diff: 0.3]
   [Code Root Fixup: 0.0 ms]
   [Code Root Purge: 0.0 ms]
   [Clear CT: 5.0 ms]
   [Other: 10.2 ms]
      [Choose CSet: 0.0 ms]
      [Ref Proc: 4.6 ms]
      [Ref Enq: 0.0 ms]
      [Redirty Cards: 5.0 ms]
      [Humongous Register: 0.1 ms]
      [Humongous Reclaim: 0.0 ms]
      [Free CSet: 0.1 ms]
   [Eden: 51200.0K(51200.0K)->0.0B(51200.0K) Survivors: 1024.0K->1024.0K Heap: 246.1M(1024.0M)->196.0M(1024.0M)]
 [Times: user=0.14 sys=0.03, real=0.02 secs] 
2023-06-30T16:35:35.450+0000: 1470155.075: [GC pause (G1 Evacuation Pause) (young), 0.0334661 secs]
   [Parallel Time: 17.0 ms, GC Workers: 43]
      [GC Worker Start (ms): Min: 1470155075.5, Avg: 1470155076.9, Max: 1470155078.2, Diff: 2.7]
      [Ext Root Scanning (ms): Min: 0.0, Avg: 0.9, Max: 13.0, Diff: 13.0, Sum: 38.1]
      [Update RS (ms): Min: 0.0, Avg: 0.2, Max: 0.6, Diff: 0.6, Sum: 7.5]
         [Processed Buffers: Min: 0, Avg: 1.4, Max: 5, Diff: 5, Sum: 59]
      [Scan RS (ms): Min: 0.0, Avg: 0.0, Max: 0.0, Diff: 0.0, Sum: 0.4]
      [Code Root Scanning (ms): Min: 0.0, Avg: 0.0, Max: 0.0, Diff: 0.0, Sum: 0.0]
      [Object Copy (ms): Min: 0.0, Avg: 1.8, Max: 2.1, Diff: 2.1, Sum: 77.7]
      [Termination (ms): Min: 0.0, Avg: 8.8, Max: 9.2, Diff: 9.2, Sum: 377.4]
         [Termination Attempts: Min: 1, Avg: 5.1, Max: 8, Diff: 7, Sum: 220]
      [GC Worker Other (ms): Min: 0.0, Avg: 0.0, Max: 0.0, Diff: 0.0, Sum: 0.8]
      [GC Worker Total (ms): Min: 10.4, Avg: 11.7, Max: 13.0, Diff: 2.6, Sum: 502.1]
      [GC Worker End (ms): Min: 1470155088.5, Avg: 1470155088.6, Max: 1470155088.7, Diff: 0.2]
   [Code Root Fixup: 0.0 ms]
   [Code Root Purge: 0.0 ms]
   [Clear CT: 5.5 ms]
   [Other: 11.0 ms]
      [Choose CSet: 0.0 ms]
      [Ref Proc: 5.0 ms]
      [Ref Enq: 0.0 ms]
      [Redirty Cards: 5.3 ms]
      [Humongous Register: 0.1 ms]
      [Humongous Reclaim: 0.0 ms]
      [Free CSet: 0.1 ms]
   [Eden: 51200.0K(51200.0K)->0.0B(51200.0K) Survivors: 1024.0K->1024.0K Heap: 246.0M(1024.0M)->196.0M(1024.0M)]
 [Times: user=0.56 sys=0.00, real=0.03 secs] 
2023-06-30T17:33:31.544+0000: 1473631.170: [GC pause (G1 Evacuation Pause) (young), 0.0236063 secs]
   [Parallel Time: 5.6 ms, GC Workers: 43]
      [GC Worker Start (ms): Min: 1473631170.7, Avg: 1473631172.2, Max: 1473631173.4, Diff: 2.8]
      [Ext Root Scanning (ms): Min: 0.0, Avg: 0.9, Max: 2.3, Diff: 2.3, Sum: 37.1]
      [Update RS (ms): Min: 0.0, Avg: 0.2, Max: 0.6, Diff: 0.6, Sum: 10.6]
         [Processed Buffers: Min: 0, Avg: 1.5, Max: 7, Diff: 7, Sum: 63]
      [Scan RS (ms): Min: 0.0, Avg: 0.0, Max: 0.0, Diff: 0.0, Sum: 0.4]
      [Code Root Scanning (ms): Min: 0.0, Avg: 0.0, Max: 0.0, Diff: 0.0, Sum: 0.0]
      [Object Copy (ms): Min: 1.3, Avg: 1.7, Max: 2.0, Diff: 0.7, Sum: 72.6]
      [Termination (ms): Min: 0.0, Avg: 0.2, Max: 0.4, Diff: 0.3, Sum: 8.9]
         [Termination Attempts: Min: 2, Avg: 4.3, Max: 7, Diff: 5, Sum: 187]
      [GC Worker Other (ms): Min: 0.0, Avg: 0.1, Max: 0.3, Diff: 0.3, Sum: 3.3]
      [GC Worker Total (ms): Min: 1.8, Avg: 3.1, Max: 4.6, Diff: 2.8, Sum: 132.9]
      [GC Worker End (ms): Min: 1473631175.2, Avg: 1473631175.3, Max: 1473631175.4, Diff: 0.2]
   [Code Root Fixup: 0.0 ms]
   [Code Root Purge: 0.0 ms]
   [Clear CT: 5.1 ms]
   [Other: 12.9 ms]
      [Choose CSet: 0.0 ms]
      [Ref Proc: 6.5 ms]
      [Ref Enq: 0.0 ms]
      [Redirty Cards: 5.2 ms]
      [Humongous Register: 0.3 ms]
      [Humongous Reclaim: 0.0 ms]
      [Free CSet: 0.3 ms]
   [Eden: 51200.0K(51200.0K)->0.0B(51200.0K) Survivors: 1024.0K->1024.0K Heap: 246.0M(1024.0M)->196.1M(1024.0M)]
 [Times: user=0.18 sys=0.00, real=0.02 secs] 
2023-06-30T18:31:22.391+0000: 1477102.016: [GC pause (G1 Evacuation Pause) (young), 0.0245042 secs]
   [Parallel Time: 7.2 ms, GC Workers: 43]
      [GC Worker Start (ms): Min: 1477102018.6, Avg: 1477102020.8, Max: 1477102023.1, Diff: 4.5]
      [Ext Root Scanning (ms): Min: 0.0, Avg: 0.5, Max: 2.8, Diff: 2.8, Sum: 19.5]
      [Update RS (ms): Min: 0.0, Avg: 0.1, Max: 0.5, Diff: 0.5, Sum: 3.7]
         [Processed Buffers: Min: 0, Avg: 1.4, Max: 9, Diff: 9, Sum: 60]
      [Scan RS (ms): Min: 0.0, Avg: 0.0, Max: 0.0, Diff: 0.0, Sum: 0.5]
      [Code Root Scanning (ms): Min: 0.0, Avg: 0.0, Max: 0.0, Diff: 0.0, Sum: 0.0]
      [Object Copy (ms): Min: 0.0, Avg: 1.0, Max: 1.6, Diff: 1.6, Sum: 41.9]
      [Termination (ms): Min: 0.0, Avg: 0.8, Max: 1.0, Diff: 1.0, Sum: 35.0]
         [Termination Attempts: Min: 1, Avg: 3.3, Max: 8, Diff: 7, Sum: 140]
      [GC Worker Other (ms): Min: 0.0, Avg: 0.0, Max: 0.1, Diff: 0.0, Sum: 1.4]
      [GC Worker Total (ms): Min: 0.1, Avg: 2.4, Max: 4.5, Diff: 4.5, Sum: 102.1]
      [GC Worker End (ms): Min: 1477102023.1, Avg: 1477102023.2, Max: 1477102023.3, Diff: 0.1]
   [Code Root Fixup: 0.0 ms]
   [Code Root Purge: 0.0 ms]
   [Clear CT: 5.4 ms]
   [Other: 12.0 ms]
      [Choose CSet: 0.0 ms]
      [Ref Proc: 4.4 ms]
      [Ref Enq: 0.0 ms]
      [Redirty Cards: 5.1 ms]
      [Humongous Register: 1.8 ms]
      [Humongous Reclaim: 0.0 ms]
      [Free CSet: 0.1 ms]
   [Eden: 51200.0K(51200.0K)->0.0B(51200.0K) Survivors: 1024.0K->1024.0K Heap: 246.1M(1024.0M)->196.0M(1024.0M)]
 [Times: user=0.16 sys=0.00, real=0.02 secs] 
2023-06-30T19:29:12.657+0000: 1480572.283: [GC pause (G1 Evacuation Pause) (young), 0.0222149 secs]
   [Parallel Time: 7.5 ms, GC Workers: 43]
      [GC Worker Start (ms): Min: 1480572283.3, Avg: 1480572284.7, Max: 1480572286.0, Diff: 2.7]
      [Ext Root Scanning (ms): Min: 0.0, Avg: 0.6, Max: 1.9, Diff: 1.9, Sum: 23.8]
      [Update RS (ms): Min: 0.0, Avg: 0.1, Max: 0.6, Diff: 0.6, Sum: 5.8]
         [Processed Buffers: Min: 0, Avg: 1.4, Max: 6, Diff: 6, Sum: 59]
      [Scan RS (ms): Min: 0.0, Avg: 0.0, Max: 0.0, Diff: 0.0, Sum: 0.6]
      [Code Root Scanning (ms): Min: 0.0, Avg: 0.0, Max: 0.0, Diff: 0.0, Sum: 0.0]
      [Object Copy (ms): Min: 2.3, Avg: 3.1, Max: 3.7, Diff: 1.4, Sum: 134.7]
      [Termination (ms): Min: 0.4, Avg: 0.8, Max: 1.6, Diff: 1.2, Sum: 33.0]
         [Termination Attempts: Min: 10, Avg: 13.8, Max: 18, Diff: 8, Sum: 593]
      [GC Worker Other (ms): Min: 0.0, Avg: 0.1, Max: 0.4, Diff: 0.4, Sum: 4.5]
      [GC Worker Total (ms): Min: 3.4, Avg: 4.7, Max: 6.1, Diff: 2.7, Sum: 202.5]
      [GC Worker End (ms): Min: 1480572289.3, Avg: 1480572289.5, Max: 1480572289.7, Diff: 0.3]
   [Code Root Fixup: 0.0 ms]
   [Code Root Purge: 0.0 ms]
   [Clear CT: 5.1 ms]
   [Other: 9.6 ms]
      [Choose CSet: 0.0 ms]
      [Ref Proc: 3.9 ms]
      [Ref Enq: 0.0 ms]
      [Redirty Cards: 5.2 ms]
      [Humongous Register: 0.1 ms]
      [Humongous Reclaim: 0.0 ms]
      [Free CSet: 0.1 ms]
   [Eden: 51200.0K(51200.0K)->0.0B(51200.0K) Survivors: 1024.0K->1024.0K Heap: 246.0M(1024.0M)->196.1M(1024.0M)]
 [Times: user=0.25 sys=0.00, real=0.02 secs] 
2023-06-30T20:26:57.742+0000: 1484037.367: [GC pause (G1 Evacuation Pause) (young), 0.0230566 secs]
   [Parallel Time: 7.5 ms, GC Workers: 43]
      [GC Worker Start (ms): Min: 1484037367.6, Avg: 1484037369.0, Max: 1484037370.2, Diff: 2.6]
      [Ext Root Scanning (ms): Min: 0.0, Avg: 0.7, Max: 6.3, Diff: 6.3, Sum: 30.4]
      [Update RS (ms): Min: 0.0, Avg: 0.2, Max: 0.5, Diff: 0.5, Sum: 6.9]
         [Processed Buffers: Min: 0, Avg: 1.5, Max: 6, Diff: 6, Sum: 66]
      [Scan RS (ms): Min: 0.0, Avg: 0.0, Max: 0.0, Diff: 0.0, Sum: 0.4]
      [Code Root Scanning (ms): Min: 0.0, Avg: 0.0, Max: 0.0, Diff: 0.0, Sum: 0.0]
      [Object Copy (ms): Min: 0.0, Avg: 1.8, Max: 2.1, Diff: 2.1, Sum: 78.9]
      [Termination (ms): Min: 0.0, Avg: 2.3, Max: 2.6, Diff: 2.6, Sum: 99.3]
         [Termination Attempts: Min: 1, Avg: 4.9, Max: 9, Diff: 8, Sum: 212]
      [GC Worker Other (ms): Min: 0.0, Avg: 0.0, Max: 0.1, Diff: 0.1, Sum: 1.0]
      [GC Worker Total (ms): Min: 3.8, Avg: 5.0, Max: 6.3, Diff: 2.5, Sum: 216.8]
      [GC Worker End (ms): Min: 1484037373.9, Avg: 1484037374.0, Max: 1484037374.1, Diff: 0.2]
   [Code Root Fixup: 0.0 ms]
   [Code Root Purge: 0.0 ms]
   [Clear CT: 5.3 ms]
   [Other: 10.2 ms]
      [Choose CSet: 0.0 ms]
      [Ref Proc: 4.4 ms]
      [Ref Enq: 0.0 ms]
      [Redirty Cards: 5.1 ms]
      [Humongous Register: 0.1 ms]
      [Humongous Reclaim: 0.0 ms]
      [Free CSet: 0.1 ms]
   [Eden: 51200.0K(51200.0K)->0.0B(51200.0K) Survivors: 1024.0K->1024.0K Heap: 246.1M(1024.0M)->196.0M(1024.0M)]
 [Times: user=0.26 sys=0.01, real=0.02 secs] 
2023-06-30T21:24:44.605+0000: 1487504.230: [GC pause (G1 Evacuation Pause) (young), 0.0198648 secs]
   [Parallel Time: 4.8 ms, GC Workers: 43]
      [GC Worker Start (ms): Min: 1487504230.7, Avg: 1487504232.1, Max: 1487504233.4, Diff: 2.7]
      [Ext Root Scanning (ms): Min: 0.0, Avg: 0.5, Max: 1.7, Diff: 1.7, Sum: 22.0]
      [Update RS (ms): Min: 0.0, Avg: 0.1, Max: 0.5, Diff: 0.5, Sum: 5.3]
         [Processed Buffers: Min: 0, Avg: 1.5, Max: 6, Diff: 6, Sum: 63]
      [Scan RS (ms): Min: 0.0, Avg: 0.0, Max: 0.0, Diff: 0.0, Sum: 0.5]
      [Code Root Scanning (ms): Min: 0.0, Avg: 0.0, Max: 0.0, Diff: 0.0, Sum: 0.0]
      [Object Copy (ms): Min: 0.7, Avg: 1.5, Max: 1.8, Diff: 1.1, Sum: 65.5]
      [Termination (ms): Min: 0.0, Avg: 0.2, Max: 0.5, Diff: 0.4, Sum: 10.7]
         [Termination Attempts: Min: 1, Avg: 3.7, Max: 7, Diff: 6, Sum: 157]
      [GC Worker Other (ms): Min: 0.0, Avg: 0.1, Max: 0.4, Diff: 0.4, Sum: 6.1]
      [GC Worker Total (ms): Min: 1.2, Avg: 2.6, Max: 3.9, Diff: 2.7, Sum: 110.1]
      [GC Worker End (ms): Min: 1487504234.5, Avg: 1487504234.7, Max: 1487504234.9, Diff: 0.4]
   [Code Root Fixup: 0.0 ms]
   [Code Root Purge: 0.0 ms]
   [Clear CT: 5.3 ms]
   [Other: 9.8 ms]
      [Choose CSet: 0.0 ms]
      [Ref Proc: 4.0 ms]
      [Ref Enq: 0.0 ms]
      [Redirty Cards: 5.1 ms]
      [Humongous Register: 0.1 ms]
      [Humongous Reclaim: 0.0 ms]
      [Free CSet: 0.1 ms]
   [Eden: 51200.0K(51200.0K)->0.0B(51200.0K) Survivors: 1024.0K->1024.0K Heap: 246.0M(1024.0M)->196.0M(1024.0M)]
 [Times: user=0.15 sys=0.00, real=0.02 secs] 
2023-06-30T22:22:31.544+0000: 1490971.170: [GC pause (G1 Evacuation Pause) (young), 0.0277418 secs]
   [Parallel Time: 8.0 ms, GC Workers: 43]
      [GC Worker Start (ms): Min: 1490971172.6, Avg: 1490971174.6, Max: 1490971176.4, Diff: 3.8]
      [Ext Root Scanning (ms): Min: 0.0, Avg: 0.9, Max: 2.6, Diff: 2.6, Sum: 36.7]
      [Update RS (ms): Min: 0.0, Avg: 0.2, Max: 0.6, Diff: 0.6, Sum: 10.2]
         [Processed Buffers: Min: 0, Avg: 1.4, Max: 9, Diff: 9, Sum: 60]
      [Scan RS (ms): Min: 0.0, Avg: 0.0, Max: 0.0, Diff: 0.0, Sum: 0.4]
      [Code Root Scanning (ms): Min: 0.0, Avg: 0.0, Max: 0.0, Diff: 0.0, Sum: 0.0]
      [Object Copy (ms): Min: 0.6, Avg: 1.4, Max: 1.6, Diff: 1.1, Sum: 58.1]
      [Termination (ms): Min: 0.1, Avg: 0.2, Max: 0.3, Diff: 0.2, Sum: 7.8]
         [Termination Attempts: Min: 2, Avg: 5.8, Max: 10, Diff: 8, Sum: 250]
      [GC Worker Other (ms): Min: 0.0, Avg: 0.1, Max: 0.3, Diff: 0.3, Sum: 3.4]
      [GC Worker Total (ms): Min: 0.9, Avg: 2.7, Max: 4.6, Diff: 3.8, Sum: 116.6]
      [GC Worker End (ms): Min: 1490971177.3, Avg: 1490971177.3, Max: 1490971177.4, Diff: 0.2]
   [Code Root Fixup: 0.0 ms]
   [Code Root Purge: 0.0 ms]
   [Clear CT: 6.7 ms]
   [Other: 13.1 ms]
      [Choose CSet: 0.0 ms]
      [Ref Proc: 4.8 ms]
      [Ref Enq: 0.0 ms]
      [Redirty Cards: 5.2 ms]
      [Humongous Register: 2.1 ms]
      [Humongous Reclaim: 0.0 ms]
      [Free CSet: 0.2 ms]
   [Eden: 51200.0K(51200.0K)->0.0B(51200.0K) Survivors: 1024.0K->1024.0K Heap: 246.0M(1024.0M)->196.1M(1024.0M)]
 [Times: user=0.18 sys=0.00, real=0.03 secs] 
2023-06-30T23:20:17.577+0000: 1494437.202: [GC pause (G1 Evacuation Pause) (young), 0.0206848 secs]
   [Parallel Time: 5.3 ms, GC Workers: 43]
      [GC Worker Start (ms): Min: 1494437202.7, Avg: 1494437204.1, Max: 1494437205.3, Diff: 2.6]
      [Ext Root Scanning (ms): Min: 0.0, Avg: 0.5, Max: 1.7, Diff: 1.7, Sum: 23.2]
      [Update RS (ms): Min: 0.0, Avg: 0.1, Max: 0.4, Diff: 0.4, Sum: 6.1]
         [Processed Buffers: Min: 0, Avg: 1.4, Max: 7, Diff: 7, Sum: 60]
      [Scan RS (ms): Min: 0.0, Avg: 0.0, Max: 0.0, Diff: 0.0, Sum: 0.5]
      [Code Root Scanning (ms): Min: 0.0, Avg: 0.0, Max: 0.0, Diff: 0.0, Sum: 0.0]
      [Object Copy (ms): Min: 0.8, Avg: 1.3, Max: 1.6, Diff: 0.8, Sum: 57.8]
      [Termination (ms): Min: 0.0, Avg: 0.1, Max: 0.2, Diff: 0.2, Sum: 6.4]
         [Termination Attempts: Min: 3, Avg: 5.1, Max: 8, Diff: 5, Sum: 219]
      [GC Worker Other (ms): Min: 0.0, Avg: 0.1, Max: 0.3, Diff: 0.3, Sum: 5.6]
      [GC Worker Total (ms): Min: 1.0, Avg: 2.3, Max: 3.7, Diff: 2.7, Sum: 99.6]
      [GC Worker End (ms): Min: 1494437206.3, Avg: 1494437206.4, Max: 1494437206.6, Diff: 0.3]
   [Code Root Fixup: 0.0 ms]
   [Code Root Purge: 0.0 ms]
   [Clear CT: 5.1 ms]
   [Other: 10.4 ms]
      [Choose CSet: 0.0 ms]
      [Ref Proc: 4.4 ms]
      [Ref Enq: 0.0 ms]
      [Redirty Cards: 5.2 ms]
      [Humongous Register: 0.1 ms]
      [Humongous Reclaim: 0.0 ms]
      [Free CSet: 0.1 ms]
   [Eden: 51200.0K(51200.0K)->0.0B(51200.0K) Survivors: 1024.0K->1024.0K Heap: 246.1M(1024.0M)->196.1M(1024.0M)]
 [Times: user=0.06 sys=0.08, real=0.02 secs] 
2023-07-01T00:17:53.272+0000: 1497892.898: [GC pause (G1 Evacuation Pause) (young), 0.0195385 secs]
   [Parallel Time: 5.2 ms, GC Workers: 43]
      [GC Worker Start (ms): Min: 1497892898.1, Avg: 1497892899.5, Max: 1497892900.7, Diff: 2.5]
      [Ext Root Scanning (ms): Min: 0.0, Avg: 0.5, Max: 1.7, Diff: 1.7, Sum: 23.4]
      [Update RS (ms): Min: 0.0, Avg: 0.1, Max: 0.5, Diff: 0.5, Sum: 5.8]
         [Processed Buffers: Min: 0, Avg: 1.5, Max: 7, Diff: 7, Sum: 63]
      [Scan RS (ms): Min: 0.0, Avg: 0.0, Max: 0.0, Diff: 0.0, Sum: 0.5]
      [Code Root Scanning (ms): Min: 0.0, Avg: 0.0, Max: 0.0, Diff: 0.0, Sum: 0.0]
      [Object Copy (ms): Min: 0.9, Avg: 1.5, Max: 1.7, Diff: 0.8, Sum: 63.4]
      [Termination (ms): Min: 0.0, Avg: 0.2, Max: 0.3, Diff: 0.3, Sum: 6.9]
         [Termination Attempts: Min: 3, Avg: 5.8, Max: 9, Diff: 6, Sum: 250]
      [GC Worker Other (ms): Min: 0.0, Avg: 0.1, Max: 0.3, Diff: 0.3, Sum: 4.1]
      [GC Worker Total (ms): Min: 1.2, Avg: 2.4, Max: 4.0, Diff: 2.7, Sum: 104.1]
      [GC Worker End (ms): Min: 1497892901.8, Avg: 1497892901.9, Max: 1497892902.1, Diff: 0.3]
   [Code Root Fixup: 0.0 ms]
   [Code Root Purge: 0.0 ms]
   [Clear CT: 5.0 ms]
   [Other: 9.3 ms]
      [Choose CSet: 0.0 ms]
      [Ref Proc: 3.5 ms]
      [Ref Enq: 0.0 ms]
      [Redirty Cards: 5.2 ms]
      [Humongous Register: 0.1 ms]
      [Humongous Reclaim: 0.0 ms]
      [Free CSet: 0.1 ms]
   [Eden: 51200.0K(51200.0K)->0.0B(51200.0K) Survivors: 1024.0K->1024.0K Heap: 246.1M(1024.0M)->196.0M(1024.0M)]
 [Times: user=0.10 sys=0.06, real=0.02 secs] 
2023-07-01T01:15:31.545+0000: 1501351.170: [GC pause (G1 Evacuation Pause) (young), 0.0230671 secs]
   [Parallel Time: 6.9 ms, GC Workers: 43]
      [GC Worker Start (ms): Min: 1501351170.4, Avg: 1501351171.7, Max: 1501351173.0, Diff: 2.6]
      [Ext Root Scanning (ms): Min: 0.0, Avg: 0.7, Max: 5.9, Diff: 5.9, Sum: 32.1]
      [Update RS (ms): Min: 0.0, Avg: 0.1, Max: 0.5, Diff: 0.5, Sum: 6.1]
         [Processed Buffers: Min: 0, Avg: 1.4, Max: 8, Diff: 8, Sum: 60]
      [Scan RS (ms): Min: 0.0, Avg: 0.0, Max: 0.0, Diff: 0.0, Sum: 0.6]
      [Code Root Scanning (ms): Min: 0.0, Avg: 0.0, Max: 0.0, Diff: 0.0, Sum: 0.0]
      [Object Copy (ms): Min: 0.0, Avg: 2.6, Max: 3.3, Diff: 3.3, Sum: 111.7]
      [Termination (ms): Min: 0.0, Avg: 1.1, Max: 2.0, Diff: 2.0, Sum: 47.3]
         [Termination Attempts: Min: 1, Avg: 16.0, Max: 24, Diff: 23, Sum: 686]
      [GC Worker Other (ms): Min: 0.0, Avg: 0.0, Max: 0.2, Diff: 0.2, Sum: 1.6]
      [GC Worker Total (ms): Min: 3.4, Avg: 4.6, Max: 6.1, Diff: 2.7, Sum: 199.5]
      [GC Worker End (ms): Min: 1501351176.3, Avg: 1501351176.4, Max: 1501351176.5, Diff: 0.2]
   [Code Root Fixup: 0.0 ms]
   [Code Root Purge: 0.0 ms]
   [Clear CT: 5.4 ms]
   [Other: 10.8 ms]
      [Choose CSet: 0.0 ms]
      [Ref Proc: 4.9 ms]
      [Ref Enq: 0.0 ms]
      [Redirty Cards: 5.3 ms]
      [Humongous Register: 0.1 ms]
      [Humongous Reclaim: 0.0 ms]
      [Free CSet: 0.1 ms]
   [Eden: 51200.0K(51200.0K)->0.0B(51200.0K) Survivors: 1024.0K->1024.0K Heap: 246.0M(1024.0M)->196.1M(1024.0M)]
 [Times: user=0.25 sys=0.00, real=0.02 secs] 
2023-07-01T02:13:16.998+0000: 1504816.624: [GC pause (G1 Evacuation Pause) (young), 0.0217934 secs]
   [Parallel Time: 5.3 ms, GC Workers: 43]
      [GC Worker Start (ms): Min: 1504816624.3, Avg: 1504816625.7, Max: 1504816627.1, Diff: 2.8]
      [Ext Root Scanning (ms): Min: 0.0, Avg: 0.5, Max: 1.6, Diff: 1.6, Sum: 19.5]
      [Update RS (ms): Min: 0.0, Avg: 0.1, Max: 0.4, Diff: 0.4, Sum: 5.6]
         [Processed Buffers: Min: 0, Avg: 1.5, Max: 8, Diff: 8, Sum: 63]
      [Scan RS (ms): Min: 0.0, Avg: 0.0, Max: 0.0, Diff: 0.0, Sum: 0.5]
      [Code Root Scanning (ms): Min: 0.0, Avg: 0.0, Max: 0.0, Diff: 0.0, Sum: 0.0]
      [Object Copy (ms): Min: 1.0, Avg: 1.6, Max: 1.9, Diff: 0.8, Sum: 69.5]
      [Termination (ms): Min: 0.0, Avg: 0.2, Max: 0.4, Diff: 0.4, Sum: 9.0]
         [Termination Attempts: Min: 2, Avg: 6.7, Max: 10, Diff: 8, Sum: 286]
      [GC Worker Other (ms): Min: 0.0, Avg: 0.1, Max: 0.2, Diff: 0.2, Sum: 2.5]
      [GC Worker Total (ms): Min: 1.1, Avg: 2.5, Max: 3.9, Diff: 2.8, Sum: 106.6]
      [GC Worker End (ms): Min: 1504816628.2, Avg: 1504816628.2, Max: 1504816628.3, Diff: 0.2]
   [Code Root Fixup: 0.0 ms]
   [Code Root Purge: 0.0 ms]
   [Clear CT: 5.6 ms]
   [Other: 10.9 ms]
      [Choose CSet: 0.0 ms]
      [Ref Proc: 4.7 ms]
      [Ref Enq: 0.0 ms]
      [Redirty Cards: 5.5 ms]
      [Humongous Register: 0.1 ms]
      [Humongous Reclaim: 0.0 ms]
      [Free CSet: 0.1 ms]
   [Eden: 51200.0K(51200.0K)->0.0B(51200.0K) Survivors: 1024.0K->1024.0K Heap: 246.1M(1024.0M)->196.0M(1024.0M)]
 [Times: user=0.16 sys=0.00, real=0.02 secs] 
2023-07-01T03:11:02.591+0000: 1508282.216: [GC pause (G1 Evacuation Pause) (young), 0.0212278 secs]
   [Parallel Time: 5.8 ms, GC Workers: 43]
      [GC Worker Start (ms): Min: 1508282217.0, Avg: 1508282218.4, Max: 1508282219.5, Diff: 2.5]
      [Ext Root Scanning (ms): Min: 0.0, Avg: 0.9, Max: 2.3, Diff: 2.3, Sum: 40.6]
      [Update RS (ms): Min: 0.0, Avg: 0.3, Max: 0.6, Diff: 0.6, Sum: 12.4]
         [Processed Buffers: Min: 0, Avg: 1.5, Max: 5, Diff: 5, Sum: 66]
      [Scan RS (ms): Min: 0.0, Avg: 0.0, Max: 0.0, Diff: 0.0, Sum: 0.6]
      [Code Root Scanning (ms): Min: 0.0, Avg: 0.0, Max: 0.0, Diff: 0.0, Sum: 0.0]
      [Object Copy (ms): Min: 1.0, Avg: 1.3, Max: 1.6, Diff: 0.6, Sum: 58.0]
      [Termination (ms): Min: 0.1, Avg: 0.2, Max: 0.3, Diff: 0.3, Sum: 7.8]
         [Termination Attempts: Min: 2, Avg: 4.9, Max: 8, Diff: 6, Sum: 212]
      [GC Worker Other (ms): Min: 0.0, Avg: 0.2, Max: 0.7, Diff: 0.6, Sum: 6.5]
      [GC Worker Total (ms): Min: 1.8, Avg: 2.9, Max: 4.5, Diff: 2.7, Sum: 126.0]
      [GC Worker End (ms): Min: 1508282221.3, Avg: 1508282221.3, Max: 1508282221.5, Diff: 0.3]
   [Code Root Fixup: 0.0 ms]
   [Code Root Purge: 0.0 ms]
   [Clear CT: 5.0 ms]
   [Other: 10.4 ms]
      [Choose CSet: 0.0 ms]
      [Ref Proc: 4.4 ms]
      [Ref Enq: 0.0 ms]
      [Redirty Cards: 5.1 ms]
      [Humongous Register: 0.3 ms]
      [Humongous Reclaim: 0.0 ms]
      [Free CSet: 0.2 ms]
   [Eden: 51200.0K(51200.0K)->0.0B(51200.0K) Survivors: 1024.0K->1024.0K Heap: 246.0M(1024.0M)->196.1M(1024.0M)]
 [Times: user=0.06 sys=0.10, real=0.02 secs] 
2023-07-01T04:08:43.217+0000: 1511742.842: [GC pause (G1 Evacuation Pause) (young), 0.0225180 secs]
   [Parallel Time: 6.2 ms, GC Workers: 43]
      [GC Worker Start (ms): Min: 1511742844.7, Avg: 1511742846.8, Max: 1511742849.4, Diff: 4.7]
      [Ext Root Scanning (ms): Min: 0.0, Avg: 0.5, Max: 5.0, Diff: 4.9, Sum: 23.3]
      [Update RS (ms): Min: 0.0, Avg: 0.1, Max: 0.5, Diff: 0.5, Sum: 4.6]
         [Processed Buffers: Min: 0, Avg: 1.4, Max: 10, Diff: 10, Sum: 62]
      [Scan RS (ms): Min: 0.0, Avg: 0.0, Max: 0.0, Diff: 0.0, Sum: 0.4]
      [Code Root Scanning (ms): Min: 0.0, Avg: 0.0, Max: 0.0, Diff: 0.0, Sum: 0.0]
      [Object Copy (ms): Min: 0.0, Avg: 0.9, Max: 1.5, Diff: 1.5, Sum: 40.7]
      [Termination (ms): Min: 0.0, Avg: 1.4, Max: 1.7, Diff: 1.7, Sum: 61.2]
         [Termination Attempts: Min: 1, Avg: 4.0, Max: 9, Diff: 8, Sum: 170]
      [GC Worker Other (ms): Min: 0.0, Avg: 0.0, Max: 0.1, Diff: 0.1, Sum: 1.5]
      [GC Worker Total (ms): Min: 0.5, Avg: 3.1, Max: 5.0, Diff: 4.5, Sum: 131.8]
      [GC Worker End (ms): Min: 1511742849.7, Avg: 1511742849.8, Max: 1511742850.0, Diff: 0.2]
   [Code Root Fixup: 0.0 ms]
   [Code Root Purge: 0.0 ms]
   [Clear CT: 5.2 ms]
   [Other: 11.2 ms]
      [Choose CSet: 0.0 ms]
      [Ref Proc: 3.6 ms]
      [Ref Enq: 0.0 ms]
      [Redirty Cards: 5.1 ms]
      [Humongous Register: 1.9 ms]
      [Humongous Reclaim: 0.0 ms]
      [Free CSet: 0.1 ms]
   [Eden: 51200.0K(51200.0K)->0.0B(51200.0K) Survivors: 1024.0K->1024.0K Heap: 246.1M(1024.0M)->196.0M(1024.0M)]
 [Times: user=0.15 sys=0.05, real=0.02 secs] 
2023-07-01T05:06:29.682+0000: 1515209.307: [GC pause (G1 Evacuation Pause) (young), 0.0210464 secs]
   [Parallel Time: 5.3 ms, GC Workers: 43]
      [GC Worker Start (ms): Min: 1515209307.4, Avg: 1515209308.8, Max: 1515209310.6, Diff: 3.3]
      [Ext Root Scanning (ms): Min: 0.0, Avg: 0.5, Max: 1.9, Diff: 1.9, Sum: 20.1]
      [Update RS (ms): Min: 0.0, Avg: 0.1, Max: 0.4, Diff: 0.4, Sum: 4.3]
         [Processed Buffers: Min: 0, Avg: 1.3, Max: 6, Diff: 6, Sum: 58]
      [Scan RS (ms): Min: 0.0, Avg: 0.0, Max: 0.0, Diff: 0.0, Sum: 0.5]
      [Code Root Scanning (ms): Min: 0.0, Avg: 0.0, Max: 0.0, Diff: 0.0, Sum: 0.0]
      [Object Copy (ms): Min: 0.1, Avg: 1.2, Max: 1.6, Diff: 1.5, Sum: 53.7]
      [Termination (ms): Min: 0.0, Avg: 0.2, Max: 0.4, Diff: 0.4, Sum: 8.2]
         [Termination Attempts: Min: 1, Avg: 5.3, Max: 10, Diff: 9, Sum: 230]
      [GC Worker Other (ms): Min: 0.0, Avg: 0.1, Max: 0.2, Diff: 0.2, Sum: 2.9]
      [GC Worker Total (ms): Min: 0.2, Avg: 2.1, Max: 3.6, Diff: 3.4, Sum: 89.9]
      [GC Worker End (ms): Min: 1515209310.8, Avg: 1515209310.9, Max: 1515209311.0, Diff: 0.2]
   [Code Root Fixup: 0.0 ms]
   [Code Root Purge: 0.0 ms]
   [Clear CT: 5.1 ms]
   [Other: 10.6 ms]
      [Choose CSet: 0.0 ms]
      [Ref Proc: 4.9 ms]
      [Ref Enq: 0.0 ms]
      [Redirty Cards: 5.0 ms]
      [Humongous Register: 0.1 ms]
      [Humongous Reclaim: 0.0 ms]
      [Free CSet: 0.1 ms]
   [Eden: 51200.0K(51200.0K)->0.0B(51200.0K) Survivors: 1024.0K->1024.0K Heap: 246.0M(1024.0M)->196.1M(1024.0M)]
 [Times: user=0.14 sys=0.00, real=0.02 secs] 
2023-07-01T06:04:07.591+0000: 1518667.217: [GC pause (G1 Evacuation Pause) (young), 0.0214653 secs]
   [Parallel Time: 5.6 ms, GC Workers: 43]
      [GC Worker Start (ms): Min: 1518667216.8, Avg: 1518667218.2, Max: 1518667219.4, Diff: 2.6]
      [Ext Root Scanning (ms): Min: 0.0, Avg: 0.5, Max: 1.8, Diff: 1.8, Sum: 23.6]
      [Update RS (ms): Min: 0.0, Avg: 0.1, Max: 0.5, Diff: 0.5, Sum: 6.0]
         [Processed Buffers: Min: 0, Avg: 1.5, Max: 7, Diff: 7, Sum: 63]
      [Scan RS (ms): Min: 0.0, Avg: 0.0, Max: 0.0, Diff: 0.0, Sum: 0.4]
      [Code Root Scanning (ms): Min: 0.0, Avg: 0.0, Max: 0.0, Diff: 0.0, Sum: 0.0]
      [Object Copy (ms): Min: 0.9, Avg: 1.4, Max: 1.7, Diff: 0.8, Sum: 60.3]
      [Termination (ms): Min: 0.1, Avg: 0.2, Max: 0.3, Diff: 0.2, Sum: 7.3]
         [Termination Attempts: Min: 2, Avg: 5.3, Max: 9, Diff: 7, Sum: 228]
      [GC Worker Other (ms): Min: 0.0, Avg: 0.1, Max: 0.2, Diff: 0.2, Sum: 3.5]
      [GC Worker Total (ms): Min: 1.1, Avg: 2.4, Max: 3.9, Diff: 2.8, Sum: 101.2]
      [GC Worker End (ms): Min: 1518667220.5, Avg: 1518667220.6, Max: 1518667220.7, Diff: 0.3]
   [Code Root Fixup: 0.0 ms]
   [Code Root Purge: 0.0 ms]
   [Clear CT: 5.4 ms]
   [Other: 10.4 ms]
      [Choose CSet: 0.0 ms]
      [Ref Proc: 4.3 ms]
      [Ref Enq: 0.0 ms]
      [Redirty Cards: 5.4 ms]
      [Humongous Register: 0.1 ms]
      [Humongous Reclaim: 0.0 ms]
      [Free CSet: 0.1 ms]
   [Eden: 51200.0K(51200.0K)->0.0B(51200.0K) Survivors: 1024.0K->1024.0K Heap: 246.1M(1024.0M)->196.1M(1024.0M)]
 [Times: user=0.15 sys=0.00, real=0.02 secs] 
2023-07-01T07:01:42.591+0000: 1522122.216: [GC pause (G1 Evacuation Pause) (young), 0.0221853 secs]
   [Parallel Time: 6.9 ms, GC Workers: 43]
      [GC Worker Start (ms): Min: 1522122216.8, Avg: 1522122218.2, Max: 1522122219.4, Diff: 2.6]
      [Ext Root Scanning (ms): Min: 0.0, Avg: 0.5, Max: 1.8, Diff: 1.8, Sum: 23.5]
      [Update RS (ms): Min: 0.0, Avg: 0.1, Max: 0.5, Diff: 0.5, Sum: 6.0]
         [Processed Buffers: Min: 0, Avg: 1.4, Max: 6, Diff: 6, Sum: 61]
      [Scan RS (ms): Min: 0.0, Avg: 0.0, Max: 0.0, Diff: 0.0, Sum: 0.5]
      [Code Root Scanning (ms): Min: 0.0, Avg: 0.0, Max: 0.0, Diff: 0.0, Sum: 0.0]
      [Object Copy (ms): Min: 1.6, Avg: 2.6, Max: 3.3, Diff: 1.7, Sum: 112.7]
      [Termination (ms): Min: 0.4, Avg: 1.0, Max: 1.8, Diff: 1.4, Sum: 42.4]
         [Termination Attempts: Min: 10, Avg: 15.8, Max: 21, Diff: 11, Sum: 680]
      [GC Worker Other (ms): Min: 0.0, Avg: 0.1, Max: 0.5, Diff: 0.4, Sum: 4.0]
      [GC Worker Total (ms): Min: 3.2, Avg: 4.4, Max: 5.8, Diff: 2.6, Sum: 189.1]
      [GC Worker End (ms): Min: 1522122222.5, Avg: 1522122222.6, Max: 1522122222.7, Diff: 0.2]
   [Code Root Fixup: 0.0 ms]
   [Code Root Purge: 0.0 ms]
   [Clear CT: 5.0 ms]
   [Other: 10.3 ms]
      [Choose CSet: 0.0 ms]
      [Ref Proc: 4.5 ms]
      [Ref Enq: 0.0 ms]
      [Redirty Cards: 5.1 ms]
      [Humongous Register: 0.1 ms]
      [Humongous Reclaim: 0.0 ms]
      [Free CSet: 0.1 ms]
   [Eden: 51200.0K(51200.0K)->0.0B(51200.0K) Survivors: 1024.0K->1024.0K Heap: 246.1M(1024.0M)->196.1M(1024.0M)]
 [Times: user=0.25 sys=0.00, real=0.02 secs] 
2023-07-01T07:59:22.591+0000: 1525582.217: [GC pause (G1 Evacuation Pause) (young), 0.0212214 secs]
   [Parallel Time: 7.1 ms, GC Workers: 43]
      [GC Worker Start (ms): Min: 1525582217.2, Avg: 1525582218.6, Max: 1525582219.8, Diff: 2.6]
      [Ext Root Scanning (ms): Min: 0.0, Avg: 1.3, Max: 6.4, Diff: 6.4, Sum: 54.6]
      [Update RS (ms): Min: 0.0, Avg: 0.5, Max: 2.9, Diff: 2.9, Sum: 19.5]
         [Processed Buffers: Min: 0, Avg: 1.3, Max: 6, Diff: 6, Sum: 55]
      [Scan RS (ms): Min: 0.0, Avg: 0.0, Max: 0.0, Diff: 0.0, Sum: 0.4]
      [Code Root Scanning (ms): Min: 0.0, Avg: 0.0, Max: 0.0, Diff: 0.0, Sum: 0.0]
      [Object Copy (ms): Min: 0.0, Avg: 1.5, Max: 1.9, Diff: 1.9, Sum: 63.7]
      [Termination (ms): Min: 0.0, Avg: 1.9, Max: 2.2, Diff: 2.2, Sum: 80.8]
         [Termination Attempts: Min: 1, Avg: 5.8, Max: 10, Diff: 9, Sum: 250]
      [GC Worker Other (ms): Min: 0.0, Avg: 0.0, Max: 0.1, Diff: 0.1, Sum: 1.5]
      [GC Worker Total (ms): Min: 3.8, Avg: 5.1, Max: 6.6, Diff: 2.7, Sum: 220.5]
      [GC Worker End (ms): Min: 1525582223.6, Avg: 1525582223.7, Max: 1525582223.8, Diff: 0.2]
   [Code Root Fixup: 0.0 ms]
   [Code Root Purge: 0.0 ms]
   [Clear CT: 5.0 ms]
   [Other: 9.1 ms]
      [Choose CSet: 0.0 ms]
      [Ref Proc: 3.0 ms]
      [Ref Enq: 0.0 ms]
      [Redirty Cards: 4.9 ms]
      [Humongous Register: 0.3 ms]
      [Humongous Reclaim: 0.0 ms]
      [Free CSet: 0.4 ms]
   [Eden: 51200.0K(51200.0K)->0.0B(51200.0K) Survivors: 1024.0K->1024.0K Heap: 246.1M(1024.0M)->196.1M(1024.0M)]
 [Times: user=0.26 sys=0.00, real=0.02 secs] 
2023-07-01T08:57:22.007+0000: 1529061.633: [GC pause (G1 Evacuation Pause) (young), 0.0267501 secs]
   [Parallel Time: 6.8 ms, GC Workers: 43]
      [GC Worker Start (ms): Min: 1529061635.1, Avg: 1529061637.1, Max: 1529061639.8, Diff: 4.8]
      [Ext Root Scanning (ms): Min: 0.0, Avg: 0.4, Max: 2.1, Diff: 2.1, Sum: 17.4]
      [Update RS (ms): Min: 0.0, Avg: 0.1, Max: 0.5, Diff: 0.5, Sum: 5.2]
         [Processed Buffers: Min: 0, Avg: 1.5, Max: 8, Diff: 8, Sum: 63]
      [Scan RS (ms): Min: 0.0, Avg: 0.0, Max: 0.0, Diff: 0.0, Sum: 0.5]
      [Code Root Scanning (ms): Min: 0.0, Avg: 0.0, Max: 0.0, Diff: 0.0, Sum: 0.0]
      [Object Copy (ms): Min: 0.0, Avg: 1.1, Max: 1.7, Diff: 1.7, Sum: 48.2]
      [Termination (ms): Min: 0.0, Avg: 1.2, Max: 1.6, Diff: 1.6, Sum: 49.5]
         [Termination Attempts: Min: 1, Avg: 5.7, Max: 11, Diff: 10, Sum: 243]
      [GC Worker Other (ms): Min: 0.0, Avg: 0.0, Max: 0.1, Diff: 0.1, Sum: 1.4]
      [GC Worker Total (ms): Min: 0.1, Avg: 2.8, Max: 4.8, Diff: 4.8, Sum: 122.3]
      [GC Worker End (ms): Min: 1529061639.9, Avg: 1529061639.9, Max: 1529061640.1, Diff: 0.2]
   [Code Root Fixup: 0.0 ms]
   [Code Root Purge: 0.0 ms]
   [Clear CT: 4.9 ms]
   [Other: 15.1 ms]
      [Choose CSet: 0.0 ms]
      [Ref Proc: 7.2 ms]
      [Ref Enq: 0.0 ms]
      [Redirty Cards: 5.0 ms]
      [Humongous Register: 1.8 ms]
      [Humongous Reclaim: 0.0 ms]
      [Free CSet: 0.1 ms]
   [Eden: 51200.0K(51200.0K)->0.0B(51200.0K) Survivors: 1024.0K->1024.0K Heap: 246.1M(1024.0M)->196.1M(1024.0M)]
 [Times: user=0.29 sys=0.00, real=0.03 secs] 
2023-07-01T09:55:14.721+0000: 1532534.346: [GC pause (G1 Evacuation Pause) (young), 0.0203532 secs]
   [Parallel Time: 4.9 ms, GC Workers: 43]
      [GC Worker Start (ms): Min: 1532534346.9, Avg: 1532534348.4, Max: 1532534349.6, Diff: 2.7]
      [Ext Root Scanning (ms): Min: 0.0, Avg: 0.5, Max: 1.8, Diff: 1.8, Sum: 22.2]
      [Update RS (ms): Min: 0.0, Avg: 0.1, Max: 0.5, Diff: 0.5, Sum: 5.5]
         [Processed Buffers: Min: 0, Avg: 1.4, Max: 5, Diff: 5, Sum: 62]
      [Scan RS (ms): Min: 0.0, Avg: 0.0, Max: 0.0, Diff: 0.0, Sum: 0.5]
      [Code Root Scanning (ms): Min: 0.0, Avg: 0.0, Max: 0.0, Diff: 0.0, Sum: 0.0]
      [Object Copy (ms): Min: 0.8, Avg: 1.4, Max: 1.6, Diff: 0.8, Sum: 58.7]
      [Termination (ms): Min: 0.0, Avg: 0.1, Max: 0.3, Diff: 0.3, Sum: 5.7]
         [Termination Attempts: Min: 2, Avg: 5.2, Max: 8, Diff: 6, Sum: 224]
      [GC Worker Other (ms): Min: 0.0, Avg: 0.1, Max: 0.4, Diff: 0.4, Sum: 4.5]
      [GC Worker Total (ms): Min: 1.0, Avg: 2.3, Max: 3.7, Diff: 2.7, Sum: 97.1]
      [GC Worker End (ms): Min: 1532534350.5, Avg: 1532534350.6, Max: 1532534350.8, Diff: 0.3]
   [Code Root Fixup: 0.0 ms]
   [Code Root Purge: 0.0 ms]
   [Clear CT: 5.5 ms]
   [Other: 9.9 ms]
      [Choose CSet: 0.0 ms]
      [Ref Proc: 3.8 ms]
      [Ref Enq: 0.0 ms]
      [Redirty Cards: 5.3 ms]
      [Humongous Register: 0.2 ms]
      [Humongous Reclaim: 0.0 ms]
      [Free CSet: 0.2 ms]
   [Eden: 51200.0K(51200.0K)->0.0B(51200.0K) Survivors: 1024.0K->1024.0K Heap: 246.1M(1024.0M)->196.1M(1024.0M)]
 [Times: user=0.14 sys=0.00, real=0.03 secs] 
2023-07-01T10:53:23.689+0000: 1536023.315: [GC pause (G1 Evacuation Pause) (young), 0.0234687 secs]
   [Parallel Time: 8.0 ms, GC Workers: 43]
      [GC Worker Start (ms): Min: 1536023315.2, Avg: 1536023316.6, Max: 1536023317.8, Diff: 2.7]
      [Ext Root Scanning (ms): Min: 0.0, Avg: 0.6, Max: 1.8, Diff: 1.8, Sum: 23.8]
      [Update RS (ms): Min: 0.0, Avg: 0.1, Max: 0.4, Diff: 0.4, Sum: 5.5]
         [Processed Buffers: Min: 0, Avg: 1.4, Max: 5, Diff: 5, Sum: 62]
      [Scan RS (ms): Min: 0.0, Avg: 0.0, Max: 0.0, Diff: 0.0, Sum: 0.5]
      [Code Root Scanning (ms): Min: 0.0, Avg: 0.0, Max: 0.0, Diff: 0.0, Sum: 0.0]
      [Object Copy (ms): Min: 1.0, Avg: 2.5, Max: 3.2, Diff: 2.3, Sum: 109.1]
      [Termination (ms): Min: 0.6, Avg: 1.2, Max: 2.7, Diff: 2.1, Sum: 52.1]
         [Termination Attempts: Min: 8, Avg: 16.1, Max: 24, Diff: 16, Sum: 694]
      [GC Worker Other (ms): Min: 0.0, Avg: 0.1, Max: 0.2, Diff: 0.2, Sum: 2.6]
      [GC Worker Total (ms): Min: 3.2, Avg: 4.5, Max: 5.9, Diff: 2.6, Sum: 193.5]
      [GC Worker End (ms): Min: 1536023321.0, Avg: 1536023321.1, Max: 1536023321.2, Diff: 0.2]
   [Code Root Fixup: 0.0 ms]
   [Code Root Purge: 0.0 ms]
   [Clear CT: 5.1 ms]
   [Other: 10.4 ms]
      [Choose CSet: 0.0 ms]
      [Ref Proc: 4.7 ms]
      [Ref Enq: 0.0 ms]
      [Redirty Cards: 5.0 ms]
      [Humongous Register: 0.1 ms]
      [Humongous Reclaim: 0.0 ms]
      [Free CSet: 0.1 ms]
   [Eden: 51200.0K(51200.0K)->0.0B(51200.0K) Survivors: 1024.0K->1024.0K Heap: 246.1M(1024.0M)->196.1M(1024.0M)]
 [Times: user=0.24 sys=0.01, real=0.02 secs] 
2023-07-01T11:51:17.591+0000: 1539497.217: [GC pause (G1 Evacuation Pause) (young), 0.0271588 secs]
   [Parallel Time: 9.9 ms, GC Workers: 43]
      [GC Worker Start (ms): Min: 1539497216.8, Avg: 1539497218.3, Max: 1539497219.5, Diff: 2.7]
      [Ext Root Scanning (ms): Min: 0.0, Avg: 0.7, Max: 5.6, Diff: 5.6, Sum: 31.6]
      [Update RS (ms): Min: 0.0, Avg: 0.2, Max: 0.5, Diff: 0.5, Sum: 6.8]
         [Processed Buffers: Min: 0, Avg: 1.4, Max: 5, Diff: 5, Sum: 61]
      [Scan RS (ms): Min: 0.0, Avg: 0.0, Max: 0.0, Diff: 0.0, Sum: 0.6]
      [Code Root Scanning (ms): Min: 0.0, Avg: 0.0, Max: 0.0, Diff: 0.0, Sum: 0.0]
      [Object Copy (ms): Min: 0.0, Avg: 1.6, Max: 1.9, Diff: 1.9, Sum: 70.5]
      [Termination (ms): Min: 0.0, Avg: 1.7, Max: 2.0, Diff: 2.0, Sum: 73.9]
         [Termination Attempts: Min: 1, Avg: 5.5, Max: 10, Diff: 9, Sum: 236]
      [GC Worker Other (ms): Min: 0.0, Avg: 0.0, Max: 0.3, Diff: 0.3, Sum: 1.6]
      [GC Worker Total (ms): Min: 3.1, Avg: 4.3, Max: 5.7, Diff: 2.6, Sum: 185.0]
      [GC Worker End (ms): Min: 1539497222.5, Avg: 1539497222.6, Max: 1539497222.7, Diff: 0.2]
   [Code Root Fixup: 0.0 ms]
   [Code Root Purge: 0.0 ms]
   [Clear CT: 6.8 ms]
   [Other: 10.5 ms]
      [Choose CSet: 0.0 ms]
      [Ref Proc: 4.8 ms]
      [Ref Enq: 0.0 ms]
      [Redirty Cards: 5.1 ms]
      [Humongous Register: 0.1 ms]
      [Humongous Reclaim: 0.0 ms]
      [Free CSet: 0.2 ms]
   [Eden: 51200.0K(51200.0K)->0.0B(51200.0K) Survivors: 1024.0K->1024.0K Heap: 246.1M(1024.0M)->196.1M(1024.0M)]
 [Times: user=0.24 sys=0.00, real=0.02 secs] 
2023-07-01T12:49:23.097+0000: 1542982.723: [GC pause (G1 Evacuation Pause) (young), 0.0275125 secs]
   [Parallel Time: 7.5 ms, GC Workers: 43]
      [GC Worker Start (ms): Min: 1542982725.7, Avg: 1542982727.8, Max: 1542982730.7, Diff: 5.1]
      [Ext Root Scanning (ms): Min: 0.0, Avg: 0.8, Max: 3.2, Diff: 3.2, Sum: 33.5]
      [Update RS (ms): Min: 0.0, Avg: 0.2, Max: 0.6, Diff: 0.6, Sum: 7.1]
         [Processed Buffers: Min: 0, Avg: 1.4, Max: 6, Diff: 6, Sum: 61]
      [Scan RS (ms): Min: 0.0, Avg: 0.0, Max: 0.0, Diff: 0.0, Sum: 0.4]
      [Code Root Scanning (ms): Min: 0.0, Avg: 0.0, Max: 0.0, Diff: 0.0, Sum: 0.0]
      [Object Copy (ms): Min: 0.0, Avg: 1.6, Max: 1.9, Diff: 1.9, Sum: 70.5]
      [Termination (ms): Min: 0.0, Avg: 0.5, Max: 0.7, Diff: 0.7, Sum: 20.3]
         [Termination Attempts: Min: 1, Avg: 5.0, Max: 8, Diff: 7, Sum: 213]
      [GC Worker Other (ms): Min: 0.0, Avg: 0.0, Max: 0.1, Diff: 0.1, Sum: 1.8]
      [GC Worker Total (ms): Min: 0.0, Avg: 3.1, Max: 5.2, Diff: 5.2, Sum: 133.7]
      [GC Worker End (ms): Min: 1542982730.8, Avg: 1542982730.9, Max: 1542982731.0, Diff: 0.2]
   [Code Root Fixup: 0.0 ms]
   [Code Root Purge: 0.0 ms]
   [Clear CT: 7.0 ms]
   [Other: 13.0 ms]
      [Choose CSet: 0.0 ms]
      [Ref Proc: 4.7 ms]
      [Ref Enq: 0.0 ms]
      [Redirty Cards: 5.4 ms]
      [Humongous Register: 2.0 ms]
      [Humongous Reclaim: 0.0 ms]
      [Free CSet: 0.2 ms]
   [Eden: 51200.0K(51200.0K)->0.0B(51200.0K) Survivors: 1024.0K->1024.0K Heap: 246.1M(1024.0M)->196.1M(1024.0M)]
 [Times: user=0.19 sys=0.00, real=0.03 secs] 
2023-07-01T13:47:22.515+0000: 1546462.141: [GC pause (G1 Evacuation Pause) (young), 0.0212054 secs]
   [Parallel Time: 5.2 ms, GC Workers: 43]
      [GC Worker Start (ms): Min: 1546462141.0, Avg: 1546462142.5, Max: 1546462143.7, Diff: 2.7]
      [Ext Root Scanning (ms): Min: 0.0, Avg: 0.6, Max: 1.9, Diff: 1.8, Sum: 23.8]
      [Update RS (ms): Min: 0.0, Avg: 0.1, Max: 0.4, Diff: 0.4, Sum: 6.1]
         [Processed Buffers: Min: 0, Avg: 1.4, Max: 7, Diff: 7, Sum: 62]
      [Scan RS (ms): Min: 0.0, Avg: 0.0, Max: 0.0, Diff: 0.0, Sum: 0.5]
      [Code Root Scanning (ms): Min: 0.0, Avg: 0.0, Max: 0.0, Diff: 0.0, Sum: 0.0]
      [Object Copy (ms): Min: 1.1, Avg: 1.7, Max: 2.0, Diff: 0.8, Sum: 73.9]
      [Termination (ms): Min: 0.1, Avg: 0.2, Max: 0.3, Diff: 0.3, Sum: 8.7]
         [Termination Attempts: Min: 2, Avg: 4.7, Max: 9, Diff: 7, Sum: 201]
      [GC Worker Other (ms): Min: 0.0, Avg: 0.1, Max: 0.3, Diff: 0.3, Sum: 3.0]
      [GC Worker Total (ms): Min: 1.5, Avg: 2.7, Max: 4.2, Diff: 2.7, Sum: 116.2]
      [GC Worker End (ms): Min: 1546462145.1, Avg: 1546462145.2, Max: 1546462145.4, Diff: 0.2]
   [Code Root Fixup: 0.0 ms]
   [Code Root Purge: 0.0 ms]
   [Clear CT: 5.6 ms]
   [Other: 10.4 ms]
      [Choose CSet: 0.0 ms]
      [Ref Proc: 4.5 ms]
      [Ref Enq: 0.0 ms]
      [Redirty Cards: 5.5 ms]
      [Humongous Register: 0.1 ms]
      [Humongous Reclaim: 0.0 ms]
      [Free CSet: 0.1 ms]
   [Eden: 51200.0K(51200.0K)->0.0B(51200.0K) Survivors: 1024.0K->1024.0K Heap: 246.1M(1024.0M)->196.1M(1024.0M)]
 [Times: user=0.18 sys=0.00, real=0.02 secs] 
2023-07-01T14:45:25.462+0000: 1549945.087: [GC pause (G1 Evacuation Pause) (young), 0.0234762 secs]
   [Parallel Time: 6.5 ms, GC Workers: 43]
      [GC Worker Start (ms): Min: 1549945087.5, Avg: 1549945088.9, Max: 1549945090.2, Diff: 2.7]
      [Ext Root Scanning (ms): Min: 0.0, Avg: 0.5, Max: 1.7, Diff: 1.7, Sum: 22.5]
      [Update RS (ms): Min: 0.0, Avg: 0.1, Max: 0.5, Diff: 0.5, Sum: 5.8]
         [Processed Buffers: Min: 0, Avg: 1.4, Max: 6, Diff: 6, Sum: 62]
      [Scan RS (ms): Min: 0.0, Avg: 0.0, Max: 0.0, Diff: 0.0, Sum: 0.4]
      [Code Root Scanning (ms): Min: 0.0, Avg: 0.0, Max: 0.0, Diff: 0.0, Sum: 0.0]
      [Object Copy (ms): Min: 1.8, Avg: 2.4, Max: 2.6, Diff: 0.8, Sum: 101.6]
      [Termination (ms): Min: 0.2, Avg: 0.4, Max: 0.6, Diff: 0.4, Sum: 15.2]
         [Termination Attempts: Min: 4, Avg: 9.1, Max: 14, Diff: 10, Sum: 392]
      [GC Worker Other (ms): Min: 0.0, Avg: 0.1, Max: 0.3, Diff: 0.3, Sum: 4.5]
      [GC Worker Total (ms): Min: 2.2, Avg: 3.5, Max: 5.0, Diff: 2.8, Sum: 150.0]
      [GC Worker End (ms): Min: 1549945092.3, Avg: 1549945092.4, Max: 1549945092.6, Diff: 0.3]
   [Code Root Fixup: 0.0 ms]
   [Code Root Purge: 0.0 ms]
   [Clear CT: 5.1 ms]
   [Other: 11.8 ms]
      [Choose CSet: 0.0 ms]
      [Ref Proc: 5.9 ms]
      [Ref Enq: 0.0 ms]
      [Redirty Cards: 5.2 ms]
      [Humongous Register: 0.1 ms]
      [Humongous Reclaim: 0.0 ms]
      [Free CSet: 0.1 ms]
   [Eden: 51200.0K(51200.0K)->0.0B(51200.0K) Survivors: 1024.0K->1024.0K Heap: 246.1M(1024.0M)->196.1M(1024.0M)]
 [Times: user=0.21 sys=0.00, real=0.02 secs] 
2023-07-01T15:43:17.591+0000: 1553417.217: [GC pause (G1 Evacuation Pause) (young), 0.0247882 secs]
   [Parallel Time: 7.2 ms, GC Workers: 43]
      [GC Worker Start (ms): Min: 1553417216.9, Avg: 1553417218.3, Max: 1553417219.6, Diff: 2.7]
      [Ext Root Scanning (ms): Min: 0.0, Avg: 0.8, Max: 6.2, Diff: 6.2, Sum: 34.1]
      [Update RS (ms): Min: 0.0, Avg: 0.2, Max: 0.5, Diff: 0.5, Sum: 6.8]
         [Processed Buffers: Min: 0, Avg: 1.4, Max: 5, Diff: 5, Sum: 59]
      [Scan RS (ms): Min: 0.0, Avg: 0.0, Max: 0.1, Diff: 0.0, Sum: 0.5]
      [Code Root Scanning (ms): Min: 0.0, Avg: 0.0, Max: 0.0, Diff: 0.0, Sum: 0.0]
      [Object Copy (ms): Min: 0.0, Avg: 1.6, Max: 1.9, Diff: 1.9, Sum: 68.5]
      [Termination (ms): Min: 0.0, Avg: 2.3, Max: 2.6, Diff: 2.6, Sum: 101.0]
         [Termination Attempts: Min: 1, Avg: 4.2, Max: 7, Diff: 6, Sum: 181]
      [GC Worker Other (ms): Min: 0.0, Avg: 0.0, Max: 0.1, Diff: 0.1, Sum: 0.8]
      [GC Worker Total (ms): Min: 3.6, Avg: 4.9, Max: 6.3, Diff: 2.7, Sum: 211.7]
      [GC Worker End (ms): Min: 1553417223.2, Avg: 1553417223.3, Max: 1553417223.4, Diff: 0.2]
   [Code Root Fixup: 0.0 ms]
   [Code Root Purge: 0.0 ms]
   [Clear CT: 7.2 ms]
   [Other: 10.4 ms]
      [Choose CSet: 0.0 ms]
      [Ref Proc: 4.3 ms]
      [Ref Enq: 0.0 ms]
      [Redirty Cards: 5.5 ms]
      [Humongous Register: 0.1 ms]
      [Humongous Reclaim: 0.0 ms]
      [Free CSet: 0.1 ms]
   [Eden: 51200.0K(51200.0K)->0.0B(51200.0K) Survivors: 1024.0K->1024.0K Heap: 246.1M(1024.0M)->196.1M(1024.0M)]
 [Times: user=0.27 sys=0.00, real=0.02 secs] 
2023-07-01T16:41:02.591+0000: 1556882.217: [GC pause (G1 Evacuation Pause) (young), 0.0296289 secs]
   [Parallel Time: 12.0 ms, GC Workers: 43]
      [GC Worker Start (ms): Min: 1556882219.4, Avg: 1556882221.5, Max: 1556882223.3, Diff: 3.8]
      [Ext Root Scanning (ms): Min: 0.0, Avg: 1.1, Max: 9.4, Diff: 9.4, Sum: 47.4]
      [Update RS (ms): Min: 0.0, Avg: 0.3, Max: 0.6, Diff: 0.6, Sum: 12.2]
         [Processed Buffers: Min: 0, Avg: 1.5, Max: 5, Diff: 5, Sum: 66]
      [Scan RS (ms): Min: 0.0, Avg: 0.0, Max: 0.0, Diff: 0.0, Sum: 0.5]
      [Code Root Scanning (ms): Min: 0.0, Avg: 0.0, Max: 0.0, Diff: 0.0, Sum: 0.0]
      [Object Copy (ms): Min: 0.0, Avg: 2.7, Max: 3.2, Diff: 3.2, Sum: 116.8]
      [Termination (ms): Min: 0.0, Avg: 3.3, Max: 3.6, Diff: 3.6, Sum: 141.2]
         [Termination Attempts: Min: 1, Avg: 10.6, Max: 15, Diff: 14, Sum: 454]
      [GC Worker Other (ms): Min: 0.0, Avg: 0.1, Max: 0.1, Diff: 0.1, Sum: 2.2]
      [GC Worker Total (ms): Min: 5.6, Avg: 7.4, Max: 9.5, Diff: 3.8, Sum: 320.2]
      [GC Worker End (ms): Min: 1556882228.9, Avg: 1556882229.0, Max: 1556882229.1, Diff: 0.2]
   [Code Root Fixup: 0.0 ms]
   [Code Root Purge: 0.0 ms]
   [Clear CT: 5.3 ms]
   [Other: 12.3 ms]
      [Choose CSet: 0.0 ms]
      [Ref Proc: 4.1 ms]
      [Ref Enq: 0.0 ms]
      [Redirty Cards: 5.2 ms]
      [Humongous Register: 2.1 ms]
      [Humongous Reclaim: 0.0 ms]
      [Free CSet: 0.2 ms]
   [Eden: 51200.0K(51200.0K)->0.0B(51200.0K) Survivors: 1024.0K->1024.0K Heap: 246.1M(1024.0M)->196.1M(1024.0M)]
 [Times: user=0.32 sys=0.06, real=0.03 secs] 
2023-07-01T17:38:46.009+0000: 1560345.635: [GC pause (G1 Evacuation Pause) (young), 0.0251794 secs]
   [Parallel Time: 6.7 ms, GC Workers: 43]
      [GC Worker Start (ms): Min: 1560345637.2, Avg: 1560345639.2, Max: 1560345641.0, Diff: 3.9]
      [Ext Root Scanning (ms): Min: 0.0, Avg: 0.7, Max: 2.4, Diff: 2.4, Sum: 29.7]
      [Update RS (ms): Min: 0.0, Avg: 0.2, Max: 0.9, Diff: 0.9, Sum: 9.7]
         [Processed Buffers: Min: 0, Avg: 1.5, Max: 10, Diff: 10, Sum: 64]
      [Scan RS (ms): Min: 0.0, Avg: 0.0, Max: 0.0, Diff: 0.0, Sum: 0.4]
      [Code Root Scanning (ms): Min: 0.0, Avg: 0.0, Max: 0.0, Diff: 0.0, Sum: 0.0]
      [Object Copy (ms): Min: 0.3, Avg: 1.2, Max: 1.6, Diff: 1.3, Sum: 52.6]
      [Termination (ms): Min: 0.0, Avg: 0.2, Max: 0.5, Diff: 0.4, Sum: 9.4]
         [Termination Attempts: Min: 1, Avg: 4.5, Max: 8, Diff: 7, Sum: 195]
      [GC Worker Other (ms): Min: 0.0, Avg: 0.1, Max: 0.3, Diff: 0.3, Sum: 4.5]
      [GC Worker Total (ms): Min: 0.6, Avg: 2.5, Max: 4.5, Diff: 3.9, Sum: 106.3]
      [GC Worker End (ms): Min: 1560345641.6, Avg: 1560345641.7, Max: 1560345641.9, Diff: 0.3]
   [Code Root Fixup: 0.0 ms]
   [Code Root Purge: 0.0 ms]
   [Clear CT: 5.3 ms]
   [Other: 13.1 ms]
      [Choose CSet: 0.0 ms]
      [Ref Proc: 4.6 ms]
      [Ref Enq: 0.0 ms]
      [Redirty Cards: 5.1 ms]
      [Humongous Register: 2.1 ms]
      [Humongous Reclaim: 0.0 ms]
      [Free CSet: 0.3 ms]
   [Eden: 51200.0K(51200.0K)->0.0B(51200.0K) Survivors: 1024.0K->1024.0K Heap: 246.1M(1024.0M)->196.1M(1024.0M)]
 [Times: user=0.07 sys=0.10, real=0.02 secs] 
2023-07-01T18:36:31.544+0000: 1563811.170: [GC pause (G1 Evacuation Pause) (young), 0.0288499 secs]
   [Parallel Time: 9.7 ms, GC Workers: 43]
      [GC Worker Start (ms): Min: 1563811172.5, Avg: 1563811174.5, Max: 1563811176.7, Diff: 4.3]
      [Ext Root Scanning (ms): Min: 0.0, Avg: 1.2, Max: 7.1, Diff: 7.0, Sum: 50.6]
      [Update RS (ms): Min: 0.0, Avg: 0.3, Max: 0.6, Diff: 0.6, Sum: 11.0]
         [Processed Buffers: Min: 0, Avg: 1.3, Max: 6, Diff: 6, Sum: 56]
      [Scan RS (ms): Min: 0.0, Avg: 0.0, Max: 0.0, Diff: 0.0, Sum: 0.5]
      [Code Root Scanning (ms): Min: 0.0, Avg: 0.0, Max: 0.0, Diff: 0.0, Sum: 0.0]
      [Object Copy (ms): Min: 0.0, Avg: 2.2, Max: 2.6, Diff: 2.6, Sum: 93.9]
      [Termination (ms): Min: 0.0, Avg: 1.5, Max: 1.9, Diff: 1.9, Sum: 62.8]
         [Termination Attempts: Min: 1, Avg: 11.9, Max: 16, Diff: 15, Sum: 512]
      [GC Worker Other (ms): Min: 0.0, Avg: 0.0, Max: 0.1, Diff: 0.0, Sum: 1.6]
      [GC Worker Total (ms): Min: 2.9, Avg: 5.1, Max: 7.2, Diff: 4.3, Sum: 220.4]
      [GC Worker End (ms): Min: 1563811179.6, Avg: 1563811179.7, Max: 1563811179.8, Diff: 0.2]
   [Code Root Fixup: 0.0 ms]
   [Code Root Purge: 0.0 ms]
   [Clear CT: 5.2 ms]
   [Other: 14.0 ms]
      [Choose CSet: 0.0 ms]
      [Ref Proc: 6.0 ms]
      [Ref Enq: 0.0 ms]
      [Redirty Cards: 5.0 ms]
      [Humongous Register: 2.1 ms]
      [Humongous Reclaim: 0.0 ms]
      [Free CSet: 0.2 ms]
   [Eden: 51200.0K(51200.0K)->0.0B(51200.0K) Survivors: 1024.0K->1024.0K Heap: 246.1M(1024.0M)->196.1M(1024.0M)]
 [Times: user=0.24 sys=0.04, real=0.03 secs] 
2023-07-01T19:34:22.591+0000: 1567282.217: [GC pause (G1 Evacuation Pause) (young), 0.0231871 secs]
   [Parallel Time: 7.3 ms, GC Workers: 43]
      [GC Worker Start (ms): Min: 1567282217.2, Avg: 1567282218.7, Max: 1567282219.9, Diff: 2.7]
      [Ext Root Scanning (ms): Min: 0.0, Avg: 1.4, Max: 6.5, Diff: 6.4, Sum: 60.0]
      [Update RS (ms): Min: 0.0, Avg: 0.3, Max: 0.7, Diff: 0.7, Sum: 14.0]
         [Processed Buffers: Min: 0, Avg: 1.4, Max: 5, Diff: 5, Sum: 60]
      [Scan RS (ms): Min: 0.0, Avg: 0.0, Max: 0.0, Diff: 0.0, Sum: 0.4]
      [Code Root Scanning (ms): Min: 0.0, Avg: 0.0, Max: 0.0, Diff: 0.0, Sum: 0.0]
      [Object Copy (ms): Min: 0.0, Avg: 2.6, Max: 3.0, Diff: 3.0, Sum: 112.8]
      [Termination (ms): Min: 0.0, Avg: 0.7, Max: 1.1, Diff: 1.1, Sum: 31.6]
         [Termination Attempts: Min: 1, Avg: 13.6, Max: 20, Diff: 19, Sum: 584]
      [GC Worker Other (ms): Min: 0.0, Avg: 0.0, Max: 0.2, Diff: 0.1, Sum: 1.3]
      [GC Worker Total (ms): Min: 3.9, Avg: 5.1, Max: 6.5, Diff: 2.6, Sum: 220.2]
      [GC Worker End (ms): Min: 1567282223.7, Avg: 1567282223.8, Max: 1567282223.9, Diff: 0.2]
   [Code Root Fixup: 0.0 ms]
   [Code Root Purge: 0.0 ms]
   [Clear CT: 5.4 ms]
   [Other: 10.5 ms]
      [Choose CSet: 0.0 ms]
      [Ref Proc: 4.4 ms]
      [Ref Enq: 0.0 ms]
      [Redirty Cards: 5.1 ms]
      [Humongous Register: 0.3 ms]
      [Humongous Reclaim: 0.0 ms]
      [Free CSet: 0.2 ms]
   [Eden: 51200.0K(51200.0K)->0.0B(51200.0K) Survivors: 1024.0K->1024.0K Heap: 246.1M(1024.0M)->196.1M(1024.0M)]
 [Times: user=0.27 sys=0.00, real=0.02 secs] 
2023-07-01T20:32:15.559+0000: 1570755.185: [GC pause (G1 Evacuation Pause) (young), 0.0228941 secs]
   [Parallel Time: 7.5 ms, GC Workers: 43]
      [GC Worker Start (ms): Min: 1570755186.8, Avg: 1570755188.7, Max: 1570755190.7, Diff: 3.9]
      [Ext Root Scanning (ms): Min: 0.0, Avg: 0.5, Max: 2.1, Diff: 2.1, Sum: 22.3]
      [Update RS (ms): Min: 0.0, Avg: 0.2, Max: 0.9, Diff: 0.9, Sum: 8.0]
         [Processed Buffers: Min: 0, Avg: 1.4, Max: 9, Diff: 9, Sum: 62]
      [Scan RS (ms): Min: 0.0, Avg: 0.0, Max: 0.1, Diff: 0.1, Sum: 0.5]
      [Code Root Scanning (ms): Min: 0.0, Avg: 0.0, Max: 0.0, Diff: 0.0, Sum: 0.0]
      [Object Copy (ms): Min: 2.0, Avg: 3.0, Max: 3.8, Diff: 1.8, Sum: 130.2]
      [Termination (ms): Min: 0.5, Avg: 1.0, Max: 1.5, Diff: 1.0, Sum: 42.7]
         [Termination Attempts: Min: 10, Avg: 18.2, Max: 24, Diff: 14, Sum: 784]
      [GC Worker Other (ms): Min: 0.0, Avg: 0.1, Max: 0.3, Diff: 0.2, Sum: 3.8]
      [GC Worker Total (ms): Min: 2.8, Avg: 4.8, Max: 7.0, Diff: 4.1, Sum: 207.6]
      [GC Worker End (ms): Min: 1570755193.5, Avg: 1570755193.6, Max: 1570755193.7, Diff: 0.2]
   [Code Root Fixup: 0.0 ms]
   [Code Root Purge: 0.0 ms]
   [Clear CT: 5.1 ms]
   [Other: 10.2 ms]
      [Choose CSet: 0.0 ms]
      [Ref Proc: 2.6 ms]
      [Ref Enq: 0.0 ms]
      [Redirty Cards: 5.2 ms]
      [Humongous Register: 1.8 ms]
      [Humongous Reclaim: 0.0 ms]
      [Free CSet: 0.1 ms]
   [Eden: 51200.0K(51200.0K)->0.0B(51200.0K) Survivors: 1024.0K->1024.0K Heap: 246.1M(1024.0M)->196.1M(1024.0M)]
 [Times: user=0.26 sys=0.00, real=0.03 secs] 
2023-07-01T21:30:12.591+0000: 1574232.217: [GC pause (G1 Evacuation Pause) (young), 0.0267215 secs]
   [Parallel Time: 8.2 ms, GC Workers: 43]
      [GC Worker Start (ms): Min: 1574232219.4, Avg: 1574232221.4, Max: 1574232223.2, Diff: 3.8]
      [Ext Root Scanning (ms): Min: 0.0, Avg: 1.1, Max: 7.1, Diff: 7.1, Sum: 47.2]
      [Update RS (ms): Min: 0.0, Avg: 0.3, Max: 0.7, Diff: 0.7, Sum: 13.4]
         [Processed Buffers: Min: 0, Avg: 1.4, Max: 8, Diff: 8, Sum: 60]
      [Scan RS (ms): Min: 0.0, Avg: 0.0, Max: 0.0, Diff: 0.0, Sum: 0.5]
      [Code Root Scanning (ms): Min: 0.0, Avg: 0.0, Max: 0.0, Diff: 0.0, Sum: 0.0]
      [Object Copy (ms): Min: 0.0, Avg: 1.5, Max: 1.8, Diff: 1.8, Sum: 66.2]
      [Termination (ms): Min: 0.0, Avg: 2.3, Max: 2.5, Diff: 2.5, Sum: 98.9]
         [Termination Attempts: Min: 1, Avg: 5.9, Max: 9, Diff: 8, Sum: 255]
      [GC Worker Other (ms): Min: 0.0, Avg: 0.0, Max: 0.1, Diff: 0.0, Sum: 1.6]
      [GC Worker Total (ms): Min: 3.4, Avg: 5.3, Max: 7.3, Diff: 3.9, Sum: 227.9]
      [GC Worker End (ms): Min: 1574232226.5, Avg: 1574232226.7, Max: 1574232226.8, Diff: 0.2]
   [Code Root Fixup: 0.0 ms]
   [Code Root Purge: 0.0 ms]
   [Clear CT: 5.5 ms]
   [Other: 13.0 ms]
      [Choose CSet: 0.0 ms]
      [Ref Proc: 4.6 ms]
      [Ref Enq: 0.0 ms]
      [Redirty Cards: 5.4 ms]
      [Humongous Register: 2.1 ms]
      [Humongous Reclaim: 0.0 ms]
      [Free CSet: 0.2 ms]
   [Eden: 51200.0K(51200.0K)->0.0B(51200.0K) Survivors: 1024.0K->1024.0K Heap: 246.1M(1024.0M)->196.1M(1024.0M)]
 [Times: user=0.24 sys=0.04, real=0.02 secs] 
2023-07-01T22:28:25.492+0000: 1577725.118: [GC pause (G1 Evacuation Pause) (young), 0.0244237 secs]
   [Parallel Time: 9.2 ms, GC Workers: 43]
      [GC Worker Start (ms): Min: 1577725118.0, Avg: 1577725119.5, Max: 1577725120.8, Diff: 2.7]
      [Ext Root Scanning (ms): Min: 0.0, Avg: 0.7, Max: 6.1, Diff: 6.1, Sum: 30.2]
      [Update RS (ms): Min: 0.0, Avg: 0.1, Max: 0.6, Diff: 0.6, Sum: 5.2]
         [Processed Buffers: Min: 0, Avg: 1.4, Max: 5, Diff: 5, Sum: 60]
      [Scan RS (ms): Min: 0.0, Avg: 0.0, Max: 0.0, Diff: 0.0, Sum: 0.5]
      [Code Root Scanning (ms): Min: 0.0, Avg: 0.0, Max: 0.0, Diff: 0.0, Sum: 0.0]
      [Object Copy (ms): Min: 0.0, Avg: 2.6, Max: 3.2, Diff: 3.2, Sum: 111.8]
      [Termination (ms): Min: 0.0, Avg: 1.4, Max: 2.1, Diff: 2.1, Sum: 58.2]
         [Termination Attempts: Min: 1, Avg: 13.4, Max: 20, Diff: 19, Sum: 577]
      [GC Worker Other (ms): Min: 0.0, Avg: 0.0, Max: 0.0, Diff: 0.0, Sum: 0.7]
      [GC Worker Total (ms): Min: 3.4, Avg: 4.8, Max: 6.2, Diff: 2.7, Sum: 206.7]
      [GC Worker End (ms): Min: 1577725124.2, Avg: 1577725124.3, Max: 1577725124.4, Diff: 0.2]
   [Code Root Fixup: 0.0 ms]
   [Code Root Purge: 0.0 ms]
   [Clear CT: 5.0 ms]
   [Other: 10.3 ms]
      [Choose CSet: 0.0 ms]
      [Ref Proc: 4.6 ms]
      [Ref Enq: 0.0 ms]
      [Redirty Cards: 5.1 ms]
      [Humongous Register: 0.1 ms]
      [Humongous Reclaim: 0.0 ms]
      [Free CSet: 0.1 ms]
   [Eden: 51200.0K(51200.0K)->0.0B(51200.0K) Survivors: 1024.0K->1024.0K Heap: 246.1M(1024.0M)->196.1M(1024.0M)]
 [Times: user=0.25 sys=0.01, real=0.02 secs] 
2023-07-01T23:26:22.591+0000: 1581202.217: [GC pause (G1 Evacuation Pause) (young), 0.0301526 secs]
   [Parallel Time: 12.0 ms, GC Workers: 43]
      [GC Worker Start (ms): Min: 1581202219.3, Avg: 1581202221.3, Max: 1581202223.2, Diff: 3.9]
      [Ext Root Scanning (ms): Min: 0.0, Avg: 0.9, Max: 2.7, Diff: 2.7, Sum: 37.6]
      [Update RS (ms): Min: 0.0, Avg: 0.3, Max: 0.8, Diff: 0.8, Sum: 14.2]
         [Processed Buffers: Min: 0, Avg: 1.6, Max: 9, Diff: 9, Sum: 67]
      [Scan RS (ms): Min: 0.0, Avg: 0.0, Max: 0.0, Diff: 0.0, Sum: 0.4]
      [Code Root Scanning (ms): Min: 0.0, Avg: 0.0, Max: 0.0, Diff: 0.0, Sum: 0.0]
      [Object Copy (ms): Min: 2.3, Avg: 3.8, Max: 4.5, Diff: 2.2, Sum: 165.0]
      [Termination (ms): Min: 0.8, Avg: 1.2, Max: 2.6, Diff: 1.9, Sum: 53.6]
         [Termination Attempts: Min: 10, Avg: 19.4, Max: 30, Diff: 20, Sum: 836]
      [GC Worker Other (ms): Min: 0.0, Avg: 0.1, Max: 0.3, Diff: 0.2, Sum: 4.1]
      [GC Worker Total (ms): Min: 4.4, Avg: 6.4, Max: 8.6, Diff: 4.1, Sum: 274.9]
      [GC Worker End (ms): Min: 1581202227.6, Avg: 1581202227.7, Max: 1581202227.9, Diff: 0.2]
   [Code Root Fixup: 0.0 ms]
   [Code Root Purge: 0.0 ms]
   [Clear CT: 5.1 ms]
   [Other: 13.1 ms]
      [Choose CSet: 0.0 ms]
      [Ref Proc: 4.9 ms]
      [Ref Enq: 0.0 ms]
      [Redirty Cards: 4.7 ms]
      [Humongous Register: 2.1 ms]
      [Humongous Reclaim: 0.0 ms]
      [Free CSet: 0.4 ms]
   [Eden: 51200.0K(51200.0K)->0.0B(51200.0K) Survivors: 1024.0K->1024.0K Heap: 246.1M(1024.0M)->196.1M(1024.0M)]
 [Times: user=0.32 sys=0.01, real=0.03 secs] 
2023-07-02T00:24:14.471+0000: 1584674.097: [GC pause (G1 Evacuation Pause) (young), 0.0313406 secs]
   [Parallel Time: 10.4 ms, GC Workers: 43]
      [GC Worker Start (ms): Min: 1584674099.6, Avg: 1584674101.9, Max: 1584674106.1, Diff: 6.5]
      [Ext Root Scanning (ms): Min: 0.0, Avg: 1.0, Max: 7.1, Diff: 7.1, Sum: 43.7]
      [Update RS (ms): Min: 0.0, Avg: 0.2, Max: 0.7, Diff: 0.7, Sum: 8.3]
         [Processed Buffers: Min: 0, Avg: 1.3, Max: 4, Diff: 4, Sum: 55]
      [Scan RS (ms): Min: 0.0, Avg: 0.0, Max: 0.0, Diff: 0.0, Sum: 0.4]
      [Code Root Scanning (ms): Min: 0.0, Avg: 0.0, Max: 0.0, Diff: 0.0, Sum: 0.0]
      [Object Copy (ms): Min: 0.0, Avg: 1.4, Max: 1.8, Diff: 1.8, Sum: 58.8]
      [Termination (ms): Min: 0.0, Avg: 2.4, Max: 2.8, Diff: 2.8, Sum: 102.2]
         [Termination Attempts: Min: 1, Avg: 5.0, Max: 9, Diff: 8, Sum: 216]
      [GC Worker Other (ms): Min: 0.0, Avg: 0.0, Max: 0.1, Diff: 0.1, Sum: 1.8]
      [GC Worker Total (ms): Min: 0.7, Avg: 5.0, Max: 7.2, Diff: 6.5, Sum: 215.2]
      [GC Worker End (ms): Min: 1584674106.8, Avg: 1584674106.9, Max: 1584674107.0, Diff: 0.2]
   [Code Root Fixup: 0.0 ms]
   [Code Root Purge: 0.0 ms]
   [Clear CT: 6.2 ms]
   [Other: 14.6 ms]
      [Choose CSet: 0.0 ms]
      [Ref Proc: 5.9 ms]
      [Ref Enq: 0.0 ms]
      [Redirty Cards: 5.6 ms]
      [Humongous Register: 2.1 ms]
      [Humongous Reclaim: 0.0 ms]
      [Free CSet: 0.3 ms]
   [Eden: 51200.0K(51200.0K)->0.0B(51200.0K) Survivors: 1024.0K->1024.0K Heap: 246.1M(1024.0M)->196.1M(1024.0M)]
 [Times: user=0.29 sys=0.01, real=0.03 secs] 
2023-07-02T01:22:17.591+0000: 1588157.216: [GC pause (G1 Evacuation Pause) (young), 0.0242649 secs]
   [Parallel Time: 8.8 ms, GC Workers: 43]
      [GC Worker Start (ms): Min: 1588157216.7, Avg: 1588157218.2, Max: 1588157222.6, Diff: 5.9]
      [Ext Root Scanning (ms): Min: 0.0, Avg: 0.6, Max: 1.8, Diff: 1.8, Sum: 24.9]
      [Update RS (ms): Min: 0.0, Avg: 0.1, Max: 0.5, Diff: 0.5, Sum: 5.7]
         [Processed Buffers: Min: 0, Avg: 1.6, Max: 7, Diff: 7, Sum: 67]
      [Scan RS (ms): Min: 0.0, Avg: 0.0, Max: 0.0, Diff: 0.0, Sum: 0.5]
      [Code Root Scanning (ms): Min: 0.0, Avg: 0.0, Max: 0.0, Diff: 0.0, Sum: 0.0]
      [Object Copy (ms): Min: 0.7, Avg: 3.8, Max: 4.5, Diff: 3.9, Sum: 163.6]
      [Termination (ms): Min: 0.7, Avg: 1.3, Max: 2.6, Diff: 1.9, Sum: 55.2]
         [Termination Attempts: Min: 1, Avg: 19.2, Max: 27, Diff: 26, Sum: 824]
      [GC Worker Other (ms): Min: 0.0, Avg: 0.1, Max: 0.3, Diff: 0.3, Sum: 4.2]
      [GC Worker Total (ms): Min: 1.6, Avg: 5.9, Max: 7.5, Diff: 6.0, Sum: 254.1]
      [GC Worker End (ms): Min: 1588157224.0, Avg: 1588157224.1, Max: 1588157224.3, Diff: 0.3]
   [Code Root Fixup: 0.0 ms]
   [Code Root Purge: 0.0 ms]
   [Clear CT: 5.2 ms]
   [Other: 10.3 ms]
      [Choose CSet: 0.0 ms]
      [Ref Proc: 4.5 ms]
      [Ref Enq: 0.0 ms]
      [Redirty Cards: 5.1 ms]
      [Humongous Register: 0.1 ms]
      [Humongous Reclaim: 0.0 ms]
      [Free CSet: 0.1 ms]
   [Eden: 51200.0K(51200.0K)->0.0B(51200.0K) Survivors: 1024.0K->1024.0K Heap: 246.1M(1024.0M)->196.1M(1024.0M)]
 [Times: user=0.31 sys=0.00, real=0.02 secs] 
2023-07-02T02:20:17.398+0000: 1591637.024: [GC pause (G1 Evacuation Pause) (young), 0.0241712 secs]
   [Parallel Time: 8.5 ms, GC Workers: 43]
      [GC Worker Start (ms): Min: 1591637024.5, Avg: 1591637025.9, Max: 1591637027.2, Diff: 2.6]
      [Ext Root Scanning (ms): Min: 0.0, Avg: 1.3, Max: 6.7, Diff: 6.7, Sum: 54.8]
      [Update RS (ms): Min: 0.0, Avg: 0.3, Max: 0.6, Diff: 0.6, Sum: 11.5]
         [Processed Buffers: Min: 0, Avg: 1.4, Max: 4, Diff: 4, Sum: 62]
      [Scan RS (ms): Min: 0.0, Avg: 0.0, Max: 0.0, Diff: 0.0, Sum: 0.6]
      [Code Root Scanning (ms): Min: 0.0, Avg: 0.0, Max: 0.0, Diff: 0.0, Sum: 0.0]
      [Object Copy (ms): Min: 0.0, Avg: 1.9, Max: 2.2, Diff: 2.2, Sum: 79.6]
      [Termination (ms): Min: 0.0, Avg: 2.1, Max: 2.3, Diff: 2.3, Sum: 88.6]
         [Termination Attempts: Min: 1, Avg: 5.5, Max: 9, Diff: 8, Sum: 235]
      [GC Worker Other (ms): Min: 0.0, Avg: 0.0, Max: 0.3, Diff: 0.3, Sum: 2.1]
      [GC Worker Total (ms): Min: 4.3, Avg: 5.5, Max: 6.8, Diff: 2.5, Sum: 237.2]
      [GC Worker End (ms): Min: 1591637031.3, Avg: 1591637031.4, Max: 1591637031.5, Diff: 0.2]
   [Code Root Fixup: 0.0 ms]
   [Code Root Purge: 0.0 ms]
   [Clear CT: 5.0 ms]
   [Other: 10.6 ms]
      [Choose CSet: 0.0 ms]
      [Ref Proc: 4.5 ms]
      [Ref Enq: 0.0 ms]
      [Redirty Cards: 5.1 ms]
      [Humongous Register: 0.3 ms]
      [Humongous Reclaim: 0.0 ms]
      [Free CSet: 0.2 ms]
   [Eden: 51200.0K(51200.0K)->0.0B(51200.0K) Survivors: 1024.0K->1024.0K Heap: 246.1M(1024.0M)->196.1M(1024.0M)]
 [Times: user=0.29 sys=0.00, real=0.03 secs] 
2023-07-02T03:18:22.970+0000: 1595122.595: [GC pause (G1 Evacuation Pause) (young), 0.0229761 secs]
   [Parallel Time: 5.7 ms, GC Workers: 43]
      [GC Worker Start (ms): Min: 1595122597.7, Avg: 1595122599.9, Max: 1595122602.6, Diff: 4.9]
      [Ext Root Scanning (ms): Min: 0.0, Avg: 0.5, Max: 2.1, Diff: 2.1, Sum: 19.4]
      [Update RS (ms): Min: 0.0, Avg: 0.1, Max: 0.7, Diff: 0.7, Sum: 5.4]
         [Processed Buffers: Min: 0, Avg: 1.4, Max: 7, Diff: 7, Sum: 59]
      [Scan RS (ms): Min: 0.0, Avg: 0.0, Max: 0.0, Diff: 0.0, Sum: 0.5]
      [Code Root Scanning (ms): Min: 0.0, Avg: 0.0, Max: 0.0, Diff: 0.0, Sum: 0.0]
      [Object Copy (ms): Min: 0.0, Avg: 1.1, Max: 1.7, Diff: 1.7, Sum: 48.1]
      [Termination (ms): Min: 0.0, Avg: 1.1, Max: 1.5, Diff: 1.5, Sum: 47.2]
         [Termination Attempts: Min: 1, Avg: 4.1, Max: 8, Diff: 7, Sum: 175]
      [GC Worker Other (ms): Min: 0.0, Avg: 0.0, Max: 0.1, Diff: 0.1, Sum: 1.4]
      [GC Worker Total (ms): Min: 0.0, Avg: 2.8, Max: 5.0, Diff: 5.0, Sum: 122.0]
      [GC Worker End (ms): Min: 1595122602.6, Avg: 1595122602.7, Max: 1595122602.9, Diff: 0.2]
   [Code Root Fixup: 0.0 ms]
   [Code Root Purge: 0.0 ms]
   [Clear CT: 5.3 ms]
   [Other: 12.0 ms]
      [Choose CSet: 0.0 ms]
      [Ref Proc: 4.3 ms]
      [Ref Enq: 0.0 ms]
      [Redirty Cards: 5.2 ms]
      [Humongous Register: 1.8 ms]
      [Humongous Reclaim: 0.0 ms]
      [Free CSet: 0.1 ms]
   [Eden: 51200.0K(51200.0K)->0.0B(51200.0K) Survivors: 1024.0K->1024.0K Heap: 246.1M(1024.0M)->196.1M(1024.0M)]
 [Times: user=0.21 sys=0.00, real=0.02 secs] 
2023-07-02T04:16:13.485+0000: 1598593.111: [GC pause (G1 Evacuation Pause) (young), 0.0234604 secs]
   [Parallel Time: 7.4 ms, GC Workers: 43]
      [GC Worker Start (ms): Min: 1598593111.1, Avg: 1598593112.5, Max: 1598593114.7, Diff: 3.7]
      [Ext Root Scanning (ms): Min: 0.0, Avg: 0.7, Max: 6.5, Diff: 6.5, Sum: 31.0]
      [Update RS (ms): Min: 0.0, Avg: 0.1, Max: 0.6, Diff: 0.6, Sum: 5.7]
         [Processed Buffers: Min: 0, Avg: 1.5, Max: 5, Diff: 5, Sum: 64]
      [Scan RS (ms): Min: 0.0, Avg: 0.0, Max: 0.0, Diff: 0.0, Sum: 0.6]
      [Code Root Scanning (ms): Min: 0.0, Avg: 0.0, Max: 0.0, Diff: 0.0, Sum: 0.0]
      [Object Copy (ms): Min: 0.0, Avg: 2.8, Max: 3.3, Diff: 3.3, Sum: 122.2]
      [Termination (ms): Min: 0.0, Avg: 1.4, Max: 2.1, Diff: 2.1, Sum: 61.0]
         [Termination Attempts: Min: 1, Avg: 12.0, Max: 17, Diff: 16, Sum: 518]
      [GC Worker Other (ms): Min: 0.0, Avg: 0.0, Max: 0.2, Diff: 0.2, Sum: 1.2]
      [GC Worker Total (ms): Min: 2.9, Avg: 5.2, Max: 6.5, Diff: 3.6, Sum: 221.8]
      [GC Worker End (ms): Min: 1598593117.6, Avg: 1598593117.6, Max: 1598593117.8, Diff: 0.2]
   [Code Root Fixup: 0.0 ms]
   [Code Root Purge: 0.0 ms]
   [Clear CT: 5.3 ms]
   [Other: 10.7 ms]
      [Choose CSet: 0.0 ms]
      [Ref Proc: 4.8 ms]
      [Ref Enq: 0.0 ms]
      [Redirty Cards: 5.2 ms]
      [Humongous Register: 0.1 ms]
      [Humongous Reclaim: 0.0 ms]
      [Free CSet: 0.1 ms]
   [Eden: 51200.0K(51200.0K)->0.0B(51200.0K) Survivors: 1024.0K->1024.0K Heap: 246.1M(1024.0M)->196.1M(1024.0M)]
 [Times: user=0.27 sys=0.01, real=0.02 secs] 
2023-07-02T05:14:16.113+0000: 1602075.738: [GC pause (G1 Evacuation Pause) (young), 0.0241824 secs]
   [Parallel Time: 6.6 ms, GC Workers: 43]
      [GC Worker Start (ms): Min: 1602075740.9, Avg: 1602075742.8, Max: 1602075744.7, Diff: 3.8]
      [Ext Root Scanning (ms): Min: 0.0, Avg: 0.6, Max: 2.4, Diff: 2.4, Sum: 25.7]
      [Update RS (ms): Min: 0.0, Avg: 0.2, Max: 0.5, Diff: 0.5, Sum: 6.5]
         [Processed Buffers: Min: 0, Avg: 1.4, Max: 9, Diff: 9, Sum: 62]
      [Scan RS (ms): Min: 0.0, Avg: 0.0, Max: 0.0, Diff: 0.0, Sum: 0.5]
      [Code Root Scanning (ms): Min: 0.0, Avg: 0.0, Max: 0.0, Diff: 0.0, Sum: 0.0]
      [Object Copy (ms): Min: 0.1, Avg: 1.3, Max: 1.8, Diff: 1.7, Sum: 56.3]
      [Termination (ms): Min: 0.0, Avg: 0.2, Max: 0.5, Diff: 0.5, Sum: 10.2]
         [Termination Attempts: Min: 1, Avg: 5.0, Max: 8, Diff: 7, Sum: 215]
      [GC Worker Other (ms): Min: 0.0, Avg: 0.1, Max: 0.3, Diff: 0.2, Sum: 4.3]
      [GC Worker Total (ms): Min: 0.4, Avg: 2.4, Max: 4.4, Diff: 4.0, Sum: 103.6]
      [GC Worker End (ms): Min: 1602075745.1, Avg: 1602075745.2, Max: 1602075745.3, Diff: 0.2]
   [Code Root Fixup: 0.0 ms]
   [Code Root Purge: 0.0 ms]
   [Clear CT: 5.2 ms]
   [Other: 12.3 ms]
      [Choose CSet: 0.0 ms]
      [Ref Proc: 3.8 ms]
      [Ref Enq: 0.0 ms]
      [Redirty Cards: 5.1 ms]
      [Humongous Register: 2.1 ms]
      [Humongous Reclaim: 0.0 ms]
      [Free CSet: 0.3 ms]
   [Eden: 51200.0K(51200.0K)->0.0B(51200.0K) Survivors: 1024.0K->1024.0K Heap: 246.1M(1024.0M)->196.1M(1024.0M)]
 [Times: user=0.03 sys=0.13, real=0.02 secs] 
2023-07-02T06:12:03.934+0000: 1605543.560: [GC pause (G1 Evacuation Pause) (young), 0.0234265 secs]
   [Parallel Time: 9.1 ms, GC Workers: 43]
      [GC Worker Start (ms): Min: 1605543560.2, Avg: 1605543561.6, Max: 1605543562.9, Diff: 2.7]
      [Ext Root Scanning (ms): Min: 0.0, Avg: 0.8, Max: 8.6, Diff: 8.6, Sum: 33.6]
      [Update RS (ms): Min: 0.0, Avg: 0.1, Max: 0.6, Diff: 0.6, Sum: 5.7]
         [Processed Buffers: Min: 0, Avg: 1.4, Max: 7, Diff: 7, Sum: 60]
      [Scan RS (ms): Min: 0.0, Avg: 0.0, Max: 0.0, Diff: 0.0, Sum: 0.5]
      [Code Root Scanning (ms): Min: 0.0, Avg: 0.0, Max: 0.0, Diff: 0.0, Sum: 0.0]
      [Object Copy (ms): Min: 0.0, Avg: 2.8, Max: 3.4, Diff: 3.4, Sum: 119.0]
      [Termination (ms): Min: 0.0, Avg: 3.6, Max: 4.6, Diff: 4.6, Sum: 152.9]
         [Termination Attempts: Min: 1, Avg: 13.0, Max: 21, Diff: 20, Sum: 559]
      [GC Worker Other (ms): Min: 0.0, Avg: 0.0, Max: 0.1, Diff: 0.1, Sum: 0.9]
      [GC Worker Total (ms): Min: 6.0, Avg: 7.3, Max: 8.7, Diff: 2.6, Sum: 312.7]
      [GC Worker End (ms): Min: 1605543568.8, Avg: 1605543568.9, Max: 1605543569.0, Diff: 0.2]
   [Code Root Fixup: 0.0 ms]
   [Code Root Purge: 0.0 ms]
   [Clear CT: 5.5 ms]
   [Other: 8.8 ms]
      [Choose CSet: 0.0 ms]
      [Ref Proc: 3.0 ms]
      [Ref Enq: 0.0 ms]
      [Redirty Cards: 5.2 ms]
      [Humongous Register: 0.1 ms]
      [Humongous Reclaim: 0.0 ms]
      [Free CSet: 0.1 ms]
   [Eden: 51200.0K(51200.0K)->0.0B(51200.0K) Survivors: 1024.0K->1024.0K Heap: 246.1M(1024.0M)->196.1M(1024.0M)]
 [Times: user=0.35 sys=0.00, real=0.02 secs] 
2023-07-02T07:09:47.591+0000: 1609007.216: [GC pause (G1 Evacuation Pause) (young), 0.0234873 secs]
   [Parallel Time: 6.2 ms, GC Workers: 43]
      [GC Worker Start (ms): Min: 1609007218.9, Avg: 1609007221.1, Max: 1609007222.9, Diff: 4.0]
      [Ext Root Scanning (ms): Min: 0.0, Avg: 0.9, Max: 3.4, Diff: 3.4, Sum: 37.4]
      [Update RS (ms): Min: 0.0, Avg: 0.2, Max: 0.5, Diff: 0.5, Sum: 10.2]
         [Processed Buffers: Min: 0, Avg: 1.5, Max: 7, Diff: 7, Sum: 63]
      [Scan RS (ms): Min: 0.0, Avg: 0.0, Max: 0.0, Diff: 0.0, Sum: 0.4]
      [Code Root Scanning (ms): Min: 0.0, Avg: 0.0, Max: 0.0, Diff: 0.0, Sum: 0.0]
      [Object Copy (ms): Min: 0.9, Avg: 1.6, Max: 1.9, Diff: 1.0, Sum: 70.0]
      [Termination (ms): Min: 0.0, Avg: 0.2, Max: 0.4, Diff: 0.4, Sum: 10.6]
         [Termination Attempts: Min: 2, Avg: 5.5, Max: 9, Diff: 7, Sum: 235]
      [GC Worker Other (ms): Min: 0.0, Avg: 0.1, Max: 0.3, Diff: 0.3, Sum: 5.3]
      [GC Worker Total (ms): Min: 1.2, Avg: 3.1, Max: 5.2, Diff: 4.0, Sum: 134.1]
      [GC Worker End (ms): Min: 1609007224.1, Avg: 1609007224.2, Max: 1609007224.4, Diff: 0.3]
   [Code Root Fixup: 0.0 ms]
   [Code Root Purge: 0.0 ms]
   [Clear CT: 4.8 ms]
   [Other: 12.4 ms]
      [Choose CSet: 0.0 ms]
      [Ref Proc: 4.7 ms]
      [Ref Enq: 0.0 ms]
      [Redirty Cards: 4.8 ms]
      [Humongous Register: 2.0 ms]
      [Humongous Reclaim: 0.0 ms]
      [Free CSet: 0.2 ms]
   [Eden: 51200.0K(51200.0K)->0.0B(51200.0K) Survivors: 1024.0K->1024.0K Heap: 246.1M(1024.0M)->196.1M(1024.0M)]
 [Times: user=0.19 sys=0.00, real=0.02 secs] 
2023-07-02T08:07:42.591+0000: 1612482.216: [GC pause (G1 Evacuation Pause) (young), 0.0222880 secs]
   [Parallel Time: 6.6 ms, GC Workers: 43]
      [GC Worker Start (ms): Min: 1612482216.6, Avg: 1612482218.0, Max: 1612482219.3, Diff: 2.7]
      [Ext Root Scanning (ms): Min: 0.0, Avg: 0.6, Max: 1.8, Diff: 1.8, Sum: 24.4]
      [Update RS (ms): Min: 0.0, Avg: 0.1, Max: 0.5, Diff: 0.5, Sum: 6.0]
         [Processed Buffers: Min: 0, Avg: 1.4, Max: 6, Diff: 6, Sum: 60]
      [Scan RS (ms): Min: 0.0, Avg: 0.0, Max: 0.0, Diff: 0.0, Sum: 0.5]
      [Code Root Scanning (ms): Min: 0.0, Avg: 0.0, Max: 0.0, Diff: 0.0, Sum: 0.0]
      [Object Copy (ms): Min: 1.8, Avg: 2.6, Max: 3.3, Diff: 1.5, Sum: 112.5]
      [Termination (ms): Min: 0.5, Avg: 1.0, Max: 1.8, Diff: 1.3, Sum: 44.9]
         [Termination Attempts: Min: 8, Avg: 13.7, Max: 20, Diff: 12, Sum: 587]
      [GC Worker Other (ms): Min: 0.0, Avg: 0.1, Max: 0.2, Diff: 0.2, Sum: 2.9]
      [GC Worker Total (ms): Min: 3.1, Avg: 4.4, Max: 5.8, Diff: 2.7, Sum: 191.3]
      [GC Worker End (ms): Min: 1612482222.4, Avg: 1612482222.5, Max: 1612482222.6, Diff: 0.2]
   [Code Root Fixup: 0.0 ms]
   [Code Root Purge: 0.0 ms]
   [Clear CT: 5.7 ms]
   [Other: 9.9 ms]
      [Choose CSet: 0.0 ms]
      [Ref Proc: 4.2 ms]
      [Ref Enq: 0.0 ms]
      [Redirty Cards: 5.1 ms]
      [Humongous Register: 0.1 ms]
      [Humongous Reclaim: 0.0 ms]
      [Free CSet: 0.1 ms]
   [Eden: 51200.0K(51200.0K)->0.0B(51200.0K) Survivors: 1024.0K->1024.0K Heap: 246.1M(1024.0M)->196.1M(1024.0M)]
 [Times: user=0.17 sys=0.08, real=0.02 secs] 
2023-07-02T09:05:31.544+0000: 1615951.170: [GC pause (G1 Evacuation Pause) (young), 0.0212997 secs]
   [Parallel Time: 7.4 ms, GC Workers: 43]
      [GC Worker Start (ms): Min: 1615951170.7, Avg: 1615951172.1, Max: 1615951173.4, Diff: 2.7]
      [Ext Root Scanning (ms): Min: 0.0, Avg: 1.2, Max: 6.8, Diff: 6.8, Sum: 50.7]
      [Update RS (ms): Min: 0.0, Avg: 0.3, Max: 0.6, Diff: 0.6, Sum: 12.7]
         [Processed Buffers: Min: 0, Avg: 1.5, Max: 5, Diff: 5, Sum: 66]
      [Scan RS (ms): Min: 0.0, Avg: 0.0, Max: 0.0, Diff: 0.0, Sum: 0.5]
      [Code Root Scanning (ms): Min: 0.0, Avg: 0.0, Max: 0.0, Diff: 0.0, Sum: 0.0]
      [Object Copy (ms): Min: 0.0, Avg: 1.7, Max: 2.0, Diff: 2.0, Sum: 72.9]
      [Termination (ms): Min: 0.0, Avg: 2.3, Max: 2.5, Diff: 2.5, Sum: 98.0]
         [Termination Attempts: Min: 1, Avg: 6.0, Max: 9, Diff: 8, Sum: 259]
      [GC Worker Other (ms): Min: 0.0, Avg: 0.0, Max: 0.3, Diff: 0.3, Sum: 1.7]
      [GC Worker Total (ms): Min: 4.3, Avg: 5.5, Max: 6.8, Diff: 2.5, Sum: 236.6]
      [GC Worker End (ms): Min: 1615951177.5, Avg: 1615951177.6, Max: 1615951177.7, Diff: 0.2]
   [Code Root Fixup: 0.0 ms]
   [Code Root Purge: 0.0 ms]
   [Clear CT: 5.2 ms]
   [Other: 8.8 ms]
      [Choose CSet: 0.0 ms]
      [Ref Proc: 2.7 ms]
      [Ref Enq: 0.0 ms]
      [Redirty Cards: 4.9 ms]
      [Humongous Register: 0.3 ms]
      [Humongous Reclaim: 0.0 ms]
      [Free CSet: 0.2 ms]
   [Eden: 51200.0K(51200.0K)->0.0B(51200.0K) Survivors: 1024.0K->1024.0K Heap: 246.1M(1024.0M)->196.1M(1024.0M)]
 [Times: user=0.27 sys=0.00, real=0.02 secs] 
2023-07-02T10:03:02.591+0000: 1619402.217: [GC pause (G1 Evacuation Pause) (young), 0.0222987 secs]
   [Parallel Time: 5.5 ms, GC Workers: 43]
      [GC Worker Start (ms): Min: 1619402218.8, Avg: 1619402220.8, Max: 1619402222.6, Diff: 3.8]
      [Ext Root Scanning (ms): Min: 0.0, Avg: 0.5, Max: 2.6, Diff: 2.6, Sum: 21.2]
      [Update RS (ms): Min: 0.0, Avg: 0.1, Max: 0.5, Diff: 0.5, Sum: 4.0]
         [Processed Buffers: Min: 0, Avg: 1.4, Max: 6, Diff: 6, Sum: 60]
      [Scan RS (ms): Min: 0.0, Avg: 0.0, Max: 0.1, Diff: 0.0, Sum: 0.5]
      [Code Root Scanning (ms): Min: 0.0, Avg: 0.0, Max: 0.0, Diff: 0.0, Sum: 0.0]
      [Object Copy (ms): Min: 0.0, Avg: 1.0, Max: 1.5, Diff: 1.5, Sum: 43.6]
      [Termination (ms): Min: 0.0, Avg: 0.3, Max: 0.4, Diff: 0.4, Sum: 11.6]
         [Termination Attempts: Min: 1, Avg: 3.8, Max: 7, Diff: 6, Sum: 165]
      [GC Worker Other (ms): Min: 0.0, Avg: 0.0, Max: 0.1, Diff: 0.1, Sum: 1.8]
      [GC Worker Total (ms): Min: 0.1, Avg: 1.9, Max: 4.0, Diff: 3.9, Sum: 82.6]
      [GC Worker End (ms): Min: 1619402222.7, Avg: 1619402222.7, Max: 1619402222.8, Diff: 0.2]
   [Code Root Fixup: 0.0 ms]
   [Code Root Purge: 0.0 ms]
   [Clear CT: 5.5 ms]
   [Other: 11.4 ms]
      [Choose CSet: 0.0 ms]
      [Ref Proc: 3.5 ms]
      [Ref Enq: 0.0 ms]
      [Redirty Cards: 5.3 ms]
      [Humongous Register: 1.8 ms]
      [Humongous Reclaim: 0.0 ms]
      [Free CSet: 0.1 ms]
   [Eden: 51200.0K(51200.0K)->0.0B(51200.0K) Survivors: 1024.0K->1024.0K Heap: 246.1M(1024.0M)->196.1M(1024.0M)]
 [Times: user=0.14 sys=0.00, real=0.02 secs] 
2023-07-02T11:00:31.544+0000: 1622851.170: [GC pause (G1 Evacuation Pause) (young), 0.0258719 secs]
   [Parallel Time: 10.5 ms, GC Workers: 43]
      [GC Worker Start (ms): Min: 1622851170.2, Avg: 1622851171.6, Max: 1622851172.8, Diff: 2.6]
      [Ext Root Scanning (ms): Min: 0.0, Avg: 1.3, Max: 8.8, Diff: 8.8, Sum: 54.7]
      [Update RS (ms): Min: 0.0, Avg: 0.3, Max: 0.6, Diff: 0.6, Sum: 11.0]
         [Processed Buffers: Min: 0, Avg: 1.5, Max: 6, Diff: 6, Sum: 63]
      [Scan RS (ms): Min: 0.0, Avg: 0.0, Max: 0.0, Diff: 0.0, Sum: 0.5]
      [Code Root Scanning (ms): Min: 0.0, Avg: 0.0, Max: 0.0, Diff: 0.0, Sum: 0.0]
      [Object Copy (ms): Min: 0.0, Avg: 2.5, Max: 2.9, Diff: 2.9, Sum: 107.7]
      [Termination (ms): Min: 0.0, Avg: 3.4, Max: 4.0, Diff: 4.0, Sum: 146.7]
         [Termination Attempts: Min: 1, Avg: 11.5, Max: 19, Diff: 18, Sum: 495]
      [GC Worker Other (ms): Min: 0.0, Avg: 0.0, Max: 0.2, Diff: 0.2, Sum: 1.4]
      [GC Worker Total (ms): Min: 6.3, Avg: 7.5, Max: 8.8, Diff: 2.5, Sum: 321.9]
      [GC Worker End (ms): Min: 1622851179.0, Avg: 1622851179.1, Max: 1622851179.2, Diff: 0.2]
   [Code Root Fixup: 0.0 ms]
   [Code Root Purge: 0.0 ms]
   [Clear CT: 5.4 ms]
   [Other: 10.0 ms]
      [Choose CSet: 0.0 ms]
      [Ref Proc: 3.6 ms]
      [Ref Enq: 0.0 ms]
      [Redirty Cards: 5.4 ms]
      [Humongous Register: 0.3 ms]
      [Humongous Reclaim: 0.0 ms]
      [Free CSet: 0.2 ms]
   [Eden: 51200.0K(51200.0K)->0.0B(51200.0K) Survivors: 1024.0K->1024.0K Heap: 246.1M(1024.0M)->196.1M(1024.0M)]
 [Times: user=0.37 sys=0.00, real=0.03 secs] 
2023-07-02T11:58:19.116+0000: 1626318.742: [GC pause (G1 Evacuation Pause) (young), 0.0232641 secs]
   [Parallel Time: 6.0 ms, GC Workers: 43]
      [GC Worker Start (ms): Min: 1626318744.3, Avg: 1626318746.3, Max: 1626318748.1, Diff: 3.9]
      [Ext Root Scanning (ms): Min: 0.0, Avg: 0.5, Max: 2.0, Diff: 2.0, Sum: 20.0]
      [Update RS (ms): Min: 0.0, Avg: 0.1, Max: 0.5, Diff: 0.5, Sum: 6.2]
         [Processed Buffers: Min: 0, Avg: 1.5, Max: 10, Diff: 10, Sum: 63]
      [Scan RS (ms): Min: 0.0, Avg: 0.0, Max: 0.1, Diff: 0.1, Sum: 0.6]
      [Code Root Scanning (ms): Min: 0.0, Avg: 0.0, Max: 0.0, Diff: 0.0, Sum: 0.0]
      [Object Copy (ms): Min: 0.1, Avg: 1.2, Max: 1.8, Diff: 1.6, Sum: 51.3]
      [Termination (ms): Min: 0.0, Avg: 0.3, Max: 0.4, Diff: 0.4, Sum: 10.8]
         [Termination Attempts: Min: 1, Avg: 4.5, Max: 8, Diff: 7, Sum: 194]
      [GC Worker Other (ms): Min: 0.0, Avg: 0.1, Max: 0.4, Diff: 0.3, Sum: 5.4]
      [GC Worker Total (ms): Min: 0.3, Avg: 2.2, Max: 4.3, Diff: 4.1, Sum: 94.3]
      [GC Worker End (ms): Min: 1626318748.4, Avg: 1626318748.5, Max: 1626318748.8, Diff: 0.3]
   [Code Root Fixup: 0.0 ms]
   [Code Root Purge: 0.0 ms]
   [Clear CT: 5.0 ms]
   [Other: 12.3 ms]
      [Choose CSet: 0.0 ms]
      [Ref Proc: 4.7 ms]
      [Ref Enq: 0.0 ms]
      [Redirty Cards: 5.0 ms]
      [Humongous Register: 1.8 ms]
      [Humongous Reclaim: 0.0 ms]
      [Free CSet: 0.1 ms]
   [Eden: 51200.0K(51200.0K)->0.0B(51200.0K) Survivors: 1024.0K->1024.0K Heap: 246.1M(1024.0M)->196.1M(1024.0M)]
 [Times: user=0.13 sys=0.02, real=0.02 secs] 
2023-07-02T12:56:10.541+0000: 1629790.167: [GC pause (G1 Evacuation Pause) (young), 0.0217679 secs]
   [Parallel Time: 7.4 ms, GC Workers: 43]
      [GC Worker Start (ms): Min: 1629790166.9, Avg: 1629790168.4, Max: 1629790169.6, Diff: 2.7]
      [Ext Root Scanning (ms): Min: 0.0, Avg: 0.5, Max: 1.7, Diff: 1.7, Sum: 22.1]
      [Update RS (ms): Min: 0.0, Avg: 0.1, Max: 0.5, Diff: 0.5, Sum: 5.6]
         [Processed Buffers: Min: 0, Avg: 1.4, Max: 5, Diff: 5, Sum: 59]
      [Scan RS (ms): Min: 0.0, Avg: 0.0, Max: 0.0, Diff: 0.0, Sum: 0.5]
      [Code Root Scanning (ms): Min: 0.0, Avg: 0.0, Max: 0.0, Diff: 0.0, Sum: 0.0]
      [Object Copy (ms): Min: 2.1, Avg: 2.9, Max: 3.6, Diff: 1.5, Sum: 124.7]
      [Termination (ms): Min: 0.4, Avg: 0.9, Max: 1.6, Diff: 1.2, Sum: 40.0]
         [Termination Attempts: Min: 12, Avg: 16.0, Max: 22, Diff: 10, Sum: 689]
      [GC Worker Other (ms): Min: 0.0, Avg: 0.1, Max: 0.4, Diff: 0.4, Sum: 4.1]
      [GC Worker Total (ms): Min: 3.3, Avg: 4.6, Max: 5.9, Diff: 2.6, Sum: 197.0]
      [GC Worker End (ms): Min: 1629790172.8, Avg: 1629790172.9, Max: 1629790173.2, Diff: 0.3]
   [Code Root Fixup: 0.0 ms]
   [Code Root Purge: 0.0 ms]
   [Clear CT: 4.9 ms]
   [Other: 9.5 ms]
      [Choose CSet: 0.0 ms]
      [Ref Proc: 4.0 ms]
      [Ref Enq: 0.0 ms]
      [Redirty Cards: 4.9 ms]
      [Humongous Register: 0.1 ms]
      [Humongous Reclaim: 0.0 ms]
      [Free CSet: 0.1 ms]
   [Eden: 51200.0K(51200.0K)->0.0B(51200.0K) Survivors: 1024.0K->1024.0K Heap: 246.1M(1024.0M)->196.1M(1024.0M)]
 [Times: user=0.25 sys=0.00, real=0.02 secs] 
2023-07-02T13:54:03.273+0000: 1633262.899: [GC pause (G1 Evacuation Pause) (young), 0.0252358 secs]
   [Parallel Time: 9.3 ms, GC Workers: 43]
      [GC Worker Start (ms): Min: 1633262899.3, Avg: 1633262900.7, Max: 1633262901.9, Diff: 2.6]
      [Ext Root Scanning (ms): Min: 0.3, Avg: 1.6, Max: 7.3, Diff: 7.0, Sum: 70.3]
      [Update RS (ms): Min: 0.0, Avg: 0.3, Max: 0.6, Diff: 0.6, Sum: 14.0]
         [Processed Buffers: Min: 0, Avg: 1.4, Max: 6, Diff: 6, Sum: 61]
      [Scan RS (ms): Min: 0.0, Avg: 0.0, Max: 0.0, Diff: 0.0, Sum: 0.5]
      [Code Root Scanning (ms): Min: 0.0, Avg: 0.0, Max: 0.0, Diff: 0.0, Sum: 0.0]
      [Object Copy (ms): Min: 0.0, Avg: 1.6, Max: 1.8, Diff: 1.8, Sum: 68.3]
      [Termination (ms): Min: 0.0, Avg: 2.4, Max: 2.6, Diff: 2.6, Sum: 101.9]
         [Termination Attempts: Min: 1, Avg: 4.8, Max: 7, Diff: 6, Sum: 208]
      [GC Worker Other (ms): Min: 0.0, Avg: 0.0, Max: 0.2, Diff: 0.2, Sum: 2.0]
      [GC Worker Total (ms): Min: 4.7, Avg: 6.0, Max: 7.3, Diff: 2.6, Sum: 257.0]
      [GC Worker End (ms): Min: 1633262906.6, Avg: 1633262906.7, Max: 1633262906.8, Diff: 0.2]
   [Code Root Fixup: 0.0 ms]
   [Code Root Purge: 0.0 ms]
   [Clear CT: 5.6 ms]
   [Other: 10.3 ms]
      [Choose CSet: 0.0 ms]
      [Ref Proc: 3.8 ms]
      [Ref Enq: 0.0 ms]
      [Redirty Cards: 5.6 ms]
      [Humongous Register: 0.3 ms]
      [Humongous Reclaim: 0.0 ms]
      [Free CSet: 0.2 ms]
   [Eden: 51200.0K(51200.0K)->0.0B(51200.0K) Survivors: 1024.0K->1024.0K Heap: 246.1M(1024.0M)->196.1M(1024.0M)]
 [Times: user=0.31 sys=0.00, real=0.02 secs] 
2023-07-02T14:51:50.358+0000: 1636729.983: [GC pause (G1 Evacuation Pause) (young), 0.0232659 secs]
   [Parallel Time: 5.5 ms, GC Workers: 43]
      [GC Worker Start (ms): Min: 1636729985.6, Avg: 1636729987.5, Max: 1636729989.3, Diff: 3.7]
      [Ext Root Scanning (ms): Min: 0.0, Avg: 0.5, Max: 2.1, Diff: 2.1, Sum: 23.1]
      [Update RS (ms): Min: 0.0, Avg: 0.1, Max: 0.5, Diff: 0.5, Sum: 6.3]
         [Processed Buffers: Min: 0, Avg: 1.5, Max: 9, Diff: 9, Sum: 66]
      [Scan RS (ms): Min: 0.0, Avg: 0.0, Max: 0.0, Diff: 0.0, Sum: 0.5]
      [Code Root Scanning (ms): Min: 0.0, Avg: 0.0, Max: 0.0, Diff: 0.0, Sum: 0.0]
      [Object Copy (ms): Min: 0.2, Avg: 1.3, Max: 1.8, Diff: 1.5, Sum: 56.2]
      [Termination (ms): Min: 0.0, Avg: 0.2, Max: 0.3, Diff: 0.3, Sum: 7.6]
         [Termination Attempts: Min: 1, Avg: 4.8, Max: 10, Diff: 9, Sum: 207]
      [GC Worker Other (ms): Min: 0.0, Avg: 0.1, Max: 0.3, Diff: 0.3, Sum: 5.5]
      [GC Worker Total (ms): Min: 0.5, Avg: 2.3, Max: 4.2, Diff: 3.8, Sum: 99.1]
      [GC Worker End (ms): Min: 1636729989.7, Avg: 1636729989.8, Max: 1636729990.0, Diff: 0.3]
   [Code Root Fixup: 0.0 ms]
   [Code Root Purge: 0.0 ms]
   [Clear CT: 5.2 ms]
   [Other: 12.6 ms]
      [Choose CSet: 0.0 ms]
      [Ref Proc: 4.4 ms]
      [Ref Enq: 0.0 ms]
      [Redirty Cards: 5.3 ms]
      [Humongous Register: 1.8 ms]
      [Humongous Reclaim: 0.0 ms]
      [Free CSet: 0.1 ms]
   [Eden: 51200.0K(51200.0K)->0.0B(51200.0K) Survivors: 1024.0K->1024.0K Heap: 246.1M(1024.0M)->196.2M(1024.0M)]
 [Times: user=0.11 sys=0.04, real=0.03 secs] 
2023-07-02T15:49:39.579+0000: 1640199.205: [GC pause (G1 Evacuation Pause) (young), 0.0220677 secs]
   [Parallel Time: 5.0 ms, GC Workers: 43]
      [GC Worker Start (ms): Min: 1640199205.1, Avg: 1640199206.5, Max: 1640199207.8, Diff: 2.7]
      [Ext Root Scanning (ms): Min: 0.0, Avg: 0.5, Max: 1.7, Diff: 1.7, Sum: 23.6]
      [Update RS (ms): Min: 0.0, Avg: 0.1, Max: 0.4, Diff: 0.4, Sum: 4.4]
         [Processed Buffers: Min: 0, Avg: 1.3, Max: 6, Diff: 6, Sum: 57]
      [Scan RS (ms): Min: 0.0, Avg: 0.0, Max: 0.0, Diff: 0.0, Sum: 0.6]
      [Code Root Scanning (ms): Min: 0.0, Avg: 0.0, Max: 0.0, Diff: 0.0, Sum: 0.0]
      [Object Copy (ms): Min: 0.9, Avg: 1.6, Max: 1.9, Diff: 0.9, Sum: 68.1]
      [Termination (ms): Min: 0.1, Avg: 0.2, Max: 0.4, Diff: 0.3, Sum: 8.7]
         [Termination Attempts: Min: 2, Avg: 5.4, Max: 11, Diff: 9, Sum: 233]
      [GC Worker Other (ms): Min: 0.0, Avg: 0.1, Max: 0.4, Diff: 0.4, Sum: 5.2]
      [GC Worker Total (ms): Min: 1.3, Avg: 2.6, Max: 4.0, Diff: 2.7, Sum: 110.6]
      [GC Worker End (ms): Min: 1640199209.0, Avg: 1640199209.1, Max: 1640199209.3, Diff: 0.3]
   [Code Root Fixup: 0.0 ms]
   [Code Root Purge: 0.0 ms]
   [Clear CT: 6.1 ms]
   [Other: 10.9 ms]
      [Choose CSet: 0.0 ms]
      [Ref Proc: 4.7 ms]
      [Ref Enq: 0.0 ms]
      [Redirty Cards: 5.5 ms]
      [Humongous Register: 0.2 ms]
      [Humongous Reclaim: 0.0 ms]
      [Free CSet: 0.1 ms]
   [Eden: 51200.0K(51200.0K)->0.0B(51200.0K) Survivors: 1024.0K->1024.0K Heap: 246.2M(1024.0M)->196.1M(1024.0M)]
 [Times: user=0.16 sys=0.00, real=0.03 secs] 
2023-07-02T16:47:22.510+0000: 1643662.135: [GC pause (G1 Evacuation Pause) (young), 0.0259576 secs]
   [Parallel Time: 9.8 ms, GC Workers: 43]
      [GC Worker Start (ms): Min: 1643662135.4, Avg: 1643662136.8, Max: 1643662138.0, Diff: 2.6]
      [Ext Root Scanning (ms): Min: 0.0, Avg: 0.7, Max: 6.5, Diff: 6.5, Sum: 30.3]
      [Update RS (ms): Min: 0.0, Avg: 0.2, Max: 0.5, Diff: 0.5, Sum: 6.7]
         [Processed Buffers: Min: 0, Avg: 1.5, Max: 6, Diff: 6, Sum: 65]
      [Scan RS (ms): Min: 0.0, Avg: 0.0, Max: 0.0, Diff: 0.0, Sum: 0.6]
      [Code Root Scanning (ms): Min: 0.0, Avg: 0.0, Max: 0.0, Diff: 0.0, Sum: 0.0]
      [Object Copy (ms): Min: 0.0, Avg: 2.3, Max: 2.7, Diff: 2.7, Sum: 100.4]
      [Termination (ms): Min: 0.0, Avg: 2.0, Max: 2.3, Diff: 2.3, Sum: 87.0]
         [Termination Attempts: Min: 1, Avg: 10.0, Max: 13, Diff: 12, Sum: 432]
      [GC Worker Other (ms): Min: 0.0, Avg: 0.0, Max: 0.1, Diff: 0.1, Sum: 1.0]
      [GC Worker Total (ms): Min: 4.1, Avg: 5.3, Max: 6.5, Diff: 2.5, Sum: 226.0]
      [GC Worker End (ms): Min: 1643662141.9, Avg: 1643662142.0, Max: 1643662142.1, Diff: 0.2]
   [Code Root Fixup: 0.0 ms]
   [Code Root Purge: 0.0 ms]
   [Clear CT: 5.4 ms]
   [Other: 10.7 ms]
      [Choose CSet: 0.0 ms]
      [Ref Proc: 4.7 ms]
      [Ref Enq: 0.0 ms]
      [Redirty Cards: 5.3 ms]
      [Humongous Register: 0.1 ms]
      [Humongous Reclaim: 0.0 ms]
      [Free CSet: 0.1 ms]
   [Eden: 51200.0K(51200.0K)->0.0B(51200.0K) Survivors: 1024.0K->1024.0K Heap: 246.1M(1024.0M)->196.1M(1024.0M)]
 [Times: user=0.28 sys=0.00, real=0.02 secs] 
2023-07-02T17:45:11.380+0000: 1647131.005: [GC pause (G1 Evacuation Pause) (young), 0.0221495 secs]
   [Parallel Time: 6.5 ms, GC Workers: 43]
      [GC Worker Start (ms): Min: 1647131006.1, Avg: 1647131007.6, Max: 1647131009.0, Diff: 2.9]
      [Ext Root Scanning (ms): Min: 0.0, Avg: 0.9, Max: 2.3, Diff: 2.3, Sum: 36.9]
      [Update RS (ms): Min: 0.0, Avg: 0.2, Max: 0.6, Diff: 0.6, Sum: 10.2]
         [Processed Buffers: Min: 0, Avg: 1.5, Max: 6, Diff: 6, Sum: 66]
      [Scan RS (ms): Min: 0.0, Avg: 0.0, Max: 0.0, Diff: 0.0, Sum: 0.5]
      [Code Root Scanning (ms): Min: 0.0, Avg: 0.0, Max: 0.0, Diff: 0.0, Sum: 0.0]
      [Object Copy (ms): Min: 1.3, Avg: 1.6, Max: 1.9, Diff: 0.5, Sum: 70.8]
      [Termination (ms): Min: 0.0, Avg: 0.1, Max: 0.2, Diff: 0.2, Sum: 5.2]
         [Termination Attempts: Min: 3, Avg: 6.4, Max: 10, Diff: 7, Sum: 274]
      [GC Worker Other (ms): Min: 0.0, Avg: 0.1, Max: 0.4, Diff: 0.3, Sum: 4.4]
      [GC Worker Total (ms): Min: 1.6, Avg: 3.0, Max: 4.6, Diff: 3.0, Sum: 128.1]
      [GC Worker End (ms): Min: 1647131010.6, Avg: 1647131010.6, Max: 1647131010.8, Diff: 0.2]
   [Code Root Fixup: 0.0 ms]
   [Code Root Purge: 0.0 ms]
   [Clear CT: 4.9 ms]
   [Other: 10.7 ms]
      [Choose CSet: 0.0 ms]
      [Ref Proc: 4.9 ms]
      [Ref Enq: 0.0 ms]
      [Redirty Cards: 4.8 ms]
      [Humongous Register: 0.3 ms]
      [Humongous Reclaim: 0.0 ms]
      [Free CSet: 0.2 ms]
   [Eden: 51200.0K(51200.0K)->0.0B(51200.0K) Survivors: 1024.0K->1024.0K Heap: 246.1M(1024.0M)->196.1M(1024.0M)]
 [Times: user=0.17 sys=0.00, real=0.03 secs] 
2023-07-02T18:43:04.887+0000: 1650604.512: [GC pause (G1 Evacuation Pause) (young), 0.0242098 secs]
   [Parallel Time: 6.7 ms, GC Workers: 43]
      [GC Worker Start (ms): Min: 1650604514.5, Avg: 1650604516.4, Max: 1650604518.7, Diff: 4.2]
      [Ext Root Scanning (ms): Min: 0.0, Avg: 0.5, Max: 2.1, Diff: 2.1, Sum: 22.0]
      [Update RS (ms): Min: 0.0, Avg: 0.1, Max: 0.4, Diff: 0.4, Sum: 6.0]
         [Processed Buffers: Min: 0, Avg: 1.4, Max: 7, Diff: 7, Sum: 62]
      [Scan RS (ms): Min: 0.0, Avg: 0.0, Max: 0.0, Diff: 0.0, Sum: 0.4]
      [Code Root Scanning (ms): Min: 0.0, Avg: 0.0, Max: 0.0, Diff: 0.0, Sum: 0.0]
      [Object Copy (ms): Min: 0.0, Avg: 1.2, Max: 1.6, Diff: 1.6, Sum: 52.1]
      [Termination (ms): Min: 0.0, Avg: 0.6, Max: 0.8, Diff: 0.8, Sum: 26.4]
         [Termination Attempts: Min: 1, Avg: 4.8, Max: 10, Diff: 9, Sum: 205]
      [GC Worker Other (ms): Min: 0.0, Avg: 0.0, Max: 0.2, Diff: 0.2, Sum: 1.5]
      [GC Worker Total (ms): Min: 0.0, Avg: 2.5, Max: 4.5, Diff: 4.4, Sum: 108.5]
      [GC Worker End (ms): Min: 1650604518.8, Avg: 1650604518.9, Max: 1650604519.0, Diff: 0.3]
   [Code Root Fixup: 0.0 ms]
   [Code Root Purge: 0.0 ms]
   [Clear CT: 5.6 ms]
   [Other: 11.9 ms]
      [Choose CSet: 0.0 ms]
      [Ref Proc: 4.2 ms]
      [Ref Enq: 0.0 ms]
      [Redirty Cards: 5.2 ms]
      [Humongous Register: 1.8 ms]
      [Humongous Reclaim: 0.0 ms]
      [Free CSet: 0.1 ms]
   [Eden: 51200.0K(51200.0K)->0.0B(51200.0K) Survivors: 1024.0K->1024.0K Heap: 246.1M(1024.0M)->196.1M(1024.0M)]
 [Times: user=0.17 sys=0.00, real=0.03 secs] 
2023-07-02T19:40:47.591+0000: 1654067.216: [GC pause (G1 Evacuation Pause) (young), 0.0294623 secs]
   [Parallel Time: 13.7 ms, GC Workers: 43]
      [GC Worker Start (ms): Min: 1654067216.7, Avg: 1654067218.2, Max: 1654067222.6, Diff: 5.9]
      [Ext Root Scanning (ms): Min: 0.0, Avg: 0.9, Max: 12.3, Diff: 12.3, Sum: 39.3]
      [Update RS (ms): Min: 0.0, Avg: 0.2, Max: 0.6, Diff: 0.6, Sum: 7.1]
         [Processed Buffers: Min: 0, Avg: 1.3, Max: 5, Diff: 5, Sum: 57]
      [Scan RS (ms): Min: 0.0, Avg: 0.0, Max: 0.0, Diff: 0.0, Sum: 0.5]
      [Code Root Scanning (ms): Min: 0.0, Avg: 0.0, Max: 0.0, Diff: 0.0, Sum: 0.0]
      [Object Copy (ms): Min: 0.0, Avg: 2.4, Max: 3.1, Diff: 3.1, Sum: 105.2]
      [Termination (ms): Min: 0.0, Avg: 7.4, Max: 8.2, Diff: 8.2, Sum: 318.8]
         [Termination Attempts: Min: 1, Avg: 13.1, Max: 19, Diff: 18, Sum: 562]
      [GC Worker Other (ms): Min: 0.0, Avg: 0.0, Max: 0.1, Diff: 0.1, Sum: 1.0]
      [GC Worker Total (ms): Min: 6.7, Avg: 11.0, Max: 12.4, Diff: 5.7, Sum: 472.0]
      [GC Worker End (ms): Min: 1654067229.1, Avg: 1654067229.2, Max: 1654067229.3, Diff: 0.2]
   [Code Root Fixup: 0.0 ms]
   [Code Root Purge: 0.0 ms]
   [Clear CT: 5.3 ms]
   [Other: 10.4 ms]
      [Choose CSet: 0.0 ms]
      [Ref Proc: 4.5 ms]
      [Ref Enq: 0.0 ms]
      [Redirty Cards: 5.2 ms]
      [Humongous Register: 0.1 ms]
      [Humongous Reclaim: 0.0 ms]
      [Free CSet: 0.2 ms]
   [Eden: 51200.0K(51200.0K)->0.0B(51200.0K) Survivors: 1024.0K->1024.0K Heap: 246.1M(1024.0M)->196.2M(1024.0M)]
 [Times: user=0.52 sys=0.00, real=0.02 secs] 
2023-07-02T20:38:32.591+0000: 1657532.216: [GC pause (G1 Evacuation Pause) (young), 0.0211050 secs]
   [Parallel Time: 5.8 ms, GC Workers: 43]
      [GC Worker Start (ms): Min: 1657532217.1, Avg: 1657532218.5, Max: 1657532219.6, Diff: 2.6]
      [Ext Root Scanning (ms): Min: 0.0, Avg: 1.2, Max: 2.5, Diff: 2.5, Sum: 50.8]
      [Update RS (ms): Min: 0.1, Avg: 0.3, Max: 0.5, Diff: 0.5, Sum: 11.9]
         [Processed Buffers: Min: 0, Avg: 1.5, Max: 5, Diff: 5, Sum: 63]
      [Scan RS (ms): Min: 0.0, Avg: 0.0, Max: 0.0, Diff: 0.0, Sum: 0.4]
      [Code Root Scanning (ms): Min: 0.0, Avg: 0.0, Max: 0.0, Diff: 0.0, Sum: 0.0]
      [Object Copy (ms): Min: 1.3, Avg: 1.6, Max: 1.8, Diff: 0.5, Sum: 66.9]
      [Termination (ms): Min: 0.0, Avg: 0.2, Max: 0.4, Diff: 0.4, Sum: 9.7]
         [Termination Attempts: Min: 1, Avg: 4.7, Max: 8, Diff: 7, Sum: 202]
      [GC Worker Other (ms): Min: 0.0, Avg: 0.1, Max: 0.5, Diff: 0.5, Sum: 6.2]
      [GC Worker Total (ms): Min: 2.2, Avg: 3.4, Max: 4.8, Diff: 2.6, Sum: 145.9]
      [GC Worker End (ms): Min: 1657532221.7, Avg: 1657532221.8, Max: 1657532222.1, Diff: 0.4]
   [Code Root Fixup: 0.0 ms]
   [Code Root Purge: 0.0 ms]
   [Clear CT: 5.3 ms]
   [Other: 10.0 ms]
      [Choose CSet: 0.0 ms]
      [Ref Proc: 3.6 ms]
      [Ref Enq: 0.0 ms]
      [Redirty Cards: 5.4 ms]
      [Humongous Register: 0.3 ms]
      [Humongous Reclaim: 0.0 ms]
      [Free CSet: 0.2 ms]
   [Eden: 51200.0K(51200.0K)->0.0B(51200.0K) Survivors: 1024.0K->1024.0K Heap: 246.2M(1024.0M)->196.2M(1024.0M)]
 [Times: user=0.08 sys=0.11, real=0.02 secs] 
2023-07-02T21:36:29.965+0000: 1661009.590: [GC pause (G1 Evacuation Pause) (young), 0.0244537 secs]
   [Parallel Time: 6.1 ms, GC Workers: 43]
      [GC Worker Start (ms): Min: 1661009592.5, Avg: 1661009594.6, Max: 1661009597.3, Diff: 4.7]
      [Ext Root Scanning (ms): Min: 0.0, Avg: 0.4, Max: 2.4, Diff: 2.3, Sum: 17.7]
      [Update RS (ms): Min: 0.0, Avg: 0.1, Max: 0.5, Diff: 0.5, Sum: 5.1]
         [Processed Buffers: Min: 0, Avg: 1.5, Max: 8, Diff: 8, Sum: 65]
      [Scan RS (ms): Min: 0.0, Avg: 0.0, Max: 0.0, Diff: 0.0, Sum: 0.4]
      [Code Root Scanning (ms): Min: 0.0, Avg: 0.0, Max: 0.0, Diff: 0.0, Sum: 0.0]
      [Object Copy (ms): Min: 0.0, Avg: 1.1, Max: 1.6, Diff: 1.6, Sum: 46.8]
      [Termination (ms): Min: 0.0, Avg: 1.1, Max: 1.4, Diff: 1.4, Sum: 48.7]
         [Termination Attempts: Min: 1, Avg: 5.0, Max: 11, Diff: 10, Sum: 214]
      [GC Worker Other (ms): Min: 0.0, Avg: 0.0, Max: 0.1, Diff: 0.0, Sum: 1.3]
      [GC Worker Total (ms): Min: 0.0, Avg: 2.8, Max: 4.8, Diff: 4.8, Sum: 120.0]
      [GC Worker End (ms): Min: 1661009597.3, Avg: 1661009597.4, Max: 1661009597.5, Diff: 0.2]
   [Code Root Fixup: 0.0 ms]
   [Code Root Purge: 0.0 ms]
   [Clear CT: 5.1 ms]
   [Other: 13.2 ms]
      [Choose CSet: 0.0 ms]
      [Ref Proc: 5.0 ms]
      [Ref Enq: 0.0 ms]
      [Redirty Cards: 5.5 ms]
      [Humongous Register: 1.8 ms]
      [Humongous Reclaim: 0.0 ms]
      [Free CSet: 0.1 ms]
   [Eden: 51200.0K(51200.0K)->0.0B(51200.0K) Survivors: 1024.0K->1024.0K Heap: 246.2M(1024.0M)->196.1M(1024.0M)]
 [Times: user=0.12 sys=0.09, real=0.03 secs] 
2023-07-02T22:34:10.488+0000: 1664470.114: [GC pause (G1 Evacuation Pause) (young), 0.0256926 secs]
   [Parallel Time: 8.0 ms, GC Workers: 43]
      [GC Worker Start (ms): Min: 1664470114.2, Avg: 1664470115.7, Max: 1664470118.5, Diff: 4.3]
      [Ext Root Scanning (ms): Min: 0.0, Avg: 0.4, Max: 1.5, Diff: 1.5, Sum: 17.4]
      [Update RS (ms): Min: 0.0, Avg: 0.1, Max: 0.4, Diff: 0.4, Sum: 4.6]
         [Processed Buffers: Min: 0, Avg: 1.4, Max: 6, Diff: 6, Sum: 59]
      [Scan RS (ms): Min: 0.0, Avg: 0.0, Max: 0.0, Diff: 0.0, Sum: 0.4]
      [Code Root Scanning (ms): Min: 0.0, Avg: 0.0, Max: 0.0, Diff: 0.0, Sum: 0.0]
      [Object Copy (ms): Min: 0.0, Avg: 1.3, Max: 1.7, Diff: 1.7, Sum: 57.2]
      [Termination (ms): Min: 0.0, Avg: 1.1, Max: 1.3, Diff: 1.3, Sum: 46.5]
         [Termination Attempts: Min: 1, Avg: 5.2, Max: 9, Diff: 8, Sum: 222]
      [GC Worker Other (ms): Min: 0.0, Avg: 0.0, Max: 0.1, Diff: 0.1, Sum: 0.8]
      [GC Worker Total (ms): Min: 0.0, Avg: 3.0, Max: 4.4, Diff: 4.3, Sum: 127.0]
      [GC Worker End (ms): Min: 1664470118.6, Avg: 1664470118.6, Max: 1664470118.8, Diff: 0.2]
   [Code Root Fixup: 0.0 ms]
   [Code Root Purge: 0.0 ms]
   [Clear CT: 6.1 ms]
   [Other: 11.6 ms]
      [Choose CSet: 0.0 ms]
      [Ref Proc: 5.7 ms]
      [Ref Enq: 0.0 ms]
      [Redirty Cards: 5.3 ms]
      [Humongous Register: 0.1 ms]
      [Humongous Reclaim: 0.0 ms]
      [Free CSet: 0.1 ms]
   [Eden: 51200.0K(51200.0K)->0.0B(51200.0K) Survivors: 1024.0K->1024.0K Heap: 246.1M(1024.0M)->196.2M(1024.0M)]
 [Times: user=0.21 sys=0.00, real=0.03 secs] 
2023-07-02T23:31:47.591+0000: 1667927.217: [GC pause (G1 Evacuation Pause) (young), 0.0244502 secs]
   [Parallel Time: 7.5 ms, GC Workers: 43]
      [GC Worker Start (ms): Min: 1667927217.0, Avg: 1667927218.6, Max: 1667927222.0, Diff: 5.0]
      [Ext Root Scanning (ms): Min: 0.0, Avg: 0.7, Max: 6.0, Diff: 6.0, Sum: 31.2]
      [Update RS (ms): Min: 0.0, Avg: 0.1, Max: 0.5, Diff: 0.5, Sum: 5.6]
         [Processed Buffers: Min: 0, Avg: 1.4, Max: 4, Diff: 4, Sum: 60]
      [Scan RS (ms): Min: 0.0, Avg: 0.0, Max: 0.0, Diff: 0.0, Sum: 0.6]
      [Code Root Scanning (ms): Min: 0.0, Avg: 0.0, Max: 0.0, Diff: 0.0, Sum: 0.0]
      [Object Copy (ms): Min: 0.0, Avg: 1.5, Max: 1.8, Diff: 1.8, Sum: 62.6]
      [Termination (ms): Min: 0.0, Avg: 2.3, Max: 2.7, Diff: 2.7, Sum: 97.2]
         [Termination Attempts: Min: 1, Avg: 5.7, Max: 9, Diff: 8, Sum: 247]
      [GC Worker Other (ms): Min: 0.0, Avg: 0.0, Max: 0.1, Diff: 0.1, Sum: 1.0]
      [GC Worker Total (ms): Min: 1.3, Avg: 4.6, Max: 6.1, Diff: 4.8, Sum: 198.2]
      [GC Worker End (ms): Min: 1667927223.1, Avg: 1667927223.2, Max: 1667927223.3, Diff: 0.2]
   [Code Root Fixup: 0.0 ms]
   [Code Root Purge: 0.0 ms]
   [Clear CT: 6.3 ms]
   [Other: 10.7 ms]
      [Choose CSet: 0.0 ms]
      [Ref Proc: 4.6 ms]
      [Ref Enq: 0.0 ms]
      [Redirty Cards: 5.4 ms]
      [Humongous Register: 0.1 ms]
      [Humongous Reclaim: 0.0 ms]
      [Free CSet: 0.1 ms]
   [Eden: 51200.0K(51200.0K)->0.0B(51200.0K) Survivors: 1024.0K->1024.0K Heap: 246.2M(1024.0M)->196.2M(1024.0M)]
 [Times: user=0.26 sys=0.00, real=0.02 secs] 
2023-07-03T00:29:42.591+0000: 1671402.217: [GC pause (G1 Evacuation Pause) (young), 0.0261907 secs]
   [Parallel Time: 7.3 ms, GC Workers: 43]
      [GC Worker Start (ms): Min: 1671402219.2, Avg: 1671402221.2, Max: 1671402223.3, Diff: 4.1]
      [Ext Root Scanning (ms): Min: 0.0, Avg: 0.6, Max: 2.9, Diff: 2.8, Sum: 27.9]
      [Update RS (ms): Min: 0.0, Avg: 0.2, Max: 0.4, Diff: 0.4, Sum: 7.3]
         [Processed Buffers: Min: 0, Avg: 1.5, Max: 8, Diff: 8, Sum: 65]
      [Scan RS (ms): Min: 0.0, Avg: 0.0, Max: 0.0, Diff: 0.0, Sum: 0.4]
      [Code Root Scanning (ms): Min: 0.0, Avg: 0.0, Max: 0.0, Diff: 0.0, Sum: 0.0]
      [Object Copy (ms): Min: 0.2, Avg: 1.5, Max: 2.0, Diff: 1.8, Sum: 66.5]
      [Termination (ms): Min: 0.1, Avg: 0.3, Max: 0.6, Diff: 0.5, Sum: 12.4]
         [Termination Attempts: Min: 1, Avg: 6.7, Max: 11, Diff: 10, Sum: 288]
      [GC Worker Other (ms): Min: 0.0, Avg: 0.1, Max: 0.4, Diff: 0.3, Sum: 5.4]
      [GC Worker Total (ms): Min: 0.5, Avg: 2.8, Max: 4.7, Diff: 4.2, Sum: 119.9]
      [GC Worker End (ms): Min: 1671402223.8, Avg: 1671402223.9, Max: 1671402224.2, Diff: 0.3]
   [Code Root Fixup: 0.0 ms]
   [Code Root Purge: 0.0 ms]
   [Clear CT: 5.5 ms]
   [Other: 13.4 ms]
      [Choose CSet: 0.0 ms]
      [Ref Proc: 5.0 ms]
      [Ref Enq: 0.0 ms]
      [Redirty Cards: 5.2 ms]
      [Humongous Register: 2.1 ms]
      [Humongous Reclaim: 0.0 ms]
      [Free CSet: 0.4 ms]
   [Eden: 51200.0K(51200.0K)->0.0B(51200.0K) Survivors: 1024.0K->1024.0K Heap: 246.2M(1024.0M)->196.2M(1024.0M)]
 [Times: user=0.18 sys=0.00, real=0.02 secs] 
2023-07-03T01:27:31.545+0000: 1674871.170: [GC pause (G1 Evacuation Pause) (young), 0.0257629 secs]
   [Parallel Time: 9.1 ms, GC Workers: 43]
      [GC Worker Start (ms): Min: 1674871170.4, Avg: 1674871171.8, Max: 1674871173.0, Diff: 2.6]
      [Ext Root Scanning (ms): Min: 0.0, Avg: 0.5, Max: 1.7, Diff: 1.7, Sum: 23.3]
      [Update RS (ms): Min: 0.0, Avg: 0.1, Max: 0.4, Diff: 0.4, Sum: 5.4]
         [Processed Buffers: Min: 0, Avg: 1.3, Max: 6, Diff: 6, Sum: 57]
      [Scan RS (ms): Min: 0.0, Avg: 0.0, Max: 0.0, Diff: 0.0, Sum: 0.5]
      [Code Root Scanning (ms): Min: 0.0, Avg: 0.0, Max: 0.0, Diff: 0.0, Sum: 0.0]
      [Object Copy (ms): Min: 2.2, Avg: 2.9, Max: 3.3, Diff: 1.1, Sum: 124.7]
      [Termination (ms): Min: 0.5, Avg: 0.7, Max: 1.4, Diff: 0.9, Sum: 31.9]
         [Termination Attempts: Min: 8, Avg: 16.3, Max: 23, Diff: 15, Sum: 703]
      [GC Worker Other (ms): Min: 0.0, Avg: 0.1, Max: 0.2, Diff: 0.2, Sum: 3.5]
      [GC Worker Total (ms): Min: 3.1, Avg: 4.4, Max: 5.8, Diff: 2.6, Sum: 189.3]
      [GC Worker End (ms): Min: 1674871176.1, Avg: 1674871176.2, Max: 1674871176.4, Diff: 0.2]
   [Code Root Fixup: 0.0 ms]
   [Code Root Purge: 0.0 ms]
   [Clear CT: 5.6 ms]
   [Other: 11.0 ms]
      [Choose CSet: 0.0 ms]
      [Ref Proc: 5.0 ms]
      [Ref Enq: 0.0 ms]
      [Redirty Cards: 5.4 ms]
      [Humongous Register: 0.1 ms]
      [Humongous Reclaim: 0.0 ms]
      [Free CSet: 0.1 ms]
   [Eden: 51200.0K(51200.0K)->0.0B(51200.0K) Survivors: 1024.0K->1024.0K Heap: 246.2M(1024.0M)->196.2M(1024.0M)]
 [Times: user=0.24 sys=0.00, real=0.03 secs] 
2023-07-03T02:25:27.112+0000: 1678346.737: [GC pause (G1 Evacuation Pause) (young), 0.0270128 secs]
   [Parallel Time: 13.6 ms, GC Workers: 43]
      [GC Worker Start (ms): Min: 1678346738.0, Avg: 1678346739.4, Max: 1678346740.6, Diff: 2.6]
      [Ext Root Scanning (ms): Min: 0.0, Avg: 1.4, Max: 13.1, Diff: 13.1, Sum: 58.2]
      [Update RS (ms): Min: 0.0, Avg: 0.3, Max: 0.5, Diff: 0.5, Sum: 12.5]
         [Processed Buffers: Min: 0, Avg: 1.4, Max: 4, Diff: 4, Sum: 60]
      [Scan RS (ms): Min: 0.0, Avg: 0.0, Max: 0.0, Diff: 0.0, Sum: 0.5]
      [Code Root Scanning (ms): Min: 0.0, Avg: 0.0, Max: 0.0, Diff: 0.0, Sum: 0.0]
      [Object Copy (ms): Min: 0.0, Avg: 1.6, Max: 1.9, Diff: 1.8, Sum: 68.5]
      [Termination (ms): Min: 0.0, Avg: 8.6, Max: 9.0, Diff: 9.0, Sum: 370.5]
         [Termination Attempts: Min: 1, Avg: 5.4, Max: 10, Diff: 9, Sum: 231]
      [GC Worker Other (ms): Min: 0.0, Avg: 0.0, Max: 0.1, Diff: 0.1, Sum: 1.1]
      [GC Worker Total (ms): Min: 10.5, Avg: 11.9, Max: 13.3, Diff: 2.8, Sum: 511.1]
      [GC Worker End (ms): Min: 1678346751.2, Avg: 1678346751.3, Max: 1678346751.4, Diff: 0.2]
   [Code Root Fixup: 0.0 ms]
   [Code Root Purge: 0.0 ms]
   [Clear CT: 5.0 ms]
   [Other: 8.4 ms]
      [Choose CSet: 0.0 ms]
      [Ref Proc: 2.5 ms]
      [Ref Enq: 0.0 ms]
      [Redirty Cards: 5.0 ms]
      [Humongous Register: 0.3 ms]
      [Humongous Reclaim: 0.0 ms]
      [Free CSet: 0.2 ms]
   [Eden: 51200.0K(51200.0K)->0.0B(51200.0K) Survivors: 1024.0K->1024.0K Heap: 246.2M(1024.0M)->196.2M(1024.0M)]
 [Times: user=0.55 sys=0.00, real=0.02 secs] 
2023-07-03T03:23:02.591+0000: 1681802.217: [GC pause (G1 Evacuation Pause) (young), 0.0237944 secs]
   [Parallel Time: 6.3 ms, GC Workers: 43]
      [GC Worker Start (ms): Min: 1681802218.9, Avg: 1681802221.0, Max: 1681802222.8, Diff: 3.9]
      [Ext Root Scanning (ms): Min: 0.0, Avg: 0.5, Max: 2.1, Diff: 2.1, Sum: 21.5]
      [Update RS (ms): Min: 0.0, Avg: 0.1, Max: 0.5, Diff: 0.5, Sum: 5.9]
         [Processed Buffers: Min: 0, Avg: 1.5, Max: 7, Diff: 7, Sum: 65]
      [Scan RS (ms): Min: 0.0, Avg: 0.0, Max: 0.0, Diff: 0.0, Sum: 0.5]
      [Code Root Scanning (ms): Min: 0.0, Avg: 0.0, Max: 0.0, Diff: 0.0, Sum: 0.0]
      [Object Copy (ms): Min: 0.1, Avg: 1.2, Max: 1.8, Diff: 1.7, Sum: 53.3]
      [Termination (ms): Min: 0.0, Avg: 0.2, Max: 0.4, Diff: 0.3, Sum: 8.5]
         [Termination Attempts: Min: 1, Avg: 5.0, Max: 9, Diff: 8, Sum: 217]
      [GC Worker Other (ms): Min: 0.0, Avg: 0.1, Max: 0.3, Diff: 0.3, Sum: 4.1]
      [GC Worker Total (ms): Min: 0.4, Avg: 2.2, Max: 4.3, Diff: 3.9, Sum: 93.7]
      [GC Worker End (ms): Min: 1681802223.1, Avg: 1681802223.2, Max: 1681802223.3, Diff: 0.3]
   [Code Root Fixup: 0.0 ms]
   [Code Root Purge: 0.0 ms]
   [Clear CT: 5.4 ms]
   [Other: 12.1 ms]
      [Choose CSet: 0.0 ms]
      [Ref Proc: 4.1 ms]
      [Ref Enq: 0.0 ms]
      [Redirty Cards: 5.4 ms]
      [Humongous Register: 1.8 ms]
      [Humongous Reclaim: 0.0 ms]
      [Free CSet: 0.1 ms]
   [Eden: 51200.0K(51200.0K)->0.0B(51200.0K) Survivors: 1024.0K->1024.0K Heap: 246.2M(1024.0M)->196.2M(1024.0M)]
 [Times: user=0.15 sys=0.00, real=0.02 secs] 
2023-07-03T04:20:52.591+0000: 1685272.216: [GC pause (G1 Evacuation Pause) (young), 0.0231443 secs]
   [Parallel Time: 7.5 ms, GC Workers: 43]
      [GC Worker Start (ms): Min: 1685272216.6, Avg: 1685272218.0, Max: 1685272219.2, Diff: 2.6]
      [Ext Root Scanning (ms): Min: 0.0, Avg: 0.5, Max: 1.8, Diff: 1.8, Sum: 23.4]
      [Update RS (ms): Min: 0.0, Avg: 0.1, Max: 0.5, Diff: 0.5, Sum: 4.7]
         [Processed Buffers: Min: 0, Avg: 1.4, Max: 6, Diff: 6, Sum: 59]
      [Scan RS (ms): Min: 0.0, Avg: 0.0, Max: 0.1, Diff: 0.1, Sum: 0.8]
      [Code Root Scanning (ms): Min: 0.0, Avg: 0.0, Max: 0.0, Diff: 0.0, Sum: 0.0]
      [Object Copy (ms): Min: 2.5, Avg: 3.0, Max: 3.4, Diff: 0.9, Sum: 128.4]
      [Termination (ms): Min: 0.4, Avg: 0.8, Max: 1.2, Diff: 0.8, Sum: 32.7]
         [Termination Attempts: Min: 13, Avg: 18.0, Max: 22, Diff: 9, Sum: 773]
      [GC Worker Other (ms): Min: 0.0, Avg: 0.1, Max: 0.3, Diff: 0.3, Sum: 4.0]
      [GC Worker Total (ms): Min: 3.3, Avg: 4.5, Max: 6.0, Diff: 2.7, Sum: 194.1]
      [GC Worker End (ms): Min: 1685272222.4, Avg: 1685272222.5, Max: 1685272222.7, Diff: 0.3]
   [Code Root Fixup: 0.0 ms]
   [Code Root Purge: 0.0 ms]
   [Clear CT: 5.2 ms]
   [Other: 10.5 ms]
      [Choose CSet: 0.0 ms]
      [Ref Proc: 4.5 ms]
      [Ref Enq: 0.0 ms]
      [Redirty Cards: 5.4 ms]
      [Humongous Register: 0.1 ms]
      [Humongous Reclaim: 0.0 ms]
      [Free CSet: 0.1 ms]
   [Eden: 51200.0K(51200.0K)->0.0B(51200.0K) Survivors: 1024.0K->1024.0K Heap: 246.2M(1024.0M)->196.2M(1024.0M)]
 [Times: user=0.20 sys=0.04, real=0.02 secs] 
2023-07-03T05:18:34.914+0000: 1688734.540: [GC pause (G1 Evacuation Pause) (young), 0.0268876 secs]
   [Parallel Time: 9.2 ms, GC Workers: 43]
      [GC Worker Start (ms): Min: 1688734540.3, Avg: 1688734541.7, Max: 1688734543.0, Diff: 2.6]
      [Ext Root Scanning (ms): Min: 0.0, Avg: 1.3, Max: 6.9, Diff: 6.9, Sum: 54.7]
      [Update RS (ms): Min: 0.0, Avg: 0.3, Max: 0.5, Diff: 0.5, Sum: 12.7]
         [Processed Buffers: Min: 0, Avg: 1.5, Max: 6, Diff: 6, Sum: 64]
      [Scan RS (ms): Min: 0.0, Avg: 0.0, Max: 0.0, Diff: 0.0, Sum: 0.4]
      [Code Root Scanning (ms): Min: 0.0, Avg: 0.0, Max: 0.0, Diff: 0.0, Sum: 0.0]
      [Object Copy (ms): Min: 0.0, Avg: 1.6, Max: 1.9, Diff: 1.9, Sum: 67.6]
      [Termination (ms): Min: 0.0, Avg: 2.4, Max: 2.6, Diff: 2.6, Sum: 101.9]
         [Termination Attempts: Min: 1, Avg: 5.7, Max: 9, Diff: 8, Sum: 245]
      [GC Worker Other (ms): Min: 0.0, Avg: 0.0, Max: 0.4, Diff: 0.3, Sum: 2.1]
      [GC Worker Total (ms): Min: 4.3, Avg: 5.6, Max: 6.9, Diff: 2.6, Sum: 239.4]
      [GC Worker End (ms): Min: 1688734547.3, Avg: 1688734547.3, Max: 1688734547.5, Diff: 0.2]
   [Code Root Fixup: 0.0 ms]
   [Code Root Purge: 0.0 ms]
   [Clear CT: 6.7 ms]
   [Other: 11.0 ms]
      [Choose CSet: 0.0 ms]
      [Ref Proc: 4.8 ms]
      [Ref Enq: 0.0 ms]
      [Redirty Cards: 5.1 ms]
      [Humongous Register: 0.3 ms]
      [Humongous Reclaim: 0.0 ms]
      [Free CSet: 0.3 ms]
   [Eden: 51200.0K(51200.0K)->0.0B(51200.0K) Survivors: 1024.0K->1024.0K Heap: 246.2M(1024.0M)->196.2M(1024.0M)]
 [Times: user=0.24 sys=0.05, real=0.03 secs] 
2023-07-03T06:16:27.432+0000: 1692207.057: [GC pause (G1 Evacuation Pause) (young), 0.0216742 secs]
   [Parallel Time: 5.2 ms, GC Workers: 43]
      [GC Worker Start (ms): Min: 1692207059.4, Avg: 1692207061.4, Max: 1692207063.2, Diff: 3.8]
      [Ext Root Scanning (ms): Min: 0.0, Avg: 0.5, Max: 2.0, Diff: 2.0, Sum: 19.7]
      [Update RS (ms): Min: 0.0, Avg: 0.1, Max: 0.5, Diff: 0.5, Sum: 5.0]
         [Processed Buffers: Min: 0, Avg: 1.4, Max: 7, Diff: 7, Sum: 61]
      [Scan RS (ms): Min: 0.0, Avg: 0.0, Max: 0.0, Diff: 0.0, Sum: 0.4]
      [Code Root Scanning (ms): Min: 0.0, Avg: 0.0, Max: 0.0, Diff: 0.0, Sum: 0.0]
      [Object Copy (ms): Min: 0.2, Avg: 1.3, Max: 1.9, Diff: 1.7, Sum: 55.1]
      [Termination (ms): Min: 0.0, Avg: 0.2, Max: 0.3, Diff: 0.3, Sum: 8.6]
         [Termination Attempts: Min: 1, Avg: 3.8, Max: 10, Diff: 9, Sum: 164]
      [GC Worker Other (ms): Min: 0.0, Avg: 0.1, Max: 0.4, Diff: 0.4, Sum: 6.2]
      [GC Worker Total (ms): Min: 0.3, Avg: 2.2, Max: 4.1, Diff: 3.8, Sum: 95.1]
      [GC Worker End (ms): Min: 1692207063.5, Avg: 1692207063.6, Max: 1692207063.8, Diff: 0.3]
   [Code Root Fixup: 0.0 ms]
   [Code Root Purge: 0.0 ms]
   [Clear CT: 5.3 ms]
   [Other: 11.3 ms]
      [Choose CSet: 0.0 ms]
      [Ref Proc: 3.6 ms]
      [Ref Enq: 0.0 ms]
      [Redirty Cards: 5.2 ms]
      [Humongous Register: 1.9 ms]
      [Humongous Reclaim: 0.0 ms]
      [Free CSet: 0.1 ms]
   [Eden: 51200.0K(51200.0K)->0.0B(51200.0K) Survivors: 1024.0K->1024.0K Heap: 246.2M(1024.0M)->196.2M(1024.0M)]
 [Times: user=0.15 sys=0.00, real=0.02 secs] 
2023-07-03T07:14:02.298+0000: 1695661.923: [GC pause (G1 Evacuation Pause) (young), 0.0219362 secs]
   [Parallel Time: 7.4 ms, GC Workers: 43]
      [GC Worker Start (ms): Min: 1695661923.5, Avg: 1695661924.9, Max: 1695661926.3, Diff: 2.8]
      [Ext Root Scanning (ms): Min: 0.0, Avg: 0.6, Max: 1.8, Diff: 1.8, Sum: 23.7]
      [Update RS (ms): Min: 0.0, Avg: 0.1, Max: 0.5, Diff: 0.5, Sum: 4.7]
         [Processed Buffers: Min: 0, Avg: 1.4, Max: 6, Diff: 6, Sum: 59]
      [Scan RS (ms): Min: 0.0, Avg: 0.0, Max: 0.0, Diff: 0.0, Sum: 0.5]
      [Code Root Scanning (ms): Min: 0.0, Avg: 0.0, Max: 0.0, Diff: 0.0, Sum: 0.0]
      [Object Copy (ms): Min: 0.9, Avg: 1.7, Max: 2.0, Diff: 1.1, Sum: 71.5]
      [Termination (ms): Min: 0.0, Avg: 0.2, Max: 0.5, Diff: 0.4, Sum: 8.1]
         [Termination Attempts: Min: 1, Avg: 4.6, Max: 7, Diff: 6, Sum: 196]
      [GC Worker Other (ms): Min: 0.0, Avg: 0.1, Max: 0.3, Diff: 0.2, Sum: 3.3]
      [GC Worker Total (ms): Min: 1.2, Avg: 2.6, Max: 4.0, Diff: 2.8, Sum: 111.8]
      [GC Worker End (ms): Min: 1695661927.5, Avg: 1695661927.5, Max: 1695661927.7, Diff: 0.2]
   [Code Root Fixup: 0.0 ms]
   [Code Root Purge: 0.0 ms]
   [Clear CT: 4.7 ms]
   [Other: 9.8 ms]
      [Choose CSet: 0.0 ms]
      [Ref Proc: 4.5 ms]
      [Ref Enq: 0.0 ms]
      [Redirty Cards: 4.7 ms]
      [Humongous Register: 0.1 ms]
      [Humongous Reclaim: 0.0 ms]
      [Free CSet: 0.1 ms]
   [Eden: 51200.0K(51200.0K)->0.0B(51200.0K) Survivors: 1024.0K->1024.0K Heap: 246.2M(1024.0M)->196.2M(1024.0M)]
 [Times: user=0.17 sys=0.00, real=0.02 secs] 
2023-07-03T08:11:51.357+0000: 1699130.983: [GC pause (G1 Evacuation Pause) (young), 0.0208016 secs]
   [Parallel Time: 6.5 ms, GC Workers: 43]
      [GC Worker Start (ms): Min: 1699130983.2, Avg: 1699130984.6, Max: 1699130985.9, Diff: 2.7]
      [Ext Root Scanning (ms): Min: 0.0, Avg: 0.6, Max: 1.8, Diff: 1.8, Sum: 26.2]
      [Update RS (ms): Min: 0.0, Avg: 0.1, Max: 0.4, Diff: 0.4, Sum: 6.1]
         [Processed Buffers: Min: 0, Avg: 1.5, Max: 6, Diff: 6, Sum: 63]
      [Scan RS (ms): Min: 0.0, Avg: 0.0, Max: 0.0, Diff: 0.0, Sum: 0.5]
      [Code Root Scanning (ms): Min: 0.0, Avg: 0.0, Max: 0.0, Diff: 0.0, Sum: 0.0]
      [Object Copy (ms): Min: 2.3, Avg: 3.0, Max: 3.5, Diff: 1.2, Sum: 127.1]
      [Termination (ms): Min: 0.3, Avg: 0.7, Max: 1.4, Diff: 1.1, Sum: 30.0]
         [Termination Attempts: Min: 6, Avg: 11.2, Max: 15, Diff: 9, Sum: 482]
      [GC Worker Other (ms): Min: 0.0, Avg: 0.1, Max: 0.2, Diff: 0.2, Sum: 3.2]
      [GC Worker Total (ms): Min: 3.2, Avg: 4.5, Max: 5.9, Diff: 2.6, Sum: 193.2]
      [GC Worker End (ms): Min: 1699130989.0, Avg: 1699130989.1, Max: 1699130989.2, Diff: 0.2]
   [Code Root Fixup: 0.0 ms]
   [Code Root Purge: 0.0 ms]
   [Clear CT: 5.4 ms]
   [Other: 8.9 ms]
      [Choose CSet: 0.0 ms]
      [Ref Proc: 3.1 ms]
      [Ref Enq: 0.0 ms]
      [Redirty Cards: 5.3 ms]
      [Humongous Register: 0.1 ms]
      [Humongous Reclaim: 0.0 ms]
      [Free CSet: 0.1 ms]
   [Eden: 51200.0K(51200.0K)->0.0B(51200.0K) Survivors: 1024.0K->1024.0K Heap: 246.2M(1024.0M)->196.2M(1024.0M)]
 [Times: user=0.24 sys=0.00, real=0.02 secs] 
2023-07-03T09:09:47.591+0000: 1702607.217: [GC pause (G1 Evacuation Pause) (young), 0.0287125 secs]
   [Parallel Time: 10.5 ms, GC Workers: 43]
      [GC Worker Start (ms): Min: 1702607219.4, Avg: 1702607221.7, Max: 1702607223.6, Diff: 4.2]
      [Ext Root Scanning (ms): Min: 0.0, Avg: 0.9, Max: 7.6, Diff: 7.6, Sum: 40.7]
      [Update RS (ms): Min: 0.0, Avg: 0.2, Max: 0.6, Diff: 0.6, Sum: 9.9]
         [Processed Buffers: Min: 0, Avg: 1.4, Max: 6, Diff: 6, Sum: 60]
      [Scan RS (ms): Min: 0.0, Avg: 0.0, Max: 0.0, Diff: 0.0, Sum: 0.4]
      [Code Root Scanning (ms): Min: 0.0, Avg: 0.0, Max: 0.0, Diff: 0.0, Sum: 0.0]
      [Object Copy (ms): Min: 0.0, Avg: 1.8, Max: 2.1, Diff: 2.1, Sum: 76.9]
      [Termination (ms): Min: 0.0, Avg: 2.4, Max: 2.6, Diff: 2.6, Sum: 102.6]
         [Termination Attempts: Min: 1, Avg: 5.2, Max: 8, Diff: 7, Sum: 223]
      [GC Worker Other (ms): Min: 0.0, Avg: 0.1, Max: 0.2, Diff: 0.1, Sum: 2.4]
      [GC Worker Total (ms): Min: 3.5, Avg: 5.4, Max: 7.7, Diff: 4.2, Sum: 233.0]
      [GC Worker End (ms): Min: 1702607227.1, Avg: 1702607227.2, Max: 1702607227.3, Diff: 0.1]
   [Code Root Fixup: 0.0 ms]
   [Code Root Purge: 0.0 ms]
   [Clear CT: 4.9 ms]
   [Other: 13.3 ms]
      [Choose CSet: 0.0 ms]
      [Ref Proc: 4.9 ms]
      [Ref Enq: 0.0 ms]
      [Redirty Cards: 5.2 ms]
      [Humongous Register: 2.1 ms]
      [Humongous Reclaim: 0.0 ms]
      [Free CSet: 0.2 ms]
   [Eden: 51200.0K(51200.0K)->0.0B(51200.0K) Survivors: 1024.0K->1024.0K Heap: 246.2M(1024.0M)->196.2M(1024.0M)]
 [Times: user=0.28 sys=0.01, real=0.02 secs] 
2023-07-03T10:07:55.319+0000: 1706094.944: [GC pause (G1 Evacuation Pause) (young), 0.0208981 secs]
   [Parallel Time: 5.7 ms, GC Workers: 43]
      [GC Worker Start (ms): Min: 1706094944.4, Avg: 1706094945.8, Max: 1706094947.0, Diff: 2.6]
      [Ext Root Scanning (ms): Min: 0.0, Avg: 0.6, Max: 1.8, Diff: 1.7, Sum: 24.1]
      [Update RS (ms): Min: 0.0, Avg: 0.1, Max: 0.5, Diff: 0.5, Sum: 6.1]
         [Processed Buffers: Min: 0, Avg: 1.3, Max: 6, Diff: 6, Sum: 55]
      [Scan RS (ms): Min: 0.0, Avg: 0.0, Max: 0.0, Diff: 0.0, Sum: 0.4]
      [Code Root Scanning (ms): Min: 0.0, Avg: 0.0, Max: 0.0, Diff: 0.0, Sum: 0.0]
      [Object Copy (ms): Min: 1.1, Avg: 1.8, Max: 2.1, Diff: 1.0, Sum: 76.4]
      [Termination (ms): Min: 0.1, Avg: 0.3, Max: 0.5, Diff: 0.4, Sum: 11.4]
         [Termination Attempts: Min: 3, Avg: 4.8, Max: 9, Diff: 6, Sum: 206]
      [GC Worker Other (ms): Min: 0.0, Avg: 0.1, Max: 0.2, Diff: 0.2, Sum: 3.4]
      [GC Worker Total (ms): Min: 1.6, Avg: 2.8, Max: 4.1, Diff: 2.6, Sum: 121.8]
      [GC Worker End (ms): Min: 1706094948.5, Avg: 1706094948.6, Max: 1706094948.8, Diff: 0.3]
   [Code Root Fixup: 0.0 ms]
   [Code Root Purge: 0.0 ms]
   [Clear CT: 4.8 ms]
   [Other: 10.4 ms]
      [Choose CSet: 0.0 ms]
      [Ref Proc: 4.8 ms]
      [Ref Enq: 0.0 ms]
      [Redirty Cards: 5.0 ms]
      [Humongous Register: 0.1 ms]
      [Humongous Reclaim: 0.0 ms]
      [Free CSet: 0.1 ms]
   [Eden: 51200.0K(51200.0K)->0.0B(51200.0K) Survivors: 1024.0K->1024.0K Heap: 246.2M(1024.0M)->196.2M(1024.0M)]
 [Times: user=0.17 sys=0.00, real=0.02 secs] 
2023-07-03T11:05:52.591+0000: 1709572.217: [GC pause (G1 Evacuation Pause) (young), 0.0259633 secs]
   [Parallel Time: 9.9 ms, GC Workers: 43]
      [GC Worker Start (ms): Min: 1709572216.8, Avg: 1709572218.1, Max: 1709572219.3, Diff: 2.5]
      [Ext Root Scanning (ms): Min: 0.0, Avg: 0.7, Max: 6.9, Diff: 6.9, Sum: 30.8]
      [Update RS (ms): Min: 0.0, Avg: 0.1, Max: 0.4, Diff: 0.4, Sum: 5.5]
         [Processed Buffers: Min: 0, Avg: 1.4, Max: 7, Diff: 7, Sum: 61]
      [Scan RS (ms): Min: 0.0, Avg: 0.0, Max: 0.0, Diff: 0.0, Sum: 0.5]
      [Code Root Scanning (ms): Min: 0.0, Avg: 0.0, Max: 0.0, Diff: 0.0, Sum: 0.0]
      [Object Copy (ms): Min: 0.0, Avg: 2.5, Max: 2.9, Diff: 2.9, Sum: 107.3]
      [Termination (ms): Min: 0.0, Avg: 2.3, Max: 2.6, Diff: 2.6, Sum: 97.2]
         [Termination Attempts: Min: 1, Avg: 9.3, Max: 13, Diff: 12, Sum: 399]
      [GC Worker Other (ms): Min: 0.0, Avg: 0.1, Max: 0.3, Diff: 0.3, Sum: 2.6]
      [GC Worker Total (ms): Min: 4.5, Avg: 5.7, Max: 7.0, Diff: 2.5, Sum: 243.9]
      [GC Worker End (ms): Min: 1709572223.7, Avg: 1709572223.8, Max: 1709572223.9, Diff: 0.2]
   [Code Root Fixup: 0.0 ms]
   [Code Root Purge: 0.0 ms]
   [Clear CT: 5.4 ms]
   [Other: 10.6 ms]
      [Choose CSet: 0.0 ms]
      [Ref Proc: 4.5 ms]
      [Ref Enq: 0.0 ms]
      [Redirty Cards: 5.4 ms]
      [Humongous Register: 0.1 ms]
      [Humongous Reclaim: 0.0 ms]
      [Free CSet: 0.2 ms]
   [Eden: 51200.0K(51200.0K)->0.0B(51200.0K) Survivors: 1024.0K->1024.0K Heap: 246.2M(1024.0M)->196.2M(1024.0M)]
 [Times: user=0.29 sys=0.00, real=0.02 secs] 
2023-07-03T12:03:42.591+0000: 1713042.217: [GC pause (G1 Evacuation Pause) (young), 0.0267145 secs]
   [Parallel Time: 8.4 ms, GC Workers: 43]
      [GC Worker Start (ms): Min: 1713042219.2, Avg: 1713042221.4, Max: 1713042224.9, Diff: 5.6]
      [Ext Root Scanning (ms): Min: 0.0, Avg: 0.8, Max: 2.7, Diff: 2.7, Sum: 35.0]
      [Update RS (ms): Min: 0.0, Avg: 0.2, Max: 0.6, Diff: 0.6, Sum: 7.6]
         [Processed Buffers: Min: 0, Avg: 1.3, Max: 5, Diff: 5, Sum: 56]
      [Scan RS (ms): Min: 0.0, Avg: 0.0, Max: 0.0, Diff: 0.0, Sum: 0.5]
      [Code Root Scanning (ms): Min: 0.0, Avg: 0.0, Max: 0.0, Diff: 0.0, Sum: 0.0]
      [Object Copy (ms): Min: 0.0, Avg: 1.5, Max: 1.8, Diff: 1.7, Sum: 64.4]
      [Termination (ms): Min: 0.0, Avg: 1.0, Max: 1.3, Diff: 1.3, Sum: 45.1]
         [Termination Attempts: Min: 1, Avg: 5.3, Max: 10, Diff: 9, Sum: 229]
      [GC Worker Other (ms): Min: 0.0, Avg: 0.1, Max: 0.2, Diff: 0.2, Sum: 2.2]
      [GC Worker Total (ms): Min: 0.0, Avg: 3.6, Max: 5.7, Diff: 5.7, Sum: 154.9]
      [GC Worker End (ms): Min: 1713042224.9, Avg: 1713042225.0, Max: 1713042225.1, Diff: 0.2]
   [Code Root Fixup: 0.0 ms]
   [Code Root Purge: 0.0 ms]
   [Clear CT: 5.0 ms]
   [Other: 13.4 ms]
      [Choose CSet: 0.0 ms]
      [Ref Proc: 5.2 ms]
      [Ref Enq: 0.0 ms]
      [Redirty Cards: 5.0 ms]
      [Humongous Register: 2.1 ms]
      [Humongous Reclaim: 0.0 ms]
      [Free CSet: 0.4 ms]
   [Eden: 51200.0K(51200.0K)->0.0B(51200.0K) Survivors: 1024.0K->1024.0K Heap: 246.2M(1024.0M)->196.2M(1024.0M)]
 [Times: user=0.23 sys=0.01, real=0.02 secs] 
2023-07-03T13:01:32.591+0000: 1716512.216: [GC pause (G1 Evacuation Pause) (young), 0.0232347 secs]
   [Parallel Time: 8.0 ms, GC Workers: 43]
      [GC Worker Start (ms): Min: 1716512216.9, Avg: 1716512218.4, Max: 1716512221.7, Diff: 4.7]
      [Ext Root Scanning (ms): Min: 0.0, Avg: 0.5, Max: 1.8, Diff: 1.8, Sum: 23.0]
      [Update RS (ms): Min: 0.0, Avg: 0.1, Max: 0.5, Diff: 0.5, Sum: 5.3]
         [Processed Buffers: Min: 0, Avg: 1.5, Max: 8, Diff: 8, Sum: 64]
      [Scan RS (ms): Min: 0.0, Avg: 0.0, Max: 0.0, Diff: 0.0, Sum: 0.5]
      [Code Root Scanning (ms): Min: 0.0, Avg: 0.0, Max: 0.0, Diff: 0.0, Sum: 0.0]
      [Object Copy (ms): Min: 0.0, Avg: 1.5, Max: 1.9, Diff: 1.8, Sum: 65.0]
      [Termination (ms): Min: 0.0, Avg: 1.1, Max: 1.5, Diff: 1.5, Sum: 47.2]
         [Termination Attempts: Min: 1, Avg: 4.8, Max: 7, Diff: 6, Sum: 208]
      [GC Worker Other (ms): Min: 0.0, Avg: 0.0, Max: 0.1, Diff: 0.1, Sum: 1.3]
      [GC Worker Total (ms): Min: 0.0, Avg: 3.3, Max: 4.8, Diff: 4.8, Sum: 142.3]
      [GC Worker End (ms): Min: 1716512221.7, Avg: 1716512221.7, Max: 1716512221.8, Diff: 0.2]
   [Code Root Fixup: 0.0 ms]
   [Code Root Purge: 0.0 ms]
   [Clear CT: 4.4 ms]
   [Other: 10.8 ms]
      [Choose CSet: 0.0 ms]
      [Ref Proc: 5.3 ms]
      [Ref Enq: 0.0 ms]
      [Redirty Cards: 4.7 ms]
      [Humongous Register: 0.2 ms]
      [Humongous Reclaim: 0.0 ms]
      [Free CSet: 0.1 ms]
   [Eden: 51200.0K(51200.0K)->0.0B(51200.0K) Survivors: 1024.0K->1024.0K Heap: 246.2M(1024.0M)->196.2M(1024.0M)]
 [Times: user=0.22 sys=0.00, real=0.02 secs] 
2023-07-03T13:59:17.591+0000: 1719977.216: [GC pause (G1 Evacuation Pause) (young), 0.0211901 secs]
   [Parallel Time: 6.1 ms, GC Workers: 43]
      [GC Worker Start (ms): Min: 1719977216.6, Avg: 1719977218.0, Max: 1719977221.2, Diff: 4.6]
      [Ext Root Scanning (ms): Min: 0.0, Avg: 0.5, Max: 1.7, Diff: 1.7, Sum: 21.8]
      [Update RS (ms): Min: 0.0, Avg: 0.1, Max: 0.5, Diff: 0.5, Sum: 6.4]
         [Processed Buffers: Min: 0, Avg: 1.5, Max: 6, Diff: 6, Sum: 63]
      [Scan RS (ms): Min: 0.0, Avg: 0.0, Max: 0.0, Diff: 0.0, Sum: 0.5]
      [Code Root Scanning (ms): Min: 0.0, Avg: 0.0, Max: 0.0, Diff: 0.0, Sum: 0.0]
      [Object Copy (ms): Min: 0.0, Avg: 1.5, Max: 1.8, Diff: 1.8, Sum: 64.1]
      [Termination (ms): Min: 0.0, Avg: 1.1, Max: 1.4, Diff: 1.4, Sum: 47.6]
         [Termination Attempts: Min: 1, Avg: 4.9, Max: 8, Diff: 7, Sum: 210]
      [GC Worker Other (ms): Min: 0.0, Avg: 0.0, Max: 0.1, Diff: 0.0, Sum: 0.9]
      [GC Worker Total (ms): Min: 0.0, Avg: 3.3, Max: 4.7, Diff: 4.6, Sum: 141.4]
      [GC Worker End (ms): Min: 1719977221.2, Avg: 1719977221.2, Max: 1719977221.4, Diff: 0.2]
   [Code Root Fixup: 0.0 ms]
   [Code Root Purge: 0.0 ms]
   [Clear CT: 4.9 ms]
   [Other: 10.2 ms]
      [Choose CSet: 0.0 ms]
      [Ref Proc: 5.0 ms]
      [Ref Enq: 0.0 ms]
      [Redirty Cards: 4.6 ms]
      [Humongous Register: 0.1 ms]
      [Humongous Reclaim: 0.0 ms]
      [Free CSet: 0.1 ms]
   [Eden: 51200.0K(51200.0K)->0.0B(51200.0K) Survivors: 1024.0K->1024.0K Heap: 246.2M(1024.0M)->196.2M(1024.0M)]
 [Times: user=0.17 sys=0.06, real=0.02 secs] 
2023-07-03T14:57:02.438+0000: 1723442.063: [GC pause (G1 Evacuation Pause) (young), 0.0237372 secs]
   [Parallel Time: 8.5 ms, GC Workers: 43]
      [GC Worker Start (ms): Min: 1723442063.6, Avg: 1723442065.0, Max: 1723442066.6, Diff: 3.0]
      [Ext Root Scanning (ms): Min: 0.0, Avg: 0.8, Max: 6.4, Diff: 6.4, Sum: 32.3]
      [Update RS (ms): Min: 0.0, Avg: 0.2, Max: 0.6, Diff: 0.6, Sum: 9.0]
         [Processed Buffers: Min: 0, Avg: 1.4, Max: 8, Diff: 8, Sum: 62]
      [Scan RS (ms): Min: 0.0, Avg: 0.0, Max: 0.0, Diff: 0.0, Sum: 0.4]
      [Code Root Scanning (ms): Min: 0.0, Avg: 0.0, Max: 0.0, Diff: 0.0, Sum: 0.0]
      [Object Copy (ms): Min: 0.0, Avg: 2.1, Max: 2.4, Diff: 2.4, Sum: 90.9]
      [Termination (ms): Min: 0.0, Avg: 2.1, Max: 2.4, Diff: 2.4, Sum: 89.5]
         [Termination Attempts: Min: 1, Avg: 8.3, Max: 12, Diff: 11, Sum: 357]
      [GC Worker Other (ms): Min: 0.0, Avg: 0.0, Max: 0.1, Diff: 0.0, Sum: 0.9]
      [GC Worker Total (ms): Min: 3.5, Avg: 5.2, Max: 6.6, Diff: 3.1, Sum: 222.9]
      [GC Worker End (ms): Min: 1723442070.1, Avg: 1723442070.2, Max: 1723442070.3, Diff: 0.2]
   [Code Root Fixup: 0.0 ms]
   [Code Root Purge: 0.0 ms]
   [Clear CT: 5.0 ms]
   [Other: 10.3 ms]
      [Choose CSet: 0.0 ms]
      [Ref Proc: 4.7 ms]
      [Ref Enq: 0.0 ms]
      [Redirty Cards: 4.9 ms]
      [Humongous Register: 0.1 ms]
      [Humongous Reclaim: 0.0 ms]
      [Free CSet: 0.1 ms]
   [Eden: 51200.0K(51200.0K)->0.0B(51200.0K) Survivors: 1024.0K->1024.0K Heap: 246.2M(1024.0M)->196.2M(1024.0M)]
 [Times: user=0.26 sys=0.02, real=0.03 secs] 
2023-07-03T15:55:02.591+0000: 1726922.216: [GC pause (G1 Evacuation Pause) (young), 0.0207873 secs]
   [Parallel Time: 5.6 ms, GC Workers: 43]
      [GC Worker Start (ms): Min: 1726922217.0, Avg: 1726922218.4, Max: 1726922219.6, Diff: 2.6]
      [Ext Root Scanning (ms): Min: 0.0, Avg: 1.1, Max: 2.5, Diff: 2.5, Sum: 47.9]
      [Update RS (ms): Min: 0.1, Avg: 0.3, Max: 0.5, Diff: 0.4, Sum: 10.9]
         [Processed Buffers: Min: 0, Avg: 1.3, Max: 5, Diff: 5, Sum: 58]
      [Scan RS (ms): Min: 0.0, Avg: 0.0, Max: 0.0, Diff: 0.0, Sum: 0.5]
      [Code Root Scanning (ms): Min: 0.0, Avg: 0.0, Max: 0.0, Diff: 0.0, Sum: 0.0]
      [Object Copy (ms): Min: 1.3, Avg: 1.6, Max: 1.8, Diff: 0.5, Sum: 69.1]
      [Termination (ms): Min: 0.1, Avg: 0.2, Max: 0.4, Diff: 0.3, Sum: 9.0]
         [Termination Attempts: Min: 2, Avg: 5.8, Max: 10, Diff: 8, Sum: 248]
      [GC Worker Other (ms): Min: 0.0, Avg: 0.1, Max: 0.3, Diff: 0.3, Sum: 5.6]
      [GC Worker Total (ms): Min: 2.1, Avg: 3.3, Max: 4.7, Diff: 2.6, Sum: 143.0]
      [GC Worker End (ms): Min: 1726922221.6, Avg: 1726922221.7, Max: 1726922221.9, Diff: 0.3]
   [Code Root Fixup: 0.0 ms]
   [Code Root Purge: 0.0 ms]
   [Clear CT: 5.3 ms]
   [Other: 9.8 ms]
      [Choose CSet: 0.0 ms]
      [Ref Proc: 3.4 ms]
      [Ref Enq: 0.0 ms]
      [Redirty Cards: 5.4 ms]
      [Humongous Register: 0.3 ms]
      [Humongous Reclaim: 0.0 ms]
      [Free CSet: 0.2 ms]
   [Eden: 51200.0K(51200.0K)->0.0B(51200.0K) Survivors: 1024.0K->1024.0K Heap: 246.2M(1024.0M)->196.2M(1024.0M)]
 [Times: user=0.15 sys=0.04, real=0.02 secs] 
2023-07-03T16:52:55.112+0000: 1730394.737: [GC pause (G1 Evacuation Pause) (young), 0.0273013 secs]
   [Parallel Time: 8.7 ms, GC Workers: 43]
      [GC Worker Start (ms): Min: 1730394739.6, Avg: 1730394741.5, Max: 1730394743.3, Diff: 3.7]
      [Ext Root Scanning (ms): Min: 0.0, Avg: 0.5, Max: 2.0, Diff: 2.0, Sum: 20.6]
      [Update RS (ms): Min: 0.0, Avg: 0.1, Max: 0.4, Diff: 0.4, Sum: 3.7]
         [Processed Buffers: Min: 0, Avg: 1.5, Max: 8, Diff: 8, Sum: 65]
      [Scan RS (ms): Min: 0.0, Avg: 0.0, Max: 0.0, Diff: 0.0, Sum: 0.5]
      [Code Root Scanning (ms): Min: 0.0, Avg: 0.0, Max: 0.0, Diff: 0.0, Sum: 0.0]
      [Object Copy (ms): Min: 0.1, Avg: 1.2, Max: 2.2, Diff: 2.1, Sum: 50.8]
      [Termination (ms): Min: 0.0, Avg: 2.1, Max: 2.4, Diff: 2.4, Sum: 90.5]
         [Termination Attempts: Min: 1, Avg: 4.3, Max: 9, Diff: 8, Sum: 186]
      [GC Worker Other (ms): Min: 0.0, Avg: 0.0, Max: 0.1, Diff: 0.1, Sum: 1.8]
      [GC Worker Total (ms): Min: 2.1, Avg: 3.9, Max: 5.8, Diff: 3.7, Sum: 167.9]
      [GC Worker End (ms): Min: 1730394745.4, Avg: 1730394745.4, Max: 1730394745.6, Diff: 0.2]
   [Code Root Fixup: 0.0 ms]
   [Code Root Purge: 0.0 ms]
   [Clear CT: 6.4 ms]
   [Other: 12.1 ms]
      [Choose CSet: 0.0 ms]
      [Ref Proc: 4.3 ms]
      [Ref Enq: 0.0 ms]
      [Redirty Cards: 5.2 ms]
      [Humongous Register: 1.8 ms]
      [Humongous Reclaim: 0.0 ms]
      [Free CSet: 0.1 ms]
   [Eden: 51200.0K(51200.0K)->0.0B(51200.0K) Survivors: 1024.0K->1024.0K Heap: 246.2M(1024.0M)->196.2M(1024.0M)]
 [Times: user=0.19 sys=0.03, real=0.02 secs] 
2023-07-03T17:50:47.591+0000: 1733867.217: [GC pause (G1 Evacuation Pause) (young), 0.0242915 secs]
   [Parallel Time: 7.6 ms, GC Workers: 43]
      [GC Worker Start (ms): Min: 1733867216.9, Avg: 1733867218.2, Max: 1733867219.4, Diff: 2.5]
      [Ext Root Scanning (ms): Min: 0.0, Avg: 0.6, Max: 1.7, Diff: 1.7, Sum: 24.1]
      [Update RS (ms): Min: 0.0, Avg: 0.2, Max: 0.6, Diff: 0.6, Sum: 6.9]
         [Processed Buffers: Min: 0, Avg: 1.4, Max: 6, Diff: 6, Sum: 59]
      [Scan RS (ms): Min: 0.0, Avg: 0.0, Max: 0.0, Diff: 0.0, Sum: 0.5]
      [Code Root Scanning (ms): Min: 0.0, Avg: 0.0, Max: 0.0, Diff: 0.0, Sum: 0.0]
      [Object Copy (ms): Min: 1.9, Avg: 2.5, Max: 3.1, Diff: 1.1, Sum: 108.9]
      [Termination (ms): Min: 0.2, Avg: 0.6, Max: 1.0, Diff: 0.8, Sum: 24.7]
         [Termination Attempts: Min: 6, Avg: 10.1, Max: 14, Diff: 8, Sum: 434]
      [GC Worker Other (ms): Min: 0.0, Avg: 0.1, Max: 0.2, Diff: 0.2, Sum: 2.7]
      [GC Worker Total (ms): Min: 2.7, Avg: 3.9, Max: 5.1, Diff: 2.4, Sum: 167.9]
      [GC Worker End (ms): Min: 1733867222.0, Avg: 1733867222.1, Max: 1733867222.2, Diff: 0.2]
   [Code Root Fixup: 0.0 ms]
   [Code Root Purge: 0.0 ms]
   [Clear CT: 5.8 ms]
   [Other: 10.9 ms]
      [Choose CSet: 0.0 ms]
      [Ref Proc: 5.1 ms]
      [Ref Enq: 0.0 ms]
      [Redirty Cards: 5.1 ms]
      [Humongous Register: 0.1 ms]
      [Humongous Reclaim: 0.0 ms]
      [Free CSet: 0.1 ms]
   [Eden: 51200.0K(51200.0K)->0.0B(51200.0K) Survivors: 1024.0K->1024.0K Heap: 246.2M(1024.0M)->196.2M(1024.0M)]
 [Times: user=0.23 sys=0.00, real=0.02 secs] 
2023-07-03T18:48:32.591+0000: 1737332.217: [GC pause (G1 Evacuation Pause) (young), 0.0270328 secs]
   [Parallel Time: 8.8 ms, GC Workers: 43]
      [GC Worker Start (ms): Min: 1737332217.0, Avg: 1737332218.4, Max: 1737332219.7, Diff: 2.7]
      [Ext Root Scanning (ms): Min: 0.0, Avg: 0.8, Max: 6.6, Diff: 6.5, Sum: 33.3]
      [Update RS (ms): Min: 0.0, Avg: 0.1, Max: 0.5, Diff: 0.5, Sum: 6.2]
         [Processed Buffers: Min: 0, Avg: 1.5, Max: 5, Diff: 5, Sum: 63]
      [Scan RS (ms): Min: 0.0, Avg: 0.0, Max: 0.0, Diff: 0.0, Sum: 0.5]
      [Code Root Scanning (ms): Min: 0.0, Avg: 0.0, Max: 0.0, Diff: 0.0, Sum: 0.0]
      [Object Copy (ms): Min: 0.0, Avg: 1.7, Max: 1.9, Diff: 1.9, Sum: 71.6]
      [Termination (ms): Min: 0.0, Avg: 2.6, Max: 2.9, Diff: 2.9, Sum: 110.2]
         [Termination Attempts: Min: 1, Avg: 5.8, Max: 10, Diff: 9, Sum: 251]
      [GC Worker Other (ms): Min: 0.0, Avg: 0.0, Max: 0.1, Diff: 0.1, Sum: 1.2]
      [GC Worker Total (ms): Min: 3.9, Avg: 5.2, Max: 6.6, Diff: 2.7, Sum: 223.0]
      [GC Worker End (ms): Min: 1737332223.6, Avg: 1737332223.6, Max: 1737332223.7, Diff: 0.2]
   [Code Root Fixup: 0.0 ms]
   [Code Root Purge: 0.0 ms]
   [Clear CT: 5.4 ms]
   [Other: 12.8 ms]
      [Choose CSet: 0.0 ms]
      [Ref Proc: 6.6 ms]
      [Ref Enq: 0.0 ms]
      [Redirty Cards: 5.5 ms]
      [Humongous Register: 0.1 ms]
      [Humongous Reclaim: 0.0 ms]
      [Free CSet: 0.2 ms]
   [Eden: 51200.0K(51200.0K)->0.0B(51200.0K) Survivors: 1024.0K->1024.0K Heap: 246.2M(1024.0M)->196.3M(1024.0M)]
 [Times: user=0.28 sys=0.00, real=0.02 secs] 
2023-07-03T19:46:09.792+0000: 1740789.418: [GC pause (G1 Evacuation Pause) (young), 0.0223127 secs]
   [Parallel Time: 5.8 ms, GC Workers: 43]
      [GC Worker Start (ms): Min: 1740789417.9, Avg: 1740789419.3, Max: 1740789420.5, Diff: 2.6]
      [Ext Root Scanning (ms): Min: 0.0, Avg: 0.5, Max: 1.8, Diff: 1.8, Sum: 22.5]
      [Update RS (ms): Min: 0.0, Avg: 0.2, Max: 0.4, Diff: 0.4, Sum: 6.9]
         [Processed Buffers: Min: 0, Avg: 1.4, Max: 6, Diff: 6, Sum: 62]
      [Scan RS (ms): Min: 0.0, Avg: 0.0, Max: 0.0, Diff: 0.0, Sum: 0.5]
      [Code Root Scanning (ms): Min: 0.0, Avg: 0.0, Max: 0.0, Diff: 0.0, Sum: 0.0]
      [Object Copy (ms): Min: 1.0, Avg: 1.5, Max: 1.9, Diff: 0.8, Sum: 65.6]
      [Termination (ms): Min: 0.1, Avg: 0.3, Max: 0.4, Diff: 0.4, Sum: 11.5]
         [Termination Attempts: Min: 1, Avg: 4.7, Max: 7, Diff: 6, Sum: 202]
      [GC Worker Other (ms): Min: 0.0, Avg: 0.1, Max: 0.4, Diff: 0.4, Sum: 4.9]
      [GC Worker Total (ms): Min: 1.3, Avg: 2.6, Max: 4.0, Diff: 2.7, Sum: 111.8]
      [GC Worker End (ms): Min: 1740789421.8, Avg: 1740789421.9, Max: 1740789422.1, Diff: 0.3]
   [Code Root Fixup: 0.0 ms]
   [Code Root Purge: 0.0 ms]
   [Clear CT: 5.9 ms]
   [Other: 10.6 ms]
      [Choose CSet: 0.0 ms]
      [Ref Proc: 4.6 ms]
      [Ref Enq: 0.0 ms]
      [Redirty Cards: 5.2 ms]
      [Humongous Register: 0.1 ms]
      [Humongous Reclaim: 0.0 ms]
      [Free CSet: 0.1 ms]
   [Eden: 51200.0K(51200.0K)->0.0B(51200.0K) Survivors: 1024.0K->1024.0K Heap: 246.3M(1024.0M)->196.2M(1024.0M)]
 [Times: user=0.10 sys=0.07, real=0.02 secs] 
2023-07-03T20:43:41.986+0000: 1744241.611: [GC pause (G1 Evacuation Pause) (young), 0.0259640 secs]
   [Parallel Time: 7.0 ms, GC Workers: 43]
      [GC Worker Start (ms): Min: 1744241613.9, Avg: 1744241615.9, Max: 1744241617.7, Diff: 3.8]
      [Ext Root Scanning (ms): Min: 0.0, Avg: 0.9, Max: 2.8, Diff: 2.8, Sum: 40.7]
      [Update RS (ms): Min: 0.0, Avg: 0.2, Max: 0.6, Diff: 0.6, Sum: 9.5]
         [Processed Buffers: Min: 0, Avg: 1.4, Max: 5, Diff: 5, Sum: 60]
      [Scan RS (ms): Min: 0.0, Avg: 0.0, Max: 0.0, Diff: 0.0, Sum: 0.4]
      [Code Root Scanning (ms): Min: 0.0, Avg: 0.0, Max: 0.0, Diff: 0.0, Sum: 0.0]
      [Object Copy (ms): Min: 1.0, Avg: 1.6, Max: 1.9, Diff: 0.9, Sum: 67.2]
      [Termination (ms): Min: 0.1, Avg: 0.2, Max: 0.5, Diff: 0.4, Sum: 10.3]
         [Termination Attempts: Min: 2, Avg: 5.7, Max: 10, Diff: 8, Sum: 244]
      [GC Worker Other (ms): Min: 0.0, Avg: 0.2, Max: 0.4, Diff: 0.4, Sum: 6.8]
      [GC Worker Total (ms): Min: 1.3, Avg: 3.1, Max: 5.2, Diff: 3.9, Sum: 134.9]
      [GC Worker End (ms): Min: 1744241618.9, Avg: 1744241619.1, Max: 1744241619.3, Diff: 0.4]
   [Code Root Fixup: 0.0 ms]
   [Code Root Purge: 0.0 ms]
   [Clear CT: 5.5 ms]
   [Other: 13.4 ms]
      [Choose CSet: 0.0 ms]
      [Ref Proc: 4.8 ms]
      [Ref Enq: 0.0 ms]
      [Redirty Cards: 5.6 ms]
      [Humongous Register: 2.0 ms]
      [Humongous Reclaim: 0.0 ms]
      [Free CSet: 0.2 ms]
   [Eden: 51200.0K(51200.0K)->0.0B(51200.0K) Survivors: 1024.0K->1024.0K Heap: 246.2M(1024.0M)->196.2M(1024.0M)]
 [Times: user=0.19 sys=0.00, real=0.03 secs] 
2023-07-03T21:41:31.544+0000: 1747711.169: [GC pause (G1 Evacuation Pause) (young), 0.0235023 secs]
   [Parallel Time: 7.9 ms, GC Workers: 43]
      [GC Worker Start (ms): Min: 1747711169.8, Avg: 1747711171.3, Max: 1747711172.5, Diff: 2.7]
      [Ext Root Scanning (ms): Min: 0.0, Avg: 0.5, Max: 1.8, Diff: 1.8, Sum: 22.2]
      [Update RS (ms): Min: 0.0, Avg: 0.1, Max: 0.5, Diff: 0.5, Sum: 5.9]
         [Processed Buffers: Min: 0, Avg: 1.4, Max: 6, Diff: 6, Sum: 61]
      [Scan RS (ms): Min: 0.0, Avg: 0.0, Max: 0.0, Diff: 0.0, Sum: 0.5]
      [Code Root Scanning (ms): Min: 0.0, Avg: 0.0, Max: 0.0, Diff: 0.0, Sum: 0.0]
      [Object Copy (ms): Min: 2.0, Avg: 3.0, Max: 3.5, Diff: 1.5, Sum: 130.8]
      [Termination (ms): Min: 0.4, Avg: 0.9, Max: 2.0, Diff: 1.6, Sum: 39.0]
         [Termination Attempts: Min: 9, Avg: 15.7, Max: 25, Diff: 16, Sum: 673]
      [GC Worker Other (ms): Min: 0.0, Avg: 0.1, Max: 0.2, Diff: 0.2, Sum: 2.8]
      [GC Worker Total (ms): Min: 3.4, Avg: 4.7, Max: 6.3, Diff: 2.9, Sum: 201.2]
      [GC Worker End (ms): Min: 1747711175.9, Avg: 1747711175.9, Max: 1747711176.1, Diff: 0.2]
   [Code Root Fixup: 0.0 ms]
   [Code Root Purge: 0.0 ms]
   [Clear CT: 5.5 ms]
   [Other: 10.1 ms]
      [Choose CSet: 0.0 ms]
      [Ref Proc: 4.4 ms]
      [Ref Enq: 0.0 ms]
      [Redirty Cards: 5.0 ms]
      [Humongous Register: 0.1 ms]
      [Humongous Reclaim: 0.0 ms]
      [Free CSet: 0.1 ms]
   [Eden: 51200.0K(51200.0K)->0.0B(51200.0K) Survivors: 1024.0K->1024.0K Heap: 246.2M(1024.0M)->196.2M(1024.0M)]
 [Times: user=0.25 sys=0.00, real=0.02 secs] 
2023-07-03T22:39:16.387+0000: 1751176.013: [GC pause (G1 Evacuation Pause) (young), 0.0240670 secs]
   [Parallel Time: 8.2 ms, GC Workers: 43]
      [GC Worker Start (ms): Min: 1751176013.1, Avg: 1751176014.5, Max: 1751176015.7, Diff: 2.6]
      [Ext Root Scanning (ms): Min: 0.0, Avg: 0.7, Max: 5.9, Diff: 5.9, Sum: 29.8]
      [Update RS (ms): Min: 0.0, Avg: 0.2, Max: 0.5, Diff: 0.5, Sum: 6.8]
         [Processed Buffers: Min: 0, Avg: 1.4, Max: 7, Diff: 7, Sum: 60]
      [Scan RS (ms): Min: 0.0, Avg: 0.0, Max: 0.0, Diff: 0.0, Sum: 0.6]
      [Code Root Scanning (ms): Min: 0.0, Avg: 0.0, Max: 0.0, Diff: 0.0, Sum: 0.0]
      [Object Copy (ms): Min: 0.0, Avg: 1.6, Max: 1.9, Diff: 1.9, Sum: 70.3]
      [Termination (ms): Min: 0.0, Avg: 2.1, Max: 2.5, Diff: 2.5, Sum: 91.0]
         [Termination Attempts: Min: 1, Avg: 5.9, Max: 10, Diff: 9, Sum: 253]
      [GC Worker Other (ms): Min: 0.0, Avg: 0.0, Max: 0.1, Diff: 0.1, Sum: 0.8]
      [GC Worker Total (ms): Min: 3.4, Avg: 4.6, Max: 6.0, Diff: 2.6, Sum: 199.4]
      [GC Worker End (ms): Min: 1751176019.0, Avg: 1751176019.1, Max: 1751176019.2, Diff: 0.2]
   [Code Root Fixup: 0.0 ms]
   [Code Root Purge: 0.0 ms]
   [Clear CT: 5.4 ms]
   [Other: 10.5 ms]
      [Choose CSet: 0.0 ms]
      [Ref Proc: 4.6 ms]
      [Ref Enq: 0.0 ms]
      [Redirty Cards: 5.3 ms]
      [Humongous Register: 0.1 ms]
      [Humongous Reclaim: 0.0 ms]
      [Free CSet: 0.1 ms]
   [Eden: 51200.0K(51200.0K)->0.0B(51200.0K) Survivors: 1024.0K->1024.0K Heap: 246.2M(1024.0M)->196.2M(1024.0M)]
 [Times: user=0.26 sys=0.00, real=0.03 secs] 
2023-07-03T23:37:01.782+0000: 1754641.407: [GC pause (G1 Evacuation Pause) (young), 0.0254500 secs]
   [Parallel Time: 6.9 ms, GC Workers: 43]
      [GC Worker Start (ms): Min: 1754641409.8, Avg: 1754641411.8, Max: 1754641413.6, Diff: 3.8]
      [Ext Root Scanning (ms): Min: 0.0, Avg: 0.9, Max: 2.8, Diff: 2.8, Sum: 39.9]
      [Update RS (ms): Min: 0.0, Avg: 0.3, Max: 0.6, Diff: 0.6, Sum: 12.1]
         [Processed Buffers: Min: 0, Avg: 1.5, Max: 9, Diff: 9, Sum: 65]
      [Scan RS (ms): Min: 0.0, Avg: 0.0, Max: 0.0, Diff: 0.0, Sum: 0.4]
      [Code Root Scanning (ms): Min: 0.0, Avg: 0.0, Max: 0.0, Diff: 0.0, Sum: 0.0]
      [Object Copy (ms): Min: 0.9, Avg: 1.6, Max: 1.8, Diff: 0.9, Sum: 66.8]
      [Termination (ms): Min: 0.0, Avg: 0.2, Max: 0.4, Diff: 0.3, Sum: 9.1]
         [Termination Attempts: Min: 1, Avg: 5.0, Max: 8, Diff: 7, Sum: 213]
      [GC Worker Other (ms): Min: 0.0, Avg: 0.1, Max: 0.3, Diff: 0.3, Sum: 4.6]
      [GC Worker Total (ms): Min: 1.2, Avg: 3.1, Max: 5.1, Diff: 3.9, Sum: 133.0]
      [GC Worker End (ms): Min: 1754641414.8, Avg: 1754641414.9, Max: 1754641415.1, Diff: 0.3]
   [Code Root Fixup: 0.0 ms]
   [Code Root Purge: 0.0 ms]
   [Clear CT: 5.6 ms]
   [Other: 13.0 ms]
      [Choose CSet: 0.0 ms]
      [Ref Proc: 4.7 ms]
      [Ref Enq: 0.0 ms]
      [Redirty Cards: 5.4 ms]
      [Humongous Register: 2.0 ms]
      [Humongous Reclaim: 0.0 ms]
      [Free CSet: 0.2 ms]
   [Eden: 51200.0K(51200.0K)->0.0B(51200.0K) Survivors: 1024.0K->1024.0K Heap: 246.2M(1024.0M)->196.2M(1024.0M)]
 [Times: user=0.18 sys=0.00, real=0.02 secs] 
2023-07-04T00:34:37.591+0000: 1758097.217: [GC pause (G1 Evacuation Pause) (young), 0.0241763 secs]
   [Parallel Time: 7.5 ms, GC Workers: 43]
      [GC Worker Start (ms): Min: 1758097216.9, Avg: 1758097218.3, Max: 1758097219.5, Diff: 2.6]
      [Ext Root Scanning (ms): Min: 0.0, Avg: 0.6, Max: 1.8, Diff: 1.8, Sum: 25.1]
      [Update RS (ms): Min: 0.0, Avg: 0.1, Max: 0.4, Diff: 0.4, Sum: 5.1]
         [Processed Buffers: Min: 0, Avg: 1.4, Max: 6, Diff: 6, Sum: 61]
      [Scan RS (ms): Min: 0.0, Avg: 0.0, Max: 0.0, Diff: 0.0, Sum: 0.5]
      [Code Root Scanning (ms): Min: 0.0, Avg: 0.0, Max: 0.0, Diff: 0.0, Sum: 0.0]
      [Object Copy (ms): Min: 2.1, Avg: 3.1, Max: 3.6, Diff: 1.5, Sum: 133.3]
      [Termination (ms): Min: 0.3, Avg: 0.8, Max: 1.4, Diff: 1.1, Sum: 33.9]
         [Termination Attempts: Min: 10, Avg: 16.3, Max: 25, Diff: 15, Sum: 701]
      [GC Worker Other (ms): Min: 0.0, Avg: 0.1, Max: 0.4, Diff: 0.4, Sum: 5.5]
      [GC Worker Total (ms): Min: 3.4, Avg: 4.7, Max: 6.2, Diff: 2.8, Sum: 203.5]
      [GC Worker End (ms): Min: 1758097222.9, Avg: 1758097223.0, Max: 1758097223.2, Diff: 0.4]
   [Code Root Fixup: 0.0 ms]
   [Code Root Purge: 0.0 ms]
   [Clear CT: 6.6 ms]
   [Other: 10.1 ms]
      [Choose CSet: 0.0 ms]
      [Ref Proc: 4.4 ms]
      [Ref Enq: 0.0 ms]
      [Redirty Cards: 5.1 ms]
      [Humongous Register: 0.1 ms]
      [Humongous Reclaim: 0.0 ms]
      [Free CSet: 0.1 ms]
   [Eden: 51200.0K(51200.0K)->0.0B(51200.0K) Survivors: 1024.0K->1024.0K Heap: 246.2M(1024.0M)->196.2M(1024.0M)]
 [Times: user=0.26 sys=0.00, real=0.02 secs] 
2023-07-04T01:32:25.803+0000: 1761565.428: [GC pause (G1 Evacuation Pause) (young), 0.0270684 secs]
   [Parallel Time: 9.9 ms, GC Workers: 43]
      [GC Worker Start (ms): Min: 1761565431.0, Avg: 1761565433.1, Max: 1761565438.7, Diff: 7.7]
      [Ext Root Scanning (ms): Min: 0.0, Avg: 1.2, Max: 8.5, Diff: 8.4, Sum: 53.3]
      [Update RS (ms): Min: 0.0, Avg: 0.3, Max: 0.7, Diff: 0.7, Sum: 12.6]
         [Processed Buffers: Min: 0, Avg: 1.4, Max: 6, Diff: 6, Sum: 60]
      [Scan RS (ms): Min: 0.0, Avg: 0.0, Max: 0.0, Diff: 0.0, Sum: 0.4]
      [Code Root Scanning (ms): Min: 0.0, Avg: 0.0, Max: 0.0, Diff: 0.0, Sum: 0.0]
      [Object Copy (ms): Min: 0.0, Avg: 3.1, Max: 3.9, Diff: 3.8, Sum: 131.9]
      [Termination (ms): Min: 0.0, Avg: 1.8, Max: 2.8, Diff: 2.8, Sum: 76.7]
         [Termination Attempts: Min: 1, Avg: 15.2, Max: 25, Diff: 24, Sum: 652]
      [GC Worker Other (ms): Min: 0.0, Avg: 0.0, Max: 0.1, Diff: 0.0, Sum: 1.9]
      [GC Worker Total (ms): Min: 0.8, Avg: 6.4, Max: 8.5, Diff: 7.7, Sum: 276.8]
      [GC Worker End (ms): Min: 1761565439.5, Avg: 1761565439.5, Max: 1761565439.7, Diff: 0.2]
   [Code Root Fixup: 0.0 ms]
   [Code Root Purge: 0.0 ms]
   [Clear CT: 5.3 ms]
   [Other: 11.8 ms]
      [Choose CSet: 0.0 ms]
      [Ref Proc: 3.4 ms]
      [Ref Enq: 0.0 ms]
      [Redirty Cards: 5.3 ms]
      [Humongous Register: 2.1 ms]
      [Humongous Reclaim: 0.0 ms]
      [Free CSet: 0.3 ms]
   [Eden: 51200.0K(51200.0K)->0.0B(51200.0K) Survivors: 1024.0K->1024.0K Heap: 246.2M(1024.0M)->196.2M(1024.0M)]
 [Times: user=0.33 sys=0.00, real=0.03 secs] 
2023-07-04T02:30:12.591+0000: 1765032.217: [GC pause (G1 Evacuation Pause) (young), 0.0279106 secs]
   [Parallel Time: 9.9 ms, GC Workers: 43]
      [GC Worker Start (ms): Min: 1765032219.0, Avg: 1765032220.8, Max: 1765032222.8, Diff: 3.8]
      [Ext Root Scanning (ms): Min: 0.0, Avg: 0.7, Max: 7.8, Diff: 7.8, Sum: 30.6]
      [Update RS (ms): Min: 0.0, Avg: 0.1, Max: 0.6, Diff: 0.6, Sum: 5.6]
         [Processed Buffers: Min: 0, Avg: 1.4, Max: 7, Diff: 7, Sum: 62]
      [Scan RS (ms): Min: 0.0, Avg: 0.0, Max: 0.0, Diff: 0.0, Sum: 0.5]
      [Code Root Scanning (ms): Min: 0.0, Avg: 0.0, Max: 0.0, Diff: 0.0, Sum: 0.0]
      [Object Copy (ms): Min: 0.0, Avg: 3.1, Max: 4.0, Diff: 4.0, Sum: 133.0]
      [Termination (ms): Min: 0.0, Avg: 2.2, Max: 3.2, Diff: 3.2, Sum: 94.6]
         [Termination Attempts: Min: 1, Avg: 15.0, Max: 20, Diff: 19, Sum: 647]
      [GC Worker Other (ms): Min: 0.0, Avg: 0.0, Max: 0.1, Diff: 0.1, Sum: 1.0]
      [GC Worker Total (ms): Min: 4.2, Avg: 6.2, Max: 7.9, Diff: 3.7, Sum: 265.3]
      [GC Worker End (ms): Min: 1765032226.8, Avg: 1765032227.0, Max: 1765032227.0, Diff: 0.2]
   [Code Root Fixup: 0.0 ms]
   [Code Root Purge: 0.0 ms]
   [Clear CT: 5.1 ms]
   [Other: 12.9 ms]
      [Choose CSet: 0.0 ms]
      [Ref Proc: 4.8 ms]
      [Ref Enq: 0.0 ms]
      [Redirty Cards: 5.3 ms]
      [Humongous Register: 1.8 ms]
      [Humongous Reclaim: 0.0 ms]
      [Free CSet: 0.1 ms]
   [Eden: 51200.0K(51200.0K)->0.0B(51200.0K) Survivors: 1024.0K->1024.0K Heap: 246.2M(1024.0M)->196.2M(1024.0M)]
 [Times: user=0.33 sys=0.00, real=0.02 secs] 
2023-07-04T03:27:58.004+0000: 1768497.630: [GC pause (G1 Evacuation Pause) (young), 0.0297531 secs]
   [Parallel Time: 11.9 ms, GC Workers: 43]
      [GC Worker Start (ms): Min: 1768497632.4, Avg: 1768497634.4, Max: 1768497636.2, Diff: 3.8]
      [Ext Root Scanning (ms): Min: 0.0, Avg: 0.9, Max: 8.1, Diff: 8.1, Sum: 40.4]
      [Update RS (ms): Min: 0.0, Avg: 0.2, Max: 1.1, Diff: 1.1, Sum: 9.2]
         [Processed Buffers: Min: 0, Avg: 1.4, Max: 7, Diff: 7, Sum: 60]
      [Scan RS (ms): Min: 0.0, Avg: 0.0, Max: 0.0, Diff: 0.0, Sum: 0.6]
      [Code Root Scanning (ms): Min: 0.0, Avg: 0.0, Max: 0.0, Diff: 0.0, Sum: 0.0]
      [Object Copy (ms): Min: 0.0, Avg: 2.6, Max: 3.2, Diff: 3.2, Sum: 113.1]
      [Termination (ms): Min: 0.0, Avg: 2.3, Max: 2.9, Diff: 2.9, Sum: 100.7]
         [Termination Attempts: Min: 1, Avg: 11.4, Max: 17, Diff: 16, Sum: 489]
      [GC Worker Other (ms): Min: 0.0, Avg: 0.0, Max: 0.2, Diff: 0.1, Sum: 2.1]
      [GC Worker Total (ms): Min: 4.5, Avg: 6.2, Max: 8.1, Diff: 3.6, Sum: 266.0]
      [GC Worker End (ms): Min: 1768497640.5, Avg: 1768497640.6, Max: 1768497640.8, Diff: 0.2]
   [Code Root Fixup: 0.0 ms]
   [Code Root Purge: 0.0 ms]
   [Clear CT: 5.5 ms]
   [Other: 12.3 ms]
      [Choose CSet: 0.0 ms]
      [Ref Proc: 4.2 ms]
      [Ref Enq: 0.0 ms]
      [Redirty Cards: 5.1 ms]
      [Humongous Register: 2.1 ms]
      [Humongous Reclaim: 0.0 ms]
      [Free CSet: 0.2 ms]
   [Eden: 51200.0K(51200.0K)->0.0B(51200.0K) Survivors: 1024.0K->1024.0K Heap: 246.2M(1024.0M)->196.2M(1024.0M)]
 [Times: user=0.24 sys=0.08, real=0.03 secs] 
2023-07-04T04:25:47.654+0000: 1771967.280: [GC pause (G1 Evacuation Pause) (young), 0.0240971 secs]
   [Parallel Time: 8.3 ms, GC Workers: 43]
      [GC Worker Start (ms): Min: 1771967280.1, Avg: 1771967281.6, Max: 1771967283.1, Diff: 3.0]
      [Ext Root Scanning (ms): Min: 0.0, Avg: 1.1, Max: 7.3, Diff: 7.3, Sum: 45.2]
      [Update RS (ms): Min: 0.0, Avg: 0.2, Max: 0.8, Diff: 0.8, Sum: 9.0]
         [Processed Buffers: Min: 0, Avg: 1.3, Max: 5, Diff: 5, Sum: 57]
      [Scan RS (ms): Min: 0.0, Avg: 0.0, Max: 0.0, Diff: 0.0, Sum: 0.5]
      [Code Root Scanning (ms): Min: 0.0, Avg: 0.0, Max: 0.0, Diff: 0.0, Sum: 0.0]
      [Object Copy (ms): Min: 0.0, Avg: 2.7, Max: 3.2, Diff: 3.2, Sum: 116.3]
      [Termination (ms): Min: 0.0, Avg: 1.8, Max: 2.2, Diff: 2.2, Sum: 79.3]
         [Termination Attempts: Min: 1, Avg: 10.1, Max: 14, Diff: 13, Sum: 435]
      [GC Worker Other (ms): Min: 0.0, Avg: 0.0, Max: 0.2, Diff: 0.2, Sum: 2.1]
      [GC Worker Total (ms): Min: 4.3, Avg: 5.9, Max: 7.3, Diff: 3.0, Sum: 252.4]
      [GC Worker End (ms): Min: 1771967287.5, Avg: 1771967287.5, Max: 1771967287.6, Diff: 0.2]
   [Code Root Fixup: 0.0 ms]
   [Code Root Purge: 0.0 ms]
   [Clear CT: 4.9 ms]
   [Other: 10.9 ms]
      [Choose CSet: 0.0 ms]
      [Ref Proc: 4.7 ms]
      [Ref Enq: 0.0 ms]
      [Redirty Cards: 4.9 ms]
      [Humongous Register: 0.3 ms]
      [Humongous Reclaim: 0.0 ms]
      [Free CSet: 0.4 ms]
   [Eden: 51200.0K(51200.0K)->0.0B(51200.0K) Survivors: 1024.0K->1024.0K Heap: 246.2M(1024.0M)->196.2M(1024.0M)]
 [Times: user=0.31 sys=0.00, real=0.02 secs] 
2023-07-04T05:23:32.736+0000: 1775432.361: [GC pause (G1 Evacuation Pause) (young), 0.0270971 secs]
   [Parallel Time: 8.6 ms, GC Workers: 43]
      [GC Worker Start (ms): Min: 1775432363.5, Avg: 1775432365.4, Max: 1775432367.1, Diff: 3.6]
      [Ext Root Scanning (ms): Min: 0.0, Avg: 0.5, Max: 2.6, Diff: 2.5, Sum: 22.2]
      [Update RS (ms): Min: 0.0, Avg: 0.2, Max: 1.7, Diff: 1.7, Sum: 10.3]
         [Processed Buffers: Min: 0, Avg: 1.5, Max: 8, Diff: 8, Sum: 64]
      [Scan RS (ms): Min: 0.0, Avg: 0.0, Max: 0.0, Diff: 0.0, Sum: 0.5]
      [Code Root Scanning (ms): Min: 0.0, Avg: 0.0, Max: 0.0, Diff: 0.0, Sum: 0.0]
      [Object Copy (ms): Min: 1.7, Avg: 2.9, Max: 3.6, Diff: 2.0, Sum: 123.3]
      [Termination (ms): Min: 0.3, Avg: 0.9, Max: 2.2, Diff: 1.9, Sum: 38.3]
         [Termination Attempts: Min: 7, Avg: 12.8, Max: 20, Diff: 13, Sum: 552]
      [GC Worker Other (ms): Min: 0.0, Avg: 0.1, Max: 0.2, Diff: 0.2, Sum: 3.1]
      [GC Worker Total (ms): Min: 2.9, Avg: 4.6, Max: 6.4, Diff: 3.6, Sum: 197.8]
      [GC Worker End (ms): Min: 1775432369.9, Avg: 1775432370.0, Max: 1775432370.1, Diff: 0.2]
   [Code Root Fixup: 0.0 ms]
   [Code Root Purge: 0.0 ms]
   [Clear CT: 5.3 ms]
   [Other: 13.2 ms]
      [Choose CSet: 0.0 ms]
      [Ref Proc: 5.0 ms]
      [Ref Enq: 0.0 ms]
      [Redirty Cards: 5.3 ms]
      [Humongous Register: 1.9 ms]
      [Humongous Reclaim: 0.0 ms]
      [Free CSet: 0.1 ms]
   [Eden: 51200.0K(51200.0K)->0.0B(51200.0K) Survivors: 1024.0K->1024.0K Heap: 246.2M(1024.0M)->196.2M(1024.0M)]
 [Times: user=0.20 sys=0.04, real=0.03 secs] 
2023-07-04T06:21:22.839+0000: 1778902.465: [GC pause (G1 Evacuation Pause) (young), 0.0351251 secs]
   [Parallel Time: 15.9 ms, GC Workers: 43]
      [GC Worker Start (ms): Min: 1778902467.6, Avg: 1778902471.3, Max: 1778902473.9, Diff: 6.2]
      [Ext Root Scanning (ms): Min: 0.0, Avg: 0.5, Max: 12.7, Diff: 12.7, Sum: 21.1]
      [Update RS (ms): Min: 0.0, Avg: 0.1, Max: 0.6, Diff: 0.6, Sum: 2.3]
         [Processed Buffers: Min: 0, Avg: 1.3, Max: 12, Diff: 12, Sum: 58]
      [Scan RS (ms): Min: 0.0, Avg: 0.0, Max: 0.0, Diff: 0.0, Sum: 0.3]
      [Code Root Scanning (ms): Min: 0.0, Avg: 0.0, Max: 0.0, Diff: 0.0, Sum: 0.0]
      [Object Copy (ms): Min: 0.0, Avg: 0.2, Max: 0.9, Diff: 0.9, Sum: 7.5]
      [Termination (ms): Min: 0.0, Avg: 8.5, Max: 9.7, Diff: 9.7, Sum: 364.0]
         [Termination Attempts: Min: 1, Avg: 1.4, Max: 6, Diff: 5, Sum: 61]
      [GC Worker Other (ms): Min: 0.0, Avg: 0.0, Max: 0.1, Diff: 0.0, Sum: 1.4]
      [GC Worker Total (ms): Min: 6.7, Avg: 9.2, Max: 12.8, Diff: 6.1, Sum: 396.6]
      [GC Worker End (ms): Min: 1778902480.5, Avg: 1778902480.5, Max: 1778902480.7, Diff: 0.2]
   [Code Root Fixup: 0.0 ms]
   [Code Root Purge: 0.0 ms]
   [Clear CT: 5.6 ms]
   [Other: 13.6 ms]
      [Choose CSet: 0.0 ms]
      [Ref Proc: 4.9 ms]
      [Ref Enq: 0.0 ms]
      [Redirty Cards: 5.6 ms]
      [Humongous Register: 2.1 ms]
      [Humongous Reclaim: 0.0 ms]
      [Free CSet: 0.2 ms]
   [Eden: 51200.0K(51200.0K)->0.0B(51200.0K) Survivors: 1024.0K->1024.0K Heap: 246.2M(1024.0M)->196.2M(1024.0M)]
 [Times: user=0.46 sys=0.00, real=0.04 secs] 
2023-07-04T07:19:02.882+0000: 1782362.508: [GC pause (G1 Evacuation Pause) (young), 0.0269132 secs]
   [Parallel Time: 11.4 ms, GC Workers: 43]
      [GC Worker Start (ms): Min: 1782362508.5, Avg: 1782362510.1, Max: 1782362511.7, Diff: 3.2]
      [Ext Root Scanning (ms): Min: 0.0, Avg: 1.0, Max: 7.1, Diff: 7.1, Sum: 44.1]
      [Update RS (ms): Min: 0.0, Avg: 0.3, Max: 0.7, Diff: 0.7, Sum: 13.5]
         [Processed Buffers: Min: 0, Avg: 1.2, Max: 6, Diff: 6, Sum: 52]
      [Scan RS (ms): Min: 0.0, Avg: 0.0, Max: 0.0, Diff: 0.0, Sum: 0.4]
      [Code Root Scanning (ms): Min: 0.0, Avg: 0.0, Max: 0.0, Diff: 0.0, Sum: 0.0]
      [Object Copy (ms): Min: 0.0, Avg: 2.8, Max: 3.2, Diff: 3.2, Sum: 120.7]
      [Termination (ms): Min: 0.0, Avg: 1.4, Max: 2.0, Diff: 2.0, Sum: 59.0]
         [Termination Attempts: Min: 1, Avg: 10.8, Max: 14, Diff: 13, Sum: 465]
      [GC Worker Other (ms): Min: 0.0, Avg: 0.0, Max: 0.1, Diff: 0.1, Sum: 1.5]
      [GC Worker Total (ms): Min: 4.1, Avg: 5.6, Max: 7.2, Diff: 3.1, Sum: 239.3]
      [GC Worker End (ms): Min: 1782362515.7, Avg: 1782362515.7, Max: 1782362515.9, Diff: 0.2]
   [Code Root Fixup: 0.0 ms]
   [Code Root Purge: 0.0 ms]
   [Clear CT: 5.3 ms]
   [Other: 10.2 ms]
      [Choose CSet: 0.0 ms]
      [Ref Proc: 3.8 ms]
      [Ref Enq: 0.0 ms]
      [Redirty Cards: 5.3 ms]
      [Humongous Register: 0.3 ms]
      [Humongous Reclaim: 0.0 ms]
      [Free CSet: 0.2 ms]
   [Eden: 51200.0K(51200.0K)->0.0B(51200.0K) Survivors: 1024.0K->1024.0K Heap: 246.2M(1024.0M)->196.2M(1024.0M)]
 [Times: user=0.21 sys=0.07, real=0.03 secs] 
2023-07-04T08:16:47.591+0000: 1785827.217: [GC pause (G1 Evacuation Pause) (young), 0.0264041 secs]
   [Parallel Time: 6.9 ms, GC Workers: 43]
      [GC Worker Start (ms): Min: 1785827218.8, Avg: 1785827220.8, Max: 1785827222.8, Diff: 4.0]
      [Ext Root Scanning (ms): Min: 0.0, Avg: 0.5, Max: 2.5, Diff: 2.5, Sum: 22.9]
      [Update RS (ms): Min: 0.0, Avg: 0.1, Max: 0.5, Diff: 0.5, Sum: 5.0]
         [Processed Buffers: Min: 0, Avg: 1.4, Max: 6, Diff: 6, Sum: 60]
      [Scan RS (ms): Min: 0.0, Avg: 0.0, Max: 0.0, Diff: 0.0, Sum: 0.4]
      [Code Root Scanning (ms): Min: 0.0, Avg: 0.0, Max: 0.0, Diff: 0.0, Sum: 0.0]
      [Object Copy (ms): Min: 0.2, Avg: 1.4, Max: 1.8, Diff: 1.7, Sum: 59.1]
      [Termination (ms): Min: 0.1, Avg: 0.2, Max: 0.4, Diff: 0.4, Sum: 9.7]
         [Termination Attempts: Min: 1, Avg: 4.9, Max: 10, Diff: 9, Sum: 209]
      [GC Worker Other (ms): Min: 0.0, Avg: 0.1, Max: 0.3, Diff: 0.2, Sum: 4.6]
      [GC Worker Total (ms): Min: 0.3, Avg: 2.4, Max: 4.3, Diff: 4.0, Sum: 101.7]
      [GC Worker End (ms): Min: 1785827223.1, Avg: 1785827223.2, Max: 1785827223.3, Diff: 0.2]
   [Code Root Fixup: 0.0 ms]
   [Code Root Purge: 0.0 ms]
   [Clear CT: 6.3 ms]
   [Other: 13.2 ms]
      [Choose CSet: 0.0 ms]
      [Ref Proc: 5.2 ms]
      [Ref Enq: 0.0 ms]
      [Redirty Cards: 5.3 ms]
      [Humongous Register: 1.9 ms]
      [Humongous Reclaim: 0.0 ms]
      [Free CSet: 0.2 ms]
   [Eden: 51200.0K(51200.0K)->0.0B(51200.0K) Survivors: 1024.0K->1024.0K Heap: 246.2M(1024.0M)->196.2M(1024.0M)]
 [Times: user=0.16 sys=0.00, real=0.02 secs] 
2023-07-04T09:14:31.546+0000: 1789291.171: [GC pause (G1 Evacuation Pause) (young), 0.0280437 secs]
   [Parallel Time: 8.8 ms, GC Workers: 43]
      [GC Worker Start (ms): Min: 1789291174.0, Avg: 1789291176.6, Max: 1789291180.0, Diff: 6.1]
      [Ext Root Scanning (ms): Min: 0.0, Avg: 0.8, Max: 7.1, Diff: 7.1, Sum: 33.3]
      [Update RS (ms): Min: 0.0, Avg: 0.2, Max: 0.5, Diff: 0.5, Sum: 7.1]
         [Processed Buffers: Min: 0, Avg: 1.4, Max: 6, Diff: 6, Sum: 60]
      [Scan RS (ms): Min: 0.0, Avg: 0.0, Max: 0.0, Diff: 0.0, Sum: 0.4]
      [Code Root Scanning (ms): Min: 0.0, Avg: 0.0, Max: 0.0, Diff: 0.0, Sum: 0.0]
      [Object Copy (ms): Min: 0.0, Avg: 1.1, Max: 2.0, Diff: 2.0, Sum: 46.4]
      [Termination (ms): Min: 0.0, Avg: 2.5, Max: 3.1, Diff: 3.1, Sum: 107.7]
         [Termination Attempts: Min: 1, Avg: 7.7, Max: 17, Diff: 16, Sum: 330]
      [GC Worker Other (ms): Min: 0.0, Avg: 0.0, Max: 0.1, Diff: 0.1, Sum: 1.6]
      [GC Worker Total (ms): Min: 1.2, Avg: 4.6, Max: 7.1, Diff: 6.0, Sum: 196.5]
      [GC Worker End (ms): Min: 1789291181.1, Avg: 1789291181.2, Max: 1789291181.3, Diff: 0.2]
   [Code Root Fixup: 0.0 ms]
   [Code Root Purge: 0.0 ms]
   [Clear CT: 4.8 ms]
   [Other: 14.4 ms]
      [Choose CSet: 0.0 ms]
      [Ref Proc: 6.5 ms]
      [Ref Enq: 0.0 ms]
      [Redirty Cards: 4.9 ms]
      [Humongous Register: 2.0 ms]
      [Humongous Reclaim: 0.0 ms]
      [Free CSet: 0.2 ms]
   [Eden: 51200.0K(51200.0K)->0.0B(51200.0K) Survivors: 1024.0K->1024.0K Heap: 246.2M(1024.0M)->196.2M(1024.0M)]
 [Times: user=0.21 sys=0.07, real=0.03 secs] 
2023-07-04T10:12:12.591+0000: 1792752.217: [GC pause (G1 Evacuation Pause) (young), 0.0283079 secs]
   [Parallel Time: 10.0 ms, GC Workers: 43]
      [GC Worker Start (ms): Min: 1792752219.5, Avg: 1792752222.0, Max: 1792752226.5, Diff: 7.0]
      [Ext Root Scanning (ms): Min: 0.0, Avg: 0.7, Max: 7.5, Diff: 7.5, Sum: 30.9]
      [Update RS (ms): Min: 0.0, Avg: 0.2, Max: 0.7, Diff: 0.7, Sum: 6.8]
         [Processed Buffers: Min: 0, Avg: 1.4, Max: 6, Diff: 6, Sum: 59]
      [Scan RS (ms): Min: 0.0, Avg: 0.0, Max: 0.1, Diff: 0.1, Sum: 0.6]
      [Code Root Scanning (ms): Min: 0.0, Avg: 0.0, Max: 0.0, Diff: 0.0, Sum: 0.0]
      [Object Copy (ms): Min: 0.0, Avg: 1.5, Max: 2.1, Diff: 2.1, Sum: 65.3]
      [Termination (ms): Min: 0.0, Avg: 2.8, Max: 3.2, Diff: 3.2, Sum: 118.6]
         [Termination Attempts: Min: 1, Avg: 9.1, Max: 16, Diff: 15, Sum: 390]
      [GC Worker Other (ms): Min: 0.0, Avg: 0.0, Max: 0.1, Diff: 0.1, Sum: 1.8]
      [GC Worker Total (ms): Min: 0.7, Avg: 5.2, Max: 7.6, Diff: 6.9, Sum: 223.9]
      [GC Worker End (ms): Min: 1792752227.1, Avg: 1792752227.2, Max: 1792752227.3, Diff: 0.2]
   [Code Root Fixup: 0.0 ms]
   [Code Root Purge: 0.0 ms]
   [Clear CT: 5.3 ms]
   [Other: 13.0 ms]
      [Choose CSet: 0.0 ms]
      [Ref Proc: 4.5 ms]
      [Ref Enq: 0.0 ms]
      [Redirty Cards: 5.1 ms]
      [Humongous Register: 2.1 ms]
      [Humongous Reclaim: 0.0 ms]
      [Free CSet: 0.4 ms]
   [Eden: 51200.0K(51200.0K)->0.0B(51200.0K) Survivors: 1024.0K->1024.0K Heap: 246.2M(1024.0M)->196.2M(1024.0M)]
 [Times: user=0.30 sys=0.00, real=0.02 secs] 
2023-07-04T11:09:39.501+0000: 1796199.126: [GC pause (G1 Evacuation Pause) (young), 0.0271887 secs]
   [Parallel Time: 9.6 ms, GC Workers: 43]
      [GC Worker Start (ms): Min: 1796199128.9, Avg: 1796199131.0, Max: 1796199135.0, Diff: 6.1]
      [Ext Root Scanning (ms): Min: 0.0, Avg: 0.7, Max: 7.8, Diff: 7.8, Sum: 30.9]
      [Update RS (ms): Min: 0.0, Avg: 0.2, Max: 1.0, Diff: 1.0, Sum: 7.6]
         [Processed Buffers: Min: 0, Avg: 1.5, Max: 6, Diff: 6, Sum: 63]
      [Scan RS (ms): Min: 0.0, Avg: 0.0, Max: 0.0, Diff: 0.0, Sum: 0.5]
      [Code Root Scanning (ms): Min: 0.0, Avg: 0.0, Max: 0.0, Diff: 0.0, Sum: 0.0]
      [Object Copy (ms): Min: 0.0, Avg: 2.1, Max: 2.9, Diff: 2.9, Sum: 89.7]
      [Termination (ms): Min: 0.0, Avg: 2.8, Max: 3.2, Diff: 3.2, Sum: 120.5]
         [Termination Attempts: Min: 1, Avg: 11.7, Max: 17, Diff: 16, Sum: 505]
      [GC Worker Other (ms): Min: 0.0, Avg: 0.0, Max: 0.1, Diff: 0.1, Sum: 1.6]
      [GC Worker Total (ms): Min: 1.9, Avg: 5.8, Max: 7.9, Diff: 6.0, Sum: 250.8]
      [GC Worker End (ms): Min: 1796199136.7, Avg: 1796199136.8, Max: 1796199136.9, Diff: 0.2]
   [Code Root Fixup: 0.0 ms]
   [Code Root Purge: 0.0 ms]
   [Clear CT: 5.4 ms]
   [Other: 12.2 ms]
      [Choose CSet: 0.0 ms]
      [Ref Proc: 4.0 ms]
      [Ref Enq: 0.0 ms]
      [Redirty Cards: 5.2 ms]
      [Humongous Register: 2.1 ms]
      [Humongous Reclaim: 0.0 ms]
      [Free CSet: 0.2 ms]
   [Eden: 51200.0K(51200.0K)->0.0B(51200.0K) Survivors: 1024.0K->1024.0K Heap: 246.2M(1024.0M)->196.2M(1024.0M)]
 [Times: user=0.31 sys=0.00, real=0.03 secs] 
2023-07-04T12:07:19.674+0000: 1799659.299: [GC pause (G1 Evacuation Pause) (young), 0.0276147 secs]
   [Parallel Time: 9.0 ms, GC Workers: 43]
      [GC Worker Start (ms): Min: 1799659302.0, Avg: 1799659303.9, Max: 1799659305.9, Diff: 3.9]
      [Ext Root Scanning (ms): Min: 0.0, Avg: 0.8, Max: 7.5, Diff: 7.4, Sum: 33.5]
      [Update RS (ms): Min: 0.0, Avg: 0.2, Max: 0.7, Diff: 0.7, Sum: 6.5]
         [Processed Buffers: Min: 0, Avg: 1.4, Max: 8, Diff: 8, Sum: 60]
      [Scan RS (ms): Min: 0.0, Avg: 0.0, Max: 0.0, Diff: 0.0, Sum: 0.6]
      [Code Root Scanning (ms): Min: 0.0, Avg: 0.0, Max: 0.0, Diff: 0.0, Sum: 0.0]
      [Object Copy (ms): Min: 0.0, Avg: 1.9, Max: 2.4, Diff: 2.4, Sum: 81.3]
      [Termination (ms): Min: 0.0, Avg: 2.8, Max: 3.3, Diff: 3.3, Sum: 120.4]
         [Termination Attempts: Min: 1, Avg: 8.6, Max: 16, Diff: 15, Sum: 370]
      [GC Worker Other (ms): Min: 0.0, Avg: 0.0, Max: 0.1, Diff: 0.1, Sum: 1.7]
      [GC Worker Total (ms): Min: 3.7, Avg: 5.7, Max: 7.5, Diff: 3.8, Sum: 244.0]
      [GC Worker End (ms): Min: 1799659309.5, Avg: 1799659309.6, Max: 1799659309.8, Diff: 0.2]
   [Code Root Fixup: 0.0 ms]
   [Code Root Purge: 0.0 ms]
   [Clear CT: 5.4 ms]
   [Other: 13.2 ms]
      [Choose CSet: 0.0 ms]
      [Ref Proc: 5.3 ms]
      [Ref Enq: 0.0 ms]
      [Redirty Cards: 4.9 ms]
      [Humongous Register: 2.0 ms]
      [Humongous Reclaim: 0.0 ms]
      [Free CSet: 0.2 ms]
   [Eden: 51200.0K(51200.0K)->0.0B(51200.0K) Survivors: 1024.0K->1024.0K Heap: 246.2M(1024.0M)->196.2M(1024.0M)]
 [Times: user=0.25 sys=0.05, real=0.03 secs] 
2023-07-04T13:04:52.619+0000: 1803112.245: [GC pause (G1 Evacuation Pause) (young), 0.0274348 secs]
   [Parallel Time: 9.9 ms, GC Workers: 43]
      [GC Worker Start (ms): Min: 1803112247.3, Avg: 1803112249.4, Max: 1803112253.8, Diff: 6.5]
      [Ext Root Scanning (ms): Min: 0.0, Avg: 1.1, Max: 8.3, Diff: 8.3, Sum: 46.5]
      [Update RS (ms): Min: 0.0, Avg: 0.3, Max: 0.7, Diff: 0.7, Sum: 11.8]
         [Processed Buffers: Min: 0, Avg: 1.5, Max: 6, Diff: 6, Sum: 66]
      [Scan RS (ms): Min: 0.0, Avg: 0.0, Max: 0.1, Diff: 0.1, Sum: 0.8]
      [Code Root Scanning (ms): Min: 0.0, Avg: 0.0, Max: 0.0, Diff: 0.0, Sum: 0.0]
      [Object Copy (ms): Min: 0.0, Avg: 1.9, Max: 2.4, Diff: 2.4, Sum: 82.3]
      [Termination (ms): Min: 0.0, Avg: 3.0, Max: 3.5, Diff: 3.5, Sum: 130.2]
         [Termination Attempts: Min: 1, Avg: 8.6, Max: 13, Diff: 12, Sum: 370]
      [GC Worker Other (ms): Min: 0.0, Avg: 0.0, Max: 0.1, Diff: 0.1, Sum: 1.7]
      [GC Worker Total (ms): Min: 1.9, Avg: 6.4, Max: 8.4, Diff: 6.5, Sum: 273.4]
      [GC Worker End (ms): Min: 1803112255.7, Avg: 1803112255.8, Max: 1803112255.9, Diff: 0.2]
   [Code Root Fixup: 0.0 ms]
   [Code Root Purge: 0.0 ms]
   [Clear CT: 4.5 ms]
   [Other: 13.0 ms]
      [Choose CSet: 0.0 ms]
      [Ref Proc: 4.9 ms]
      [Ref Enq: 0.0 ms]
      [Redirty Cards: 4.7 ms]
      [Humongous Register: 2.1 ms]
      [Humongous Reclaim: 0.0 ms]
      [Free CSet: 0.4 ms]
   [Eden: 51200.0K(51200.0K)->0.0B(51200.0K) Survivors: 1024.0K->1024.0K Heap: 246.2M(1024.0M)->196.2M(1024.0M)]
 [Times: user=0.35 sys=0.00, real=0.03 secs] 
2023-07-04T14:02:33.328+0000: 1806572.954: [GC pause (G1 Evacuation Pause) (young), 0.0241230 secs]
   [Parallel Time: 8.3 ms, GC Workers: 43]
      [GC Worker Start (ms): Min: 1806572954.3, Avg: 1806572955.6, Max: 1806572958.6, Diff: 4.3]
      [Ext Root Scanning (ms): Min: 0.0, Avg: 0.7, Max: 6.3, Diff: 6.3, Sum: 29.6]
      [Update RS (ms): Min: 0.0, Avg: 0.1, Max: 0.6, Diff: 0.6, Sum: 6.3]
         [Processed Buffers: Min: 0, Avg: 1.4, Max: 6, Diff: 6, Sum: 61]
      [Scan RS (ms): Min: 0.0, Avg: 0.0, Max: 0.0, Diff: 0.0, Sum: 0.5]
      [Code Root Scanning (ms): Min: 0.0, Avg: 0.0, Max: 0.0, Diff: 0.0, Sum: 0.0]
      [Object Copy (ms): Min: 0.0, Avg: 2.3, Max: 2.8, Diff: 2.7, Sum: 98.6]
      [Termination (ms): Min: 0.0, Avg: 1.9, Max: 2.5, Diff: 2.5, Sum: 81.6]
         [Termination Attempts: Min: 1, Avg: 10.6, Max: 16, Diff: 15, Sum: 454]
      [GC Worker Other (ms): Min: 0.0, Avg: 0.1, Max: 0.2, Diff: 0.2, Sum: 2.9]
      [GC Worker Total (ms): Min: 2.1, Avg: 5.1, Max: 6.4, Diff: 4.3, Sum: 219.5]
      [GC Worker End (ms): Min: 1806572960.7, Avg: 1806572960.7, Max: 1806572960.9, Diff: 0.2]
   [Code Root Fixup: 0.0 ms]
   [Code Root Purge: 0.0 ms]
   [Clear CT: 5.4 ms]
   [Other: 10.4 ms]
      [Choose CSet: 0.0 ms]
      [Ref Proc: 4.5 ms]
      [Ref Enq: 0.0 ms]
      [Redirty Cards: 5.3 ms]
      [Humongous Register: 0.1 ms]
      [Humongous Reclaim: 0.0 ms]
      [Free CSet: 0.1 ms]
   [Eden: 51200.0K(51200.0K)->0.0B(51200.0K) Survivors: 1024.0K->1024.0K Heap: 246.2M(1024.0M)->196.3M(1024.0M)]
 [Times: user=0.24 sys=0.03, real=0.03 secs] 
2023-07-04T15:00:18.411+0000: 1810038.036: [GC pause (G1 Evacuation Pause) (young), 0.0279412 secs]
   [Parallel Time: 8.3 ms, GC Workers: 43]
      [GC Worker Start (ms): Min: 1810038039.1, Avg: 1810038041.4, Max: 1810038045.7, Diff: 6.6]
      [Ext Root Scanning (ms): Min: 0.0, Avg: 1.0, Max: 3.1, Diff: 3.1, Sum: 44.6]
      [Update RS (ms): Min: 0.0, Avg: 0.2, Max: 0.6, Diff: 0.6, Sum: 8.9]
         [Processed Buffers: Min: 0, Avg: 1.4, Max: 6, Diff: 6, Sum: 62]
      [Scan RS (ms): Min: 0.0, Avg: 0.0, Max: 0.1, Diff: 0.1, Sum: 0.6]
      [Code Root Scanning (ms): Min: 0.0, Avg: 0.0, Max: 0.0, Diff: 0.0, Sum: 0.0]
      [Object Copy (ms): Min: 0.0, Avg: 1.9, Max: 2.3, Diff: 2.3, Sum: 81.7]
      [Termination (ms): Min: 0.0, Avg: 1.3, Max: 1.6, Diff: 1.6, Sum: 54.7]
         [Termination Attempts: Min: 1, Avg: 6.7, Max: 10, Diff: 9, Sum: 290]
      [GC Worker Other (ms): Min: 0.0, Avg: 0.1, Max: 0.2, Diff: 0.2, Sum: 2.2]
      [GC Worker Total (ms): Min: 0.0, Avg: 4.5, Max: 6.9, Diff: 6.8, Sum: 192.6]
      [GC Worker End (ms): Min: 1810038045.8, Avg: 1810038045.9, Max: 1810038046.0, Diff: 0.2]
   [Code Root Fixup: 0.0 ms]
   [Code Root Purge: 0.0 ms]
   [Clear CT: 5.5 ms]
   [Other: 14.1 ms]
      [Choose CSet: 0.0 ms]
      [Ref Proc: 6.3 ms]
      [Ref Enq: 0.0 ms]
      [Redirty Cards: 4.8 ms]
      [Humongous Register: 2.1 ms]
      [Humongous Reclaim: 0.0 ms]
      [Free CSet: 0.2 ms]
   [Eden: 51200.0K(51200.0K)->0.0B(51200.0K) Survivors: 1024.0K->1024.0K Heap: 246.3M(1024.0M)->196.3M(1024.0M)]
 [Times: user=0.29 sys=0.00, real=0.02 secs] 
2023-07-04T15:57:54.470+0000: 1813494.096: [GC pause (G1 Evacuation Pause) (young), 0.0269332 secs]
   [Parallel Time: 9.0 ms, GC Workers: 43]
      [GC Worker Start (ms): Min: 1813494098.6, Avg: 1813494100.5, Max: 1813494102.5, Diff: 3.9]
      [Ext Root Scanning (ms): Min: 0.0, Avg: 0.7, Max: 7.4, Diff: 7.3, Sum: 29.5]
      [Update RS (ms): Min: 0.0, Avg: 0.2, Max: 0.6, Diff: 0.6, Sum: 7.1]
         [Processed Buffers: Min: 0, Avg: 1.5, Max: 6, Diff: 6, Sum: 63]
      [Scan RS (ms): Min: 0.0, Avg: 0.0, Max: 0.0, Diff: 0.0, Sum: 0.5]
      [Code Root Scanning (ms): Min: 0.0, Avg: 0.0, Max: 0.0, Diff: 0.0, Sum: 0.0]
      [Object Copy (ms): Min: 0.0, Avg: 1.8, Max: 2.3, Diff: 2.3, Sum: 76.3]
      [Termination (ms): Min: 0.0, Avg: 3.0, Max: 3.4, Diff: 3.4, Sum: 128.0]
         [Termination Attempts: Min: 1, Avg: 8.0, Max: 12, Diff: 11, Sum: 345]
      [GC Worker Other (ms): Min: 0.0, Avg: 0.1, Max: 0.2, Diff: 0.2, Sum: 2.3]
      [GC Worker Total (ms): Min: 3.7, Avg: 5.7, Max: 7.5, Diff: 3.8, Sum: 243.8]
      [GC Worker End (ms): Min: 1813494106.0, Avg: 1813494106.1, Max: 1813494106.2, Diff: 0.2]
   [Code Root Fixup: 0.0 ms]
   [Code Root Purge: 0.0 ms]
   [Clear CT: 5.0 ms]
   [Other: 12.9 ms]
      [Choose CSet: 0.0 ms]
      [Ref Proc: 4.9 ms]
      [Ref Enq: 0.0 ms]
      [Redirty Cards: 5.1 ms]
      [Humongous Register: 2.1 ms]
      [Humongous Reclaim: 0.0 ms]
      [Free CSet: 0.2 ms]
   [Eden: 51200.0K(51200.0K)->0.0B(51200.0K) Survivors: 1024.0K->1024.0K Heap: 246.3M(1024.0M)->196.2M(1024.0M)]
 [Times: user=0.29 sys=0.02, real=0.02 secs] 
2023-07-04T16:55:38.256+0000: 1816957.881: [GC pause (G1 Evacuation Pause) (young), 0.0240073 secs]
   [Parallel Time: 7.3 ms, GC Workers: 43]
      [GC Worker Start (ms): Min: 1816957881.7, Avg: 1816957883.2, Max: 1816957884.5, Diff: 2.7]
      [Ext Root Scanning (ms): Min: 0.0, Avg: 0.6, Max: 1.8, Diff: 1.8, Sum: 23.7]
      [Update RS (ms): Min: 0.0, Avg: 0.1, Max: 0.5, Diff: 0.5, Sum: 5.6]
         [Processed Buffers: Min: 0, Avg: 1.4, Max: 6, Diff: 6, Sum: 61]
      [Scan RS (ms): Min: 0.0, Avg: 0.0, Max: 0.0, Diff: 0.0, Sum: 0.5]
      [Code Root Scanning (ms): Min: 0.0, Avg: 0.0, Max: 0.0, Diff: 0.0, Sum: 0.0]
      [Object Copy (ms): Min: 2.1, Avg: 2.8, Max: 3.3, Diff: 1.2, Sum: 121.7]
      [Termination (ms): Min: 0.3, Avg: 0.6, Max: 1.1, Diff: 0.8, Sum: 25.7]
         [Termination Attempts: Min: 7, Avg: 11.9, Max: 17, Diff: 10, Sum: 511]
      [GC Worker Other (ms): Min: 0.0, Avg: 0.1, Max: 0.4, Diff: 0.4, Sum: 5.2]
      [GC Worker Total (ms): Min: 3.0, Avg: 4.2, Max: 5.8, Diff: 2.8, Sum: 182.5]
      [GC Worker End (ms): Min: 1816957887.3, Avg: 1816957887.4, Max: 1816957887.6, Diff: 0.4]
   [Code Root Fixup: 0.0 ms]
   [Code Root Purge: 0.0 ms]
   [Clear CT: 4.8 ms]
   [Other: 11.9 ms]
      [Choose CSet: 0.0 ms]
      [Ref Proc: 6.4 ms]
      [Ref Enq: 0.0 ms]
      [Redirty Cards: 4.6 ms]
      [Humongous Register: 0.1 ms]
      [Humongous Reclaim: 0.0 ms]
      [Free CSet: 0.1 ms]
   [Eden: 51200.0K(51200.0K)->0.0B(51200.0K) Survivors: 1024.0K->1024.0K Heap: 246.2M(1024.0M)->196.3M(1024.0M)]
 [Times: user=0.24 sys=0.00, real=0.02 secs] 
2023-07-04T17:53:23.741+0000: 1820423.367: [GC pause (G1 Evacuation Pause) (young), 0.0309096 secs]
   [Parallel Time: 11.5 ms, GC Workers: 43]
      [GC Worker Start (ms): Min: 1820423369.4, Avg: 1820423371.5, Max: 1820423373.3, Diff: 3.9]
      [Ext Root Scanning (ms): Min: 0.0, Avg: 0.7, Max: 7.4, Diff: 7.4, Sum: 32.0]
      [Update RS (ms): Min: 0.0, Avg: 0.2, Max: 0.6, Diff: 0.6, Sum: 6.8]
         [Processed Buffers: Min: 0, Avg: 1.4, Max: 6, Diff: 6, Sum: 61]
      [Scan RS (ms): Min: 0.0, Avg: 0.0, Max: 0.0, Diff: 0.0, Sum: 0.5]
      [Code Root Scanning (ms): Min: 0.0, Avg: 0.0, Max: 0.0, Diff: 0.0, Sum: 0.0]
      [Object Copy (ms): Min: 0.0, Avg: 1.4, Max: 1.8, Diff: 1.8, Sum: 58.1]
      [Termination (ms): Min: 0.0, Avg: 3.2, Max: 3.4, Diff: 3.4, Sum: 137.2]
         [Termination Attempts: Min: 1, Avg: 4.4, Max: 9, Diff: 8, Sum: 191]
      [GC Worker Other (ms): Min: 0.0, Avg: 0.0, Max: 0.1, Diff: 0.1, Sum: 1.6]
      [GC Worker Total (ms): Min: 3.6, Avg: 5.5, Max: 7.4, Diff: 3.8, Sum: 236.2]
      [GC Worker End (ms): Min: 1820423376.9, Avg: 1820423377.0, Max: 1820423377.1, Diff: 0.2]
   [Code Root Fixup: 0.0 ms]
   [Code Root Purge: 0.0 ms]
   [Clear CT: 5.7 ms]
   [Other: 13.7 ms]
      [Choose CSet: 0.0 ms]
      [Ref Proc: 5.0 ms]
      [Ref Enq: 0.0 ms]
      [Redirty Cards: 5.7 ms]
      [Humongous Register: 2.0 ms]
      [Humongous Reclaim: 0.0 ms]
      [Free CSet: 0.2 ms]
   [Eden: 51200.0K(51200.0K)->0.0B(51200.0K) Survivors: 1024.0K->1024.0K Heap: 246.3M(1024.0M)->196.3M(1024.0M)]
 [Times: user=0.30 sys=0.00, real=0.03 secs] 
2023-07-04T18:51:14.539+0000: 1823894.164: [GC pause (G1 Evacuation Pause) (young), 0.0215326 secs]
   [Parallel Time: 6.9 ms, GC Workers: 43]
      [GC Worker Start (ms): Min: 1823894164.6, Avg: 1823894166.1, Max: 1823894167.3, Diff: 2.7]
      [Ext Root Scanning (ms): Min: 0.0, Avg: 0.7, Max: 6.3, Diff: 6.2, Sum: 29.8]
      [Update RS (ms): Min: 0.0, Avg: 0.2, Max: 0.6, Diff: 0.6, Sum: 7.9]
         [Processed Buffers: Min: 0, Avg: 1.5, Max: 7, Diff: 7, Sum: 64]
      [Scan RS (ms): Min: 0.0, Avg: 0.0, Max: 0.0, Diff: 0.0, Sum: 0.4]
      [Code Root Scanning (ms): Min: 0.0, Avg: 0.0, Max: 0.0, Diff: 0.0, Sum: 0.0]
      [Object Copy (ms): Min: 0.0, Avg: 2.6, Max: 3.0, Diff: 3.0, Sum: 111.1]
      [Termination (ms): Min: 0.0, Avg: 1.4, Max: 2.1, Diff: 2.1, Sum: 60.7]
         [Termination Attempts: Min: 1, Avg: 10.5, Max: 13, Diff: 12, Sum: 452]
      [GC Worker Other (ms): Min: 0.0, Avg: 0.0, Max: 0.1, Diff: 0.1, Sum: 0.9]
      [GC Worker Total (ms): Min: 3.7, Avg: 4.9, Max: 6.3, Diff: 2.6, Sum: 210.8]
      [GC Worker End (ms): Min: 1823894170.9, Avg: 1823894171.0, Max: 1823894171.1, Diff: 0.2]
   [Code Root Fixup: 0.0 ms]
   [Code Root Purge: 0.0 ms]
   [Clear CT: 5.5 ms]
   [Other: 9.1 ms]
      [Choose CSet: 0.0 ms]
      [Ref Proc: 3.4 ms]
      [Ref Enq: 0.0 ms]
      [Redirty Cards: 5.1 ms]
      [Humongous Register: 0.1 ms]
      [Humongous Reclaim: 0.0 ms]
      [Free CSet: 0.1 ms]
   [Eden: 51200.0K(51200.0K)->0.0B(51200.0K) Survivors: 1024.0K->1024.0K Heap: 246.3M(1024.0M)->196.3M(1024.0M)]
 [Times: user=0.26 sys=0.00, real=0.02 secs] 
2023-07-04T19:49:07.591+0000: 1827367.217: [GC pause (G1 Evacuation Pause) (young), 0.0230244 secs]
   [Parallel Time: 5.5 ms, GC Workers: 43]
      [GC Worker Start (ms): Min: 1827367219.3, Avg: 1827367221.2, Max: 1827367223.1, Diff: 3.8]
      [Ext Root Scanning (ms): Min: 0.0, Avg: 0.5, Max: 3.3, Diff: 3.3, Sum: 23.1]
      [Update RS (ms): Min: 0.0, Avg: 0.1, Max: 0.5, Diff: 0.5, Sum: 5.7]
         [Processed Buffers: Min: 0, Avg: 1.4, Max: 8, Diff: 8, Sum: 60]
      [Scan RS (ms): Min: 0.0, Avg: 0.0, Max: 0.0, Diff: 0.0, Sum: 0.5]
      [Code Root Scanning (ms): Min: 0.0, Avg: 0.0, Max: 0.0, Diff: 0.0, Sum: 0.0]
      [Object Copy (ms): Min: 0.3, Avg: 1.5, Max: 2.1, Diff: 1.8, Sum: 65.2]
      [Termination (ms): Min: 0.1, Avg: 0.2, Max: 0.4, Diff: 0.4, Sum: 10.0]
         [Termination Attempts: Min: 1, Avg: 5.4, Max: 9, Diff: 8, Sum: 232]
      [GC Worker Other (ms): Min: 0.0, Avg: 0.1, Max: 0.3, Diff: 0.3, Sum: 5.2]
      [GC Worker Total (ms): Min: 0.7, Avg: 2.6, Max: 4.6, Diff: 3.9, Sum: 109.7]
      [GC Worker End (ms): Min: 1827367223.7, Avg: 1827367223.8, Max: 1827367224.0, Diff: 0.3]
   [Code Root Fixup: 0.0 ms]
   [Code Root Purge: 0.0 ms]
   [Clear CT: 5.2 ms]
   [Other: 12.3 ms]
      [Choose CSet: 0.0 ms]
      [Ref Proc: 3.5 ms]
      [Ref Enq: 0.0 ms]
      [Redirty Cards: 5.5 ms]
      [Humongous Register: 2.1 ms]
      [Humongous Reclaim: 0.0 ms]
      [Free CSet: 0.3 ms]
   [Eden: 51200.0K(51200.0K)->0.0B(51200.0K) Survivors: 1024.0K->1024.0K Heap: 246.3M(1024.0M)->196.3M(1024.0M)]
 [Times: user=0.17 sys=0.00, real=0.02 secs] 
2023-07-04T20:46:57.651+0000: 1830837.277: [GC pause (G1 Evacuation Pause) (young), 0.0243015 secs]
   [Parallel Time: 8.3 ms, GC Workers: 43]
      [GC Worker Start (ms): Min: 1830837277.5, Avg: 1830837278.9, Max: 1830837280.0, Diff: 2.6]
      [Ext Root Scanning (ms): Min: 0.0, Avg: 0.7, Max: 6.6, Diff: 6.6, Sum: 32.1]
      [Update RS (ms): Min: 0.0, Avg: 0.3, Max: 0.7, Diff: 0.7, Sum: 11.0]
         [Processed Buffers: Min: 0, Avg: 1.3, Max: 7, Diff: 7, Sum: 58]
      [Scan RS (ms): Min: 0.0, Avg: 0.0, Max: 0.0, Diff: 0.0, Sum: 0.5]
      [Code Root Scanning (ms): Min: 0.0, Avg: 0.0, Max: 0.0, Diff: 0.0, Sum: 0.0]
      [Object Copy (ms): Min: 0.0, Avg: 2.3, Max: 2.7, Diff: 2.7, Sum: 99.3]
      [Termination (ms): Min: 0.0, Avg: 1.9, Max: 2.5, Diff: 2.5, Sum: 82.6]
         [Termination Attempts: Min: 1, Avg: 8.4, Max: 12, Diff: 11, Sum: 362]
      [GC Worker Other (ms): Min: 0.0, Avg: 0.0, Max: 0.1, Diff: 0.1, Sum: 1.5]
      [GC Worker Total (ms): Min: 4.2, Avg: 5.3, Max: 6.8, Diff: 2.6, Sum: 227.0]
      [GC Worker End (ms): Min: 1830837284.1, Avg: 1830837284.2, Max: 1830837284.3, Diff: 0.2]
   [Code Root Fixup: 0.0 ms]
   [Code Root Purge: 0.0 ms]
   [Clear CT: 5.1 ms]
   [Other: 10.8 ms]
      [Choose CSet: 0.0 ms]
      [Ref Proc: 4.7 ms]
      [Ref Enq: 0.0 ms]
      [Redirty Cards: 5.0 ms]
      [Humongous Register: 0.3 ms]
      [Humongous Reclaim: 0.0 ms]
      [Free CSet: 0.2 ms]
   [Eden: 51200.0K(51200.0K)->0.0B(51200.0K) Survivors: 1024.0K->1024.0K Heap: 246.3M(1024.0M)->196.3M(1024.0M)]
 [Times: user=0.29 sys=0.00, real=0.02 secs] 
2023-07-04T21:44:57.047+0000: 1834316.672: [GC pause (G1 Evacuation Pause) (young), 0.0241391 secs]
   [Parallel Time: 6.1 ms, GC Workers: 43]
      [GC Worker Start (ms): Min: 1834316674.6, Avg: 1834316676.5, Max: 1834316678.4, Diff: 3.8]
      [Ext Root Scanning (ms): Min: 0.0, Avg: 0.4, Max: 2.3, Diff: 2.3, Sum: 18.4]
      [Update RS (ms): Min: 0.0, Avg: 0.1, Max: 0.6, Diff: 0.6, Sum: 5.2]
         [Processed Buffers: Min: 0, Avg: 1.4, Max: 10, Diff: 10, Sum: 60]
      [Scan RS (ms): Min: 0.0, Avg: 0.0, Max: 0.0, Diff: 0.0, Sum: 0.5]
      [Code Root Scanning (ms): Min: 0.0, Avg: 0.0, Max: 0.0, Diff: 0.0, Sum: 0.0]
      [Object Copy (ms): Min: 1.1, Avg: 2.3, Max: 3.1, Diff: 2.0, Sum: 98.2]
      [Termination (ms): Min: 0.2, Avg: 0.5, Max: 1.4, Diff: 1.2, Sum: 20.2]
         [Termination Attempts: Min: 3, Avg: 10.8, Max: 18, Diff: 15, Sum: 463]
      [GC Worker Other (ms): Min: 0.0, Avg: 0.1, Max: 0.3, Diff: 0.3, Sum: 5.5]
      [GC Worker Total (ms): Min: 1.5, Avg: 3.4, Max: 5.5, Diff: 4.0, Sum: 148.1]
      [GC Worker End (ms): Min: 1834316679.8, Avg: 1834316679.9, Max: 1834316680.1, Diff: 0.3]
   [Code Root Fixup: 0.0 ms]
   [Code Root Purge: 0.0 ms]
   [Clear CT: 5.2 ms]
   [Other: 12.8 ms]
      [Choose CSet: 0.0 ms]
      [Ref Proc: 5.0 ms]
      [Ref Enq: 0.0 ms]
      [Redirty Cards: 5.2 ms]
      [Humongous Register: 1.8 ms]
      [Humongous Reclaim: 0.0 ms]
      [Free CSet: 0.1 ms]
   [Eden: 51200.0K(51200.0K)->0.0B(51200.0K) Survivors: 1024.0K->1024.0K Heap: 246.3M(1024.0M)->196.3M(1024.0M)]
 [Times: user=0.21 sys=0.00, real=0.03 secs] 
2023-07-04T22:42:47.591+0000: 1837787.217: [GC pause (G1 Evacuation Pause) (young), 0.0250892 secs]
   [Parallel Time: 7.7 ms, GC Workers: 43]
      [GC Worker Start (ms): Min: 1837787219.5, Avg: 1837787221.6, Max: 1837787224.7, Diff: 5.2]
      [Ext Root Scanning (ms): Min: 0.0, Avg: 0.7, Max: 7.1, Diff: 7.1, Sum: 31.1]
      [Update RS (ms): Min: 0.0, Avg: 0.2, Max: 0.5, Diff: 0.5, Sum: 7.8]
         [Processed Buffers: Min: 0, Avg: 1.3, Max: 7, Diff: 7, Sum: 57]
      [Scan RS (ms): Min: 0.0, Avg: 0.0, Max: 0.0, Diff: 0.0, Sum: 0.5]
      [Code Root Scanning (ms): Min: 0.0, Avg: 0.0, Max: 0.0, Diff: 0.0, Sum: 0.0]
      [Object Copy (ms): Min: 0.0, Avg: 1.4, Max: 2.0, Diff: 1.9, Sum: 61.5]
      [Termination (ms): Min: 0.0, Avg: 2.7, Max: 3.1, Diff: 3.1, Sum: 116.8]
         [Termination Attempts: Min: 1, Avg: 5.0, Max: 9, Diff: 8, Sum: 214]
      [GC Worker Other (ms): Min: 0.0, Avg: 0.0, Max: 0.2, Diff: 0.2, Sum: 2.0]
      [GC Worker Total (ms): Min: 2.0, Avg: 5.1, Max: 7.1, Diff: 5.1, Sum: 219.6]
      [GC Worker End (ms): Min: 1837787226.7, Avg: 1837787226.7, Max: 1837787226.9, Diff: 0.2]
   [Code Root Fixup: 0.0 ms]
   [Code Root Purge: 0.0 ms]
   [Clear CT: 4.6 ms]
   [Other: 12.8 ms]
      [Choose CSet: 0.0 ms]
      [Ref Proc: 4.5 ms]
      [Ref Enq: 0.0 ms]
      [Redirty Cards: 4.9 ms]
      [Humongous Register: 2.1 ms]
      [Humongous Reclaim: 0.0 ms]
      [Free CSet: 0.4 ms]
   [Eden: 51200.0K(51200.0K)->0.0B(51200.0K) Survivors: 1024.0K->1024.0K Heap: 246.3M(1024.0M)->196.3M(1024.0M)]
 [Times: user=0.27 sys=0.00, real=0.02 secs] 
2023-07-04T23:40:31.544+0000: 1841251.169: [GC pause (G1 Evacuation Pause) (young), 0.0208027 secs]
   [Parallel Time: 6.9 ms, GC Workers: 43]
      [GC Worker Start (ms): Min: 1841251169.6, Avg: 1841251171.0, Max: 1841251172.2, Diff: 2.6]
      [Ext Root Scanning (ms): Min: 0.0, Avg: 0.5, Max: 1.7, Diff: 1.7, Sum: 21.8]
      [Update RS (ms): Min: 0.0, Avg: 0.1, Max: 0.5, Diff: 0.5, Sum: 5.5]
         [Processed Buffers: Min: 0, Avg: 1.4, Max: 8, Diff: 8, Sum: 59]
      [Scan RS (ms): Min: 0.0, Avg: 0.0, Max: 0.0, Diff: 0.0, Sum: 0.5]
      [Code Root Scanning (ms): Min: 0.0, Avg: 0.0, Max: 0.0, Diff: 0.0, Sum: 0.0]
      [Object Copy (ms): Min: 1.0, Avg: 1.6, Max: 1.9, Diff: 0.9, Sum: 70.1]
      [Termination (ms): Min: 0.1, Avg: 0.2, Max: 0.5, Diff: 0.4, Sum: 8.5]
         [Termination Attempts: Min: 2, Avg: 5.3, Max: 8, Diff: 6, Sum: 228]
      [GC Worker Other (ms): Min: 0.0, Avg: 0.1, Max: 0.2, Diff: 0.2, Sum: 3.6]
      [GC Worker Total (ms): Min: 1.4, Avg: 2.6, Max: 3.9, Diff: 2.5, Sum: 110.1]
      [GC Worker End (ms): Min: 1841251173.5, Avg: 1841251173.5, Max: 1841251173.7, Diff: 0.2]
   [Code Root Fixup: 0.0 ms]
   [Code Root Purge: 0.0 ms]
   [Clear CT: 4.9 ms]
   [Other: 9.0 ms]
      [Choose CSet: 0.0 ms]
      [Ref Proc: 3.4 ms]
      [Ref Enq: 0.0 ms]
      [Redirty Cards: 5.0 ms]
      [Humongous Register: 0.1 ms]
      [Humongous Reclaim: 0.0 ms]
      [Free CSet: 0.1 ms]
   [Eden: 51200.0K(51200.0K)->0.0B(51200.0K) Survivors: 1024.0K->1024.0K Heap: 246.3M(1024.0M)->196.3M(1024.0M)]
 [Times: user=0.16 sys=0.00, real=0.02 secs] 
2023-07-05T00:38:23.055+0000: 1844722.681: [GC pause (G1 Evacuation Pause) (young), 0.0263014 secs]
   [Parallel Time: 10.3 ms, GC Workers: 43]
      [GC Worker Start (ms): Min: 1844722681.4, Avg: 1844722682.8, Max: 1844722684.0, Diff: 2.6]
      [Ext Root Scanning (ms): Min: 0.0, Avg: 0.9, Max: 6.6, Diff: 6.6, Sum: 38.3]
      [Update RS (ms): Min: 0.0, Avg: 0.3, Max: 0.5, Diff: 0.5, Sum: 11.3]
         [Processed Buffers: Min: 0, Avg: 1.4, Max: 5, Diff: 5, Sum: 60]
      [Scan RS (ms): Min: 0.0, Avg: 0.0, Max: 0.0, Diff: 0.0, Sum: 0.5]
      [Code Root Scanning (ms): Min: 0.0, Avg: 0.0, Max: 0.0, Diff: 0.0, Sum: 0.0]
      [Object Copy (ms): Min: 0.0, Avg: 2.1, Max: 2.3, Diff: 2.3, Sum: 91.1]
      [Termination (ms): Min: 0.0, Avg: 2.1, Max: 2.3, Diff: 2.3, Sum: 89.3]
         [Termination Attempts: Min: 1, Avg: 8.1, Max: 12, Diff: 11, Sum: 347]
      [GC Worker Other (ms): Min: 0.0, Avg: 0.0, Max: 0.2, Diff: 0.2, Sum: 1.3]
      [GC Worker Total (ms): Min: 4.2, Avg: 5.4, Max: 6.7, Diff: 2.6, Sum: 231.9]
      [GC Worker End (ms): Min: 1844722688.0, Avg: 1844722688.2, Max: 1844722688.2, Diff: 0.2]
   [Code Root Fixup: 0.0 ms]
   [Code Root Purge: 0.0 ms]
   [Clear CT: 5.5 ms]
   [Other: 10.5 ms]
      [Choose CSet: 0.0 ms]
      [Ref Proc: 4.2 ms]
      [Ref Enq: 0.0 ms]
      [Redirty Cards: 5.4 ms]
      [Humongous Register: 0.3 ms]
      [Humongous Reclaim: 0.0 ms]
      [Free CSet: 0.2 ms]
   [Eden: 51200.0K(51200.0K)->0.0B(51200.0K) Survivors: 1024.0K->1024.0K Heap: 246.3M(1024.0M)->196.3M(1024.0M)]
 [Times: user=0.27 sys=0.02, real=0.03 secs] 
2023-07-05T01:36:28.485+0000: 1848208.110: [GC pause (G1 Evacuation Pause) (young), 0.0249136 secs]
   [Parallel Time: 7.6 ms, GC Workers: 43]
      [GC Worker Start (ms): Min: 1848208112.7, Avg: 1848208114.7, Max: 1848208116.5, Diff: 3.8]
      [Ext Root Scanning (ms): Min: 0.0, Avg: 0.7, Max: 7.1, Diff: 7.1, Sum: 31.9]
      [Update RS (ms): Min: 0.0, Avg: 0.2, Max: 0.6, Diff: 0.6, Sum: 7.8]
         [Processed Buffers: Min: 0, Avg: 1.5, Max: 7, Diff: 7, Sum: 63]
      [Scan RS (ms): Min: 0.0, Avg: 0.0, Max: 0.0, Diff: 0.0, Sum: 0.4]
      [Code Root Scanning (ms): Min: 0.0, Avg: 0.0, Max: 0.0, Diff: 0.0, Sum: 0.0]
      [Object Copy (ms): Min: 0.0, Avg: 1.7, Max: 2.0, Diff: 2.0, Sum: 71.3]
      [Termination (ms): Min: 0.0, Avg: 2.5, Max: 2.8, Diff: 2.8, Sum: 108.1]
         [Termination Attempts: Min: 1, Avg: 5.1, Max: 10, Diff: 9, Sum: 220]
      [GC Worker Other (ms): Min: 0.0, Avg: 0.0, Max: 0.1, Diff: 0.1, Sum: 1.7]
      [GC Worker Total (ms): Min: 3.4, Avg: 5.1, Max: 7.1, Diff: 3.7, Sum: 221.3]
      [GC Worker End (ms): Min: 1848208119.8, Avg: 1848208119.9, Max: 1848208120.0, Diff: 0.2]
   [Code Root Fixup: 0.0 ms]
   [Code Root Purge: 0.0 ms]
   [Clear CT: 5.9 ms]
   [Other: 11.4 ms]
      [Choose CSet: 0.0 ms]
      [Ref Proc: 3.1 ms]
      [Ref Enq: 0.0 ms]
      [Redirty Cards: 5.3 ms]
      [Humongous Register: 2.1 ms]
      [Humongous Reclaim: 0.0 ms]
      [Free CSet: 0.2 ms]
   [Eden: 51200.0K(51200.0K)->0.0B(51200.0K) Survivors: 1024.0K->1024.0K Heap: 246.3M(1024.0M)->196.3M(1024.0M)]
 [Times: user=0.25 sys=0.01, real=0.03 secs] 
2023-07-05T02:34:33.407+0000: 1851693.032: [GC pause (G1 Evacuation Pause) (young), 0.0236814 secs]
   [Parallel Time: 5.6 ms, GC Workers: 43]
      [GC Worker Start (ms): Min: 1851693034.7, Avg: 1851693036.9, Max: 1851693039.4, Diff: 4.7]
      [Ext Root Scanning (ms): Min: 0.0, Avg: 0.4, Max: 2.4, Diff: 2.4, Sum: 18.8]
      [Update RS (ms): Min: 0.0, Avg: 0.1, Max: 0.5, Diff: 0.5, Sum: 4.3]
         [Processed Buffers: Min: 0, Avg: 1.4, Max: 8, Diff: 8, Sum: 60]
      [Scan RS (ms): Min: 0.0, Avg: 0.0, Max: 0.0, Diff: 0.0, Sum: 0.4]
      [Code Root Scanning (ms): Min: 0.0, Avg: 0.0, Max: 0.0, Diff: 0.0, Sum: 0.0]
      [Object Copy (ms): Min: 0.0, Avg: 1.0, Max: 1.6, Diff: 1.6, Sum: 45.0]
      [Termination (ms): Min: 0.0, Avg: 1.0, Max: 1.3, Diff: 1.3, Sum: 42.5]
         [Termination Attempts: Min: 1, Avg: 4.1, Max: 9, Diff: 8, Sum: 176]
      [GC Worker Other (ms): Min: 0.0, Avg: 0.0, Max: 0.1, Diff: 0.1, Sum: 1.5]
      [GC Worker Total (ms): Min: 0.0, Avg: 2.6, Max: 4.8, Diff: 4.8, Sum: 112.6]
      [GC Worker End (ms): Min: 1851693039.5, Avg: 1851693039.5, Max: 1851693039.7, Diff: 0.2]
   [Code Root Fixup: 0.0 ms]
   [Code Root Purge: 0.0 ms]
   [Clear CT: 6.3 ms]
   [Other: 11.8 ms]
      [Choose CSet: 0.0 ms]
      [Ref Proc: 4.0 ms]
      [Ref Enq: 0.0 ms]
      [Redirty Cards: 5.1 ms]
      [Humongous Register: 1.8 ms]
      [Humongous Reclaim: 0.0 ms]
      [Free CSet: 0.1 ms]
   [Eden: 51200.0K(51200.0K)->0.0B(51200.0K) Survivors: 1024.0K->1024.0K Heap: 246.3M(1024.0M)->196.2M(1024.0M)]
 [Times: user=0.19 sys=0.00, real=0.03 secs] 
2023-07-05T03:32:34.186+0000: 1855173.811: [GC pause (G1 Evacuation Pause) (young), 0.0230583 secs]
   [Parallel Time: 7.3 ms, GC Workers: 43]
      [GC Worker Start (ms): Min: 1855173811.5, Avg: 1855173813.0, Max: 1855173814.7, Diff: 3.2]
      [Ext Root Scanning (ms): Min: 0.0, Avg: 0.5, Max: 1.8, Diff: 1.8, Sum: 21.0]
      [Update RS (ms): Min: 0.0, Avg: 0.1, Max: 0.5, Diff: 0.5, Sum: 4.6]
         [Processed Buffers: Min: 0, Avg: 1.3, Max: 7, Diff: 7, Sum: 58]
      [Scan RS (ms): Min: 0.0, Avg: 0.0, Max: 0.0, Diff: 0.0, Sum: 0.5]
      [Code Root Scanning (ms): Min: 0.0, Avg: 0.0, Max: 0.0, Diff: 0.0, Sum: 0.0]
      [Object Copy (ms): Min: 1.8, Avg: 2.8, Max: 3.3, Diff: 1.4, Sum: 120.1]
      [Termination (ms): Min: 0.3, Avg: 0.5, Max: 0.8, Diff: 0.5, Sum: 22.4]
         [Termination Attempts: Min: 6, Avg: 12.7, Max: 16, Diff: 10, Sum: 548]
      [GC Worker Other (ms): Min: 0.0, Avg: 0.0, Max: 0.2, Diff: 0.2, Sum: 1.9]
      [GC Worker Total (ms): Min: 2.3, Avg: 4.0, Max: 5.6, Diff: 3.3, Sum: 170.5]
      [GC Worker End (ms): Min: 1855173816.9, Avg: 1855173816.9, Max: 1855173817.1, Diff: 0.2]
   [Code Root Fixup: 0.0 ms]
   [Code Root Purge: 0.0 ms]
   [Clear CT: 5.3 ms]
   [Other: 10.5 ms]
      [Choose CSet: 0.0 ms]
      [Ref Proc: 4.5 ms]
      [Ref Enq: 0.0 ms]
      [Redirty Cards: 5.3 ms]
      [Humongous Register: 0.1 ms]
      [Humongous Reclaim: 0.0 ms]
      [Free CSet: 0.1 ms]
   [Eden: 51200.0K(51200.0K)->0.0B(51200.0K) Survivors: 1024.0K->1024.0K Heap: 246.2M(1024.0M)->196.3M(1024.0M)]
 [Times: user=0.22 sys=0.01, real=0.02 secs] 
2023-07-05T04:30:22.591+0000: 1858642.217: [GC pause (G1 Evacuation Pause) (young), 0.0239175 secs]
   [Parallel Time: 8.1 ms, GC Workers: 43]
      [GC Worker Start (ms): Min: 1858642217.0, Avg: 1858642218.4, Max: 1858642219.6, Diff: 2.6]
      [Ext Root Scanning (ms): Min: 0.0, Avg: 0.7, Max: 6.2, Diff: 6.2, Sum: 30.7]
      [Update RS (ms): Min: 0.0, Avg: 0.1, Max: 0.5, Diff: 0.5, Sum: 5.8]
         [Processed Buffers: Min: 0, Avg: 1.4, Max: 5, Diff: 5, Sum: 62]
      [Scan RS (ms): Min: 0.0, Avg: 0.0, Max: 0.0, Diff: 0.0, Sum: 0.5]
      [Code Root Scanning (ms): Min: 0.0, Avg: 0.0, Max: 0.0, Diff: 0.0, Sum: 0.0]
      [Object Copy (ms): Min: 0.0, Avg: 1.7, Max: 2.0, Diff: 2.0, Sum: 74.2]
      [Termination (ms): Min: 0.0, Avg: 2.3, Max: 2.5, Diff: 2.5, Sum: 98.5]
         [Termination Attempts: Min: 1, Avg: 5.0, Max: 9, Diff: 8, Sum: 214]
      [GC Worker Other (ms): Min: 0.0, Avg: 0.0, Max: 0.0, Diff: 0.0, Sum: 0.8]
      [GC Worker Total (ms): Min: 3.7, Avg: 4.9, Max: 6.2, Diff: 2.5, Sum: 210.5]
      [GC Worker End (ms): Min: 1858642223.2, Avg: 1858642223.3, Max: 1858642223.4, Diff: 0.2]
   [Code Root Fixup: 0.0 ms]
   [Code Root Purge: 0.0 ms]
   [Clear CT: 5.1 ms]
   [Other: 10.7 ms]
      [Choose CSet: 0.0 ms]
      [Ref Proc: 4.9 ms]
      [Ref Enq: 0.0 ms]
      [Redirty Cards: 5.1 ms]
      [Humongous Register: 0.1 ms]
      [Humongous Reclaim: 0.0 ms]
      [Free CSet: 0.2 ms]
   [Eden: 51200.0K(51200.0K)->0.0B(51200.0K) Survivors: 1024.0K->1024.0K Heap: 246.3M(1024.0M)->196.3M(1024.0M)]
 [Times: user=0.26 sys=0.00, real=0.02 secs] 
2023-07-05T05:28:12.591+0000: 1862112.217: [GC pause (G1 Evacuation Pause) (young), 0.0264035 secs]
   [Parallel Time: 6.9 ms, GC Workers: 43]
      [GC Worker Start (ms): Min: 1862112219.2, Avg: 1862112221.4, Max: 1862112224.5, Diff: 5.4]
      [Ext Root Scanning (ms): Min: 0.0, Avg: 0.6, Max: 2.5, Diff: 2.5, Sum: 25.7]
      [Update RS (ms): Min: 0.0, Avg: 0.2, Max: 0.5, Diff: 0.5, Sum: 6.8]
         [Processed Buffers: Min: 0, Avg: 1.4, Max: 7, Diff: 7, Sum: 60]
      [Scan RS (ms): Min: 0.0, Avg: 0.0, Max: 0.0, Diff: 0.0, Sum: 0.4]
      [Code Root Scanning (ms): Min: 0.0, Avg: 0.0, Max: 0.0, Diff: 0.0, Sum: 0.0]
      [Object Copy (ms): Min: 0.0, Avg: 1.3, Max: 1.9, Diff: 1.9, Sum: 57.4]
      [Termination (ms): Min: 0.0, Avg: 1.1, Max: 1.4, Diff: 1.4, Sum: 45.7]
         [Termination Attempts: Min: 1, Avg: 4.6, Max: 9, Diff: 8, Sum: 196]
      [GC Worker Other (ms): Min: 0.0, Avg: 0.0, Max: 0.1, Diff: 0.1, Sum: 2.1]
      [GC Worker Total (ms): Min: 0.0, Avg: 3.2, Max: 5.5, Diff: 5.4, Sum: 138.3]
      [GC Worker End (ms): Min: 1862112224.6, Avg: 1862112224.6, Max: 1862112224.8, Diff: 0.2]
   [Code Root Fixup: 0.0 ms]
   [Code Root Purge: 0.0 ms]
   [Clear CT: 6.0 ms]
   [Other: 13.5 ms]
      [Choose CSet: 0.0 ms]
      [Ref Proc: 5.1 ms]
      [Ref Enq: 0.0 ms]
      [Redirty Cards: 5.0 ms]
      [Humongous Register: 2.1 ms]
      [Humongous Reclaim: 0.0 ms]
      [Free CSet: 0.3 ms]
   [Eden: 51200.0K(51200.0K)->0.0B(51200.0K) Survivors: 1024.0K->1024.0K Heap: 246.3M(1024.0M)->196.3M(1024.0M)]
 [Times: user=0.21 sys=0.00, real=0.02 secs] 
2023-07-05T06:26:05.175+0000: 1865584.801: [GC pause (G1 Evacuation Pause) (young), 0.0213384 secs]
   [Parallel Time: 5.7 ms, GC Workers: 43]
      [GC Worker Start (ms): Min: 1865584801.4, Avg: 1865584802.8, Max: 1865584804.1, Diff: 2.8]
      [Ext Root Scanning (ms): Min: 0.0, Avg: 0.6, Max: 1.8, Diff: 1.8, Sum: 23.8]
      [Update RS (ms): Min: 0.0, Avg: 0.1, Max: 0.5, Diff: 0.5, Sum: 5.4]
         [Processed Buffers: Min: 0, Avg: 1.3, Max: 7, Diff: 7, Sum: 58]
      [Scan RS (ms): Min: 0.0, Avg: 0.0, Max: 0.0, Diff: 0.0, Sum: 0.4]
      [Code Root Scanning (ms): Min: 0.0, Avg: 0.0, Max: 0.0, Diff: 0.0, Sum: 0.0]
      [Object Copy (ms): Min: 0.9, Avg: 1.6, Max: 1.9, Diff: 1.0, Sum: 68.0]
      [Termination (ms): Min: 0.1, Avg: 0.2, Max: 0.4, Diff: 0.3, Sum: 7.4]
         [Termination Attempts: Min: 3, Avg: 5.1, Max: 9, Diff: 6, Sum: 220]
      [GC Worker Other (ms): Min: 0.0, Avg: 0.1, Max: 0.3, Diff: 0.3, Sum: 4.2]
      [GC Worker Total (ms): Min: 1.3, Avg: 2.5, Max: 4.0, Diff: 2.7, Sum: 109.2]
      [GC Worker End (ms): Min: 1865584805.3, Avg: 1865584805.4, Max: 1865584805.6, Diff: 0.3]
   [Code Root Fixup: 0.0 ms]
   [Code Root Purge: 0.0 ms]
   [Clear CT: 5.3 ms]
   [Other: 10.3 ms]
      [Choose CSet: 0.0 ms]
      [Ref Proc: 4.5 ms]
      [Ref Enq: 0.0 ms]
      [Redirty Cards: 5.2 ms]
      [Humongous Register: 0.1 ms]
      [Humongous Reclaim: 0.0 ms]
      [Free CSet: 0.1 ms]
   [Eden: 51200.0K(51200.0K)->0.0B(51200.0K) Survivors: 1024.0K->1024.0K Heap: 246.3M(1024.0M)->196.3M(1024.0M)]
 [Times: user=0.13 sys=0.04, real=0.02 secs] 
2023-07-05T07:23:47.591+0000: 1869047.217: [GC pause (G1 Evacuation Pause) (young), 0.0257776 secs]
   [Parallel Time: 9.6 ms, GC Workers: 43]
      [GC Worker Start (ms): Min: 1869047216.9, Avg: 1869047218.4, Max: 1869047219.6, Diff: 2.7]
      [Ext Root Scanning (ms): Min: 0.0, Avg: 0.7, Max: 5.9, Diff: 5.9, Sum: 28.4]
      [Update RS (ms): Min: 0.0, Avg: 0.1, Max: 0.5, Diff: 0.5, Sum: 6.1]
         [Processed Buffers: Min: 0, Avg: 1.4, Max: 5, Diff: 5, Sum: 60]
      [Scan RS (ms): Min: 0.0, Avg: 0.0, Max: 0.0, Diff: 0.0, Sum: 0.4]
      [Code Root Scanning (ms): Min: 0.0, Avg: 0.0, Max: 0.0, Diff: 0.0, Sum: 0.0]
      [Object Copy (ms): Min: 0.0, Avg: 1.8, Max: 2.1, Diff: 2.1, Sum: 75.7]
      [Termination (ms): Min: 0.0, Avg: 2.0, Max: 2.3, Diff: 2.3, Sum: 87.9]
         [Termination Attempts: Min: 1, Avg: 6.2, Max: 9, Diff: 8, Sum: 266]
      [GC Worker Other (ms): Min: 0.0, Avg: 0.0, Max: 0.0, Diff: 0.0, Sum: 0.7]
      [GC Worker Total (ms): Min: 3.3, Avg: 4.6, Max: 6.0, Diff: 2.7, Sum: 199.2]
      [GC Worker End (ms): Min: 1869047222.9, Avg: 1869047223.0, Max: 1869047223.1, Diff: 0.2]
   [Code Root Fixup: 0.0 ms]
   [Code Root Purge: 0.0 ms]
   [Clear CT: 5.3 ms]
   [Other: 10.9 ms]
      [Choose CSet: 0.0 ms]
      [Ref Proc: 4.9 ms]
      [Ref Enq: 0.0 ms]
      [Redirty Cards: 5.3 ms]
      [Humongous Register: 0.1 ms]
      [Humongous Reclaim: 0.0 ms]
      [Free CSet: 0.1 ms]
   [Eden: 51200.0K(51200.0K)->0.0B(51200.0K) Survivors: 1024.0K->1024.0K Heap: 246.3M(1024.0M)->196.3M(1024.0M)]
 [Times: user=0.25 sys=0.00, real=0.02 secs] 
2023-07-05T08:21:53.055+0000: 1872532.680: [GC pause (G1 Evacuation Pause) (young), 0.0201521 secs]
   [Parallel Time: 5.8 ms, GC Workers: 43]
      [GC Worker Start (ms): Min: 1872532681.0, Avg: 1872532682.4, Max: 1872532683.5, Diff: 2.5]
      [Ext Root Scanning (ms): Min: 0.0, Avg: 0.7, Max: 2.1, Diff: 2.1, Sum: 31.3]
      [Update RS (ms): Min: 0.0, Avg: 0.2, Max: 0.5, Diff: 0.5, Sum: 9.2]
         [Processed Buffers: Min: 0, Avg: 1.4, Max: 6, Diff: 6, Sum: 60]
      [Scan RS (ms): Min: 0.0, Avg: 0.0, Max: 0.0, Diff: 0.0, Sum: 0.5]
      [Code Root Scanning (ms): Min: 0.0, Avg: 0.0, Max: 0.0, Diff: 0.0, Sum: 0.0]
      [Object Copy (ms): Min: 1.3, Avg: 1.6, Max: 1.8, Diff: 0.5, Sum: 70.3]
      [Termination (ms): Min: 0.0, Avg: 0.2, Max: 0.4, Diff: 0.4, Sum: 8.4]
         [Termination Attempts: Min: 2, Avg: 4.6, Max: 7, Diff: 5, Sum: 198]
      [GC Worker Other (ms): Min: 0.0, Avg: 0.1, Max: 0.3, Diff: 0.3, Sum: 5.0]
      [GC Worker Total (ms): Min: 1.8, Avg: 2.9, Max: 4.4, Diff: 2.6, Sum: 124.7]
      [GC Worker End (ms): Min: 1872532685.2, Avg: 1872532685.3, Max: 1872532685.5, Diff: 0.3]
   [Code Root Fixup: 0.0 ms]
   [Code Root Purge: 0.0 ms]
   [Clear CT: 4.8 ms]
   [Other: 9.5 ms]
      [Choose CSet: 0.0 ms]
      [Ref Proc: 3.7 ms]
      [Ref Enq: 0.0 ms]
      [Redirty Cards: 4.9 ms]
      [Humongous Register: 0.3 ms]
      [Humongous Reclaim: 0.0 ms]
      [Free CSet: 0.2 ms]
   [Eden: 51200.0K(51200.0K)->0.0B(51200.0K) Survivors: 1024.0K->1024.0K Heap: 246.3M(1024.0M)->196.3M(1024.0M)]
 [Times: user=0.07 sys=0.11, real=0.02 secs] 
2023-07-05T09:19:57.591+0000: 1876017.217: [GC pause (G1 Evacuation Pause) (young), 0.0253912 secs]
   [Parallel Time: 7.3 ms, GC Workers: 43]
      [GC Worker Start (ms): Min: 1876017218.8, Avg: 1876017221.0, Max: 1876017222.9, Diff: 4.1]
      [Ext Root Scanning (ms): Min: 0.0, Avg: 0.5, Max: 2.8, Diff: 2.8, Sum: 21.2]
      [Update RS (ms): Min: 0.0, Avg: 0.1, Max: 0.6, Diff: 0.6, Sum: 5.7]
         [Processed Buffers: Min: 0, Avg: 1.5, Max: 8, Diff: 8, Sum: 65]
      [Scan RS (ms): Min: 0.0, Avg: 0.0, Max: 0.0, Diff: 0.0, Sum: 0.4]
      [Code Root Scanning (ms): Min: 0.0, Avg: 0.0, Max: 0.0, Diff: 0.0, Sum: 0.0]
      [Object Copy (ms): Min: 0.5, Avg: 2.0, Max: 2.7, Diff: 2.1, Sum: 88.0]
      [Termination (ms): Min: 0.1, Avg: 0.3, Max: 0.6, Diff: 0.5, Sum: 13.8]
         [Termination Attempts: Min: 4, Avg: 9.5, Max: 15, Diff: 11, Sum: 408]
      [GC Worker Other (ms): Min: 0.0, Avg: 0.1, Max: 0.3, Diff: 0.3, Sum: 4.5]
      [GC Worker Total (ms): Min: 1.3, Avg: 3.1, Max: 5.3, Diff: 4.1, Sum: 133.7]
      [GC Worker End (ms): Min: 1876017224.0, Avg: 1876017224.1, Max: 1876017224.3, Diff: 0.3]
   [Code Root Fixup: 0.0 ms]
   [Code Root Purge: 0.0 ms]
   [Clear CT: 6.0 ms]
   [Other: 12.1 ms]
      [Choose CSet: 0.0 ms]
      [Ref Proc: 4.6 ms]
      [Ref Enq: 0.0 ms]
      [Redirty Cards: 4.9 ms]
      [Humongous Register: 1.9 ms]
      [Humongous Reclaim: 0.0 ms]
      [Free CSet: 0.1 ms]
   [Eden: 51200.0K(51200.0K)->0.0B(51200.0K) Survivors: 1024.0K->1024.0K Heap: 246.3M(1024.0M)->196.3M(1024.0M)]
 [Times: user=0.19 sys=0.00, real=0.02 secs] 
2023-07-05T10:17:52.591+0000: 1879492.217: [GC pause (G1 Evacuation Pause) (young), 0.0228010 secs]
   [Parallel Time: 7.7 ms, GC Workers: 43]
      [GC Worker Start (ms): Min: 1879492217.2, Avg: 1879492218.6, Max: 1879492219.8, Diff: 2.6]
      [Ext Root Scanning (ms): Min: 0.0, Avg: 1.0, Max: 6.8, Diff: 6.8, Sum: 42.3]
      [Update RS (ms): Min: 0.0, Avg: 0.3, Max: 0.6, Diff: 0.6, Sum: 11.5]
         [Processed Buffers: Min: 0, Avg: 1.3, Max: 5, Diff: 5, Sum: 58]
      [Scan RS (ms): Min: 0.0, Avg: 0.0, Max: 0.0, Diff: 0.0, Sum: 0.6]
      [Code Root Scanning (ms): Min: 0.0, Avg: 0.0, Max: 0.0, Diff: 0.0, Sum: 0.0]
      [Object Copy (ms): Min: 0.0, Avg: 1.9, Max: 2.2, Diff: 2.2, Sum: 83.4]
      [Termination (ms): Min: 0.0, Avg: 2.3, Max: 2.5, Diff: 2.5, Sum: 97.6]
         [Termination Attempts: Min: 1, Avg: 5.2, Max: 10, Diff: 9, Sum: 223]
      [GC Worker Other (ms): Min: 0.0, Avg: 0.0, Max: 0.1, Diff: 0.1, Sum: 1.3]
      [GC Worker Total (ms): Min: 4.2, Avg: 5.5, Max: 6.8, Diff: 2.6, Sum: 236.8]
      [GC Worker End (ms): Min: 1879492224.0, Avg: 1879492224.1, Max: 1879492224.3, Diff: 0.2]
   [Code Root Fixup: 0.0 ms]
   [Code Root Purge: 0.0 ms]
   [Clear CT: 5.2 ms]
   [Other: 9.9 ms]
      [Choose CSet: 0.0 ms]
      [Ref Proc: 4.3 ms]
      [Ref Enq: 0.0 ms]
      [Redirty Cards: 4.7 ms]
      [Humongous Register: 0.3 ms]
      [Humongous Reclaim: 0.0 ms]
      [Free CSet: 0.2 ms]
   [Eden: 51200.0K(51200.0K)->0.0B(51200.0K) Survivors: 1024.0K->1024.0K Heap: 246.3M(1024.0M)->196.3M(1024.0M)]
 [Times: user=0.28 sys=0.00, real=0.02 secs] 
2023-07-05T11:15:42.591+0000: 1882962.217: [GC pause (G1 Evacuation Pause) (young), 0.0222369 secs]
   [Parallel Time: 4.9 ms, GC Workers: 43]
      [GC Worker Start (ms): Min: 1882962218.8, Avg: 1882962220.5, Max: 1882962222.4, Diff: 3.7]
      [Ext Root Scanning (ms): Min: 0.0, Avg: 0.3, Max: 2.3, Diff: 2.3, Sum: 13.5]
      [Update RS (ms): Min: 0.0, Avg: 0.1, Max: 0.5, Diff: 0.5, Sum: 3.4]
         [Processed Buffers: Min: 0, Avg: 1.6, Max: 9, Diff: 9, Sum: 67]
      [Scan RS (ms): Min: 0.0, Avg: 0.0, Max: 0.0, Diff: 0.0, Sum: 0.4]
      [Code Root Scanning (ms): Min: 0.0, Avg: 0.0, Max: 0.0, Diff: 0.0, Sum: 0.0]
      [Object Copy (ms): Min: 0.0, Avg: 0.7, Max: 1.3, Diff: 1.3, Sum: 29.0]
      [Termination (ms): Min: 0.0, Avg: 1.0, Max: 1.4, Diff: 1.4, Sum: 41.5]
         [Termination Attempts: Min: 1, Avg: 4.1, Max: 10, Diff: 9, Sum: 178]
      [GC Worker Other (ms): Min: 0.0, Avg: 0.0, Max: 0.1, Diff: 0.1, Sum: 1.8]
      [GC Worker Total (ms): Min: 0.1, Avg: 2.1, Max: 4.0, Diff: 3.9, Sum: 89.6]
      [GC Worker End (ms): Min: 1882962222.5, Avg: 1882962222.6, Max: 1882962222.7, Diff: 0.2]
   [Code Root Fixup: 0.0 ms]
   [Code Root Purge: 0.0 ms]
   [Clear CT: 5.1 ms]
   [Other: 12.3 ms]
      [Choose CSet: 0.0 ms]
      [Ref Proc: 4.6 ms]
      [Ref Enq: 0.0 ms]
      [Redirty Cards: 5.1 ms]
      [Humongous Register: 1.8 ms]
      [Humongous Reclaim: 0.0 ms]
      [Free CSet: 0.1 ms]
   [Eden: 51200.0K(51200.0K)->0.0B(51200.0K) Survivors: 1024.0K->1024.0K Heap: 246.3M(1024.0M)->196.3M(1024.0M)]
 [Times: user=0.15 sys=0.00, real=0.02 secs] 
2023-07-05T12:13:40.741+0000: 1886440.367: [GC pause (G1 Evacuation Pause) (young), 0.0240182 secs]
   [Parallel Time: 8.6 ms, GC Workers: 43]
      [GC Worker Start (ms): Min: 1886440367.3, Avg: 1886440368.8, Max: 1886440370.0, Diff: 2.7]
      [Ext Root Scanning (ms): Min: 0.0, Avg: 0.7, Max: 7.1, Diff: 7.1, Sum: 29.8]
      [Update RS (ms): Min: 0.0, Avg: 0.1, Max: 0.5, Diff: 0.5, Sum: 5.1]
         [Processed Buffers: Min: 0, Avg: 1.3, Max: 5, Diff: 5, Sum: 57]
      [Scan RS (ms): Min: 0.0, Avg: 0.0, Max: 0.0, Diff: 0.0, Sum: 0.5]
      [Code Root Scanning (ms): Min: 0.0, Avg: 0.0, Max: 0.0, Diff: 0.0, Sum: 0.0]
      [Object Copy (ms): Min: 0.0, Avg: 2.6, Max: 3.1, Diff: 3.0, Sum: 113.5]
      [Termination (ms): Min: 0.0, Avg: 2.4, Max: 3.4, Diff: 3.4, Sum: 101.1]
         [Termination Attempts: Min: 1, Avg: 9.6, Max: 13, Diff: 12, Sum: 411]
      [GC Worker Other (ms): Min: 0.0, Avg: 0.0, Max: 0.1, Diff: 0.1, Sum: 1.0]
      [GC Worker Total (ms): Min: 4.6, Avg: 5.8, Max: 7.2, Diff: 2.5, Sum: 251.1]
      [GC Worker End (ms): Min: 1886440374.5, Avg: 1886440374.6, Max: 1886440374.7, Diff: 0.2]
   [Code Root Fixup: 0.0 ms]
   [Code Root Purge: 0.0 ms]
   [Clear CT: 4.7 ms]
   [Other: 10.7 ms]
      [Choose CSet: 0.0 ms]
      [Ref Proc: 5.3 ms]
      [Ref Enq: 0.0 ms]
      [Redirty Cards: 4.9 ms]
      [Humongous Register: 0.1 ms]
      [Humongous Reclaim: 0.0 ms]
      [Free CSet: 0.1 ms]
   [Eden: 51200.0K(51200.0K)->0.0B(51200.0K) Survivors: 1024.0K->1024.0K Heap: 246.3M(1024.0M)->196.3M(1024.0M)]
 [Times: user=0.31 sys=0.00, real=0.02 secs] 
2023-07-05T13:11:31.544+0000: 1889911.170: [GC pause (G1 Evacuation Pause) (young), 0.0250409 secs]
   [Parallel Time: 7.1 ms, GC Workers: 43]
      [GC Worker Start (ms): Min: 1889911172.7, Avg: 1889911174.7, Max: 1889911177.8, Diff: 5.1]
      [Ext Root Scanning (ms): Min: 0.0, Avg: 0.6, Max: 3.4, Diff: 3.4, Sum: 26.1]
      [Update RS (ms): Min: 0.0, Avg: 0.2, Max: 0.6, Diff: 0.6, Sum: 7.1]
         [Processed Buffers: Min: 0, Avg: 1.5, Max: 7, Diff: 7, Sum: 64]
      [Scan RS (ms): Min: 0.0, Avg: 0.0, Max: 0.0, Diff: 0.0, Sum: 0.5]
      [Code Root Scanning (ms): Min: 0.0, Avg: 0.0, Max: 0.0, Diff: 0.0, Sum: 0.0]
      [Object Copy (ms): Min: 0.0, Avg: 1.3, Max: 1.7, Diff: 1.7, Sum: 55.0]
      [Termination (ms): Min: 0.0, Avg: 1.1, Max: 1.3, Diff: 1.3, Sum: 46.4]
         [Termination Attempts: Min: 1, Avg: 3.9, Max: 7, Diff: 6, Sum: 168]
      [GC Worker Other (ms): Min: 0.0, Avg: 0.0, Max: 0.1, Diff: 0.1, Sum: 2.0]
      [GC Worker Total (ms): Min: 0.1, Avg: 3.2, Max: 5.2, Diff: 5.1, Sum: 137.1]
      [GC Worker End (ms): Min: 1889911177.9, Avg: 1889911177.9, Max: 1889911178.1, Diff: 0.2]
   [Code Root Fixup: 0.0 ms]
   [Code Root Purge: 0.0 ms]
   [Clear CT: 4.9 ms]
   [Other: 13.1 ms]
      [Choose CSet: 0.0 ms]
      [Ref Proc: 5.0 ms]
      [Ref Enq: 0.0 ms]
      [Redirty Cards: 5.0 ms]
      [Humongous Register: 2.1 ms]
      [Humongous Reclaim: 0.0 ms]
      [Free CSet: 0.2 ms]
   [Eden: 51200.0K(51200.0K)->0.0B(51200.0K) Survivors: 1024.0K->1024.0K Heap: 246.3M(1024.0M)->196.3M(1024.0M)]
 [Times: user=0.23 sys=0.00, real=0.03 secs] 
2023-07-05T14:09:17.591+0000: 1893377.217: [GC pause (G1 Evacuation Pause) (young), 0.0223881 secs]
   [Parallel Time: 6.6 ms, GC Workers: 43]
      [GC Worker Start (ms): Min: 1893377216.9, Avg: 1893377218.4, Max: 1893377221.8, Diff: 4.9]
      [Ext Root Scanning (ms): Min: 0.0, Avg: 0.5, Max: 1.9, Diff: 1.9, Sum: 22.7]
      [Update RS (ms): Min: 0.0, Avg: 0.1, Max: 0.5, Diff: 0.5, Sum: 5.9]
         [Processed Buffers: Min: 0, Avg: 1.4, Max: 6, Diff: 6, Sum: 62]
      [Scan RS (ms): Min: 0.0, Avg: 0.0, Max: 0.0, Diff: 0.0, Sum: 0.5]
      [Code Root Scanning (ms): Min: 0.0, Avg: 0.0, Max: 0.0, Diff: 0.0, Sum: 0.0]
      [Object Copy (ms): Min: 0.0, Avg: 1.7, Max: 2.0, Diff: 2.0, Sum: 72.8]
      [Termination (ms): Min: 0.0, Avg: 1.1, Max: 1.3, Diff: 1.3, Sum: 45.7]
         [Termination Attempts: Min: 1, Avg: 5.3, Max: 8, Diff: 7, Sum: 227]
      [GC Worker Other (ms): Min: 0.0, Avg: 0.0, Max: 0.2, Diff: 0.1, Sum: 1.9]
      [GC Worker Total (ms): Min: 0.0, Avg: 3.5, Max: 5.0, Diff: 4.9, Sum: 149.3]
      [GC Worker End (ms): Min: 1893377221.8, Avg: 1893377221.8, Max: 1893377222.0, Diff: 0.2]
   [Code Root Fixup: 0.0 ms]
   [Code Root Purge: 0.0 ms]
   [Clear CT: 5.8 ms]
   [Other: 10.0 ms]
      [Choose CSet: 0.0 ms]
      [Ref Proc: 4.3 ms]
      [Ref Enq: 0.0 ms]
      [Redirty Cards: 5.1 ms]
      [Humongous Register: 0.1 ms]
      [Humongous Reclaim: 0.0 ms]
      [Free CSet: 0.1 ms]
   [Eden: 51200.0K(51200.0K)->0.0B(51200.0K) Survivors: 1024.0K->1024.0K Heap: 246.3M(1024.0M)->196.3M(1024.0M)]
 [Times: user=0.16 sys=0.04, real=0.02 secs] 
2023-07-05T15:07:07.591+0000: 1896847.216: [GC pause (G1 Evacuation Pause) (young), 0.0243152 secs]
   [Parallel Time: 8.1 ms, GC Workers: 43]
      [GC Worker Start (ms): Min: 1896847216.6, Avg: 1896847218.1, Max: 1896847222.0, Diff: 5.4]
      [Ext Root Scanning (ms): Min: 0.0, Avg: 0.5, Max: 1.7, Diff: 1.7, Sum: 22.2]
      [Update RS (ms): Min: 0.0, Avg: 0.1, Max: 0.5, Diff: 0.5, Sum: 4.5]
         [Processed Buffers: Min: 0, Avg: 1.4, Max: 5, Diff: 5, Sum: 61]
      [Scan RS (ms): Min: 0.0, Avg: 0.0, Max: 0.1, Diff: 0.1, Sum: 0.8]
      [Code Root Scanning (ms): Min: 0.0, Avg: 0.0, Max: 0.0, Diff: 0.0, Sum: 0.0]
      [Object Copy (ms): Min: 0.0, Avg: 2.2, Max: 2.5, Diff: 2.5, Sum: 94.0]
      [Termination (ms): Min: 0.0, Avg: 1.1, Max: 1.4, Diff: 1.4, Sum: 48.7]
         [Termination Attempts: Min: 1, Avg: 7.9, Max: 12, Diff: 11, Sum: 339]
      [GC Worker Other (ms): Min: 0.0, Avg: 0.0, Max: 0.1, Diff: 0.1, Sum: 1.3]
      [GC Worker Total (ms): Min: 0.0, Avg: 4.0, Max: 5.6, Diff: 5.5, Sum: 171.6]
      [GC Worker End (ms): Min: 1896847222.0, Avg: 1896847222.1, Max: 1896847222.2, Diff: 0.2]
   [Code Root Fixup: 0.0 ms]
   [Code Root Purge: 0.0 ms]
   [Clear CT: 5.2 ms]
   [Other: 11.0 ms]
      [Choose CSet: 0.0 ms]
      [Ref Proc: 5.4 ms]
      [Ref Enq: 0.0 ms]
      [Redirty Cards: 5.1 ms]
      [Humongous Register: 0.1 ms]
      [Humongous Reclaim: 0.0 ms]
      [Free CSet: 0.1 ms]
   [Eden: 51200.0K(51200.0K)->0.0B(51200.0K) Survivors: 1024.0K->1024.0K Heap: 246.3M(1024.0M)->196.3M(1024.0M)]
 [Times: user=0.27 sys=0.00, real=0.02 secs] 
2023-07-05T16:04:57.591+0000: 1900317.217: [GC pause (G1 Evacuation Pause) (young), 0.0293498 secs]
   [Parallel Time: 11.5 ms, GC Workers: 43]
      [GC Worker Start (ms): Min: 1900317219.5, Avg: 1900317221.6, Max: 1900317225.0, Diff: 5.5]
      [Ext Root Scanning (ms): Min: 0.0, Avg: 0.7, Max: 8.0, Diff: 8.0, Sum: 30.7]
      [Update RS (ms): Min: 0.0, Avg: 0.2, Max: 0.6, Diff: 0.6, Sum: 9.3]
         [Processed Buffers: Min: 0, Avg: 1.5, Max: 8, Diff: 8, Sum: 65]
      [Scan RS (ms): Min: 0.0, Avg: 0.0, Max: 0.0, Diff: 0.0, Sum: 0.4]
      [Code Root Scanning (ms): Min: 0.0, Avg: 0.0, Max: 0.0, Diff: 0.0, Sum: 0.0]
      [Object Copy (ms): Min: 0.0, Avg: 1.5, Max: 4.4, Diff: 4.4, Sum: 66.4]
      [Termination (ms): Min: 0.0, Avg: 3.6, Max: 3.9, Diff: 3.9, Sum: 153.6]
         [Termination Attempts: Min: 1, Avg: 6.0, Max: 10, Diff: 9, Sum: 257]
      [GC Worker Other (ms): Min: 0.0, Avg: 0.0, Max: 0.1, Diff: 0.0, Sum: 1.7]
      [GC Worker Total (ms): Min: 2.7, Avg: 6.1, Max: 8.1, Diff: 5.4, Sum: 262.2]
      [GC Worker End (ms): Min: 1900317227.6, Avg: 1900317227.7, Max: 1900317227.8, Diff: 0.2]
   [Code Root Fixup: 0.0 ms]
   [Code Root Purge: 0.0 ms]
   [Clear CT: 5.1 ms]
   [Other: 12.7 ms]
      [Choose CSet: 0.0 ms]
      [Ref Proc: 4.6 ms]
      [Ref Enq: 0.0 ms]
      [Redirty Cards: 5.2 ms]
      [Humongous Register: 2.1 ms]
      [Humongous Reclaim: 0.0 ms]
      [Free CSet: 0.2 ms]
   [Eden: 51200.0K(51200.0K)->0.0B(51200.0K) Survivors: 1024.0K->1024.0K Heap: 246.3M(1024.0M)->196.3M(1024.0M)]
 [Times: user=0.32 sys=0.00, real=0.02 secs] 
2023-07-05T17:02:47.591+0000: 1903787.216: [GC pause (G1 Evacuation Pause) (young), 0.0216699 secs]
   [Parallel Time: 5.6 ms, GC Workers: 43]
      [GC Worker Start (ms): Min: 1903787216.6, Avg: 1903787217.9, Max: 1903787219.2, Diff: 2.6]
      [Ext Root Scanning (ms): Min: 0.0, Avg: 0.6, Max: 1.7, Diff: 1.7, Sum: 24.1]
      [Update RS (ms): Min: 0.0, Avg: 0.1, Max: 0.4, Diff: 0.4, Sum: 5.9]
         [Processed Buffers: Min: 0, Avg: 1.4, Max: 7, Diff: 7, Sum: 59]
      [Scan RS (ms): Min: 0.0, Avg: 0.0, Max: 0.1, Diff: 0.1, Sum: 0.7]
      [Code Root Scanning (ms): Min: 0.0, Avg: 0.0, Max: 0.0, Diff: 0.0, Sum: 0.0]
      [Object Copy (ms): Min: 1.1, Avg: 1.6, Max: 1.8, Diff: 0.7, Sum: 67.6]
      [Termination (ms): Min: 0.1, Avg: 0.2, Max: 0.4, Diff: 0.3, Sum: 10.1]
         [Termination Attempts: Min: 2, Avg: 4.5, Max: 8, Diff: 6, Sum: 194]
      [GC Worker Other (ms): Min: 0.0, Avg: 0.1, Max: 0.3, Diff: 0.3, Sum: 4.5]
      [GC Worker Total (ms): Min: 1.3, Avg: 2.6, Max: 4.0, Diff: 2.7, Sum: 112.9]
      [GC Worker End (ms): Min: 1903787220.5, Avg: 1903787220.6, Max: 1903787220.7, Diff: 0.3]
   [Code Root Fixup: 0.0 ms]
   [Code Root Purge: 0.0 ms]
   [Clear CT: 5.3 ms]
   [Other: 10.7 ms]
      [Choose CSet: 0.0 ms]
      [Ref Proc: 4.8 ms]
      [Ref Enq: 0.0 ms]
      [Redirty Cards: 5.2 ms]
      [Humongous Register: 0.1 ms]
      [Humongous Reclaim: 0.0 ms]
      [Free CSet: 0.1 ms]
   [Eden: 51200.0K(51200.0K)->0.0B(51200.0K) Survivors: 1024.0K->1024.0K Heap: 246.3M(1024.0M)->196.3M(1024.0M)]
 [Times: user=0.15 sys=0.02, real=0.02 secs] 
2023-07-05T18:00:35.137+0000: 1907254.762: [GC pause (G1 Evacuation Pause) (young), 0.0228776 secs]
   [Parallel Time: 7.6 ms, GC Workers: 43]
      [GC Worker Start (ms): Min: 1907254762.6, Avg: 1907254764.0, Max: 1907254765.3, Diff: 2.7]
      [Ext Root Scanning (ms): Min: 0.0, Avg: 0.5, Max: 1.9, Diff: 1.9, Sum: 23.4]
      [Update RS (ms): Min: 0.0, Avg: 0.1, Max: 0.7, Diff: 0.7, Sum: 5.2]
         [Processed Buffers: Min: 0, Avg: 1.4, Max: 5, Diff: 5, Sum: 61]
      [Scan RS (ms): Min: 0.0, Avg: 0.0, Max: 0.0, Diff: 0.0, Sum: 0.5]
      [Code Root Scanning (ms): Min: 0.0, Avg: 0.0, Max: 0.0, Diff: 0.0, Sum: 0.0]
      [Object Copy (ms): Min: 2.4, Avg: 3.0, Max: 3.6, Diff: 1.2, Sum: 129.8]
      [Termination (ms): Min: 0.2, Avg: 0.6, Max: 1.1, Diff: 0.9, Sum: 27.6]
         [Termination Attempts: Min: 9, Avg: 13.1, Max: 18, Diff: 9, Sum: 563]
      [GC Worker Other (ms): Min: 0.0, Avg: 0.1, Max: 0.3, Diff: 0.3, Sum: 4.7]
      [GC Worker Total (ms): Min: 3.1, Avg: 4.4, Max: 6.0, Diff: 2.8, Sum: 191.1]
      [GC Worker End (ms): Min: 1907254768.4, Avg: 1907254768.5, Max: 1907254768.7, Diff: 0.3]
   [Code Root Fixup: 0.0 ms]
   [Code Root Purge: 0.0 ms]
   [Clear CT: 4.8 ms]
   [Other: 10.4 ms]
      [Choose CSet: 0.0 ms]
      [Ref Proc: 4.8 ms]
      [Ref Enq: 0.0 ms]
      [Redirty Cards: 4.9 ms]
      [Humongous Register: 0.2 ms]
      [Humongous Reclaim: 0.0 ms]
      [Free CSet: 0.1 ms]
   [Eden: 51200.0K(51200.0K)->0.0B(51200.0K) Survivors: 1024.0K->1024.0K Heap: 246.3M(1024.0M)->196.3M(1024.0M)]
 [Times: user=0.25 sys=0.00, real=0.02 secs] 
2023-07-05T18:58:17.733+0000: 1910717.358: [GC pause (G1 Evacuation Pause) (young), 0.0277649 secs]
   [Parallel Time: 11.5 ms, GC Workers: 43]
      [GC Worker Start (ms): Min: 1910717359.0, Avg: 1910717360.4, Max: 1910717361.6, Diff: 2.6]
      [Ext Root Scanning (ms): Min: 0.0, Avg: 1.3, Max: 10.1, Diff: 10.1, Sum: 55.2]
      [Update RS (ms): Min: 0.0, Avg: 0.2, Max: 0.6, Diff: 0.6, Sum: 8.9]
         [Processed Buffers: Min: 0, Avg: 1.3, Max: 3, Diff: 3, Sum: 57]
      [Scan RS (ms): Min: 0.0, Avg: 0.0, Max: 0.1, Diff: 0.1, Sum: 0.6]
      [Code Root Scanning (ms): Min: 0.0, Avg: 0.0, Max: 0.0, Diff: 0.0, Sum: 0.0]
      [Object Copy (ms): Min: 0.0, Avg: 1.8, Max: 2.0, Diff: 2.0, Sum: 78.6]
      [Termination (ms): Min: 0.0, Avg: 5.5, Max: 5.8, Diff: 5.8, Sum: 234.7]
         [Termination Attempts: Min: 1, Avg: 5.2, Max: 8, Diff: 7, Sum: 223]
      [GC Worker Other (ms): Min: 0.0, Avg: 0.0, Max: 0.1, Diff: 0.1, Sum: 1.3]
      [GC Worker Total (ms): Min: 7.6, Avg: 8.8, Max: 10.2, Diff: 2.6, Sum: 379.3]
      [GC Worker End (ms): Min: 1910717369.1, Avg: 1910717369.2, Max: 1910717369.3, Diff: 0.2]
   [Code Root Fixup: 0.0 ms]
   [Code Root Purge: 0.0 ms]
   [Clear CT: 5.4 ms]
   [Other: 10.9 ms]
      [Choose CSet: 0.0 ms]
      [Ref Proc: 4.6 ms]
      [Ref Enq: 0.0 ms]
      [Redirty Cards: 5.3 ms]
      [Humongous Register: 0.3 ms]
      [Humongous Reclaim: 0.0 ms]
      [Free CSet: 0.2 ms]
   [Eden: 51200.0K(51200.0K)->0.0B(51200.0K) Survivors: 1024.0K->1024.0K Heap: 246.3M(1024.0M)->196.3M(1024.0M)]
 [Times: user=0.43 sys=0.00, real=0.02 secs] 
2023-07-05T19:55:51.233+0000: 1914170.858: [GC pause (G1 Evacuation Pause) (young), 0.0225925 secs]
   [Parallel Time: 5.7 ms, GC Workers: 43]
      [GC Worker Start (ms): Min: 1914170860.6, Avg: 1914170862.6, Max: 1914170864.4, Diff: 3.7]
      [Ext Root Scanning (ms): Min: 0.0, Avg: 0.5, Max: 2.7, Diff: 2.7, Sum: 22.0]
      [Update RS (ms): Min: 0.0, Avg: 0.1, Max: 0.5, Diff: 0.5, Sum: 4.3]
         [Processed Buffers: Min: 0, Avg: 1.7, Max: 11, Diff: 11, Sum: 74]
      [Scan RS (ms): Min: 0.0, Avg: 0.0, Max: 0.0, Diff: 0.0, Sum: 0.4]
      [Code Root Scanning (ms): Min: 0.0, Avg: 0.0, Max: 0.0, Diff: 0.0, Sum: 0.0]
      [Object Copy (ms): Min: 0.2, Avg: 1.2, Max: 1.7, Diff: 1.5, Sum: 50.5]
      [Termination (ms): Min: 0.0, Avg: 0.2, Max: 0.5, Diff: 0.5, Sum: 10.3]
         [Termination Attempts: Min: 1, Avg: 3.8, Max: 7, Diff: 6, Sum: 163]
      [GC Worker Other (ms): Min: 0.0, Avg: 0.1, Max: 0.3, Diff: 0.3, Sum: 4.7]
      [GC Worker Total (ms): Min: 0.3, Avg: 2.1, Max: 4.2, Diff: 3.9, Sum: 92.2]
      [GC Worker End (ms): Min: 1914170864.7, Avg: 1914170864.8, Max: 1914170865.0, Diff: 0.3]
   [Code Root Fixup: 0.0 ms]
   [Code Root Purge: 0.0 ms]
   [Clear CT: 4.9 ms]
   [Other: 12.0 ms]
      [Choose CSet: 0.0 ms]
      [Ref Proc: 4.6 ms]
      [Ref Enq: 0.0 ms]
      [Redirty Cards: 4.9 ms]
      [Humongous Register: 1.8 ms]
      [Humongous Reclaim: 0.0 ms]
      [Free CSet: 0.1 ms]
   [Eden: 51200.0K(51200.0K)->0.0B(51200.0K) Survivors: 1024.0K->1024.0K Heap: 246.3M(1024.0M)->196.3M(1024.0M)]
 [Times: user=0.14 sys=0.00, real=0.02 secs] 
2023-07-05T20:53:32.591+0000: 1917632.216: [GC pause (G1 Evacuation Pause) (young), 0.0192944 secs]
   [Parallel Time: 5.2 ms, GC Workers: 43]
      [GC Worker Start (ms): Min: 1917632216.6, Avg: 1917632218.0, Max: 1917632219.1, Diff: 2.5]
      [Ext Root Scanning (ms): Min: 0.0, Avg: 0.5, Max: 1.7, Diff: 1.7, Sum: 22.5]
      [Update RS (ms): Min: 0.0, Avg: 0.1, Max: 0.5, Diff: 0.5, Sum: 5.5]
         [Processed Buffers: Min: 0, Avg: 1.3, Max: 5, Diff: 5, Sum: 58]
      [Scan RS (ms): Min: 0.0, Avg: 0.0, Max: 0.1, Diff: 0.1, Sum: 0.8]
      [Code Root Scanning (ms): Min: 0.0, Avg: 0.0, Max: 0.0, Diff: 0.0, Sum: 0.0]
      [Object Copy (ms): Min: 1.0, Avg: 1.6, Max: 1.8, Diff: 0.8, Sum: 67.3]
      [Termination (ms): Min: 0.1, Avg: 0.2, Max: 0.3, Diff: 0.3, Sum: 7.2]
         [Termination Attempts: Min: 1, Avg: 4.6, Max: 8, Diff: 7, Sum: 197]
      [GC Worker Other (ms): Min: 0.0, Avg: 0.1, Max: 0.3, Diff: 0.3, Sum: 4.9]
      [GC Worker Total (ms): Min: 1.3, Avg: 2.5, Max: 4.0, Diff: 2.7, Sum: 108.1]
      [GC Worker End (ms): Min: 1917632220.4, Avg: 1917632220.5, Max: 1917632220.7, Diff: 0.3]
   [Code Root Fixup: 0.0 ms]
   [Code Root Purge: 0.0 ms]
   [Clear CT: 4.9 ms]
   [Other: 9.1 ms]
      [Choose CSet: 0.0 ms]
      [Ref Proc: 3.4 ms]
      [Ref Enq: 0.0 ms]
      [Redirty Cards: 5.2 ms]
      [Humongous Register: 0.1 ms]
      [Humongous Reclaim: 0.0 ms]
      [Free CSet: 0.1 ms]
   [Eden: 51200.0K(51200.0K)->0.0B(51200.0K) Survivors: 1024.0K->1024.0K Heap: 246.3M(1024.0M)->196.3M(1024.0M)]
 [Times: user=0.15 sys=0.01, real=0.02 secs] 
2023-07-05T21:51:25.634+0000: 1921105.260: [GC pause (G1 Evacuation Pause) (young), 0.0289377 secs]
   [Parallel Time: 12.6 ms, GC Workers: 43]
      [GC Worker Start (ms): Min: 1921105259.9, Avg: 1921105261.3, Max: 1921105262.6, Diff: 2.7]
      [Ext Root Scanning (ms): Min: 0.0, Avg: 0.8, Max: 11.0, Diff: 11.0, Sum: 36.0]
      [Update RS (ms): Min: 0.0, Avg: 0.2, Max: 0.6, Diff: 0.6, Sum: 7.1]
         [Processed Buffers: Min: 0, Avg: 1.5, Max: 6, Diff: 6, Sum: 64]
      [Scan RS (ms): Min: 0.0, Avg: 0.0, Max: 0.1, Diff: 0.1, Sum: 0.7]
      [Code Root Scanning (ms): Min: 0.0, Avg: 0.0, Max: 0.0, Diff: 0.0, Sum: 0.0]
      [Object Copy (ms): Min: 0.0, Avg: 2.4, Max: 2.7, Diff: 2.7, Sum: 102.5]
      [Termination (ms): Min: 0.0, Avg: 6.3, Max: 6.7, Diff: 6.7, Sum: 270.4]
         [Termination Attempts: Min: 1, Avg: 9.0, Max: 13, Diff: 12, Sum: 389]
      [GC Worker Other (ms): Min: 0.0, Avg: 0.0, Max: 0.2, Diff: 0.2, Sum: 1.6]
      [GC Worker Total (ms): Min: 8.5, Avg: 9.7, Max: 11.0, Diff: 2.5, Sum: 418.2]
      [GC Worker End (ms): Min: 1921105270.9, Avg: 1921105271.0, Max: 1921105271.1, Diff: 0.2]
   [Code Root Fixup: 0.0 ms]
   [Code Root Purge: 0.0 ms]
   [Clear CT: 5.6 ms]
   [Other: 10.8 ms]
      [Choose CSet: 0.0 ms]
      [Ref Proc: 4.6 ms]
      [Ref Enq: 0.0 ms]
      [Redirty Cards: 5.5 ms]
      [Humongous Register: 0.1 ms]
      [Humongous Reclaim: 0.0 ms]
      [Free CSet: 0.1 ms]
   [Eden: 51200.0K(51200.0K)->0.0B(51200.0K) Survivors: 1024.0K->1024.0K Heap: 246.3M(1024.0M)->196.3M(1024.0M)]
 [Times: user=0.47 sys=0.00, real=0.03 secs] 
2023-07-05T22:49:02.591+0000: 1924562.216: [GC pause (G1 Evacuation Pause) (young), 0.0230521 secs]
   [Parallel Time: 6.2 ms, GC Workers: 43]
      [GC Worker Start (ms): Min: 1924562217.0, Avg: 1924562218.5, Max: 1924562219.7, Diff: 2.6]
      [Ext Root Scanning (ms): Min: 0.0, Avg: 1.2, Max: 2.6, Diff: 2.6, Sum: 51.3]
      [Update RS (ms): Min: 0.1, Avg: 0.4, Max: 1.0, Diff: 0.8, Sum: 18.7]
         [Processed Buffers: Min: 0, Avg: 1.5, Max: 7, Diff: 7, Sum: 64]
      [Scan RS (ms): Min: 0.0, Avg: 0.0, Max: 0.0, Diff: 0.0, Sum: 0.5]
      [Code Root Scanning (ms): Min: 0.0, Avg: 0.0, Max: 0.0, Diff: 0.0, Sum: 0.0]
      [Object Copy (ms): Min: 1.1, Avg: 1.6, Max: 1.9, Diff: 0.8, Sum: 70.6]
      [Termination (ms): Min: 0.1, Avg: 0.2, Max: 0.4, Diff: 0.4, Sum: 8.9]
         [Termination Attempts: Min: 2, Avg: 5.3, Max: 11, Diff: 9, Sum: 226]
      [GC Worker Other (ms): Min: 0.0, Avg: 0.1, Max: 0.3, Diff: 0.3, Sum: 4.4]
      [GC Worker Total (ms): Min: 2.4, Avg: 3.6, Max: 5.2, Diff: 2.9, Sum: 154.4]
      [GC Worker End (ms): Min: 1924562222.0, Avg: 1924562222.1, Max: 1924562222.3, Diff: 0.3]
   [Code Root Fixup: 0.0 ms]
   [Code Root Purge: 0.0 ms]
   [Clear CT: 5.6 ms]
   [Other: 11.2 ms]
      [Choose CSet: 0.0 ms]
      [Ref Proc: 4.6 ms]
      [Ref Enq: 0.0 ms]
      [Redirty Cards: 5.4 ms]
      [Humongous Register: 0.3 ms]
      [Humongous Reclaim: 0.0 ms]
      [Free CSet: 0.4 ms]
   [Eden: 51200.0K(51200.0K)->0.0B(51200.0K) Survivors: 1024.0K->1024.0K Heap: 246.3M(1024.0M)->196.3M(1024.0M)]
 [Times: user=0.06 sys=0.13, real=0.02 secs] 
2023-07-05T23:46:50.383+0000: 1928030.009: [GC pause (G1 Evacuation Pause) (young), 0.0240884 secs]
   [Parallel Time: 5.6 ms, GC Workers: 43]
      [GC Worker Start (ms): Min: 1928030010.7, Avg: 1928030012.7, Max: 1928030014.6, Diff: 3.8]
      [Ext Root Scanning (ms): Min: 0.0, Avg: 0.5, Max: 2.3, Diff: 2.3, Sum: 22.4]
      [Update RS (ms): Min: 0.0, Avg: 0.1, Max: 0.5, Diff: 0.5, Sum: 4.7]
         [Processed Buffers: Min: 0, Avg: 1.3, Max: 8, Diff: 8, Sum: 57]
      [Scan RS (ms): Min: 0.0, Avg: 0.0, Max: 0.0, Diff: 0.0, Sum: 0.5]
      [Code Root Scanning (ms): Min: 0.0, Avg: 0.0, Max: 0.0, Diff: 0.0, Sum: 0.0]
      [Object Copy (ms): Min: 0.2, Avg: 1.4, Max: 1.8, Diff: 1.6, Sum: 58.2]
      [Termination (ms): Min: 0.1, Avg: 0.2, Max: 0.4, Diff: 0.3, Sum: 7.7]
         [Termination Attempts: Min: 1, Avg: 4.9, Max: 10, Diff: 9, Sum: 209]
      [GC Worker Other (ms): Min: 0.0, Avg: 0.2, Max: 0.5, Diff: 0.4, Sum: 6.7]
      [GC Worker Total (ms): Min: 0.4, Avg: 2.3, Max: 4.5, Diff: 4.1, Sum: 100.1]
      [GC Worker End (ms): Min: 1928030014.9, Avg: 1928030015.0, Max: 1928030015.3, Diff: 0.4]
   [Code Root Fixup: 0.0 ms]
   [Code Root Purge: 0.0 ms]
   [Clear CT: 5.5 ms]
   [Other: 12.9 ms]
      [Choose CSet: 0.0 ms]
      [Ref Proc: 4.6 ms]
      [Ref Enq: 0.0 ms]
      [Redirty Cards: 5.4 ms]
      [Humongous Register: 1.8 ms]
      [Humongous Reclaim: 0.0 ms]
      [Free CSet: 0.1 ms]
   [Eden: 51200.0K(51200.0K)->0.0B(51200.0K) Survivors: 1024.0K->1024.0K Heap: 246.3M(1024.0M)->196.3M(1024.0M)]
 [Times: user=0.15 sys=0.00, real=0.02 secs] 
2023-07-06T00:44:47.591+0000: 1931507.217: [GC pause (G1 Evacuation Pause) (young), 0.0214895 secs]
   [Parallel Time: 5.6 ms, GC Workers: 43]
      [GC Worker Start (ms): Min: 1931507216.9, Avg: 1931507218.3, Max: 1931507219.5, Diff: 2.6]
      [Ext Root Scanning (ms): Min: 0.0, Avg: 0.6, Max: 1.8, Diff: 1.8, Sum: 24.3]
      [Update RS (ms): Min: 0.0, Avg: 0.2, Max: 0.5, Diff: 0.5, Sum: 6.8]
         [Processed Buffers: Min: 0, Avg: 1.4, Max: 8, Diff: 8, Sum: 62]
      [Scan RS (ms): Min: 0.0, Avg: 0.0, Max: 0.0, Diff: 0.0, Sum: 0.5]
      [Code Root Scanning (ms): Min: 0.0, Avg: 0.0, Max: 0.0, Diff: 0.0, Sum: 0.0]
      [Object Copy (ms): Min: 1.5, Avg: 1.9, Max: 2.2, Diff: 0.7, Sum: 81.4]
      [Termination (ms): Min: 0.1, Avg: 0.2, Max: 0.4, Diff: 0.3, Sum: 9.9]
         [Termination Attempts: Min: 1, Avg: 5.9, Max: 9, Diff: 8, Sum: 253]
      [GC Worker Other (ms): Min: 0.0, Avg: 0.1, Max: 0.3, Diff: 0.3, Sum: 4.9]
      [GC Worker Total (ms): Min: 1.7, Avg: 3.0, Max: 4.5, Diff: 2.8, Sum: 127.8]
      [GC Worker End (ms): Min: 1931507221.2, Avg: 1931507221.3, Max: 1931507221.5, Diff: 0.3]
   [Code Root Fixup: 0.0 ms]
   [Code Root Purge: 0.0 ms]
   [Clear CT: 5.4 ms]
   [Other: 10.5 ms]
      [Choose CSet: 0.0 ms]
      [Ref Proc: 4.6 ms]
      [Ref Enq: 0.0 ms]
      [Redirty Cards: 5.2 ms]
      [Humongous Register: 0.1 ms]
      [Humongous Reclaim: 0.0 ms]
      [Free CSet: 0.1 ms]
   [Eden: 51200.0K(51200.0K)->0.0B(51200.0K) Survivors: 1024.0K->1024.0K Heap: 246.3M(1024.0M)->196.3M(1024.0M)]
 [Times: user=0.16 sys=0.01, real=0.02 secs] 
2023-07-06T01:42:36.588+0000: 1934976.214: [GC pause (G1 Evacuation Pause) (young), 0.0233003 secs]
   [Parallel Time: 7.9 ms, GC Workers: 43]
      [GC Worker Start (ms): Min: 1934976214.0, Avg: 1934976215.4, Max: 1934976216.6, Diff: 2.6]
      [Ext Root Scanning (ms): Min: 0.0, Avg: 0.7, Max: 6.6, Diff: 6.6, Sum: 30.3]
      [Update RS (ms): Min: 0.0, Avg: 0.1, Max: 0.5, Diff: 0.5, Sum: 6.1]
         [Processed Buffers: Min: 0, Avg: 1.5, Max: 5, Diff: 5, Sum: 64]
      [Scan RS (ms): Min: 0.0, Avg: 0.0, Max: 0.0, Diff: 0.0, Sum: 0.5]
      [Code Root Scanning (ms): Min: 0.0, Avg: 0.0, Max: 0.0, Diff: 0.0, Sum: 0.0]
      [Object Copy (ms): Min: 0.0, Avg: 2.4, Max: 2.8, Diff: 2.8, Sum: 101.8]
      [Termination (ms): Min: 0.0, Avg: 2.1, Max: 2.4, Diff: 2.4, Sum: 91.6]
         [Termination Attempts: Min: 1, Avg: 9.0, Max: 14, Diff: 13, Sum: 386]
      [GC Worker Other (ms): Min: 0.0, Avg: 0.0, Max: 0.1, Diff: 0.1, Sum: 0.8]
      [GC Worker Total (ms): Min: 4.2, Avg: 5.4, Max: 6.7, Diff: 2.6, Sum: 231.2]
      [GC Worker End (ms): Min: 1934976220.7, Avg: 1934976220.8, Max: 1934976220.8, Diff: 0.2]
   [Code Root Fixup: 0.0 ms]
   [Code Root Purge: 0.0 ms]
   [Clear CT: 5.3 ms]
   [Other: 10.0 ms]
      [Choose CSet: 0.0 ms]
      [Ref Proc: 4.0 ms]
      [Ref Enq: 0.0 ms]
      [Redirty Cards: 5.3 ms]
      [Humongous Register: 0.1 ms]
      [Humongous Reclaim: 0.0 ms]
      [Free CSet: 0.2 ms]
   [Eden: 51200.0K(51200.0K)->0.0B(51200.0K) Survivors: 1024.0K->1024.0K Heap: 246.3M(1024.0M)->196.3M(1024.0M)]
 [Times: user=0.28 sys=0.00, real=0.03 secs] 
2023-07-06T02:40:17.591+0000: 1938437.216: [GC pause (G1 Evacuation Pause) (young), 0.0207205 secs]
   [Parallel Time: 6.1 ms, GC Workers: 43]
      [GC Worker Start (ms): Min: 1938437217.0, Avg: 1938437218.5, Max: 1938437219.6, Diff: 2.6]
      [Ext Root Scanning (ms): Min: 0.0, Avg: 0.7, Max: 2.1, Diff: 2.1, Sum: 31.8]
      [Update RS (ms): Min: 0.0, Avg: 0.2, Max: 0.5, Diff: 0.5, Sum: 8.3]
         [Processed Buffers: Min: 0, Avg: 1.4, Max: 6, Diff: 6, Sum: 61]
      [Scan RS (ms): Min: 0.0, Avg: 0.0, Max: 0.0, Diff: 0.0, Sum: 0.6]
      [Code Root Scanning (ms): Min: 0.0, Avg: 0.0, Max: 0.0, Diff: 0.0, Sum: 0.0]
      [Object Copy (ms): Min: 1.7, Avg: 2.0, Max: 2.2, Diff: 0.5, Sum: 85.7]
      [Termination (ms): Min: 0.1, Avg: 0.2, Max: 0.6, Diff: 0.5, Sum: 10.4]
         [Termination Attempts: Min: 2, Avg: 6.1, Max: 9, Diff: 7, Sum: 264]
      [GC Worker Other (ms): Min: 0.0, Avg: 0.1, Max: 0.3, Diff: 0.3, Sum: 5.1]
      [GC Worker Total (ms): Min: 2.1, Avg: 3.3, Max: 4.7, Diff: 2.6, Sum: 141.8]
      [GC Worker End (ms): Min: 1938437221.7, Avg: 1938437221.8, Max: 1938437222.0, Diff: 0.3]
   [Code Root Fixup: 0.0 ms]
   [Code Root Purge: 0.0 ms]
   [Clear CT: 5.2 ms]
   [Other: 9.5 ms]
      [Choose CSet: 0.0 ms]
      [Ref Proc: 3.4 ms]
      [Ref Enq: 0.0 ms]
      [Redirty Cards: 5.0 ms]
      [Humongous Register: 0.3 ms]
      [Humongous Reclaim: 0.0 ms]
      [Free CSet: 0.2 ms]
   [Eden: 51200.0K(51200.0K)->0.0B(51200.0K) Survivors: 1024.0K->1024.0K Heap: 246.3M(1024.0M)->196.3M(1024.0M)]
 [Times: user=0.15 sys=0.03, real=0.02 secs] 
2023-07-06T03:38:05.630+0000: 1941905.256: [GC pause (G1 Evacuation Pause) (young), 0.0265182 secs]
   [Parallel Time: 6.9 ms, GC Workers: 43]
      [GC Worker Start (ms): Min: 1941905258.0, Avg: 1941905259.9, Max: 1941905261.8, Diff: 3.9]
      [Ext Root Scanning (ms): Min: 0.0, Avg: 0.5, Max: 2.1, Diff: 2.1, Sum: 21.6]
      [Update RS (ms): Min: 0.0, Avg: 0.1, Max: 0.5, Diff: 0.5, Sum: 5.7]
         [Processed Buffers: Min: 0, Avg: 1.5, Max: 9, Diff: 9, Sum: 64]
      [Scan RS (ms): Min: 0.0, Avg: 0.0, Max: 0.0, Diff: 0.0, Sum: 0.4]
      [Code Root Scanning (ms): Min: 0.0, Avg: 0.0, Max: 0.0, Diff: 0.0, Sum: 0.0]
      [Object Copy (ms): Min: 0.0, Avg: 0.8, Max: 1.3, Diff: 1.3, Sum: 35.7]
      [Termination (ms): Min: 0.0, Avg: 0.6, Max: 0.7, Diff: 0.7, Sum: 25.2]
         [Termination Attempts: Min: 1, Avg: 2.6, Max: 6, Diff: 5, Sum: 112]
      [GC Worker Other (ms): Min: 0.0, Avg: 0.0, Max: 0.1, Diff: 0.1, Sum: 1.5]
      [GC Worker Total (ms): Min: 0.1, Avg: 2.1, Max: 4.1, Diff: 4.0, Sum: 90.1]
      [GC Worker End (ms): Min: 1941905261.9, Avg: 1941905262.0, Max: 1941905262.1, Diff: 0.3]
   [Code Root Fixup: 0.0 ms]
   [Code Root Purge: 0.0 ms]
   [Clear CT: 6.6 ms]
   [Other: 13.0 ms]
      [Choose CSet: 0.0 ms]
      [Ref Proc: 5.2 ms]
      [Ref Enq: 0.0 ms]
      [Redirty Cards: 5.3 ms]
      [Humongous Register: 1.8 ms]
      [Humongous Reclaim: 0.0 ms]
      [Free CSet: 0.1 ms]
   [Eden: 51200.0K(51200.0K)->0.0B(51200.0K) Survivors: 1024.0K->1024.0K Heap: 246.3M(1024.0M)->196.3M(1024.0M)]
 [Times: user=0.15 sys=0.00, real=0.02 secs] 
2023-07-06T04:36:05.287+0000: 1945384.912: [GC pause (G1 Evacuation Pause) (young), 0.0246909 secs]
   [Parallel Time: 7.9 ms, GC Workers: 43]
      [GC Worker Start (ms): Min: 1945384912.4, Avg: 1945384913.8, Max: 1945384915.0, Diff: 2.6]
      [Ext Root Scanning (ms): Min: 0.0, Avg: 0.5, Max: 1.7, Diff: 1.7, Sum: 22.5]
      [Update RS (ms): Min: 0.0, Avg: 0.1, Max: 0.6, Diff: 0.6, Sum: 5.6]
         [Processed Buffers: Min: 0, Avg: 1.4, Max: 6, Diff: 6, Sum: 59]
      [Scan RS (ms): Min: 0.0, Avg: 0.0, Max: 0.0, Diff: 0.0, Sum: 0.4]
      [Code Root Scanning (ms): Min: 0.0, Avg: 0.0, Max: 0.0, Diff: 0.0, Sum: 0.0]
      [Object Copy (ms): Min: 1.2, Avg: 1.7, Max: 2.0, Diff: 0.8, Sum: 73.3]
      [Termination (ms): Min: 0.0, Avg: 0.2, Max: 0.4, Diff: 0.4, Sum: 9.0]
         [Termination Attempts: Min: 2, Avg: 5.4, Max: 10, Diff: 8, Sum: 231]
      [GC Worker Other (ms): Min: 0.0, Avg: 0.1, Max: 0.3, Diff: 0.3, Sum: 3.9]
      [GC Worker Total (ms): Min: 1.5, Avg: 2.7, Max: 4.2, Diff: 2.7, Sum: 114.7]
      [GC Worker End (ms): Min: 1945384916.4, Avg: 1945384916.5, Max: 1945384916.6, Diff: 0.3]
   [Code Root Fixup: 0.0 ms]
   [Code Root Purge: 0.0 ms]
   [Clear CT: 5.8 ms]
   [Other: 11.0 ms]
      [Choose CSet: 0.0 ms]
      [Ref Proc: 5.0 ms]
      [Ref Enq: 0.0 ms]
      [Redirty Cards: 5.4 ms]
      [Humongous Register: 0.1 ms]
      [Humongous Reclaim: 0.0 ms]
      [Free CSet: 0.1 ms]
   [Eden: 51200.0K(51200.0K)->0.0B(51200.0K) Survivors: 1024.0K->1024.0K Heap: 246.3M(1024.0M)->196.3M(1024.0M)]
 [Times: user=0.17 sys=0.00, real=0.03 secs] 
2023-07-06T05:34:02.591+0000: 1948862.216: [GC pause (G1 Evacuation Pause) (young), 0.0243654 secs]
   [Parallel Time: 8.7 ms, GC Workers: 43]
      [GC Worker Start (ms): Min: 1948862216.8, Avg: 1948862218.2, Max: 1948862219.3, Diff: 2.6]
      [Ext Root Scanning (ms): Min: 0.0, Avg: 0.8, Max: 6.0, Diff: 6.0, Sum: 32.4]
      [Update RS (ms): Min: 0.0, Avg: 0.2, Max: 0.4, Diff: 0.4, Sum: 7.3]
         [Processed Buffers: Min: 0, Avg: 1.4, Max: 8, Diff: 8, Sum: 62]
      [Scan RS (ms): Min: 0.0, Avg: 0.0, Max: 0.0, Diff: 0.0, Sum: 0.5]
      [Code Root Scanning (ms): Min: 0.0, Avg: 0.0, Max: 0.0, Diff: 0.0, Sum: 0.0]
      [Object Copy (ms): Min: 0.0, Avg: 2.0, Max: 2.3, Diff: 2.3, Sum: 85.4]
      [Termination (ms): Min: 0.0, Avg: 1.8, Max: 2.0, Diff: 2.0, Sum: 76.4]
         [Termination Attempts: Min: 1, Avg: 6.2, Max: 9, Diff: 8, Sum: 265]
      [GC Worker Other (ms): Min: 0.0, Avg: 0.0, Max: 0.1, Diff: 0.1, Sum: 1.1]
      [GC Worker Total (ms): Min: 3.5, Avg: 4.7, Max: 6.1, Diff: 2.6, Sum: 203.1]
      [GC Worker End (ms): Min: 1948862222.8, Avg: 1948862222.9, Max: 1948862223.0, Diff: 0.2]
   [Code Root Fixup: 0.0 ms]
   [Code Root Purge: 0.0 ms]
   [Clear CT: 5.1 ms]
   [Other: 10.6 ms]
      [Choose CSet: 0.0 ms]
      [Ref Proc: 5.1 ms]
      [Ref Enq: 0.0 ms]
      [Redirty Cards: 5.1 ms]
      [Humongous Register: 0.1 ms]
      [Humongous Reclaim: 0.0 ms]
      [Free CSet: 0.1 ms]
   [Eden: 51200.0K(51200.0K)->0.0B(51200.0K) Survivors: 1024.0K->1024.0K Heap: 246.3M(1024.0M)->196.3M(1024.0M)]
 [Times: user=0.26 sys=0.00, real=0.02 secs] 
2023-07-06T06:31:52.591+0000: 1952332.216: [GC pause (G1 Evacuation Pause) (young), 0.0214862 secs]
   [Parallel Time: 6.0 ms, GC Workers: 43]
      [GC Worker Start (ms): Min: 1952332217.0, Avg: 1952332218.4, Max: 1952332219.5, Diff: 2.6]
      [Ext Root Scanning (ms): Min: 0.0, Avg: 0.7, Max: 2.0, Diff: 2.0, Sum: 31.0]
      [Update RS (ms): Min: 0.0, Avg: 0.2, Max: 0.5, Diff: 0.5, Sum: 8.0]
         [Processed Buffers: Min: 0, Avg: 1.4, Max: 9, Diff: 9, Sum: 60]
      [Scan RS (ms): Min: 0.0, Avg: 0.0, Max: 0.0, Diff: 0.0, Sum: 0.4]
      [Code Root Scanning (ms): Min: 0.0, Avg: 0.0, Max: 0.0, Diff: 0.0, Sum: 0.0]
      [Object Copy (ms): Min: 1.6, Avg: 1.8, Max: 2.1, Diff: 0.5, Sum: 78.7]
      [Termination (ms): Min: 0.0, Avg: 0.2, Max: 0.4, Diff: 0.4, Sum: 9.2]
         [Termination Attempts: Min: 1, Avg: 5.3, Max: 8, Diff: 7, Sum: 227]
      [GC Worker Other (ms): Min: 0.0, Avg: 0.1, Max: 0.4, Diff: 0.4, Sum: 5.7]
      [GC Worker Total (ms): Min: 2.0, Avg: 3.1, Max: 4.6, Diff: 2.6, Sum: 133.0]
      [GC Worker End (ms): Min: 1952332221.4, Avg: 1952332221.5, Max: 1952332221.7, Diff: 0.3]
   [Code Root Fixup: 0.0 ms]
   [Code Root Purge: 0.0 ms]
   [Clear CT: 5.0 ms]
   [Other: 10.4 ms]
      [Choose CSet: 0.0 ms]
      [Ref Proc: 4.3 ms]
      [Ref Enq: 0.0 ms]
      [Redirty Cards: 5.0 ms]
      [Humongous Register: 0.3 ms]
      [Humongous Reclaim: 0.0 ms]
      [Free CSet: 0.2 ms]
   [Eden: 51200.0K(51200.0K)->0.0B(51200.0K) Survivors: 1024.0K->1024.0K Heap: 246.3M(1024.0M)->196.3M(1024.0M)]
 [Times: user=0.15 sys=0.03, real=0.02 secs] 
2023-07-06T07:29:36.099+0000: 1955795.725: [GC pause (G1 Evacuation Pause) (young), 0.0246297 secs]
   [Parallel Time: 7.2 ms, GC Workers: 43]
      [GC Worker Start (ms): Min: 1955795725.2, Avg: 1955795726.6, Max: 1955795727.9, Diff: 2.6]
      [Ext Root Scanning (ms): Min: 0.0, Avg: 0.5, Max: 1.7, Diff: 1.7, Sum: 23.3]
      [Update RS (ms): Min: 0.0, Avg: 0.1, Max: 0.4, Diff: 0.4, Sum: 4.9]
         [Processed Buffers: Min: 0, Avg: 1.4, Max: 7, Diff: 7, Sum: 59]
      [Scan RS (ms): Min: 0.0, Avg: 0.0, Max: 0.0, Diff: 0.0, Sum: 0.4]
      [Code Root Scanning (ms): Min: 0.0, Avg: 0.0, Max: 0.0, Diff: 0.0, Sum: 0.0]
      [Object Copy (ms): Min: 1.0, Avg: 1.7, Max: 1.9, Diff: 1.0, Sum: 71.1]
      [Termination (ms): Min: 0.1, Avg: 0.2, Max: 0.4, Diff: 0.3, Sum: 9.0]
         [Termination Attempts: Min: 1, Avg: 5.0, Max: 9, Diff: 8, Sum: 216]
      [GC Worker Other (ms): Min: 0.0, Avg: 0.1, Max: 0.3, Diff: 0.3, Sum: 3.6]
      [GC Worker Total (ms): Min: 1.2, Avg: 2.6, Max: 4.1, Diff: 2.8, Sum: 112.2]
      [GC Worker End (ms): Min: 1955795729.1, Avg: 1955795729.2, Max: 1955795729.4, Diff: 0.3]
   [Code Root Fixup: 0.0 ms]
   [Code Root Purge: 0.0 ms]
   [Clear CT: 5.0 ms]
   [Other: 12.5 ms]
      [Choose CSet: 0.0 ms]
      [Ref Proc: 6.6 ms]
      [Ref Enq: 0.0 ms]
      [Redirty Cards: 5.2 ms]
      [Humongous Register: 0.1 ms]
      [Humongous Reclaim: 0.0 ms]
      [Free CSet: 0.1 ms]
   [Eden: 51200.0K(51200.0K)->0.0B(51200.0K) Survivors: 1024.0K->1024.0K Heap: 246.3M(1024.0M)->196.3M(1024.0M)]
 [Times: user=0.17 sys=0.00, real=0.03 secs] 
2023-07-06T08:27:22.398+0000: 1959262.024: [GC pause (G1 Evacuation Pause) (young), 0.0236880 secs]
   [Parallel Time: 6.4 ms, GC Workers: 43]
      [GC Worker Start (ms): Min: 1959262026.0, Avg: 1959262027.9, Max: 1959262029.6, Diff: 3.6]
      [Ext Root Scanning (ms): Min: 0.0, Avg: 0.5, Max: 2.9, Diff: 2.9, Sum: 23.1]
      [Update RS (ms): Min: 0.0, Avg: 0.1, Max: 0.5, Diff: 0.5, Sum: 5.0]
         [Processed Buffers: Min: 0, Avg: 1.3, Max: 7, Diff: 7, Sum: 57]
      [Scan RS (ms): Min: 0.0, Avg: 0.0, Max: 0.0, Diff: 0.0, Sum: 0.5]
      [Code Root Scanning (ms): Min: 0.0, Avg: 0.0, Max: 0.0, Diff: 0.0, Sum: 0.0]
      [Object Copy (ms): Min: 0.2, Avg: 1.3, Max: 1.8, Diff: 1.7, Sum: 54.9]
      [Termination (ms): Min: 0.1, Avg: 0.2, Max: 0.4, Diff: 0.3, Sum: 9.9]
         [Termination Attempts: Min: 1, Avg: 4.1, Max: 8, Diff: 7, Sum: 176]
      [GC Worker Other (ms): Min: 0.0, Avg: 0.1, Max: 0.3, Diff: 0.3, Sum: 4.1]
      [GC Worker Total (ms): Min: 0.5, Avg: 2.3, Max: 4.1, Diff: 3.6, Sum: 97.6]
      [GC Worker End (ms): Min: 1959262030.1, Avg: 1959262030.1, Max: 1959262030.3, Diff: 0.2]
   [Code Root Fixup: 0.0 ms]
   [Code Root Purge: 0.0 ms]
   [Clear CT: 5.2 ms]
   [Other: 12.0 ms]
      [Choose CSet: 0.0 ms]
      [Ref Proc: 3.9 ms]
      [Ref Enq: 0.0 ms]
      [Redirty Cards: 5.3 ms]
      [Humongous Register: 1.8 ms]
      [Humongous Reclaim: 0.0 ms]
      [Free CSet: 0.1 ms]
   [Eden: 51200.0K(51200.0K)->0.0B(51200.0K) Survivors: 1024.0K->1024.0K Heap: 246.3M(1024.0M)->196.3M(1024.0M)]
 [Times: user=0.12 sys=0.03, real=0.03 secs] 
2023-07-06T09:25:17.591+0000: 1962737.216: [GC pause (G1 Evacuation Pause) (young), 0.0206466 secs]
   [Parallel Time: 6.5 ms, GC Workers: 43]
      [GC Worker Start (ms): Min: 1962737216.5, Avg: 1962737218.0, Max: 1962737219.2, Diff: 2.7]
      [Ext Root Scanning (ms): Min: 0.0, Avg: 0.4, Max: 2.0, Diff: 2.0, Sum: 17.2]
      [Update RS (ms): Min: 0.0, Avg: 0.1, Max: 0.4, Diff: 0.4, Sum: 5.1]
         [Processed Buffers: Min: 0, Avg: 1.4, Max: 6, Diff: 6, Sum: 59]
      [Scan RS (ms): Min: 0.0, Avg: 0.0, Max: 0.0, Diff: 0.0, Sum: 0.5]
      [Code Root Scanning (ms): Min: 0.0, Avg: 0.0, Max: 0.0, Diff: 0.0, Sum: 0.0]
      [Object Copy (ms): Min: 1.5, Avg: 2.3, Max: 2.8, Diff: 1.2, Sum: 99.7]
      [Termination (ms): Min: 0.2, Avg: 0.4, Max: 0.8, Diff: 0.6, Sum: 18.3]
         [Termination Attempts: Min: 4, Avg: 8.8, Max: 12, Diff: 8, Sum: 378]
      [GC Worker Other (ms): Min: 0.0, Avg: 0.1, Max: 0.3, Diff: 0.2, Sum: 3.4]
      [GC Worker Total (ms): Min: 2.0, Avg: 3.4, Max: 4.7, Diff: 2.7, Sum: 144.2]
      [GC Worker End (ms): Min: 1962737221.2, Avg: 1962737221.3, Max: 1962737221.5, Diff: 0.3]
   [Code Root Fixup: 0.0 ms]
   [Code Root Purge: 0.0 ms]
   [Clear CT: 4.7 ms]
   [Other: 9.5 ms]
      [Choose CSet: 0.0 ms]
      [Ref Proc: 4.2 ms]
      [Ref Enq: 0.0 ms]
      [Redirty Cards: 4.6 ms]
      [Humongous Register: 0.1 ms]
      [Humongous Reclaim: 0.0 ms]
      [Free CSet: 0.1 ms]
   [Eden: 51200.0K(51200.0K)->0.0B(51200.0K) Survivors: 1024.0K->1024.0K Heap: 246.3M(1024.0M)->196.3M(1024.0M)]
 [Times: user=0.19 sys=0.01, real=0.02 secs] 
2023-07-06T10:23:07.591+0000: 1966207.216: [GC pause (G1 Evacuation Pause) (young), 0.0224074 secs]
   [Parallel Time: 6.1 ms, GC Workers: 43]
      [GC Worker Start (ms): Min: 1966207216.8, Avg: 1966207218.2, Max: 1966207219.4, Diff: 2.7]
      [Ext Root Scanning (ms): Min: 0.0, Avg: 0.5, Max: 1.8, Diff: 1.7, Sum: 23.5]
      [Update RS (ms): Min: 0.0, Avg: 0.1, Max: 0.4, Diff: 0.4, Sum: 5.1]
         [Processed Buffers: Min: 0, Avg: 1.4, Max: 5, Diff: 5, Sum: 60]
      [Scan RS (ms): Min: 0.0, Avg: 0.0, Max: 0.0, Diff: 0.0, Sum: 0.5]
      [Code Root Scanning (ms): Min: 0.0, Avg: 0.0, Max: 0.0, Diff: 0.0, Sum: 0.0]
      [Object Copy (ms): Min: 1.1, Avg: 1.9, Max: 2.2, Diff: 1.1, Sum: 82.4]
      [Termination (ms): Min: 0.1, Avg: 0.2, Max: 0.5, Diff: 0.4, Sum: 9.7]
         [Termination Attempts: Min: 3, Avg: 5.6, Max: 9, Diff: 6, Sum: 242]
      [GC Worker Other (ms): Min: 0.0, Avg: 0.1, Max: 0.3, Diff: 0.2, Sum: 3.6]
      [GC Worker Total (ms): Min: 1.6, Avg: 2.9, Max: 4.3, Diff: 2.7, Sum: 124.8]
      [GC Worker End (ms): Min: 1966207221.0, Avg: 1966207221.1, Max: 1966207221.2, Diff: 0.2]
   [Code Root Fixup: 0.0 ms]
   [Code Root Purge: 0.0 ms]
   [Clear CT: 5.7 ms]
   [Other: 10.6 ms]
      [Choose CSet: 0.0 ms]
      [Ref Proc: 5.0 ms]
      [Ref Enq: 0.0 ms]
      [Redirty Cards: 4.9 ms]
      [Humongous Register: 0.1 ms]
      [Humongous Reclaim: 0.0 ms]
      [Free CSet: 0.1 ms]
   [Eden: 51200.0K(51200.0K)->0.0B(51200.0K) Survivors: 1024.0K->1024.0K Heap: 246.3M(1024.0M)->196.3M(1024.0M)]
 [Times: user=0.16 sys=0.01, real=0.02 secs] 
2023-07-06T11:20:48.473+0000: 1969668.099: [GC pause (G1 Evacuation Pause) (young), 0.0270226 secs]
   [Parallel Time: 9.7 ms, GC Workers: 43]
      [GC Worker Start (ms): Min: 1969668101.6, Avg: 1969668103.6, Max: 1969668105.5, Diff: 3.9]
      [Ext Root Scanning (ms): Min: 0.0, Avg: 0.7, Max: 7.1, Diff: 7.1, Sum: 32.0]
      [Update RS (ms): Min: 0.0, Avg: 0.2, Max: 1.6, Diff: 1.6, Sum: 7.8]
         [Processed Buffers: Min: 0, Avg: 1.4, Max: 7, Diff: 7, Sum: 62]
      [Scan RS (ms): Min: 0.0, Avg: 0.0, Max: 0.0, Diff: 0.0, Sum: 0.4]
      [Code Root Scanning (ms): Min: 0.0, Avg: 0.0, Max: 0.0, Diff: 0.0, Sum: 0.0]
      [Object Copy (ms): Min: 0.0, Avg: 1.3, Max: 2.4, Diff: 2.4, Sum: 57.1]
      [Termination (ms): Min: 0.0, Avg: 2.9, Max: 3.2, Diff: 3.2, Sum: 125.6]
         [Termination Attempts: Min: 1, Avg: 4.8, Max: 10, Diff: 9, Sum: 206]
      [GC Worker Other (ms): Min: 0.0, Avg: 0.0, Max: 0.1, Diff: 0.1, Sum: 1.7]
      [GC Worker Total (ms): Min: 3.4, Avg: 5.2, Max: 7.2, Diff: 3.8, Sum: 224.6]
      [GC Worker End (ms): Min: 1969668108.8, Avg: 1969668108.9, Max: 1969668108.9, Diff: 0.2]
   [Code Root Fixup: 0.0 ms]
   [Code Root Purge: 0.0 ms]
   [Clear CT: 5.6 ms]
   [Other: 11.7 ms]
      [Choose CSet: 0.0 ms]
      [Ref Proc: 3.2 ms]
      [Ref Enq: 0.0 ms]
      [Redirty Cards: 5.4 ms]
      [Humongous Register: 2.0 ms]
      [Humongous Reclaim: 0.0 ms]
      [Free CSet: 0.4 ms]
   [Eden: 51200.0K(51200.0K)->0.0B(51200.0K) Survivors: 1024.0K->1024.0K Heap: 246.3M(1024.0M)->196.3M(1024.0M)]
 [Times: user=0.27 sys=0.00, real=0.02 secs] 
2023-07-06T12:18:40.523+0000: 1973140.149: [GC pause (G1 Evacuation Pause) (young), 0.0233838 secs]
   [Parallel Time: 7.4 ms, GC Workers: 43]
      [GC Worker Start (ms): Min: 1973140149.1, Avg: 1973140150.5, Max: 1973140151.8, Diff: 2.7]
      [Ext Root Scanning (ms): Min: 0.0, Avg: 0.5, Max: 1.8, Diff: 1.8, Sum: 23.1]
      [Update RS (ms): Min: 0.0, Avg: 0.1, Max: 0.5, Diff: 0.5, Sum: 4.6]
         [Processed Buffers: Min: 0, Avg: 1.4, Max: 8, Diff: 8, Sum: 62]
      [Scan RS (ms): Min: 0.0, Avg: 0.0, Max: 0.0, Diff: 0.0, Sum: 0.5]
      [Code Root Scanning (ms): Min: 0.0, Avg: 0.0, Max: 0.0, Diff: 0.0, Sum: 0.0]
      [Object Copy (ms): Min: 2.1, Avg: 2.8, Max: 3.3, Diff: 1.2, Sum: 121.9]
      [Termination (ms): Min: 0.2, Avg: 0.5, Max: 1.2, Diff: 1.0, Sum: 21.9]
         [Termination Attempts: Min: 10, Avg: 13.2, Max: 18, Diff: 8, Sum: 566]
      [GC Worker Other (ms): Min: 0.0, Avg: 0.0, Max: 0.1, Diff: 0.1, Sum: 1.7]
      [GC Worker Total (ms): Min: 2.7, Avg: 4.0, Max: 5.5, Diff: 2.8, Sum: 173.7]
      [GC Worker End (ms): Min: 1973140154.5, Avg: 1973140154.6, Max: 1973140154.7, Diff: 0.1]
   [Code Root Fixup: 0.0 ms]
   [Code Root Purge: 0.0 ms]
   [Clear CT: 5.4 ms]
   [Other: 10.6 ms]
      [Choose CSet: 0.0 ms]
      [Ref Proc: 4.7 ms]
      [Ref Enq: 0.0 ms]
      [Redirty Cards: 5.3 ms]
      [Humongous Register: 0.1 ms]
      [Humongous Reclaim: 0.0 ms]
      [Free CSet: 0.1 ms]
   [Eden: 51200.0K(51200.0K)->0.0B(51200.0K) Survivors: 1024.0K->1024.0K Heap: 246.3M(1024.0M)->196.3M(1024.0M)]
 [Times: user=0.23 sys=0.00, real=0.02 secs] 
2023-07-06T13:16:47.591+0000: 1976627.217: [GC pause (G1 Evacuation Pause) (young), 0.0212885 secs]
   [Parallel Time: 5.6 ms, GC Workers: 43]
      [GC Worker Start (ms): Min: 1976627216.9, Avg: 1976627218.3, Max: 1976627219.5, Diff: 2.6]
      [Ext Root Scanning (ms): Min: 0.0, Avg: 0.6, Max: 1.9, Diff: 1.9, Sum: 25.2]
      [Update RS (ms): Min: 0.0, Avg: 0.2, Max: 0.4, Diff: 0.4, Sum: 6.6]
         [Processed Buffers: Min: 0, Avg: 1.4, Max: 7, Diff: 7, Sum: 62]
      [Scan RS (ms): Min: 0.0, Avg: 0.0, Max: 0.0, Diff: 0.0, Sum: 0.5]
      [Code Root Scanning (ms): Min: 0.0, Avg: 0.0, Max: 0.0, Diff: 0.0, Sum: 0.0]
      [Object Copy (ms): Min: 1.3, Avg: 1.8, Max: 2.1, Diff: 0.8, Sum: 77.7]
      [Termination (ms): Min: 0.1, Avg: 0.2, Max: 0.4, Diff: 0.3, Sum: 9.7]
         [Termination Attempts: Min: 2, Avg: 5.7, Max: 9, Diff: 7, Sum: 244]
      [GC Worker Other (ms): Min: 0.0, Avg: 0.1, Max: 0.4, Diff: 0.4, Sum: 5.5]
      [GC Worker Total (ms): Min: 1.6, Avg: 2.9, Max: 4.4, Diff: 2.8, Sum: 125.3]
      [GC Worker End (ms): Min: 1976627221.1, Avg: 1976627221.2, Max: 1976627221.5, Diff: 0.4]
   [Code Root Fixup: 0.0 ms]
   [Code Root Purge: 0.0 ms]
   [Clear CT: 5.6 ms]
   [Other: 10.1 ms]
      [Choose CSet: 0.0 ms]
      [Ref Proc: 4.4 ms]
      [Ref Enq: 0.0 ms]
      [Redirty Cards: 5.0 ms]
      [Humongous Register: 0.1 ms]
      [Humongous Reclaim: 0.0 ms]
      [Free CSet: 0.1 ms]
   [Eden: 51200.0K(51200.0K)->0.0B(51200.0K) Survivors: 1024.0K->1024.0K Heap: 246.3M(1024.0M)->196.3M(1024.0M)]
 [Times: user=0.16 sys=0.01, real=0.02 secs] 
2023-07-06T14:14:51.064+0000: 1980110.690: [GC pause (G1 Evacuation Pause) (young), 0.0239785 secs]
   [Parallel Time: 7.6 ms, GC Workers: 43]
      [GC Worker Start (ms): Min: 1980110690.5, Avg: 1980110691.9, Max: 1980110693.2, Diff: 2.7]
      [Ext Root Scanning (ms): Min: 0.0, Avg: 0.8, Max: 6.4, Diff: 6.4, Sum: 35.2]
      [Update RS (ms): Min: 0.0, Avg: 0.2, Max: 0.5, Diff: 0.5, Sum: 9.1]
         [Processed Buffers: Min: 0, Avg: 1.5, Max: 7, Diff: 7, Sum: 64]
      [Scan RS (ms): Min: 0.0, Avg: 0.0, Max: 0.0, Diff: 0.0, Sum: 0.5]
      [Code Root Scanning (ms): Min: 0.0, Avg: 0.0, Max: 0.0, Diff: 0.0, Sum: 0.0]
      [Object Copy (ms): Min: 0.0, Avg: 1.8, Max: 2.1, Diff: 2.1, Sum: 77.6]
      [Termination (ms): Min: 0.0, Avg: 2.1, Max: 2.5, Diff: 2.5, Sum: 91.7]
         [Termination Attempts: Min: 1, Avg: 5.6, Max: 10, Diff: 9, Sum: 240]
      [GC Worker Other (ms): Min: 0.0, Avg: 0.0, Max: 0.2, Diff: 0.2, Sum: 1.6]
      [GC Worker Total (ms): Min: 3.7, Avg: 5.0, Max: 6.4, Diff: 2.7, Sum: 215.7]
      [GC Worker End (ms): Min: 1980110696.9, Avg: 1980110697.0, Max: 1980110697.1, Diff: 0.2]
   [Code Root Fixup: 0.0 ms]
   [Code Root Purge: 0.0 ms]
   [Clear CT: 5.7 ms]
   [Other: 10.7 ms]
      [Choose CSet: 0.0 ms]
      [Ref Proc: 4.3 ms]
      [Ref Enq: 0.0 ms]
      [Redirty Cards: 5.4 ms]
      [Humongous Register: 0.3 ms]
      [Humongous Reclaim: 0.0 ms]
      [Free CSet: 0.2 ms]
   [Eden: 51200.0K(51200.0K)->0.0B(51200.0K) Survivors: 1024.0K->1024.0K Heap: 246.3M(1024.0M)->196.3M(1024.0M)]
 [Times: user=0.26 sys=0.00, real=0.02 secs] 
2023-07-06T15:12:33.440+0000: 1983573.066: [GC pause (G1 Evacuation Pause) (young), 0.0249491 secs]
   [Parallel Time: 8.1 ms, GC Workers: 43]
      [GC Worker Start (ms): Min: 1983573068.3, Avg: 1983573070.4, Max: 1983573074.2, Diff: 5.9]
      [Ext Root Scanning (ms): Min: 0.0, Avg: 0.5, Max: 3.1, Diff: 3.1, Sum: 21.7]
      [Update RS (ms): Min: 0.0, Avg: 0.1, Max: 0.6, Diff: 0.6, Sum: 5.9]
         [Processed Buffers: Min: 0, Avg: 1.4, Max: 7, Diff: 7, Sum: 62]
      [Scan RS (ms): Min: 0.0, Avg: 0.0, Max: 0.0, Diff: 0.0, Sum: 0.4]
      [Code Root Scanning (ms): Min: 0.0, Avg: 0.0, Max: 0.0, Diff: 0.0, Sum: 0.0]
      [Object Copy (ms): Min: 0.0, Avg: 2.0, Max: 2.6, Diff: 2.6, Sum: 87.2]
      [Termination (ms): Min: 0.0, Avg: 1.2, Max: 1.5, Diff: 1.5, Sum: 50.6]
         [Termination Attempts: Min: 1, Avg: 8.9, Max: 14, Diff: 13, Sum: 384]
      [GC Worker Other (ms): Min: 0.0, Avg: 0.0, Max: 0.1, Diff: 0.1, Sum: 1.7]
      [GC Worker Total (ms): Min: 0.0, Avg: 3.9, Max: 6.0, Diff: 6.0, Sum: 167.5]
      [GC Worker End (ms): Min: 1983573074.2, Avg: 1983573074.3, Max: 1983573074.3, Diff: 0.1]
   [Code Root Fixup: 0.0 ms]
   [Code Root Purge: 0.0 ms]
   [Clear CT: 4.9 ms]
   [Other: 12.0 ms]
      [Choose CSet: 0.0 ms]
      [Ref Proc: 4.4 ms]
      [Ref Enq: 0.0 ms]
      [Redirty Cards: 4.9 ms]
      [Humongous Register: 1.9 ms]
      [Humongous Reclaim: 0.0 ms]
      [Free CSet: 0.1 ms]
   [Eden: 51200.0K(51200.0K)->0.0B(51200.0K) Survivors: 1024.0K->1024.0K Heap: 246.3M(1024.0M)->196.3M(1024.0M)]
 [Times: user=0.23 sys=0.00, real=0.03 secs] 
2023-07-06T16:10:16.331+0000: 1987035.956: [GC pause (G1 Evacuation Pause) (young), 0.0228786 secs]
   [Parallel Time: 8.0 ms, GC Workers: 43]
      [GC Worker Start (ms): Min: 1987035956.6, Avg: 1987035957.9, Max: 1987035959.1, Diff: 2.5]
      [Ext Root Scanning (ms): Min: 0.0, Avg: 0.7, Max: 6.3, Diff: 6.3, Sum: 29.5]
      [Update RS (ms): Min: 0.0, Avg: 0.2, Max: 0.6, Diff: 0.6, Sum: 6.7]
         [Processed Buffers: Min: 0, Avg: 1.4, Max: 7, Diff: 7, Sum: 60]
      [Scan RS (ms): Min: 0.0, Avg: 0.0, Max: 0.1, Diff: 0.1, Sum: 0.6]
      [Code Root Scanning (ms): Min: 0.0, Avg: 0.0, Max: 0.0, Diff: 0.0, Sum: 0.0]
      [Object Copy (ms): Min: 0.0, Avg: 1.7, Max: 1.9, Diff: 1.9, Sum: 72.4]
      [Termination (ms): Min: 0.0, Avg: 2.5, Max: 2.8, Diff: 2.8, Sum: 109.6]
         [Termination Attempts: Min: 1, Avg: 5.5, Max: 9, Diff: 8, Sum: 235]
      [GC Worker Other (ms): Min: 0.0, Avg: 0.0, Max: 0.1, Diff: 0.1, Sum: 1.2]
      [GC Worker Total (ms): Min: 4.0, Avg: 5.1, Max: 6.5, Diff: 2.5, Sum: 220.0]
      [GC Worker End (ms): Min: 1987035963.0, Avg: 1987035963.0, Max: 1987035963.2, Diff: 0.2]
   [Code Root Fixup: 0.0 ms]
   [Code Root Purge: 0.0 ms]
   [Clear CT: 5.4 ms]
   [Other: 9.5 ms]
      [Choose CSet: 0.0 ms]
      [Ref Proc: 3.5 ms]
      [Ref Enq: 0.0 ms]
      [Redirty Cards: 5.4 ms]
      [Humongous Register: 0.1 ms]
      [Humongous Reclaim: 0.0 ms]
      [Free CSet: 0.1 ms]
   [Eden: 51200.0K(51200.0K)->0.0B(51200.0K) Survivors: 1024.0K->1024.0K Heap: 246.3M(1024.0M)->196.3M(1024.0M)]
 [Times: user=0.28 sys=0.00, real=0.02 secs] 
2023-07-06T17:07:56.488+0000: 1990496.114: [GC pause (G1 Evacuation Pause) (young), 0.0181697 secs]
   [Parallel Time: 4.6 ms, GC Workers: 43]
      [GC Worker Start (ms): Min: 1990496114.0, Avg: 1990496115.5, Max: 1990496116.5, Diff: 2.5]
      [Ext Root Scanning (ms): Min: 0.0, Avg: 0.5, Max: 2.0, Diff: 2.0, Sum: 23.0]
      [Update RS (ms): Min: 0.0, Avg: 0.2, Max: 0.4, Diff: 0.4, Sum: 7.6]
         [Processed Buffers: Min: 0, Avg: 1.5, Max: 7, Diff: 7, Sum: 65]
      [Scan RS (ms): Min: 0.0, Avg: 0.0, Max: 0.0, Diff: 0.0, Sum: 0.4]
      [Code Root Scanning (ms): Min: 0.0, Avg: 0.0, Max: 0.0, Diff: 0.0, Sum: 0.0]
      [Object Copy (ms): Min: 1.3, Avg: 1.7, Max: 1.9, Diff: 0.6, Sum: 73.2]
      [Termination (ms): Min: 0.1, Avg: 0.2, Max: 0.4, Diff: 0.3, Sum: 9.1]
         [Termination Attempts: Min: 2, Avg: 4.3, Max: 7, Diff: 5, Sum: 187]
      [GC Worker Other (ms): Min: 0.0, Avg: 0.1, Max: 0.3, Diff: 0.3, Sum: 4.2]
      [GC Worker Total (ms): Min: 1.6, Avg: 2.7, Max: 4.1, Diff: 2.5, Sum: 117.5]
      [GC Worker End (ms): Min: 1990496118.1, Avg: 1990496118.2, Max: 1990496118.4, Diff: 0.3]
   [Code Root Fixup: 0.0 ms]
   [Code Root Purge: 0.0 ms]
   [Clear CT: 5.0 ms]
   [Other: 8.6 ms]
      [Choose CSet: 0.0 ms]
      [Ref Proc: 3.1 ms]
      [Ref Enq: 0.0 ms]
      [Redirty Cards: 4.9 ms]
      [Humongous Register: 0.1 ms]
      [Humongous Reclaim: 0.0 ms]
      [Free CSet: 0.1 ms]
   [Eden: 51200.0K(51200.0K)->0.0B(51200.0K) Survivors: 1024.0K->1024.0K Heap: 246.3M(1024.0M)->196.3M(1024.0M)]
 [Times: user=0.10 sys=0.06, real=0.02 secs] 
2023-07-06T18:05:32.049+0000: 1993951.675: [GC pause (G1 Evacuation Pause) (young), 0.0230719 secs]
   [Parallel Time: 5.9 ms, GC Workers: 43]
      [GC Worker Start (ms): Min: 1993951677.3, Avg: 1993951679.3, Max: 1993951681.1, Diff: 3.8]
      [Ext Root Scanning (ms): Min: 0.0, Avg: 0.5, Max: 2.3, Diff: 2.3, Sum: 23.3]
      [Update RS (ms): Min: 0.0, Avg: 0.2, Max: 0.6, Diff: 0.6, Sum: 9.2]
         [Processed Buffers: Min: 0, Avg: 1.5, Max: 9, Diff: 9, Sum: 63]
      [Scan RS (ms): Min: 0.0, Avg: 0.0, Max: 0.0, Diff: 0.0, Sum: 0.4]
      [Code Root Scanning (ms): Min: 0.0, Avg: 0.0, Max: 0.0, Diff: 0.0, Sum: 0.0]
      [Object Copy (ms): Min: 0.4, Avg: 1.5, Max: 2.1, Diff: 1.7, Sum: 66.1]
      [Termination (ms): Min: 0.1, Avg: 0.3, Max: 0.5, Diff: 0.4, Sum: 11.3]
         [Termination Attempts: Min: 1, Avg: 4.9, Max: 8, Diff: 7, Sum: 211]
      [GC Worker Other (ms): Min: 0.0, Avg: 0.1, Max: 0.3, Diff: 0.3, Sum: 5.2]
      [GC Worker Total (ms): Min: 0.8, Avg: 2.7, Max: 4.6, Diff: 3.8, Sum: 115.6]
      [GC Worker End (ms): Min: 1993951681.8, Avg: 1993951682.0, Max: 1993951682.2, Diff: 0.3]
   [Code Root Fixup: 0.0 ms]
   [Code Root Purge: 0.0 ms]
   [Clear CT: 5.0 ms]
   [Other: 12.2 ms]
      [Choose CSet: 0.0 ms]
      [Ref Proc: 4.2 ms]
      [Ref Enq: 0.0 ms]
      [Redirty Cards: 5.1 ms]
      [Humongous Register: 2.0 ms]
      [Humongous Reclaim: 0.0 ms]
      [Free CSet: 0.2 ms]
   [Eden: 51200.0K(51200.0K)->0.0B(51200.0K) Survivors: 1024.0K->1024.0K Heap: 246.3M(1024.0M)->196.3M(1024.0M)]
 [Times: user=0.06 sys=0.11, real=0.02 secs] 
2023-07-06T19:03:11.047+0000: 1997410.673: [GC pause (G1 Evacuation Pause) (young), 0.0201811 secs]
   [Parallel Time: 4.5 ms, GC Workers: 43]
      [GC Worker Start (ms): Min: 1997410672.9, Avg: 1997410674.3, Max: 1997410675.6, Diff: 2.6]
      [Ext Root Scanning (ms): Min: 0.0, Avg: 0.5, Max: 1.7, Diff: 1.7, Sum: 21.6]
      [Update RS (ms): Min: 0.0, Avg: 0.1, Max: 0.5, Diff: 0.5, Sum: 5.3]
         [Processed Buffers: Min: 0, Avg: 1.4, Max: 6, Diff: 6, Sum: 59]
      [Scan RS (ms): Min: 0.0, Avg: 0.0, Max: 0.0, Diff: 0.0, Sum: 0.5]
      [Code Root Scanning (ms): Min: 0.0, Avg: 0.0, Max: 0.0, Diff: 0.0, Sum: 0.0]
      [Object Copy (ms): Min: 1.0, Avg: 1.6, Max: 1.9, Diff: 0.9, Sum: 69.6]
      [Termination (ms): Min: 0.0, Avg: 0.1, Max: 0.2, Diff: 0.2, Sum: 5.2]
         [Termination Attempts: Min: 1, Avg: 4.9, Max: 8, Diff: 7, Sum: 210]
      [GC Worker Other (ms): Min: 0.0, Avg: 0.1, Max: 0.3, Diff: 0.3, Sum: 3.5]
      [GC Worker Total (ms): Min: 1.2, Avg: 2.5, Max: 4.0, Diff: 2.8, Sum: 105.7]
      [GC Worker End (ms): Min: 1997410676.7, Avg: 1997410676.8, Max: 1997410677.0, Diff: 0.2]
   [Code Root Fixup: 0.0 ms]
   [Code Root Purge: 0.0 ms]
   [Clear CT: 5.3 ms]
   [Other: 10.3 ms]
      [Choose CSet: 0.0 ms]
      [Ref Proc: 4.7 ms]
      [Ref Enq: 0.0 ms]
      [Redirty Cards: 4.9 ms]
      [Humongous Register: 0.1 ms]
      [Humongous Reclaim: 0.0 ms]
      [Free CSet: 0.1 ms]
   [Eden: 51200.0K(51200.0K)->0.0B(51200.0K) Survivors: 1024.0K->1024.0K Heap: 246.3M(1024.0M)->196.3M(1024.0M)]
 [Times: user=0.16 sys=0.00, real=0.02 secs] 
2023-07-06T20:00:50.826+0000: 2000870.452: [GC pause (G1 Evacuation Pause) (young), 0.0218225 secs]
   [Parallel Time: 6.6 ms, GC Workers: 43]
      [GC Worker Start (ms): Min: 2000870451.9, Avg: 2000870453.3, Max: 2000870454.6, Diff: 2.7]
      [Ext Root Scanning (ms): Min: 0.0, Avg: 0.5, Max: 1.7, Diff: 1.7, Sum: 23.3]
      [Update RS (ms): Min: 0.0, Avg: 0.1, Max: 0.4, Diff: 0.4, Sum: 5.2]
         [Processed Buffers: Min: 0, Avg: 1.5, Max: 6, Diff: 6, Sum: 63]
      [Scan RS (ms): Min: 0.0, Avg: 0.0, Max: 0.0, Diff: 0.0, Sum: 0.5]
      [Code Root Scanning (ms): Min: 0.0, Avg: 0.0, Max: 0.0, Diff: 0.0, Sum: 0.0]
      [Object Copy (ms): Min: 1.7, Avg: 2.4, Max: 2.8, Diff: 1.1, Sum: 103.8]
      [Termination (ms): Min: 0.2, Avg: 0.5, Max: 1.0, Diff: 0.8, Sum: 19.6]
         [Termination Attempts: Min: 7, Avg: 9.6, Max: 13, Diff: 6, Sum: 414]
      [GC Worker Other (ms): Min: 0.0, Avg: 0.1, Max: 0.3, Diff: 0.3, Sum: 4.5]
      [GC Worker Total (ms): Min: 2.3, Avg: 3.7, Max: 5.2, Diff: 2.9, Sum: 157.0]
      [GC Worker End (ms): Min: 2000870456.9, Avg: 2000870457.0, Max: 2000870457.2, Diff: 0.3]
   [Code Root Fixup: 0.0 ms]
   [Code Root Purge: 0.0 ms]
   [Clear CT: 5.1 ms]
   [Other: 10.1 ms]
      [Choose CSet: 0.0 ms]
      [Ref Proc: 4.4 ms]
      [Ref Enq: 0.0 ms]
      [Redirty Cards: 5.1 ms]
      [Humongous Register: 0.1 ms]
      [Humongous Reclaim: 0.0 ms]
      [Free CSet: 0.1 ms]
   [Eden: 51200.0K(51200.0K)->0.0B(51200.0K) Survivors: 1024.0K->1024.0K Heap: 246.3M(1024.0M)->196.3M(1024.0M)]
 [Times: user=0.21 sys=0.00, real=0.02 secs] 
2023-07-06T20:58:41.437+0000: 2004341.063: [GC pause (G1 Evacuation Pause) (young), 0.0248208 secs]
   [Parallel Time: 9.0 ms, GC Workers: 43]
      [GC Worker Start (ms): Min: 2004341063.6, Avg: 2004341065.2, Max: 2004341066.6, Diff: 2.9]
      [Ext Root Scanning (ms): Min: 0.0, Avg: 0.7, Max: 6.3, Diff: 6.3, Sum: 28.7]
      [Update RS (ms): Min: 0.0, Avg: 0.1, Max: 0.5, Diff: 0.5, Sum: 5.4]
         [Processed Buffers: Min: 0, Avg: 1.4, Max: 5, Diff: 5, Sum: 62]
      [Scan RS (ms): Min: 0.0, Avg: 0.0, Max: 0.0, Diff: 0.0, Sum: 0.7]
      [Code Root Scanning (ms): Min: 0.0, Avg: 0.0, Max: 0.0, Diff: 0.0, Sum: 0.0]
      [Object Copy (ms): Min: 0.0, Avg: 1.6, Max: 2.0, Diff: 2.0, Sum: 69.8]
      [Termination (ms): Min: 0.0, Avg: 2.4, Max: 2.6, Diff: 2.6, Sum: 102.5]
         [Termination Attempts: Min: 1, Avg: 5.4, Max: 10, Diff: 9, Sum: 232]
      [GC Worker Other (ms): Min: 0.0, Avg: 0.0, Max: 0.1, Diff: 0.1, Sum: 1.4]
      [GC Worker Total (ms): Min: 3.5, Avg: 4.8, Max: 6.3, Diff: 2.8, Sum: 208.5]
      [GC Worker End (ms): Min: 2004341070.0, Avg: 2004341070.0, Max: 2004341070.1, Diff: 0.1]
   [Code Root Fixup: 0.0 ms]
   [Code Root Purge: 0.0 ms]
   [Clear CT: 5.1 ms]
   [Other: 10.7 ms]
      [Choose CSet: 0.0 ms]
      [Ref Proc: 4.6 ms]
      [Ref Enq: 0.0 ms]
      [Redirty Cards: 4.8 ms]
      [Humongous Register: 0.3 ms]
      [Humongous Reclaim: 0.0 ms]
      [Free CSet: 0.4 ms]
   [Eden: 51200.0K(51200.0K)->0.0B(51200.0K) Survivors: 1024.0K->1024.0K Heap: 246.3M(1024.0M)->196.4M(1024.0M)]
 [Times: user=0.27 sys=0.00, real=0.03 secs] 
2023-07-06T21:56:31.544+0000: 2007811.170: [GC pause (G1 Evacuation Pause) (young), 0.0241345 secs]
   [Parallel Time: 6.6 ms, GC Workers: 43]
      [GC Worker Start (ms): Min: 2007811172.4, Avg: 2007811174.3, Max: 2007811177.3, Diff: 4.9]
      [Ext Root Scanning (ms): Min: 0.0, Avg: 0.5, Max: 2.3, Diff: 2.3, Sum: 22.1]
      [Update RS (ms): Min: 0.0, Avg: 0.2, Max: 0.6, Diff: 0.6, Sum: 9.0]
         [Processed Buffers: Min: 0, Avg: 1.6, Max: 14, Diff: 14, Sum: 68]
      [Scan RS (ms): Min: 0.0, Avg: 0.0, Max: 0.0, Diff: 0.0, Sum: 0.4]
      [Code Root Scanning (ms): Min: 0.0, Avg: 0.0, Max: 0.0, Diff: 0.0, Sum: 0.0]
      [Object Copy (ms): Min: 0.0, Avg: 1.4, Max: 1.8, Diff: 1.8, Sum: 59.5]
      [Termination (ms): Min: 0.0, Avg: 1.0, Max: 1.2, Diff: 1.2, Sum: 41.5]
         [Termination Attempts: Min: 1, Avg: 5.1, Max: 9, Diff: 8, Sum: 219]
      [GC Worker Other (ms): Min: 0.0, Avg: 0.0, Max: 0.1, Diff: 0.1, Sum: 1.4]
      [GC Worker Total (ms): Min: 0.0, Avg: 3.1, Max: 5.0, Diff: 5.0, Sum: 133.9]
      [GC Worker End (ms): Min: 2007811177.4, Avg: 2007811177.4, Max: 2007811177.5, Diff: 0.1]
   [Code Root Fixup: 0.0 ms]
   [Code Root Purge: 0.0 ms]
   [Clear CT: 5.2 ms]
   [Other: 12.4 ms]
      [Choose CSet: 0.0 ms]
      [Ref Proc: 4.4 ms]
      [Ref Enq: 0.0 ms]
      [Redirty Cards: 5.4 ms]
      [Humongous Register: 1.8 ms]
      [Humongous Reclaim: 0.0 ms]
      [Free CSet: 0.1 ms]
   [Eden: 51200.0K(51200.0K)->0.0B(51200.0K) Survivors: 1024.0K->1024.0K Heap: 246.4M(1024.0M)->196.4M(1024.0M)]
 [Times: user=0.14 sys=0.08, real=0.02 secs] 
2023-07-06T22:54:26.385+0000: 2011286.011: [GC pause (G1 Evacuation Pause) (young), 0.0167914 secs]
   [Parallel Time: 4.5 ms, GC Workers: 43]
      [GC Worker Start (ms): Min: 2011286011.2, Avg: 2011286012.6, Max: 2011286014.6, Diff: 3.4]
      [Ext Root Scanning (ms): Min: 0.0, Avg: 0.5, Max: 1.7, Diff: 1.7, Sum: 23.1]
      [Update RS (ms): Min: 0.0, Avg: 0.1, Max: 0.4, Diff: 0.4, Sum: 5.5]
         [Processed Buffers: Min: 0, Avg: 1.3, Max: 7, Diff: 7, Sum: 56]
      [Scan RS (ms): Min: 0.0, Avg: 0.0, Max: 0.0, Diff: 0.0, Sum: 0.6]
      [Code Root Scanning (ms): Min: 0.0, Avg: 0.0, Max: 0.0, Diff: 0.0, Sum: 0.0]
      [Object Copy (ms): Min: 0.2, Avg: 1.6, Max: 1.8, Diff: 1.6, Sum: 70.0]
      [Termination (ms): Min: 0.1, Avg: 0.2, Max: 0.3, Diff: 0.2, Sum: 6.9]
         [Termination Attempts: Min: 1, Avg: 5.2, Max: 8, Diff: 7, Sum: 223]
      [GC Worker Other (ms): Min: 0.0, Avg: 0.1, Max: 0.4, Diff: 0.3, Sum: 5.6]
      [GC Worker Total (ms): Min: 0.4, Avg: 2.6, Max: 4.2, Diff: 3.7, Sum: 111.7]
      [GC Worker End (ms): Min: 2011286015.1, Avg: 2011286015.2, Max: 2011286015.4, Diff: 0.3]
   [Code Root Fixup: 0.0 ms]
   [Code Root Purge: 0.0 ms]
   [Clear CT: 4.0 ms]
   [Other: 8.2 ms]
      [Choose CSet: 0.0 ms]
      [Ref Proc: 3.0 ms]
      [Ref Enq: 0.0 ms]
      [Redirty Cards: 4.6 ms]
      [Humongous Register: 0.1 ms]
      [Humongous Reclaim: 0.0 ms]
      [Free CSet: 0.1 ms]
   [Eden: 51200.0K(51200.0K)->0.0B(51200.0K) Survivors: 1024.0K->1024.0K Heap: 246.4M(1024.0M)->196.4M(1024.0M)]
 [Times: user=0.16 sys=0.00, real=0.02 secs] 
2023-07-06T23:52:07.591+0000: 2014747.217: [GC pause (G1 Evacuation Pause) (young), 0.0288711 secs]
   [Parallel Time: 11.5 ms, GC Workers: 43]
      [GC Worker Start (ms): Min: 2014747219.6, Avg: 2014747221.6, Max: 2014747225.8, Diff: 6.3]
      [Ext Root Scanning (ms): Min: 0.0, Avg: 0.7, Max: 8.0, Diff: 8.0, Sum: 30.3]
      [Update RS (ms): Min: 0.0, Avg: 0.2, Max: 0.8, Diff: 0.8, Sum: 7.8]
         [Processed Buffers: Min: 0, Avg: 1.5, Max: 7, Diff: 7, Sum: 65]
      [Scan RS (ms): Min: 0.0, Avg: 0.0, Max: 0.1, Diff: 0.1, Sum: 0.5]
      [Code Root Scanning (ms): Min: 0.0, Avg: 0.0, Max: 0.0, Diff: 0.0, Sum: 0.0]
      [Object Copy (ms): Min: 0.0, Avg: 2.3, Max: 2.9, Diff: 2.8, Sum: 96.9]
      [Termination (ms): Min: 0.0, Avg: 2.9, Max: 3.4, Diff: 3.4, Sum: 126.4]
         [Termination Attempts: Min: 1, Avg: 11.4, Max: 18, Diff: 17, Sum: 489]
      [GC Worker Other (ms): Min: 0.0, Avg: 0.0, Max: 0.1, Diff: 0.1, Sum: 1.8]
      [GC Worker Total (ms): Min: 1.9, Avg: 6.1, Max: 8.1, Diff: 6.2, Sum: 263.7]
      [GC Worker End (ms): Min: 2014747227.6, Avg: 2014747227.7, Max: 2014747227.8, Diff: 0.2]
   [Code Root Fixup: 0.0 ms]
   [Code Root Purge: 0.0 ms]
   [Clear CT: 4.9 ms]
   [Other: 12.5 ms]
      [Choose CSet: 0.0 ms]
      [Ref Proc: 4.7 ms]
      [Ref Enq: 0.0 ms]
      [Redirty Cards: 4.8 ms]
      [Humongous Register: 2.1 ms]
      [Humongous Reclaim: 0.0 ms]
      [Free CSet: 0.2 ms]
   [Eden: 51200.0K(51200.0K)->0.0B(51200.0K) Survivors: 1024.0K->1024.0K Heap: 246.4M(1024.0M)->196.4M(1024.0M)]
 [Times: user=0.34 sys=0.00, real=0.02 secs] 
2023-07-07T00:50:02.588+0000: 2018222.214: [GC pause (G1 Evacuation Pause) (young), 0.0280781 secs]
   [Parallel Time: 8.3 ms, GC Workers: 43]
      [GC Worker Start (ms): Min: 2018222215.9, Avg: 2018222217.6, Max: 2018222222.2, Diff: 6.3]
      [Ext Root Scanning (ms): Min: 0.0, Avg: 0.6, Max: 3.4, Diff: 3.4, Sum: 24.0]
      [Update RS (ms): Min: 0.0, Avg: 0.1, Max: 0.5, Diff: 0.5, Sum: 5.0]
         [Processed Buffers: Min: 0, Avg: 1.3, Max: 7, Diff: 7, Sum: 58]
      [Scan RS (ms): Min: 0.0, Avg: 0.0, Max: 0.0, Diff: 0.0, Sum: 0.4]
      [Code Root Scanning (ms): Min: 0.0, Avg: 0.0, Max: 0.0, Diff: 0.0, Sum: 0.0]
      [Object Copy (ms): Min: 0.0, Avg: 2.6, Max: 3.1, Diff: 3.1, Sum: 113.3]
      [Termination (ms): Min: 0.0, Avg: 1.3, Max: 1.9, Diff: 1.9, Sum: 56.9]
         [Termination Attempts: Min: 1, Avg: 12.3, Max: 18, Diff: 17, Sum: 529]
      [GC Worker Other (ms): Min: 0.0, Avg: 0.0, Max: 0.1, Diff: 0.1, Sum: 1.6]
      [GC Worker Total (ms): Min: 0.0, Avg: 4.7, Max: 6.3, Diff: 6.3, Sum: 201.2]
      [GC Worker End (ms): Min: 2018222222.2, Avg: 2018222222.3, Max: 2018222222.4, Diff: 0.2]
   [Code Root Fixup: 0.0 ms]
   [Code Root Purge: 0.0 ms]
   [Clear CT: 6.4 ms]
   [Other: 13.3 ms]
      [Choose CSet: 0.0 ms]
      [Ref Proc: 5.3 ms]
      [Ref Enq: 0.0 ms]
      [Redirty Cards: 5.2 ms]
      [Humongous Register: 1.8 ms]
      [Humongous Reclaim: 0.0 ms]
      [Free CSet: 0.1 ms]
   [Eden: 51200.0K(51200.0K)->0.0B(51200.0K) Survivors: 1024.0K->1024.0K Heap: 246.4M(1024.0M)->196.3M(1024.0M)]
 [Times: user=0.28 sys=0.00, real=0.03 secs] 
2023-07-07T01:47:57.591+0000: 2021697.217: [GC pause (G1 Evacuation Pause) (young), 0.0281550 secs]
   [Parallel Time: 8.6 ms, GC Workers: 43]
      [GC Worker Start (ms): Min: 2021697219.4, Avg: 2021697221.6, Max: 2021697224.7, Diff: 5.4]
      [Ext Root Scanning (ms): Min: 0.0, Avg: 0.7, Max: 7.2, Diff: 7.2, Sum: 31.7]
      [Update RS (ms): Min: 0.0, Avg: 0.2, Max: 1.2, Diff: 1.2, Sum: 10.6]
         [Processed Buffers: Min: 0, Avg: 1.4, Max: 7, Diff: 7, Sum: 61]
      [Scan RS (ms): Min: 0.0, Avg: 0.0, Max: 0.0, Diff: 0.0, Sum: 0.5]
      [Code Root Scanning (ms): Min: 0.0, Avg: 0.0, Max: 0.0, Diff: 0.0, Sum: 0.0]
      [Object Copy (ms): Min: 0.0, Avg: 1.1, Max: 1.7, Diff: 1.7, Sum: 49.3]
      [Termination (ms): Min: 0.0, Avg: 2.9, Max: 3.2, Diff: 3.2, Sum: 125.1]
         [Termination Attempts: Min: 1, Avg: 5.0, Max: 11, Diff: 10, Sum: 214]
      [GC Worker Other (ms): Min: 0.0, Avg: 0.1, Max: 0.9, Diff: 0.8, Sum: 4.5]
      [GC Worker Total (ms): Min: 1.9, Avg: 5.2, Max: 7.4, Diff: 5.4, Sum: 221.7]
      [GC Worker End (ms): Min: 2021697226.6, Avg: 2021697226.7, Max: 2021697226.8, Diff: 0.2]
   [Code Root Fixup: 0.0 ms]
   [Code Root Purge: 0.0 ms]
   [Clear CT: 5.8 ms]
   [Other: 13.8 ms]
      [Choose CSet: 0.0 ms]
      [Ref Proc: 5.7 ms]
      [Ref Enq: 0.0 ms]
      [Redirty Cards: 5.0 ms]
      [Humongous Register: 2.1 ms]
      [Humongous Reclaim: 0.0 ms]
      [Free CSet: 0.2 ms]
   [Eden: 51200.0K(51200.0K)->0.0B(51200.0K) Survivors: 1024.0K->1024.0K Heap: 246.3M(1024.0M)->196.3M(1024.0M)]
 [Times: user=0.30 sys=0.00, real=0.02 secs] 
2023-07-07T02:45:32.681+0000: 2025152.307: [GC pause (G1 Evacuation Pause) (young), 0.0231071 secs]
   [Parallel Time: 7.9 ms, GC Workers: 43]
      [GC Worker Start (ms): Min: 2025152307.2, Avg: 2025152308.7, Max: 2025152313.1, Diff: 6.0]
      [Ext Root Scanning (ms): Min: 0.0, Avg: 0.7, Max: 6.4, Diff: 6.4, Sum: 29.4]
      [Update RS (ms): Min: 0.0, Avg: 0.1, Max: 0.6, Diff: 0.6, Sum: 4.7]
         [Processed Buffers: Min: 0, Avg: 1.3, Max: 5, Diff: 5, Sum: 56]
      [Scan RS (ms): Min: 0.0, Avg: 0.0, Max: 0.0, Diff: 0.0, Sum: 0.6]
      [Code Root Scanning (ms): Min: 0.0, Avg: 0.0, Max: 0.0, Diff: 0.0, Sum: 0.0]
      [Object Copy (ms): Min: 0.0, Avg: 2.5, Max: 2.9, Diff: 2.9, Sum: 106.9]
      [Termination (ms): Min: 0.0, Avg: 1.7, Max: 2.2, Diff: 2.2, Sum: 71.6]
         [Termination Attempts: Min: 1, Avg: 10.3, Max: 15, Diff: 14, Sum: 442]
      [GC Worker Other (ms): Min: 0.0, Avg: 0.0, Max: 0.1, Diff: 0.1, Sum: 1.0]
      [GC Worker Total (ms): Min: 0.5, Avg: 5.0, Max: 6.4, Diff: 5.9, Sum: 214.3]
      [GC Worker End (ms): Min: 2025152313.6, Avg: 2025152313.6, Max: 2025152313.8, Diff: 0.2]
   [Code Root Fixup: 0.0 ms]
   [Code Root Purge: 0.0 ms]
   [Clear CT: 4.9 ms]
   [Other: 10.3 ms]
      [Choose CSet: 0.0 ms]
      [Ref Proc: 4.7 ms]
      [Ref Enq: 0.0 ms]
      [Redirty Cards: 5.0 ms]
      [Humongous Register: 0.1 ms]
      [Humongous Reclaim: 0.0 ms]
      [Free CSet: 0.1 ms]
   [Eden: 51200.0K(51200.0K)->0.0B(51200.0K) Survivors: 1024.0K->1024.0K Heap: 246.3M(1024.0M)->196.3M(1024.0M)]
 [Times: user=0.26 sys=0.03, real=0.02 secs] 
2023-07-07T03:43:03.603+0000: 2028603.228: [GC pause (G1 Evacuation Pause) (young), 0.0284677 secs]
   [Parallel Time: 7.7 ms, GC Workers: 43]
      [GC Worker Start (ms): Min: 2028603230.7, Avg: 2028603232.7, Max: 2028603234.7, Diff: 4.0]
      [Ext Root Scanning (ms): Min: 0.0, Avg: 0.5, Max: 2.3, Diff: 2.3, Sum: 23.6]
      [Update RS (ms): Min: 0.0, Avg: 0.2, Max: 0.7, Diff: 0.7, Sum: 8.8]
         [Processed Buffers: Min: 0, Avg: 1.5, Max: 7, Diff: 7, Sum: 64]
      [Scan RS (ms): Min: 0.0, Avg: 0.0, Max: 0.0, Diff: 0.0, Sum: 0.4]
      [Code Root Scanning (ms): Min: 0.0, Avg: 0.0, Max: 0.0, Diff: 0.0, Sum: 0.0]
      [Object Copy (ms): Min: 1.3, Avg: 2.6, Max: 3.2, Diff: 1.9, Sum: 113.8]
      [Termination (ms): Min: 0.2, Avg: 0.6, Max: 1.2, Diff: 1.0, Sum: 25.3]
         [Termination Attempts: Min: 6, Avg: 13.2, Max: 19, Diff: 13, Sum: 568]
      [GC Worker Other (ms): Min: 0.0, Avg: 0.2, Max: 0.4, Diff: 0.4, Sum: 6.5]
      [GC Worker Total (ms): Min: 2.1, Avg: 4.1, Max: 6.3, Diff: 4.2, Sum: 178.4]
      [GC Worker End (ms): Min: 2028603236.8, Avg: 2028603236.9, Max: 2028603237.1, Diff: 0.3]
   [Code Root Fixup: 0.0 ms]
   [Code Root Purge: 0.0 ms]
   [Clear CT: 5.5 ms]
   [Other: 15.2 ms]
      [Choose CSet: 0.0 ms]
      [Ref Proc: 6.9 ms]
      [Ref Enq: 0.0 ms]
      [Redirty Cards: 5.4 ms]
      [Humongous Register: 2.0 ms]
      [Humongous Reclaim: 0.0 ms]
      [Free CSet: 0.2 ms]
   [Eden: 51200.0K(51200.0K)->0.0B(51200.0K) Survivors: 1024.0K->1024.0K Heap: 246.3M(1024.0M)->196.4M(1024.0M)]
 [Times: user=0.22 sys=0.01, real=0.03 secs] 
2023-07-07T04:40:56.545+0000: 2032076.170: [GC pause (G1 Evacuation Pause) (young), 0.0240672 secs]
   [Parallel Time: 7.9 ms, GC Workers: 43]
      [GC Worker Start (ms): Min: 2032076173.1, Avg: 2032076175.2, Max: 2032076179.2, Diff: 6.1]
      [Ext Root Scanning (ms): Min: 0.0, Avg: 0.8, Max: 6.7, Diff: 6.7, Sum: 33.2]
      [Update RS (ms): Min: 0.0, Avg: 0.2, Max: 0.6, Diff: 0.6, Sum: 7.8]
         [Processed Buffers: Min: 0, Avg: 1.4, Max: 7, Diff: 7, Sum: 59]
      [Scan RS (ms): Min: 0.0, Avg: 0.0, Max: 0.0, Diff: 0.0, Sum: 0.4]
      [Code Root Scanning (ms): Min: 0.0, Avg: 0.0, Max: 0.0, Diff: 0.0, Sum: 0.0]
      [Object Copy (ms): Min: 0.0, Avg: 1.4, Max: 1.8, Diff: 1.8, Sum: 60.0]
      [Termination (ms): Min: 0.0, Avg: 2.3, Max: 2.7, Diff: 2.7, Sum: 98.3]
         [Termination Attempts: Min: 1, Avg: 5.3, Max: 9, Diff: 8, Sum: 226]
      [GC Worker Other (ms): Min: 0.0, Avg: 0.1, Max: 0.2, Diff: 0.1, Sum: 2.2]
      [GC Worker Total (ms): Min: 0.7, Avg: 4.7, Max: 6.8, Diff: 6.0, Sum: 202.0]
      [GC Worker End (ms): Min: 2032076179.9, Avg: 2032076179.9, Max: 2032076180.0, Diff: 0.1]
   [Code Root Fixup: 0.0 ms]
   [Code Root Purge: 0.0 ms]
   [Clear CT: 4.8 ms]
   [Other: 11.4 ms]
      [Choose CSet: 0.0 ms]
      [Ref Proc: 4.4 ms]
      [Ref Enq: 0.0 ms]
      [Redirty Cards: 4.0 ms]
      [Humongous Register: 2.1 ms]
      [Humongous Reclaim: 0.0 ms]
      [Free CSet: 0.2 ms]
   [Eden: 51200.0K(51200.0K)->0.0B(51200.0K) Survivors: 1024.0K->1024.0K Heap: 246.4M(1024.0M)->196.3M(1024.0M)]
 [Times: user=0.25 sys=0.00, real=0.03 secs] 
2023-07-07T05:38:51.952+0000: 2035551.577: [GC pause (G1 Evacuation Pause) (young), 0.0210625 secs]
   [Parallel Time: 6.2 ms, GC Workers: 43]
      [GC Worker Start (ms): Min: 2035551577.7, Avg: 2035551579.2, Max: 2035551582.6, Diff: 4.9]
      [Ext Root Scanning (ms): Min: 0.0, Avg: 0.5, Max: 1.8, Diff: 1.7, Sum: 22.6]
      [Update RS (ms): Min: 0.0, Avg: 0.1, Max: 0.5, Diff: 0.5, Sum: 6.1]
         [Processed Buffers: Min: 0, Avg: 1.4, Max: 7, Diff: 7, Sum: 59]
      [Scan RS (ms): Min: 0.0, Avg: 0.0, Max: 0.0, Diff: 0.0, Sum: 0.5]
      [Code Root Scanning (ms): Min: 0.0, Avg: 0.0, Max: 0.0, Diff: 0.0, Sum: 0.0]
      [Object Copy (ms): Min: 0.0, Avg: 2.4, Max: 2.8, Diff: 2.8, Sum: 103.9]
      [Termination (ms): Min: 0.0, Avg: 0.4, Max: 1.0, Diff: 1.0, Sum: 17.3]
         [Termination Attempts: Min: 1, Avg: 10.6, Max: 14, Diff: 13, Sum: 455]
      [GC Worker Other (ms): Min: 0.0, Avg: 0.1, Max: 0.3, Diff: 0.3, Sum: 3.9]
      [GC Worker Total (ms): Min: 0.1, Avg: 3.6, Max: 5.2, Diff: 5.1, Sum: 154.3]
      [GC Worker End (ms): Min: 2035551582.7, Avg: 2035551582.8, Max: 2035551583.0, Diff: 0.3]
   [Code Root Fixup: 0.0 ms]
   [Code Root Purge: 0.0 ms]
   [Clear CT: 4.9 ms]
   [Other: 9.9 ms]
      [Choose CSet: 0.0 ms]
      [Ref Proc: 4.4 ms]
      [Ref Enq: 0.0 ms]
      [Redirty Cards: 4.8 ms]
      [Humongous Register: 0.1 ms]
      [Humongous Reclaim: 0.0 ms]
      [Free CSet: 0.1 ms]
   [Eden: 51200.0K(51200.0K)->0.0B(51200.0K) Survivors: 1024.0K->1024.0K Heap: 246.3M(1024.0M)->196.4M(1024.0M)]
 [Times: user=0.20 sys=0.00, real=0.02 secs] 
2023-07-07T06:36:37.591+0000: 2039017.217: [GC pause (G1 Evacuation Pause) (young), 0.0269712 secs]
   [Parallel Time: 9.0 ms, GC Workers: 43]
      [GC Worker Start (ms): Min: 2039017219.4, Avg: 2039017221.5, Max: 2039017223.3, Diff: 3.9]
      [Ext Root Scanning (ms): Min: 0.0, Avg: 0.7, Max: 7.6, Diff: 7.6, Sum: 31.3]
      [Update RS (ms): Min: 0.0, Avg: 0.2, Max: 0.7, Diff: 0.7, Sum: 7.3]
         [Processed Buffers: Min: 0, Avg: 1.6, Max: 6, Diff: 6, Sum: 68]
      [Scan RS (ms): Min: 0.0, Avg: 0.0, Max: 0.0, Diff: 0.0, Sum: 0.5]
      [Code Root Scanning (ms): Min: 0.0, Avg: 0.0, Max: 0.0, Diff: 0.0, Sum: 0.0]
      [Object Copy (ms): Min: 0.0, Avg: 2.6, Max: 3.2, Diff: 3.2, Sum: 110.6]
      [Termination (ms): Min: 0.0, Avg: 2.1, Max: 2.7, Diff: 2.7, Sum: 89.6]
         [Termination Attempts: Min: 1, Avg: 12.0, Max: 18, Diff: 17, Sum: 515]
      [GC Worker Other (ms): Min: 0.0, Avg: 0.1, Max: 0.2, Diff: 0.2, Sum: 2.3]
      [GC Worker Total (ms): Min: 3.8, Avg: 5.6, Max: 7.6, Diff: 3.9, Sum: 241.6]
      [GC Worker End (ms): Min: 2039017227.0, Avg: 2039017227.1, Max: 2039017227.2, Diff: 0.2]
   [Code Root Fixup: 0.0 ms]
   [Code Root Purge: 0.0 ms]
   [Clear CT: 5.2 ms]
   [Other: 12.7 ms]
      [Choose CSet: 0.0 ms]
      [Ref Proc: 4.4 ms]
      [Ref Enq: 0.0 ms]
      [Redirty Cards: 5.3 ms]
      [Humongous Register: 2.1 ms]
      [Humongous Reclaim: 0.0 ms]
      [Free CSet: 0.2 ms]
   [Eden: 51200.0K(51200.0K)->0.0B(51200.0K) Survivors: 1024.0K->1024.0K Heap: 246.4M(1024.0M)->196.4M(1024.0M)]
 [Times: user=0.29 sys=0.00, real=0.02 secs] 
2023-07-07T07:34:27.591+0000: 2042487.217: [GC pause (G1 Evacuation Pause) (young), 0.0250597 secs]
   [Parallel Time: 8.5 ms, GC Workers: 43]
      [GC Worker Start (ms): Min: 2042487219.4, Avg: 2042487221.3, Max: 2042487223.2, Diff: 3.8]
      [Ext Root Scanning (ms): Min: 0.0, Avg: 0.8, Max: 7.2, Diff: 7.2, Sum: 36.0]
      [Update RS (ms): Min: 0.0, Avg: 0.2, Max: 0.7, Diff: 0.7, Sum: 8.1]
         [Processed Buffers: Min: 0, Avg: 1.4, Max: 7, Diff: 7, Sum: 61]
      [Scan RS (ms): Min: 0.0, Avg: 0.0, Max: 0.0, Diff: 0.0, Sum: 0.4]
      [Code Root Scanning (ms): Min: 0.0, Avg: 0.0, Max: 0.0, Diff: 0.0, Sum: 0.0]
      [Object Copy (ms): Min: 0.0, Avg: 1.5, Max: 2.0, Diff: 1.9, Sum: 64.3]
      [Termination (ms): Min: 0.0, Avg: 2.8, Max: 3.1, Diff: 3.1, Sum: 121.0]
         [Termination Attempts: Min: 1, Avg: 4.8, Max: 10, Diff: 9, Sum: 208]
      [GC Worker Other (ms): Min: 0.0, Avg: 0.0, Max: 0.1, Diff: 0.1, Sum: 1.6]
      [GC Worker Total (ms): Min: 3.6, Avg: 5.4, Max: 7.3, Diff: 3.7, Sum: 231.5]
      [GC Worker End (ms): Min: 2042487226.7, Avg: 2042487226.7, Max: 2042487226.9, Diff: 0.2]
   [Code Root Fixup: 0.0 ms]
   [Code Root Purge: 0.0 ms]
   [Clear CT: 4.8 ms]
   [Other: 11.7 ms]
      [Choose CSet: 0.0 ms]
      [Ref Proc: 3.8 ms]
      [Ref Enq: 0.0 ms]
      [Redirty Cards: 4.9 ms]
      [Humongous Register: 2.1 ms]
      [Humongous Reclaim: 0.0 ms]
      [Free CSet: 0.2 ms]
   [Eden: 51200.0K(51200.0K)->0.0B(51200.0K) Survivors: 1024.0K->1024.0K Heap: 246.4M(1024.0M)->196.4M(1024.0M)]
 [Times: user=0.29 sys=0.00, real=0.02 secs] 
2023-07-07T08:32:04.572+0000: 2045944.197: [GC pause (G1 Evacuation Pause) (young), 0.0244529 secs]
   [Parallel Time: 8.7 ms, GC Workers: 43]
      [GC Worker Start (ms): Min: 2045944197.8, Avg: 2045944199.1, Max: 2045944200.3, Diff: 2.6]
      [Ext Root Scanning (ms): Min: 0.0, Avg: 0.7, Max: 6.9, Diff: 6.9, Sum: 32.1]
      [Update RS (ms): Min: 0.0, Avg: 0.2, Max: 0.7, Diff: 0.7, Sum: 6.7]
         [Processed Buffers: Min: 0, Avg: 1.4, Max: 5, Diff: 5, Sum: 59]
      [Scan RS (ms): Min: 0.0, Avg: 0.0, Max: 0.0, Diff: 0.0, Sum: 0.5]
      [Code Root Scanning (ms): Min: 0.0, Avg: 0.0, Max: 0.0, Diff: 0.0, Sum: 0.0]
      [Object Copy (ms): Min: 0.0, Avg: 2.9, Max: 3.3, Diff: 3.3, Sum: 123.2]
      [Termination (ms): Min: 0.0, Avg: 1.9, Max: 2.2, Diff: 2.2, Sum: 79.6]
         [Termination Attempts: Min: 1, Avg: 12.4, Max: 18, Diff: 17, Sum: 533]
      [GC Worker Other (ms): Min: 0.0, Avg: 0.0, Max: 0.2, Diff: 0.1, Sum: 1.3]
      [GC Worker Total (ms): Min: 4.5, Avg: 5.7, Max: 6.9, Diff: 2.5, Sum: 243.5]
      [GC Worker End (ms): Min: 2045944204.7, Avg: 2045944204.8, Max: 2045944204.9, Diff: 0.2]
   [Code Root Fixup: 0.0 ms]
   [Code Root Purge: 0.0 ms]
   [Clear CT: 5.3 ms]
   [Other: 10.4 ms]
      [Choose CSet: 0.0 ms]
      [Ref Proc: 4.4 ms]
      [Ref Enq: 0.0 ms]
      [Redirty Cards: 5.3 ms]
      [Humongous Register: 0.1 ms]
      [Humongous Reclaim: 0.0 ms]
      [Free CSet: 0.1 ms]
   [Eden: 51200.0K(51200.0K)->0.0B(51200.0K) Survivors: 1024.0K->1024.0K Heap: 246.4M(1024.0M)->196.4M(1024.0M)]
 [Times: user=0.28 sys=0.01, real=0.02 secs] 
2023-07-07T09:29:42.591+0000: 2049402.217: [GC pause (G1 Evacuation Pause) (young), 0.0308678 secs]
   [Parallel Time: 8.1 ms, GC Workers: 43]
      [GC Worker Start (ms): Min: 2049402219.2, Avg: 2049402221.4, Max: 2049402224.9, Diff: 5.7]
      [Ext Root Scanning (ms): Min: 0.0, Avg: 0.5, Max: 2.3, Diff: 2.3, Sum: 23.1]
      [Update RS (ms): Min: 0.0, Avg: 0.1, Max: 0.5, Diff: 0.5, Sum: 5.0]
         [Processed Buffers: Min: 0, Avg: 1.4, Max: 8, Diff: 8, Sum: 62]
      [Scan RS (ms): Min: 0.0, Avg: 0.0, Max: 0.0, Diff: 0.0, Sum: 0.5]
      [Code Root Scanning (ms): Min: 0.0, Avg: 0.0, Max: 0.0, Diff: 0.0, Sum: 0.0]
      [Object Copy (ms): Min: 0.0, Avg: 1.2, Max: 1.7, Diff: 1.7, Sum: 52.3]
      [Termination (ms): Min: 0.0, Avg: 1.7, Max: 2.1, Diff: 2.1, Sum: 74.9]
         [Termination Attempts: Min: 1, Avg: 5.2, Max: 10, Diff: 9, Sum: 224]
      [GC Worker Other (ms): Min: 0.0, Avg: 0.0, Max: 0.2, Diff: 0.1, Sum: 2.0]
      [GC Worker Total (ms): Min: 0.1, Avg: 3.7, Max: 5.8, Diff: 5.8, Sum: 157.8]
      [GC Worker End (ms): Min: 2049402224.9, Avg: 2049402225.0, Max: 2049402225.2, Diff: 0.2]
   [Code Root Fixup: 0.0 ms]
   [Code Root Purge: 0.0 ms]
   [Clear CT: 5.5 ms]
   [Other: 17.3 ms]
      [Choose CSet: 0.0 ms]
      [Ref Proc: 8.6 ms]
      [Ref Enq: 0.0 ms]
      [Redirty Cards: 5.6 ms]
      [Humongous Register: 2.1 ms]
      [Humongous Reclaim: 0.0 ms]
      [Free CSet: 0.2 ms]
   [Eden: 51200.0K(51200.0K)->0.0B(51200.0K) Survivors: 1024.0K->1024.0K Heap: 246.4M(1024.0M)->196.3M(1024.0M)]
 [Times: user=0.27 sys=0.00, real=0.03 secs] 
2023-07-07T10:27:22.591+0000: 2052862.217: [GC pause (G1 Evacuation Pause) (young), 0.0235677 secs]
   [Parallel Time: 7.3 ms, GC Workers: 43]
      [GC Worker Start (ms): Min: 2052862216.9, Avg: 2052862218.4, Max: 2052862222.5, Diff: 5.7]
      [Ext Root Scanning (ms): Min: 0.0, Avg: 0.5, Max: 1.8, Diff: 1.8, Sum: 23.1]
      [Update RS (ms): Min: 0.0, Avg: 0.1, Max: 0.5, Diff: 0.5, Sum: 5.1]
         [Processed Buffers: Min: 0, Avg: 1.3, Max: 7, Diff: 7, Sum: 58]
      [Scan RS (ms): Min: 0.0, Avg: 0.0, Max: 0.0, Diff: 0.0, Sum: 0.5]
      [Code Root Scanning (ms): Min: 0.0, Avg: 0.0, Max: 0.0, Diff: 0.0, Sum: 0.0]
      [Object Copy (ms): Min: 0.0, Avg: 2.3, Max: 2.7, Diff: 2.7, Sum: 101.0]
      [Termination (ms): Min: 0.0, Avg: 1.1, Max: 1.5, Diff: 1.5, Sum: 48.7]
         [Termination Attempts: Min: 1, Avg: 9.3, Max: 13, Diff: 12, Sum: 401]
      [GC Worker Other (ms): Min: 0.0, Avg: 0.1, Max: 0.3, Diff: 0.3, Sum: 3.3]
      [GC Worker Total (ms): Min: 0.0, Avg: 4.2, Max: 5.8, Diff: 5.8, Sum: 181.6]
      [GC Worker End (ms): Min: 2052862222.6, Avg: 2052862222.6, Max: 2052862222.8, Diff: 0.3]
   [Code Root Fixup: 0.0 ms]
   [Code Root Purge: 0.0 ms]
   [Clear CT: 5.5 ms]
   [Other: 10.8 ms]
      [Choose CSet: 0.0 ms]
      [Ref Proc: 4.9 ms]
      [Ref Enq: 0.0 ms]
      [Redirty Cards: 5.2 ms]
      [Humongous Register: 0.1 ms]
      [Humongous Reclaim: 0.0 ms]
      [Free CSet: 0.1 ms]
   [Eden: 51200.0K(51200.0K)->0.0B(51200.0K) Survivors: 1024.0K->1024.0K Heap: 246.3M(1024.0M)->196.4M(1024.0M)]
 [Times: user=0.25 sys=0.00, real=0.02 secs] 
2023-07-07T11:24:57.612+0000: 2056317.238: [GC pause (G1 Evacuation Pause) (young), 0.0272514 secs]
   [Parallel Time: 9.4 ms, GC Workers: 43]
      [GC Worker Start (ms): Min: 2056317240.3, Avg: 2056317242.3, Max: 2056317244.3, Diff: 4.0]
      [Ext Root Scanning (ms): Min: 0.0, Avg: 0.8, Max: 7.9, Diff: 7.8, Sum: 33.3]
      [Update RS (ms): Min: 0.0, Avg: 0.2, Max: 0.6, Diff: 0.6, Sum: 7.8]
         [Processed Buffers: Min: 0, Avg: 1.4, Max: 6, Diff: 6, Sum: 61]
      [Scan RS (ms): Min: 0.0, Avg: 0.0, Max: 0.0, Diff: 0.0, Sum: 0.4]
      [Code Root Scanning (ms): Min: 0.0, Avg: 0.0, Max: 0.0, Diff: 0.0, Sum: 0.0]
      [Object Copy (ms): Min: 0.0, Avg: 2.6, Max: 3.2, Diff: 3.2, Sum: 109.9]
      [Termination (ms): Min: 0.0, Avg: 2.4, Max: 3.2, Diff: 3.2, Sum: 103.8]
         [Termination Attempts: Min: 1, Avg: 12.1, Max: 16, Diff: 15, Sum: 521]
      [GC Worker Other (ms): Min: 0.0, Avg: 0.0, Max: 0.1, Diff: 0.1, Sum: 2.1]
      [GC Worker Total (ms): Min: 4.0, Avg: 6.0, Max: 7.9, Diff: 3.9, Sum: 257.2]
      [GC Worker End (ms): Min: 2056317248.2, Avg: 2056317248.3, Max: 2056317248.5, Diff: 0.2]
   [Code Root Fixup: 0.0 ms]
   [Code Root Purge: 0.0 ms]
   [Clear CT: 4.9 ms]
   [Other: 13.0 ms]
      [Choose CSet: 0.0 ms]
      [Ref Proc: 4.9 ms]
      [Ref Enq: 0.0 ms]
      [Redirty Cards: 5.0 ms]
      [Humongous Register: 2.1 ms]
      [Humongous Reclaim: 0.0 ms]
      [Free CSet: 0.2 ms]
   [Eden: 51200.0K(51200.0K)->0.0B(51200.0K) Survivors: 1024.0K->1024.0K Heap: 246.4M(1024.0M)->196.3M(1024.0M)]
 [Times: user=0.32 sys=0.00, real=0.02 secs] 
2023-07-07T12:22:32.691+0000: 2059772.316: [GC pause (G1 Evacuation Pause) (young), 0.0238505 secs]
   [Parallel Time: 8.3 ms, GC Workers: 43]
      [GC Worker Start (ms): Min: 2059772316.6, Avg: 2059772318.0, Max: 2059772319.2, Diff: 2.6]
      [Ext Root Scanning (ms): Min: 0.0, Avg: 0.7, Max: 6.3, Diff: 6.3, Sum: 29.7]
      [Update RS (ms): Min: 0.0, Avg: 0.2, Max: 0.5, Diff: 0.5, Sum: 7.1]
         [Processed Buffers: Min: 0, Avg: 1.5, Max: 6, Diff: 6, Sum: 63]
      [Scan RS (ms): Min: 0.0, Avg: 0.0, Max: 0.0, Diff: 0.0, Sum: 0.4]
      [Code Root Scanning (ms): Min: 0.0, Avg: 0.0, Max: 0.0, Diff: 0.0, Sum: 0.0]
      [Object Copy (ms): Min: 0.0, Avg: 1.7, Max: 2.0, Diff: 2.0, Sum: 71.2]
      [Termination (ms): Min: 0.0, Avg: 2.5, Max: 2.8, Diff: 2.8, Sum: 107.8]
         [Termination Attempts: Min: 1, Avg: 4.3, Max: 8, Diff: 7, Sum: 184]
      [GC Worker Other (ms): Min: 0.0, Avg: 0.0, Max: 0.1, Diff: 0.1, Sum: 0.9]
      [GC Worker Total (ms): Min: 3.9, Avg: 5.1, Max: 6.3, Diff: 2.5, Sum: 217.3]
      [GC Worker End (ms): Min: 2059772323.0, Avg: 2059772323.0, Max: 2059772323.1, Diff: 0.1]
   [Code Root Fixup: 0.0 ms]
   [Code Root Purge: 0.0 ms]
   [Clear CT: 4.9 ms]
   [Other: 10.6 ms]
      [Choose CSet: 0.0 ms]
      [Ref Proc: 5.1 ms]
      [Ref Enq: 0.0 ms]
      [Redirty Cards: 4.9 ms]
      [Humongous Register: 0.1 ms]
      [Humongous Reclaim: 0.0 ms]
      [Free CSet: 0.1 ms]
   [Eden: 51200.0K(51200.0K)->0.0B(51200.0K) Survivors: 1024.0K->1024.0K Heap: 246.3M(1024.0M)->196.4M(1024.0M)]
 [Times: user=0.27 sys=0.00, real=0.02 secs] 
2023-07-07T13:20:07.769+0000: 2063227.395: [GC pause (G1 Evacuation Pause) (young), 0.0274922 secs]
   [Parallel Time: 9.7 ms, GC Workers: 43]
      [GC Worker Start (ms): Min: 2063227397.5, Avg: 2063227399.5, Max: 2063227402.7, Diff: 5.3]
      [Ext Root Scanning (ms): Min: 0.0, Avg: 0.8, Max: 7.6, Diff: 7.6, Sum: 33.4]
      [Update RS (ms): Min: 0.0, Avg: 0.2, Max: 0.6, Diff: 0.6, Sum: 9.2]
         [Processed Buffers: Min: 0, Avg: 1.6, Max: 6, Diff: 6, Sum: 69]
      [Scan RS (ms): Min: 0.0, Avg: 0.0, Max: 0.0, Diff: 0.0, Sum: 0.5]
      [Code Root Scanning (ms): Min: 0.0, Avg: 0.0, Max: 0.0, Diff: 0.0, Sum: 0.0]
      [Object Copy (ms): Min: 0.0, Avg: 2.4, Max: 2.9, Diff: 2.9, Sum: 103.7]
      [Termination (ms): Min: 0.0, Avg: 2.3, Max: 3.1, Diff: 3.1, Sum: 97.0]
         [Termination Attempts: Min: 1, Avg: 11.6, Max: 16, Diff: 15, Sum: 497]
      [GC Worker Other (ms): Min: 0.0, Avg: 0.0, Max: 0.1, Diff: 0.0, Sum: 1.8]
      [GC Worker Total (ms): Min: 2.4, Avg: 5.7, Max: 7.7, Diff: 5.3, Sum: 245.5]
      [GC Worker End (ms): Min: 2063227405.1, Avg: 2063227405.2, Max: 2063227405.3, Diff: 0.2]
   [Code Root Fixup: 0.0 ms]
   [Code Root Purge: 0.0 ms]
   [Clear CT: 5.6 ms]
   [Other: 12.2 ms]
      [Choose CSet: 0.0 ms]
      [Ref Proc: 4.6 ms]
      [Ref Enq: 0.0 ms]
      [Redirty Cards: 4.5 ms]
      [Humongous Register: 2.0 ms]
      [Humongous Reclaim: 0.0 ms]
      [Free CSet: 0.2 ms]
   [Eden: 51200.0K(51200.0K)->0.0B(51200.0K) Survivors: 1024.0K->1024.0K Heap: 246.4M(1024.0M)->196.4M(1024.0M)]
 [Times: user=0.24 sys=0.06, real=0.02 secs] 
2023-07-07T14:17:52.591+0000: 2066692.217: [GC pause (G1 Evacuation Pause) (young), 0.0262389 secs]
   [Parallel Time: 7.8 ms, GC Workers: 43]
      [GC Worker Start (ms): Min: 2066692217.0, Avg: 2066692218.3, Max: 2066692219.5, Diff: 2.5]
      [Ext Root Scanning (ms): Min: 0.0, Avg: 0.8, Max: 6.5, Diff: 6.5, Sum: 33.9]
      [Update RS (ms): Min: 0.0, Avg: 0.2, Max: 0.6, Diff: 0.6, Sum: 7.6]
         [Processed Buffers: Min: 0, Avg: 1.4, Max: 5, Diff: 5, Sum: 59]
      [Scan RS (ms): Min: 0.0, Avg: 0.0, Max: 0.0, Diff: 0.0, Sum: 0.5]
      [Code Root Scanning (ms): Min: 0.0, Avg: 0.0, Max: 0.0, Diff: 0.0, Sum: 0.0]
      [Object Copy (ms): Min: 0.0, Avg: 2.5, Max: 3.0, Diff: 3.0, Sum: 109.5]
      [Termination (ms): Min: 0.0, Avg: 1.7, Max: 2.2, Diff: 2.2, Sum: 74.8]
         [Termination Attempts: Min: 1, Avg: 10.7, Max: 14, Diff: 13, Sum: 462]
      [GC Worker Other (ms): Min: 0.0, Avg: 0.1, Max: 0.3, Diff: 0.3, Sum: 2.6]
      [GC Worker Total (ms): Min: 4.1, Avg: 5.3, Max: 6.5, Diff: 2.5, Sum: 228.9]
      [GC Worker End (ms): Min: 2066692223.5, Avg: 2066692223.6, Max: 2066692223.7, Diff: 0.2]
   [Code Root Fixup: 0.0 ms]
   [Code Root Purge: 0.0 ms]
   [Clear CT: 5.5 ms]
   [Other: 12.9 ms]
      [Choose CSet: 0.0 ms]
      [Ref Proc: 6.7 ms]
      [Ref Enq: 0.0 ms]
      [Redirty Cards: 5.5 ms]
      [Humongous Register: 0.1 ms]
      [Humongous Reclaim: 0.0 ms]
      [Free CSet: 0.2 ms]
   [Eden: 51200.0K(51200.0K)->0.0B(51200.0K) Survivors: 1024.0K->1024.0K Heap: 246.4M(1024.0M)->196.4M(1024.0M)]
 [Times: user=0.28 sys=0.00, real=0.02 secs] 
2023-07-07T15:15:47.591+0000: 2070167.217: [GC pause (G1 Evacuation Pause) (young), 0.0274902 secs]
   [Parallel Time: 8.3 ms, GC Workers: 43]
      [GC Worker Start (ms): Min: 2070167219.2, Avg: 2070167221.2, Max: 2070167223.2, Diff: 4.0]
      [Ext Root Scanning (ms): Min: 0.0, Avg: 0.6, Max: 3.4, Diff: 3.4, Sum: 24.1]
      [Update RS (ms): Min: 0.0, Avg: 0.1, Max: 0.7, Diff: 0.7, Sum: 5.4]
         [Processed Buffers: Min: 0, Avg: 1.4, Max: 6, Diff: 6, Sum: 60]
      [Scan RS (ms): Min: 0.0, Avg: 0.0, Max: 0.0, Diff: 0.0, Sum: 0.5]
      [Code Root Scanning (ms): Min: 0.0, Avg: 0.0, Max: 0.0, Diff: 0.0, Sum: 0.0]
      [Object Copy (ms): Min: 1.5, Avg: 2.9, Max: 3.6, Diff: 2.1, Sum: 126.0]
      [Termination (ms): Min: 0.4, Avg: 0.8, Max: 1.8, Diff: 1.4, Sum: 34.3]
         [Termination Attempts: Min: 6, Avg: 13.9, Max: 21, Diff: 15, Sum: 597]
      [GC Worker Other (ms): Min: 0.0, Avg: 0.1, Max: 0.3, Diff: 0.3, Sum: 5.0]
      [GC Worker Total (ms): Min: 2.6, Avg: 4.5, Max: 6.7, Diff: 4.1, Sum: 195.5]
      [GC Worker End (ms): Min: 2070167225.6, Avg: 2070167225.7, Max: 2070167225.9, Diff: 0.3]
   [Code Root Fixup: 0.0 ms]
   [Code Root Purge: 0.0 ms]
   [Clear CT: 5.4 ms]
   [Other: 13.8 ms]
      [Choose CSet: 0.0 ms]
      [Ref Proc: 5.1 ms]
      [Ref Enq: 0.0 ms]
      [Redirty Cards: 5.4 ms]
      [Humongous Register: 2.1 ms]
      [Humongous Reclaim: 0.0 ms]
      [Free CSet: 0.3 ms]
   [Eden: 51200.0K(51200.0K)->0.0B(51200.0K) Survivors: 1024.0K->1024.0K Heap: 246.4M(1024.0M)->196.4M(1024.0M)]
 [Times: user=0.22 sys=0.04, real=0.02 secs] 
2023-07-07T16:13:37.591+0000: 2073637.217: [GC pause (G1 Evacuation Pause) (young), 0.0275256 secs]
   [Parallel Time: 9.8 ms, GC Workers: 43]
      [GC Worker Start (ms): Min: 2073637219.5, Avg: 2073637221.4, Max: 2073637223.3, Diff: 3.8]
      [Ext Root Scanning (ms): Min: 0.0, Avg: 0.7, Max: 6.8, Diff: 6.8, Sum: 32.1]
      [Update RS (ms): Min: 0.0, Avg: 0.2, Max: 0.6, Diff: 0.6, Sum: 7.3]
         [Processed Buffers: Min: 0, Avg: 1.4, Max: 8, Diff: 8, Sum: 60]
      [Scan RS (ms): Min: 0.0, Avg: 0.0, Max: 0.0, Diff: 0.0, Sum: 0.4]
      [Code Root Scanning (ms): Min: 0.0, Avg: 0.0, Max: 0.0, Diff: 0.0, Sum: 0.0]
      [Object Copy (ms): Min: 0.0, Avg: 1.5, Max: 2.0, Diff: 2.0, Sum: 65.6]
      [Termination (ms): Min: 0.0, Avg: 2.6, Max: 3.0, Diff: 3.0, Sum: 110.5]
         [Termination Attempts: Min: 1, Avg: 5.3, Max: 10, Diff: 9, Sum: 229]
      [GC Worker Other (ms): Min: 0.0, Avg: 0.0, Max: 0.1, Diff: 0.1, Sum: 1.8]
      [GC Worker Total (ms): Min: 3.2, Avg: 5.1, Max: 6.9, Diff: 3.7, Sum: 217.8]
      [GC Worker End (ms): Min: 2073637226.4, Avg: 2073637226.5, Max: 2073637226.6, Diff: 0.2]
   [Code Root Fixup: 0.0 ms]
   [Code Root Purge: 0.0 ms]
   [Clear CT: 5.5 ms]
   [Other: 12.2 ms]
      [Choose CSet: 0.0 ms]
      [Ref Proc: 3.6 ms]
      [Ref Enq: 0.0 ms]
      [Redirty Cards: 5.8 ms]
      [Humongous Register: 2.1 ms]
      [Humongous Reclaim: 0.0 ms]
      [Free CSet: 0.2 ms]
   [Eden: 51200.0K(51200.0K)->0.0B(51200.0K) Survivors: 1024.0K->1024.0K Heap: 246.4M(1024.0M)->196.4M(1024.0M)]
 [Times: user=0.27 sys=0.00, real=0.02 secs] 
2023-07-07T17:11:27.591+0000: 2077107.217: [GC pause (G1 Evacuation Pause) (young), 0.0241221 secs]
   [Parallel Time: 9.0 ms, GC Workers: 43]
      [GC Worker Start (ms): Min: 2077107216.9, Avg: 2077107218.3, Max: 2077107219.5, Diff: 2.6]
      [Ext Root Scanning (ms): Min: 0.0, Avg: 0.7, Max: 6.6, Diff: 6.6, Sum: 29.6]
      [Update RS (ms): Min: 0.0, Avg: 0.2, Max: 0.5, Diff: 0.5, Sum: 7.3]
         [Processed Buffers: Min: 0, Avg: 1.5, Max: 5, Diff: 5, Sum: 64]
      [Scan RS (ms): Min: 0.0, Avg: 0.0, Max: 0.0, Diff: 0.0, Sum: 0.5]
      [Code Root Scanning (ms): Min: 0.0, Avg: 0.0, Max: 0.0, Diff: 0.0, Sum: 0.0]
      [Object Copy (ms): Min: 0.0, Avg: 2.7, Max: 3.1, Diff: 3.1, Sum: 116.3]
      [Termination (ms): Min: 0.0, Avg: 1.7, Max: 2.2, Diff: 2.2, Sum: 73.8]
         [Termination Attempts: Min: 1, Avg: 10.8, Max: 15, Diff: 14, Sum: 464]
      [GC Worker Other (ms): Min: 0.0, Avg: 0.0, Max: 0.0, Diff: 0.0, Sum: 0.8]
      [GC Worker Total (ms): Min: 4.1, Avg: 5.3, Max: 6.7, Diff: 2.6, Sum: 228.2]
      [GC Worker End (ms): Min: 2077107223.6, Avg: 2077107223.6, Max: 2077107223.8, Diff: 0.2]
   [Code Root Fixup: 0.0 ms]
   [Code Root Purge: 0.0 ms]
   [Clear CT: 5.2 ms]
   [Other: 9.9 ms]
      [Choose CSet: 0.0 ms]
      [Ref Proc: 4.0 ms]
      [Ref Enq: 0.0 ms]
      [Redirty Cards: 5.3 ms]
      [Humongous Register: 0.1 ms]
      [Humongous Reclaim: 0.0 ms]
      [Free CSet: 0.1 ms]
   [Eden: 51200.0K(51200.0K)->0.0B(51200.0K) Survivors: 1024.0K->1024.0K Heap: 246.4M(1024.0M)->196.4M(1024.0M)]
 [Times: user=0.27 sys=0.00, real=0.02 secs] 
2023-07-07T18:09:07.939+0000: 2080567.565: [GC pause (G1 Evacuation Pause) (young), 0.0271454 secs]
   [Parallel Time: 8.8 ms, GC Workers: 43]
      [GC Worker Start (ms): Min: 2080567567.3, Avg: 2080567569.6, Max: 2080567572.7, Diff: 5.4]
      [Ext Root Scanning (ms): Min: 0.0, Avg: 0.5, Max: 2.3, Diff: 2.3, Sum: 22.3]
      [Update RS (ms): Min: 0.0, Avg: 0.2, Max: 0.6, Diff: 0.6, Sum: 6.7]
         [Processed Buffers: Min: 0, Avg: 1.4, Max: 9, Diff: 9, Sum: 62]
      [Scan RS (ms): Min: 0.0, Avg: 0.0, Max: 0.0, Diff: 0.0, Sum: 0.5]
      [Code Root Scanning (ms): Min: 0.0, Avg: 0.0, Max: 0.0, Diff: 0.0, Sum: 0.0]
      [Object Copy (ms): Min: 0.0, Avg: 1.5, Max: 2.0, Diff: 2.0, Sum: 63.7]
      [Termination (ms): Min: 0.0, Avg: 1.0, Max: 1.2, Diff: 1.2, Sum: 42.3]
         [Termination Attempts: Min: 1, Avg: 5.0, Max: 10, Diff: 9, Sum: 214]
      [GC Worker Other (ms): Min: 0.0, Avg: 0.1, Max: 0.3, Diff: 0.3, Sum: 4.8]
      [GC Worker Total (ms): Min: 0.1, Avg: 3.3, Max: 5.5, Diff: 5.4, Sum: 140.3]
      [GC Worker End (ms): Min: 2080567572.8, Avg: 2080567572.9, Max: 2080567573.1, Diff: 0.3]
   [Code Root Fixup: 0.0 ms]
   [Code Root Purge: 0.0 ms]
   [Clear CT: 5.1 ms]
   [Other: 13.2 ms]
      [Choose CSet: 0.0 ms]
      [Ref Proc: 5.1 ms]
      [Ref Enq: 0.0 ms]
      [Redirty Cards: 5.1 ms]
      [Humongous Register: 2.1 ms]
      [Humongous Reclaim: 0.0 ms]
      [Free CSet: 0.2 ms]
   [Eden: 51200.0K(51200.0K)->0.0B(51200.0K) Survivors: 1024.0K->1024.0K Heap: 246.4M(1024.0M)->196.4M(1024.0M)]
 [Times: user=0.22 sys=0.00, real=0.03 secs] 
2023-07-07T19:06:52.591+0000: 2084032.217: [GC pause (G1 Evacuation Pause) (young), 0.0249204 secs]
   [Parallel Time: 9.0 ms, GC Workers: 43]
      [GC Worker Start (ms): Min: 2084032217.2, Avg: 2084032218.9, Max: 2084032222.7, Diff: 5.5]
      [Ext Root Scanning (ms): Min: 0.0, Avg: 0.9, Max: 6.7, Diff: 6.7, Sum: 40.8]
      [Update RS (ms): Min: 0.0, Avg: 0.2, Max: 0.6, Diff: 0.6, Sum: 8.0]
         [Processed Buffers: Min: 0, Avg: 1.3, Max: 5, Diff: 5, Sum: 56]
      [Scan RS (ms): Min: 0.0, Avg: 0.0, Max: 0.0, Diff: 0.0, Sum: 0.5]
      [Code Root Scanning (ms): Min: 0.0, Avg: 0.0, Max: 0.0, Diff: 0.0, Sum: 0.0]
      [Object Copy (ms): Min: 0.0, Avg: 2.0, Max: 2.3, Diff: 2.3, Sum: 85.7]
      [Termination (ms): Min: 0.0, Avg: 1.9, Max: 2.3, Diff: 2.3, Sum: 81.7]
         [Termination Attempts: Min: 1, Avg: 8.7, Max: 12, Diff: 11, Sum: 375]
      [GC Worker Other (ms): Min: 0.0, Avg: 0.0, Max: 0.3, Diff: 0.2, Sum: 2.0]
      [GC Worker Total (ms): Min: 1.3, Avg: 5.1, Max: 6.7, Diff: 5.5, Sum: 218.8]
      [GC Worker End (ms): Min: 2084032223.9, Avg: 2084032224.0, Max: 2084032224.1, Diff: 0.2]
   [Code Root Fixup: 0.0 ms]
   [Code Root Purge: 0.0 ms]
   [Clear CT: 5.2 ms]
   [Other: 10.7 ms]
      [Choose CSet: 0.0 ms]
      [Ref Proc: 4.2 ms]
      [Ref Enq: 0.0 ms]
      [Redirty Cards: 5.3 ms]
      [Humongous Register: 0.3 ms]
      [Humongous Reclaim: 0.0 ms]
      [Free CSet: 0.4 ms]
   [Eden: 51200.0K(51200.0K)->0.0B(51200.0K) Survivors: 1024.0K->1024.0K Heap: 246.4M(1024.0M)->196.4M(1024.0M)]
 [Times: user=0.27 sys=0.00, real=0.02 secs] 
2023-07-07T20:04:38.088+0000: 2087497.713: [GC pause (G1 Evacuation Pause) (young), 0.0252519 secs]
   [Parallel Time: 7.8 ms, GC Workers: 43]
      [GC Worker Start (ms): Min: 2087497715.7, Avg: 2087497717.5, Max: 2087497719.2, Diff: 3.5]
      [Ext Root Scanning (ms): Min: 0.0, Avg: 0.5, Max: 3.2, Diff: 3.2, Sum: 20.3]
      [Update RS (ms): Min: 0.0, Avg: 0.1, Max: 0.6, Diff: 0.6, Sum: 5.4]
         [Processed Buffers: Min: 0, Avg: 1.5, Max: 7, Diff: 7, Sum: 63]
      [Scan RS (ms): Min: 0.0, Avg: 0.0, Max: 0.0, Diff: 0.0, Sum: 0.5]
      [Code Root Scanning (ms): Min: 0.0, Avg: 0.0, Max: 0.0, Diff: 0.0, Sum: 0.0]
      [Object Copy (ms): Min: 1.5, Avg: 2.4, Max: 3.0, Diff: 1.5, Sum: 103.2]
      [Termination (ms): Min: 0.2, Avg: 0.4, Max: 0.7, Diff: 0.6, Sum: 18.8]
         [Termination Attempts: Min: 4, Avg: 9.8, Max: 14, Diff: 10, Sum: 423]
      [GC Worker Other (ms): Min: 0.0, Avg: 0.1, Max: 0.2, Diff: 0.2, Sum: 3.9]
      [GC Worker Total (ms): Min: 1.8, Avg: 3.5, Max: 5.3, Diff: 3.5, Sum: 152.2]
      [GC Worker End (ms): Min: 2087497721.0, Avg: 2087497721.1, Max: 2087497721.2, Diff: 0.2]
   [Code Root Fixup: 0.0 ms]
   [Code Root Purge: 0.0 ms]
   [Clear CT: 5.0 ms]
   [Other: 12.5 ms]
      [Choose CSet: 0.0 ms]
      [Ref Proc: 4.7 ms]
      [Ref Enq: 0.0 ms]
      [Redirty Cards: 4.9 ms]
      [Humongous Register: 1.8 ms]
      [Humongous Reclaim: 0.0 ms]
      [Free CSet: 0.1 ms]
   [Eden: 51200.0K(51200.0K)->0.0B(51200.0K) Survivors: 1024.0K->1024.0K Heap: 246.4M(1024.0M)->196.4M(1024.0M)]
 [Times: user=0.20 sys=0.01, real=0.03 secs] 
2023-07-07T21:02:28.255+0000: 2090967.880: [GC pause (G1 Evacuation Pause) (young), 0.0385403 secs]
   [Parallel Time: 16.7 ms, GC Workers: 43]
      [GC Worker Start (ms): Min: 2090967883.1, Avg: 2090967885.2, Max: 2090967888.5, Diff: 5.4]
      [Ext Root Scanning (ms): Min: 0.0, Avg: 0.8, Max: 13.1, Diff: 13.0, Sum: 36.4]
      [Update RS (ms): Min: 0.0, Avg: 0.2, Max: 0.6, Diff: 0.6, Sum: 7.3]
         [Processed Buffers: Min: 0, Avg: 1.4, Max: 6, Diff: 6, Sum: 60]
      [Scan RS (ms): Min: 0.0, Avg: 0.0, Max: 0.0, Diff: 0.0, Sum: 0.5]
      [Code Root Scanning (ms): Min: 0.0, Avg: 0.0, Max: 0.0, Diff: 0.0, Sum: 0.0]
      [Object Copy (ms): Min: 0.0, Avg: 1.3, Max: 1.8, Diff: 1.8, Sum: 57.3]
      [Termination (ms): Min: 0.0, Avg: 8.7, Max: 9.2, Diff: 9.2, Sum: 374.6]
         [Termination Attempts: Min: 1, Avg: 4.6, Max: 9, Diff: 8, Sum: 198]
      [GC Worker Other (ms): Min: 0.0, Avg: 0.0, Max: 0.1, Diff: 0.1, Sum: 1.7]
      [GC Worker Total (ms): Min: 7.8, Avg: 11.1, Max: 13.2, Diff: 5.4, Sum: 477.8]
      [GC Worker End (ms): Min: 2090967896.2, Avg: 2090967896.3, Max: 2090967896.4, Diff: 0.2]
   [Code Root Fixup: 0.0 ms]
   [Code Root Purge: 0.0 ms]
   [Clear CT: 5.5 ms]
   [Other: 16.3 ms]
      [Choose CSet: 0.0 ms]
      [Ref Proc: 7.5 ms]
      [Ref Enq: 0.0 ms]
      [Redirty Cards: 5.7 ms]
      [Humongous Register: 2.0 ms]
      [Humongous Reclaim: 0.0 ms]
      [Free CSet: 0.2 ms]
   [Eden: 51200.0K(51200.0K)->0.0B(51200.0K) Survivors: 1024.0K->1024.0K Heap: 246.4M(1024.0M)->196.3M(1024.0M)]
 [Times: user=0.54 sys=0.00, real=0.04 secs] 
2023-07-07T22:00:23.298+0000: 2094442.923: [GC pause (G1 Evacuation Pause) (young), 0.0220564 secs]
   [Parallel Time: 6.7 ms, GC Workers: 43]
      [GC Worker Start (ms): Min: 2094442923.6, Avg: 2094442925.0, Max: 2094442926.3, Diff: 2.7]
      [Ext Root Scanning (ms): Min: 0.0, Avg: 0.4, Max: 1.6, Diff: 1.6, Sum: 18.9]
      [Update RS (ms): Min: 0.0, Avg: 0.1, Max: 0.5, Diff: 0.5, Sum: 5.1]
         [Processed Buffers: Min: 0, Avg: 1.5, Max: 7, Diff: 7, Sum: 63]
      [Scan RS (ms): Min: 0.0, Avg: 0.0, Max: 0.0, Diff: 0.0, Sum: 0.3]
      [Code Root Scanning (ms): Min: 0.0, Avg: 0.0, Max: 0.0, Diff: 0.0, Sum: 0.0]
      [Object Copy (ms): Min: 1.6, Avg: 2.4, Max: 3.0, Diff: 1.3, Sum: 103.1]
      [Termination (ms): Min: 0.2, Avg: 0.5, Max: 0.8, Diff: 0.6, Sum: 19.4]
         [Termination Attempts: Min: 6, Avg: 10.3, Max: 14, Diff: 8, Sum: 442]
      [GC Worker Other (ms): Min: 0.0, Avg: 0.1, Max: 0.3, Diff: 0.3, Sum: 3.7]
      [GC Worker Total (ms): Min: 2.1, Avg: 3.5, Max: 4.8, Diff: 2.7, Sum: 150.6]
      [GC Worker End (ms): Min: 2094442928.4, Avg: 2094442928.5, Max: 2094442928.7, Diff: 0.3]
   [Code Root Fixup: 0.0 ms]
   [Code Root Purge: 0.0 ms]
   [Clear CT: 5.0 ms]
   [Other: 10.4 ms]
      [Choose CSet: 0.0 ms]
      [Ref Proc: 4.6 ms]
      [Ref Enq: 0.0 ms]
      [Redirty Cards: 5.1 ms]
      [Humongous Register: 0.1 ms]
      [Humongous Reclaim: 0.0 ms]
      [Free CSet: 0.1 ms]
   [Eden: 51200.0K(51200.0K)->0.0B(51200.0K) Survivors: 1024.0K->1024.0K Heap: 246.3M(1024.0M)->196.4M(1024.0M)]
 [Times: user=0.20 sys=0.00, real=0.02 secs] 
2023-07-07T22:58:17.591+0000: 2097917.217: [GC pause (G1 Evacuation Pause) (young), 0.0300921 secs]
   [Parallel Time: 13.0 ms, GC Workers: 43]
      [GC Worker Start (ms): Min: 2097917219.5, Avg: 2097917221.5, Max: 2097917223.4, Diff: 3.9]
      [Ext Root Scanning (ms): Min: 0.0, Avg: 1.4, Max: 11.8, Diff: 11.8, Sum: 59.6]
      [Update RS (ms): Min: 0.0, Avg: 0.2, Max: 0.7, Diff: 0.7, Sum: 9.5]
         [Processed Buffers: Min: 0, Avg: 1.3, Max: 4, Diff: 4, Sum: 57]
      [Scan RS (ms): Min: 0.0, Avg: 0.0, Max: 0.0, Diff: 0.0, Sum: 0.4]
      [Code Root Scanning (ms): Min: 0.0, Avg: 0.0, Max: 0.0, Diff: 0.0, Sum: 0.0]
      [Object Copy (ms): Min: 0.0, Avg: 1.6, Max: 1.9, Diff: 1.9, Sum: 69.9]
      [Termination (ms): Min: 0.0, Avg: 6.6, Max: 6.9, Diff: 6.9, Sum: 282.3]
         [Termination Attempts: Min: 1, Avg: 4.8, Max: 8, Diff: 7, Sum: 206]
      [GC Worker Other (ms): Min: 0.0, Avg: 0.0, Max: 0.1, Diff: 0.1, Sum: 1.8]
      [GC Worker Total (ms): Min: 8.0, Avg: 9.9, Max: 11.8, Diff: 3.8, Sum: 423.6]
      [GC Worker End (ms): Min: 2097917231.3, Avg: 2097917231.4, Max: 2097917231.5, Diff: 0.1]
   [Code Root Fixup: 0.0 ms]
   [Code Root Purge: 0.0 ms]
   [Clear CT: 4.9 ms]
   [Other: 12.2 ms]
      [Choose CSet: 0.0 ms]
      [Ref Proc: 3.7 ms]
      [Ref Enq: 0.0 ms]
      [Redirty Cards: 5.0 ms]
      [Humongous Register: 2.1 ms]
      [Humongous Reclaim: 0.0 ms]
      [Free CSet: 0.3 ms]
   [Eden: 51200.0K(51200.0K)->0.0B(51200.0K) Survivors: 1024.0K->1024.0K Heap: 246.4M(1024.0M)->196.4M(1024.0M)]
 [Times: user=0.47 sys=0.01, real=0.03 secs] 
2023-07-07T23:56:20.487+0000: 2101400.113: [GC pause (G1 Evacuation Pause) (young), 0.0197448 secs]
   [Parallel Time: 5.5 ms, GC Workers: 43]
      [GC Worker Start (ms): Min: 2101400112.9, Avg: 2101400114.3, Max: 2101400117.7, Diff: 4.8]
      [Ext Root Scanning (ms): Min: 0.0, Avg: 0.6, Max: 1.9, Diff: 1.9, Sum: 24.6]
      [Update RS (ms): Min: 0.0, Avg: 0.2, Max: 0.7, Diff: 0.7, Sum: 7.0]
         [Processed Buffers: Min: 0, Avg: 1.5, Max: 7, Diff: 7, Sum: 65]
      [Scan RS (ms): Min: 0.0, Avg: 0.0, Max: 0.0, Diff: 0.0, Sum: 0.5]
      [Code Root Scanning (ms): Min: 0.0, Avg: 0.0, Max: 0.0, Diff: 0.0, Sum: 0.0]
      [Object Copy (ms): Min: 0.0, Avg: 1.5, Max: 1.8, Diff: 1.8, Sum: 66.4]
      [Termination (ms): Min: 0.0, Avg: 1.1, Max: 1.3, Diff: 1.3, Sum: 49.4]
         [Termination Attempts: Min: 1, Avg: 4.6, Max: 7, Diff: 6, Sum: 197]
      [GC Worker Other (ms): Min: 0.0, Avg: 0.0, Max: 0.2, Diff: 0.2, Sum: 1.3]
      [GC Worker Total (ms): Min: 0.0, Avg: 3.5, Max: 5.0, Diff: 5.0, Sum: 149.4]
      [GC Worker End (ms): Min: 2101400117.8, Avg: 2101400117.8, Max: 2101400118.0, Diff: 0.2]
   [Code Root Fixup: 0.0 ms]
   [Code Root Purge: 0.0 ms]
   [Clear CT: 5.3 ms]
   [Other: 9.0 ms]
      [Choose CSet: 0.0 ms]
      [Ref Proc: 3.1 ms]
      [Ref Enq: 0.0 ms]
      [Redirty Cards: 5.4 ms]
      [Humongous Register: 0.1 ms]
      [Humongous Reclaim: 0.0 ms]
      [Free CSet: 0.1 ms]
   [Eden: 51200.0K(51200.0K)->0.0B(51200.0K) Survivors: 1024.0K->1024.0K Heap: 246.4M(1024.0M)->196.4M(1024.0M)]
 [Times: user=0.20 sys=0.00, real=0.02 secs] 
2023-07-08T00:54:02.591+0000: 2104862.217: [GC pause (G1 Evacuation Pause) (young), 0.0332316 secs]
   [Parallel Time: 15.5 ms, GC Workers: 43]
      [GC Worker Start (ms): Min: 2104862216.8, Avg: 2104862218.6, Max: 2104862222.7, Diff: 5.8]
      [Ext Root Scanning (ms): Min: 0.0, Avg: 0.8, Max: 13.1, Diff: 13.1, Sum: 33.6]
      [Update RS (ms): Min: 0.0, Avg: 0.1, Max: 0.5, Diff: 0.5, Sum: 5.6]
         [Processed Buffers: Min: 0, Avg: 1.5, Max: 5, Diff: 5, Sum: 64]
      [Scan RS (ms): Min: 0.0, Avg: 0.0, Max: 0.0, Diff: 0.0, Sum: 0.6]
      [Code Root Scanning (ms): Min: 0.0, Avg: 0.0, Max: 0.0, Diff: 0.0, Sum: 0.0]
      [Object Copy (ms): Min: 0.0, Avg: 1.8, Max: 2.2, Diff: 2.2, Sum: 75.5]
      [Termination (ms): Min: 0.0, Avg: 8.8, Max: 9.5, Diff: 9.5, Sum: 376.7]
         [Termination Attempts: Min: 1, Avg: 9.6, Max: 15, Diff: 14, Sum: 414]
      [GC Worker Other (ms): Min: 0.0, Avg: 0.0, Max: 0.1, Diff: 0.1, Sum: 1.0]
      [GC Worker Total (ms): Min: 7.3, Avg: 11.5, Max: 13.2, Diff: 5.9, Sum: 492.9]
      [GC Worker End (ms): Min: 2104862229.9, Avg: 2104862230.0, Max: 2104862230.2, Diff: 0.2]
   [Code Root Fixup: 0.0 ms]
   [Code Root Purge: 0.0 ms]
   [Clear CT: 6.4 ms]
   [Other: 11.4 ms]
      [Choose CSet: 0.0 ms]
      [Ref Proc: 5.7 ms]
      [Ref Enq: 0.0 ms]
      [Redirty Cards: 5.0 ms]
      [Humongous Register: 0.1 ms]
      [Humongous Reclaim: 0.0 ms]
      [Free CSet: 0.2 ms]
   [Eden: 51200.0K(51200.0K)->0.0B(51200.0K) Survivors: 1024.0K->1024.0K Heap: 246.4M(1024.0M)->196.4M(1024.0M)]
 [Times: user=0.56 sys=0.00, real=0.03 secs] 
2023-07-08T01:51:42.591+0000: 2108322.217: [GC pause (G1 Evacuation Pause) (young), 0.0277851 secs]
   [Parallel Time: 8.4 ms, GC Workers: 43]
      [GC Worker Start (ms): Min: 2108322219.2, Avg: 2108322221.1, Max: 2108322225.6, Diff: 6.4]
      [Ext Root Scanning (ms): Min: 0.0, Avg: 0.7, Max: 2.3, Diff: 2.3, Sum: 29.1]
      [Update RS (ms): Min: 0.0, Avg: 0.2, Max: 0.6, Diff: 0.6, Sum: 6.9]
         [Processed Buffers: Min: 0, Avg: 1.4, Max: 8, Diff: 8, Sum: 62]
      [Scan RS (ms): Min: 0.0, Avg: 0.0, Max: 0.0, Diff: 0.0, Sum: 0.4]
      [Code Root Scanning (ms): Min: 0.0, Avg: 0.0, Max: 0.0, Diff: 0.0, Sum: 0.0]
      [Object Copy (ms): Min: 0.0, Avg: 2.4, Max: 2.9, Diff: 2.9, Sum: 102.8]
      [Termination (ms): Min: 0.0, Avg: 1.3, Max: 1.6, Diff: 1.6, Sum: 55.6]
         [Termination Attempts: Min: 1, Avg: 11.6, Max: 18, Diff: 17, Sum: 500]
      [GC Worker Other (ms): Min: 0.0, Avg: 0.0, Max: 0.1, Diff: 0.1, Sum: 1.7]
      [GC Worker Total (ms): Min: 0.0, Avg: 4.6, Max: 6.6, Diff: 6.5, Sum: 196.6]
      [GC Worker End (ms): Min: 2108322225.6, Avg: 2108322225.7, Max: 2108322225.8, Diff: 0.2]
   [Code Root Fixup: 0.0 ms]
   [Code Root Purge: 0.0 ms]
   [Clear CT: 5.0 ms]
   [Other: 14.3 ms]
      [Choose CSet: 0.0 ms]
      [Ref Proc: 6.5 ms]
      [Ref Enq: 0.0 ms]
      [Redirty Cards: 4.9 ms]
      [Humongous Register: 2.1 ms]
      [Humongous Reclaim: 0.0 ms]
      [Free CSet: 0.2 ms]
   [Eden: 51200.0K(51200.0K)->0.0B(51200.0K) Survivors: 1024.0K->1024.0K Heap: 246.4M(1024.0M)->196.4M(1024.0M)]
 [Times: user=0.23 sys=0.05, real=0.02 secs] 
2023-07-08T02:49:32.591+0000: 2111792.217: [GC pause (G1 Evacuation Pause) (young), 0.0232413 secs]
   [Parallel Time: 7.8 ms, GC Workers: 43]
      [GC Worker Start (ms): Min: 2111792216.8, Avg: 2111792218.3, Max: 2111792221.8, Diff: 5.0]
      [Ext Root Scanning (ms): Min: 0.0, Avg: 0.7, Max: 6.0, Diff: 6.0, Sum: 31.9]
      [Update RS (ms): Min: 0.0, Avg: 0.2, Max: 0.5, Diff: 0.5, Sum: 7.4]
         [Processed Buffers: Min: 0, Avg: 1.3, Max: 6, Diff: 6, Sum: 57]
      [Scan RS (ms): Min: 0.0, Avg: 0.0, Max: 0.0, Diff: 0.0, Sum: 0.5]
      [Code Root Scanning (ms): Min: 0.0, Avg: 0.0, Max: 0.0, Diff: 0.0, Sum: 0.0]
      [Object Copy (ms): Min: 0.0, Avg: 1.6, Max: 1.9, Diff: 1.9, Sum: 69.1]
      [Termination (ms): Min: 0.0, Avg: 2.1, Max: 2.5, Diff: 2.5, Sum: 90.2]
         [Termination Attempts: Min: 1, Avg: 4.7, Max: 8, Diff: 7, Sum: 204]
      [GC Worker Other (ms): Min: 0.0, Avg: 0.0, Max: 0.1, Diff: 0.1, Sum: 0.9]
      [GC Worker Total (ms): Min: 1.2, Avg: 4.7, Max: 6.1, Diff: 4.9, Sum: 200.1]
      [GC Worker End (ms): Min: 2111792222.9, Avg: 2111792223.0, Max: 2111792223.1, Diff: 0.2]
   [Code Root Fixup: 0.0 ms]
   [Code Root Purge: 0.0 ms]
   [Clear CT: 5.1 ms]
   [Other: 10.3 ms]
      [Choose CSet: 0.0 ms]
      [Ref Proc: 4.4 ms]
      [Ref Enq: 0.0 ms]
      [Redirty Cards: 5.2 ms]
      [Humongous Register: 0.1 ms]
      [Humongous Reclaim: 0.0 ms]
      [Free CSet: 0.2 ms]
   [Eden: 51200.0K(51200.0K)->0.0B(51200.0K) Survivors: 1024.0K->1024.0K Heap: 246.4M(1024.0M)->196.4M(1024.0M)]
 [Times: user=0.25 sys=0.00, real=0.02 secs] 
2023-07-08T03:47:22.591+0000: 2115262.217: [GC pause (G1 Evacuation Pause) (young), 0.0261999 secs]
   [Parallel Time: 9.0 ms, GC Workers: 43]
      [GC Worker Start (ms): Min: 2115262219.3, Avg: 2115262221.4, Max: 2115262226.7, Diff: 7.4]
      [Ext Root Scanning (ms): Min: 0.0, Avg: 0.5, Max: 2.9, Diff: 2.9, Sum: 21.7]
      [Update RS (ms): Min: 0.0, Avg: 0.1, Max: 0.3, Diff: 0.3, Sum: 5.6]
         [Processed Buffers: Min: 0, Avg: 1.5, Max: 10, Diff: 10, Sum: 64]
      [Scan RS (ms): Min: 0.0, Avg: 0.0, Max: 0.0, Diff: 0.0, Sum: 0.5]
      [Code Root Scanning (ms): Min: 0.0, Avg: 0.0, Max: 0.0, Diff: 0.0, Sum: 0.0]
      [Object Copy (ms): Min: 0.0, Avg: 1.4, Max: 1.9, Diff: 1.9, Sum: 60.0]
      [Termination (ms): Min: 0.0, Avg: 3.3, Max: 3.7, Diff: 3.7, Sum: 143.9]
         [Termination Attempts: Min: 1, Avg: 5.5, Max: 10, Diff: 9, Sum: 236]
      [GC Worker Other (ms): Min: 0.0, Avg: 0.0, Max: 0.1, Diff: 0.0, Sum: 1.6]
      [GC Worker Total (ms): Min: 0.1, Avg: 5.4, Max: 7.5, Diff: 7.4, Sum: 233.2]
      [GC Worker End (ms): Min: 2115262226.7, Avg: 2115262226.8, Max: 2115262226.9, Diff: 0.2]
   [Code Root Fixup: 0.0 ms]
   [Code Root Purge: 0.0 ms]
   [Clear CT: 4.8 ms]
   [Other: 12.3 ms]
      [Choose CSet: 0.0 ms]
      [Ref Proc: 4.4 ms]
      [Ref Enq: 0.0 ms]
      [Redirty Cards: 4.9 ms]
      [Humongous Register: 2.1 ms]
      [Humongous Reclaim: 0.0 ms]
      [Free CSet: 0.2 ms]
   [Eden: 51200.0K(51200.0K)->0.0B(51200.0K) Survivors: 1024.0K->1024.0K Heap: 246.4M(1024.0M)->196.4M(1024.0M)]
 [Times: user=0.29 sys=0.00, real=0.02 secs] 
2023-07-08T04:45:18.122+0000: 2118737.748: [GC pause (G1 Evacuation Pause) (young), 0.0305721 secs]
   [Parallel Time: 9.4 ms, GC Workers: 43]
      [GC Worker Start (ms): Min: 2118737750.3, Avg: 2118737752.5, Max: 2118737754.6, Diff: 4.3]
      [Ext Root Scanning (ms): Min: 0.0, Avg: 0.9, Max: 7.9, Diff: 7.9, Sum: 40.5]
      [Update RS (ms): Min: 0.0, Avg: 0.2, Max: 0.7, Diff: 0.7, Sum: 8.1]
         [Processed Buffers: Min: 0, Avg: 1.4, Max: 9, Diff: 9, Sum: 59]
      [Scan RS (ms): Min: 0.0, Avg: 0.0, Max: 0.0, Diff: 0.0, Sum: 0.5]
      [Code Root Scanning (ms): Min: 0.0, Avg: 0.0, Max: 0.0, Diff: 0.0, Sum: 0.0]
      [Object Copy (ms): Min: 0.0, Avg: 1.6, Max: 2.0, Diff: 2.0, Sum: 69.3]
      [Termination (ms): Min: 0.0, Avg: 3.0, Max: 3.2, Diff: 3.2, Sum: 128.2]
         [Termination Attempts: Min: 1, Avg: 5.6, Max: 10, Diff: 9, Sum: 239]
      [GC Worker Other (ms): Min: 0.0, Avg: 0.0, Max: 0.2, Diff: 0.2, Sum: 2.1]
      [GC Worker Total (ms): Min: 3.7, Avg: 5.8, Max: 7.9, Diff: 4.2, Sum: 248.7]
      [GC Worker End (ms): Min: 2118737758.2, Avg: 2118737758.3, Max: 2118737758.4, Diff: 0.2]
   [Code Root Fixup: 0.0 ms]
   [Code Root Purge: 0.0 ms]
   [Clear CT: 5.3 ms]
   [Other: 15.9 ms]
      [Choose CSet: 0.0 ms]
      [Ref Proc: 7.5 ms]
      [Ref Enq: 0.0 ms]
      [Redirty Cards: 5.0 ms]
      [Humongous Register: 2.0 ms]
      [Humongous Reclaim: 0.0 ms]
      [Free CSet: 0.4 ms]
   [Eden: 51200.0K(51200.0K)->0.0B(51200.0K) Survivors: 1024.0K->1024.0K Heap: 246.4M(1024.0M)->196.4M(1024.0M)]
 [Times: user=0.28 sys=0.03, real=0.03 secs] 
2023-07-08T05:43:11.856+0000: 2122211.482: [GC pause (G1 Evacuation Pause) (young), 0.0235724 secs]
   [Parallel Time: 8.0 ms, GC Workers: 43]
      [GC Worker Start (ms): Min: 2122211481.8, Avg: 2122211483.3, Max: 2122211486.6, Diff: 4.8]
      [Ext Root Scanning (ms): Min: 0.0, Avg: 0.5, Max: 1.8, Diff: 1.8, Sum: 23.5]
      [Update RS (ms): Min: 0.0, Avg: 0.1, Max: 0.4, Diff: 0.4, Sum: 5.2]
         [Processed Buffers: Min: 0, Avg: 1.3, Max: 7, Diff: 7, Sum: 57]
      [Scan RS (ms): Min: 0.0, Avg: 0.0, Max: 0.0, Diff: 0.0, Sum: 0.5]
      [Code Root Scanning (ms): Min: 0.0, Avg: 0.0, Max: 0.0, Diff: 0.0, Sum: 0.0]
      [Object Copy (ms): Min: 0.7, Avg: 2.9, Max: 3.4, Diff: 2.7, Sum: 126.8]
      [Termination (ms): Min: 0.2, Avg: 0.7, Max: 1.5, Diff: 1.3, Sum: 30.9]
         [Termination Attempts: Min: 4, Avg: 13.7, Max: 22, Diff: 18, Sum: 589]
      [GC Worker Other (ms): Min: 0.0, Avg: 0.1, Max: 0.3, Diff: 0.3, Sum: 3.5]
      [GC Worker Total (ms): Min: 1.0, Avg: 4.4, Max: 5.9, Diff: 4.8, Sum: 190.4]
      [GC Worker End (ms): Min: 2122211487.6, Avg: 2122211487.7, Max: 2122211487.8, Diff: 0.2]
   [Code Root Fixup: 0.0 ms]
   [Code Root Purge: 0.0 ms]
   [Clear CT: 5.2 ms]
   [Other: 10.3 ms]
      [Choose CSet: 0.0 ms]
      [Ref Proc: 4.4 ms]
      [Ref Enq: 0.0 ms]
      [Redirty Cards: 5.3 ms]
      [Humongous Register: 0.1 ms]
      [Humongous Reclaim: 0.0 ms]
      [Free CSet: 0.1 ms]
   [Eden: 51200.0K(51200.0K)->0.0B(51200.0K) Survivors: 1024.0K->1024.0K Heap: 246.4M(1024.0M)->196.4M(1024.0M)]
 [Times: user=0.24 sys=0.00, real=0.02 secs] 
2023-07-08T06:41:02.591+0000: 2125682.217: [GC pause (G1 Evacuation Pause) (young), 0.0267261 secs]
   [Parallel Time: 9.5 ms, GC Workers: 43]
      [GC Worker Start (ms): Min: 2125682217.2, Avg: 2125682218.8, Max: 2125682220.2, Diff: 3.0]
      [Ext Root Scanning (ms): Min: 0.0, Avg: 0.9, Max: 6.8, Diff: 6.8, Sum: 40.5]
      [Update RS (ms): Min: 0.0, Avg: 0.4, Max: 0.8, Diff: 0.8, Sum: 16.5]
         [Processed Buffers: Min: 0, Avg: 1.5, Max: 8, Diff: 8, Sum: 64]
      [Scan RS (ms): Min: 0.0, Avg: 0.0, Max: 0.0, Diff: 0.0, Sum: 0.5]
      [Code Root Scanning (ms): Min: 0.0, Avg: 0.0, Max: 0.0, Diff: 0.0, Sum: 0.0]
      [Object Copy (ms): Min: 0.0, Avg: 1.6, Max: 1.9, Diff: 1.9, Sum: 69.3]
      [Termination (ms): Min: 0.0, Avg: 2.3, Max: 2.6, Diff: 2.6, Sum: 99.7]
         [Termination Attempts: Min: 1, Avg: 4.5, Max: 7, Diff: 6, Sum: 194]
      [GC Worker Other (ms): Min: 0.0, Avg: 0.0, Max: 0.1, Diff: 0.1, Sum: 1.5]
      [GC Worker Total (ms): Min: 3.9, Avg: 5.3, Max: 6.9, Diff: 2.9, Sum: 227.9]
      [GC Worker End (ms): Min: 2125682224.1, Avg: 2125682224.1, Max: 2125682224.3, Diff: 0.2]
   [Code Root Fixup: 0.0 ms]
   [Code Root Purge: 0.0 ms]
   [Clear CT: 5.5 ms]
   [Other: 11.7 ms]
      [Choose CSet: 0.0 ms]
      [Ref Proc: 5.6 ms]
      [Ref Enq: 0.0 ms]
      [Redirty Cards: 5.1 ms]
      [Humongous Register: 0.3 ms]
      [Humongous Reclaim: 0.0 ms]
      [Free CSet: 0.2 ms]
   [Eden: 51200.0K(51200.0K)->0.0B(51200.0K) Survivors: 1024.0K->1024.0K Heap: 246.4M(1024.0M)->196.4M(1024.0M)]
 [Times: user=0.21 sys=0.06, real=0.02 secs] 
2023-07-08T07:38:42.591+0000: 2129142.216: [GC pause (G1 Evacuation Pause) (young), 0.0189527 secs]
   [Parallel Time: 4.4 ms, GC Workers: 43]
      [GC Worker Start (ms): Min: 2129142216.6, Avg: 2129142218.0, Max: 2129142219.3, Diff: 2.7]
      [Ext Root Scanning (ms): Min: 0.0, Avg: 0.5, Max: 2.1, Diff: 2.1, Sum: 22.6]
      [Update RS (ms): Min: 0.0, Avg: 0.1, Max: 0.4, Diff: 0.4, Sum: 6.1]
         [Processed Buffers: Min: 0, Avg: 1.4, Max: 6, Diff: 6, Sum: 60]
      [Scan RS (ms): Min: 0.0, Avg: 0.0, Max: 0.1, Diff: 0.1, Sum: 0.5]
      [Code Root Scanning (ms): Min: 0.0, Avg: 0.0, Max: 0.0, Diff: 0.0, Sum: 0.0]
      [Object Copy (ms): Min: 0.8, Avg: 1.5, Max: 1.8, Diff: 1.0, Sum: 64.4]
      [Termination (ms): Min: 0.0, Avg: 0.2, Max: 0.3, Diff: 0.3, Sum: 8.1]
         [Termination Attempts: Min: 1, Avg: 4.3, Max: 8, Diff: 7, Sum: 185]
      [GC Worker Other (ms): Min: 0.0, Avg: 0.1, Max: 0.2, Diff: 0.2, Sum: 3.1]
      [GC Worker Total (ms): Min: 1.1, Avg: 2.4, Max: 4.0, Diff: 2.9, Sum: 104.9]
      [GC Worker End (ms): Min: 2129142220.4, Avg: 2129142220.4, Max: 2129142220.6, Diff: 0.2]
   [Code Root Fixup: 0.0 ms]
   [Code Root Purge: 0.0 ms]
   [Clear CT: 5.4 ms]
   [Other: 9.2 ms]
      [Choose CSet: 0.0 ms]
      [Ref Proc: 3.1 ms]
      [Ref Enq: 0.0 ms]
      [Redirty Cards: 5.5 ms]
      [Humongous Register: 0.1 ms]
      [Humongous Reclaim: 0.0 ms]
      [Free CSet: 0.1 ms]
   [Eden: 51200.0K(51200.0K)->0.0B(51200.0K) Survivors: 1024.0K->1024.0K Heap: 246.4M(1024.0M)->196.4M(1024.0M)]
 [Times: user=0.10 sys=0.05, real=0.02 secs] 
2023-07-08T08:36:31.544+0000: 2132611.170: [GC pause (G1 Evacuation Pause) (young), 0.0215604 secs]
   [Parallel Time: 5.0 ms, GC Workers: 43]
      [GC Worker Start (ms): Min: 2132611172.1, Avg: 2132611174.0, Max: 2132611175.8, Diff: 3.7]
      [Ext Root Scanning (ms): Min: 0.0, Avg: 0.5, Max: 2.2, Diff: 2.2, Sum: 21.2]
      [Update RS (ms): Min: 0.0, Avg: 0.1, Max: 0.5, Diff: 0.5, Sum: 4.2]
         [Processed Buffers: Min: 0, Avg: 1.4, Max: 8, Diff: 8, Sum: 61]
      [Scan RS (ms): Min: 0.0, Avg: 0.0, Max: 0.0, Diff: 0.0, Sum: 0.5]
      [Code Root Scanning (ms): Min: 0.0, Avg: 0.0, Max: 0.0, Diff: 0.0, Sum: 0.0]
      [Object Copy (ms): Min: 0.4, Avg: 1.5, Max: 2.0, Diff: 1.7, Sum: 63.2]
      [Termination (ms): Min: 0.1, Avg: 0.2, Max: 0.5, Diff: 0.4, Sum: 9.5]
         [Termination Attempts: Min: 1, Avg: 4.2, Max: 9, Diff: 8, Sum: 181]
      [GC Worker Other (ms): Min: 0.0, Avg: 0.1, Max: 0.3, Diff: 0.3, Sum: 4.5]
      [GC Worker Total (ms): Min: 0.6, Avg: 2.4, Max: 4.3, Diff: 3.7, Sum: 103.2]
      [GC Worker End (ms): Min: 2132611176.4, Avg: 2132611176.4, Max: 2132611176.7, Diff: 0.3]
   [Code Root Fixup: 0.0 ms]
   [Code Root Purge: 0.0 ms]
   [Clear CT: 5.5 ms]
   [Other: 11.1 ms]
      [Choose CSet: 0.0 ms]
      [Ref Proc: 3.2 ms]
      [Ref Enq: 0.0 ms]
      [Redirty Cards: 5.5 ms]
      [Humongous Register: 1.8 ms]
      [Humongous Reclaim: 0.0 ms]
      [Free CSet: 0.1 ms]
   [Eden: 51200.0K(51200.0K)->0.0B(51200.0K) Survivors: 1024.0K->1024.0K Heap: 246.4M(1024.0M)->196.4M(1024.0M)]
 [Times: user=0.16 sys=0.00, real=0.02 secs] 
2023-07-08T09:34:12.591+0000: 2136072.217: [GC pause (G1 Evacuation Pause) (young), 0.0250369 secs]
   [Parallel Time: 8.5 ms, GC Workers: 43]
      [GC Worker Start (ms): Min: 2136072216.8, Avg: 2136072218.4, Max: 2136072219.8, Diff: 3.0]
      [Ext Root Scanning (ms): Min: 0.0, Avg: 0.7, Max: 7.1, Diff: 7.1, Sum: 31.3]
      [Update RS (ms): Min: 0.0, Avg: 0.1, Max: 0.6, Diff: 0.6, Sum: 5.0]
         [Processed Buffers: Min: 0, Avg: 1.3, Max: 9, Diff: 9, Sum: 58]
      [Scan RS (ms): Min: 0.0, Avg: 0.0, Max: 0.1, Diff: 0.0, Sum: 0.5]
      [Code Root Scanning (ms): Min: 0.0, Avg: 0.0, Max: 0.0, Diff: 0.0, Sum: 0.0]
      [Object Copy (ms): Min: 0.0, Avg: 3.3, Max: 4.1, Diff: 4.1, Sum: 141.9]
      [Termination (ms): Min: 0.0, Avg: 1.5, Max: 2.6, Diff: 2.6, Sum: 64.3]
         [Termination Attempts: Min: 1, Avg: 15.2, Max: 21, Diff: 20, Sum: 655]
      [GC Worker Other (ms): Min: 0.0, Avg: 0.0, Max: 0.1, Diff: 0.1, Sum: 0.9]
      [GC Worker Total (ms): Min: 4.3, Avg: 5.7, Max: 7.2, Diff: 2.9, Sum: 243.9]
      [GC Worker End (ms): Min: 2136072224.0, Avg: 2136072224.1, Max: 2136072224.2, Diff: 0.2]
   [Code Root Fixup: 0.0 ms]
   [Code Root Purge: 0.0 ms]
   [Clear CT: 5.8 ms]
   [Other: 10.6 ms]
      [Choose CSet: 0.0 ms]
      [Ref Proc: 5.0 ms]
      [Ref Enq: 0.0 ms]
      [Redirty Cards: 5.1 ms]
      [Humongous Register: 0.1 ms]
      [Humongous Reclaim: 0.0 ms]
      [Free CSet: 0.1 ms]
   [Eden: 51200.0K(51200.0K)->0.0B(51200.0K) Survivors: 1024.0K->1024.0K Heap: 246.4M(1024.0M)->196.4M(1024.0M)]
 [Times: user=0.30 sys=0.00, real=0.02 secs] 
2023-07-08T10:31:42.591+0000: 2139522.216: [GC pause (G1 Evacuation Pause) (young), 0.0223500 secs]
   [Parallel Time: 5.6 ms, GC Workers: 43]
      [GC Worker Start (ms): Min: 2139522216.6, Avg: 2139522217.9, Max: 2139522219.1, Diff: 2.5]
      [Ext Root Scanning (ms): Min: 0.0, Avg: 0.5, Max: 1.7, Diff: 1.7, Sum: 23.2]
      [Update RS (ms): Min: 0.0, Avg: 0.2, Max: 0.4, Diff: 0.4, Sum: 7.4]
         [Processed Buffers: Min: 0, Avg: 1.4, Max: 7, Diff: 7, Sum: 61]
      [Scan RS (ms): Min: 0.0, Avg: 0.0, Max: 0.0, Diff: 0.0, Sum: 0.4]
      [Code Root Scanning (ms): Min: 0.0, Avg: 0.0, Max: 0.0, Diff: 0.0, Sum: 0.0]
      [Object Copy (ms): Min: 1.1, Avg: 1.6, Max: 1.8, Diff: 0.7, Sum: 68.3]
      [Termination (ms): Min: 0.0, Avg: 0.2, Max: 0.3, Diff: 0.3, Sum: 7.3]
         [Termination Attempts: Min: 2, Avg: 5.0, Max: 8, Diff: 6, Sum: 215]
      [GC Worker Other (ms): Min: 0.0, Avg: 0.1, Max: 0.3, Diff: 0.3, Sum: 4.6]
      [GC Worker Total (ms): Min: 1.4, Avg: 2.6, Max: 4.1, Diff: 2.7, Sum: 111.2]
      [GC Worker End (ms): Min: 2139522220.4, Avg: 2139522220.5, Max: 2139522220.7, Diff: 0.3]
   [Code Root Fixup: 0.0 ms]
   [Code Root Purge: 0.0 ms]
   [Clear CT: 5.8 ms]
   [Other: 10.9 ms]
      [Choose CSet: 0.0 ms]
      [Ref Proc: 4.9 ms]
      [Ref Enq: 0.0 ms]
      [Redirty Cards: 5.5 ms]
      [Humongous Register: 0.1 ms]
      [Humongous Reclaim: 0.0 ms]
      [Free CSet: 0.1 ms]
   [Eden: 51200.0K(51200.0K)->0.0B(51200.0K) Survivors: 1024.0K->1024.0K Heap: 246.4M(1024.0M)->196.4M(1024.0M)]
 [Times: user=0.15 sys=0.01, real=0.02 secs] 
2023-07-08T11:29:22.591+0000: 2142982.217: [GC pause (G1 Evacuation Pause) (young), 0.0249198 secs]
   [Parallel Time: 6.7 ms, GC Workers: 43]
      [GC Worker Start (ms): Min: 2142982219.2, Avg: 2142982221.3, Max: 2142982224.6, Diff: 5.3]
      [Ext Root Scanning (ms): Min: 0.0, Avg: 0.8, Max: 3.4, Diff: 3.4, Sum: 33.8]
      [Update RS (ms): Min: 0.0, Avg: 0.2, Max: 0.5, Diff: 0.5, Sum: 6.9]
         [Processed Buffers: Min: 0, Avg: 1.3, Max: 7, Diff: 7, Sum: 58]
      [Scan RS (ms): Min: 0.0, Avg: 0.0, Max: 0.0, Diff: 0.0, Sum: 0.5]
      [Code Root Scanning (ms): Min: 0.0, Avg: 0.0, Max: 0.0, Diff: 0.0, Sum: 0.0]
      [Object Copy (ms): Min: 0.0, Avg: 1.3, Max: 1.7, Diff: 1.7, Sum: 56.2]
      [Termination (ms): Min: 0.0, Avg: 1.1, Max: 1.3, Diff: 1.3, Sum: 45.8]
         [Termination Attempts: Min: 1, Avg: 5.0, Max: 9, Diff: 8, Sum: 217]
      [GC Worker Other (ms): Min: 0.0, Avg: 0.1, Max: 0.3, Diff: 0.3, Sum: 2.8]
      [GC Worker Total (ms): Min: 0.0, Avg: 3.4, Max: 5.4, Diff: 5.4, Sum: 146.1]
      [GC Worker End (ms): Min: 2142982224.6, Avg: 2142982224.7, Max: 2142982224.8, Diff: 0.2]
   [Code Root Fixup: 0.0 ms]
   [Code Root Purge: 0.0 ms]
   [Clear CT: 5.2 ms]
   [Other: 13.1 ms]
      [Choose CSet: 0.0 ms]
      [Ref Proc: 4.7 ms]
      [Ref Enq: 0.0 ms]
      [Redirty Cards: 5.1 ms]
      [Humongous Register: 2.1 ms]
      [Humongous Reclaim: 0.0 ms]
      [Free CSet: 0.3 ms]
   [Eden: 51200.0K(51200.0K)->0.0B(51200.0K) Survivors: 1024.0K->1024.0K Heap: 246.4M(1024.0M)->196.4M(1024.0M)]
 [Times: user=0.21 sys=0.00, real=0.02 secs] 
2023-07-08T12:27:07.591+0000: 2146447.216: [GC pause (G1 Evacuation Pause) (young), 0.0245678 secs]
   [Parallel Time: 9.4 ms, GC Workers: 43]
      [GC Worker Start (ms): Min: 2146447216.6, Avg: 2146447218.0, Max: 2146447222.6, Diff: 6.0]
      [Ext Root Scanning (ms): Min: 0.0, Avg: 0.5, Max: 1.7, Diff: 1.7, Sum: 23.5]
      [Update RS (ms): Min: 0.0, Avg: 0.2, Max: 0.5, Diff: 0.5, Sum: 6.5]
         [Processed Buffers: Min: 0, Avg: 1.4, Max: 8, Diff: 8, Sum: 61]
      [Scan RS (ms): Min: 0.0, Avg: 0.0, Max: 0.1, Diff: 0.1, Sum: 0.7]
      [Code Root Scanning (ms): Min: 0.0, Avg: 0.0, Max: 0.0, Diff: 0.0, Sum: 0.0]
      [Object Copy (ms): Min: 0.0, Avg: 2.8, Max: 3.4, Diff: 3.4, Sum: 120.4]
      [Termination (ms): Min: 0.0, Avg: 1.2, Max: 1.8, Diff: 1.8, Sum: 50.8]
         [Termination Attempts: Min: 1, Avg: 15.2, Max: 21, Diff: 20, Sum: 655]
      [GC Worker Other (ms): Min: 0.0, Avg: 0.0, Max: 0.1, Diff: 0.1, Sum: 0.9]
      [GC Worker Total (ms): Min: 0.0, Avg: 4.7, Max: 6.2, Diff: 6.2, Sum: 202.8]
      [GC Worker End (ms): Min: 2146447222.6, Avg: 2146447222.7, Max: 2146447222.8, Diff: 0.2]
   [Code Root Fixup: 0.0 ms]
   [Code Root Purge: 0.0 ms]
   [Clear CT: 5.2 ms]
   [Other: 10.0 ms]
      [Choose CSet: 0.0 ms]
      [Ref Proc: 4.4 ms]
      [Ref Enq: 0.0 ms]
      [Redirty Cards: 5.0 ms]
      [Humongous Register: 0.1 ms]
      [Humongous Reclaim: 0.0 ms]
      [Free CSet: 0.1 ms]
   [Eden: 51200.0K(51200.0K)->0.0B(51200.0K) Survivors: 1024.0K->1024.0K Heap: 246.4M(1024.0M)->196.4M(1024.0M)]
 [Times: user=0.26 sys=0.00, real=0.02 secs] 
2023-07-08T13:24:55.193+0000: 2149914.818: [GC pause (G1 Evacuation Pause) (young), 0.0231664 secs]
   [Parallel Time: 8.0 ms, GC Workers: 43]
      [GC Worker Start (ms): Min: 2149914818.4, Avg: 2149914819.8, Max: 2149914821.1, Diff: 2.6]
      [Ext Root Scanning (ms): Min: 0.0, Avg: 0.8, Max: 6.6, Diff: 6.6, Sum: 32.5]
      [Update RS (ms): Min: 0.0, Avg: 0.2, Max: 0.5, Diff: 0.5, Sum: 7.2]
         [Processed Buffers: Min: 0, Avg: 1.5, Max: 5, Diff: 5, Sum: 63]
      [Scan RS (ms): Min: 0.0, Avg: 0.0, Max: 0.0, Diff: 0.0, Sum: 0.5]
      [Code Root Scanning (ms): Min: 0.0, Avg: 0.0, Max: 0.0, Diff: 0.0, Sum: 0.0]
      [Object Copy (ms): Min: 0.0, Avg: 1.7, Max: 2.0, Diff: 1.9, Sum: 72.4]
      [Termination (ms): Min: 0.0, Avg: 2.8, Max: 3.1, Diff: 3.1, Sum: 118.6]
         [Termination Attempts: Min: 1, Avg: 5.6, Max: 10, Diff: 9, Sum: 242]
      [GC Worker Other (ms): Min: 0.0, Avg: 0.0, Max: 0.0, Diff: 0.0, Sum: 0.7]
      [GC Worker Total (ms): Min: 4.2, Avg: 5.4, Max: 6.8, Diff: 2.6, Sum: 231.8]
      [GC Worker End (ms): Min: 2149914825.1, Avg: 2149914825.2, Max: 2149914825.3, Diff: 0.2]
   [Code Root Fixup: 0.0 ms]
   [Code Root Purge: 0.0 ms]
   [Clear CT: 5.2 ms]
   [Other: 10.0 ms]
      [Choose CSet: 0.0 ms]
      [Ref Proc: 3.9 ms]
      [Ref Enq: 0.0 ms]
      [Redirty Cards: 5.4 ms]
      [Humongous Register: 0.1 ms]
      [Humongous Reclaim: 0.0 ms]
      [Free CSet: 0.2 ms]
   [Eden: 51200.0K(51200.0K)->0.0B(51200.0K) Survivors: 1024.0K->1024.0K Heap: 246.4M(1024.0M)->196.4M(1024.0M)]
 [Times: user=0.27 sys=0.01, real=0.02 secs] 
2023-07-08T14:22:42.871+0000: 2153382.497: [GC pause (G1 Evacuation Pause) (young), 0.0233048 secs]
   [Parallel Time: 6.0 ms, GC Workers: 43]
      [GC Worker Start (ms): Min: 2153382499.2, Avg: 2153382501.3, Max: 2153382503.0, Diff: 3.8]
      [Ext Root Scanning (ms): Min: 0.0, Avg: 0.7, Max: 2.4, Diff: 2.4, Sum: 28.4]
      [Update RS (ms): Min: 0.0, Avg: 0.2, Max: 0.7, Diff: 0.7, Sum: 10.0]
         [Processed Buffers: Min: 0, Avg: 1.4, Max: 10, Diff: 10, Sum: 60]
      [Scan RS (ms): Min: 0.0, Avg: 0.0, Max: 0.0, Diff: 0.0, Sum: 0.4]
      [Code Root Scanning (ms): Min: 0.0, Avg: 0.0, Max: 0.0, Diff: 0.0, Sum: 0.0]
      [Object Copy (ms): Min: 0.7, Avg: 1.5, Max: 1.9, Diff: 1.2, Sum: 64.9]
      [Termination (ms): Min: 0.1, Avg: 0.2, Max: 0.3, Diff: 0.3, Sum: 8.7]
         [Termination Attempts: Min: 2, Avg: 4.5, Max: 8, Diff: 6, Sum: 193]
      [GC Worker Other (ms): Min: 0.0, Avg: 0.1, Max: 0.4, Diff: 0.3, Sum: 5.4]
      [GC Worker Total (ms): Min: 1.1, Avg: 2.7, Max: 5.1, Diff: 4.0, Sum: 117.9]
      [GC Worker End (ms): Min: 2153382503.9, Avg: 2153382504.0, Max: 2153382504.2, Diff: 0.3]
   [Code Root Fixup: 0.0 ms]
   [Code Root Purge: 0.0 ms]
   [Clear CT: 5.0 ms]
   [Other: 12.3 ms]
      [Choose CSet: 0.0 ms]
      [Ref Proc: 4.3 ms]
      [Ref Enq: 0.0 ms]
      [Redirty Cards: 5.0 ms]
      [Humongous Register: 2.1 ms]
      [Humongous Reclaim: 0.0 ms]
      [Free CSet: 0.2 ms]
   [Eden: 51200.0K(51200.0K)->0.0B(51200.0K) Survivors: 1024.0K->1024.0K Heap: 246.4M(1024.0M)->196.4M(1024.0M)]
 [Times: user=0.17 sys=0.00, real=0.02 secs] 
2023-07-08T15:20:25.985+0000: 2156845.611: [GC pause (G1 Evacuation Pause) (young), 0.0231305 secs]
   [Parallel Time: 7.7 ms, GC Workers: 43]
      [GC Worker Start (ms): Min: 2156845611.0, Avg: 2156845612.4, Max: 2156845613.7, Diff: 2.7]
      [Ext Root Scanning (ms): Min: 0.0, Avg: 0.5, Max: 1.7, Diff: 1.7, Sum: 21.5]
      [Update RS (ms): Min: 0.0, Avg: 0.1, Max: 0.5, Diff: 0.5, Sum: 4.6]
         [Processed Buffers: Min: 0, Avg: 1.3, Max: 6, Diff: 6, Sum: 56]
      [Scan RS (ms): Min: 0.0, Avg: 0.0, Max: 0.0, Diff: 0.0, Sum: 0.6]
      [Code Root Scanning (ms): Min: 0.0, Avg: 0.0, Max: 0.0, Diff: 0.0, Sum: 0.0]
      [Object Copy (ms): Min: 2.6, Avg: 3.3, Max: 3.9, Diff: 1.3, Sum: 140.8]
      [Termination (ms): Min: 0.4, Avg: 0.9, Max: 1.6, Diff: 1.2, Sum: 37.3]
         [Termination Attempts: Min: 10, Avg: 15.7, Max: 20, Diff: 10, Sum: 677]
      [GC Worker Other (ms): Min: 0.0, Avg: 0.1, Max: 0.3, Diff: 0.2, Sum: 4.0]
      [GC Worker Total (ms): Min: 3.6, Avg: 4.9, Max: 6.2, Diff: 2.6, Sum: 208.8]
      [GC Worker End (ms): Min: 2156845617.2, Avg: 2156845617.3, Max: 2156845617.4, Diff: 0.3]
   [Code Root Fixup: 0.0 ms]
   [Code Root Purge: 0.0 ms]
   [Clear CT: 5.3 ms]
   [Other: 10.1 ms]
      [Choose CSet: 0.0 ms]
      [Ref Proc: 4.3 ms]
      [Ref Enq: 0.0 ms]
      [Redirty Cards: 5.1 ms]
      [Humongous Register: 0.1 ms]
      [Humongous Reclaim: 0.0 ms]
      [Free CSet: 0.1 ms]
   [Eden: 51200.0K(51200.0K)->0.0B(51200.0K) Survivors: 1024.0K->1024.0K Heap: 246.4M(1024.0M)->196.4M(1024.0M)]
 [Times: user=0.26 sys=0.00, real=0.02 secs] 
2023-07-08T16:18:09.325+0000: 2160308.951: [GC pause (G1 Evacuation Pause) (young), 0.0217079 secs]
   [Parallel Time: 6.8 ms, GC Workers: 43]
      [GC Worker Start (ms): Min: 2160308950.9, Avg: 2160308952.4, Max: 2160308953.6, Diff: 2.6]
      [Ext Root Scanning (ms): Min: 0.0, Avg: 0.7, Max: 6.2, Diff: 6.1, Sum: 31.5]
      [Update RS (ms): Min: 0.0, Avg: 0.2, Max: 0.6, Diff: 0.6, Sum: 6.6]
         [Processed Buffers: Min: 0, Avg: 1.4, Max: 5, Diff: 5, Sum: 62]
      [Scan RS (ms): Min: 0.0, Avg: 0.0, Max: 0.0, Diff: 0.0, Sum: 0.6]
      [Code Root Scanning (ms): Min: 0.0, Avg: 0.0, Max: 0.0, Diff: 0.0, Sum: 0.0]
      [Object Copy (ms): Min: 0.0, Avg: 1.5, Max: 2.1, Diff: 2.1, Sum: 65.6]
      [Termination (ms): Min: 0.0, Avg: 2.4, Max: 2.7, Diff: 2.7, Sum: 102.2]
         [Termination Attempts: Min: 1, Avg: 4.2, Max: 7, Diff: 6, Sum: 181]
      [GC Worker Other (ms): Min: 0.0, Avg: 0.1, Max: 0.4, Diff: 0.4, Sum: 4.8]
      [GC Worker Total (ms): Min: 3.6, Avg: 4.9, Max: 6.2, Diff: 2.6, Sum: 211.3]
      [GC Worker End (ms): Min: 2160308957.1, Avg: 2160308957.3, Max: 2160308957.5, Diff: 0.3]
   [Code Root Fixup: 0.0 ms]
   [Code Root Purge: 0.0 ms]
   [Clear CT: 5.3 ms]
   [Other: 9.5 ms]
      [Choose CSet: 0.0 ms]
      [Ref Proc: 3.2 ms]
      [Ref Enq: 0.0 ms]
      [Redirty Cards: 5.7 ms]
      [Humongous Register: 0.1 ms]
      [Humongous Reclaim: 0.0 ms]
      [Free CSet: 0.1 ms]
   [Eden: 51200.0K(51200.0K)->0.0B(51200.0K) Survivors: 1024.0K->1024.0K Heap: 246.4M(1024.0M)->196.4M(1024.0M)]
 [Times: user=0.25 sys=0.00, real=0.02 secs] 
2023-07-08T17:15:52.591+0000: 2163772.216: [GC pause (G1 Evacuation Pause) (young), 0.0190464 secs]
   [Parallel Time: 5.3 ms, GC Workers: 43]
      [GC Worker Start (ms): Min: 2163772216.9, Avg: 2163772218.5, Max: 2163772219.8, Diff: 2.8]
      [Ext Root Scanning (ms): Min: 0.0, Avg: 0.8, Max: 2.3, Diff: 2.3, Sum: 36.3]
      [Update RS (ms): Min: 0.0, Avg: 0.2, Max: 0.5, Diff: 0.5, Sum: 9.8]
         [Processed Buffers: Min: 0, Avg: 1.6, Max: 9, Diff: 9, Sum: 67]
      [Scan RS (ms): Min: 0.0, Avg: 0.0, Max: 0.0, Diff: 0.0, Sum: 0.5]
      [Code Root Scanning (ms): Min: 0.0, Avg: 0.0, Max: 0.0, Diff: 0.0, Sum: 0.0]
      [Object Copy (ms): Min: 1.3, Avg: 1.6, Max: 1.8, Diff: 0.5, Sum: 67.7]
      [Termination (ms): Min: 0.0, Avg: 0.2, Max: 0.4, Diff: 0.3, Sum: 7.2]
         [Termination Attempts: Min: 2, Avg: 5.1, Max: 9, Diff: 7, Sum: 219]
      [GC Worker Other (ms): Min: 0.0, Avg: 0.2, Max: 0.4, Diff: 0.4, Sum: 6.9]
      [GC Worker Total (ms): Min: 1.7, Avg: 3.0, Max: 4.6, Diff: 2.9, Sum: 128.5]
      [GC Worker End (ms): Min: 2163772221.3, Avg: 2163772221.5, Max: 2163772221.7, Diff: 0.4]
   [Code Root Fixup: 0.0 ms]
   [Code Root Purge: 0.0 ms]
   [Clear CT: 4.9 ms]
   [Other: 8.8 ms]
      [Choose CSet: 0.0 ms]
      [Ref Proc: 3.1 ms]
      [Ref Enq: 0.0 ms]
      [Redirty Cards: 4.7 ms]
      [Humongous Register: 0.3 ms]
      [Humongous Reclaim: 0.0 ms]
      [Free CSet: 0.2 ms]
   [Eden: 51200.0K(51200.0K)->0.0B(51200.0K) Survivors: 1024.0K->1024.0K Heap: 246.4M(1024.0M)->196.4M(1024.0M)]
 [Times: user=0.15 sys=0.02, real=0.02 secs] 
2023-07-08T18:13:31.544+0000: 2167231.170: [GC pause (G1 Evacuation Pause) (young), 0.0225776 secs]
   [Parallel Time: 6.0 ms, GC Workers: 43]
      [GC Worker Start (ms): Min: 2167231172.2, Avg: 2167231174.1, Max: 2167231176.8, Diff: 4.6]
      [Ext Root Scanning (ms): Min: 0.0, Avg: 0.5, Max: 2.2, Diff: 2.2, Sum: 20.4]
      [Update RS (ms): Min: 0.0, Avg: 0.1, Max: 0.4, Diff: 0.4, Sum: 4.8]
         [Processed Buffers: Min: 0, Avg: 1.5, Max: 7, Diff: 7, Sum: 66]
      [Scan RS (ms): Min: 0.0, Avg: 0.0, Max: 0.0, Diff: 0.0, Sum: 0.5]
      [Code Root Scanning (ms): Min: 0.0, Avg: 0.0, Max: 0.0, Diff: 0.0, Sum: 0.0]
      [Object Copy (ms): Min: 0.0, Avg: 1.1, Max: 1.5, Diff: 1.5, Sum: 46.8]
      [Termination (ms): Min: 0.0, Avg: 1.1, Max: 1.3, Diff: 1.3, Sum: 47.8]
         [Termination Attempts: Min: 1, Avg: 4.0, Max: 8, Diff: 7, Sum: 174]
      [GC Worker Other (ms): Min: 0.0, Avg: 0.0, Max: 0.1, Diff: 0.1, Sum: 1.3]
      [GC Worker Total (ms): Min: 0.0, Avg: 2.8, Max: 4.7, Diff: 4.7, Sum: 121.5]
      [GC Worker End (ms): Min: 2167231176.9, Avg: 2167231176.9, Max: 2167231177.1, Diff: 0.2]
   [Code Root Fixup: 0.0 ms]
   [Code Root Purge: 0.0 ms]
   [Clear CT: 4.8 ms]
   [Other: 11.8 ms]
      [Choose CSet: 0.0 ms]
      [Ref Proc: 4.3 ms]
      [Ref Enq: 0.0 ms]
      [Redirty Cards: 4.9 ms]
      [Humongous Register: 1.8 ms]
      [Humongous Reclaim: 0.0 ms]
      [Free CSet: 0.1 ms]
   [Eden: 51200.0K(51200.0K)->0.0B(51200.0K) Survivors: 1024.0K->1024.0K Heap: 246.4M(1024.0M)->196.4M(1024.0M)]
 [Times: user=0.19 sys=0.00, real=0.02 secs] 
2023-07-08T19:11:20.769+0000: 2170700.395: [GC pause (G1 Evacuation Pause) (young), 0.0208685 secs]
   [Parallel Time: 5.6 ms, GC Workers: 43]
      [GC Worker Start (ms): Min: 2170700395.3, Avg: 2170700396.7, Max: 2170700398.6, Diff: 3.3]
      [Ext Root Scanning (ms): Min: 0.0, Avg: 0.6, Max: 1.8, Diff: 1.8, Sum: 25.8]
      [Update RS (ms): Min: 0.0, Avg: 0.1, Max: 0.5, Diff: 0.5, Sum: 5.9]
         [Processed Buffers: Min: 0, Avg: 1.4, Max: 6, Diff: 6, Sum: 61]
      [Scan RS (ms): Min: 0.0, Avg: 0.0, Max: 0.0, Diff: 0.0, Sum: 0.4]
      [Code Root Scanning (ms): Min: 0.0, Avg: 0.0, Max: 0.0, Diff: 0.0, Sum: 0.0]
      [Object Copy (ms): Min: 0.2, Avg: 1.4, Max: 1.7, Diff: 1.5, Sum: 62.1]
      [Termination (ms): Min: 0.1, Avg: 0.2, Max: 0.3, Diff: 0.3, Sum: 6.6]
         [Termination Attempts: Min: 2, Avg: 4.5, Max: 8, Diff: 6, Sum: 195]
      [GC Worker Other (ms): Min: 0.0, Avg: 0.1, Max: 0.2, Diff: 0.2, Sum: 3.1]
      [GC Worker Total (ms): Min: 0.4, Avg: 2.4, Max: 3.8, Diff: 3.4, Sum: 104.0]
      [GC Worker End (ms): Min: 2170700399.0, Avg: 2170700399.1, Max: 2170700399.2, Diff: 0.2]
   [Code Root Fixup: 0.0 ms]
   [Code Root Purge: 0.0 ms]
   [Clear CT: 5.1 ms]
   [Other: 10.2 ms]
      [Choose CSet: 0.0 ms]
      [Ref Proc: 4.4 ms]
      [Ref Enq: 0.0 ms]
      [Redirty Cards: 5.1 ms]
      [Humongous Register: 0.1 ms]
      [Humongous Reclaim: 0.0 ms]
      [Free CSet: 0.1 ms]
   [Eden: 51200.0K(51200.0K)->0.0B(51200.0K) Survivors: 1024.0K->1024.0K Heap: 246.4M(1024.0M)->196.4M(1024.0M)]
 [Times: user=0.15 sys=0.00, real=0.02 secs] 
2023-07-08T20:09:03.624+0000: 2174163.249: [GC pause (G1 Evacuation Pause) (young), 0.0212659 secs]
   [Parallel Time: 6.5 ms, GC Workers: 43]
      [GC Worker Start (ms): Min: 2174163249.8, Avg: 2174163251.2, Max: 2174163254.6, Diff: 4.8]
      [Ext Root Scanning (ms): Min: 0.0, Avg: 0.6, Max: 1.8, Diff: 1.8, Sum: 23.8]
      [Update RS (ms): Min: 0.0, Avg: 0.1, Max: 0.5, Diff: 0.5, Sum: 6.4]
         [Processed Buffers: Min: 0, Avg: 1.5, Max: 10, Diff: 10, Sum: 65]
      [Scan RS (ms): Min: 0.0, Avg: 0.0, Max: 0.0, Diff: 0.0, Sum: 0.5]
      [Code Root Scanning (ms): Min: 0.0, Avg: 0.0, Max: 0.0, Diff: 0.0, Sum: 0.0]
      [Object Copy (ms): Min: 0.0, Avg: 2.2, Max: 2.4, Diff: 2.4, Sum: 93.2]
      [Termination (ms): Min: 0.0, Avg: 0.6, Max: 0.8, Diff: 0.8, Sum: 23.9]
         [Termination Attempts: Min: 1, Avg: 8.9, Max: 12, Diff: 11, Sum: 381]
      [GC Worker Other (ms): Min: 0.0, Avg: 0.0, Max: 0.1, Diff: 0.1, Sum: 1.0]
      [GC Worker Total (ms): Min: 0.0, Avg: 3.5, Max: 4.9, Diff: 4.9, Sum: 148.7]
      [GC Worker End (ms): Min: 2174163254.6, Avg: 2174163254.7, Max: 2174163254.7, Diff: 0.1]
   [Code Root Fixup: 0.0 ms]
   [Code Root Purge: 0.0 ms]
   [Clear CT: 4.5 ms]
   [Other: 10.2 ms]
      [Choose CSet: 0.0 ms]
      [Ref Proc: 4.9 ms]
      [Ref Enq: 0.0 ms]
      [Redirty Cards: 4.7 ms]
      [Humongous Register: 0.1 ms]
      [Humongous Reclaim: 0.0 ms]
      [Free CSet: 0.1 ms]
   [Eden: 51200.0K(51200.0K)->0.0B(51200.0K) Survivors: 1024.0K->1024.0K Heap: 246.4M(1024.0M)->196.4M(1024.0M)]
 [Times: user=0.20 sys=0.00, real=0.02 secs] 
2023-07-08T21:06:47.591+0000: 2177627.217: [GC pause (G1 Evacuation Pause) (young), 0.0226182 secs]
   [Parallel Time: 7.3 ms, GC Workers: 43]
      [GC Worker Start (ms): Min: 2177627216.8, Avg: 2177627218.3, Max: 2177627221.8, Diff: 5.0]
      [Ext Root Scanning (ms): Min: 0.0, Avg: 0.8, Max: 5.6, Diff: 5.6, Sum: 33.4]
      [Update RS (ms): Min: 0.0, Avg: 0.2, Max: 0.5, Diff: 0.5, Sum: 7.4]
         [Processed Buffers: Min: 0, Avg: 1.5, Max: 6, Diff: 6, Sum: 66]
      [Scan RS (ms): Min: 0.0, Avg: 0.0, Max: 0.0, Diff: 0.0, Sum: 0.5]
      [Code Root Scanning (ms): Min: 0.0, Avg: 0.0, Max: 0.0, Diff: 0.0, Sum: 0.0]
      [Object Copy (ms): Min: 0.0, Avg: 1.5, Max: 1.8, Diff: 1.8, Sum: 65.2]
      [Termination (ms): Min: 0.0, Avg: 1.7, Max: 2.0, Diff: 2.0, Sum: 72.4]
         [Termination Attempts: Min: 1, Avg: 4.8, Max: 8, Diff: 7, Sum: 206]
      [GC Worker Other (ms): Min: 0.0, Avg: 0.0, Max: 0.1, Diff: 0.1, Sum: 1.1]
      [GC Worker Total (ms): Min: 0.7, Avg: 4.2, Max: 5.7, Diff: 5.1, Sum: 180.0]
      [GC Worker End (ms): Min: 2177627222.5, Avg: 2177627222.5, Max: 2177627222.7, Diff: 0.2]
   [Code Root Fixup: 0.0 ms]
   [Code Root Purge: 0.0 ms]
   [Clear CT: 5.2 ms]
   [Other: 10.1 ms]
      [Choose CSet: 0.0 ms]
      [Ref Proc: 4.1 ms]
      [Ref Enq: 0.0 ms]
      [Redirty Cards: 5.3 ms]
      [Humongous Register: 0.1 ms]
      [Humongous Reclaim: 0.0 ms]
      [Free CSet: 0.2 ms]
   [Eden: 51200.0K(51200.0K)->0.0B(51200.0K) Survivors: 1024.0K->1024.0K Heap: 246.4M(1024.0M)->196.4M(1024.0M)]
 [Times: user=0.25 sys=0.00, real=0.02 secs] 
2023-07-08T22:04:22.591+0000: 2181082.216: [GC pause (G1 Evacuation Pause) (young), 0.0209267 secs]
   [Parallel Time: 5.4 ms, GC Workers: 43]
      [GC Worker Start (ms): Min: 2181082216.7, Avg: 2181082218.2, Max: 2181082219.3, Diff: 2.6]
      [Ext Root Scanning (ms): Min: 0.0, Avg: 0.5, Max: 1.8, Diff: 1.8, Sum: 23.4]
      [Update RS (ms): Min: 0.0, Avg: 0.1, Max: 0.4, Diff: 0.4, Sum: 6.1]
         [Processed Buffers: Min: 0, Avg: 1.4, Max: 8, Diff: 8, Sum: 62]
      [Scan RS (ms): Min: 0.0, Avg: 0.0, Max: 0.1, Diff: 0.0, Sum: 0.5]
      [Code Root Scanning (ms): Min: 0.0, Avg: 0.0, Max: 0.0, Diff: 0.0, Sum: 0.0]
      [Object Copy (ms): Min: 1.0, Avg: 1.5, Max: 1.7, Diff: 0.7, Sum: 64.7]
      [Termination (ms): Min: 0.1, Avg: 0.2, Max: 0.3, Diff: 0.3, Sum: 8.2]
         [Termination Attempts: Min: 1, Avg: 4.3, Max: 9, Diff: 8, Sum: 185]
      [GC Worker Other (ms): Min: 0.0, Avg: 0.1, Max: 0.3, Diff: 0.3, Sum: 5.2]
      [GC Worker Total (ms): Min: 1.3, Avg: 2.5, Max: 3.8, Diff: 2.5, Sum: 108.1]
      [GC Worker End (ms): Min: 2181082220.6, Avg: 2181082220.7, Max: 2181082220.9, Diff: 0.3]
   [Code Root Fixup: 0.0 ms]
   [Code Root Purge: 0.0 ms]
   [Clear CT: 5.2 ms]
   [Other: 10.3 ms]
      [Choose CSet: 0.0 ms]
      [Ref Proc: 4.6 ms]
      [Ref Enq: 0.0 ms]
      [Redirty Cards: 5.1 ms]
      [Humongous Register: 0.1 ms]
      [Humongous Reclaim: 0.0 ms]
      [Free CSet: 0.1 ms]
   [Eden: 51200.0K(51200.0K)->0.0B(51200.0K) Survivors: 1024.0K->1024.0K Heap: 246.4M(1024.0M)->196.4M(1024.0M)]
 [Times: user=0.15 sys=0.00, real=0.02 secs] 
2023-07-08T23:02:07.591+0000: 2184547.216: [GC pause (G1 Evacuation Pause) (young), 0.0206901 secs]
   [Parallel Time: 5.7 ms, GC Workers: 43]
      [GC Worker Start (ms): Min: 2184547217.1, Avg: 2184547218.4, Max: 2184547219.6, Diff: 2.6]
      [Ext Root Scanning (ms): Min: 0.0, Avg: 0.8, Max: 2.2, Diff: 2.1, Sum: 34.8]
      [Update RS (ms): Min: 0.0, Avg: 0.3, Max: 0.7, Diff: 0.7, Sum: 14.8]
         [Processed Buffers: Min: 0, Avg: 1.5, Max: 9, Diff: 9, Sum: 63]
      [Scan RS (ms): Min: 0.0, Avg: 0.0, Max: 0.0, Diff: 0.0, Sum: 0.4]
      [Code Root Scanning (ms): Min: 0.0, Avg: 0.0, Max: 0.0, Diff: 0.0, Sum: 0.0]
      [Object Copy (ms): Min: 1.1, Avg: 1.4, Max: 1.7, Diff: 0.6, Sum: 62.2]
      [Termination (ms): Min: 0.0, Avg: 0.1, Max: 0.3, Diff: 0.2, Sum: 5.7]
         [Termination Attempts: Min: 1, Avg: 3.9, Max: 7, Diff: 6, Sum: 167]
      [GC Worker Other (ms): Min: 0.0, Avg: 0.1, Max: 0.3, Diff: 0.3, Sum: 4.4]
      [GC Worker Total (ms): Min: 1.6, Avg: 2.8, Max: 4.2, Diff: 2.6, Sum: 122.3]
      [GC Worker End (ms): Min: 2184547221.2, Avg: 2184547221.3, Max: 2184547221.5, Diff: 0.3]
   [Code Root Fixup: 0.0 ms]
   [Code Root Purge: 0.0 ms]
   [Clear CT: 4.7 ms]
   [Other: 10.2 ms]
      [Choose CSet: 0.0 ms]
      [Ref Proc: 4.5 ms]
      [Ref Enq: 0.0 ms]
      [Redirty Cards: 4.7 ms]
      [Humongous Register: 0.3 ms]
      [Humongous Reclaim: 0.0 ms]
      [Free CSet: 0.2 ms]
   [Eden: 51200.0K(51200.0K)->0.0B(51200.0K) Survivors: 1024.0K->1024.0K Heap: 246.4M(1024.0M)->196.4M(1024.0M)]
 [Times: user=0.15 sys=0.02, real=0.02 secs] 
2023-07-08T23:59:54.798+0000: 2188014.424: [GC pause (G1 Evacuation Pause) (young), 0.0261558 secs]
   [Parallel Time: 6.2 ms, GC Workers: 43]
      [GC Worker Start (ms): Min: 2188014426.1, Avg: 2188014427.9, Max: 2188014430.0, Diff: 3.9]
      [Ext Root Scanning (ms): Min: 0.0, Avg: 0.3, Max: 2.2, Diff: 2.2, Sum: 12.9]
      [Update RS (ms): Min: 0.0, Avg: 0.1, Max: 0.4, Diff: 0.4, Sum: 3.0]
         [Processed Buffers: Min: 0, Avg: 1.3, Max: 7, Diff: 7, Sum: 58]
      [Scan RS (ms): Min: 0.0, Avg: 0.0, Max: 0.0, Diff: 0.0, Sum: 0.4]
      [Code Root Scanning (ms): Min: 0.0, Avg: 0.0, Max: 0.0, Diff: 0.0, Sum: 0.0]
      [Object Copy (ms): Min: 0.0, Avg: 0.7, Max: 1.3, Diff: 1.3, Sum: 29.7]
      [Termination (ms): Min: 0.0, Avg: 1.1, Max: 1.4, Diff: 1.4, Sum: 48.1]
         [Termination Attempts: Min: 1, Avg: 4.0, Max: 11, Diff: 10, Sum: 171]
      [GC Worker Other (ms): Min: 0.0, Avg: 0.0, Max: 0.1, Diff: 0.1, Sum: 1.5]
      [GC Worker Total (ms): Min: 0.1, Avg: 2.2, Max: 4.1, Diff: 4.1, Sum: 95.6]
      [GC Worker End (ms): Min: 2188014430.0, Avg: 2188014430.1, Max: 2188014430.2, Diff: 0.2]
   [Code Root Fixup: 0.0 ms]
   [Code Root Purge: 0.0 ms]
   [Clear CT: 6.9 ms]
   [Other: 13.1 ms]
      [Choose CSet: 0.0 ms]
      [Ref Proc: 5.0 ms]
      [Ref Enq: 0.0 ms]
      [Redirty Cards: 5.5 ms]
      [Humongous Register: 1.8 ms]
      [Humongous Reclaim: 0.0 ms]
      [Free CSet: 0.1 ms]
   [Eden: 51200.0K(51200.0K)->0.0B(51200.0K) Survivors: 1024.0K->1024.0K Heap: 246.4M(1024.0M)->196.4M(1024.0M)]
 [Times: user=0.18 sys=0.00, real=0.03 secs] 
2023-07-09T00:57:31.544+0000: 2191471.169: [GC pause (G1 Evacuation Pause) (young), 0.0216788 secs]
   [Parallel Time: 4.6 ms, GC Workers: 43]
      [GC Worker Start (ms): Min: 2191471169.6, Avg: 2191471170.9, Max: 2191471172.1, Diff: 2.5]
      [Ext Root Scanning (ms): Min: 0.0, Avg: 0.5, Max: 1.7, Diff: 1.7, Sum: 23.1]
      [Update RS (ms): Min: 0.0, Avg: 0.1, Max: 0.4, Diff: 0.4, Sum: 6.3]
         [Processed Buffers: Min: 0, Avg: 1.3, Max: 9, Diff: 9, Sum: 57]
      [Scan RS (ms): Min: 0.0, Avg: 0.0, Max: 0.0, Diff: 0.0, Sum: 0.5]
      [Code Root Scanning (ms): Min: 0.0, Avg: 0.0, Max: 0.0, Diff: 0.0, Sum: 0.0]
      [Object Copy (ms): Min: 1.2, Avg: 1.7, Max: 2.0, Diff: 0.7, Sum: 72.7]
      [Termination (ms): Min: 0.0, Avg: 0.2, Max: 0.3, Diff: 0.3, Sum: 7.8]
         [Termination Attempts: Min: 3, Avg: 5.7, Max: 9, Diff: 6, Sum: 245]
      [GC Worker Other (ms): Min: 0.0, Avg: 0.1, Max: 0.2, Diff: 0.2, Sum: 3.4]
      [GC Worker Total (ms): Min: 1.4, Avg: 2.6, Max: 4.1, Diff: 2.7, Sum: 113.7]
      [GC Worker End (ms): Min: 2191471173.4, Avg: 2191471173.5, Max: 2191471173.7, Diff: 0.2]
   [Code Root Fixup: 0.0 ms]
   [Code Root Purge: 0.0 ms]
   [Clear CT: 6.8 ms]
   [Other: 10.3 ms]
      [Choose CSet: 0.0 ms]
      [Ref Proc: 4.3 ms]
      [Ref Enq: 0.0 ms]
      [Redirty Cards: 5.3 ms]
      [Humongous Register: 0.1 ms]
      [Humongous Reclaim: 0.0 ms]
      [Free CSet: 0.1 ms]
   [Eden: 51200.0K(51200.0K)->0.0B(51200.0K) Survivors: 1024.0K->1024.0K Heap: 246.4M(1024.0M)->196.4M(1024.0M)]
 [Times: user=0.15 sys=0.03, real=0.02 secs] 
2023-07-09T01:55:14.280+0000: 2194933.906: [GC pause (G1 Evacuation Pause) (young), 0.0259748 secs]
   [Parallel Time: 7.2 ms, GC Workers: 43]
      [GC Worker Start (ms): Min: 2194933906.0, Avg: 2194933907.5, Max: 2194933908.7, Diff: 2.7]
      [Ext Root Scanning (ms): Min: 0.0, Avg: 0.5, Max: 1.7, Diff: 1.7, Sum: 21.2]
      [Update RS (ms): Min: 0.0, Avg: 0.1, Max: 0.5, Diff: 0.5, Sum: 5.8]
         [Processed Buffers: Min: 0, Avg: 1.4, Max: 6, Diff: 6, Sum: 59]
      [Scan RS (ms): Min: 0.0, Avg: 0.0, Max: 0.0, Diff: 0.0, Sum: 0.5]
      [Code Root Scanning (ms): Min: 0.0, Avg: 0.0, Max: 0.0, Diff: 0.0, Sum: 0.0]
      [Object Copy (ms): Min: 1.9, Avg: 2.7, Max: 3.2, Diff: 1.3, Sum: 115.9]
      [Termination (ms): Min: 0.3, Avg: 0.7, Max: 1.5, Diff: 1.2, Sum: 30.4]
         [Termination Attempts: Min: 8, Avg: 12.6, Max: 18, Diff: 10, Sum: 540]
      [GC Worker Other (ms): Min: 0.0, Avg: 0.1, Max: 0.3, Diff: 0.3, Sum: 4.4]
      [GC Worker Total (ms): Min: 2.9, Avg: 4.1, Max: 5.6, Diff: 2.6, Sum: 178.3]
      [GC Worker End (ms): Min: 2194933911.5, Avg: 2194933911.6, Max: 2194933911.8, Diff: 0.3]
   [Code Root Fixup: 0.0 ms]
   [Code Root Purge: 0.0 ms]
   [Clear CT: 5.6 ms]
   [Other: 13.1 ms]
      [Choose CSet: 0.0 ms]
      [Ref Proc: 6.9 ms]
      [Ref Enq: 0.0 ms]
      [Redirty Cards: 5.6 ms]
      [Humongous Register: 0.1 ms]
      [Humongous Reclaim: 0.0 ms]
      [Free CSet: 0.1 ms]
   [Eden: 51200.0K(51200.0K)->0.0B(51200.0K) Survivors: 1024.0K->1024.0K Heap: 246.4M(1024.0M)->196.4M(1024.0M)]
 [Times: user=0.23 sys=0.00, real=0.03 secs] 
2023-07-09T02:52:34.857+0000: 2198374.483: [GC pause (G1 Evacuation Pause) (young), 0.0258791 secs]
   [Parallel Time: 6.7 ms, GC Workers: 43]
      [GC Worker Start (ms): Min: 2198374482.9, Avg: 2198374484.3, Max: 2198374485.5, Diff: 2.6]
      [Ext Root Scanning (ms): Min: 0.0, Avg: 0.6, Max: 5.4, Diff: 5.3, Sum: 27.5]
      [Update RS (ms): Min: 0.0, Avg: 0.2, Max: 0.5, Diff: 0.5, Sum: 7.5]
         [Processed Buffers: Min: 0, Avg: 1.3, Max: 7, Diff: 7, Sum: 58]
      [Scan RS (ms): Min: 0.0, Avg: 0.0, Max: 0.0, Diff: 0.0, Sum: 0.4]
      [Code Root Scanning (ms): Min: 0.0, Avg: 0.0, Max: 0.0, Diff: 0.0, Sum: 0.0]
      [Object Copy (ms): Min: 0.0, Avg: 1.6, Max: 2.2, Diff: 2.2, Sum: 66.8]
      [Termination (ms): Min: 0.0, Avg: 1.6, Max: 1.9, Diff: 1.9, Sum: 70.7]
         [Termination Attempts: Min: 1, Avg: 4.8, Max: 8, Diff: 7, Sum: 207]
      [GC Worker Other (ms): Min: 0.0, Avg: 0.0, Max: 0.3, Diff: 0.2, Sum: 1.2]
      [GC Worker Total (ms): Min: 2.9, Avg: 4.0, Max: 5.4, Diff: 2.5, Sum: 174.0]
      [GC Worker End (ms): Min: 2198374488.3, Avg: 2198374488.4, Max: 2198374488.4, Diff: 0.2]
   [Code Root Fixup: 0.0 ms]
   [Code Root Purge: 0.0 ms]
   [Clear CT: 5.6 ms]
   [Other: 13.6 ms]
      [Choose CSet: 0.0 ms]
      [Ref Proc: 7.4 ms]
      [Ref Enq: 0.0 ms]
      [Redirty Cards: 5.5 ms]
      [Humongous Register: 0.1 ms]
      [Humongous Reclaim: 0.0 ms]
      [Free CSet: 0.1 ms]
   [Eden: 51200.0K(51200.0K)->0.0B(51200.0K) Survivors: 1024.0K->1024.0K Heap: 246.4M(1024.0M)->196.4M(1024.0M)]
 [Times: user=0.23 sys=0.00, real=0.03 secs] 
2023-07-09T03:50:11.488+0000: 2201831.113: [GC pause (G1 Evacuation Pause) (young), 0.0192802 secs]
   [Parallel Time: 4.7 ms, GC Workers: 43]
      [GC Worker Start (ms): Min: 2201831113.4, Avg: 2201831114.7, Max: 2201831115.9, Diff: 2.5]
      [Ext Root Scanning (ms): Min: 0.0, Avg: 0.5, Max: 1.7, Diff: 1.7, Sum: 23.4]
      [Update RS (ms): Min: 0.0, Avg: 0.1, Max: 0.3, Diff: 0.3, Sum: 5.3]
         [Processed Buffers: Min: 0, Avg: 1.4, Max: 5, Diff: 5, Sum: 59]
      [Scan RS (ms): Min: 0.0, Avg: 0.0, Max: 0.0, Diff: 0.0, Sum: 0.6]
      [Code Root Scanning (ms): Min: 0.0, Avg: 0.0, Max: 0.0, Diff: 0.0, Sum: 0.0]
      [Object Copy (ms): Min: 0.9, Avg: 1.4, Max: 1.6, Diff: 0.7, Sum: 60.8]
      [Termination (ms): Min: 0.1, Avg: 0.2, Max: 0.3, Diff: 0.2, Sum: 6.5]
         [Termination Attempts: Min: 2, Avg: 3.7, Max: 6, Diff: 4, Sum: 159]
      [GC Worker Other (ms): Min: 0.0, Avg: 0.1, Max: 0.3, Diff: 0.2, Sum: 3.9]
      [GC Worker Total (ms): Min: 1.2, Avg: 2.3, Max: 3.7, Diff: 2.5, Sum: 100.6]
      [GC Worker End (ms): Min: 2201831116.9, Avg: 2201831117.0, Max: 2201831117.2, Diff: 0.3]
   [Code Root Fixup: 0.0 ms]
   [Code Root Purge: 0.0 ms]
   [Clear CT: 5.2 ms]
   [Other: 9.4 ms]
      [Choose CSet: 0.0 ms]
      [Ref Proc: 3.7 ms]
      [Ref Enq: 0.0 ms]
      [Redirty Cards: 5.2 ms]
      [Humongous Register: 0.1 ms]
      [Humongous Reclaim: 0.0 ms]
      [Free CSet: 0.1 ms]
   [Eden: 51200.0K(51200.0K)->0.0B(51200.0K) Survivors: 1024.0K->1024.0K Heap: 246.4M(1024.0M)->196.4M(1024.0M)]
 [Times: user=0.14 sys=0.01, real=0.02 secs] 
2023-07-09T04:47:55.100+0000: 2205294.725: [GC pause (G1 Evacuation Pause) (young), 0.0216851 secs]
   [Parallel Time: 6.0 ms, GC Workers: 43]
      [GC Worker Start (ms): Min: 2205294725.5, Avg: 2205294726.9, Max: 2205294728.1, Diff: 2.6]
      [Ext Root Scanning (ms): Min: 0.0, Avg: 0.6, Max: 1.8, Diff: 1.8, Sum: 24.4]
      [Update RS (ms): Min: 0.0, Avg: 0.1, Max: 0.4, Diff: 0.4, Sum: 6.0]
         [Processed Buffers: Min: 0, Avg: 1.5, Max: 7, Diff: 7, Sum: 64]
      [Scan RS (ms): Min: 0.0, Avg: 0.0, Max: 0.0, Diff: 0.0, Sum: 0.6]
      [Code Root Scanning (ms): Min: 0.0, Avg: 0.0, Max: 0.0, Diff: 0.0, Sum: 0.0]
      [Object Copy (ms): Min: 0.9, Avg: 1.4, Max: 1.6, Diff: 0.7, Sum: 59.3]
      [Termination (ms): Min: 0.0, Avg: 0.1, Max: 0.2, Diff: 0.2, Sum: 4.5]
         [Termination Attempts: Min: 1, Avg: 3.7, Max: 6, Diff: 5, Sum: 159]
      [GC Worker Other (ms): Min: 0.0, Avg: 0.1, Max: 0.3, Diff: 0.2, Sum: 4.3]
      [GC Worker Total (ms): Min: 1.1, Avg: 2.3, Max: 3.8, Diff: 2.7, Sum: 99.0]
      [GC Worker End (ms): Min: 2205294729.2, Avg: 2205294729.2, Max: 2205294729.4, Diff: 0.2]
   [Code Root Fixup: 0.0 ms]
   [Code Root Purge: 0.0 ms]
   [Clear CT: 5.4 ms]
   [Other: 10.3 ms]
      [Choose CSet: 0.0 ms]
      [Ref Proc: 4.3 ms]
      [Ref Enq: 0.0 ms]
      [Redirty Cards: 5.3 ms]
      [Humongous Register: 0.1 ms]
      [Humongous Reclaim: 0.0 ms]
      [Free CSet: 0.1 ms]
   [Eden: 51200.0K(51200.0K)->0.0B(51200.0K) Survivors: 1024.0K->1024.0K Heap: 246.4M(1024.0M)->196.4M(1024.0M)]
 [Times: user=0.12 sys=0.03, real=0.03 secs] 
2023-07-09T05:45:55.177+0000: 2208774.802: [GC pause (G1 Evacuation Pause) (young), 0.0244146 secs]
   [Parallel Time: 6.5 ms, GC Workers: 43]
      [GC Worker Start (ms): Min: 2208774805.0, Avg: 2208774806.9, Max: 2208774808.7, Diff: 3.7]
      [Ext Root Scanning (ms): Min: 0.0, Avg: 0.6, Max: 2.3, Diff: 2.3, Sum: 26.4]
      [Update RS (ms): Min: 0.0, Avg: 0.2, Max: 0.6, Diff: 0.6, Sum: 7.9]
         [Processed Buffers: Min: 0, Avg: 1.4, Max: 8, Diff: 8, Sum: 60]
      [Scan RS (ms): Min: 0.0, Avg: 0.0, Max: 0.0, Diff: 0.0, Sum: 0.4]
      [Code Root Scanning (ms): Min: 0.0, Avg: 0.0, Max: 0.0, Diff: 0.0, Sum: 0.0]
      [Object Copy (ms): Min: 0.4, Avg: 1.4, Max: 1.8, Diff: 1.3, Sum: 60.9]
      [Termination (ms): Min: 0.0, Avg: 0.2, Max: 0.3, Diff: 0.3, Sum: 7.9]
         [Termination Attempts: Min: 1, Avg: 5.1, Max: 9, Diff: 8, Sum: 218]
      [GC Worker Other (ms): Min: 0.0, Avg: 0.1, Max: 0.3, Diff: 0.3, Sum: 4.3]
      [GC Worker Total (ms): Min: 0.7, Avg: 2.5, Max: 4.4, Diff: 3.8, Sum: 107.9]
      [GC Worker End (ms): Min: 2208774809.4, Avg: 2208774809.4, Max: 2208774809.6, Diff: 0.3]
   [Code Root Fixup: 0.0 ms]
   [Code Root Purge: 0.0 ms]
   [Clear CT: 5.2 ms]
   [Other: 12.7 ms]
      [Choose CSet: 0.0 ms]
      [Ref Proc: 4.4 ms]
      [Ref Enq: 0.0 ms]
      [Redirty Cards: 5.1 ms]
      [Humongous Register: 2.1 ms]
      [Humongous Reclaim: 0.0 ms]
      [Free CSet: 0.4 ms]
   [Eden: 51200.0K(51200.0K)->0.0B(51200.0K) Survivors: 1024.0K->1024.0K Heap: 246.4M(1024.0M)->196.4M(1024.0M)]
 [Times: user=0.11 sys=0.05, real=0.03 secs] 
2023-07-09T06:43:42.508+0000: 2212242.133: [GC pause (G1 Evacuation Pause) (young), 0.0196469 secs]
   [Parallel Time: 5.7 ms, GC Workers: 43]
      [GC Worker Start (ms): Min: 2212242133.4, Avg: 2212242134.8, Max: 2212242136.0, Diff: 2.6]
      [Ext Root Scanning (ms): Min: 0.0, Avg: 0.6, Max: 1.7, Diff: 1.7, Sum: 23.9]
      [Update RS (ms): Min: 0.0, Avg: 0.1, Max: 0.5, Diff: 0.5, Sum: 5.3]
         [Processed Buffers: Min: 0, Avg: 1.4, Max: 6, Diff: 6, Sum: 60]
      [Scan RS (ms): Min: 0.0, Avg: 0.0, Max: 0.0, Diff: 0.0, Sum: 0.6]
      [Code Root Scanning (ms): Min: 0.0, Avg: 0.0, Max: 0.0, Diff: 0.0, Sum: 0.0]
      [Object Copy (ms): Min: 0.9, Avg: 1.5, Max: 1.8, Diff: 0.9, Sum: 65.2]
      [Termination (ms): Min: 0.0, Avg: 0.2, Max: 0.4, Diff: 0.4, Sum: 7.9]
         [Termination Attempts: Min: 1, Avg: 4.2, Max: 9, Diff: 8, Sum: 180]
      [GC Worker Other (ms): Min: 0.0, Avg: 0.1, Max: 0.3, Diff: 0.3, Sum: 3.7]
      [GC Worker Total (ms): Min: 1.2, Avg: 2.5, Max: 3.8, Diff: 2.6, Sum: 106.6]
      [GC Worker End (ms): Min: 2212242137.2, Avg: 2212242137.2, Max: 2212242137.4, Diff: 0.3]
   [Code Root Fixup: 0.0 ms]
   [Code Root Purge: 0.0 ms]
   [Clear CT: 4.9 ms]
   [Other: 9.0 ms]
      [Choose CSet: 0.0 ms]
      [Ref Proc: 3.6 ms]
      [Ref Enq: 0.0 ms]
      [Redirty Cards: 4.9 ms]
      [Humongous Register: 0.1 ms]
      [Humongous Reclaim: 0.0 ms]
      [Free CSet: 0.1 ms]
   [Eden: 51200.0K(51200.0K)->0.0B(51200.0K) Survivors: 1024.0K->1024.0K Heap: 246.4M(1024.0M)->196.4M(1024.0M)]
 [Times: user=0.13 sys=0.02, real=0.02 secs] 
2023-07-09T07:41:50.533+0000: 2215730.158: [GC pause (G1 Evacuation Pause) (young), 0.0206440 secs]
   [Parallel Time: 5.0 ms, GC Workers: 43]
      [GC Worker Start (ms): Min: 2215730158.4, Avg: 2215730159.8, Max: 2215730161.0, Diff: 2.6]
      [Ext Root Scanning (ms): Min: 0.0, Avg: 0.5, Max: 2.1, Diff: 2.1, Sum: 20.5]
      [Update RS (ms): Min: 0.0, Avg: 0.1, Max: 0.5, Diff: 0.5, Sum: 4.3]
         [Processed Buffers: Min: 0, Avg: 1.4, Max: 7, Diff: 7, Sum: 62]
      [Scan RS (ms): Min: 0.0, Avg: 0.0, Max: 0.0, Diff: 0.0, Sum: 0.6]
      [Code Root Scanning (ms): Min: 0.0, Avg: 0.0, Max: 0.0, Diff: 0.0, Sum: 0.0]
      [Object Copy (ms): Min: 0.8, Avg: 1.4, Max: 1.8, Diff: 0.9, Sum: 61.7]
      [Termination (ms): Min: 0.1, Avg: 0.2, Max: 0.3, Diff: 0.2, Sum: 8.8]
         [Termination Attempts: Min: 1, Avg: 4.1, Max: 8, Diff: 7, Sum: 176]
      [GC Worker Other (ms): Min: 0.0, Avg: 0.1, Max: 0.3, Diff: 0.3, Sum: 4.5]
      [GC Worker Total (ms): Min: 1.1, Avg: 2.3, Max: 3.8, Diff: 2.7, Sum: 100.4]
      [GC Worker End (ms): Min: 2215730162.1, Avg: 2215730162.2, Max: 2215730162.4, Diff: 0.3]
   [Code Root Fixup: 0.0 ms]
   [Code Root Purge: 0.0 ms]
   [Clear CT: 5.4 ms]
   [Other: 10.2 ms]
      [Choose CSet: 0.0 ms]
      [Ref Proc: 4.5 ms]
      [Ref Enq: 0.0 ms]
      [Redirty Cards: 5.0 ms]
      [Humongous Register: 0.1 ms]
      [Humongous Reclaim: 0.0 ms]
      [Free CSet: 0.2 ms]
   [Eden: 51200.0K(51200.0K)->0.0B(51200.0K) Survivors: 1024.0K->1024.0K Heap: 246.4M(1024.0M)->196.4M(1024.0M)]
 [Times: user=0.08 sys=0.07, real=0.02 secs] 
2023-07-09T08:39:55.453+0000: 2219215.079: [GC pause (G1 Evacuation Pause) (young), 0.0234448 secs]
   [Parallel Time: 7.6 ms, GC Workers: 43]
      [GC Worker Start (ms): Min: 2219215079.3, Avg: 2219215080.8, Max: 2219215082.0, Diff: 2.6]
      [Ext Root Scanning (ms): Min: 0.0, Avg: 0.5, Max: 1.7, Diff: 1.7, Sum: 21.4]
      [Update RS (ms): Min: 0.0, Avg: 0.1, Max: 0.4, Diff: 0.4, Sum: 4.8]
         [Processed Buffers: Min: 0, Avg: 1.5, Max: 5, Diff: 5, Sum: 63]
      [Scan RS (ms): Min: 0.0, Avg: 0.0, Max: 0.0, Diff: 0.0, Sum: 0.4]
      [Code Root Scanning (ms): Min: 0.0, Avg: 0.0, Max: 0.0, Diff: 0.0, Sum: 0.0]
      [Object Copy (ms): Min: 2.2, Avg: 3.1, Max: 3.5, Diff: 1.3, Sum: 133.4]
      [Termination (ms): Min: 0.5, Avg: 0.7, Max: 1.5, Diff: 1.0, Sum: 32.2]
         [Termination Attempts: Min: 12, Avg: 15.9, Max: 21, Diff: 9, Sum: 684]
      [GC Worker Other (ms): Min: 0.0, Avg: 0.1, Max: 0.3, Diff: 0.3, Sum: 4.3]
      [GC Worker Total (ms): Min: 3.4, Avg: 4.6, Max: 6.1, Diff: 2.8, Sum: 196.5]
      [GC Worker End (ms): Min: 2219215085.2, Avg: 2219215085.3, Max: 2219215085.5, Diff: 0.3]
   [Code Root Fixup: 0.0 ms]
   [Code Root Purge: 0.0 ms]
   [Clear CT: 5.3 ms]
   [Other: 10.5 ms]
      [Choose CSet: 0.0 ms]
      [Ref Proc: 4.3 ms]
      [Ref Enq: 0.0 ms]
      [Redirty Cards: 5.5 ms]
      [Humongous Register: 0.1 ms]
      [Humongous Reclaim: 0.0 ms]
      [Free CSet: 0.1 ms]
   [Eden: 51200.0K(51200.0K)->0.0B(51200.0K) Survivors: 1024.0K->1024.0K Heap: 246.4M(1024.0M)->196.4M(1024.0M)]
 [Times: user=0.25 sys=0.00, real=0.02 secs] 
2023-07-09T09:37:57.591+0000: 2222697.216: [GC pause (G1 Evacuation Pause) (young), 0.0244797 secs]
   [Parallel Time: 7.9 ms, GC Workers: 43]
      [GC Worker Start (ms): Min: 2222697216.6, Avg: 2222697218.0, Max: 2222697219.2, Diff: 2.6]
      [Ext Root Scanning (ms): Min: 0.0, Avg: 0.5, Max: 1.7, Diff: 1.7, Sum: 22.1]
      [Update RS (ms): Min: 0.0, Avg: 0.1, Max: 0.4, Diff: 0.4, Sum: 4.6]
         [Processed Buffers: Min: 0, Avg: 1.4, Max: 6, Diff: 6, Sum: 60]
      [Scan RS (ms): Min: 0.0, Avg: 0.0, Max: 0.1, Diff: 0.1, Sum: 0.8]
      [Code Root Scanning (ms): Min: 0.0, Avg: 0.0, Max: 0.0, Diff: 0.0, Sum: 0.0]
      [Object Copy (ms): Min: 1.1, Avg: 1.6, Max: 1.8, Diff: 0.8, Sum: 67.5]
      [Termination (ms): Min: 0.1, Avg: 0.2, Max: 0.3, Diff: 0.2, Sum: 8.1]
         [Termination Attempts: Min: 2, Avg: 4.9, Max: 8, Diff: 6, Sum: 210]
      [GC Worker Other (ms): Min: 0.0, Avg: 0.1, Max: 0.3, Diff: 0.3, Sum: 4.8]
      [GC Worker Total (ms): Min: 1.3, Avg: 2.5, Max: 3.8, Diff: 2.5, Sum: 107.8]
      [GC Worker End (ms): Min: 2222697220.4, Avg: 2222697220.5, Max: 2222697220.7, Diff: 0.3]
   [Code Root Fixup: 0.0 ms]
   [Code Root Purge: 0.0 ms]
   [Clear CT: 5.7 ms]
   [Other: 10.9 ms]
      [Choose CSet: 0.0 ms]
      [Ref Proc: 5.5 ms]
      [Ref Enq: 0.0 ms]
      [Redirty Cards: 4.9 ms]
      [Humongous Register: 0.1 ms]
      [Humongous Reclaim: 0.0 ms]
      [Free CSet: 0.1 ms]
   [Eden: 51200.0K(51200.0K)->0.0B(51200.0K) Survivors: 1024.0K->1024.0K Heap: 246.4M(1024.0M)->196.4M(1024.0M)]
 [Times: user=0.16 sys=0.00, real=0.02 secs] 
2023-07-09T10:35:42.591+0000: 2226162.217: [GC pause (G1 Evacuation Pause) (young), 0.0205285 secs]
   [Parallel Time: 6.3 ms, GC Workers: 43]
      [GC Worker Start (ms): Min: 2226162216.8, Avg: 2226162218.3, Max: 2226162219.5, Diff: 2.6]
      [Ext Root Scanning (ms): Min: 0.0, Avg: 0.7, Max: 5.4, Diff: 5.4, Sum: 29.8]
      [Update RS (ms): Min: 0.0, Avg: 0.1, Max: 0.4, Diff: 0.4, Sum: 5.0]
         [Processed Buffers: Min: 0, Avg: 1.4, Max: 5, Diff: 5, Sum: 61]
      [Scan RS (ms): Min: 0.0, Avg: 0.0, Max: 0.1, Diff: 0.0, Sum: 0.8]
      [Code Root Scanning (ms): Min: 0.0, Avg: 0.0, Max: 0.0, Diff: 0.0, Sum: 0.0]
      [Object Copy (ms): Min: 0.0, Avg: 1.3, Max: 1.6, Diff: 1.6, Sum: 56.4]
      [Termination (ms): Min: 0.0, Avg: 1.9, Max: 2.2, Diff: 2.2, Sum: 82.9]
         [Termination Attempts: Min: 1, Avg: 3.6, Max: 7, Diff: 6, Sum: 154]
      [GC Worker Other (ms): Min: 0.0, Avg: 0.0, Max: 0.1, Diff: 0.1, Sum: 1.0]
      [GC Worker Total (ms): Min: 2.9, Avg: 4.1, Max: 5.4, Diff: 2.5, Sum: 176.0]
      [GC Worker End (ms): Min: 2226162222.2, Avg: 2226162222.3, Max: 2226162222.4, Diff: 0.2]
   [Code Root Fixup: 0.0 ms]
   [Code Root Purge: 0.0 ms]
   [Clear CT: 5.5 ms]
   [Other: 8.7 ms]
      [Choose CSet: 0.0 ms]
      [Ref Proc: 2.8 ms]
      [Ref Enq: 0.0 ms]
      [Redirty Cards: 5.3 ms]
      [Humongous Register: 0.1 ms]
      [Humongous Reclaim: 0.0 ms]
      [Free CSet: 0.1 ms]
   [Eden: 51200.0K(51200.0K)->0.0B(51200.0K) Survivors: 1024.0K->1024.0K Heap: 246.4M(1024.0M)->196.4M(1024.0M)]
 [Times: user=0.18 sys=0.05, real=0.02 secs] 
2023-07-09T11:33:27.591+0000: 2229627.216: [GC pause (G1 Evacuation Pause) (young), 0.0190108 secs]
   [Parallel Time: 5.2 ms, GC Workers: 43]
      [GC Worker Start (ms): Min: 2229627216.6, Avg: 2229627218.1, Max: 2229627219.2, Diff: 2.7]
      [Ext Root Scanning (ms): Min: 0.0, Avg: 0.5, Max: 1.8, Diff: 1.7, Sum: 21.7]
      [Update RS (ms): Min: 0.0, Avg: 0.1, Max: 0.4, Diff: 0.4, Sum: 5.5]
         [Processed Buffers: Min: 0, Avg: 1.6, Max: 8, Diff: 8, Sum: 69]
      [Scan RS (ms): Min: 0.0, Avg: 0.0, Max: 0.0, Diff: 0.0, Sum: 0.4]
      [Code Root Scanning (ms): Min: 0.0, Avg: 0.0, Max: 0.0, Diff: 0.0, Sum: 0.0]
      [Object Copy (ms): Min: 0.9, Avg: 1.4, Max: 1.7, Diff: 0.8, Sum: 59.5]
      [Termination (ms): Min: 0.0, Avg: 0.2, Max: 0.4, Diff: 0.3, Sum: 7.7]
         [Termination Attempts: Min: 1, Avg: 3.6, Max: 7, Diff: 6, Sum: 154]
      [GC Worker Other (ms): Min: 0.0, Avg: 0.1, Max: 0.4, Diff: 0.4, Sum: 4.4]
      [GC Worker Total (ms): Min: 1.1, Avg: 2.3, Max: 3.8, Diff: 2.7, Sum: 99.4]
      [GC Worker End (ms): Min: 2229627220.3, Avg: 2229627220.4, Max: 2229627220.5, Diff: 0.3]
   [Code Root Fixup: 0.0 ms]
   [Code Root Purge: 0.0 ms]
   [Clear CT: 5.0 ms]
   [Other: 8.8 ms]
      [Choose CSet: 0.0 ms]
      [Ref Proc: 3.3 ms]
      [Ref Enq: 0.0 ms]
      [Redirty Cards: 5.0 ms]
      [Humongous Register: 0.1 ms]
      [Humongous Reclaim: 0.0 ms]
      [Free CSet: 0.1 ms]
   [Eden: 51200.0K(51200.0K)->0.0B(51200.0K) Survivors: 1024.0K->1024.0K Heap: 246.4M(1024.0M)->196.4M(1024.0M)]
 [Times: user=0.14 sys=0.01, real=0.02 secs] 
2023-07-09T12:31:13.346+0000: 2233092.971: [GC pause (G1 Evacuation Pause) (young), 0.0210240 secs]
   [Parallel Time: 5.9 ms, GC Workers: 43]
      [GC Worker Start (ms): Min: 2233092971.8, Avg: 2233092973.2, Max: 2233092974.4, Diff: 2.6]
      [Ext Root Scanning (ms): Min: 0.0, Avg: 0.7, Max: 2.0, Diff: 2.0, Sum: 29.5]
      [Update RS (ms): Min: 0.0, Avg: 0.2, Max: 0.5, Diff: 0.5, Sum: 8.4]
         [Processed Buffers: Min: 0, Avg: 1.3, Max: 7, Diff: 7, Sum: 58]
      [Scan RS (ms): Min: 0.0, Avg: 0.0, Max: 0.0, Diff: 0.0, Sum: 0.5]
      [Code Root Scanning (ms): Min: 0.0, Avg: 0.0, Max: 0.0, Diff: 0.0, Sum: 0.0]
      [Object Copy (ms): Min: 1.1, Avg: 1.4, Max: 1.7, Diff: 0.6, Sum: 60.4]
      [Termination (ms): Min: 0.0, Avg: 0.2, Max: 0.3, Diff: 0.3, Sum: 6.8]
         [Termination Attempts: Min: 1, Avg: 4.1, Max: 6, Diff: 5, Sum: 177]
      [GC Worker Other (ms): Min: 0.0, Avg: 0.1, Max: 0.4, Diff: 0.4, Sum: 4.8]
      [GC Worker Total (ms): Min: 1.5, Avg: 2.6, Max: 4.0, Diff: 2.5, Sum: 110.5]
      [GC Worker End (ms): Min: 2233092975.7, Avg: 2233092975.8, Max: 2233092976.0, Diff: 0.3]
   [Code Root Fixup: 0.0 ms]
   [Code Root Purge: 0.0 ms]
   [Clear CT: 4.9 ms]
   [Other: 10.2 ms]
      [Choose CSet: 0.0 ms]
      [Ref Proc: 4.3 ms]
      [Ref Enq: 0.0 ms]
      [Redirty Cards: 4.9 ms]
      [Humongous Register: 0.3 ms]
      [Humongous Reclaim: 0.0 ms]
      [Free CSet: 0.2 ms]
   [Eden: 51200.0K(51200.0K)->0.0B(51200.0K) Survivors: 1024.0K->1024.0K Heap: 246.4M(1024.0M)->196.4M(1024.0M)]
 [Times: user=0.15 sys=0.00, real=0.02 secs] 
2023-07-09T13:28:57.591+0000: 2236557.216: [GC pause (G1 Evacuation Pause) (young), 0.0184511 secs]
   [Parallel Time: 4.9 ms, GC Workers: 43]
      [GC Worker Start (ms): Min: 2236557216.6, Avg: 2236557218.0, Max: 2236557219.3, Diff: 2.7]
      [Ext Root Scanning (ms): Min: 0.0, Avg: 0.5, Max: 1.7, Diff: 1.7, Sum: 21.5]
      [Update RS (ms): Min: 0.0, Avg: 0.1, Max: 0.4, Diff: 0.4, Sum: 4.7]
         [Processed Buffers: Min: 0, Avg: 1.4, Max: 6, Diff: 6, Sum: 60]
      [Scan RS (ms): Min: 0.0, Avg: 0.0, Max: 0.0, Diff: 0.0, Sum: 0.5]
      [Code Root Scanning (ms): Min: 0.0, Avg: 0.0, Max: 0.0, Diff: 0.0, Sum: 0.0]
      [Object Copy (ms): Min: 0.7, Avg: 1.4, Max: 1.8, Diff: 1.1, Sum: 59.6]
      [Termination (ms): Min: 0.0, Avg: 0.2, Max: 0.3, Diff: 0.3, Sum: 6.9]
         [Termination Attempts: Min: 1, Avg: 3.8, Max: 7, Diff: 6, Sum: 164]
      [GC Worker Other (ms): Min: 0.0, Avg: 0.1, Max: 0.3, Diff: 0.3, Sum: 5.0]
      [GC Worker Total (ms): Min: 1.0, Avg: 2.3, Max: 3.8, Diff: 2.8, Sum: 98.2]
      [GC Worker End (ms): Min: 2236557220.2, Avg: 2236557220.3, Max: 2236557220.6, Diff: 0.3]
   [Code Root Fixup: 0.0 ms]
   [Code Root Purge: 0.0 ms]
   [Clear CT: 4.7 ms]
   [Other: 8.8 ms]
      [Choose CSet: 0.0 ms]
      [Ref Proc: 3.1 ms]
      [Ref Enq: 0.0 ms]
      [Redirty Cards: 5.2 ms]
      [Humongous Register: 0.1 ms]
      [Humongous Reclaim: 0.0 ms]
      [Free CSet: 0.1 ms]
   [Eden: 51200.0K(51200.0K)->0.0B(64512.0K) Survivors: 1024.0K->1024.0K Heap: 246.4M(1024.0M)->196.4M(1024.0M)]
 [Times: user=0.15 sys=0.00, real=0.02 secs] 
2023-07-09T14:41:38.226+0000: 2240917.852: [GC pause (G1 Evacuation Pause) (young), 0.0252819 secs]
   [Parallel Time: 6.4 ms, GC Workers: 43]
      [GC Worker Start (ms): Min: 2240917853.7, Avg: 2240917855.8, Max: 2240917858.8, Diff: 5.0]
      [Ext Root Scanning (ms): Min: 0.0, Avg: 0.5, Max: 2.2, Diff: 2.2, Sum: 20.6]
      [Update RS (ms): Min: 0.0, Avg: 0.1, Max: 0.5, Diff: 0.4, Sum: 4.6]
         [Processed Buffers: Min: 0, Avg: 1.4, Max: 9, Diff: 9, Sum: 61]
      [Scan RS (ms): Min: 0.0, Avg: 0.0, Max: 0.0, Diff: 0.0, Sum: 0.6]
      [Code Root Scanning (ms): Min: 0.0, Avg: 0.0, Max: 0.0, Diff: 0.0, Sum: 0.0]
      [Object Copy (ms): Min: 0.0, Avg: 1.6, Max: 2.1, Diff: 2.1, Sum: 67.1]
      [Termination (ms): Min: 0.0, Avg: 1.0, Max: 1.1, Diff: 1.1, Sum: 41.7]
         [Termination Attempts: Min: 1, Avg: 5.2, Max: 10, Diff: 9, Sum: 225]
      [GC Worker Other (ms): Min: 0.0, Avg: 0.0, Max: 0.1, Diff: 0.0, Sum: 1.5]
      [GC Worker Total (ms): Min: 0.1, Avg: 3.2, Max: 5.2, Diff: 5.2, Sum: 136.2]
      [GC Worker End (ms): Min: 2240917858.8, Avg: 2240917858.9, Max: 2240917859.0, Diff: 0.2]
   [Code Root Fixup: 0.0 ms]
   [Code Root Purge: 0.0 ms]
   [Clear CT: 5.9 ms]
   [Other: 12.9 ms]
      [Choose CSet: 0.0 ms]
      [Ref Proc: 5.4 ms]
      [Ref Enq: 0.0 ms]
      [Redirty Cards: 5.0 ms]
      [Humongous Register: 1.8 ms]
      [Humongous Reclaim: 0.0 ms]
      [Free CSet: 0.2 ms]
   [Eden: 64512.0K(64512.0K)->0.0B(51200.0K) Survivors: 1024.0K->1024.0K Heap: 259.4M(1024.0M)->196.5M(1024.0M)]
 [Times: user=0.20 sys=0.00, real=0.03 secs] 
2023-07-09T15:39:20.616+0000: 2244380.242: [GC pause (G1 Evacuation Pause) (young), 0.0205803 secs]
   [Parallel Time: 5.9 ms, GC Workers: 43]
      [GC Worker Start (ms): Min: 2244380241.9, Avg: 2244380243.4, Max: 2244380244.7, Diff: 2.8]
      [Ext Root Scanning (ms): Min: 0.0, Avg: 0.5, Max: 1.7, Diff: 1.7, Sum: 19.6]
      [Update RS (ms): Min: 0.0, Avg: 0.1, Max: 0.5, Diff: 0.5, Sum: 5.8]
         [Processed Buffers: Min: 0, Avg: 1.4, Max: 7, Diff: 7, Sum: 61]
      [Scan RS (ms): Min: 0.0, Avg: 0.0, Max: 0.0, Diff: 0.0, Sum: 0.5]
      [Code Root Scanning (ms): Min: 0.0, Avg: 0.0, Max: 0.0, Diff: 0.0, Sum: 0.0]
      [Object Copy (ms): Min: 1.6, Avg: 2.2, Max: 2.5, Diff: 0.9, Sum: 92.9]
      [Termination (ms): Min: 0.1, Avg: 0.3, Max: 0.6, Diff: 0.5, Sum: 13.5]
         [Termination Attempts: Min: 4, Avg: 8.8, Max: 12, Diff: 8, Sum: 377]
      [GC Worker Other (ms): Min: 0.0, Avg: 0.1, Max: 0.5, Diff: 0.4, Sum: 5.3]
      [GC Worker Total (ms): Min: 1.9, Avg: 3.2, Max: 4.8, Diff: 2.9, Sum: 137.5]
      [GC Worker End (ms): Min: 2244380246.5, Avg: 2244380246.6, Max: 2244380246.9, Diff: 0.3]
   [Code Root Fixup: 0.0 ms]
   [Code Root Purge: 0.0 ms]
   [Clear CT: 5.2 ms]
   [Other: 9.5 ms]
      [Choose CSet: 0.0 ms]
      [Ref Proc: 3.8 ms]
      [Ref Enq: 0.0 ms]
      [Redirty Cards: 5.0 ms]
      [Humongous Register: 0.1 ms]
      [Humongous Reclaim: 0.0 ms]
      [Free CSet: 0.1 ms]
   [Eden: 51200.0K(51200.0K)->0.0B(51200.0K) Survivors: 1024.0K->1024.0K Heap: 246.5M(1024.0M)->196.5M(1024.0M)]
 [Times: user=0.19 sys=0.00, real=0.02 secs] 
2023-07-09T16:37:13.536+0000: 2247853.162: [GC pause (G1 Evacuation Pause) (young), 0.0198788 secs]
   [Parallel Time: 5.1 ms, GC Workers: 43]
      [GC Worker Start (ms): Min: 2247853162.2, Avg: 2247853163.6, Max: 2247853164.8, Diff: 2.6]
      [Ext Root Scanning (ms): Min: 0.0, Avg: 0.5, Max: 1.8, Diff: 1.7, Sum: 23.6]
      [Update RS (ms): Min: 0.0, Avg: 0.1, Max: 0.3, Diff: 0.3, Sum: 5.1]
         [Processed Buffers: Min: 0, Avg: 1.4, Max: 6, Diff: 6, Sum: 61]
      [Scan RS (ms): Min: 0.0, Avg: 0.0, Max: 0.0, Diff: 0.0, Sum: 0.5]
      [Code Root Scanning (ms): Min: 0.0, Avg: 0.0, Max: 0.0, Diff: 0.0, Sum: 0.0]
      [Object Copy (ms): Min: 0.9, Avg: 1.4, Max: 1.7, Diff: 0.8, Sum: 60.4]
      [Termination (ms): Min: 0.0, Avg: 0.2, Max: 0.3, Diff: 0.3, Sum: 8.3]
         [Termination Attempts: Min: 1, Avg: 4.2, Max: 7, Diff: 6, Sum: 182]
      [GC Worker Other (ms): Min: 0.0, Avg: 0.1, Max: 0.3, Diff: 0.3, Sum: 4.4]
      [GC Worker Total (ms): Min: 1.1, Avg: 2.4, Max: 3.9, Diff: 2.8, Sum: 102.3]
      [GC Worker End (ms): Min: 2247853165.8, Avg: 2247853165.9, Max: 2247853166.1, Diff: 0.3]
   [Code Root Fixup: 0.0 ms]
   [Code Root Purge: 0.0 ms]
   [Clear CT: 4.7 ms]
   [Other: 10.0 ms]
      [Choose CSet: 0.0 ms]
      [Ref Proc: 4.5 ms]
      [Ref Enq: 0.0 ms]
      [Redirty Cards: 4.8 ms]
      [Humongous Register: 0.1 ms]
      [Humongous Reclaim: 0.0 ms]
      [Free CSet: 0.1 ms]
   [Eden: 51200.0K(51200.0K)->0.0B(51200.0K) Survivors: 1024.0K->1024.0K Heap: 246.5M(1024.0M)->196.4M(1024.0M)]
 [Times: user=0.09 sys=0.05, real=0.02 secs] 
2023-07-09T17:35:16.552+0000: 2251336.178: [GC pause (G1 Evacuation Pause) (young), 0.0199520 secs]
   [Parallel Time: 5.0 ms, GC Workers: 43]
      [GC Worker Start (ms): Min: 2251336178.0, Avg: 2251336179.3, Max: 2251336180.5, Diff: 2.5]
      [Ext Root Scanning (ms): Min: 0.0, Avg: 0.5, Max: 1.7, Diff: 1.7, Sum: 23.0]
      [Update RS (ms): Min: 0.0, Avg: 0.1, Max: 0.4, Diff: 0.4, Sum: 6.1]
         [Processed Buffers: Min: 0, Avg: 1.6, Max: 8, Diff: 8, Sum: 67]
      [Scan RS (ms): Min: 0.0, Avg: 0.0, Max: 0.0, Diff: 0.0, Sum: 0.5]
      [Code Root Scanning (ms): Min: 0.0, Avg: 0.0, Max: 0.0, Diff: 0.0, Sum: 0.0]
      [Object Copy (ms): Min: 1.0, Avg: 1.4, Max: 1.7, Diff: 0.7, Sum: 61.2]
      [Termination (ms): Min: 0.1, Avg: 0.2, Max: 0.4, Diff: 0.3, Sum: 8.2]
         [Termination Attempts: Min: 1, Avg: 4.3, Max: 7, Diff: 6, Sum: 184]
      [GC Worker Other (ms): Min: 0.0, Avg: 0.1, Max: 0.3, Diff: 0.3, Sum: 4.3]
      [GC Worker Total (ms): Min: 1.2, Avg: 2.4, Max: 3.8, Diff: 2.6, Sum: 103.3]
      [GC Worker End (ms): Min: 2251336181.6, Avg: 2251336181.7, Max: 2251336181.9, Diff: 0.3]
   [Code Root Fixup: 0.0 ms]
   [Code Root Purge: 0.0 ms]
   [Clear CT: 5.0 ms]
   [Other: 9.9 ms]
      [Choose CSet: 0.0 ms]
      [Ref Proc: 4.3 ms]
      [Ref Enq: 0.0 ms]
      [Redirty Cards: 5.0 ms]
      [Humongous Register: 0.1 ms]
      [Humongous Reclaim: 0.0 ms]
      [Free CSet: 0.1 ms]
   [Eden: 51200.0K(51200.0K)->0.0B(51200.0K) Survivors: 1024.0K->1024.0K Heap: 246.4M(1024.0M)->196.4M(1024.0M)]
 [Times: user=0.10 sys=0.06, real=0.02 secs] 
2023-07-09T18:33:12.072+0000: 2254811.698: [GC pause (G1 Evacuation Pause) (young), 0.0235545 secs]
   [Parallel Time: 7.4 ms, GC Workers: 43]
      [GC Worker Start (ms): Min: 2254811698.4, Avg: 2254811699.8, Max: 2254811701.0, Diff: 2.6]
      [Ext Root Scanning (ms): Min: 0.0, Avg: 0.9, Max: 6.0, Diff: 6.0, Sum: 38.4]
      [Update RS (ms): Min: 0.0, Avg: 0.3, Max: 0.6, Diff: 0.6, Sum: 11.4]
         [Processed Buffers: Min: 0, Avg: 1.6, Max: 7, Diff: 7, Sum: 68]
      [Scan RS (ms): Min: 0.0, Avg: 0.0, Max: 0.0, Diff: 0.0, Sum: 0.5]
      [Code Root Scanning (ms): Min: 0.0, Avg: 0.0, Max: 0.0, Diff: 0.0, Sum: 0.0]
      [Object Copy (ms): Min: 0.0, Avg: 1.5, Max: 1.7, Diff: 1.7, Sum: 64.4]
      [Termination (ms): Min: 0.0, Avg: 2.1, Max: 2.2, Diff: 2.2, Sum: 89.3]
         [Termination Attempts: Min: 1, Avg: 4.4, Max: 8, Diff: 7, Sum: 189]
      [GC Worker Other (ms): Min: 0.0, Avg: 0.0, Max: 0.1, Diff: 0.0, Sum: 1.1]
      [GC Worker Total (ms): Min: 3.7, Avg: 4.8, Max: 6.1, Diff: 2.4, Sum: 205.1]
      [GC Worker End (ms): Min: 2254811704.5, Avg: 2254811704.6, Max: 2254811704.7, Diff: 0.2]
   [Code Root Fixup: 0.0 ms]
   [Code Root Purge: 0.0 ms]
   [Clear CT: 5.3 ms]
   [Other: 10.8 ms]
      [Choose CSet: 0.0 ms]
      [Ref Proc: 4.5 ms]
      [Ref Enq: 0.0 ms]
      [Redirty Cards: 5.2 ms]
      [Humongous Register: 0.3 ms]
      [Humongous Reclaim: 0.0 ms]
      [Free CSet: 0.2 ms]
   [Eden: 51200.0K(51200.0K)->0.0B(51200.0K) Survivors: 1024.0K->1024.0K Heap: 246.4M(1024.0M)->196.4M(1024.0M)]
 [Times: user=0.26 sys=0.00, real=0.02 secs] 
2023-07-09T19:30:57.591+0000: 2258277.217: [GC pause (G1 Evacuation Pause) (young), 0.0246966 secs]
   [Parallel Time: 5.5 ms, GC Workers: 43]
      [GC Worker Start (ms): Min: 2258277218.8, Avg: 2258277220.8, Max: 2258277222.8, Diff: 4.0]
      [Ext Root Scanning (ms): Min: 0.0, Avg: 0.5, Max: 2.4, Diff: 2.4, Sum: 21.0]
      [Update RS (ms): Min: 0.0, Avg: 0.1, Max: 0.5, Diff: 0.5, Sum: 4.4]
         [Processed Buffers: Min: 0, Avg: 1.4, Max: 8, Diff: 8, Sum: 61]
      [Scan RS (ms): Min: 0.0, Avg: 0.0, Max: 0.0, Diff: 0.0, Sum: 0.4]
      [Code Root Scanning (ms): Min: 0.0, Avg: 0.0, Max: 0.0, Diff: 0.0, Sum: 0.0]
      [Object Copy (ms): Min: 0.0, Avg: 1.0, Max: 1.4, Diff: 1.4, Sum: 41.6]
      [Termination (ms): Min: 0.0, Avg: 0.5, Max: 0.7, Diff: 0.7, Sum: 23.2]
         [Termination Attempts: Min: 1, Avg: 3.8, Max: 8, Diff: 7, Sum: 164]
      [GC Worker Other (ms): Min: 0.0, Avg: 0.0, Max: 0.1, Diff: 0.1, Sum: 1.7]
      [GC Worker Total (ms): Min: 0.1, Avg: 2.1, Max: 4.3, Diff: 4.2, Sum: 92.3]
      [GC Worker End (ms): Min: 2258277222.8, Avg: 2258277223.0, Max: 2258277223.1, Diff: 0.2]
   [Code Root Fixup: 0.0 ms]
   [Code Root Purge: 0.0 ms]
   [Clear CT: 5.6 ms]
   [Other: 13.5 ms]
      [Choose CSet: 0.0 ms]
      [Ref Proc: 5.1 ms]
      [Ref Enq: 0.0 ms]
      [Redirty Cards: 5.5 ms]
      [Humongous Register: 1.8 ms]
      [Humongous Reclaim: 0.0 ms]
      [Free CSet: 0.2 ms]
   [Eden: 51200.0K(51200.0K)->0.0B(51200.0K) Survivors: 1024.0K->1024.0K Heap: 246.4M(1024.0M)->196.4M(1024.0M)]
 [Times: user=0.15 sys=0.00, real=0.02 secs] 
2023-07-09T20:28:50.211+0000: 2261749.837: [GC pause (G1 Evacuation Pause) (young), 0.0196852 secs]
   [Parallel Time: 4.9 ms, GC Workers: 43]
      [GC Worker Start (ms): Min: 2261749837.0, Avg: 2261749838.3, Max: 2261749839.5, Diff: 2.5]
      [Ext Root Scanning (ms): Min: 0.0, Avg: 0.5, Max: 1.7, Diff: 1.7, Sum: 20.9]
      [Update RS (ms): Min: 0.0, Avg: 0.1, Max: 0.4, Diff: 0.4, Sum: 4.1]
         [Processed Buffers: Min: 0, Avg: 1.4, Max: 8, Diff: 8, Sum: 61]
      [Scan RS (ms): Min: 0.0, Avg: 0.0, Max: 0.0, Diff: 0.0, Sum: 0.6]
      [Code Root Scanning (ms): Min: 0.0, Avg: 0.0, Max: 0.0, Diff: 0.0, Sum: 0.0]
      [Object Copy (ms): Min: 0.9, Avg: 1.4, Max: 1.7, Diff: 0.8, Sum: 61.4]
      [Termination (ms): Min: 0.0, Avg: 0.2, Max: 0.3, Diff: 0.3, Sum: 6.8]
         [Termination Attempts: Min: 1, Avg: 4.5, Max: 9, Diff: 8, Sum: 195]
      [GC Worker Other (ms): Min: 0.0, Avg: 0.1, Max: 0.3, Diff: 0.3, Sum: 4.2]
      [GC Worker Total (ms): Min: 1.1, Avg: 2.3, Max: 3.6, Diff: 2.5, Sum: 98.0]
      [GC Worker End (ms): Min: 2261749840.5, Avg: 2261749840.6, Max: 2261749840.8, Diff: 0.3]
   [Code Root Fixup: 0.0 ms]
   [Code Root Purge: 0.0 ms]
   [Clear CT: 5.1 ms]
   [Other: 9.6 ms]
      [Choose CSet: 0.0 ms]
      [Ref Proc: 3.8 ms]
      [Ref Enq: 0.0 ms]
      [Redirty Cards: 5.2 ms]
      [Humongous Register: 0.1 ms]
      [Humongous Reclaim: 0.0 ms]
      [Free CSet: 0.1 ms]
   [Eden: 51200.0K(51200.0K)->0.0B(51200.0K) Survivors: 1024.0K->1024.0K Heap: 246.4M(1024.0M)->196.4M(1024.0M)]
 [Times: user=0.15 sys=0.00, real=0.02 secs] 
2023-07-09T21:26:31.544+0000: 2265211.170: [GC pause (G1 Evacuation Pause) (young), 0.0202569 secs]
   [Parallel Time: 4.9 ms, GC Workers: 43]
      [GC Worker Start (ms): Min: 2265211170.3, Avg: 2265211171.7, Max: 2265211172.9, Diff: 2.6]
      [Ext Root Scanning (ms): Min: 0.0, Avg: 0.5, Max: 2.1, Diff: 2.0, Sum: 22.1]
      [Update RS (ms): Min: 0.0, Avg: 0.2, Max: 0.5, Diff: 0.5, Sum: 7.9]
         [Processed Buffers: Min: 0, Avg: 1.6, Max: 8, Diff: 8, Sum: 69]
      [Scan RS (ms): Min: 0.0, Avg: 0.0, Max: 0.0, Diff: 0.0, Sum: 0.4]
      [Code Root Scanning (ms): Min: 0.0, Avg: 0.0, Max: 0.0, Diff: 0.0, Sum: 0.0]
      [Object Copy (ms): Min: 0.8, Avg: 1.4, Max: 1.7, Diff: 0.9, Sum: 60.1]
      [Termination (ms): Min: 0.0, Avg: 0.2, Max: 0.4, Diff: 0.4, Sum: 9.6]
         [Termination Attempts: Min: 2, Avg: 4.1, Max: 8, Diff: 6, Sum: 175]
      [GC Worker Other (ms): Min: 0.0, Avg: 0.1, Max: 0.3, Diff: 0.2, Sum: 3.9]
      [GC Worker Total (ms): Min: 1.2, Avg: 2.4, Max: 3.8, Diff: 2.6, Sum: 104.0]
      [GC Worker End (ms): Min: 2265211174.0, Avg: 2265211174.1, Max: 2265211174.3, Diff: 0.3]
   [Code Root Fixup: 0.0 ms]
   [Code Root Purge: 0.0 ms]
   [Clear CT: 5.7 ms]
   [Other: 9.6 ms]
      [Choose CSet: 0.0 ms]
      [Ref Proc: 4.0 ms]
      [Ref Enq: 0.0 ms]
      [Redirty Cards: 5.0 ms]
      [Humongous Register: 0.1 ms]
      [Humongous Reclaim: 0.0 ms]
      [Free CSet: 0.1 ms]
   [Eden: 51200.0K(51200.0K)->0.0B(51200.0K) Survivors: 1024.0K->1024.0K Heap: 246.4M(1024.0M)->196.5M(1024.0M)]
 [Times: user=0.08 sys=0.07, real=0.02 secs] 
2023-07-09T22:24:12.591+0000: 2268672.216: [GC pause (G1 Evacuation Pause) (young), 0.0229754 secs]
   [Parallel Time: 7.6 ms, GC Workers: 43]
      [GC Worker Start (ms): Min: 2268672216.6, Avg: 2268672218.0, Max: 2268672219.2, Diff: 2.6]
      [Ext Root Scanning (ms): Min: 0.0, Avg: 0.5, Max: 1.7, Diff: 1.7, Sum: 22.8]
      [Update RS (ms): Min: 0.0, Avg: 0.2, Max: 0.5, Diff: 0.5, Sum: 6.7]
         [Processed Buffers: Min: 0, Avg: 1.5, Max: 6, Diff: 6, Sum: 65]
      [Scan RS (ms): Min: 0.0, Avg: 0.0, Max: 0.0, Diff: 0.0, Sum: 0.5]
      [Code Root Scanning (ms): Min: 0.0, Avg: 0.0, Max: 0.0, Diff: 0.0, Sum: 0.0]
      [Object Copy (ms): Min: 0.8, Avg: 1.3, Max: 1.6, Diff: 0.8, Sum: 54.8]
      [Termination (ms): Min: 0.0, Avg: 0.1, Max: 0.3, Diff: 0.3, Sum: 6.1]
         [Termination Attempts: Min: 1, Avg: 3.7, Max: 7, Diff: 6, Sum: 161]
      [GC Worker Other (ms): Min: 0.0, Avg: 0.1, Max: 0.3, Diff: 0.3, Sum: 4.2]
      [GC Worker Total (ms): Min: 0.9, Avg: 2.2, Max: 3.5, Diff: 2.6, Sum: 95.0]
      [GC Worker End (ms): Min: 2268672220.1, Avg: 2268672220.2, Max: 2268672220.4, Diff: 0.2]
   [Code Root Fixup: 0.0 ms]
   [Code Root Purge: 0.0 ms]
   [Clear CT: 5.5 ms]
   [Other: 9.9 ms]
      [Choose CSet: 0.0 ms]
      [Ref Proc: 4.3 ms]
      [Ref Enq: 0.0 ms]
      [Redirty Cards: 5.0 ms]
      [Humongous Register: 0.1 ms]
      [Humongous Reclaim: 0.0 ms]
      [Free CSet: 0.1 ms]
   [Eden: 51200.0K(51200.0K)->0.0B(51200.0K) Survivors: 1024.0K->1024.0K Heap: 246.5M(1024.0M)->196.4M(1024.0M)]
 [Times: user=0.10 sys=0.04, real=0.02 secs] 
2023-07-09T23:21:52.591+0000: 2272132.216: [GC pause (G1 Evacuation Pause) (young), 0.0226783 secs]
   [Parallel Time: 5.6 ms, GC Workers: 43]
      [GC Worker Start (ms): Min: 2272132216.7, Avg: 2272132218.2, Max: 2272132219.4, Diff: 2.6]
      [Ext Root Scanning (ms): Min: 0.0, Avg: 0.5, Max: 2.0, Diff: 2.0, Sum: 23.4]
      [Update RS (ms): Min: 0.0, Avg: 0.1, Max: 0.5, Diff: 0.5, Sum: 5.5]
         [Processed Buffers: Min: 0, Avg: 1.4, Max: 6, Diff: 6, Sum: 61]
      [Scan RS (ms): Min: 0.0, Avg: 0.0, Max: 0.0, Diff: 0.0, Sum: 0.5]
      [Code Root Scanning (ms): Min: 0.0, Avg: 0.0, Max: 0.0, Diff: 0.0, Sum: 0.0]
      [Object Copy (ms): Min: 0.9, Avg: 1.5, Max: 1.8, Diff: 0.8, Sum: 64.8]
      [Termination (ms): Min: 0.1, Avg: 0.3, Max: 0.4, Diff: 0.4, Sum: 11.4]
         [Termination Attempts: Min: 2, Avg: 3.9, Max: 6, Diff: 4, Sum: 168]
      [GC Worker Other (ms): Min: 0.0, Avg: 0.1, Max: 0.4, Diff: 0.4, Sum: 6.0]
      [GC Worker Total (ms): Min: 1.4, Avg: 2.6, Max: 4.0, Diff: 2.6, Sum: 111.6]
      [GC Worker End (ms): Min: 2272132220.7, Avg: 2272132220.8, Max: 2272132221.0, Diff: 0.4]
   [Code Root Fixup: 0.0 ms]
   [Code Root Purge: 0.0 ms]
   [Clear CT: 6.0 ms]
   [Other: 11.1 ms]
      [Choose CSet: 0.0 ms]
      [Ref Proc: 5.0 ms]
      [Ref Enq: 0.0 ms]
      [Redirty Cards: 5.4 ms]
      [Humongous Register: 0.1 ms]
      [Humongous Reclaim: 0.0 ms]
      [Free CSet: 0.1 ms]
   [Eden: 51200.0K(51200.0K)->0.0B(51200.0K) Survivors: 1024.0K->1024.0K Heap: 246.4M(1024.0M)->196.4M(1024.0M)]
 [Times: user=0.16 sys=0.00, real=0.02 secs] 
2023-07-10T00:19:47.591+0000: 2275607.217: [GC pause (G1 Evacuation Pause) (young), 0.0203708 secs]
   [Parallel Time: 6.7 ms, GC Workers: 43]
      [GC Worker Start (ms): Min: 2275607217.2, Avg: 2275607218.7, Max: 2275607219.9, Diff: 2.6]
      [Ext Root Scanning (ms): Min: 0.0, Avg: 0.9, Max: 6.0, Diff: 5.9, Sum: 37.6]
      [Update RS (ms): Min: 0.0, Avg: 0.3, Max: 0.6, Diff: 0.6, Sum: 11.5]
         [Processed Buffers: Min: 0, Avg: 1.5, Max: 7, Diff: 7, Sum: 63]
      [Scan RS (ms): Min: 0.0, Avg: 0.0, Max: 0.0, Diff: 0.0, Sum: 0.5]
      [Code Root Scanning (ms): Min: 0.0, Avg: 0.0, Max: 0.0, Diff: 0.0, Sum: 0.0]
      [Object Copy (ms): Min: 0.0, Avg: 1.4, Max: 1.6, Diff: 1.6, Sum: 58.6]
      [Termination (ms): Min: 0.0, Avg: 2.1, Max: 2.4, Diff: 2.4, Sum: 91.1]
         [Termination Attempts: Min: 1, Avg: 4.7, Max: 8, Diff: 7, Sum: 203]
      [GC Worker Other (ms): Min: 0.0, Avg: 0.0, Max: 0.4, Diff: 0.3, Sum: 1.6]
      [GC Worker Total (ms): Min: 3.4, Avg: 4.7, Max: 6.0, Diff: 2.6, Sum: 200.9]
      [GC Worker End (ms): Min: 2275607223.2, Avg: 2275607223.3, Max: 2275607223.4, Diff: 0.2]
   [Code Root Fixup: 0.0 ms]
   [Code Root Purge: 0.0 ms]
   [Clear CT: 4.8 ms]
   [Other: 8.9 ms]
      [Choose CSet: 0.0 ms]
      [Ref Proc: 3.2 ms]
      [Ref Enq: 0.0 ms]
      [Redirty Cards: 4.5 ms]
      [Humongous Register: 0.3 ms]
      [Humongous Reclaim: 0.0 ms]
      [Free CSet: 0.3 ms]
   [Eden: 51200.0K(51200.0K)->0.0B(51200.0K) Survivors: 1024.0K->1024.0K Heap: 246.4M(1024.0M)->196.4M(1024.0M)]
 [Times: user=0.24 sys=0.00, real=0.02 secs] 
2023-07-10T01:17:43.100+0000: 2279082.725: [GC pause (G1 Evacuation Pause) (young), 0.0206099 secs]
   [Parallel Time: 5.1 ms, GC Workers: 43]
      [GC Worker Start (ms): Min: 2279082725.7, Avg: 2279082727.0, Max: 2279082728.2, Diff: 2.5]
      [Ext Root Scanning (ms): Min: 0.0, Avg: 0.5, Max: 1.6, Diff: 1.6, Sum: 21.5]
      [Update RS (ms): Min: 0.0, Avg: 0.1, Max: 0.4, Diff: 0.4, Sum: 5.8]
         [Processed Buffers: Min: 0, Avg: 1.4, Max: 5, Diff: 5, Sum: 60]
      [Scan RS (ms): Min: 0.0, Avg: 0.0, Max: 0.0, Diff: 0.0, Sum: 0.6]
      [Code Root Scanning (ms): Min: 0.0, Avg: 0.0, Max: 0.0, Diff: 0.0, Sum: 0.0]
      [Object Copy (ms): Min: 0.8, Avg: 1.5, Max: 1.8, Diff: 1.0, Sum: 66.0]
      [Termination (ms): Min: 0.0, Avg: 0.2, Max: 0.4, Diff: 0.3, Sum: 7.6]
         [Termination Attempts: Min: 1, Avg: 4.7, Max: 8, Diff: 7, Sum: 201]
      [GC Worker Other (ms): Min: 0.0, Avg: 0.1, Max: 0.4, Diff: 0.4, Sum: 6.4]
      [GC Worker Total (ms): Min: 1.2, Avg: 2.5, Max: 3.9, Diff: 2.7, Sum: 107.9]
      [GC Worker End (ms): Min: 2279082729.4, Avg: 2279082729.5, Max: 2279082729.7, Diff: 0.4]
   [Code Root Fixup: 0.0 ms]
   [Code Root Purge: 0.0 ms]
   [Clear CT: 5.3 ms]
   [Other: 10.2 ms]
      [Choose CSet: 0.0 ms]
      [Ref Proc: 4.4 ms]
      [Ref Enq: 0.0 ms]
      [Redirty Cards: 5.3 ms]
      [Humongous Register: 0.1 ms]
      [Humongous Reclaim: 0.0 ms]
      [Free CSet: 0.1 ms]
   [Eden: 51200.0K(51200.0K)->0.0B(51200.0K) Survivors: 1024.0K->1024.0K Heap: 246.4M(1024.0M)->196.4M(1024.0M)]
 [Times: user=0.12 sys=0.04, real=0.02 secs] 
2023-07-10T02:15:32.591+0000: 2282552.217: [GC pause (G1 Evacuation Pause) (young), 0.0242006 secs]
   [Parallel Time: 5.9 ms, GC Workers: 43]
      [GC Worker Start (ms): Min: 2282552218.8, Avg: 2282552220.7, Max: 2282552222.5, Diff: 3.7]
      [Ext Root Scanning (ms): Min: 0.0, Avg: 0.5, Max: 2.4, Diff: 2.4, Sum: 20.6]
      [Update RS (ms): Min: 0.0, Avg: 0.1, Max: 0.4, Diff: 0.4, Sum: 4.5]
         [Processed Buffers: Min: 0, Avg: 1.5, Max: 8, Diff: 8, Sum: 64]
      [Scan RS (ms): Min: 0.0, Avg: 0.0, Max: 0.0, Diff: 0.0, Sum: 0.4]
      [Code Root Scanning (ms): Min: 0.0, Avg: 0.0, Max: 0.0, Diff: 0.0, Sum: 0.0]
      [Object Copy (ms): Min: 0.0, Avg: 1.1, Max: 1.6, Diff: 1.5, Sum: 47.1]
      [Termination (ms): Min: 0.0, Avg: 0.2, Max: 0.3, Diff: 0.3, Sum: 7.6]
         [Termination Attempts: Min: 1, Avg: 4.0, Max: 8, Diff: 7, Sum: 174]
      [GC Worker Other (ms): Min: 0.0, Avg: 0.1, Max: 0.2, Diff: 0.2, Sum: 2.9]
      [GC Worker Total (ms): Min: 0.1, Avg: 1.9, Max: 3.9, Diff: 3.9, Sum: 83.2]
      [GC Worker End (ms): Min: 2282552222.6, Avg: 2282552222.7, Max: 2282552222.8, Diff: 0.2]
   [Code Root Fixup: 0.0 ms]
   [Code Root Purge: 0.0 ms]
   [Clear CT: 5.4 ms]
   [Other: 12.9 ms]
      [Choose CSet: 0.0 ms]
      [Ref Proc: 4.8 ms]
      [Ref Enq: 0.0 ms]
      [Redirty Cards: 5.4 ms]
      [Humongous Register: 1.8 ms]
      [Humongous Reclaim: 0.0 ms]
      [Free CSet: 0.1 ms]
   [Eden: 51200.0K(51200.0K)->0.0B(51200.0K) Survivors: 1024.0K->1024.0K Heap: 246.4M(1024.0M)->196.4M(1024.0M)]
 [Times: user=0.14 sys=0.00, real=0.02 secs] 
2023-07-10T03:13:13.929+0000: 2286013.554: [GC pause (G1 Evacuation Pause) (young), 0.0189520 secs]
   [Parallel Time: 4.9 ms, GC Workers: 43]
      [GC Worker Start (ms): Min: 2286013554.5, Avg: 2286013555.9, Max: 2286013557.1, Diff: 2.6]
      [Ext Root Scanning (ms): Min: 0.0, Avg: 0.4, Max: 1.5, Diff: 1.4, Sum: 16.3]
      [Update RS (ms): Min: 0.0, Avg: 0.1, Max: 0.4, Diff: 0.4, Sum: 3.7]
         [Processed Buffers: Min: 0, Avg: 1.5, Max: 7, Diff: 7, Sum: 64]
      [Scan RS (ms): Min: 0.0, Avg: 0.0, Max: 0.0, Diff: 0.0, Sum: 0.4]
      [Code Root Scanning (ms): Min: 0.0, Avg: 0.0, Max: 0.0, Diff: 0.0, Sum: 0.0]
      [Object Copy (ms): Min: 0.4, Avg: 1.2, Max: 1.7, Diff: 1.2, Sum: 53.5]
      [Termination (ms): Min: 0.0, Avg: 0.2, Max: 0.3, Diff: 0.3, Sum: 7.3]
         [Termination Attempts: Min: 1, Avg: 4.2, Max: 9, Diff: 8, Sum: 180]
      [GC Worker Other (ms): Min: 0.0, Avg: 0.1, Max: 0.3, Diff: 0.3, Sum: 4.0]
      [GC Worker Total (ms): Min: 0.7, Avg: 2.0, Max: 3.5, Diff: 2.8, Sum: 85.3]
      [GC Worker End (ms): Min: 2286013557.8, Avg: 2286013557.9, Max: 2286013558.1, Diff: 0.3]
   [Code Root Fixup: 0.0 ms]
   [Code Root Purge: 0.0 ms]
   [Clear CT: 5.0 ms]
   [Other: 9.0 ms]
      [Choose CSet: 0.0 ms]
      [Ref Proc: 3.4 ms]
      [Ref Enq: 0.0 ms]
      [Redirty Cards: 5.0 ms]
      [Humongous Register: 0.1 ms]
      [Humongous Reclaim: 0.0 ms]
      [Free CSet: 0.1 ms]
   [Eden: 51200.0K(51200.0K)->0.0B(51200.0K) Survivors: 1024.0K->1024.0K Heap: 246.4M(1024.0M)->196.4M(1024.0M)]
 [Times: user=0.07 sys=0.07, real=0.02 secs] 
2023-07-10T04:11:07.591+0000: 2289487.216: [GC pause (G1 Evacuation Pause) (young), 0.0220850 secs]
   [Parallel Time: 7.6 ms, GC Workers: 43]
      [GC Worker Start (ms): Min: 2289487216.6, Avg: 2289487217.9, Max: 2289487219.2, Diff: 2.6]
      [Ext Root Scanning (ms): Min: 0.0, Avg: 0.5, Max: 1.7, Diff: 1.6, Sum: 22.3]
      [Update RS (ms): Min: 0.0, Avg: 0.2, Max: 0.5, Diff: 0.5, Sum: 7.2]
         [Processed Buffers: Min: 0, Avg: 1.4, Max: 6, Diff: 6, Sum: 61]
      [Scan RS (ms): Min: 0.0, Avg: 0.0, Max: 0.0, Diff: 0.0, Sum: 0.3]
      [Code Root Scanning (ms): Min: 0.0, Avg: 0.0, Max: 0.0, Diff: 0.0, Sum: 0.0]
      [Object Copy (ms): Min: 0.8, Avg: 1.3, Max: 1.7, Diff: 0.9, Sum: 57.3]
      [Termination (ms): Min: 0.0, Avg: 0.2, Max: 0.4, Diff: 0.3, Sum: 8.8]
         [Termination Attempts: Min: 1, Avg: 4.2, Max: 7, Diff: 6, Sum: 180]
      [GC Worker Other (ms): Min: 0.0, Avg: 0.1, Max: 0.3, Diff: 0.3, Sum: 4.2]
      [GC Worker Total (ms): Min: 1.1, Avg: 2.3, Max: 3.7, Diff: 2.6, Sum: 100.2]
      [GC Worker End (ms): Min: 2289487220.2, Avg: 2289487220.3, Max: 2289487220.5, Diff: 0.3]
   [Code Root Fixup: 0.0 ms]
   [Code Root Purge: 0.0 ms]
   [Clear CT: 4.9 ms]
   [Other: 9.6 ms]
      [Choose CSet: 0.0 ms]
      [Ref Proc: 4.3 ms]
      [Ref Enq: 0.0 ms]
      [Redirty Cards: 4.7 ms]
      [Humongous Register: 0.1 ms]
      [Humongous Reclaim: 0.0 ms]
      [Free CSet: 0.1 ms]
   [Eden: 51200.0K(51200.0K)->0.0B(51200.0K) Survivors: 1024.0K->1024.0K Heap: 246.4M(1024.0M)->196.4M(1024.0M)]
 [Times: user=0.13 sys=0.03, real=0.02 secs] 
2023-07-10T05:09:02.591+0000: 2292962.217: [GC pause (G1 Evacuation Pause) (young), 0.0227526 secs]
   [Parallel Time: 7.3 ms, GC Workers: 43]
      [GC Worker Start (ms): Min: 2292962216.9, Avg: 2292962218.2, Max: 2292962219.5, Diff: 2.6]
      [Ext Root Scanning (ms): Min: 0.0, Avg: 0.7, Max: 5.8, Diff: 5.8, Sum: 30.7]
      [Update RS (ms): Min: 0.0, Avg: 0.1, Max: 0.5, Diff: 0.5, Sum: 5.7]
         [Processed Buffers: Min: 0, Avg: 1.4, Max: 5, Diff: 5, Sum: 59]
      [Scan RS (ms): Min: 0.0, Avg: 0.0, Max: 0.0, Diff: 0.0, Sum: 0.5]
      [Code Root Scanning (ms): Min: 0.0, Avg: 0.0, Max: 0.0, Diff: 0.0, Sum: 0.0]
      [Object Copy (ms): Min: 0.0, Avg: 2.0, Max: 2.4, Diff: 2.4, Sum: 87.5]
      [Termination (ms): Min: 0.0, Avg: 1.6, Max: 1.9, Diff: 1.9, Sum: 68.4]
         [Termination Attempts: Min: 1, Avg: 7.5, Max: 11, Diff: 10, Sum: 324]
      [GC Worker Other (ms): Min: 0.0, Avg: 0.0, Max: 0.1, Diff: 0.1, Sum: 0.8]
      [GC Worker Total (ms): Min: 3.3, Avg: 4.5, Max: 5.8, Diff: 2.5, Sum: 193.6]
      [GC Worker End (ms): Min: 2292962222.7, Avg: 2292962222.7, Max: 2292962222.9, Diff: 0.2]
   [Code Root Fixup: 0.0 ms]
   [Code Root Purge: 0.0 ms]
   [Clear CT: 5.1 ms]
   [Other: 10.3 ms]
      [Choose CSet: 0.0 ms]
      [Ref Proc: 4.4 ms]
      [Ref Enq: 0.0 ms]
      [Redirty Cards: 5.2 ms]
      [Humongous Register: 0.1 ms]
      [Humongous Reclaim: 0.0 ms]
      [Free CSet: 0.2 ms]
   [Eden: 51200.0K(51200.0K)->0.0B(51200.0K) Survivors: 1024.0K->1024.0K Heap: 246.4M(1024.0M)->196.4M(1024.0M)]
 [Times: user=0.25 sys=0.00, real=0.02 secs] 
2023-07-10T06:06:42.591+0000: 2296422.217: [GC pause (G1 Evacuation Pause) (young), 0.0255131 secs]
   [Parallel Time: 8.2 ms, GC Workers: 43]
      [GC Worker Start (ms): Min: 2296422219.2, Avg: 2296422221.4, Max: 2296422226.6, Diff: 7.4]
      [Ext Root Scanning (ms): Min: 0.0, Avg: 0.6, Max: 2.4, Diff: 2.4, Sum: 27.5]
      [Update RS (ms): Min: 0.0, Avg: 0.3, Max: 1.0, Diff: 1.0, Sum: 11.5]
         [Processed Buffers: Min: 0, Avg: 1.4, Max: 12, Diff: 12, Sum: 61]
      [Scan RS (ms): Min: 0.0, Avg: 0.0, Max: 0.0, Diff: 0.0, Sum: 0.4]
      [Code Root Scanning (ms): Min: 0.0, Avg: 0.0, Max: 0.0, Diff: 0.0, Sum: 0.0]
      [Object Copy (ms): Min: 0.0, Avg: 2.8, Max: 3.4, Diff: 3.4, Sum: 120.7]
      [Termination (ms): Min: 0.0, Avg: 1.6, Max: 2.1, Diff: 2.1, Sum: 67.9]
         [Termination Attempts: Min: 1, Avg: 14.6, Max: 20, Diff: 19, Sum: 627]
      [GC Worker Other (ms): Min: 0.0, Avg: 0.0, Max: 0.1, Diff: 0.1, Sum: 1.6]
      [GC Worker Total (ms): Min: 0.0, Avg: 5.3, Max: 7.5, Diff: 7.5, Sum: 229.7]
      [GC Worker End (ms): Min: 2296422226.7, Avg: 2296422226.7, Max: 2296422226.9, Diff: 0.2]
   [Code Root Fixup: 0.0 ms]
   [Code Root Purge: 0.0 ms]
   [Clear CT: 4.9 ms]
   [Other: 12.4 ms]
      [Choose CSet: 0.0 ms]
      [Ref Proc: 4.8 ms]
      [Ref Enq: 0.0 ms]
      [Redirty Cards: 4.6 ms]
      [Humongous Register: 2.1 ms]
      [Humongous Reclaim: 0.0 ms]
      [Free CSet: 0.2 ms]
   [Eden: 51200.0K(51200.0K)->0.0B(51200.0K) Survivors: 1024.0K->1024.0K Heap: 246.4M(1024.0M)->196.4M(1024.0M)]
 [Times: user=0.30 sys=0.00, real=0.02 secs] 
2023-07-10T07:04:31.545+0000: 2299891.171: [GC pause (G1 Evacuation Pause) (young), 0.0235030 secs]
   [Parallel Time: 7.8 ms, GC Workers: 43]
      [GC Worker Start (ms): Min: 2299891173.4, Avg: 2299891175.3, Max: 2299891177.7, Diff: 4.3]
      [Ext Root Scanning (ms): Min: 0.0, Avg: 0.8, Max: 6.7, Diff: 6.6, Sum: 35.0]
      [Update RS (ms): Min: 0.0, Avg: 0.2, Max: 0.6, Diff: 0.6, Sum: 9.6]
         [Processed Buffers: Min: 0, Avg: 1.4, Max: 6, Diff: 6, Sum: 60]
      [Scan RS (ms): Min: 0.0, Avg: 0.0, Max: 0.0, Diff: 0.0, Sum: 0.4]
      [Code Root Scanning (ms): Min: 0.0, Avg: 0.0, Max: 0.0, Diff: 0.0, Sum: 0.0]
      [Object Copy (ms): Min: 0.0, Avg: 1.3, Max: 1.8, Diff: 1.8, Sum: 57.2]
      [Termination (ms): Min: 0.0, Avg: 2.4, Max: 2.7, Diff: 2.7, Sum: 104.2]
         [Termination Attempts: Min: 1, Avg: 3.9, Max: 7, Diff: 6, Sum: 169]
      [GC Worker Other (ms): Min: 0.0, Avg: 0.0, Max: 0.2, Diff: 0.2, Sum: 2.1]
      [GC Worker Total (ms): Min: 2.4, Avg: 4.8, Max: 6.7, Diff: 4.3, Sum: 208.5]
      [GC Worker End (ms): Min: 2299891180.1, Avg: 2299891180.2, Max: 2299891180.3, Diff: 0.2]
   [Code Root Fixup: 0.0 ms]
   [Code Root Purge: 0.0 ms]
   [Clear CT: 4.5 ms]
   [Other: 11.2 ms]
      [Choose CSet: 0.0 ms]
      [Ref Proc: 3.5 ms]
      [Ref Enq: 0.0 ms]
      [Redirty Cards: 4.5 ms]
      [Humongous Register: 2.0 ms]
      [Humongous Reclaim: 0.0 ms]
      [Free CSet: 0.4 ms]
   [Eden: 51200.0K(51200.0K)->0.0B(51200.0K) Survivors: 1024.0K->1024.0K Heap: 246.4M(1024.0M)->196.5M(1024.0M)]
 [Times: user=0.26 sys=0.00, real=0.03 secs] 
2023-07-10T08:02:21.338+0000: 2303360.963: [GC pause (G1 Evacuation Pause) (young), 0.0244715 secs]
   [Parallel Time: 7.9 ms, GC Workers: 43]
      [GC Worker Start (ms): Min: 2303360965.8, Avg: 2303360967.9, Max: 2303360972.0, Diff: 6.2]
      [Ext Root Scanning (ms): Min: 0.0, Avg: 0.8, Max: 6.8, Diff: 6.8, Sum: 34.9]
      [Update RS (ms): Min: 0.0, Avg: 0.2, Max: 0.7, Diff: 0.7, Sum: 8.9]
         [Processed Buffers: Min: 0, Avg: 1.4, Max: 9, Diff: 9, Sum: 59]
      [Scan RS (ms): Min: 0.0, Avg: 0.0, Max: 0.1, Diff: 0.1, Sum: 0.5]
      [Code Root Scanning (ms): Min: 0.0, Avg: 0.0, Max: 0.0, Diff: 0.0, Sum: 0.0]
      [Object Copy (ms): Min: 0.0, Avg: 2.0, Max: 2.4, Diff: 2.4, Sum: 85.8]
      [Termination (ms): Min: 0.0, Avg: 1.7, Max: 2.0, Diff: 2.0, Sum: 74.8]
         [Termination Attempts: Min: 1, Avg: 8.9, Max: 13, Diff: 12, Sum: 382]
      [GC Worker Other (ms): Min: 0.0, Avg: 0.0, Max: 0.1, Diff: 0.1, Sum: 2.0]
      [GC Worker Total (ms): Min: 0.8, Avg: 4.8, Max: 6.8, Diff: 6.1, Sum: 207.0]
      [GC Worker End (ms): Min: 2303360972.7, Avg: 2303360972.7, Max: 2303360972.9, Diff: 0.2]
   [Code Root Fixup: 0.0 ms]
   [Code Root Purge: 0.0 ms]
   [Clear CT: 5.1 ms]
   [Other: 11.5 ms]
      [Choose CSet: 0.0 ms]
      [Ref Proc: 3.4 ms]
      [Ref Enq: 0.0 ms]
      [Redirty Cards: 5.1 ms]
      [Humongous Register: 2.1 ms]
      [Humongous Reclaim: 0.0 ms]
      [Free CSet: 0.2 ms]
   [Eden: 51200.0K(51200.0K)->0.0B(51200.0K) Survivors: 1024.0K->1024.0K Heap: 246.5M(1024.0M)->196.4M(1024.0M)]
 [Times: user=0.27 sys=0.00, real=0.03 secs] 
2023-07-10T09:00:16.727+0000: 2306836.353: [GC pause (G1 Evacuation Pause) (young), 0.0227291 secs]
   [Parallel Time: 7.2 ms, GC Workers: 43]
      [GC Worker Start (ms): Min: 2306836353.2, Avg: 2306836354.7, Max: 2306836355.8, Diff: 2.6]
      [Ext Root Scanning (ms): Min: 0.0, Avg: 0.9, Max: 6.2, Diff: 6.2, Sum: 39.0]
      [Update RS (ms): Min: 0.0, Avg: 0.3, Max: 3.2, Diff: 3.2, Sum: 14.4]
         [Processed Buffers: Min: 0, Avg: 1.4, Max: 8, Diff: 8, Sum: 60]
      [Scan RS (ms): Min: 0.0, Avg: 0.0, Max: 0.0, Diff: 0.0, Sum: 0.4]
      [Code Root Scanning (ms): Min: 0.0, Avg: 0.0, Max: 0.0, Diff: 0.0, Sum: 0.0]
      [Object Copy (ms): Min: 0.0, Avg: 2.0, Max: 2.3, Diff: 2.3, Sum: 84.2]
      [Termination (ms): Min: 0.0, Avg: 1.7, Max: 1.9, Diff: 1.9, Sum: 71.0]
         [Termination Attempts: Min: 1, Avg: 7.9, Max: 12, Diff: 11, Sum: 339]
      [GC Worker Other (ms): Min: 0.0, Avg: 0.0, Max: 0.3, Diff: 0.2, Sum: 1.5]
      [GC Worker Total (ms): Min: 3.7, Avg: 4.9, Max: 6.3, Diff: 2.6, Sum: 210.6]
      [GC Worker End (ms): Min: 2306836359.4, Avg: 2306836359.6, Max: 2306836359.6, Diff: 0.2]
   [Code Root Fixup: 0.0 ms]
   [Code Root Purge: 0.0 ms]
   [Clear CT: 5.3 ms]
   [Other: 10.2 ms]
      [Choose CSet: 0.0 ms]
      [Ref Proc: 4.2 ms]
      [Ref Enq: 0.0 ms]
      [Redirty Cards: 4.8 ms]
      [Humongous Register: 0.3 ms]
      [Humongous Reclaim: 0.0 ms]
      [Free CSet: 0.4 ms]
   [Eden: 51200.0K(51200.0K)->0.0B(51200.0K) Survivors: 1024.0K->1024.0K Heap: 246.4M(1024.0M)->196.5M(1024.0M)]
 [Times: user=0.25 sys=0.00, real=0.03 secs] 
2023-07-10T09:57:59.702+0000: 2310299.328: [GC pause (G1 Evacuation Pause) (young), 0.0240022 secs]
   [Parallel Time: 4.9 ms, GC Workers: 43]
      [GC Worker Start (ms): Min: 2310299329.9, Avg: 2310299331.8, Max: 2310299333.6, Diff: 3.7]
      [Ext Root Scanning (ms): Min: 0.0, Avg: 0.4, Max: 2.0, Diff: 2.0, Sum: 18.8]
      [Update RS (ms): Min: 0.0, Avg: 0.1, Max: 0.5, Diff: 0.5, Sum: 4.6]
         [Processed Buffers: Min: 0, Avg: 1.6, Max: 9, Diff: 9, Sum: 68]
      [Scan RS (ms): Min: 0.0, Avg: 0.0, Max: 0.0, Diff: 0.0, Sum: 0.4]
      [Code Root Scanning (ms): Min: 0.0, Avg: 0.0, Max: 0.0, Diff: 0.0, Sum: 0.0]
      [Object Copy (ms): Min: 0.0, Avg: 0.9, Max: 1.5, Diff: 1.5, Sum: 39.5]
      [Termination (ms): Min: 0.0, Avg: 0.5, Max: 0.7, Diff: 0.7, Sum: 21.1]
         [Termination Attempts: Min: 1, Avg: 4.2, Max: 11, Diff: 10, Sum: 180]
      [GC Worker Other (ms): Min: 0.0, Avg: 0.0, Max: 0.1, Diff: 0.1, Sum: 1.7]
      [GC Worker Total (ms): Min: 0.0, Avg: 2.0, Max: 3.9, Diff: 3.9, Sum: 86.1]
      [GC Worker End (ms): Min: 2310299333.7, Avg: 2310299333.8, Max: 2310299333.9, Diff: 0.2]
   [Code Root Fixup: 0.0 ms]
   [Code Root Purge: 0.0 ms]
   [Clear CT: 6.4 ms]
   [Other: 12.6 ms]
      [Choose CSet: 0.0 ms]
      [Ref Proc: 4.6 ms]
      [Ref Enq: 0.0 ms]
      [Redirty Cards: 5.4 ms]
      [Humongous Register: 1.8 ms]
      [Humongous Reclaim: 0.0 ms]
      [Free CSet: 0.1 ms]
   [Eden: 51200.0K(51200.0K)->0.0B(51200.0K) Survivors: 1024.0K->1024.0K Heap: 246.5M(1024.0M)->196.5M(1024.0M)]
 [Times: user=0.07 sys=0.07, real=0.02 secs] 
2023-07-10T10:55:41.906+0000: 2313761.531: [GC pause (G1 Evacuation Pause) (young), 0.0238437 secs]
   [Parallel Time: 7.9 ms, GC Workers: 43]
      [GC Worker Start (ms): Min: 2313761531.8, Avg: 2313761533.1, Max: 2313761534.3, Diff: 2.5]
      [Ext Root Scanning (ms): Min: 0.0, Avg: 1.0, Max: 6.7, Diff: 6.7, Sum: 42.1]
      [Update RS (ms): Min: 0.0, Avg: 0.3, Max: 0.6, Diff: 0.6, Sum: 11.1]
         [Processed Buffers: Min: 0, Avg: 1.4, Max: 8, Diff: 8, Sum: 59]
      [Scan RS (ms): Min: 0.0, Avg: 0.0, Max: 0.0, Diff: 0.0, Sum: 0.5]
      [Code Root Scanning (ms): Min: 0.0, Avg: 0.0, Max: 0.0, Diff: 0.0, Sum: 0.0]
      [Object Copy (ms): Min: 0.0, Avg: 1.9, Max: 2.1, Diff: 2.1, Sum: 80.2]
      [Termination (ms): Min: 0.0, Avg: 2.4, Max: 2.6, Diff: 2.6, Sum: 102.1]
         [Termination Attempts: Min: 1, Avg: 7.2, Max: 12, Diff: 11, Sum: 308]
      [GC Worker Other (ms): Min: 0.0, Avg: 0.0, Max: 0.4, Diff: 0.4, Sum: 1.7]
      [GC Worker Total (ms): Min: 4.3, Avg: 5.5, Max: 6.8, Diff: 2.5, Sum: 237.9]
      [GC Worker End (ms): Min: 2313761538.5, Avg: 2313761538.6, Max: 2313761538.7, Diff: 0.2]
   [Code Root Fixup: 0.0 ms]
   [Code Root Purge: 0.0 ms]
   [Clear CT: 6.2 ms]
   [Other: 9.8 ms]
      [Choose CSet: 0.0 ms]
      [Ref Proc: 4.3 ms]
      [Ref Enq: 0.0 ms]
      [Redirty Cards: 4.5 ms]
      [Humongous Register: 0.3 ms]
      [Humongous Reclaim: 0.0 ms]
      [Free CSet: 0.2 ms]
   [Eden: 51200.0K(51200.0K)->0.0B(51200.0K) Survivors: 1024.0K->1024.0K Heap: 246.5M(1024.0M)->196.5M(1024.0M)]
 [Times: user=0.29 sys=0.00, real=0.03 secs] 
2023-07-10T11:53:31.544+0000: 2317231.170: [GC pause (G1 Evacuation Pause) (young), 0.0254869 secs]
   [Parallel Time: 7.4 ms, GC Workers: 43]
      [GC Worker Start (ms): Min: 2317231172.2, Avg: 2317231174.4, Max: 2317231177.6, Diff: 5.4]
      [Ext Root Scanning (ms): Min: 0.0, Avg: 0.6, Max: 3.2, Diff: 3.2, Sum: 24.0]
      [Update RS (ms): Min: 0.0, Avg: 0.2, Max: 0.7, Diff: 0.7, Sum: 6.9]
         [Processed Buffers: Min: 0, Avg: 1.4, Max: 9, Diff: 9, Sum: 61]
      [Scan RS (ms): Min: 0.0, Avg: 0.0, Max: 0.0, Diff: 0.0, Sum: 0.5]
      [Code Root Scanning (ms): Min: 0.0, Avg: 0.0, Max: 0.0, Diff: 0.0, Sum: 0.0]
      [Object Copy (ms): Min: 0.0, Avg: 1.4, Max: 1.9, Diff: 1.9, Sum: 62.1]
      [Termination (ms): Min: 0.0, Avg: 1.1, Max: 1.3, Diff: 1.3, Sum: 45.8]
         [Termination Attempts: Min: 1, Avg: 4.7, Max: 8, Diff: 7, Sum: 200]
      [GC Worker Other (ms): Min: 0.0, Avg: 0.1, Max: 0.3, Diff: 0.3, Sum: 4.8]
      [GC Worker Total (ms): Min: 0.0, Avg: 3.3, Max: 5.6, Diff: 5.5, Sum: 144.0]
      [GC Worker End (ms): Min: 2317231177.6, Avg: 2317231177.7, Max: 2317231177.9, Diff: 0.3]
   [Code Root Fixup: 0.0 ms]
   [Code Root Purge: 0.0 ms]
   [Clear CT: 5.4 ms]
   [Other: 12.6 ms]
      [Choose CSet: 0.0 ms]
      [Ref Proc: 4.6 ms]
      [Ref Enq: 0.0 ms]
      [Redirty Cards: 5.3 ms]
      [Humongous Register: 1.9 ms]
      [Humongous Reclaim: 0.0 ms]
      [Free CSet: 0.1 ms]
   [Eden: 51200.0K(51200.0K)->0.0B(51200.0K) Survivors: 1024.0K->1024.0K Heap: 246.5M(1024.0M)->196.5M(1024.0M)]
 [Times: user=0.12 sys=0.10, real=0.03 secs] 
2023-07-10T12:51:07.720+0000: 2320687.345: [GC pause (G1 Evacuation Pause) (young), 0.0215409 secs]
   [Parallel Time: 6.1 ms, GC Workers: 43]
      [GC Worker Start (ms): Min: 2320687345.7, Avg: 2320687347.2, Max: 2320687350.6, Diff: 4.9]
      [Ext Root Scanning (ms): Min: 0.0, Avg: 0.5, Max: 1.9, Diff: 1.8, Sum: 23.6]
      [Update RS (ms): Min: 0.0, Avg: 0.1, Max: 0.3, Diff: 0.3, Sum: 5.2]
         [Processed Buffers: Min: 0, Avg: 1.3, Max: 6, Diff: 6, Sum: 56]
      [Scan RS (ms): Min: 0.0, Avg: 0.0, Max: 0.0, Diff: 0.0, Sum: 0.4]
      [Code Root Scanning (ms): Min: 0.0, Avg: 0.0, Max: 0.0, Diff: 0.0, Sum: 0.0]
      [Object Copy (ms): Min: 0.0, Avg: 2.1, Max: 2.5, Diff: 2.5, Sum: 89.0]
      [Termination (ms): Min: 0.0, Avg: 0.8, Max: 1.0, Diff: 1.0, Sum: 32.9]
         [Termination Attempts: Min: 1, Avg: 8.0, Max: 13, Diff: 12, Sum: 346]
      [GC Worker Other (ms): Min: 0.0, Avg: 0.0, Max: 0.2, Diff: 0.2, Sum: 1.2]
      [GC Worker Total (ms): Min: 0.0, Avg: 3.5, Max: 5.1, Diff: 5.0, Sum: 152.4]
      [GC Worker End (ms): Min: 2320687350.7, Avg: 2320687350.8, Max: 2320687350.9, Diff: 0.2]
   [Code Root Fixup: 0.0 ms]
   [Code Root Purge: 0.0 ms]
   [Clear CT: 5.1 ms]
   [Other: 10.3 ms]
      [Choose CSet: 0.0 ms]
      [Ref Proc: 4.3 ms]
      [Ref Enq: 0.0 ms]
      [Redirty Cards: 5.4 ms]
      [Humongous Register: 0.1 ms]
      [Humongous Reclaim: 0.0 ms]
      [Free CSet: 0.1 ms]
   [Eden: 51200.0K(51200.0K)->0.0B(51200.0K) Survivors: 1024.0K->1024.0K Heap: 246.5M(1024.0M)->196.5M(1024.0M)]
 [Times: user=0.20 sys=0.00, real=0.03 secs] 
2023-07-10T13:48:44.192+0000: 2324143.817: [GC pause (G1 Evacuation Pause) (young), 0.0258791 secs]
   [Parallel Time: 7.9 ms, GC Workers: 43]
      [GC Worker Start (ms): Min: 2324143820.0, Avg: 2324143822.0, Max: 2324143823.9, Diff: 3.9]
      [Ext Root Scanning (ms): Min: 0.0, Avg: 0.7, Max: 6.5, Diff: 6.5, Sum: 28.7]
      [Update RS (ms): Min: 0.0, Avg: 0.1, Max: 0.7, Diff: 0.7, Sum: 6.3]
         [Processed Buffers: Min: 0, Avg: 1.4, Max: 7, Diff: 7, Sum: 61]
      [Scan RS (ms): Min: 0.0, Avg: 0.0, Max: 0.0, Diff: 0.0, Sum: 0.5]
      [Code Root Scanning (ms): Min: 0.0, Avg: 0.0, Max: 0.0, Diff: 0.0, Sum: 0.0]
      [Object Copy (ms): Min: 0.0, Avg: 1.4, Max: 1.9, Diff: 1.8, Sum: 59.4]
      [Termination (ms): Min: 0.0, Avg: 2.3, Max: 2.6, Diff: 2.6, Sum: 100.8]
         [Termination Attempts: Min: 1, Avg: 4.4, Max: 8, Diff: 7, Sum: 188]
      [GC Worker Other (ms): Min: 0.0, Avg: 0.0, Max: 0.1, Diff: 0.1, Sum: 1.8]
      [GC Worker Total (ms): Min: 2.6, Avg: 4.6, Max: 6.6, Diff: 4.0, Sum: 197.6]
      [GC Worker End (ms): Min: 2324143826.5, Avg: 2324143826.6, Max: 2324143826.7, Diff: 0.2]
   [Code Root Fixup: 0.0 ms]
   [Code Root Purge: 0.0 ms]
   [Clear CT: 5.1 ms]
   [Other: 12.9 ms]
      [Choose CSet: 0.0 ms]
      [Ref Proc: 4.7 ms]
      [Ref Enq: 0.0 ms]
      [Redirty Cards: 5.2 ms]
      [Humongous Register: 2.1 ms]
      [Humongous Reclaim: 0.0 ms]
      [Free CSet: 0.2 ms]
   [Eden: 51200.0K(51200.0K)->0.0B(51200.0K) Survivors: 1024.0K->1024.0K Heap: 246.5M(1024.0M)->196.5M(1024.0M)]
 [Times: user=0.26 sys=0.00, real=0.02 secs] 
2023-07-10T14:46:27.591+0000: 2327607.216: [GC pause (G1 Evacuation Pause) (young), 0.0252037 secs]
   [Parallel Time: 10.1 ms, GC Workers: 43]
      [GC Worker Start (ms): Min: 2327607216.7, Avg: 2327607218.2, Max: 2327607219.4, Diff: 2.6]
      [Ext Root Scanning (ms): Min: 0.0, Avg: 0.6, Max: 5.8, Diff: 5.8, Sum: 27.9]
      [Update RS (ms): Min: 0.0, Avg: 0.2, Max: 0.6, Diff: 0.6, Sum: 8.5]
         [Processed Buffers: Min: 0, Avg: 1.4, Max: 4, Diff: 4, Sum: 61]
      [Scan RS (ms): Min: 0.0, Avg: 0.0, Max: 0.0, Diff: 0.0, Sum: 0.5]
      [Code Root Scanning (ms): Min: 0.0, Avg: 0.0, Max: 0.0, Diff: 0.0, Sum: 0.0]
      [Object Copy (ms): Min: 0.0, Avg: 2.2, Max: 2.5, Diff: 2.5, Sum: 93.9]
      [Termination (ms): Min: 0.0, Avg: 1.5, Max: 1.8, Diff: 1.8, Sum: 62.6]
         [Termination Attempts: Min: 1, Avg: 9.1, Max: 13, Diff: 12, Sum: 393]
      [GC Worker Other (ms): Min: 0.0, Avg: 0.0, Max: 0.0, Diff: 0.0, Sum: 0.8]
      [GC Worker Total (ms): Min: 3.3, Avg: 4.5, Max: 6.0, Diff: 2.7, Sum: 194.1]
      [GC Worker End (ms): Min: 2327607222.6, Avg: 2327607222.7, Max: 2327607222.8, Diff: 0.2]
   [Code Root Fixup: 0.0 ms]
   [Code Root Purge: 0.0 ms]
   [Clear CT: 5.1 ms]
   [Other: 10.0 ms]
      [Choose CSet: 0.0 ms]
      [Ref Proc: 4.4 ms]
      [Ref Enq: 0.0 ms]
      [Redirty Cards: 5.1 ms]
      [Humongous Register: 0.1 ms]
      [Humongous Reclaim: 0.0 ms]
      [Free CSet: 0.1 ms]
   [Eden: 51200.0K(51200.0K)->0.0B(51200.0K) Survivors: 1024.0K->1024.0K Heap: 246.5M(1024.0M)->196.5M(1024.0M)]
 [Times: user=0.24 sys=0.00, real=0.02 secs] 
2023-07-10T15:44:12.591+0000: 2331072.216: [GC pause (G1 Evacuation Pause) (young), 0.0196375 secs]
   [Parallel Time: 4.9 ms, GC Workers: 43]
      [GC Worker Start (ms): Min: 2331072217.0, Avg: 2331072218.3, Max: 2331072219.5, Diff: 2.5]
      [Ext Root Scanning (ms): Min: 0.0, Avg: 0.7, Max: 2.0, Diff: 2.0, Sum: 30.7]
      [Update RS (ms): Min: 0.0, Avg: 0.2, Max: 0.6, Diff: 0.6, Sum: 10.5]
         [Processed Buffers: Min: 0, Avg: 1.4, Max: 6, Diff: 6, Sum: 61]
      [Scan RS (ms): Min: 0.0, Avg: 0.0, Max: 0.0, Diff: 0.0, Sum: 0.4]
      [Code Root Scanning (ms): Min: 0.0, Avg: 0.0, Max: 0.0, Diff: 0.0, Sum: 0.0]
      [Object Copy (ms): Min: 1.4, Avg: 1.7, Max: 1.8, Diff: 0.4, Sum: 71.2]
      [Termination (ms): Min: 0.1, Avg: 0.2, Max: 0.3, Diff: 0.3, Sum: 7.5]
         [Termination Attempts: Min: 1, Avg: 5.1, Max: 10, Diff: 9, Sum: 220]
      [GC Worker Other (ms): Min: 0.0, Avg: 0.1, Max: 0.3, Diff: 0.3, Sum: 4.9]
      [GC Worker Total (ms): Min: 1.7, Avg: 2.9, Max: 4.3, Diff: 2.6, Sum: 125.2]
      [GC Worker End (ms): Min: 2331072221.1, Avg: 2331072221.2, Max: 2331072221.4, Diff: 0.3]
   [Code Root Fixup: 0.0 ms]
   [Code Root Purge: 0.0 ms]
   [Clear CT: 5.3 ms]
   [Other: 9.4 ms]
      [Choose CSet: 0.0 ms]
      [Ref Proc: 3.0 ms]
      [Ref Enq: 0.0 ms]
      [Redirty Cards: 5.5 ms]
      [Humongous Register: 0.3 ms]
      [Humongous Reclaim: 0.0 ms]
      [Free CSet: 0.2 ms]
   [Eden: 51200.0K(51200.0K)->0.0B(51200.0K) Survivors: 1024.0K->1024.0K Heap: 246.5M(1024.0M)->196.5M(1024.0M)]
 [Times: user=0.09 sys=0.08, real=0.02 secs] 
2023-07-10T16:42:20.276+0000: 2334559.902: [GC pause (G1 Evacuation Pause) (young), 0.0246237 secs]
   [Parallel Time: 7.5 ms, GC Workers: 43]
      [GC Worker Start (ms): Min: 2334559904.0, Avg: 2334559906.1, Max: 2334559908.0, Diff: 4.0]
      [Ext Root Scanning (ms): Min: 0.0, Avg: 0.5, Max: 2.1, Diff: 2.1, Sum: 20.2]
      [Update RS (ms): Min: 0.0, Avg: 0.1, Max: 0.5, Diff: 0.5, Sum: 4.3]
         [Processed Buffers: Min: 0, Avg: 1.3, Max: 7, Diff: 7, Sum: 58]
      [Scan RS (ms): Min: 0.0, Avg: 0.0, Max: 0.0, Diff: 0.0, Sum: 0.5]
      [Code Root Scanning (ms): Min: 0.0, Avg: 0.0, Max: 0.0, Diff: 0.0, Sum: 0.0]
      [Object Copy (ms): Min: 1.1, Avg: 2.3, Max: 3.2, Diff: 2.1, Sum: 100.9]
      [Termination (ms): Min: 0.3, Avg: 0.6, Max: 1.2, Diff: 1.0, Sum: 26.7]
         [Termination Attempts: Min: 4, Avg: 11.1, Max: 16, Diff: 12, Sum: 478]
      [GC Worker Other (ms): Min: 0.0, Avg: 0.1, Max: 0.3, Diff: 0.3, Sum: 4.8]
      [GC Worker Total (ms): Min: 1.7, Avg: 3.7, Max: 5.9, Diff: 4.1, Sum: 157.4]
      [GC Worker End (ms): Min: 2334559909.7, Avg: 2334559909.7, Max: 2334559909.9, Diff: 0.3]
   [Code Root Fixup: 0.0 ms]
   [Code Root Purge: 0.0 ms]
   [Clear CT: 5.3 ms]
   [Other: 11.9 ms]
      [Choose CSet: 0.0 ms]
      [Ref Proc: 4.3 ms]
      [Ref Enq: 0.0 ms]
      [Redirty Cards: 5.1 ms]
      [Humongous Register: 1.8 ms]
      [Humongous Reclaim: 0.0 ms]
      [Free CSet: 0.1 ms]
   [Eden: 51200.0K(51200.0K)->0.0B(51200.0K) Survivors: 1024.0K->1024.0K Heap: 246.5M(1024.0M)->196.5M(1024.0M)]
 [Times: user=0.17 sys=0.05, real=0.03 secs] 
2023-07-10T17:40:27.591+0000: 2338047.217: [GC pause (G1 Evacuation Pause) (young), 0.0235196 secs]
   [Parallel Time: 7.5 ms, GC Workers: 43]
      [GC Worker Start (ms): Min: 2338047217.2, Avg: 2338047218.6, Max: 2338047219.8, Diff: 2.6]
      [Ext Root Scanning (ms): Min: 0.0, Avg: 1.2, Max: 6.1, Diff: 6.1, Sum: 50.5]
      [Update RS (ms): Min: 0.0, Avg: 0.4, Max: 2.8, Diff: 2.8, Sum: 17.5]
         [Processed Buffers: Min: 0, Avg: 1.4, Max: 7, Diff: 7, Sum: 60]
      [Scan RS (ms): Min: 0.0, Avg: 0.0, Max: 0.0, Diff: 0.0, Sum: 0.5]
      [Code Root Scanning (ms): Min: 0.0, Avg: 0.0, Max: 0.0, Diff: 0.0, Sum: 0.0]
      [Object Copy (ms): Min: 0.0, Avg: 1.5, Max: 1.8, Diff: 1.8, Sum: 64.3]
      [Termination (ms): Min: 0.0, Avg: 1.6, Max: 1.9, Diff: 1.9, Sum: 68.5]
         [Termination Attempts: Min: 1, Avg: 4.7, Max: 9, Diff: 8, Sum: 201]
      [GC Worker Other (ms): Min: 0.0, Avg: 0.0, Max: 0.2, Diff: 0.2, Sum: 1.5]
      [GC Worker Total (ms): Min: 3.5, Avg: 4.7, Max: 6.1, Diff: 2.6, Sum: 202.8]
      [GC Worker End (ms): Min: 2338047223.3, Avg: 2338047223.3, Max: 2338047223.5, Diff: 0.2]
   [Code Root Fixup: 0.0 ms]
   [Code Root Purge: 0.0 ms]
   [Clear CT: 5.1 ms]
   [Other: 11.0 ms]
      [Choose CSet: 0.0 ms]
      [Ref Proc: 4.7 ms]
      [Ref Enq: 0.0 ms]
      [Redirty Cards: 5.3 ms]
      [Humongous Register: 0.3 ms]
      [Humongous Reclaim: 0.0 ms]
      [Free CSet: 0.2 ms]
   [Eden: 51200.0K(51200.0K)->0.0B(51200.0K) Survivors: 1024.0K->1024.0K Heap: 246.5M(1024.0M)->196.5M(1024.0M)]
 [Times: user=0.25 sys=0.00, real=0.02 secs] 
2023-07-10T18:38:31.544+0000: 2341531.170: [GC pause (G1 Evacuation Pause) (young), 0.0240372 secs]
   [Parallel Time: 6.6 ms, GC Workers: 43]
      [GC Worker Start (ms): Min: 2341531171.8, Avg: 2341531174.2, Max: 2341531177.0, Diff: 5.2]
      [Ext Root Scanning (ms): Min: 0.0, Avg: 0.5, Max: 2.2, Diff: 2.2, Sum: 19.6]
      [Update RS (ms): Min: 0.0, Avg: 0.1, Max: 0.5, Diff: 0.5, Sum: 4.9]
         [Processed Buffers: Min: 0, Avg: 1.4, Max: 9, Diff: 9, Sum: 60]
      [Scan RS (ms): Min: 0.0, Avg: 0.0, Max: 0.0, Diff: 0.0, Sum: 0.5]
      [Code Root Scanning (ms): Min: 0.0, Avg: 0.0, Max: 0.0, Diff: 0.0, Sum: 0.0]
      [Object Copy (ms): Min: 0.0, Avg: 1.1, Max: 1.7, Diff: 1.7, Sum: 47.6]
      [Termination (ms): Min: 0.0, Avg: 1.2, Max: 1.5, Diff: 1.5, Sum: 51.1]
         [Termination Attempts: Min: 1, Avg: 3.7, Max: 9, Diff: 8, Sum: 157]
      [GC Worker Other (ms): Min: 0.0, Avg: 0.0, Max: 0.2, Diff: 0.2, Sum: 1.8]
      [GC Worker Total (ms): Min: 0.0, Avg: 2.9, Max: 5.3, Diff: 5.3, Sum: 125.3]
      [GC Worker End (ms): Min: 2341531177.0, Avg: 2341531177.1, Max: 2341531177.2, Diff: 0.2]
   [Code Root Fixup: 0.0 ms]
   [Code Root Purge: 0.0 ms]
   [Clear CT: 4.6 ms]
   [Other: 12.8 ms]
      [Choose CSet: 0.0 ms]
      [Ref Proc: 5.5 ms]
      [Ref Enq: 0.0 ms]
      [Redirty Cards: 4.8 ms]
      [Humongous Register: 1.8 ms]
      [Humongous Reclaim: 0.0 ms]
      [Free CSet: 0.1 ms]
   [Eden: 51200.0K(51200.0K)->0.0B(51200.0K) Survivors: 1024.0K->1024.0K Heap: 246.5M(1024.0M)->196.5M(1024.0M)]
 [Times: user=0.19 sys=0.03, real=0.02 secs] 
2023-07-10T19:36:37.591+0000: 2345017.216: [GC pause (G1 Evacuation Pause) (young), 0.0217068 secs]
   [Parallel Time: 6.0 ms, GC Workers: 43]
      [GC Worker Start (ms): Min: 2345017216.6, Avg: 2345017218.1, Max: 2345017221.7, Diff: 5.1]
      [Ext Root Scanning (ms): Min: 0.0, Avg: 0.5, Max: 1.7, Diff: 1.7, Sum: 20.9]
      [Update RS (ms): Min: 0.0, Avg: 0.1, Max: 0.5, Diff: 0.5, Sum: 4.7]
         [Processed Buffers: Min: 0, Avg: 1.3, Max: 6, Diff: 6, Sum: 57]
      [Scan RS (ms): Min: 0.0, Avg: 0.0, Max: 0.0, Diff: 0.0, Sum: 0.6]
      [Code Root Scanning (ms): Min: 0.0, Avg: 0.0, Max: 0.0, Diff: 0.0, Sum: 0.0]
      [Object Copy (ms): Min: 0.0, Avg: 1.4, Max: 1.7, Diff: 1.7, Sum: 59.7]
      [Termination (ms): Min: 0.0, Avg: 1.6, Max: 2.0, Diff: 2.0, Sum: 69.7]
         [Termination Attempts: Min: 1, Avg: 4.9, Max: 9, Diff: 8, Sum: 212]
      [GC Worker Other (ms): Min: 0.0, Avg: 0.0, Max: 0.1, Diff: 0.1, Sum: 1.4]
      [GC Worker Total (ms): Min: 0.1, Avg: 3.7, Max: 5.2, Diff: 5.1, Sum: 157.0]
      [GC Worker End (ms): Min: 2345017221.7, Avg: 2345017221.7, Max: 2345017221.9, Diff: 0.2]
   [Code Root Fixup: 0.0 ms]
   [Code Root Purge: 0.0 ms]
   [Clear CT: 5.2 ms]
   [Other: 10.6 ms]
      [Choose CSet: 0.0 ms]
      [Ref Proc: 5.6 ms]
      [Ref Enq: 0.0 ms]
      [Redirty Cards: 4.3 ms]
      [Humongous Register: 0.1 ms]
      [Humongous Reclaim: 0.0 ms]
      [Free CSet: 0.1 ms]
   [Eden: 51200.0K(51200.0K)->0.0B(51200.0K) Survivors: 1024.0K->1024.0K Heap: 246.5M(1024.0M)->196.5M(1024.0M)]
 [Times: user=0.18 sys=0.06, real=0.02 secs] 
2023-07-10T20:34:26.825+0000: 2348486.451: [GC pause (G1 Evacuation Pause) (young), 0.0238600 secs]
   [Parallel Time: 8.8 ms, GC Workers: 43]
      [GC Worker Start (ms): Min: 2348486451.2, Avg: 2348486452.7, Max: 2348486454.7, Diff: 3.5]
      [Ext Root Scanning (ms): Min: 0.0, Avg: 0.6, Max: 5.4, Diff: 5.4, Sum: 27.9]
      [Update RS (ms): Min: 0.0, Avg: 0.2, Max: 0.5, Diff: 0.5, Sum: 6.5]
         [Processed Buffers: Min: 0, Avg: 1.4, Max: 8, Diff: 8, Sum: 61]
      [Scan RS (ms): Min: 0.0, Avg: 0.0, Max: 0.0, Diff: 0.0, Sum: 0.5]
      [Code Root Scanning (ms): Min: 0.0, Avg: 0.0, Max: 0.0, Diff: 0.0, Sum: 0.0]
      [Object Copy (ms): Min: 0.0, Avg: 1.8, Max: 2.2, Diff: 2.2, Sum: 76.5]
      [Termination (ms): Min: 0.0, Avg: 1.5, Max: 1.7, Diff: 1.7, Sum: 63.0]
         [Termination Attempts: Min: 1, Avg: 6.1, Max: 11, Diff: 10, Sum: 264]
      [GC Worker Other (ms): Min: 0.0, Avg: 0.0, Max: 0.0, Diff: 0.0, Sum: 0.8]
      [GC Worker Total (ms): Min: 2.1, Avg: 4.1, Max: 5.5, Diff: 3.4, Sum: 175.3]
      [GC Worker End (ms): Min: 2348486456.7, Avg: 2348486456.8, Max: 2348486456.9, Diff: 0.2]
   [Code Root Fixup: 0.0 ms]
   [Code Root Purge: 0.0 ms]
   [Clear CT: 5.1 ms]
   [Other: 9.9 ms]
      [Choose CSet: 0.0 ms]
      [Ref Proc: 4.2 ms]
      [Ref Enq: 0.0 ms]
      [Redirty Cards: 5.0 ms]
      [Humongous Register: 0.1 ms]
      [Humongous Reclaim: 0.0 ms]
      [Free CSet: 0.2 ms]
   [Eden: 51200.0K(51200.0K)->0.0B(51200.0K) Survivors: 1024.0K->1024.0K Heap: 246.5M(1024.0M)->196.5M(1024.0M)]
 [Times: user=0.23 sys=0.00, real=0.03 secs] 
2023-07-10T21:32:13.163+0000: 2351952.789: [GC pause (G1 Evacuation Pause) (young), 0.0254720 secs]
   [Parallel Time: 7.5 ms, GC Workers: 43]
      [GC Worker Start (ms): Min: 2351952791.4, Avg: 2351952793.3, Max: 2351952795.2, Diff: 3.8]
      [Ext Root Scanning (ms): Min: 0.0, Avg: 0.5, Max: 2.8, Diff: 2.8, Sum: 21.0]
      [Update RS (ms): Min: 0.0, Avg: 0.1, Max: 0.6, Diff: 0.6, Sum: 5.2]
         [Processed Buffers: Min: 0, Avg: 1.4, Max: 7, Diff: 7, Sum: 59]
      [Scan RS (ms): Min: 0.0, Avg: 0.0, Max: 0.0, Diff: 0.0, Sum: 0.4]
      [Code Root Scanning (ms): Min: 0.0, Avg: 0.0, Max: 0.0, Diff: 0.0, Sum: 0.0]
      [Object Copy (ms): Min: 1.5, Avg: 2.6, Max: 3.3, Diff: 1.8, Sum: 111.3]
      [Termination (ms): Min: 0.1, Avg: 0.5, Max: 1.4, Diff: 1.3, Sum: 23.2]
         [Termination Attempts: Min: 5, Avg: 12.6, Max: 19, Diff: 14, Sum: 543]
      [GC Worker Other (ms): Min: 0.0, Avg: 0.1, Max: 0.3, Diff: 0.3, Sum: 4.3]
      [GC Worker Total (ms): Min: 1.9, Avg: 3.8, Max: 5.7, Diff: 3.8, Sum: 165.3]
      [GC Worker End (ms): Min: 2351952797.1, Avg: 2351952797.2, Max: 2351952797.4, Diff: 0.3]
   [Code Root Fixup: 0.0 ms]
   [Code Root Purge: 0.0 ms]
   [Clear CT: 5.3 ms]
   [Other: 12.7 ms]
      [Choose CSet: 0.0 ms]
      [Ref Proc: 4.4 ms]
      [Ref Enq: 0.0 ms]
      [Redirty Cards: 5.3 ms]
      [Humongous Register: 2.1 ms]
      [Humongous Reclaim: 0.0 ms]
      [Free CSet: 0.2 ms]
   [Eden: 51200.0K(51200.0K)->0.0B(51200.0K) Survivors: 1024.0K->1024.0K Heap: 246.5M(1024.0M)->196.5M(1024.0M)]
 [Times: user=0.21 sys=0.00, real=0.02 secs] 
2023-07-10T22:29:57.591+0000: 2355417.217: [GC pause (G1 Evacuation Pause) (young), 0.0230945 secs]
   [Parallel Time: 6.6 ms, GC Workers: 43]
      [GC Worker Start (ms): Min: 2355417217.0, Avg: 2355417218.5, Max: 2355417219.8, Diff: 2.8]
      [Ext Root Scanning (ms): Min: 0.0, Avg: 0.7, Max: 5.6, Diff: 5.6, Sum: 30.2]
      [Update RS (ms): Min: 0.0, Avg: 0.1, Max: 0.5, Diff: 0.5, Sum: 6.1]
         [Processed Buffers: Min: 0, Avg: 1.3, Max: 5, Diff: 5, Sum: 58]
      [Scan RS (ms): Min: 0.0, Avg: 0.0, Max: 0.0, Diff: 0.0, Sum: 0.5]
      [Code Root Scanning (ms): Min: 0.0, Avg: 0.0, Max: 0.0, Diff: 0.0, Sum: 0.0]
      [Object Copy (ms): Min: 0.0, Avg: 1.4, Max: 1.8, Diff: 1.7, Sum: 59.7]
      [Termination (ms): Min: 0.0, Avg: 2.0, Max: 2.3, Diff: 2.3, Sum: 85.6]
         [Termination Attempts: Min: 1, Avg: 3.7, Max: 7, Diff: 6, Sum: 159]
      [GC Worker Other (ms): Min: 0.0, Avg: 0.0, Max: 0.1, Diff: 0.1, Sum: 0.9]
      [GC Worker Total (ms): Min: 2.9, Avg: 4.3, Max: 5.7, Diff: 2.7, Sum: 183.1]
      [GC Worker End (ms): Min: 2355417222.7, Avg: 2355417222.7, Max: 2355417222.8, Diff: 0.2]
   [Code Root Fixup: 0.0 ms]
   [Code Root Purge: 0.0 ms]
   [Clear CT: 5.7 ms]
   [Other: 10.8 ms]
      [Choose CSet: 0.0 ms]
      [Ref Proc: 4.9 ms]
      [Ref Enq: 0.0 ms]
      [Redirty Cards: 5.2 ms]
      [Humongous Register: 0.1 ms]
      [Humongous Reclaim: 0.0 ms]
      [Free CSet: 0.2 ms]
   [Eden: 51200.0K(51200.0K)->0.0B(51200.0K) Survivors: 1024.0K->1024.0K Heap: 246.5M(1024.0M)->196.5M(1024.0M)]
 [Times: user=0.24 sys=0.00, real=0.02 secs] 
2023-07-10T23:27:52.591+0000: 2358892.217: [GC pause (G1 Evacuation Pause) (young), 0.0243975 secs]
   [Parallel Time: 6.1 ms, GC Workers: 43]
      [GC Worker Start (ms): Min: 2358892219.1, Avg: 2358892221.2, Max: 2358892223.2, Diff: 4.0]
      [Ext Root Scanning (ms): Min: 0.0, Avg: 0.7, Max: 2.5, Diff: 2.5, Sum: 30.7]
      [Update RS (ms): Min: 0.0, Avg: 0.2, Max: 0.6, Diff: 0.6, Sum: 8.8]
         [Processed Buffers: Min: 0, Avg: 1.4, Max: 7, Diff: 7, Sum: 60]
      [Scan RS (ms): Min: 0.0, Avg: 0.0, Max: 0.0, Diff: 0.0, Sum: 0.5]
      [Code Root Scanning (ms): Min: 0.0, Avg: 0.0, Max: 0.0, Diff: 0.0, Sum: 0.0]
      [Object Copy (ms): Min: 0.6, Avg: 1.5, Max: 1.8, Diff: 1.3, Sum: 64.1]
      [Termination (ms): Min: 0.0, Avg: 0.2, Max: 0.3, Diff: 0.3, Sum: 6.9]
         [Termination Attempts: Min: 2, Avg: 4.6, Max: 8, Diff: 6, Sum: 199]
      [GC Worker Other (ms): Min: 0.0, Avg: 0.1, Max: 0.4, Diff: 0.3, Sum: 6.3]
      [GC Worker Total (ms): Min: 0.7, Avg: 2.7, Max: 4.8, Diff: 4.0, Sum: 117.4]
      [GC Worker End (ms): Min: 2358892223.9, Avg: 2358892224.0, Max: 2358892224.2, Diff: 0.3]
   [Code Root Fixup: 0.0 ms]
   [Code Root Purge: 0.0 ms]
   [Clear CT: 5.1 ms]
   [Other: 13.2 ms]
      [Choose CSet: 0.0 ms]
      [Ref Proc: 5.0 ms]
      [Ref Enq: 0.0 ms]
      [Redirty Cards: 5.2 ms]
      [Humongous Register: 2.1 ms]
      [Humongous Reclaim: 0.0 ms]
      [Free CSet: 0.2 ms]
   [Eden: 51200.0K(51200.0K)->0.0B(51200.0K) Survivors: 1024.0K->1024.0K Heap: 246.5M(1024.0M)->196.5M(1024.0M)]
 [Times: user=0.17 sys=0.00, real=0.02 secs] 
2023-07-11T00:25:47.591+0000: 2362367.216: [GC pause (G1 Evacuation Pause) (young), 0.0207112 secs]
   [Parallel Time: 6.3 ms, GC Workers: 43]
      [GC Worker Start (ms): Min: 2362367216.6, Avg: 2362367218.0, Max: 2362367219.3, Diff: 2.7]
      [Ext Root Scanning (ms): Min: 0.0, Avg: 0.5, Max: 1.7, Diff: 1.7, Sum: 21.2]
      [Update RS (ms): Min: 0.0, Avg: 0.1, Max: 0.5, Diff: 0.5, Sum: 5.7]
         [Processed Buffers: Min: 0, Avg: 1.3, Max: 5, Diff: 5, Sum: 55]
      [Scan RS (ms): Min: 0.0, Avg: 0.0, Max: 0.1, Diff: 0.1, Sum: 0.8]
      [Code Root Scanning (ms): Min: 0.0, Avg: 0.0, Max: 0.0, Diff: 0.0, Sum: 0.0]
      [Object Copy (ms): Min: 1.5, Avg: 2.6, Max: 3.1, Diff: 1.6, Sum: 112.8]
      [Termination (ms): Min: 0.2, Avg: 0.5, Max: 0.9, Diff: 0.7, Sum: 20.3]
         [Termination Attempts: Min: 5, Avg: 12.0, Max: 16, Diff: 11, Sum: 518]
      [GC Worker Other (ms): Min: 0.0, Avg: 0.1, Max: 0.4, Diff: 0.4, Sum: 4.4]
      [GC Worker Total (ms): Min: 2.6, Avg: 3.8, Max: 5.4, Diff: 2.8, Sum: 165.1]
      [GC Worker End (ms): Min: 2362367221.8, Avg: 2362367221.9, Max: 2362367222.1, Diff: 0.3]
   [Code Root Fixup: 0.0 ms]
   [Code Root Purge: 0.0 ms]
   [Clear CT: 4.9 ms]
   [Other: 9.5 ms]
      [Choose CSet: 0.0 ms]
      [Ref Proc: 4.0 ms]
      [Ref Enq: 0.0 ms]
      [Redirty Cards: 4.9 ms]
      [Humongous Register: 0.1 ms]
      [Humongous Reclaim: 0.0 ms]
      [Free CSet: 0.1 ms]
   [Eden: 51200.0K(51200.0K)->0.0B(51200.0K) Survivors: 1024.0K->1024.0K Heap: 246.5M(1024.0M)->196.5M(1024.0M)]
 [Times: user=0.16 sys=0.06, real=0.02 secs] 
2023-07-11T01:23:39.458+0000: 2365839.084: [GC pause (G1 Evacuation Pause) (young), 0.0233805 secs]
   [Parallel Time: 8.1 ms, GC Workers: 43]
      [GC Worker Start (ms): Min: 2365839083.8, Avg: 2365839085.2, Max: 2365839086.6, Diff: 2.7]
      [Ext Root Scanning (ms): Min: 0.0, Avg: 0.6, Max: 5.7, Diff: 5.7, Sum: 27.8]
      [Update RS (ms): Min: 0.0, Avg: 0.1, Max: 0.5, Diff: 0.5, Sum: 4.8]
         [Processed Buffers: Min: 0, Avg: 1.4, Max: 7, Diff: 7, Sum: 60]
      [Scan RS (ms): Min: 0.0, Avg: 0.0, Max: 0.0, Diff: 0.0, Sum: 0.5]
      [Code Root Scanning (ms): Min: 0.0, Avg: 0.0, Max: 0.0, Diff: 0.0, Sum: 0.0]
      [Object Copy (ms): Min: 0.0, Avg: 1.6, Max: 1.9, Diff: 1.9, Sum: 69.9]
      [Termination (ms): Min: 0.0, Avg: 1.9, Max: 2.2, Diff: 2.2, Sum: 81.6]
         [Termination Attempts: Min: 1, Avg: 5.7, Max: 11, Diff: 10, Sum: 243]
      [GC Worker Other (ms): Min: 0.0, Avg: 0.0, Max: 0.2, Diff: 0.2, Sum: 1.6]
      [GC Worker Total (ms): Min: 3.1, Avg: 4.3, Max: 5.7, Diff: 2.7, Sum: 186.3]
      [GC Worker End (ms): Min: 2365839089.5, Avg: 2365839089.6, Max: 2365839089.7, Diff: 0.2]
   [Code Root Fixup: 0.0 ms]
   [Code Root Purge: 0.0 ms]
   [Clear CT: 5.0 ms]
   [Other: 10.3 ms]
      [Choose CSet: 0.0 ms]
      [Ref Proc: 4.5 ms]
      [Ref Enq: 0.0 ms]
      [Redirty Cards: 5.1 ms]
      [Humongous Register: 0.1 ms]
      [Humongous Reclaim: 0.0 ms]
      [Free CSet: 0.2 ms]
   [Eden: 51200.0K(51200.0K)->0.0B(51200.0K) Survivors: 1024.0K->1024.0K Heap: 246.5M(1024.0M)->196.4M(1024.0M)]
 [Times: user=0.25 sys=0.00, real=0.03 secs] 
2023-07-11T02:21:32.591+0000: 2369312.216: [GC pause (G1 Evacuation Pause) (young), 0.0208652 secs]
   [Parallel Time: 5.1 ms, GC Workers: 43]
      [GC Worker Start (ms): Min: 2369312217.0, Avg: 2369312218.5, Max: 2369312219.7, Diff: 2.7]
      [Ext Root Scanning (ms): Min: 0.0, Avg: 0.6, Max: 2.1, Diff: 2.1, Sum: 27.2]
      [Update RS (ms): Min: 0.0, Avg: 0.1, Max: 0.5, Diff: 0.5, Sum: 6.1]
         [Processed Buffers: Min: 0, Avg: 1.4, Max: 6, Diff: 6, Sum: 62]
      [Scan RS (ms): Min: 0.0, Avg: 0.0, Max: 0.0, Diff: 0.0, Sum: 0.5]
      [Code Root Scanning (ms): Min: 0.0, Avg: 0.0, Max: 0.0, Diff: 0.0, Sum: 0.0]
      [Object Copy (ms): Min: 0.8, Avg: 1.2, Max: 1.5, Diff: 0.7, Sum: 53.4]
      [Termination (ms): Min: 0.0, Avg: 0.2, Max: 0.3, Diff: 0.3, Sum: 8.5]
         [Termination Attempts: Min: 1, Avg: 3.2, Max: 5, Diff: 4, Sum: 137]
      [GC Worker Other (ms): Min: 0.0, Avg: 0.1, Max: 0.4, Diff: 0.4, Sum: 5.5]
      [GC Worker Total (ms): Min: 1.0, Avg: 2.4, Max: 3.8, Diff: 2.8, Sum: 101.1]
      [GC Worker End (ms): Min: 2369312220.7, Avg: 2369312220.8, Max: 2369312221.1, Diff: 0.3]
   [Code Root Fixup: 0.0 ms]
   [Code Root Purge: 0.0 ms]
   [Clear CT: 5.1 ms]
   [Other: 10.7 ms]
      [Choose CSet: 0.0 ms]
      [Ref Proc: 4.8 ms]
      [Ref Enq: 0.0 ms]
      [Redirty Cards: 4.7 ms]
      [Humongous Register: 0.3 ms]
      [Humongous Reclaim: 0.0 ms]
      [Free CSet: 0.4 ms]
   [Eden: 51200.0K(51200.0K)->0.0B(51200.0K) Survivors: 1024.0K->1024.0K Heap: 246.4M(1024.0M)->196.5M(1024.0M)]
 [Times: user=0.11 sys=0.04, real=0.02 secs] 
2023-07-11T03:19:20.990+0000: 2372780.616: [GC pause (G1 Evacuation Pause) (young), 0.0244417 secs]
   [Parallel Time: 6.3 ms, GC Workers: 43]
      [GC Worker Start (ms): Min: 2372780617.9, Avg: 2372780620.0, Max: 2372780623.3, Diff: 5.4]
      [Ext Root Scanning (ms): Min: 0.0, Avg: 0.5, Max: 2.1, Diff: 2.1, Sum: 20.4]
      [Update RS (ms): Min: 0.0, Avg: 0.1, Max: 0.5, Diff: 0.5, Sum: 5.3]
         [Processed Buffers: Min: 0, Avg: 1.4, Max: 9, Diff: 9, Sum: 59]
      [Scan RS (ms): Min: 0.0, Avg: 0.0, Max: 0.0, Diff: 0.0, Sum: 0.5]
      [Code Root Scanning (ms): Min: 0.0, Avg: 0.0, Max: 0.0, Diff: 0.0, Sum: 0.0]
      [Object Copy (ms): Min: 0.0, Avg: 1.1, Max: 1.6, Diff: 1.6, Sum: 45.2]
      [Termination (ms): Min: 0.0, Avg: 1.8, Max: 2.1, Diff: 2.1, Sum: 76.2]
         [Termination Attempts: Min: 1, Avg: 4.2, Max: 8, Diff: 7, Sum: 180]
      [GC Worker Other (ms): Min: 0.0, Avg: 0.0, Max: 0.1, Diff: 0.0, Sum: 1.3]
      [GC Worker Total (ms): Min: 0.1, Avg: 3.5, Max: 5.6, Diff: 5.5, Sum: 148.9]
      [GC Worker End (ms): Min: 2372780623.4, Avg: 2372780623.4, Max: 2372780623.6, Diff: 0.2]
   [Code Root Fixup: 0.0 ms]
   [Code Root Purge: 0.0 ms]
   [Clear CT: 5.7 ms]
   [Other: 12.4 ms]
      [Choose CSet: 0.0 ms]
      [Ref Proc: 3.9 ms]
      [Ref Enq: 0.0 ms]
      [Redirty Cards: 5.6 ms]
      [Humongous Register: 1.8 ms]
      [Humongous Reclaim: 0.0 ms]
      [Free CSet: 0.1 ms]
   [Eden: 51200.0K(51200.0K)->0.0B(51200.0K) Survivors: 1024.0K->1024.0K Heap: 246.5M(1024.0M)->196.5M(1024.0M)]
 [Times: user=0.21 sys=0.00, real=0.02 secs] 
2023-07-11T04:17:13.571+0000: 2376253.197: [GC pause (G1 Evacuation Pause) (young), 0.0212346 secs]
   [Parallel Time: 5.4 ms, GC Workers: 43]
      [GC Worker Start (ms): Min: 2376253197.0, Avg: 2376253198.5, Max: 2376253199.7, Diff: 2.7]
      [Ext Root Scanning (ms): Min: 0.0, Avg: 0.5, Max: 1.8, Diff: 1.7, Sum: 21.5]
      [Update RS (ms): Min: 0.0, Avg: 0.1, Max: 0.4, Diff: 0.4, Sum: 4.2]
         [Processed Buffers: Min: 0, Avg: 1.4, Max: 8, Diff: 8, Sum: 59]
      [Scan RS (ms): Min: 0.0, Avg: 0.0, Max: 0.0, Diff: 0.0, Sum: 0.6]
      [Code Root Scanning (ms): Min: 0.0, Avg: 0.0, Max: 0.0, Diff: 0.0, Sum: 0.0]
      [Object Copy (ms): Min: 0.8, Avg: 1.5, Max: 1.8, Diff: 1.0, Sum: 65.1]
      [Termination (ms): Min: 0.0, Avg: 0.2, Max: 0.4, Diff: 0.3, Sum: 10.0]
         [Termination Attempts: Min: 1, Avg: 4.1, Max: 7, Diff: 6, Sum: 178]
      [GC Worker Other (ms): Min: 0.0, Avg: 0.1, Max: 0.4, Diff: 0.3, Sum: 5.4]
      [GC Worker Total (ms): Min: 1.2, Avg: 2.5, Max: 4.1, Diff: 2.9, Sum: 106.8]
      [GC Worker End (ms): Min: 2376253200.8, Avg: 2376253201.0, Max: 2376253201.2, Diff: 0.4]
   [Code Root Fixup: 0.0 ms]
   [Code Root Purge: 0.0 ms]
   [Clear CT: 5.2 ms]
   [Other: 10.6 ms]
      [Choose CSet: 0.0 ms]
      [Ref Proc: 4.7 ms]
      [Ref Enq: 0.0 ms]
      [Redirty Cards: 5.1 ms]
      [Humongous Register: 0.2 ms]
      [Humongous Reclaim: 0.0 ms]
      [Free CSet: 0.1 ms]
   [Eden: 51200.0K(51200.0K)->0.0B(51200.0K) Survivors: 1024.0K->1024.0K Heap: 246.5M(1024.0M)->196.5M(1024.0M)]
 [Times: user=0.14 sys=0.02, real=0.02 secs] 
2023-07-11T05:15:02.591+0000: 2379722.217: [GC pause (G1 Evacuation Pause) (young), 0.0200562 secs]
   [Parallel Time: 5.3 ms, GC Workers: 43]
      [GC Worker Start (ms): Min: 2379722216.9, Avg: 2379722218.2, Max: 2379722219.5, Diff: 2.6]
      [Ext Root Scanning (ms): Min: 0.0, Avg: 0.5, Max: 1.7, Diff: 1.7, Sum: 22.1]
      [Update RS (ms): Min: 0.0, Avg: 0.1, Max: 0.5, Diff: 0.5, Sum: 5.2]
         [Processed Buffers: Min: 0, Avg: 1.5, Max: 7, Diff: 7, Sum: 64]
      [Scan RS (ms): Min: 0.0, Avg: 0.0, Max: 0.0, Diff: 0.0, Sum: 0.4]
      [Code Root Scanning (ms): Min: 0.0, Avg: 0.0, Max: 0.0, Diff: 0.0, Sum: 0.0]
      [Object Copy (ms): Min: 1.1, Avg: 1.7, Max: 2.0, Diff: 0.9, Sum: 72.7]
      [Termination (ms): Min: 0.1, Avg: 0.2, Max: 0.4, Diff: 0.3, Sum: 9.5]
         [Termination Attempts: Min: 2, Avg: 4.9, Max: 10, Diff: 8, Sum: 211]
      [GC Worker Other (ms): Min: 0.0, Avg: 0.2, Max: 0.4, Diff: 0.4, Sum: 6.8]
      [GC Worker Total (ms): Min: 1.5, Avg: 2.7, Max: 4.2, Diff: 2.7, Sum: 116.7]
      [GC Worker End (ms): Min: 2379722220.8, Avg: 2379722221.0, Max: 2379722221.2, Diff: 0.4]
   [Code Root Fixup: 0.0 ms]
   [Code Root Purge: 0.0 ms]
   [Clear CT: 5.2 ms]
   [Other: 9.5 ms]
      [Choose CSet: 0.0 ms]
      [Ref Proc: 3.7 ms]
      [Ref Enq: 0.0 ms]
      [Redirty Cards: 5.1 ms]
      [Humongous Register: 0.1 ms]
      [Humongous Reclaim: 0.0 ms]
      [Free CSet: 0.1 ms]
   [Eden: 51200.0K(51200.0K)->0.0B(51200.0K) Survivors: 1024.0K->1024.0K Heap: 246.5M(1024.0M)->196.5M(1024.0M)]
 [Times: user=0.17 sys=0.00, real=0.02 secs] 
