OpenJDK 64-Bit Server VM (25.362-b09) for linux-amd64 JRE (1.8.0_362-8u372-ga~us1-0ubuntu1~22.04-b09), built on May  6 2023 10:53:54 by "buildd" with gcc 11.3.0
Memory: 4k page, physical 32563104k(26014496k free), swap 8388604k(8388604k free)
CommandLine flags: -XX:+ExplicitGCInvokesConcurrent -XX:GCLogFileSize=104857600 -XX:InitialHeapSize=536870912 -XX:InitiatingHeapOccupancyPercent=35 -XX:+ManagementServer -XX:MaxGCPauseMillis=20 -XX:MaxHeapSize=536870912 -XX:MaxInlineLevel=15 -XX:NumberOfGCLogFiles=10 -XX:+PrintGC -XX:+PrintGCDateStamps -XX:+PrintGCDetails -XX:+PrintGCTimeStamps -XX:+UseCompressedClassPointers -XX:+UseCompressedOops -XX:+UseG1GC -XX:+UseGCLogFileRotation 
2023-06-13T16:13:00.723+0000: 0.348: [GC pause (G1 Evacuation Pause) (young), 0.0154334 secs]
   [Parallel Time: 6.6 ms, GC Workers: 43]
      [GC Worker Start (ms): Min: 347.9, Avg: 349.5, Max: 354.0, Diff: 6.1]
      [Ext Root Scanning (ms): Min: 0.0, Avg: 0.1, Max: 1.0, Diff: 1.0, Sum: 6.2]
      [Update RS (ms): Min: 0.0, Avg: 0.0, Max: 0.0, Diff: 0.0, Sum: 0.0]
         [Processed Buffers: Min: 0, Avg: 0.0, Max: 0, Diff: 0, Sum: 0]
      [Scan RS (ms): Min: 0.0, Avg: 0.0, Max: 0.0, Diff: 0.0, Sum: 0.2]
      [Code Root Scanning (ms): Min: 0.0, Avg: 0.1, Max: 0.9, Diff: 0.9, Sum: 2.7]
      [Object Copy (ms): Min: 0.0, Avg: 3.0, Max: 4.2, Diff: 4.2, Sum: 127.1]
      [Termination (ms): Min: 0.0, Avg: 1.4, Max: 1.7, Diff: 1.7, Sum: 58.2]
         [Termination Attempts: Min: 1, Avg: 7.6, Max: 16, Diff: 15, Sum: 326]
      [GC Worker Other (ms): Min: 0.0, Avg: 0.0, Max: 0.1, Diff: 0.0, Sum: 1.1]
      [GC Worker Total (ms): Min: 0.0, Avg: 4.5, Max: 6.2, Diff: 6.2, Sum: 195.5]
      [GC Worker End (ms): Min: 354.1, Avg: 354.1, Max: 354.2, Diff: 0.2]
   [Code Root Fixup: 0.0 ms]
   [Code Root Purge: 0.0 ms]
   [Clear CT: 2.5 ms]
   [Other: 6.2 ms]
      [Choose CSet: 0.0 ms]
      [Ref Proc: 4.1 ms]
      [Ref Enq: 0.0 ms]
      [Redirty Cards: 1.8 ms]
      [Humongous Register: 0.0 ms]
      [Humongous Reclaim: 0.0 ms]
      [Free CSet: 0.1 ms]
   [Eden: 25600.0K(25600.0K)->0.0B(21504.0K) Survivors: 0.0B->4096.0K Heap: 25600.0K(512.0M)->5477.0K(512.0M)]
 [Times: user=0.23 sys=0.01, real=0.01 secs] 
2023-06-13T16:20:56.951+0000: 476.576: [GC pause (G1 Evacuation Pause) (young), 0.0260843 secs]
   [Parallel Time: 12.6 ms, GC Workers: 43]
      [GC Worker Start (ms): Min: 476576.7, Avg: 476578.2, Max: 476582.7, Diff: 6.0]
      [Ext Root Scanning (ms): Min: 0.0, Avg: 0.5, Max: 2.0, Diff: 2.0, Sum: 22.4]
      [Update RS (ms): Min: 0.0, Avg: 0.1, Max: 0.6, Diff: 0.6, Sum: 4.5]
         [Processed Buffers: Min: 0, Avg: 0.8, Max: 4, Diff: 4, Sum: 35]
      [Scan RS (ms): Min: 0.0, Avg: 0.0, Max: 0.0, Diff: 0.0, Sum: 0.4]
      [Code Root Scanning (ms): Min: 0.0, Avg: 0.1, Max: 1.7, Diff: 1.7, Sum: 3.2]
      [Object Copy (ms): Min: 4.2, Avg: 8.0, Max: 8.6, Diff: 4.4, Sum: 344.9]
      [Termination (ms): Min: 0.0, Avg: 0.1, Max: 0.2, Diff: 0.2, Sum: 4.6]
         [Termination Attempts: Min: 1, Avg: 10.0, Max: 17, Diff: 16, Sum: 429]
      [GC Worker Other (ms): Min: 0.0, Avg: 0.1, Max: 0.3, Diff: 0.3, Sum: 3.6]
      [GC Worker Total (ms): Min: 4.5, Avg: 8.9, Max: 10.4, Diff: 5.9, Sum: 383.7]
      [GC Worker End (ms): Min: 476587.0, Avg: 476587.1, Max: 476587.3, Diff: 0.3]
   [Code Root Fixup: 0.1 ms]
   [Code Root Purge: 0.0 ms]
   [Clear CT: 4.6 ms]
   [Other: 8.8 ms]
      [Choose CSet: 0.0 ms]
      [Ref Proc: 3.6 ms]
      [Ref Enq: 0.0 ms]
      [Redirty Cards: 4.8 ms]
      [Humongous Register: 0.0 ms]
      [Humongous Reclaim: 0.0 ms]
      [Free CSet: 0.1 ms]
   [Eden: 21504.0K(21504.0K)->0.0B(21504.0K) Survivors: 4096.0K->4096.0K Heap: 26981.0K(512.0M)->8766.5K(512.0M)]
 [Times: user=0.42 sys=0.00, real=0.02 secs] 
2023-06-13T21:27:23.425+0000: 18863.050: [GC pause (G1 Evacuation Pause) (young), 0.0266202 secs]
   [Parallel Time: 7.7 ms, GC Workers: 43]
      [GC Worker Start (ms): Min: 18863051.8, Avg: 18863053.9, Max: 18863055.7, Diff: 3.9]
      [Ext Root Scanning (ms): Min: 0.0, Avg: 1.2, Max: 3.2, Diff: 3.2, Sum: 51.2]
      [Update RS (ms): Min: 0.1, Avg: 0.9, Max: 2.5, Diff: 2.4, Sum: 37.1]
         [Processed Buffers: Min: 1, Avg: 1.3, Max: 4, Diff: 3, Sum: 55]
      [Scan RS (ms): Min: 0.0, Avg: 0.0, Max: 0.0, Diff: 0.0, Sum: 0.4]
      [Code Root Scanning (ms): Min: 0.0, Avg: 0.0, Max: 0.7, Diff: 0.7, Sum: 2.1]
      [Object Copy (ms): Min: 0.1, Avg: 0.9, Max: 1.3, Diff: 1.3, Sum: 40.7]
      [Termination (ms): Min: 0.0, Avg: 0.7, Max: 1.0, Diff: 1.0, Sum: 31.1]
         [Termination Attempts: Min: 1, Avg: 1.1, Max: 2, Diff: 1, Sum: 46]
      [GC Worker Other (ms): Min: 0.0, Avg: 0.1, Max: 0.1, Diff: 0.1, Sum: 2.3]
      [GC Worker Total (ms): Min: 2.1, Avg: 3.8, Max: 5.9, Diff: 3.8, Sum: 164.9]
      [GC Worker End (ms): Min: 18863057.6, Avg: 18863057.7, Max: 18863057.8, Diff: 0.2]
   [Code Root Fixup: 0.0 ms]
   [Code Root Purge: 0.1 ms]
   [Clear CT: 7.4 ms]
   [Other: 11.4 ms]
      [Choose CSet: 0.0 ms]
      [Ref Proc: 4.3 ms]
      [Ref Enq: 0.0 ms]
      [Redirty Cards: 4.7 ms]
      [Humongous Register: 0.9 ms]
      [Humongous Reclaim: 0.0 ms]
      [Free CSet: 0.6 ms]
   [Eden: 21504.0K(21504.0K)->0.0B(23552.0K) Survivors: 4096.0K->2048.0K Heap: 30270.5K(512.0M)->7240.5K(512.0M)]
 [Times: user=0.08 sys=0.14, real=0.03 secs] 
2023-06-14T04:38:19.679+0000: 44719.304: [GC pause (G1 Evacuation Pause) (young), 0.0257384 secs]
   [Parallel Time: 8.2 ms, GC Workers: 43]
      [GC Worker Start (ms): Min: 44719305.6, Avg: 44719307.6, Max: 44719309.6, Diff: 4.1]
      [Ext Root Scanning (ms): Min: 0.0, Avg: 0.5, Max: 2.1, Diff: 2.1, Sum: 22.0]
      [Update RS (ms): Min: 0.0, Avg: 0.1, Max: 0.4, Diff: 0.4, Sum: 6.1]
         [Processed Buffers: Min: 0, Avg: 0.9, Max: 4, Diff: 4, Sum: 40]
      [Scan RS (ms): Min: 0.0, Avg: 0.0, Max: 0.0, Diff: 0.0, Sum: 0.4]
      [Code Root Scanning (ms): Min: 0.0, Avg: 0.1, Max: 2.2, Diff: 2.2, Sum: 2.2]
      [Object Copy (ms): Min: 0.0, Avg: 0.6, Max: 1.2, Diff: 1.2, Sum: 27.7]
      [Termination (ms): Min: 0.0, Avg: 1.3, Max: 1.6, Diff: 1.6, Sum: 54.5]
         [Termination Attempts: Min: 1, Avg: 1.0, Max: 2, Diff: 1, Sum: 44]
      [GC Worker Other (ms): Min: 0.0, Avg: 0.0, Max: 0.1, Diff: 0.1, Sum: 1.7]
      [GC Worker Total (ms): Min: 0.7, Avg: 2.7, Max: 4.7, Diff: 3.9, Sum: 114.5]
      [GC Worker End (ms): Min: 44719310.2, Avg: 44719310.2, Max: 44719310.4, Diff: 0.2]
   [Code Root Fixup: 0.0 ms]
   [Code Root Purge: 0.0 ms]
   [Clear CT: 5.7 ms]
   [Other: 11.7 ms]
      [Choose CSet: 0.0 ms]
      [Ref Proc: 4.8 ms]
      [Ref Enq: 0.0 ms]
      [Redirty Cards: 5.2 ms]
      [Humongous Register: 0.9 ms]
      [Humongous Reclaim: 0.0 ms]
      [Free CSet: 0.2 ms]
   [Eden: 23552.0K(23552.0K)->0.0B(23552.0K) Survivors: 2048.0K->2048.0K Heap: 30792.5K(512.0M)->7225.5K(512.0M)]
 [Times: user=0.18 sys=0.00, real=0.03 secs] 
2023-06-14T12:26:42.167+0000: 72821.793: [GC pause (G1 Evacuation Pause) (young), 0.0272892 secs]
   [Parallel Time: 8.4 ms, GC Workers: 43]
      [GC Worker Start (ms): Min: 72821793.8, Avg: 72821795.8, Max: 72821797.8, Diff: 4.0]
      [Ext Root Scanning (ms): Min: 0.0, Avg: 0.7, Max: 2.4, Diff: 2.3, Sum: 29.8]
      [Update RS (ms): Min: 0.0, Avg: 0.1, Max: 0.3, Diff: 0.3, Sum: 5.6]
         [Processed Buffers: Min: 0, Avg: 0.7, Max: 4, Diff: 4, Sum: 28]
      [Scan RS (ms): Min: 0.0, Avg: 0.0, Max: 0.0, Diff: 0.0, Sum: 0.3]
      [Code Root Scanning (ms): Min: 0.0, Avg: 0.1, Max: 2.5, Diff: 2.5, Sum: 2.6]
      [Object Copy (ms): Min: 0.0, Avg: 0.9, Max: 1.4, Diff: 1.4, Sum: 37.8]
      [Termination (ms): Min: 0.0, Avg: 1.4, Max: 1.6, Diff: 1.6, Sum: 59.0]
         [Termination Attempts: Min: 1, Avg: 1.1, Max: 2, Diff: 1, Sum: 47]
      [GC Worker Other (ms): Min: 0.0, Avg: 0.1, Max: 0.2, Diff: 0.2, Sum: 2.9]
      [GC Worker Total (ms): Min: 1.3, Avg: 3.2, Max: 5.2, Diff: 3.9, Sum: 138.0]
      [GC Worker End (ms): Min: 72821798.9, Avg: 72821799.0, Max: 72821799.2, Diff: 0.2]
   [Code Root Fixup: 0.0 ms]
   [Code Root Purge: 0.0 ms]
   [Clear CT: 7.4 ms]
   [Other: 11.4 ms]
      [Choose CSet: 0.0 ms]
      [Ref Proc: 4.4 ms]
      [Ref Enq: 0.0 ms]
      [Redirty Cards: 5.4 ms]
      [Humongous Register: 0.9 ms]
      [Humongous Reclaim: 0.0 ms]
      [Free CSet: 0.2 ms]
   [Eden: 23552.0K(23552.0K)->0.0B(23552.0K) Survivors: 2048.0K->2048.0K Heap: 30777.5K(512.0M)->7260.1K(512.0M)]
 [Times: user=0.20 sys=0.00, real=0.03 secs] 
2023-06-14T20:25:17.408+0000: 101537.033: [GC pause (G1 Evacuation Pause) (young), 0.0258819 secs]
   [Parallel Time: 6.2 ms, GC Workers: 43]
      [GC Worker Start (ms): Min: 101537034.3, Avg: 101537036.3, Max: 101537038.2, Diff: 3.9]
      [Ext Root Scanning (ms): Min: 0.0, Avg: 0.4, Max: 1.9, Diff: 1.9, Sum: 18.8]
      [Update RS (ms): Min: 0.0, Avg: 0.1, Max: 0.3, Diff: 0.3, Sum: 4.5]
         [Processed Buffers: Min: 0, Avg: 0.6, Max: 2, Diff: 2, Sum: 26]
      [Scan RS (ms): Min: 0.0, Avg: 0.0, Max: 0.0, Diff: 0.0, Sum: 0.3]
      [Code Root Scanning (ms): Min: 0.0, Avg: 0.1, Max: 3.2, Diff: 3.2, Sum: 3.2]
      [Object Copy (ms): Min: 0.0, Avg: 0.5, Max: 1.0, Diff: 1.0, Sum: 23.0]
      [Termination (ms): Min: 0.0, Avg: 2.3, Max: 2.6, Diff: 2.6, Sum: 98.4]
         [Termination Attempts: Min: 1, Avg: 1.0, Max: 1, Diff: 0, Sum: 43]
      [GC Worker Other (ms): Min: 0.0, Avg: 0.0, Max: 0.2, Diff: 0.1, Sum: 1.9]
      [GC Worker Total (ms): Min: 1.6, Avg: 3.5, Max: 5.5, Diff: 3.9, Sum: 150.1]
      [GC Worker End (ms): Min: 101537039.8, Avg: 101537039.8, Max: 101537039.9, Diff: 0.2]
   [Code Root Fixup: 0.0 ms]
   [Code Root Purge: 0.0 ms]
   [Clear CT: 7.5 ms]
   [Other: 12.1 ms]
      [Choose CSet: 0.0 ms]
      [Ref Proc: 5.0 ms]
      [Ref Enq: 0.0 ms]
      [Redirty Cards: 5.3 ms]
      [Humongous Register: 0.9 ms]
      [Humongous Reclaim: 0.0 ms]
      [Free CSet: 0.3 ms]
   [Eden: 23552.0K(23552.0K)->0.0B(23552.0K) Survivors: 2048.0K->2048.0K Heap: 30812.1K(512.0M)->7048.4K(512.0M)]
 [Times: user=0.24 sys=0.00, real=0.03 secs] 
2023-06-15T04:10:03.706+0000: 129423.331: [GC pause (G1 Evacuation Pause) (young), 0.0248713 secs]
   [Parallel Time: 6.3 ms, GC Workers: 43]
      [GC Worker Start (ms): Min: 129423332.5, Avg: 129423334.6, Max: 129423337.5, Diff: 5.0]
      [Ext Root Scanning (ms): Min: 0.0, Avg: 0.4, Max: 1.9, Diff: 1.9, Sum: 18.2]
      [Update RS (ms): Min: 0.0, Avg: 0.1, Max: 0.3, Diff: 0.3, Sum: 4.4]
         [Processed Buffers: Min: 0, Avg: 0.6, Max: 3, Diff: 3, Sum: 26]
      [Scan RS (ms): Min: 0.0, Avg: 0.0, Max: 0.0, Diff: 0.0, Sum: 0.3]
      [Code Root Scanning (ms): Min: 0.0, Avg: 0.1, Max: 2.6, Diff: 2.6, Sum: 2.7]
      [Object Copy (ms): Min: 0.0, Avg: 0.5, Max: 1.0, Diff: 1.0, Sum: 23.4]
      [Termination (ms): Min: 0.0, Avg: 1.9, Max: 2.2, Diff: 2.2, Sum: 81.4]
         [Termination Attempts: Min: 1, Avg: 1.0, Max: 1, Diff: 0, Sum: 43]
      [GC Worker Other (ms): Min: 0.0, Avg: 0.0, Max: 0.1, Diff: 0.1, Sum: 1.7]
      [GC Worker Total (ms): Min: 0.1, Avg: 3.1, Max: 5.2, Diff: 5.1, Sum: 132.2]
      [GC Worker End (ms): Min: 129423337.5, Avg: 129423337.7, Max: 129423337.8, Diff: 0.2]
   [Code Root Fixup: 0.0 ms]
   [Code Root Purge: 0.0 ms]
   [Clear CT: 5.5 ms]
   [Other: 13.0 ms]
      [Choose CSet: 0.0 ms]
      [Ref Proc: 5.0 ms]
      [Ref Enq: 0.0 ms]
      [Redirty Cards: 5.7 ms]
      [Humongous Register: 0.9 ms]
      [Humongous Reclaim: 0.0 ms]
      [Free CSet: 0.5 ms]
   [Eden: 23552.0K(23552.0K)->0.0B(23552.0K) Survivors: 2048.0K->2048.0K Heap: 30600.4K(512.0M)->7098.4K(512.0M)]
 [Times: user=0.09 sys=0.13, real=0.03 secs] 
2023-06-15T12:04:50.861+0000: 157910.487: [GC pause (G1 Evacuation Pause) (young), 0.0211628 secs]
   [Parallel Time: 6.9 ms, GC Workers: 43]
      [GC Worker Start (ms): Min: 157910487.9, Avg: 157910489.9, Max: 157910492.6, Diff: 4.6]
      [Ext Root Scanning (ms): Min: 0.0, Avg: 0.5, Max: 1.9, Diff: 1.9, Sum: 20.3]
      [Update RS (ms): Min: 0.0, Avg: 0.1, Max: 0.4, Diff: 0.4, Sum: 4.7]
         [Processed Buffers: Min: 0, Avg: 0.5, Max: 2, Diff: 2, Sum: 23]
      [Scan RS (ms): Min: 0.0, Avg: 0.0, Max: 0.0, Diff: 0.0, Sum: 0.3]
      [Code Root Scanning (ms): Min: 0.0, Avg: 0.1, Max: 3.4, Diff: 3.4, Sum: 3.4]
      [Object Copy (ms): Min: 0.0, Avg: 1.0, Max: 1.7, Diff: 1.7, Sum: 41.5]
      [Termination (ms): Min: 0.0, Avg: 2.0, Max: 2.3, Diff: 2.3, Sum: 85.2]
         [Termination Attempts: Min: 1, Avg: 1.6, Max: 4, Diff: 3, Sum: 69]
      [GC Worker Other (ms): Min: 0.0, Avg: 0.0, Max: 0.1, Diff: 0.0, Sum: 1.6]
      [GC Worker Total (ms): Min: 1.0, Avg: 3.6, Max: 5.7, Diff: 4.7, Sum: 156.9]
      [GC Worker End (ms): Min: 157910493.5, Avg: 157910493.6, Max: 157910493.7, Diff: 0.2]
   [Code Root Fixup: 0.0 ms]
   [Code Root Purge: 0.0 ms]
   [Clear CT: 4.5 ms]
   [Other: 9.8 ms]
      [Choose CSet: 0.0 ms]
      [Ref Proc: 3.5 ms]
      [Ref Enq: 0.0 ms]
      [Redirty Cards: 4.7 ms]
      [Humongous Register: 0.9 ms]
      [Humongous Reclaim: 0.0 ms]
      [Free CSet: 0.3 ms]
   [Eden: 23552.0K(23552.0K)->0.0B(23552.0K) Survivors: 2048.0K->2048.0K Heap: 30650.4K(512.0M)->7089.4K(512.0M)]
 [Times: user=0.16 sys=0.08, real=0.02 secs] 
2023-06-15T20:05:08.226+0000: 186727.851: [GC pause (G1 Evacuation Pause) (young), 0.0262787 secs]
   [Parallel Time: 7.0 ms, GC Workers: 43]
      [GC Worker Start (ms): Min: 186727852.7, Avg: 186727854.7, Max: 186727857.2, Diff: 4.5]
      [Ext Root Scanning (ms): Min: 0.0, Avg: 0.5, Max: 2.3, Diff: 2.3, Sum: 19.8]
      [Update RS (ms): Min: 0.0, Avg: 0.1, Max: 0.4, Diff: 0.4, Sum: 4.7]
         [Processed Buffers: Min: 0, Avg: 0.6, Max: 2, Diff: 2, Sum: 24]
      [Scan RS (ms): Min: 0.0, Avg: 0.0, Max: 0.0, Diff: 0.0, Sum: 0.3]
      [Code Root Scanning (ms): Min: 0.0, Avg: 0.1, Max: 3.3, Diff: 3.3, Sum: 3.3]
      [Object Copy (ms): Min: 0.0, Avg: 0.7, Max: 1.4, Diff: 1.4, Sum: 31.9]
      [Termination (ms): Min: 0.0, Avg: 2.1, Max: 2.4, Diff: 2.4, Sum: 89.4]
         [Termination Attempts: Min: 1, Avg: 1.6, Max: 3, Diff: 2, Sum: 68]
      [GC Worker Other (ms): Min: 0.0, Avg: 0.0, Max: 0.1, Diff: 0.1, Sum: 1.6]
      [GC Worker Total (ms): Min: 0.9, Avg: 3.5, Max: 5.4, Diff: 4.5, Sum: 151.0]
      [GC Worker End (ms): Min: 186727858.1, Avg: 186727858.2, Max: 186727858.3, Diff: 0.2]
   [Code Root Fixup: 0.0 ms]
   [Code Root Purge: 0.0 ms]
   [Clear CT: 7.6 ms]
   [Other: 11.7 ms]
      [Choose CSet: 0.0 ms]
      [Ref Proc: 4.6 ms]
      [Ref Enq: 0.0 ms]
      [Redirty Cards: 5.5 ms]
      [Humongous Register: 0.9 ms]
      [Humongous Reclaim: 0.0 ms]
      [Free CSet: 0.2 ms]
   [Eden: 23552.0K(23552.0K)->0.0B(23552.0K) Survivors: 2048.0K->2048.0K Heap: 30641.4K(512.0M)->7161.6K(512.0M)]
 [Times: user=0.21 sys=0.00, real=0.03 secs] 
2023-06-16T04:05:19.619+0000: 215539.244: [GC pause (G1 Evacuation Pause) (young), 0.0241097 secs]
   [Parallel Time: 6.6 ms, GC Workers: 43]
      [GC Worker Start (ms): Min: 215539245.2, Avg: 215539247.1, Max: 215539249.0, Diff: 3.9]
      [Ext Root Scanning (ms): Min: 0.0, Avg: 0.4, Max: 2.1, Diff: 2.1, Sum: 18.8]
      [Update RS (ms): Min: 0.0, Avg: 0.1, Max: 0.4, Diff: 0.4, Sum: 4.8]
         [Processed Buffers: Min: 0, Avg: 0.6, Max: 2, Diff: 2, Sum: 24]
      [Scan RS (ms): Min: 0.0, Avg: 0.0, Max: 0.0, Diff: 0.0, Sum: 0.3]
      [Code Root Scanning (ms): Min: 0.0, Avg: 0.1, Max: 1.8, Diff: 1.8, Sum: 3.6]
      [Object Copy (ms): Min: 0.0, Avg: 0.6, Max: 1.2, Diff: 1.2, Sum: 26.5]
      [Termination (ms): Min: 0.0, Avg: 0.7, Max: 1.0, Diff: 1.0, Sum: 31.7]
         [Termination Attempts: Min: 1, Avg: 1.0, Max: 1, Diff: 0, Sum: 43]
      [GC Worker Other (ms): Min: 0.0, Avg: 0.0, Max: 0.1, Diff: 0.1, Sum: 1.7]
      [GC Worker Total (ms): Min: 0.1, Avg: 2.0, Max: 4.0, Diff: 4.0, Sum: 87.4]
      [GC Worker End (ms): Min: 215539249.1, Avg: 215539249.2, Max: 215539249.3, Diff: 0.2]
   [Code Root Fixup: 0.0 ms]
   [Code Root Purge: 0.0 ms]
   [Clear CT: 5.8 ms]
   [Other: 11.7 ms]
      [Choose CSet: 0.0 ms]
      [Ref Proc: 4.4 ms]
      [Ref Enq: 0.0 ms]
      [Redirty Cards: 5.6 ms]
      [Humongous Register: 0.9 ms]
      [Humongous Reclaim: 0.0 ms]
      [Free CSet: 0.2 ms]
   [Eden: 23552.0K(23552.0K)->0.0B(23552.0K) Survivors: 2048.0K->2048.0K Heap: 30713.6K(512.0M)->7175.5K(512.0M)]
 [Times: user=0.10 sys=0.06, real=0.03 secs] 
2023-06-16T12:05:37.035+0000: 244356.660: [GC pause (G1 Evacuation Pause) (young), 0.0244106 secs]
   [Parallel Time: 7.3 ms, GC Workers: 43]
      [GC Worker Start (ms): Min: 244356661.8, Avg: 244356663.8, Max: 244356665.7, Diff: 3.9]
      [Ext Root Scanning (ms): Min: 0.0, Avg: 0.5, Max: 2.0, Diff: 2.0, Sum: 21.6]
      [Update RS (ms): Min: 0.0, Avg: 0.1, Max: 0.4, Diff: 0.4, Sum: 5.9]
         [Processed Buffers: Min: 0, Avg: 0.6, Max: 4, Diff: 4, Sum: 25]
      [Scan RS (ms): Min: 0.0, Avg: 0.0, Max: 0.0, Diff: 0.0, Sum: 0.3]
      [Code Root Scanning (ms): Min: 0.0, Avg: 0.1, Max: 3.1, Diff: 3.1, Sum: 3.1]
      [Object Copy (ms): Min: 0.0, Avg: 0.7, Max: 1.2, Diff: 1.2, Sum: 29.2]
      [Termination (ms): Min: 0.0, Avg: 2.0, Max: 2.3, Diff: 2.3, Sum: 85.6]
         [Termination Attempts: Min: 1, Avg: 1.0, Max: 2, Diff: 1, Sum: 45]
      [GC Worker Other (ms): Min: 0.0, Avg: 0.0, Max: 0.1, Diff: 0.1, Sum: 1.8]
      [GC Worker Total (ms): Min: 1.5, Avg: 3.4, Max: 5.3, Diff: 3.9, Sum: 147.5]
      [GC Worker End (ms): Min: 244356667.1, Avg: 244356667.2, Max: 244356667.3, Diff: 0.2]
   [Code Root Fixup: 0.0 ms]
   [Code Root Purge: 0.0 ms]
   [Clear CT: 5.3 ms]
   [Other: 11.8 ms]
      [Choose CSet: 0.0 ms]
      [Ref Proc: 4.5 ms]
      [Ref Enq: 0.0 ms]
      [Redirty Cards: 5.6 ms]
      [Humongous Register: 0.9 ms]
      [Humongous Reclaim: 0.0 ms]
      [Free CSet: 0.2 ms]
   [Eden: 23552.0K(23552.0K)->0.0B(23552.0K) Survivors: 2048.0K->2048.0K Heap: 30727.5K(512.0M)->6998.1K(512.0M)]
 [Times: user=0.21 sys=0.00, real=0.02 secs] 
2023-06-16T20:07:06.563+0000: 273246.189: [GC pause (G1 Evacuation Pause) (young), 0.0285417 secs]
   [Parallel Time: 9.7 ms, GC Workers: 43]
      [GC Worker Start (ms): Min: 273246189.9, Avg: 273246192.1, Max: 273246194.1, Diff: 4.2]
      [Ext Root Scanning (ms): Min: 0.0, Avg: 0.6, Max: 2.4, Diff: 2.3, Sum: 26.0]
      [Update RS (ms): Min: 0.0, Avg: 0.1, Max: 0.4, Diff: 0.4, Sum: 4.7]
         [Processed Buffers: Min: 0, Avg: 0.5, Max: 2, Diff: 2, Sum: 20]
      [Scan RS (ms): Min: 0.0, Avg: 0.0, Max: 0.0, Diff: 0.0, Sum: 0.3]
      [Code Root Scanning (ms): Min: 0.0, Avg: 0.1, Max: 2.9, Diff: 2.9, Sum: 2.9]
      [Object Copy (ms): Min: 0.0, Avg: 0.6, Max: 1.1, Diff: 1.1, Sum: 27.4]
      [Termination (ms): Min: 0.0, Avg: 1.9, Max: 2.2, Diff: 2.2, Sum: 82.5]
         [Termination Attempts: Min: 1, Avg: 1.2, Max: 2, Diff: 1, Sum: 50]
      [GC Worker Other (ms): Min: 0.0, Avg: 0.0, Max: 0.1, Diff: 0.1, Sum: 2.0]
      [GC Worker Total (ms): Min: 1.4, Avg: 3.4, Max: 5.6, Diff: 4.1, Sum: 145.9]
      [GC Worker End (ms): Min: 273246195.5, Avg: 273246195.5, Max: 273246195.7, Diff: 0.2]
   [Code Root Fixup: 0.0 ms]
   [Code Root Purge: 0.0 ms]
   [Clear CT: 7.0 ms]
   [Other: 11.8 ms]
      [Choose CSet: 0.0 ms]
      [Ref Proc: 4.3 ms]
      [Ref Enq: 0.0 ms]
      [Redirty Cards: 5.2 ms]
      [Humongous Register: 0.9 ms]
      [Humongous Reclaim: 0.0 ms]
      [Free CSet: 0.6 ms]
   [Eden: 23552.0K(23552.0K)->0.0B(23552.0K) Survivors: 2048.0K->2048.0K Heap: 30550.1K(512.0M)->7083.5K(512.0M)]
 [Times: user=0.20 sys=0.00, real=0.03 secs] 
2023-06-17T04:07:42.030+0000: 302081.655: [GC pause (G1 Evacuation Pause) (young), 0.0214884 secs]
   [Parallel Time: 6.3 ms, GC Workers: 43]
      [GC Worker Start (ms): Min: 302081656.2, Avg: 302081658.4, Max: 302081661.0, Diff: 4.8]
      [Ext Root Scanning (ms): Min: 0.0, Avg: 0.5, Max: 2.2, Diff: 2.2, Sum: 21.2]
      [Update RS (ms): Min: 0.0, Avg: 0.1, Max: 0.4, Diff: 0.4, Sum: 3.9]
         [Processed Buffers: Min: 0, Avg: 0.5, Max: 2, Diff: 2, Sum: 21]
      [Scan RS (ms): Min: 0.0, Avg: 0.0, Max: 0.0, Diff: 0.0, Sum: 0.3]
      [Code Root Scanning (ms): Min: 0.0, Avg: 0.1, Max: 2.8, Diff: 2.8, Sum: 2.9]
      [Object Copy (ms): Min: 0.0, Avg: 0.6, Max: 1.2, Diff: 1.2, Sum: 26.8]
      [Termination (ms): Min: 0.0, Avg: 1.8, Max: 2.1, Diff: 2.1, Sum: 76.5]
         [Termination Attempts: Min: 1, Avg: 1.2, Max: 2, Diff: 1, Sum: 51]
      [GC Worker Other (ms): Min: 0.0, Avg: 0.0, Max: 0.1, Diff: 0.1, Sum: 1.6]
      [GC Worker Total (ms): Min: 0.5, Avg: 3.1, Max: 5.3, Diff: 4.8, Sum: 133.2]
      [GC Worker End (ms): Min: 302081661.3, Avg: 302081661.5, Max: 302081661.5, Diff: 0.2]
   [Code Root Fixup: 0.0 ms]
   [Code Root Purge: 0.0 ms]
   [Clear CT: 5.0 ms]
   [Other: 10.2 ms]
      [Choose CSet: 0.0 ms]
      [Ref Proc: 3.3 ms]
      [Ref Enq: 0.0 ms]
      [Redirty Cards: 5.3 ms]
      [Humongous Register: 0.9 ms]
      [Humongous Reclaim: 0.0 ms]
      [Free CSet: 0.2 ms]
   [Eden: 23552.0K(23552.0K)->0.0B(23552.0K) Survivors: 2048.0K->2048.0K Heap: 30635.5K(512.0M)->7046.9K(512.0M)]
 [Times: user=0.06 sys=0.13, real=0.02 secs] 
2023-06-17T12:09:35.355+0000: 330994.980: [GC pause (G1 Evacuation Pause) (young), 0.0261021 secs]
   [Parallel Time: 8.3 ms, GC Workers: 43]
      [GC Worker Start (ms): Min: 330994981.6, Avg: 330994983.6, Max: 330994985.6, Diff: 4.0]
      [Ext Root Scanning (ms): Min: 0.0, Avg: 0.5, Max: 1.9, Diff: 1.9, Sum: 19.6]
      [Update RS (ms): Min: 0.0, Avg: 0.1, Max: 0.3, Diff: 0.3, Sum: 4.2]
         [Processed Buffers: Min: 0, Avg: 0.5, Max: 2, Diff: 2, Sum: 20]
      [Scan RS (ms): Min: 0.0, Avg: 0.0, Max: 0.0, Diff: 0.0, Sum: 0.3]
      [Code Root Scanning (ms): Min: 0.0, Avg: 0.1, Max: 2.7, Diff: 2.7, Sum: 2.8]
      [Object Copy (ms): Min: 0.0, Avg: 0.6, Max: 1.1, Diff: 1.1, Sum: 24.8]
      [Termination (ms): Min: 0.0, Avg: 1.7, Max: 2.0, Diff: 2.0, Sum: 71.2]
         [Termination Attempts: Min: 1, Avg: 1.0, Max: 1, Diff: 0, Sum: 43]
      [GC Worker Other (ms): Min: 0.0, Avg: 0.0, Max: 0.1, Diff: 0.0, Sum: 1.5]
      [GC Worker Total (ms): Min: 0.8, Avg: 2.9, Max: 5.0, Diff: 4.2, Sum: 124.3]
      [GC Worker End (ms): Min: 330994986.4, Avg: 330994986.5, Max: 330994986.6, Diff: 0.2]
   [Code Root Fixup: 0.0 ms]
   [Code Root Purge: 0.0 ms]
   [Clear CT: 5.7 ms]
   [Other: 12.1 ms]
      [Choose CSet: 0.0 ms]
      [Ref Proc: 4.6 ms]
      [Ref Enq: 0.0 ms]
      [Redirty Cards: 5.9 ms]
      [Humongous Register: 0.9 ms]
      [Humongous Reclaim: 0.0 ms]
      [Free CSet: 0.2 ms]
   [Eden: 23552.0K(23552.0K)->0.0B(23552.0K) Survivors: 2048.0K->2048.0K Heap: 30598.9K(512.0M)->7037.4K(512.0M)]
 [Times: user=0.18 sys=0.00, real=0.03 secs] 
2023-06-17T20:10:40.702+0000: 359860.327: [GC pause (G1 Evacuation Pause) (young), 0.0233819 secs]
   [Parallel Time: 7.2 ms, GC Workers: 43]
      [GC Worker Start (ms): Min: 359860328.7, Avg: 359860330.9, Max: 359860332.9, Diff: 4.2]
      [Ext Root Scanning (ms): Min: 0.0, Avg: 0.5, Max: 2.2, Diff: 2.2, Sum: 21.2]
      [Update RS (ms): Min: 0.0, Avg: 0.1, Max: 0.5, Diff: 0.5, Sum: 4.6]
         [Processed Buffers: Min: 0, Avg: 0.4, Max: 2, Diff: 2, Sum: 19]
      [Scan RS (ms): Min: 0.0, Avg: 0.0, Max: 0.0, Diff: 0.0, Sum: 0.3]
      [Code Root Scanning (ms): Min: 0.0, Avg: 0.1, Max: 3.4, Diff: 3.4, Sum: 3.4]
      [Object Copy (ms): Min: 0.0, Avg: 0.8, Max: 1.4, Diff: 1.4, Sum: 35.6]
      [Termination (ms): Min: 0.0, Avg: 2.2, Max: 2.4, Diff: 2.4, Sum: 92.9]
         [Termination Attempts: Min: 1, Avg: 1.3, Max: 2, Diff: 1, Sum: 54]
      [GC Worker Other (ms): Min: 0.0, Avg: 0.0, Max: 0.1, Diff: 0.1, Sum: 1.6]
      [GC Worker Total (ms): Min: 1.6, Avg: 3.7, Max: 5.8, Diff: 4.2, Sum: 159.7]
      [GC Worker End (ms): Min: 359860334.5, Avg: 359860334.6, Max: 359860334.7, Diff: 0.2]
   [Code Root Fixup: 0.0 ms]
   [Code Root Purge: 0.0 ms]
   [Clear CT: 5.4 ms]
   [Other: 10.8 ms]
      [Choose CSet: 0.0 ms]
      [Ref Proc: 3.9 ms]
      [Ref Enq: 0.0 ms]
      [Redirty Cards: 5.3 ms]
      [Humongous Register: 0.9 ms]
      [Humongous Reclaim: 0.0 ms]
      [Free CSet: 0.2 ms]
   [Eden: 23552.0K(23552.0K)->0.0B(23552.0K) Survivors: 2048.0K->2048.0K Heap: 30589.4K(512.0M)->7184.3K(512.0M)]
 [Times: user=0.22 sys=0.00, real=0.02 secs] 
2023-06-18T04:11:10.025+0000: 388689.650: [GC pause (G1 Evacuation Pause) (young), 0.0261387 secs]
   [Parallel Time: 6.2 ms, GC Workers: 43]
      [GC Worker Start (ms): Min: 388689651.1, Avg: 388689653.2, Max: 388689655.7, Diff: 4.6]
      [Ext Root Scanning (ms): Min: 0.0, Avg: 0.5, Max: 2.2, Diff: 2.2, Sum: 21.9]
      [Update RS (ms): Min: 0.0, Avg: 0.1, Max: 0.3, Diff: 0.3, Sum: 3.8]
         [Processed Buffers: Min: 0, Avg: 0.6, Max: 3, Diff: 3, Sum: 24]
      [Scan RS (ms): Min: 0.0, Avg: 0.0, Max: 0.0, Diff: 0.0, Sum: 0.3]
      [Code Root Scanning (ms): Min: 0.0, Avg: 0.0, Max: 2.1, Diff: 2.1, Sum: 2.1]
      [Object Copy (ms): Min: 0.0, Avg: 0.6, Max: 1.1, Diff: 1.1, Sum: 26.4]
      [Termination (ms): Min: 0.0, Avg: 1.3, Max: 1.6, Diff: 1.6, Sum: 58.0]
         [Termination Attempts: Min: 1, Avg: 1.0, Max: 2, Diff: 1, Sum: 45]
      [GC Worker Other (ms): Min: 0.0, Avg: 0.0, Max: 0.1, Diff: 0.1, Sum: 1.5]
      [GC Worker Total (ms): Min: 0.1, Avg: 2.7, Max: 4.8, Diff: 4.8, Sum: 114.0]
      [GC Worker End (ms): Min: 388689655.7, Avg: 388689655.9, Max: 388689655.9, Diff: 0.2]
   [Code Root Fixup: 0.0 ms]
   [Code Root Purge: 0.0 ms]
   [Clear CT: 7.6 ms]
   [Other: 12.3 ms]
      [Choose CSet: 0.0 ms]
      [Ref Proc: 5.1 ms]
      [Ref Enq: 0.0 ms]
      [Redirty Cards: 5.4 ms]
      [Humongous Register: 0.9 ms]
      [Humongous Reclaim: 0.0 ms]
      [Free CSet: 0.3 ms]
   [Eden: 23552.0K(23552.0K)->0.0B(23552.0K) Survivors: 2048.0K->2048.0K Heap: 30736.3K(512.0M)->7060.5K(512.0M)]
 [Times: user=0.20 sys=0.00, real=0.03 secs] 
2023-06-18T12:13:57.469+0000: 417657.094: [GC pause (G1 Evacuation Pause) (young), 0.0232625 secs]
   [Parallel Time: 6.7 ms, GC Workers: 43]
      [GC Worker Start (ms): Min: 417657095.2, Avg: 417657097.2, Max: 417657099.1, Diff: 4.0]
      [Ext Root Scanning (ms): Min: 0.0, Avg: 0.5, Max: 2.4, Diff: 2.4, Sum: 19.8]
      [Update RS (ms): Min: 0.0, Avg: 0.1, Max: 0.4, Diff: 0.4, Sum: 4.3]
         [Processed Buffers: Min: 0, Avg: 0.5, Max: 3, Diff: 3, Sum: 22]
      [Scan RS (ms): Min: 0.0, Avg: 0.0, Max: 0.0, Diff: 0.0, Sum: 0.3]
      [Code Root Scanning (ms): Min: 0.0, Avg: 0.1, Max: 2.7, Diff: 2.7, Sum: 2.7]
      [Object Copy (ms): Min: 0.0, Avg: 0.6, Max: 1.2, Diff: 1.2, Sum: 25.8]
      [Termination (ms): Min: 0.0, Avg: 1.7, Max: 2.0, Diff: 2.0, Sum: 74.4]
         [Termination Attempts: Min: 1, Avg: 1.0, Max: 1, Diff: 0, Sum: 43]
      [GC Worker Other (ms): Min: 0.0, Avg: 0.0, Max: 0.1, Diff: 0.0, Sum: 1.6]
      [GC Worker Total (ms): Min: 1.0, Avg: 3.0, Max: 5.1, Diff: 4.1, Sum: 128.9]
      [GC Worker End (ms): Min: 417657100.1, Avg: 417657100.2, Max: 417657100.3, Diff: 0.2]
   [Code Root Fixup: 0.0 ms]
   [Code Root Purge: 0.0 ms]
   [Clear CT: 5.9 ms]
   [Other: 10.6 ms]
      [Choose CSet: 0.0 ms]
      [Ref Proc: 3.2 ms]
      [Ref Enq: 0.0 ms]
      [Redirty Cards: 5.3 ms]
      [Humongous Register: 0.9 ms]
      [Humongous Reclaim: 0.0 ms]
      [Free CSet: 0.5 ms]
   [Eden: 23552.0K(23552.0K)->0.0B(24576.0K) Survivors: 2048.0K->1024.0K Heap: 30612.5K(512.0M)->7222.5K(512.0M)]
 [Times: user=0.20 sys=0.00, real=0.03 secs] 
2023-06-18T20:40:52.502+0000: 448072.127: [GC pause (G1 Evacuation Pause) (young), 0.0245642 secs]
   [Parallel Time: 5.1 ms, GC Workers: 43]
      [GC Worker Start (ms): Min: 448072128.5, Avg: 448072130.4, Max: 448072132.4, Diff: 3.9]
      [Ext Root Scanning (ms): Min: 0.0, Avg: 0.4, Max: 1.8, Diff: 1.8, Sum: 18.4]
      [Update RS (ms): Min: 0.0, Avg: 0.2, Max: 0.8, Diff: 0.8, Sum: 10.2]
         [Processed Buffers: Min: 0, Avg: 0.8, Max: 3, Diff: 3, Sum: 33]
      [Scan RS (ms): Min: 0.0, Avg: 0.0, Max: 0.0, Diff: 0.0, Sum: 0.3]
      [Code Root Scanning (ms): Min: 0.0, Avg: 0.0, Max: 1.7, Diff: 1.7, Sum: 1.7]
      [Object Copy (ms): Min: 0.0, Avg: 0.3, Max: 0.6, Diff: 0.6, Sum: 12.4]
      [Termination (ms): Min: 0.0, Avg: 1.1, Max: 1.5, Diff: 1.5, Sum: 45.9]
         [Termination Attempts: Min: 1, Avg: 1.2, Max: 3, Diff: 2, Sum: 51]
      [GC Worker Other (ms): Min: 0.0, Avg: 0.0, Max: 0.1, Diff: 0.0, Sum: 1.6]
      [GC Worker Total (ms): Min: 0.1, Avg: 2.1, Max: 3.9, Diff: 3.9, Sum: 90.7]
      [GC Worker End (ms): Min: 448072132.5, Avg: 448072132.5, Max: 448072132.7, Diff: 0.2]
   [Code Root Fixup: 0.0 ms]
   [Code Root Purge: 0.0 ms]
   [Clear CT: 5.7 ms]
   [Other: 13.8 ms]
      [Choose CSet: 0.0 ms]
      [Ref Proc: 6.6 ms]
      [Ref Enq: 0.0 ms]
      [Redirty Cards: 5.5 ms]
      [Humongous Register: 0.9 ms]
      [Humongous Reclaim: 0.0 ms]
      [Free CSet: 0.2 ms]
   [Eden: 24576.0K(24576.0K)->0.0B(24576.0K) Survivors: 1024.0K->1024.0K Heap: 31798.5K(512.0M)->7053.6K(512.0M)]
 [Times: user=0.13 sys=0.02, real=0.02 secs] 
2023-06-19T05:06:17.474+0000: 478397.099: [GC pause (G1 Evacuation Pause) (young), 0.0237008 secs]
   [Parallel Time: 6.6 ms, GC Workers: 43]
      [GC Worker Start (ms): Min: 478397100.7, Avg: 478397102.7, Max: 478397105.1, Diff: 4.4]
      [Ext Root Scanning (ms): Min: 0.0, Avg: 0.5, Max: 2.0, Diff: 2.0, Sum: 22.2]
      [Update RS (ms): Min: 0.0, Avg: 0.3, Max: 0.7, Diff: 0.7, Sum: 10.9]
         [Processed Buffers: Min: 0, Avg: 3.2, Max: 15, Diff: 15, Sum: 138]
      [Scan RS (ms): Min: 0.0, Avg: 0.0, Max: 0.0, Diff: 0.0, Sum: 0.3]
      [Code Root Scanning (ms): Min: 0.0, Avg: 0.0, Max: 0.3, Diff: 0.3, Sum: 0.3]
      [Object Copy (ms): Min: 0.0, Avg: 0.1, Max: 0.3, Diff: 0.3, Sum: 4.2]
      [Termination (ms): Min: 0.0, Avg: 1.6, Max: 2.0, Diff: 2.0, Sum: 70.8]
         [Termination Attempts: Min: 1, Avg: 1.0, Max: 1, Diff: 0, Sum: 43]
      [GC Worker Other (ms): Min: 0.0, Avg: 0.0, Max: 0.1, Diff: 0.1, Sum: 1.4]
      [GC Worker Total (ms): Min: 0.0, Avg: 2.6, Max: 4.7, Diff: 4.6, Sum: 110.2]
      [GC Worker End (ms): Min: 478397105.2, Avg: 478397105.3, Max: 478397105.4, Diff: 0.2]
   [Code Root Fixup: 0.0 ms]
   [Code Root Purge: 0.0 ms]
   [Clear CT: 5.1 ms]
   [Other: 12.1 ms]
      [Choose CSet: 0.0 ms]
      [Ref Proc: 4.6 ms]
      [Ref Enq: 0.0 ms]
      [Redirty Cards: 5.1 ms]
      [Humongous Register: 0.9 ms]
      [Humongous Reclaim: 0.0 ms]
      [Free CSet: 0.2 ms]
   [Eden: 24576.0K(24576.0K)->0.0B(24576.0K) Survivors: 1024.0K->1024.0K Heap: 31629.6K(512.0M)->7014.9K(512.0M)]
 [Times: user=0.13 sys=0.06, real=0.02 secs] 
2023-06-19T13:32:00.499+0000: 508740.124: [GC pause (G1 Evacuation Pause) (young), 0.0268099 secs]
   [Parallel Time: 7.2 ms, GC Workers: 43]
      [GC Worker Start (ms): Min: 508740125.4, Avg: 508740127.4, Max: 508740129.7, Diff: 4.3]
      [Ext Root Scanning (ms): Min: 0.0, Avg: 0.5, Max: 2.0, Diff: 2.0, Sum: 21.5]
      [Update RS (ms): Min: 0.0, Avg: 0.2, Max: 0.5, Diff: 0.5, Sum: 7.9]
         [Processed Buffers: Min: 0, Avg: 2.9, Max: 16, Diff: 16, Sum: 125]
      [Scan RS (ms): Min: 0.0, Avg: 0.0, Max: 0.0, Diff: 0.0, Sum: 0.3]
      [Code Root Scanning (ms): Min: 0.0, Avg: 0.0, Max: 0.1, Diff: 0.1, Sum: 0.1]
      [Object Copy (ms): Min: 0.0, Avg: 0.1, Max: 0.2, Diff: 0.2, Sum: 3.0]
      [Termination (ms): Min: 0.0, Avg: 1.7, Max: 2.1, Diff: 2.1, Sum: 71.1]
         [Termination Attempts: Min: 1, Avg: 1.0, Max: 1, Diff: 0, Sum: 43]
      [GC Worker Other (ms): Min: 0.0, Avg: 0.0, Max: 0.1, Diff: 0.0, Sum: 1.4]
      [GC Worker Total (ms): Min: 0.1, Avg: 2.5, Max: 4.4, Diff: 4.4, Sum: 105.4]
      [GC Worker End (ms): Min: 508740129.8, Avg: 508740129.9, Max: 508740130.0, Diff: 0.2]
   [Code Root Fixup: 0.0 ms]
   [Code Root Purge: 0.0 ms]
   [Clear CT: 6.9 ms]
   [Other: 12.8 ms]
      [Choose CSet: 0.0 ms]
      [Ref Proc: 4.8 ms]
      [Ref Enq: 0.0 ms]
      [Redirty Cards: 5.2 ms]
      [Humongous Register: 0.9 ms]
      [Humongous Reclaim: 0.0 ms]
      [Free CSet: 0.6 ms]
   [Eden: 24576.0K(24576.0K)->0.0B(24576.0K) Survivors: 1024.0K->1024.0K Heap: 31590.9K(512.0M)->7019.9K(512.0M)]
 [Times: user=0.19 sys=0.00, real=0.03 secs] 
2023-06-19T21:58:01.551+0000: 539101.176: [GC pause (G1 Evacuation Pause) (young), 0.0227763 secs]
   [Parallel Time: 5.9 ms, GC Workers: 43]
      [GC Worker Start (ms): Min: 539101178.0, Avg: 539101179.9, Max: 539101181.6, Diff: 3.6]
      [Ext Root Scanning (ms): Min: 0.0, Avg: 0.5, Max: 1.9, Diff: 1.9, Sum: 20.1]
      [Update RS (ms): Min: 0.0, Avg: 0.1, Max: 0.5, Diff: 0.5, Sum: 6.2]
         [Processed Buffers: Min: 0, Avg: 2.8, Max: 17, Diff: 17, Sum: 121]
      [Scan RS (ms): Min: 0.0, Avg: 0.0, Max: 0.0, Diff: 0.0, Sum: 0.3]
      [Code Root Scanning (ms): Min: 0.0, Avg: 0.0, Max: 0.1, Diff: 0.1, Sum: 0.1]
      [Object Copy (ms): Min: 0.0, Avg: 0.1, Max: 0.2, Diff: 0.2, Sum: 3.1]
      [Termination (ms): Min: 0.0, Avg: 1.1, Max: 1.5, Diff: 1.5, Sum: 46.9]
         [Termination Attempts: Min: 1, Avg: 1.1, Max: 2, Diff: 1, Sum: 46]
      [GC Worker Other (ms): Min: 0.0, Avg: 0.0, Max: 0.1, Diff: 0.1, Sum: 1.5]
      [GC Worker Total (ms): Min: 0.0, Avg: 1.8, Max: 3.7, Diff: 3.6, Sum: 78.2]
      [GC Worker End (ms): Min: 539101181.7, Avg: 539101181.8, Max: 539101181.9, Diff: 0.2]
   [Code Root Fixup: 0.0 ms]
   [Code Root Purge: 0.0 ms]
   [Clear CT: 5.3 ms]
   [Other: 11.5 ms]
      [Choose CSet: 0.0 ms]
      [Ref Proc: 4.4 ms]
      [Ref Enq: 0.0 ms]
      [Redirty Cards: 5.1 ms]
      [Humongous Register: 0.9 ms]
      [Humongous Reclaim: 0.0 ms]
      [Free CSet: 0.2 ms]
   [Eden: 24576.0K(24576.0K)->0.0B(24576.0K) Survivors: 1024.0K->1024.0K Heap: 31595.9K(512.0M)->7032.2K(512.0M)]
 [Times: user=0.16 sys=0.00, real=0.02 secs] 
2023-06-20T06:26:14.724+0000: 569594.349: [GC pause (G1 Evacuation Pause) (young), 0.0245252 secs]
   [Parallel Time: 6.0 ms, GC Workers: 43]
      [GC Worker Start (ms): Min: 569594350.5, Avg: 569594352.3, Max: 569594354.4, Diff: 3.9]
      [Ext Root Scanning (ms): Min: 0.0, Avg: 0.5, Max: 2.1, Diff: 2.1, Sum: 23.6]
      [Update RS (ms): Min: 0.0, Avg: 0.1, Max: 0.4, Diff: 0.4, Sum: 6.1]
         [Processed Buffers: Min: 0, Avg: 2.8, Max: 15, Diff: 15, Sum: 122]
      [Scan RS (ms): Min: 0.0, Avg: 0.0, Max: 0.0, Diff: 0.0, Sum: 0.3]
      [Code Root Scanning (ms): Min: 0.0, Avg: 0.0, Max: 0.1, Diff: 0.1, Sum: 0.1]
      [Object Copy (ms): Min: 0.0, Avg: 0.1, Max: 0.1, Diff: 0.1, Sum: 2.4]
      [Termination (ms): Min: 0.0, Avg: 1.4, Max: 1.8, Diff: 1.8, Sum: 59.5]
         [Termination Attempts: Min: 1, Avg: 1.1, Max: 2, Diff: 1, Sum: 46]
      [GC Worker Other (ms): Min: 0.0, Avg: 0.0, Max: 0.1, Diff: 0.1, Sum: 1.5]
      [GC Worker Total (ms): Min: 0.0, Avg: 2.2, Max: 4.0, Diff: 4.0, Sum: 93.4]
      [GC Worker End (ms): Min: 569594354.4, Avg: 569594354.5, Max: 569594354.6, Diff: 0.2]
   [Code Root Fixup: 0.0 ms]
   [Code Root Purge: 0.0 ms]
   [Clear CT: 7.1 ms]
   [Other: 11.4 ms]
      [Choose CSet: 0.0 ms]
      [Ref Proc: 3.9 ms]
      [Ref Enq: 0.0 ms]
      [Redirty Cards: 5.4 ms]
      [Humongous Register: 0.9 ms]
      [Humongous Reclaim: 0.0 ms]
      [Free CSet: 0.2 ms]
   [Eden: 24576.0K(24576.0K)->0.0B(24576.0K) Survivors: 1024.0K->1024.0K Heap: 31608.2K(512.0M)->7044.8K(512.0M)]
 [Times: user=0.15 sys=0.00, real=0.02 secs] 
2023-06-20T14:56:09.646+0000: 600189.271: [GC pause (G1 Evacuation Pause) (young), 0.0256088 secs]
   [Parallel Time: 7.0 ms, GC Workers: 43]
      [GC Worker Start (ms): Min: 600189273.2, Avg: 600189275.4, Max: 600189278.0, Diff: 4.9]
      [Ext Root Scanning (ms): Min: 0.0, Avg: 0.6, Max: 2.3, Diff: 2.3, Sum: 24.0]
      [Update RS (ms): Min: 0.0, Avg: 0.2, Max: 0.6, Diff: 0.6, Sum: 9.5]
         [Processed Buffers: Min: 0, Avg: 2.8, Max: 17, Diff: 17, Sum: 120]
      [Scan RS (ms): Min: 0.0, Avg: 0.0, Max: 0.0, Diff: 0.0, Sum: 0.2]
      [Code Root Scanning (ms): Min: 0.0, Avg: 0.0, Max: 0.1, Diff: 0.1, Sum: 0.1]
      [Object Copy (ms): Min: 0.0, Avg: 0.1, Max: 0.1, Diff: 0.1, Sum: 2.2]
      [Termination (ms): Min: 0.0, Avg: 1.9, Max: 2.4, Diff: 2.4, Sum: 81.4]
         [Termination Attempts: Min: 1, Avg: 1.0, Max: 1, Diff: 0, Sum: 43]
      [GC Worker Other (ms): Min: 0.0, Avg: 0.0, Max: 0.1, Diff: 0.1, Sum: 1.5]
      [GC Worker Total (ms): Min: 0.0, Avg: 2.8, Max: 4.9, Diff: 4.9, Sum: 119.0]
      [GC Worker End (ms): Min: 600189278.1, Avg: 600189278.1, Max: 600189278.3, Diff: 0.2]
   [Code Root Fixup: 0.0 ms]
   [Code Root Purge: 0.0 ms]
   [Clear CT: 6.8 ms]
   [Other: 11.9 ms]
      [Choose CSet: 0.0 ms]
      [Ref Proc: 4.4 ms]
      [Ref Enq: 0.0 ms]
      [Redirty Cards: 5.3 ms]
      [Humongous Register: 0.9 ms]
      [Humongous Reclaim: 0.0 ms]
      [Free CSet: 0.2 ms]
   [Eden: 24576.0K(24576.0K)->0.0B(24576.0K) Survivors: 1024.0K->1024.0K Heap: 31620.8K(512.0M)->7043.2K(512.0M)]
 [Times: user=0.18 sys=0.00, real=0.03 secs] 
2023-06-20T23:26:51.551+0000: 630831.177: [GC pause (G1 Evacuation Pause) (young), 0.0256784 secs]
   [Parallel Time: 6.2 ms, GC Workers: 43]
      [GC Worker Start (ms): Min: 630831178.4, Avg: 630831180.5, Max: 630831182.5, Diff: 4.1]
      [Ext Root Scanning (ms): Min: 0.0, Avg: 0.5, Max: 2.1, Diff: 2.0, Sum: 20.5]
      [Update RS (ms): Min: 0.0, Avg: 0.2, Max: 0.5, Diff: 0.5, Sum: 7.7]
         [Processed Buffers: Min: 0, Avg: 2.7, Max: 15, Diff: 15, Sum: 117]
      [Scan RS (ms): Min: 0.0, Avg: 0.0, Max: 0.0, Diff: 0.0, Sum: 0.2]
      [Code Root Scanning (ms): Min: 0.0, Avg: 0.0, Max: 0.1, Diff: 0.1, Sum: 0.1]
      [Object Copy (ms): Min: 0.0, Avg: 0.1, Max: 0.8, Diff: 0.8, Sum: 3.3]
      [Termination (ms): Min: 0.0, Avg: 1.4, Max: 1.8, Diff: 1.8, Sum: 59.6]
         [Termination Attempts: Min: 1, Avg: 1.0, Max: 1, Diff: 0, Sum: 43]
      [GC Worker Other (ms): Min: 0.0, Avg: 0.0, Max: 0.1, Diff: 0.1, Sum: 1.4]
      [GC Worker Total (ms): Min: 0.1, Avg: 2.2, Max: 4.3, Diff: 4.2, Sum: 92.8]
      [GC Worker End (ms): Min: 630831182.6, Avg: 630831182.6, Max: 630831182.8, Diff: 0.2]
   [Code Root Fixup: 0.0 ms]
   [Code Root Purge: 0.0 ms]
   [Clear CT: 6.8 ms]
   [Other: 12.7 ms]
      [Choose CSet: 0.0 ms]
      [Ref Proc: 4.9 ms]
      [Ref Enq: 0.0 ms]
      [Redirty Cards: 5.6 ms]
      [Humongous Register: 0.9 ms]
      [Humongous Reclaim: 0.0 ms]
      [Free CSet: 0.2 ms]
   [Eden: 24576.0K(24576.0K)->0.0B(24576.0K) Survivors: 1024.0K->1024.0K Heap: 31619.2K(512.0M)->7045.2K(512.0M)]
 [Times: user=0.18 sys=0.00, real=0.02 secs] 
2023-06-21T07:56:21.646+0000: 661401.271: [GC pause (G1 Evacuation Pause) (young), 0.0240984 secs]
   [Parallel Time: 5.3 ms, GC Workers: 43]
      [GC Worker Start (ms): Min: 661401272.6, Avg: 661401274.7, Max: 661401277.0, Diff: 4.4]
      [Ext Root Scanning (ms): Min: 0.0, Avg: 0.5, Max: 2.0, Diff: 2.0, Sum: 21.7]
      [Update RS (ms): Min: 0.0, Avg: 0.2, Max: 0.6, Diff: 0.6, Sum: 8.5]
         [Processed Buffers: Min: 0, Avg: 2.7, Max: 18, Diff: 18, Sum: 117]
      [Scan RS (ms): Min: 0.0, Avg: 0.0, Max: 0.0, Diff: 0.0, Sum: 0.2]
      [Code Root Scanning (ms): Min: 0.0, Avg: 0.0, Max: 0.1, Diff: 0.1, Sum: 0.1]
      [Object Copy (ms): Min: 0.0, Avg: 0.0, Max: 0.1, Diff: 0.1, Sum: 2.0]
      [Termination (ms): Min: 0.0, Avg: 1.6, Max: 2.1, Diff: 2.1, Sum: 69.4]
         [Termination Attempts: Min: 1, Avg: 1.0, Max: 1, Diff: 0, Sum: 43]
      [GC Worker Other (ms): Min: 0.0, Avg: 0.0, Max: 0.1, Diff: 0.1, Sum: 1.6]
      [GC Worker Total (ms): Min: 0.1, Avg: 2.4, Max: 4.6, Diff: 4.6, Sum: 103.5]
      [GC Worker End (ms): Min: 661401277.0, Avg: 661401277.1, Max: 661401277.2, Diff: 0.2]
   [Code Root Fixup: 0.0 ms]
   [Code Root Purge: 0.0 ms]
   [Clear CT: 5.3 ms]
   [Other: 13.5 ms]
      [Choose CSet: 0.0 ms]
      [Ref Proc: 5.2 ms]
      [Ref Enq: 0.0 ms]
      [Redirty Cards: 5.6 ms]
      [Humongous Register: 0.9 ms]
      [Humongous Reclaim: 0.0 ms]
      [Free CSet: 0.6 ms]
   [Eden: 24576.0K(24576.0K)->0.0B(24576.0K) Survivors: 1024.0K->1024.0K Heap: 31621.2K(512.0M)->7039.2K(512.0M)]
 [Times: user=0.10 sys=0.11, real=0.03 secs] 
2023-06-21T16:26:04.585+0000: 691984.210: [GC pause (G1 Evacuation Pause) (young), 0.0236128 secs]
   [Parallel Time: 5.9 ms, GC Workers: 43]
      [GC Worker Start (ms): Min: 691984211.5, Avg: 691984213.5, Max: 691984215.6, Diff: 4.2]
      [Ext Root Scanning (ms): Min: 0.0, Avg: 0.5, Max: 1.9, Diff: 1.9, Sum: 19.4]
      [Update RS (ms): Min: 0.0, Avg: 0.1, Max: 0.4, Diff: 0.4, Sum: 5.5]
         [Processed Buffers: Min: 0, Avg: 2.7, Max: 14, Diff: 14, Sum: 118]
      [Scan RS (ms): Min: 0.0, Avg: 0.0, Max: 0.0, Diff: 0.0, Sum: 0.3]
      [Code Root Scanning (ms): Min: 0.0, Avg: 0.0, Max: 0.1, Diff: 0.1, Sum: 0.1]
      [Object Copy (ms): Min: 0.0, Avg: 0.1, Max: 0.2, Diff: 0.2, Sum: 2.3]
      [Termination (ms): Min: 0.0, Avg: 1.7, Max: 2.2, Diff: 2.2, Sum: 72.4]
         [Termination Attempts: Min: 1, Avg: 1.0, Max: 1, Diff: 0, Sum: 43]
      [GC Worker Other (ms): Min: 0.0, Avg: 0.0, Max: 0.1, Diff: 0.1, Sum: 1.4]
      [GC Worker Total (ms): Min: 0.1, Avg: 2.4, Max: 4.4, Diff: 4.4, Sum: 101.4]
      [GC Worker End (ms): Min: 691984215.7, Avg: 691984215.8, Max: 691984215.9, Diff: 0.2]
   [Code Root Fixup: 0.0 ms]
   [Code Root Purge: 0.0 ms]
   [Clear CT: 5.4 ms]
   [Other: 12.3 ms]
      [Choose CSet: 0.0 ms]
      [Ref Proc: 4.7 ms]
      [Ref Enq: 0.0 ms]
      [Redirty Cards: 5.4 ms]
      [Humongous Register: 0.9 ms]
      [Humongous Reclaim: 0.0 ms]
      [Free CSet: 0.2 ms]
   [Eden: 24576.0K(24576.0K)->0.0B(24576.0K) Survivors: 1024.0K->1024.0K Heap: 31615.2K(512.0M)->7041.2K(512.0M)]
 [Times: user=0.16 sys=0.00, real=0.02 secs] 
2023-06-22T00:54:51.646+0000: 722511.271: [GC pause (G1 Evacuation Pause) (young), 0.0286170 secs]
   [Parallel Time: 8.1 ms, GC Workers: 43]
      [GC Worker Start (ms): Min: 722511272.9, Avg: 722511274.9, Max: 722511277.2, Diff: 4.3]
      [Ext Root Scanning (ms): Min: 0.0, Avg: 0.5, Max: 2.0, Diff: 2.0, Sum: 22.2]
      [Update RS (ms): Min: 0.0, Avg: 0.2, Max: 0.6, Diff: 0.6, Sum: 8.2]
         [Processed Buffers: Min: 0, Avg: 2.8, Max: 16, Diff: 16, Sum: 120]
      [Scan RS (ms): Min: 0.0, Avg: 0.0, Max: 0.0, Diff: 0.0, Sum: 0.3]
      [Code Root Scanning (ms): Min: 0.0, Avg: 0.0, Max: 0.1, Diff: 0.1, Sum: 0.1]
      [Object Copy (ms): Min: 0.0, Avg: 0.1, Max: 0.2, Diff: 0.2, Sum: 2.5]
      [Termination (ms): Min: 0.0, Avg: 1.7, Max: 2.2, Diff: 2.2, Sum: 71.0]
         [Termination Attempts: Min: 1, Avg: 1.0, Max: 1, Diff: 0, Sum: 43]
      [GC Worker Other (ms): Min: 0.0, Avg: 0.0, Max: 0.1, Diff: 0.1, Sum: 1.5]
      [GC Worker Total (ms): Min: 0.1, Avg: 2.5, Max: 4.5, Diff: 4.4, Sum: 105.8]
      [GC Worker End (ms): Min: 722511277.3, Avg: 722511277.3, Max: 722511277.5, Diff: 0.2]
   [Code Root Fixup: 0.0 ms]
   [Code Root Purge: 0.0 ms]
   [Clear CT: 6.1 ms]
   [Other: 14.4 ms]
      [Choose CSet: 0.0 ms]
      [Ref Proc: 6.8 ms]
      [Ref Enq: 0.0 ms]
      [Redirty Cards: 5.5 ms]
      [Humongous Register: 0.9 ms]
      [Humongous Reclaim: 0.0 ms]
      [Free CSet: 0.2 ms]
   [Eden: 24576.0K(24576.0K)->0.0B(24576.0K) Survivors: 1024.0K->1024.0K Heap: 31617.2K(512.0M)->7045.2K(512.0M)]
 [Times: user=0.17 sys=0.02, real=0.03 secs] 
2023-06-22T09:24:59.532+0000: 753119.157: [GC pause (G1 Evacuation Pause) (young), 0.0224154 secs]
   [Parallel Time: 4.9 ms, GC Workers: 43]
      [GC Worker Start (ms): Min: 753119158.7, Avg: 753119160.9, Max: 753119163.1, Diff: 4.4]
      [Ext Root Scanning (ms): Min: 0.0, Avg: 0.5, Max: 2.1, Diff: 2.1, Sum: 21.4]
      [Update RS (ms): Min: 0.0, Avg: 0.2, Max: 0.5, Diff: 0.5, Sum: 7.9]
         [Processed Buffers: Min: 0, Avg: 2.8, Max: 16, Diff: 16, Sum: 121]
      [Scan RS (ms): Min: 0.0, Avg: 0.0, Max: 0.0, Diff: 0.0, Sum: 0.2]
      [Code Root Scanning (ms): Min: 0.0, Avg: 0.0, Max: 0.1, Diff: 0.1, Sum: 0.1]
      [Object Copy (ms): Min: 0.0, Avg: 0.1, Max: 0.2, Diff: 0.2, Sum: 2.7]
      [Termination (ms): Min: 0.0, Avg: 1.6, Max: 2.1, Diff: 2.1, Sum: 69.9]
         [Termination Attempts: Min: 1, Avg: 1.1, Max: 2, Diff: 1, Sum: 47]
      [GC Worker Other (ms): Min: 0.0, Avg: 0.0, Max: 0.1, Diff: 0.1, Sum: 1.5]
      [GC Worker Total (ms): Min: 0.0, Avg: 2.4, Max: 4.6, Diff: 4.6, Sum: 103.7]
      [GC Worker End (ms): Min: 753119163.2, Avg: 753119163.3, Max: 753119163.4, Diff: 0.2]
   [Code Root Fixup: 0.0 ms]
   [Code Root Purge: 0.0 ms]
   [Clear CT: 7.1 ms]
   [Other: 10.4 ms]
      [Choose CSet: 0.0 ms]
      [Ref Proc: 1.7 ms]
      [Ref Enq: 0.0 ms]
      [Redirty Cards: 6.0 ms]
      [Humongous Register: 0.9 ms]
      [Humongous Reclaim: 0.0 ms]
      [Free CSet: 0.5 ms]
   [Eden: 24576.0K(24576.0K)->0.0B(24576.0K) Survivors: 1024.0K->1024.0K Heap: 31621.2K(512.0M)->7047.7K(512.0M)]
 [Times: user=0.15 sys=0.00, real=0.02 secs] 
2023-06-22T17:55:36.959+0000: 783756.585: [GC pause (G1 Evacuation Pause) (young), 0.0257695 secs]
   [Parallel Time: 7.6 ms, GC Workers: 43]
      [GC Worker Start (ms): Min: 783756586.5, Avg: 783756588.4, Max: 783756590.1, Diff: 3.6]
      [Ext Root Scanning (ms): Min: 0.0, Avg: 0.4, Max: 1.8, Diff: 1.8, Sum: 17.2]
      [Update RS (ms): Min: 0.0, Avg: 0.2, Max: 0.5, Diff: 0.5, Sum: 7.1]
         [Processed Buffers: Min: 0, Avg: 2.7, Max: 20, Diff: 20, Sum: 118]
      [Scan RS (ms): Min: 0.0, Avg: 0.0, Max: 0.1, Diff: 0.1, Sum: 0.3]
      [Code Root Scanning (ms): Min: 0.0, Avg: 0.0, Max: 0.1, Diff: 0.1, Sum: 0.1]
      [Object Copy (ms): Min: 0.0, Avg: 0.1, Max: 0.2, Diff: 0.2, Sum: 2.5]
      [Termination (ms): Min: 0.0, Avg: 1.2, Max: 1.6, Diff: 1.6, Sum: 50.7]
         [Termination Attempts: Min: 1, Avg: 1.0, Max: 1, Diff: 0, Sum: 43]
      [GC Worker Other (ms): Min: 0.0, Avg: 0.0, Max: 0.1, Diff: 0.1, Sum: 1.9]
      [GC Worker Total (ms): Min: 0.1, Avg: 1.9, Max: 3.7, Diff: 3.6, Sum: 79.7]
      [GC Worker End (ms): Min: 783756590.2, Avg: 783756590.2, Max: 783756590.3, Diff: 0.2]
   [Code Root Fixup: 0.0 ms]
   [Code Root Purge: 0.0 ms]
   [Clear CT: 6.3 ms]
   [Other: 11.9 ms]
      [Choose CSet: 0.0 ms]
      [Ref Proc: 3.9 ms]
      [Ref Enq: 0.0 ms]
      [Redirty Cards: 5.8 ms]
      [Humongous Register: 0.9 ms]
      [Humongous Reclaim: 0.0 ms]
      [Free CSet: 0.2 ms]
   [Eden: 24576.0K(24576.0K)->0.0B(24576.0K) Survivors: 1024.0K->1024.0K Heap: 31623.7K(512.0M)->7045.7K(512.0M)]
 [Times: user=0.14 sys=0.00, real=0.03 secs] 
2023-06-23T02:25:33.646+0000: 814353.271: [GC pause (G1 Evacuation Pause) (young), 0.0237632 secs]
   [Parallel Time: 6.8 ms, GC Workers: 43]
      [GC Worker Start (ms): Min: 814353272.8, Avg: 814353274.9, Max: 814353277.3, Diff: 4.5]
      [Ext Root Scanning (ms): Min: 0.0, Avg: 0.4, Max: 1.9, Diff: 1.9, Sum: 17.7]
      [Update RS (ms): Min: 0.0, Avg: 0.2, Max: 0.5, Diff: 0.5, Sum: 7.3]
         [Processed Buffers: Min: 0, Avg: 2.7, Max: 25, Diff: 25, Sum: 118]
      [Scan RS (ms): Min: 0.0, Avg: 0.0, Max: 0.0, Diff: 0.0, Sum: 0.2]
      [Code Root Scanning (ms): Min: 0.0, Avg: 0.0, Max: 0.1, Diff: 0.1, Sum: 0.1]
      [Object Copy (ms): Min: 0.0, Avg: 0.1, Max: 0.2, Diff: 0.1, Sum: 2.5]
      [Termination (ms): Min: 0.0, Avg: 1.9, Max: 2.3, Diff: 2.3, Sum: 80.1]
         [Termination Attempts: Min: 1, Avg: 1.0, Max: 1, Diff: 0, Sum: 43]
      [GC Worker Other (ms): Min: 0.0, Avg: 0.0, Max: 0.0, Diff: 0.0, Sum: 1.3]
      [GC Worker Total (ms): Min: 0.0, Avg: 2.5, Max: 4.6, Diff: 4.5, Sum: 109.2]
      [GC Worker End (ms): Min: 814353277.3, Avg: 814353277.4, Max: 814353277.6, Diff: 0.2]
   [Code Root Fixup: 0.0 ms]
   [Code Root Purge: 0.0 ms]
   [Clear CT: 5.3 ms]
   [Other: 11.6 ms]
      [Choose CSet: 0.0 ms]
      [Ref Proc: 3.7 ms]
      [Ref Enq: 0.0 ms]
      [Redirty Cards: 5.3 ms]
      [Humongous Register: 0.9 ms]
      [Humongous Reclaim: 0.0 ms]
      [Free CSet: 0.6 ms]
   [Eden: 24576.0K(24576.0K)->0.0B(24576.0K) Survivors: 1024.0K->1024.0K Heap: 31621.7K(512.0M)->7051.8K(512.0M)]
 [Times: user=0.10 sys=0.07, real=0.03 secs] 
2023-06-23T10:56:15.920+0000: 844995.545: [GC pause (G1 Evacuation Pause) (young), 0.0262730 secs]
   [Parallel Time: 6.4 ms, GC Workers: 43]
      [GC Worker Start (ms): Min: 844995546.7, Avg: 844995549.0, Max: 844995551.4, Diff: 4.8]
      [Ext Root Scanning (ms): Min: 0.0, Avg: 0.5, Max: 2.3, Diff: 2.3, Sum: 21.9]
      [Update RS (ms): Min: 0.0, Avg: 0.2, Max: 0.6, Diff: 0.6, Sum: 8.9]
         [Processed Buffers: Min: 0, Avg: 2.8, Max: 20, Diff: 20, Sum: 121]
      [Scan RS (ms): Min: 0.0, Avg: 0.0, Max: 0.0, Diff: 0.0, Sum: 0.2]
      [Code Root Scanning (ms): Min: 0.0, Avg: 0.0, Max: 0.1, Diff: 0.1, Sum: 0.1]
      [Object Copy (ms): Min: 0.0, Avg: 0.1, Max: 0.2, Diff: 0.2, Sum: 2.2]
      [Termination (ms): Min: 0.0, Avg: 1.7, Max: 2.2, Diff: 2.2, Sum: 75.1]
         [Termination Attempts: Min: 1, Avg: 1.0, Max: 1, Diff: 0, Sum: 43]
      [GC Worker Other (ms): Min: 0.0, Avg: 0.0, Max: 0.1, Diff: 0.0, Sum: 1.4]
      [GC Worker Total (ms): Min: 0.0, Avg: 2.6, Max: 5.0, Diff: 4.9, Sum: 109.8]
      [GC Worker End (ms): Min: 844995551.5, Avg: 844995551.6, Max: 844995551.7, Diff: 0.2]
   [Code Root Fixup: 0.0 ms]
   [Code Root Purge: 0.0 ms]
   [Clear CT: 7.4 ms]
   [Other: 12.5 ms]
      [Choose CSet: 0.0 ms]
      [Ref Proc: 4.6 ms]
      [Ref Enq: 0.0 ms]
      [Redirty Cards: 5.8 ms]
      [Humongous Register: 0.9 ms]
      [Humongous Reclaim: 0.0 ms]
      [Free CSet: 0.2 ms]
   [Eden: 24576.0K(24576.0K)->0.0B(24576.0K) Survivors: 1024.0K->1024.0K Heap: 31627.8K(512.0M)->7054.2K(512.0M)]
 [Times: user=0.19 sys=0.00, real=0.03 secs] 
2023-06-23T19:26:00.646+0000: 875580.271: [GC pause (G1 Evacuation Pause) (young), 0.0218653 secs]
   [Parallel Time: 6.6 ms, GC Workers: 43]
      [GC Worker Start (ms): Min: 875580272.7, Avg: 875580274.8, Max: 875580277.8, Diff: 5.1]
      [Ext Root Scanning (ms): Min: 0.0, Avg: 0.5, Max: 2.1, Diff: 2.1, Sum: 22.5]
      [Update RS (ms): Min: 0.0, Avg: 0.2, Max: 0.6, Diff: 0.6, Sum: 9.0]
         [Processed Buffers: Min: 0, Avg: 2.8, Max: 20, Diff: 20, Sum: 122]
      [Scan RS (ms): Min: 0.0, Avg: 0.0, Max: 0.0, Diff: 0.0, Sum: 0.2]
      [Code Root Scanning (ms): Min: 0.0, Avg: 0.0, Max: 0.0, Diff: 0.0, Sum: 0.0]
      [Object Copy (ms): Min: 0.0, Avg: 0.1, Max: 0.2, Diff: 0.2, Sum: 3.7]
      [Termination (ms): Min: 0.0, Avg: 2.3, Max: 2.6, Diff: 2.6, Sum: 99.8]
         [Termination Attempts: Min: 1, Avg: 1.2, Max: 2, Diff: 1, Sum: 50]
      [GC Worker Other (ms): Min: 0.0, Avg: 0.0, Max: 0.1, Diff: 0.1, Sum: 1.4]
      [GC Worker Total (ms): Min: 0.0, Avg: 3.2, Max: 5.2, Diff: 5.2, Sum: 136.7]
      [GC Worker End (ms): Min: 875580277.8, Avg: 875580277.9, Max: 875580278.0, Diff: 0.2]
   [Code Root Fixup: 0.0 ms]
   [Code Root Purge: 0.0 ms]
   [Clear CT: 4.9 ms]
   [Other: 10.4 ms]
      [Choose CSet: 0.0 ms]
      [Ref Proc: 3.5 ms]
      [Ref Enq: 0.0 ms]
      [Redirty Cards: 4.9 ms]
      [Humongous Register: 0.9 ms]
      [Humongous Reclaim: 0.0 ms]
      [Free CSet: 0.2 ms]
   [Eden: 24576.0K(24576.0K)->0.0B(24576.0K) Survivors: 1024.0K->1024.0K Heap: 31630.2K(512.0M)->7062.3K(512.0M)]
 [Times: user=0.12 sys=0.07, real=0.02 secs] 
2023-06-24T03:56:30.903+0000: 906210.528: [GC pause (G1 Evacuation Pause) (young), 0.0231923 secs]
   [Parallel Time: 4.5 ms, GC Workers: 43]
      [GC Worker Start (ms): Min: 906210530.0, Avg: 906210531.9, Max: 906210533.6, Diff: 3.7]
      [Ext Root Scanning (ms): Min: 0.0, Avg: 0.5, Max: 2.1, Diff: 2.0, Sum: 23.2]
      [Update RS (ms): Min: 0.0, Avg: 0.2, Max: 0.5, Diff: 0.5, Sum: 7.3]
         [Processed Buffers: Min: 0, Avg: 2.8, Max: 13, Diff: 13, Sum: 119]
      [Scan RS (ms): Min: 0.0, Avg: 0.0, Max: 0.0, Diff: 0.0, Sum: 0.3]
      [Code Root Scanning (ms): Min: 0.0, Avg: 0.0, Max: 0.0, Diff: 0.0, Sum: 0.0]
      [Object Copy (ms): Min: 0.0, Avg: 0.1, Max: 0.2, Diff: 0.2, Sum: 2.7]
      [Termination (ms): Min: 0.0, Avg: 1.1, Max: 1.5, Diff: 1.5, Sum: 46.9]
         [Termination Attempts: Min: 1, Avg: 1.0, Max: 1, Diff: 0, Sum: 43]
      [GC Worker Other (ms): Min: 0.0, Avg: 0.0, Max: 0.1, Diff: 0.0, Sum: 1.5]
      [GC Worker Total (ms): Min: 0.1, Avg: 1.9, Max: 3.9, Diff: 3.8, Sum: 82.0]
      [GC Worker End (ms): Min: 906210533.7, Avg: 906210533.8, Max: 906210534.0, Diff: 0.3]
   [Code Root Fixup: 0.0 ms]
   [Code Root Purge: 0.0 ms]
   [Clear CT: 5.8 ms]
   [Other: 12.8 ms]
      [Choose CSet: 0.0 ms]
      [Ref Proc: 5.1 ms]
      [Ref Enq: 0.0 ms]
      [Redirty Cards: 5.7 ms]
      [Humongous Register: 0.9 ms]
      [Humongous Reclaim: 0.0 ms]
      [Free CSet: 0.2 ms]
   [Eden: 24576.0K(24576.0K)->0.0B(24576.0K) Survivors: 1024.0K->1024.0K Heap: 31638.3K(512.0M)->7052.2K(512.0M)]
 [Times: user=0.07 sys=0.11, real=0.02 secs] 
2023-06-24T12:26:02.314+0000: 936781.939: [GC pause (G1 Evacuation Pause) (young), 0.0299178 secs]
   [Parallel Time: 7.1 ms, GC Workers: 43]
      [GC Worker Start (ms): Min: 936781941.1, Avg: 936781943.3, Max: 936781945.9, Diff: 4.8]
      [Ext Root Scanning (ms): Min: 0.0, Avg: 0.5, Max: 2.2, Diff: 2.2, Sum: 22.8]
      [Update RS (ms): Min: 0.0, Avg: 0.2, Max: 0.5, Diff: 0.5, Sum: 6.9]
         [Processed Buffers: Min: 0, Avg: 2.8, Max: 15, Diff: 15, Sum: 120]
      [Scan RS (ms): Min: 0.0, Avg: 0.0, Max: 0.0, Diff: 0.0, Sum: 0.3]
      [Code Root Scanning (ms): Min: 0.0, Avg: 0.0, Max: 0.0, Diff: 0.0, Sum: 0.0]
      [Object Copy (ms): Min: 0.0, Avg: 0.1, Max: 0.2, Diff: 0.2, Sum: 3.0]
      [Termination (ms): Min: 0.0, Avg: 1.9, Max: 2.4, Diff: 2.4, Sum: 82.8]
         [Termination Attempts: Min: 1, Avg: 1.0, Max: 1, Diff: 0, Sum: 43]
      [GC Worker Other (ms): Min: 0.0, Avg: 0.0, Max: 0.1, Diff: 0.1, Sum: 1.8]
      [GC Worker Total (ms): Min: 0.0, Avg: 2.7, Max: 4.9, Diff: 4.8, Sum: 117.4]
      [GC Worker End (ms): Min: 936781946.0, Avg: 936781946.0, Max: 936781946.2, Diff: 0.2]
   [Code Root Fixup: 0.0 ms]
   [Code Root Purge: 0.0 ms]
   [Clear CT: 5.7 ms]
   [Other: 17.1 ms]
      [Choose CSet: 0.0 ms]
      [Ref Proc: 8.6 ms]
      [Ref Enq: 0.0 ms]
      [Redirty Cards: 5.8 ms]
      [Humongous Register: 0.9 ms]
      [Humongous Reclaim: 0.0 ms]
      [Free CSet: 0.5 ms]
   [Eden: 24576.0K(24576.0K)->0.0B(24576.0K) Survivors: 1024.0K->1024.0K Heap: 31628.2K(512.0M)->7055.3K(512.0M)]
 [Times: user=0.34 sys=0.00, real=0.03 secs] 
2023-06-24T20:56:39.837+0000: 967419.462: [GC pause (G1 Evacuation Pause) (young), 0.0248905 secs]
   [Parallel Time: 5.9 ms, GC Workers: 43]
      [GC Worker Start (ms): Min: 967419464.2, Avg: 967419466.3, Max: 967419468.0, Diff: 3.8]
      [Ext Root Scanning (ms): Min: 0.0, Avg: 0.5, Max: 2.1, Diff: 2.1, Sum: 21.7]
      [Update RS (ms): Min: 0.0, Avg: 0.2, Max: 0.6, Diff: 0.6, Sum: 9.4]
         [Processed Buffers: Min: 0, Avg: 2.7, Max: 16, Diff: 16, Sum: 118]
      [Scan RS (ms): Min: 0.0, Avg: 0.0, Max: 0.0, Diff: 0.0, Sum: 0.2]
      [Code Root Scanning (ms): Min: 0.0, Avg: 0.0, Max: 0.0, Diff: 0.0, Sum: 0.0]
      [Object Copy (ms): Min: 0.0, Avg: 0.0, Max: 0.1, Diff: 0.1, Sum: 1.7]
      [Termination (ms): Min: 0.0, Avg: 1.1, Max: 1.4, Diff: 1.4, Sum: 47.1]
         [Termination Attempts: Min: 1, Avg: 1.0, Max: 1, Diff: 0, Sum: 43]
      [GC Worker Other (ms): Min: 0.0, Avg: 0.0, Max: 0.1, Diff: 0.1, Sum: 1.5]
      [GC Worker Total (ms): Min: 0.1, Avg: 1.9, Max: 3.9, Diff: 3.8, Sum: 81.6]
      [GC Worker End (ms): Min: 967419468.1, Avg: 967419468.2, Max: 967419468.3, Diff: 0.2]
   [Code Root Fixup: 0.0 ms]
   [Code Root Purge: 0.0 ms]
   [Clear CT: 7.3 ms]
   [Other: 11.7 ms]
      [Choose CSet: 0.0 ms]
      [Ref Proc: 4.0 ms]
      [Ref Enq: 0.0 ms]
      [Redirty Cards: 5.6 ms]
      [Humongous Register: 0.9 ms]
      [Humongous Reclaim: 0.0 ms]
      [Free CSet: 0.2 ms]
   [Eden: 24576.0K(24576.0K)->0.0B(24576.0K) Survivors: 1024.0K->1024.0K Heap: 31631.3K(512.0M)->7052.2K(512.0M)]
 [Times: user=0.03 sys=0.11, real=0.03 secs] 
2023-06-25T05:26:59.321+0000: 998038.946: [GC pause (G1 Evacuation Pause) (young), 0.0177942 secs]
   [Parallel Time: 3.9 ms, GC Workers: 43]
      [GC Worker Start (ms): Min: 998038946.5, Avg: 998038947.8, Max: 998038949.0, Diff: 2.4]
      [Ext Root Scanning (ms): Min: 0.0, Avg: 0.4, Max: 1.5, Diff: 1.5, Sum: 17.6]
      [Update RS (ms): Min: 0.0, Avg: 0.2, Max: 0.4, Diff: 0.4, Sum: 6.7]
         [Processed Buffers: Min: 0, Avg: 2.8, Max: 16, Diff: 16, Sum: 119]
      [Scan RS (ms): Min: 0.0, Avg: 0.0, Max: 0.0, Diff: 0.0, Sum: 0.3]
      [Code Root Scanning (ms): Min: 0.0, Avg: 0.0, Max: 0.0, Diff: 0.0, Sum: 0.0]
      [Object Copy (ms): Min: 0.0, Avg: 0.1, Max: 0.2, Diff: 0.2, Sum: 4.1]
      [Termination (ms): Min: 0.0, Avg: 0.6, Max: 0.8, Diff: 0.8, Sum: 25.8]
         [Termination Attempts: Min: 1, Avg: 1.0, Max: 1, Diff: 0, Sum: 43]
      [GC Worker Other (ms): Min: 0.0, Avg: 0.0, Max: 0.0, Diff: 0.0, Sum: 0.7]
      [GC Worker Total (ms): Min: 0.0, Avg: 1.3, Max: 2.6, Diff: 2.6, Sum: 55.1]
      [GC Worker End (ms): Min: 998038949.0, Avg: 998038949.1, Max: 998038949.2, Diff: 0.2]
   [Code Root Fixup: 0.0 ms]
   [Code Root Purge: 0.0 ms]
   [Clear CT: 5.5 ms]
   [Other: 8.3 ms]
      [Choose CSet: 0.0 ms]
      [Ref Proc: 2.5 ms]
      [Ref Enq: 0.0 ms]
      [Redirty Cards: 5.1 ms]
      [Humongous Register: 0.0 ms]
      [Humongous Reclaim: 0.0 ms]
      [Free CSet: 0.1 ms]
   [Eden: 24576.0K(24576.0K)->0.0B(24576.0K) Survivors: 1024.0K->1024.0K Heap: 31628.2K(512.0M)->7064.3K(512.0M)]
 [Times: user=0.05 sys=0.06, real=0.02 secs] 
2023-06-25T13:56:57.648+0000: 1028637.273: [GC pause (G1 Evacuation Pause) (young), 0.0260662 secs]
   [Parallel Time: 5.4 ms, GC Workers: 43]
      [GC Worker Start (ms): Min: 1028637274.6, Avg: 1028637276.6, Max: 1028637278.3, Diff: 3.7]
      [Ext Root Scanning (ms): Min: 0.0, Avg: 0.4, Max: 1.8, Diff: 1.8, Sum: 18.4]
      [Update RS (ms): Min: 0.0, Avg: 0.1, Max: 0.3, Diff: 0.3, Sum: 4.9]
         [Processed Buffers: Min: 0, Avg: 2.8, Max: 16, Diff: 16, Sum: 120]
      [Scan RS (ms): Min: 0.0, Avg: 0.0, Max: 0.0, Diff: 0.0, Sum: 0.2]
      [Code Root Scanning (ms): Min: 0.0, Avg: 0.0, Max: 0.0, Diff: 0.0, Sum: 0.0]
      [Object Copy (ms): Min: 0.0, Avg: 0.1, Max: 0.1, Diff: 0.1, Sum: 2.3]
      [Termination (ms): Min: 0.0, Avg: 1.2, Max: 1.8, Diff: 1.8, Sum: 52.6]
         [Termination Attempts: Min: 1, Avg: 1.0, Max: 1, Diff: 0, Sum: 43]
      [GC Worker Other (ms): Min: 0.0, Avg: 0.0, Max: 0.1, Diff: 0.0, Sum: 1.4]
      [GC Worker Total (ms): Min: 0.1, Avg: 1.9, Max: 3.9, Diff: 3.8, Sum: 79.9]
      [GC Worker End (ms): Min: 1028637278.4, Avg: 1028637278.4, Max: 1028637278.6, Diff: 0.2]
   [Code Root Fixup: 0.0 ms]
   [Code Root Purge: 0.0 ms]
   [Clear CT: 7.8 ms]
   [Other: 12.9 ms]
      [Choose CSet: 0.0 ms]
      [Ref Proc: 4.4 ms]
      [Ref Enq: 0.0 ms]
      [Redirty Cards: 5.9 ms]
      [Humongous Register: 0.9 ms]
      [Humongous Reclaim: 0.0 ms]
      [Free CSet: 0.6 ms]
   [Eden: 24576.0K(24576.0K)->0.0B(24576.0K) Survivors: 1024.0K->1024.0K Heap: 31640.3K(512.0M)->7054.2K(512.0M)]
 [Times: user=0.14 sys=0.00, real=0.03 secs] 
2023-06-25T22:26:26.001+0000: 1059205.626: [GC pause (G1 Evacuation Pause) (young), 0.0248130 secs]
   [Parallel Time: 7.7 ms, GC Workers: 43]
      [GC Worker Start (ms): Min: 1059205628.1, Avg: 1059205630.2, Max: 1059205632.6, Diff: 4.5]
      [Ext Root Scanning (ms): Min: 0.0, Avg: 0.5, Max: 2.2, Diff: 2.2, Sum: 22.1]
      [Update RS (ms): Min: 0.0, Avg: 0.2, Max: 0.6, Diff: 0.6, Sum: 8.8]
         [Processed Buffers: Min: 0, Avg: 2.8, Max: 15, Diff: 15, Sum: 120]
      [Scan RS (ms): Min: 0.0, Avg: 0.0, Max: 0.0, Diff: 0.0, Sum: 0.2]
      [Code Root Scanning (ms): Min: 0.0, Avg: 0.0, Max: 0.0, Diff: 0.0, Sum: 0.0]
      [Object Copy (ms): Min: 0.0, Avg: 0.1, Max: 0.2, Diff: 0.2, Sum: 3.2]
      [Termination (ms): Min: 0.0, Avg: 1.7, Max: 2.1, Diff: 2.1, Sum: 73.8]
         [Termination Attempts: Min: 1, Avg: 1.0, Max: 1, Diff: 0, Sum: 43]
      [GC Worker Other (ms): Min: 0.0, Avg: 0.0, Max: 0.1, Diff: 0.0, Sum: 1.4]
      [GC Worker Total (ms): Min: 0.0, Avg: 2.5, Max: 4.7, Diff: 4.6, Sum: 109.6]
      [GC Worker End (ms): Min: 1059205632.7, Avg: 1059205632.8, Max: 1059205632.9, Diff: 0.2]
   [Code Root Fixup: 0.0 ms]
   [Code Root Purge: 0.0 ms]
   [Clear CT: 5.0 ms]
   [Other: 12.1 ms]
      [Choose CSet: 0.0 ms]
      [Ref Proc: 4.7 ms]
      [Ref Enq: 0.0 ms]
      [Redirty Cards: 5.3 ms]
      [Humongous Register: 0.9 ms]
      [Humongous Reclaim: 0.0 ms]
      [Free CSet: 0.2 ms]
   [Eden: 24576.0K(24576.0K)->0.0B(24576.0K) Survivors: 1024.0K->1024.0K Heap: 31630.2K(512.0M)->7050.2K(512.0M)]
 [Times: user=0.19 sys=0.00, real=0.02 secs] 
2023-06-26T06:57:15.647+0000: 1089855.272: [GC pause (G1 Evacuation Pause) (young), 0.0224905 secs]
   [Parallel Time: 4.8 ms, GC Workers: 43]
      [GC Worker Start (ms): Min: 1089855273.6, Avg: 1089855275.6, Max: 1089855277.3, Diff: 3.7]
      [Ext Root Scanning (ms): Min: 0.0, Avg: 0.5, Max: 2.0, Diff: 2.0, Sum: 19.7]
      [Update RS (ms): Min: 0.0, Avg: 0.2, Max: 0.5, Diff: 0.5, Sum: 7.4]
         [Processed Buffers: Min: 0, Avg: 2.8, Max: 17, Diff: 17, Sum: 120]
      [Scan RS (ms): Min: 0.0, Avg: 0.0, Max: 0.0, Diff: 0.0, Sum: 0.2]
      [Code Root Scanning (ms): Min: 0.0, Avg: 0.0, Max: 0.0, Diff: 0.0, Sum: 0.0]
      [Object Copy (ms): Min: 0.0, Avg: 0.1, Max: 0.2, Diff: 0.2, Sum: 3.1]
      [Termination (ms): Min: 0.0, Avg: 1.1, Max: 1.5, Diff: 1.5, Sum: 47.5]
         [Termination Attempts: Min: 1, Avg: 1.0, Max: 1, Diff: 0, Sum: 43]
      [GC Worker Other (ms): Min: 0.0, Avg: 0.0, Max: 0.0, Diff: 0.0, Sum: 1.3]
      [GC Worker Total (ms): Min: 0.1, Avg: 1.8, Max: 3.9, Diff: 3.8, Sum: 79.3]
      [GC Worker End (ms): Min: 1089855277.4, Avg: 1089855277.5, Max: 1089855277.6, Diff: 0.2]
   [Code Root Fixup: 0.0 ms]
   [Code Root Purge: 0.0 ms]
   [Clear CT: 6.1 ms]
   [Other: 11.6 ms]
      [Choose CSet: 0.0 ms]
      [Ref Proc: 4.1 ms]
      [Ref Enq: 0.0 ms]
      [Redirty Cards: 5.4 ms]
      [Humongous Register: 0.9 ms]
      [Humongous Reclaim: 0.0 ms]
      [Free CSet: 0.2 ms]
   [Eden: 24576.0K(24576.0K)->0.0B(24576.0K) Survivors: 1024.0K->1024.0K Heap: 31626.2K(512.0M)->7060.8K(512.0M)]
 [Times: user=0.06 sys=0.07, real=0.03 secs] 
2023-06-26T15:27:34.714+0000: 1120474.339: [GC pause (G1 Evacuation Pause) (young), 0.0241371 secs]
   [Parallel Time: 6.8 ms, GC Workers: 43]
      [GC Worker Start (ms): Min: 1120474341.2, Avg: 1120474343.2, Max: 1120474344.9, Diff: 3.7]
      [Ext Root Scanning (ms): Min: 0.0, Avg: 0.5, Max: 2.0, Diff: 2.0, Sum: 21.2]
      [Update RS (ms): Min: 0.0, Avg: 0.2, Max: 0.4, Diff: 0.4, Sum: 7.4]
         [Processed Buffers: Min: 0, Avg: 2.8, Max: 19, Diff: 19, Sum: 120]
      [Scan RS (ms): Min: 0.0, Avg: 0.0, Max: 0.0, Diff: 0.0, Sum: 0.2]
      [Code Root Scanning (ms): Min: 0.0, Avg: 0.0, Max: 0.0, Diff: 0.0, Sum: 0.0]
      [Object Copy (ms): Min: 0.0, Avg: 0.0, Max: 0.1, Diff: 0.1, Sum: 2.1]
      [Termination (ms): Min: 0.0, Avg: 1.0, Max: 1.4, Diff: 1.4, Sum: 45.1]
         [Termination Attempts: Min: 1, Avg: 1.0, Max: 1, Diff: 0, Sum: 43]
      [GC Worker Other (ms): Min: 0.0, Avg: 0.0, Max: 0.1, Diff: 0.1, Sum: 1.5]
      [GC Worker Total (ms): Min: 0.1, Avg: 1.8, Max: 3.9, Diff: 3.9, Sum: 77.5]
      [GC Worker End (ms): Min: 1120474345.0, Avg: 1120474345.0, Max: 1120474345.2, Diff: 0.2]
   [Code Root Fixup: 0.0 ms]
   [Code Root Purge: 0.0 ms]
   [Clear CT: 5.4 ms]
   [Other: 11.9 ms]
      [Choose CSet: 0.0 ms]
      [Ref Proc: 4.4 ms]
      [Ref Enq: 0.0 ms]
      [Redirty Cards: 5.5 ms]
      [Humongous Register: 0.9 ms]
      [Humongous Reclaim: 0.0 ms]
      [Free CSet: 0.2 ms]
   [Eden: 24576.0K(24576.0K)->0.0B(24576.0K) Survivors: 1024.0K->1024.0K Heap: 31636.8K(512.0M)->7056.7K(512.0M)]
 [Times: user=0.12 sys=0.01, real=0.02 secs] 
2023-06-26T23:58:12.187+0000: 1151111.812: [GC pause (G1 Evacuation Pause) (young), 0.0187997 secs]
   [Parallel Time: 4.8 ms, GC Workers: 43]
      [GC Worker Start (ms): Min: 1151111812.5, Avg: 1151111813.8, Max: 1151111815.0, Diff: 2.5]
      [Ext Root Scanning (ms): Min: 0.0, Avg: 0.3, Max: 1.3, Diff: 1.3, Sum: 14.6]
      [Update RS (ms): Min: 0.0, Avg: 0.2, Max: 0.6, Diff: 0.6, Sum: 7.0]
         [Processed Buffers: Min: 0, Avg: 2.7, Max: 19, Diff: 19, Sum: 118]
      [Scan RS (ms): Min: 0.0, Avg: 0.0, Max: 0.0, Diff: 0.0, Sum: 0.3]
      [Code Root Scanning (ms): Min: 0.0, Avg: 0.0, Max: 0.0, Diff: 0.0, Sum: 0.0]
      [Object Copy (ms): Min: 0.0, Avg: 0.1, Max: 0.2, Diff: 0.2, Sum: 2.8]
      [Termination (ms): Min: 0.0, Avg: 0.7, Max: 0.9, Diff: 0.9, Sum: 28.3]
         [Termination Attempts: Min: 1, Avg: 1.0, Max: 2, Diff: 1, Sum: 44]
      [GC Worker Other (ms): Min: 0.0, Avg: 0.0, Max: 0.1, Diff: 0.1, Sum: 1.2]
      [GC Worker Total (ms): Min: 0.1, Avg: 1.3, Max: 2.6, Diff: 2.5, Sum: 54.2]
      [GC Worker End (ms): Min: 1151111815.0, Avg: 1151111815.1, Max: 1151111815.2, Diff: 0.2]
   [Code Root Fixup: 0.0 ms]
   [Code Root Purge: 0.0 ms]
   [Clear CT: 5.0 ms]
   [Other: 9.0 ms]
      [Choose CSet: 0.0 ms]
      [Ref Proc: 3.5 ms]
      [Ref Enq: 0.0 ms]
      [Redirty Cards: 5.0 ms]
      [Humongous Register: 0.0 ms]
      [Humongous Reclaim: 0.0 ms]
      [Free CSet: 0.1 ms]
   [Eden: 24576.0K(24576.0K)->0.0B(24576.0K) Survivors: 1024.0K->1024.0K Heap: 31632.7K(512.0M)->7062.8K(512.0M)]
 [Times: user=0.11 sys=0.00, real=0.02 secs] 
2023-06-27T08:27:19.620+0000: 1181659.246: [GC pause (G1 Evacuation Pause) (young), 0.0254001 secs]
   [Parallel Time: 5.8 ms, GC Workers: 43]
      [GC Worker Start (ms): Min: 1181659247.3, Avg: 1181659249.2, Max: 1181659251.0, Diff: 3.6]
      [Ext Root Scanning (ms): Min: 0.0, Avg: 0.5, Max: 2.0, Diff: 2.0, Sum: 22.7]
      [Update RS (ms): Min: 0.0, Avg: 0.2, Max: 0.6, Diff: 0.6, Sum: 8.1]
         [Processed Buffers: Min: 0, Avg: 2.8, Max: 16, Diff: 16, Sum: 121]
      [Scan RS (ms): Min: 0.0, Avg: 0.0, Max: 0.0, Diff: 0.0, Sum: 0.2]
      [Code Root Scanning (ms): Min: 0.0, Avg: 0.0, Max: 0.0, Diff: 0.0, Sum: 0.0]
      [Object Copy (ms): Min: 0.0, Avg: 0.1, Max: 0.2, Diff: 0.2, Sum: 2.8]
      [Termination (ms): Min: 0.0, Avg: 1.1, Max: 1.5, Diff: 1.5, Sum: 47.8]
         [Termination Attempts: Min: 1, Avg: 1.0, Max: 1, Diff: 0, Sum: 43]
      [GC Worker Other (ms): Min: 0.0, Avg: 0.0, Max: 0.1, Diff: 0.0, Sum: 1.4]
      [GC Worker Total (ms): Min: 0.1, Avg: 1.9, Max: 3.8, Diff: 3.7, Sum: 82.9]
      [GC Worker End (ms): Min: 1181659251.0, Avg: 1181659251.1, Max: 1181659251.2, Diff: 0.2]
   [Code Root Fixup: 0.0 ms]
   [Code Root Purge: 0.0 ms]
   [Clear CT: 6.7 ms]
   [Other: 12.9 ms]
      [Choose CSet: 0.0 ms]
      [Ref Proc: 5.1 ms]
      [Ref Enq: 0.0 ms]
      [Redirty Cards: 5.8 ms]
      [Humongous Register: 0.9 ms]
      [Humongous Reclaim: 0.0 ms]
      [Free CSet: 0.2 ms]
   [Eden: 24576.0K(24576.0K)->0.0B(24576.0K) Survivors: 1024.0K->1024.0K Heap: 31638.8K(512.0M)->7066.8K(512.0M)]
 [Times: user=0.13 sys=0.00, real=0.03 secs] 
2023-06-27T16:57:03.043+0000: 1212242.668: [GC pause (G1 Evacuation Pause) (young), 0.0224884 secs]
   [Parallel Time: 5.7 ms, GC Workers: 43]
      [GC Worker Start (ms): Min: 1212242668.2, Avg: 1212242669.7, Max: 1212242671.5, Diff: 3.2]
      [Ext Root Scanning (ms): Min: 0.0, Avg: 0.4, Max: 1.5, Diff: 1.5, Sum: 18.0]
      [Update RS (ms): Min: 0.0, Avg: 0.2, Max: 0.5, Diff: 0.5, Sum: 8.0]
         [Processed Buffers: Min: 0, Avg: 2.7, Max: 18, Diff: 18, Sum: 115]
      [Scan RS (ms): Min: 0.0, Avg: 0.0, Max: 0.0, Diff: 0.0, Sum: 0.2]
      [Code Root Scanning (ms): Min: 0.0, Avg: 0.0, Max: 0.0, Diff: 0.0, Sum: 0.0]
      [Object Copy (ms): Min: 0.0, Avg: 0.0, Max: 0.1, Diff: 0.1, Sum: 1.9]
      [Termination (ms): Min: 0.0, Avg: 1.2, Max: 1.5, Diff: 1.5, Sum: 53.6]
         [Termination Attempts: Min: 1, Avg: 1.0, Max: 1, Diff: 0, Sum: 43]
      [GC Worker Other (ms): Min: 0.0, Avg: 0.0, Max: 0.0, Diff: 0.0, Sum: 0.7]
      [GC Worker Total (ms): Min: 0.0, Avg: 1.9, Max: 3.3, Diff: 3.3, Sum: 82.5]
      [GC Worker End (ms): Min: 1212242671.5, Avg: 1212242671.6, Max: 1212242671.7, Diff: 0.2]
   [Code Root Fixup: 0.0 ms]
   [Code Root Purge: 0.0 ms]
   [Clear CT: 5.9 ms]
   [Other: 10.9 ms]
      [Choose CSet: 0.0 ms]
      [Ref Proc: 4.7 ms]
      [Ref Enq: 0.0 ms]
      [Redirty Cards: 5.5 ms]
      [Humongous Register: 0.0 ms]
      [Humongous Reclaim: 0.0 ms]
      [Free CSet: 0.1 ms]
   [Eden: 24576.0K(24576.0K)->0.0B(24576.0K) Survivors: 1024.0K->1024.0K Heap: 31642.8K(512.0M)->7066.8K(512.0M)]
 [Times: user=0.14 sys=0.02, real=0.02 secs] 
2023-06-28T01:27:40.501+0000: 1242880.126: [GC pause (G1 Evacuation Pause) (young), 0.0224948 secs]
   [Parallel Time: 5.9 ms, GC Workers: 43]
      [GC Worker Start (ms): Min: 1242880127.8, Avg: 1242880129.7, Max: 1242880131.9, Diff: 4.1]
      [Ext Root Scanning (ms): Min: 0.0, Avg: 0.5, Max: 1.8, Diff: 1.8, Sum: 20.2]
      [Update RS (ms): Min: 0.0, Avg: 0.2, Max: 0.5, Diff: 0.5, Sum: 7.5]
         [Processed Buffers: Min: 0, Avg: 2.8, Max: 16, Diff: 16, Sum: 121]
      [Scan RS (ms): Min: 0.0, Avg: 0.0, Max: 0.0, Diff: 0.0, Sum: 0.2]
      [Code Root Scanning (ms): Min: 0.0, Avg: 0.0, Max: 0.0, Diff: 0.0, Sum: 0.0]
      [Object Copy (ms): Min: 0.0, Avg: 0.1, Max: 0.2, Diff: 0.2, Sum: 2.4]
      [Termination (ms): Min: 0.0, Avg: 1.7, Max: 2.1, Diff: 2.1, Sum: 71.5]
         [Termination Attempts: Min: 1, Avg: 1.0, Max: 1, Diff: 0, Sum: 43]
      [GC Worker Other (ms): Min: 0.0, Avg: 0.0, Max: 0.1, Diff: 0.0, Sum: 1.4]
      [GC Worker Total (ms): Min: 0.1, Avg: 2.4, Max: 4.2, Diff: 4.1, Sum: 103.1]
      [GC Worker End (ms): Min: 1242880132.0, Avg: 1242880132.1, Max: 1242880132.2, Diff: 0.2]
   [Code Root Fixup: 0.0 ms]
   [Code Root Purge: 0.0 ms]
   [Clear CT: 5.2 ms]
   [Other: 11.4 ms]
      [Choose CSet: 0.0 ms]
      [Ref Proc: 4.1 ms]
      [Ref Enq: 0.0 ms]
      [Redirty Cards: 5.4 ms]
      [Humongous Register: 0.9 ms]
      [Humongous Reclaim: 0.0 ms]
      [Free CSet: 0.2 ms]
   [Eden: 24576.0K(24576.0K)->0.0B(24576.0K) Survivors: 1024.0K->1024.0K Heap: 31642.8K(512.0M)->7058.7K(512.0M)]
 [Times: user=0.18 sys=0.00, real=0.03 secs] 
2023-06-28T09:57:36.648+0000: 1273476.273: [GC pause (G1 Evacuation Pause) (young), 0.0238740 secs]
   [Parallel Time: 6.3 ms, GC Workers: 43]
      [GC Worker Start (ms): Min: 1273476274.6, Avg: 1273476276.6, Max: 1273476278.9, Diff: 4.4]
      [Ext Root Scanning (ms): Min: 0.0, Avg: 0.5, Max: 2.0, Diff: 2.0, Sum: 22.0]
      [Update RS (ms): Min: 0.0, Avg: 0.2, Max: 0.4, Diff: 0.4, Sum: 7.1]
         [Processed Buffers: Min: 0, Avg: 2.8, Max: 22, Diff: 22, Sum: 119]
      [Scan RS (ms): Min: 0.0, Avg: 0.0, Max: 0.0, Diff: 0.0, Sum: 0.2]
      [Code Root Scanning (ms): Min: 0.0, Avg: 0.0, Max: 0.0, Diff: 0.0, Sum: 0.0]
      [Object Copy (ms): Min: 0.0, Avg: 0.1, Max: 0.2, Diff: 0.2, Sum: 3.4]
      [Termination (ms): Min: 0.0, Avg: 1.7, Max: 2.1, Diff: 2.1, Sum: 71.6]
         [Termination Attempts: Min: 1, Avg: 1.0, Max: 1, Diff: 0, Sum: 43]
      [GC Worker Other (ms): Min: 0.0, Avg: 0.0, Max: 0.1, Diff: 0.1, Sum: 1.4]
      [GC Worker Total (ms): Min: 0.0, Avg: 2.5, Max: 4.5, Diff: 4.4, Sum: 105.8]
      [GC Worker End (ms): Min: 1273476279.0, Avg: 1273476279.1, Max: 1273476279.2, Diff: 0.2]
   [Code Root Fixup: 0.0 ms]
   [Code Root Purge: 0.0 ms]
   [Clear CT: 5.1 ms]
   [Other: 12.4 ms]
      [Choose CSet: 0.0 ms]
      [Ref Proc: 4.5 ms]
      [Ref Enq: 0.0 ms]
      [Redirty Cards: 5.2 ms]
      [Humongous Register: 0.9 ms]
      [Humongous Reclaim: 0.0 ms]
      [Free CSet: 0.6 ms]
   [Eden: 24576.0K(24576.0K)->0.0B(24576.0K) Survivors: 1024.0K->1024.0K Heap: 31634.7K(512.0M)->7060.8K(512.0M)]
 [Times: user=0.18 sys=0.00, real=0.03 secs] 
2023-06-28T18:28:13.355+0000: 1304112.981: [GC pause (G1 Evacuation Pause) (young), 0.0241973 secs]
   [Parallel Time: 6.2 ms, GC Workers: 43]
      [GC Worker Start (ms): Min: 1304112982.3, Avg: 1304112984.2, Max: 1304112986.6, Diff: 4.3]
      [Ext Root Scanning (ms): Min: 0.0, Avg: 0.5, Max: 2.0, Diff: 1.9, Sum: 19.9]
      [Update RS (ms): Min: 0.0, Avg: 0.2, Max: 0.7, Diff: 0.7, Sum: 9.8]
         [Processed Buffers: Min: 0, Avg: 2.7, Max: 21, Diff: 21, Sum: 118]
      [Scan RS (ms): Min: 0.0, Avg: 0.0, Max: 0.0, Diff: 0.0, Sum: 0.2]
      [Code Root Scanning (ms): Min: 0.0, Avg: 0.0, Max: 0.0, Diff: 0.0, Sum: 0.0]
      [Object Copy (ms): Min: 0.0, Avg: 0.0, Max: 0.2, Diff: 0.1, Sum: 1.9]
      [Termination (ms): Min: 0.0, Avg: 1.8, Max: 2.2, Diff: 2.2, Sum: 77.0]
         [Termination Attempts: Min: 1, Avg: 1.0, Max: 1, Diff: 0, Sum: 43]
      [GC Worker Other (ms): Min: 0.0, Avg: 0.0, Max: 0.1, Diff: 0.1, Sum: 1.5]
      [GC Worker Total (ms): Min: 0.1, Avg: 2.6, Max: 4.4, Diff: 4.4, Sum: 110.3]
      [GC Worker End (ms): Min: 1304112986.7, Avg: 1304112986.8, Max: 1304112986.9, Diff: 0.2]
   [Code Root Fixup: 0.0 ms]
   [Code Root Purge: 0.0 ms]
   [Clear CT: 5.4 ms]
   [Other: 12.5 ms]
      [Choose CSet: 0.0 ms]
      [Ref Proc: 5.1 ms]
      [Ref Enq: 0.0 ms]
      [Redirty Cards: 5.4 ms]
      [Humongous Register: 0.9 ms]
      [Humongous Reclaim: 0.0 ms]
      [Free CSet: 0.2 ms]
   [Eden: 24576.0K(24576.0K)->0.0B(24576.0K) Survivors: 1024.0K->1024.0K Heap: 31636.8K(512.0M)->7056.7K(512.0M)]
 [Times: user=0.19 sys=0.00, real=0.02 secs] 
2023-06-29T02:57:20.623+0000: 1334660.248: [GC pause (G1 Evacuation Pause) (young), 0.0212857 secs]
   [Parallel Time: 4.9 ms, GC Workers: 43]
      [GC Worker Start (ms): Min: 1334660249.0, Avg: 1334660250.4, Max: 1334660252.1, Diff: 3.1]
      [Ext Root Scanning (ms): Min: 0.0, Avg: 0.4, Max: 1.5, Diff: 1.5, Sum: 17.8]
      [Update RS (ms): Min: 0.0, Avg: 0.2, Max: 0.6, Diff: 0.6, Sum: 10.0]
         [Processed Buffers: Min: 0, Avg: 2.8, Max: 17, Diff: 17, Sum: 120]
      [Scan RS (ms): Min: 0.0, Avg: 0.0, Max: 0.0, Diff: 0.0, Sum: 0.2]
      [Code Root Scanning (ms): Min: 0.0, Avg: 0.0, Max: 0.0, Diff: 0.0, Sum: 0.0]
      [Object Copy (ms): Min: 0.0, Avg: 0.1, Max: 0.2, Diff: 0.2, Sum: 2.7]
      [Termination (ms): Min: 0.0, Avg: 1.1, Max: 1.5, Diff: 1.5, Sum: 48.5]
         [Termination Attempts: Min: 1, Avg: 1.0, Max: 1, Diff: 0, Sum: 43]
      [GC Worker Other (ms): Min: 0.0, Avg: 0.0, Max: 0.0, Diff: 0.0, Sum: 0.6]
      [GC Worker Total (ms): Min: 0.0, Avg: 1.9, Max: 3.2, Diff: 3.1, Sum: 79.9]
      [GC Worker End (ms): Min: 1334660252.2, Avg: 1334660252.3, Max: 1334660252.4, Diff: 0.2]
   [Code Root Fixup: 0.0 ms]
   [Code Root Purge: 0.0 ms]
   [Clear CT: 5.5 ms]
   [Other: 10.9 ms]
      [Choose CSet: 0.0 ms]
      [Ref Proc: 4.7 ms]
      [Ref Enq: 0.0 ms]
      [Redirty Cards: 5.5 ms]
      [Humongous Register: 0.0 ms]
      [Humongous Reclaim: 0.0 ms]
      [Free CSet: 0.1 ms]
   [Eden: 24576.0K(24576.0K)->0.0B(24576.0K) Survivors: 1024.0K->1024.0K Heap: 31632.7K(512.0M)->7060.8K(512.0M)]
 [Times: user=0.13 sys=0.02, real=0.02 secs] 
2023-06-29T11:26:54.645+0000: 1365234.271: [GC pause (G1 Evacuation Pause) (young), 0.0232840 secs]
   [Parallel Time: 6.4 ms, GC Workers: 43]
      [GC Worker Start (ms): Min: 1365234272.3, Avg: 1365234274.2, Max: 1365234276.5, Diff: 4.2]
      [Ext Root Scanning (ms): Min: 0.0, Avg: 0.4, Max: 1.6, Diff: 1.6, Sum: 16.5]
      [Update RS (ms): Min: 0.0, Avg: 0.1, Max: 0.5, Diff: 0.5, Sum: 6.2]
         [Processed Buffers: Min: 0, Avg: 2.7, Max: 21, Diff: 21, Sum: 118]
      [Scan RS (ms): Min: 0.0, Avg: 0.0, Max: 0.0, Diff: 0.0, Sum: 0.2]
      [Code Root Scanning (ms): Min: 0.0, Avg: 0.0, Max: 0.0, Diff: 0.0, Sum: 0.0]
      [Object Copy (ms): Min: 0.0, Avg: 0.0, Max: 0.1, Diff: 0.1, Sum: 1.8]
      [Termination (ms): Min: 0.0, Avg: 1.9, Max: 2.5, Diff: 2.5, Sum: 80.2]
         [Termination Attempts: Min: 1, Avg: 1.0, Max: 1, Diff: 0, Sum: 43]
      [GC Worker Other (ms): Min: 0.0, Avg: 0.0, Max: 0.0, Diff: 0.0, Sum: 1.3]
      [GC Worker Total (ms): Min: 0.1, Avg: 2.5, Max: 4.3, Diff: 4.2, Sum: 106.2]
      [GC Worker End (ms): Min: 1365234276.6, Avg: 1365234276.6, Max: 1365234276.8, Diff: 0.2]
   [Code Root Fixup: 0.0 ms]
   [Code Root Purge: 0.0 ms]
   [Clear CT: 6.1 ms]
   [Other: 10.7 ms]
      [Choose CSet: 0.0 ms]
      [Ref Proc: 3.9 ms]
      [Ref Enq: 0.0 ms]
      [Redirty Cards: 5.0 ms]
      [Humongous Register: 0.9 ms]
      [Humongous Reclaim: 0.0 ms]
      [Free CSet: 0.2 ms]
   [Eden: 24576.0K(24576.0K)->0.0B(24576.0K) Survivors: 1024.0K->1024.0K Heap: 31636.8K(512.0M)->7056.7K(512.0M)]
 [Times: user=0.10 sys=0.09, real=0.03 secs] 
2023-06-29T19:57:29.568+0000: 1395869.193: [GC pause (G1 Evacuation Pause) (young), 0.0253280 secs]
   [Parallel Time: 7.0 ms, GC Workers: 43]
      [GC Worker Start (ms): Min: 1395869195.2, Avg: 1395869197.1, Max: 1395869200.0, Diff: 4.9]
      [Ext Root Scanning (ms): Min: 0.0, Avg: 0.5, Max: 2.0, Diff: 2.0, Sum: 23.6]
      [Update RS (ms): Min: 0.0, Avg: 0.2, Max: 0.6, Diff: 0.6, Sum: 8.6]
         [Processed Buffers: Min: 0, Avg: 2.7, Max: 18, Diff: 18, Sum: 118]
      [Scan RS (ms): Min: 0.0, Avg: 0.0, Max: 0.0, Diff: 0.0, Sum: 0.2]
      [Code Root Scanning (ms): Min: 0.0, Avg: 0.0, Max: 0.0, Diff: 0.0, Sum: 0.0]
      [Object Copy (ms): Min: 0.0, Avg: 0.0, Max: 0.2, Diff: 0.1, Sum: 2.0]
      [Termination (ms): Min: 0.0, Avg: 2.2, Max: 2.7, Diff: 2.7, Sum: 95.9]
         [Termination Attempts: Min: 1, Avg: 1.0, Max: 1, Diff: 0, Sum: 43]
      [GC Worker Other (ms): Min: 0.0, Avg: 0.0, Max: 0.1, Diff: 0.0, Sum: 1.5]
      [GC Worker Total (ms): Min: 0.0, Avg: 3.1, Max: 5.1, Diff: 5.1, Sum: 131.8]
      [GC Worker End (ms): Min: 1395869200.1, Avg: 1395869200.2, Max: 1395869200.3, Diff: 0.2]
   [Code Root Fixup: 0.0 ms]
   [Code Root Purge: 0.0 ms]
   [Clear CT: 5.6 ms]
   [Other: 12.8 ms]
      [Choose CSet: 0.0 ms]
      [Ref Proc: 4.2 ms]
      [Ref Enq: 0.0 ms]
      [Redirty Cards: 5.8 ms]
      [Humongous Register: 1.0 ms]
      [Humongous Reclaim: 0.0 ms]
      [Free CSet: 0.5 ms]
   [Eden: 24576.0K(24576.0K)->0.0B(24576.0K) Survivors: 1024.0K->1024.0K Heap: 31632.7K(512.0M)->7058.7K(512.0M)]
 [Times: user=0.19 sys=0.00, real=0.03 secs] 
2023-06-30T04:28:00.827+0000: 1426500.452: [GC pause (G1 Evacuation Pause) (young), 0.0203085 secs]
   [Parallel Time: 4.8 ms, GC Workers: 43]
      [GC Worker Start (ms): Min: 1426500452.1, Avg: 1426500453.5, Max: 1426500455.3, Diff: 3.2]
      [Ext Root Scanning (ms): Min: 0.0, Avg: 0.4, Max: 1.5, Diff: 1.4, Sum: 17.1]
      [Update RS (ms): Min: 0.0, Avg: 0.2, Max: 0.5, Diff: 0.5, Sum: 6.9]
         [Processed Buffers: Min: 0, Avg: 2.8, Max: 14, Diff: 14, Sum: 119]
      [Scan RS (ms): Min: 0.0, Avg: 0.0, Max: 0.0, Diff: 0.0, Sum: 0.3]
      [Code Root Scanning (ms): Min: 0.0, Avg: 0.0, Max: 0.0, Diff: 0.0, Sum: 0.0]
      [Object Copy (ms): Min: 0.0, Avg: 0.0, Max: 0.1, Diff: 0.1, Sum: 2.1]
      [Termination (ms): Min: 0.0, Avg: 1.3, Max: 1.5, Diff: 1.5, Sum: 56.2]
         [Termination Attempts: Min: 1, Avg: 1.0, Max: 1, Diff: 0, Sum: 43]
      [GC Worker Other (ms): Min: 0.0, Avg: 0.0, Max: 0.0, Diff: 0.0, Sum: 0.6]
      [GC Worker Total (ms): Min: 0.0, Avg: 1.9, Max: 3.3, Diff: 3.3, Sum: 83.2]
      [GC Worker End (ms): Min: 1426500455.3, Avg: 1426500455.4, Max: 1426500455.5, Diff: 0.2]
   [Code Root Fixup: 0.0 ms]
   [Code Root Purge: 0.0 ms]
   [Clear CT: 5.1 ms]
   [Other: 10.5 ms]
      [Choose CSet: 0.0 ms]
      [Ref Proc: 4.8 ms]
      [Ref Enq: 0.0 ms]
      [Redirty Cards: 5.1 ms]
      [Humongous Register: 0.0 ms]
      [Humongous Reclaim: 0.0 ms]
      [Free CSet: 0.1 ms]
   [Eden: 24576.0K(24576.0K)->0.0B(24576.0K) Survivors: 1024.0K->1024.0K Heap: 31634.7K(512.0M)->7064.8K(512.0M)]
 [Times: user=0.15 sys=0.00, real=0.02 secs] 
2023-06-30T12:57:50.127+0000: 1457089.753: [GC pause (G1 Evacuation Pause) (young), 0.0290590 secs]
   [Parallel Time: 9.9 ms, GC Workers: 43]
      [GC Worker Start (ms): Min: 1457089754.4, Avg: 1457089756.7, Max: 1457089762.4, Diff: 8.0]
      [Ext Root Scanning (ms): Min: 0.0, Avg: 0.5, Max: 2.2, Diff: 2.2, Sum: 20.9]
      [Update RS (ms): Min: 0.0, Avg: 0.2, Max: 0.5, Diff: 0.5, Sum: 7.8]
         [Processed Buffers: Min: 0, Avg: 2.8, Max: 16, Diff: 16, Sum: 121]
      [Scan RS (ms): Min: 0.0, Avg: 0.0, Max: 0.0, Diff: 0.0, Sum: 0.2]
      [Code Root Scanning (ms): Min: 0.0, Avg: 0.0, Max: 0.0, Diff: 0.0, Sum: 0.0]
      [Object Copy (ms): Min: 0.0, Avg: 0.0, Max: 0.1, Diff: 0.1, Sum: 1.7]
      [Termination (ms): Min: 0.0, Avg: 5.0, Max: 5.6, Diff: 5.6, Sum: 216.1]
         [Termination Attempts: Min: 1, Avg: 1.0, Max: 1, Diff: 0, Sum: 43]
      [GC Worker Other (ms): Min: 0.0, Avg: 0.0, Max: 0.1, Diff: 0.1, Sum: 1.5]
      [GC Worker Total (ms): Min: 0.0, Avg: 5.8, Max: 8.2, Diff: 8.1, Sum: 248.2]
      [GC Worker End (ms): Min: 1457089762.4, Avg: 1457089762.5, Max: 1457089762.6, Diff: 0.2]
   [Code Root Fixup: 0.0 ms]
   [Code Root Purge: 0.0 ms]
   [Clear CT: 5.3 ms]
   [Other: 13.8 ms]
      [Choose CSet: 0.0 ms]
      [Ref Proc: 6.6 ms]
      [Ref Enq: 0.0 ms]
      [Redirty Cards: 5.3 ms]
      [Humongous Register: 0.9 ms]
      [Humongous Reclaim: 0.0 ms]
      [Free CSet: 0.2 ms]
   [Eden: 24576.0K(24576.0K)->0.0B(24576.0K) Survivors: 1024.0K->1024.0K Heap: 31640.8K(512.0M)->7054.7K(512.0M)]
 [Times: user=0.30 sys=0.00, real=0.03 secs] 
2023-06-30T21:28:27.519+0000: 1487727.144: [GC pause (G1 Evacuation Pause) (young), 0.0247823 secs]
   [Parallel Time: 8.5 ms, GC Workers: 43]
      [GC Worker Start (ms): Min: 1487727145.7, Avg: 1487727147.5, Max: 1487727149.4, Diff: 3.8]
      [Ext Root Scanning (ms): Min: 0.0, Avg: 0.5, Max: 2.0, Diff: 2.0, Sum: 22.7]
      [Update RS (ms): Min: 0.0, Avg: 0.2, Max: 0.5, Diff: 0.5, Sum: 8.5]
         [Processed Buffers: Min: 0, Avg: 2.8, Max: 19, Diff: 19, Sum: 120]
      [Scan RS (ms): Min: 0.0, Avg: 0.0, Max: 0.0, Diff: 0.0, Sum: 0.2]
      [Code Root Scanning (ms): Min: 0.0, Avg: 0.0, Max: 0.0, Diff: 0.0, Sum: 0.0]
      [Object Copy (ms): Min: 0.0, Avg: 0.0, Max: 0.2, Diff: 0.2, Sum: 2.0]
      [Termination (ms): Min: 0.0, Avg: 1.2, Max: 1.7, Diff: 1.7, Sum: 51.4]
         [Termination Attempts: Min: 1, Avg: 1.0, Max: 1, Diff: 0, Sum: 43]
      [GC Worker Other (ms): Min: 0.0, Avg: 0.0, Max: 0.1, Diff: 0.1, Sum: 1.5]
      [GC Worker Total (ms): Min: 0.1, Avg: 2.0, Max: 3.9, Diff: 3.8, Sum: 86.4]
      [GC Worker End (ms): Min: 1487727149.5, Avg: 1487727149.6, Max: 1487727149.7, Diff: 0.2]
   [Code Root Fixup: 0.0 ms]
   [Code Root Purge: 0.0 ms]
   [Clear CT: 5.0 ms]
   [Other: 11.2 ms]
      [Choose CSet: 0.0 ms]
      [Ref Proc: 4.0 ms]
      [Ref Enq: 0.0 ms]
      [Redirty Cards: 5.3 ms]
      [Humongous Register: 0.9 ms]
      [Humongous Reclaim: 0.0 ms]
      [Free CSet: 0.2 ms]
   [Eden: 24576.0K(24576.0K)->0.0B(24576.0K) Survivors: 1024.0K->1024.0K Heap: 31630.7K(512.0M)->7060.8K(512.0M)]
 [Times: user=0.08 sys=0.06, real=0.03 secs] 
2023-07-01T05:58:52.971+0000: 1518352.597: [GC pause (G1 Evacuation Pause) (young), 0.0219465 secs]
   [Parallel Time: 5.1 ms, GC Workers: 43]
      [GC Worker Start (ms): Min: 1518352598.4, Avg: 1518352600.3, Max: 1518352602.1, Diff: 3.6]
      [Ext Root Scanning (ms): Min: 0.0, Avg: 0.5, Max: 1.9, Diff: 1.9, Sum: 22.5]
      [Update RS (ms): Min: 0.0, Avg: 0.2, Max: 0.5, Diff: 0.5, Sum: 7.7]
         [Processed Buffers: Min: 0, Avg: 2.7, Max: 14, Diff: 14, Sum: 117]
      [Scan RS (ms): Min: 0.0, Avg: 0.0, Max: 0.0, Diff: 0.0, Sum: 0.2]
      [Code Root Scanning (ms): Min: 0.0, Avg: 0.0, Max: 0.0, Diff: 0.0, Sum: 0.0]
      [Object Copy (ms): Min: 0.0, Avg: 0.1, Max: 0.2, Diff: 0.2, Sum: 2.7]
      [Termination (ms): Min: 0.0, Avg: 1.2, Max: 1.5, Diff: 1.5, Sum: 51.5]
         [Termination Attempts: Min: 1, Avg: 1.0, Max: 1, Diff: 0, Sum: 43]
      [GC Worker Other (ms): Min: 0.0, Avg: 0.0, Max: 0.1, Diff: 0.0, Sum: 1.5]
      [GC Worker Total (ms): Min: 0.1, Avg: 2.0, Max: 3.8, Diff: 3.7, Sum: 86.1]
      [GC Worker End (ms): Min: 1518352602.2, Avg: 1518352602.3, Max: 1518352602.4, Diff: 0.2]
   [Code Root Fixup: 0.0 ms]
   [Code Root Purge: 0.0 ms]
   [Clear CT: 5.4 ms]
   [Other: 11.5 ms]
      [Choose CSet: 0.0 ms]
      [Ref Proc: 3.9 ms]
      [Ref Enq: 0.0 ms]
      [Redirty Cards: 5.4 ms]
      [Humongous Register: 0.9 ms]
      [Humongous Reclaim: 0.0 ms]
      [Free CSet: 0.2 ms]
   [Eden: 24576.0K(24576.0K)->0.0B(24576.0K) Survivors: 1024.0K->1024.0K Heap: 31636.8K(512.0M)->7064.8K(512.0M)]
 [Times: user=0.14 sys=0.00, real=0.02 secs] 
2023-07-01T14:29:24.404+0000: 1548984.029: [GC pause (G1 Evacuation Pause) (young), 0.0201744 secs]
   [Parallel Time: 4.3 ms, GC Workers: 43]
      [GC Worker Start (ms): Min: 1548984030.0, Avg: 1548984031.4, Max: 1548984032.5, Diff: 2.5]
      [Ext Root Scanning (ms): Min: 0.0, Avg: 0.4, Max: 1.5, Diff: 1.5, Sum: 16.9]
      [Update RS (ms): Min: 0.0, Avg: 0.2, Max: 0.5, Diff: 0.5, Sum: 7.8]
         [Processed Buffers: Min: 0, Avg: 2.7, Max: 14, Diff: 14, Sum: 116]
      [Scan RS (ms): Min: 0.0, Avg: 0.0, Max: 0.0, Diff: 0.0, Sum: 0.2]
      [Code Root Scanning (ms): Min: 0.0, Avg: 0.0, Max: 0.0, Diff: 0.0, Sum: 0.0]
      [Object Copy (ms): Min: 0.0, Avg: 0.1, Max: 0.1, Diff: 0.1, Sum: 2.4]
      [Termination (ms): Min: 0.0, Avg: 0.6, Max: 0.8, Diff: 0.8, Sum: 27.2]
         [Termination Attempts: Min: 1, Avg: 1.0, Max: 1, Diff: 0, Sum: 43]
      [GC Worker Other (ms): Min: 0.0, Avg: 0.0, Max: 0.0, Diff: 0.0, Sum: 0.7]
      [GC Worker Total (ms): Min: 0.0, Avg: 1.3, Max: 2.7, Diff: 2.6, Sum: 55.2]
      [GC Worker End (ms): Min: 1548984032.6, Avg: 1548984032.7, Max: 1548984032.8, Diff: 0.2]
   [Code Root Fixup: 0.0 ms]
   [Code Root Purge: 0.0 ms]
   [Clear CT: 5.5 ms]
   [Other: 10.3 ms]
      [Choose CSet: 0.0 ms]
      [Ref Proc: 4.1 ms]
      [Ref Enq: 0.0 ms]
      [Redirty Cards: 5.5 ms]
      [Humongous Register: 0.0 ms]
      [Humongous Reclaim: 0.0 ms]
      [Free CSet: 0.1 ms]
   [Eden: 24576.0K(24576.0K)->0.0B(24576.0K) Survivors: 1024.0K->1024.0K Heap: 31640.8K(512.0M)->7060.8K(512.0M)]
 [Times: user=0.04 sys=0.07, real=0.02 secs] 
2023-07-01T23:00:01.859+0000: 1579621.485: [GC pause (G1 Evacuation Pause) (young), 0.0234681 secs]
   [Parallel Time: 6.4 ms, GC Workers: 43]
      [GC Worker Start (ms): Min: 1579621486.3, Avg: 1579621488.5, Max: 1579621491.1, Diff: 4.8]
      [Ext Root Scanning (ms): Min: 0.0, Avg: 0.5, Max: 2.2, Diff: 2.2, Sum: 23.2]
      [Update RS (ms): Min: 0.0, Avg: 0.2, Max: 0.5, Diff: 0.5, Sum: 8.5]
         [Processed Buffers: Min: 0, Avg: 2.8, Max: 15, Diff: 15, Sum: 119]
      [Scan RS (ms): Min: 0.0, Avg: 0.0, Max: 0.0, Diff: 0.0, Sum: 0.3]
      [Code Root Scanning (ms): Min: 0.0, Avg: 0.0, Max: 0.0, Diff: 0.0, Sum: 0.0]
      [Object Copy (ms): Min: 0.0, Avg: 0.0, Max: 0.1, Diff: 0.1, Sum: 2.1]
      [Termination (ms): Min: 0.0, Avg: 1.9, Max: 2.4, Diff: 2.4, Sum: 82.5]
         [Termination Attempts: Min: 1, Avg: 1.0, Max: 1, Diff: 0, Sum: 43]
      [GC Worker Other (ms): Min: 0.0, Avg: 0.0, Max: 0.1, Diff: 0.0, Sum: 1.4]
      [GC Worker Total (ms): Min: 0.0, Avg: 2.7, Max: 4.8, Diff: 4.8, Sum: 118.1]
      [GC Worker End (ms): Min: 1579621491.2, Avg: 1579621491.2, Max: 1579621491.4, Diff: 0.2]
   [Code Root Fixup: 0.0 ms]
   [Code Root Purge: 0.0 ms]
   [Clear CT: 5.7 ms]
   [Other: 11.4 ms]
      [Choose CSet: 0.0 ms]
      [Ref Proc: 3.7 ms]
      [Ref Enq: 0.0 ms]
      [Redirty Cards: 5.6 ms]
      [Humongous Register: 0.9 ms]
      [Humongous Reclaim: 0.0 ms]
      [Free CSet: 0.2 ms]
   [Eden: 24576.0K(24576.0K)->0.0B(24576.0K) Survivors: 1024.0K->1024.0K Heap: 31636.8K(512.0M)->7054.7K(512.0M)]
 [Times: user=0.18 sys=0.00, real=0.03 secs] 
2023-07-02T07:29:27.208+0000: 1610186.833: [GC pause (G1 Evacuation Pause) (young), 0.0218728 secs]
   [Parallel Time: 5.1 ms, GC Workers: 43]
      [GC Worker Start (ms): Min: 1610186835.1, Avg: 1610186837.2, Max: 1610186839.4, Diff: 4.3]
      [Ext Root Scanning (ms): Min: 0.0, Avg: 0.5, Max: 2.1, Diff: 2.1, Sum: 22.3]
      [Update RS (ms): Min: 0.0, Avg: 0.2, Max: 0.6, Diff: 0.6, Sum: 8.7]
         [Processed Buffers: Min: 0, Avg: 2.7, Max: 20, Diff: 20, Sum: 118]
      [Scan RS (ms): Min: 0.0, Avg: 0.0, Max: 0.0, Diff: 0.0, Sum: 0.2]
      [Code Root Scanning (ms): Min: 0.0, Avg: 0.0, Max: 0.0, Diff: 0.0, Sum: 0.0]
      [Object Copy (ms): Min: 0.0, Avg: 0.0, Max: 0.3, Diff: 0.2, Sum: 1.9]
      [Termination (ms): Min: 0.0, Avg: 1.6, Max: 2.0, Diff: 2.0, Sum: 66.9]
         [Termination Attempts: Min: 1, Avg: 1.0, Max: 1, Diff: 0, Sum: 43]
      [GC Worker Other (ms): Min: 0.0, Avg: 0.0, Max: 0.1, Diff: 0.0, Sum: 1.4]
      [GC Worker Total (ms): Min: 0.0, Avg: 2.4, Max: 4.4, Diff: 4.4, Sum: 101.5]
      [GC Worker End (ms): Min: 1610186839.5, Avg: 1610186839.6, Max: 1610186839.7, Diff: 0.2]
   [Code Root Fixup: 0.0 ms]
   [Code Root Purge: 0.0 ms]
   [Clear CT: 6.5 ms]
   [Other: 10.3 ms]
      [Choose CSet: 0.0 ms]
      [Ref Proc: 3.0 ms]
      [Ref Enq: 0.0 ms]
      [Redirty Cards: 5.3 ms]
      [Humongous Register: 0.9 ms]
      [Humongous Reclaim: 0.0 ms]
      [Free CSet: 0.2 ms]
   [Eden: 24576.0K(24576.0K)->0.0B(24576.0K) Survivors: 1024.0K->1024.0K Heap: 31630.7K(512.0M)->7050.7K(512.0M)]
 [Times: user=0.18 sys=0.00, real=0.03 secs] 
2023-07-02T16:00:10.578+0000: 1640830.203: [GC pause (G1 Evacuation Pause) (young), 0.0243722 secs]
   [Parallel Time: 6.7 ms, GC Workers: 43]
      [GC Worker Start (ms): Min: 1640830204.7, Avg: 1640830206.6, Max: 1640830208.9, Diff: 4.2]
      [Ext Root Scanning (ms): Min: 0.0, Avg: 0.4, Max: 1.9, Diff: 1.8, Sum: 15.4]
      [Update RS (ms): Min: 0.0, Avg: 0.1, Max: 0.5, Diff: 0.5, Sum: 5.8]
         [Processed Buffers: Min: 0, Avg: 2.7, Max: 15, Diff: 15, Sum: 115]
      [Scan RS (ms): Min: 0.0, Avg: 0.0, Max: 0.0, Diff: 0.0, Sum: 0.2]
      [Code Root Scanning (ms): Min: 0.0, Avg: 0.0, Max: 0.0, Diff: 0.0, Sum: 0.0]
      [Object Copy (ms): Min: 0.0, Avg: 0.0, Max: 0.2, Diff: 0.1, Sum: 1.9]
      [Termination (ms): Min: 0.0, Avg: 1.8, Max: 2.3, Diff: 2.3, Sum: 76.4]
         [Termination Attempts: Min: 1, Avg: 1.1, Max: 2, Diff: 1, Sum: 48]
      [GC Worker Other (ms): Min: 0.0, Avg: 0.0, Max: 0.1, Diff: 0.1, Sum: 1.6]
      [GC Worker Total (ms): Min: 0.1, Avg: 2.4, Max: 4.3, Diff: 4.2, Sum: 101.3]
      [GC Worker End (ms): Min: 1640830208.9, Avg: 1640830209.0, Max: 1640830209.1, Diff: 0.2]
   [Code Root Fixup: 0.0 ms]
   [Code Root Purge: 0.0 ms]
   [Clear CT: 5.3 ms]
   [Other: 12.4 ms]
      [Choose CSet: 0.0 ms]
      [Ref Proc: 4.9 ms]
      [Ref Enq: 0.0 ms]
      [Redirty Cards: 5.5 ms]
      [Humongous Register: 0.9 ms]
      [Humongous Reclaim: 0.0 ms]
      [Free CSet: 0.2 ms]
   [Eden: 24576.0K(24576.0K)->0.0B(24576.0K) Survivors: 1024.0K->1024.0K Heap: 31626.7K(512.0M)->7064.8K(512.0M)]
 [Times: user=0.04 sys=0.14, real=0.03 secs] 
2023-07-03T00:31:12.036+0000: 1671491.661: [GC pause (G1 Evacuation Pause) (young), 0.0236603 secs]
   [Parallel Time: 5.8 ms, GC Workers: 43]
      [GC Worker Start (ms): Min: 1671491662.6, Avg: 1671491664.7, Max: 1671491666.7, Diff: 4.1]
      [Ext Root Scanning (ms): Min: 0.0, Avg: 0.4, Max: 2.0, Diff: 2.0, Sum: 16.1]
      [Update RS (ms): Min: 0.0, Avg: 0.2, Max: 0.5, Diff: 0.5, Sum: 7.2]
         [Processed Buffers: Min: 0, Avg: 2.8, Max: 19, Diff: 19, Sum: 120]
      [Scan RS (ms): Min: 0.0, Avg: 0.0, Max: 0.0, Diff: 0.0, Sum: 0.2]
      [Code Root Scanning (ms): Min: 0.0, Avg: 0.0, Max: 0.0, Diff: 0.0, Sum: 0.0]
      [Object Copy (ms): Min: 0.0, Avg: 0.1, Max: 0.1, Diff: 0.1, Sum: 2.2]
      [Termination (ms): Min: 0.0, Avg: 1.6, Max: 2.1, Diff: 2.1, Sum: 69.3]
         [Termination Attempts: Min: 1, Avg: 1.0, Max: 1, Diff: 0, Sum: 43]
      [GC Worker Other (ms): Min: 0.0, Avg: 0.0, Max: 0.1, Diff: 0.1, Sum: 1.4]
      [GC Worker Total (ms): Min: 0.1, Avg: 2.2, Max: 4.4, Diff: 4.3, Sum: 96.5]
      [GC Worker End (ms): Min: 1671491666.8, Avg: 1671491666.9, Max: 1671491667.0, Diff: 0.2]
   [Code Root Fixup: 0.0 ms]
   [Code Root Purge: 0.0 ms]
   [Clear CT: 5.4 ms]
   [Other: 12.5 ms]
      [Choose CSet: 0.0 ms]
      [Ref Proc: 4.4 ms]
      [Ref Enq: 0.0 ms]
      [Redirty Cards: 5.3 ms]
      [Humongous Register: 0.9 ms]
      [Humongous Reclaim: 0.0 ms]
      [Free CSet: 0.5 ms]
   [Eden: 24576.0K(24576.0K)->0.0B(24576.0K) Survivors: 1024.0K->1024.0K Heap: 31640.8K(512.0M)->7054.7K(512.0M)]
 [Times: user=0.18 sys=0.00, real=0.02 secs] 
2023-07-03T09:01:25.436+0000: 1702105.061: [GC pause (G1 Evacuation Pause) (young), 0.0275627 secs]
   [Parallel Time: 5.9 ms, GC Workers: 43]
      [GC Worker Start (ms): Min: 1702105063.2, Avg: 1702105065.3, Max: 1702105067.5, Diff: 4.3]
      [Ext Root Scanning (ms): Min: 0.0, Avg: 0.5, Max: 2.1, Diff: 2.1, Sum: 21.8]
      [Update RS (ms): Min: 0.0, Avg: 0.2, Max: 0.5, Diff: 0.5, Sum: 7.9]
         [Processed Buffers: Min: 0, Avg: 2.8, Max: 19, Diff: 19, Sum: 121]
      [Scan RS (ms): Min: 0.0, Avg: 0.0, Max: 0.0, Diff: 0.0, Sum: 0.2]
      [Code Root Scanning (ms): Min: 0.0, Avg: 0.0, Max: 0.0, Diff: 0.0, Sum: 0.0]
      [Object Copy (ms): Min: 0.0, Avg: 0.1, Max: 0.2, Diff: 0.2, Sum: 2.7]
      [Termination (ms): Min: 0.0, Avg: 1.5, Max: 2.0, Diff: 2.0, Sum: 66.0]
         [Termination Attempts: Min: 1, Avg: 1.0, Max: 1, Diff: 0, Sum: 43]
      [GC Worker Other (ms): Min: 0.0, Avg: 0.0, Max: 0.1, Diff: 0.1, Sum: 1.4]
      [GC Worker Total (ms): Min: 0.1, Avg: 2.3, Max: 4.3, Diff: 4.3, Sum: 100.0]
      [GC Worker End (ms): Min: 1702105067.5, Avg: 1702105067.7, Max: 1702105067.8, Diff: 0.2]
   [Code Root Fixup: 0.0 ms]
   [Code Root Purge: 0.0 ms]
   [Clear CT: 7.0 ms]
   [Other: 14.6 ms]
      [Choose CSet: 0.0 ms]
      [Ref Proc: 7.4 ms]
      [Ref Enq: 0.0 ms]
      [Redirty Cards: 5.1 ms]
      [Humongous Register: 0.9 ms]
      [Humongous Reclaim: 0.0 ms]
      [Free CSet: 0.2 ms]
   [Eden: 24576.0K(24576.0K)->0.0B(24576.0K) Survivors: 1024.0K->1024.0K Heap: 31630.7K(512.0M)->7058.7K(512.0M)]
 [Times: user=0.29 sys=0.00, real=0.03 secs] 
2023-07-03T17:30:32.929+0000: 1732652.554: [GC pause (G1 Evacuation Pause) (young), 0.0221549 secs]
   [Parallel Time: 6.0 ms, GC Workers: 43]
      [GC Worker Start (ms): Min: 1732652556.2, Avg: 1732652558.1, Max: 1732652560.1, Diff: 3.9]
      [Ext Root Scanning (ms): Min: 0.0, Avg: 0.5, Max: 1.9, Diff: 1.9, Sum: 20.8]
      [Update RS (ms): Min: 0.0, Avg: 0.2, Max: 0.7, Diff: 0.6, Sum: 8.7]
         [Processed Buffers: Min: 0, Avg: 2.8, Max: 15, Diff: 15, Sum: 121]
      [Scan RS (ms): Min: 0.0, Avg: 0.0, Max: 0.0, Diff: 0.0, Sum: 0.2]
      [Code Root Scanning (ms): Min: 0.0, Avg: 0.0, Max: 0.0, Diff: 0.0, Sum: 0.0]
      [Object Copy (ms): Min: 0.0, Avg: 0.1, Max: 0.2, Diff: 0.2, Sum: 2.9]
      [Termination (ms): Min: 0.0, Avg: 1.3, Max: 1.7, Diff: 1.7, Sum: 56.6]
         [Termination Attempts: Min: 1, Avg: 1.0, Max: 1, Diff: 0, Sum: 43]
      [GC Worker Other (ms): Min: 0.0, Avg: 0.0, Max: 0.1, Diff: 0.0, Sum: 1.4]
      [GC Worker Total (ms): Min: 0.1, Avg: 2.1, Max: 4.0, Diff: 4.0, Sum: 90.7]
      [GC Worker End (ms): Min: 1732652560.1, Avg: 1732652560.2, Max: 1732652560.3, Diff: 0.2]
   [Code Root Fixup: 0.0 ms]
   [Code Root Purge: 0.0 ms]
   [Clear CT: 5.0 ms]
   [Other: 11.1 ms]
      [Choose CSet: 0.0 ms]
      [Ref Proc: 4.0 ms]
      [Ref Enq: 0.0 ms]
      [Redirty Cards: 5.0 ms]
      [Humongous Register: 0.9 ms]
      [Humongous Reclaim: 0.0 ms]
      [Free CSet: 0.2 ms]
   [Eden: 24576.0K(24576.0K)->0.0B(24576.0K) Survivors: 1024.0K->1024.0K Heap: 31634.7K(512.0M)->7060.8K(512.0M)]
 [Times: user=0.08 sys=0.07, real=0.02 secs] 
2023-07-04T02:00:10.429+0000: 1763230.055: [GC pause (G1 Evacuation Pause) (young), 0.0271401 secs]
   [Parallel Time: 7.1 ms, GC Workers: 43]
      [GC Worker Start (ms): Min: 1763230056.4, Avg: 1763230058.5, Max: 1763230061.4, Diff: 5.0]
      [Ext Root Scanning (ms): Min: 0.0, Avg: 0.5, Max: 2.1, Diff: 2.1, Sum: 21.0]
      [Update RS (ms): Min: 0.0, Avg: 0.2, Max: 0.5, Diff: 0.5, Sum: 8.0]
         [Processed Buffers: Min: 0, Avg: 2.8, Max: 14, Diff: 14, Sum: 120]
      [Scan RS (ms): Min: 0.0, Avg: 0.0, Max: 0.0, Diff: 0.0, Sum: 0.2]
      [Code Root Scanning (ms): Min: 0.0, Avg: 0.0, Max: 0.0, Diff: 0.0, Sum: 0.0]
      [Object Copy (ms): Min: 0.0, Avg: 0.1, Max: 0.2, Diff: 0.2, Sum: 2.3]
      [Termination (ms): Min: 0.0, Avg: 2.2, Max: 2.7, Diff: 2.7, Sum: 95.5]
         [Termination Attempts: Min: 1, Avg: 1.0, Max: 2, Diff: 1, Sum: 45]
      [GC Worker Other (ms): Min: 0.0, Avg: 0.0, Max: 0.1, Diff: 0.1, Sum: 1.4]
      [GC Worker Total (ms): Min: 0.0, Avg: 3.0, Max: 5.1, Diff: 5.1, Sum: 128.5]
      [GC Worker End (ms): Min: 1763230061.4, Avg: 1763230061.5, Max: 1763230061.6, Diff: 0.2]
   [Code Root Fixup: 0.0 ms]
   [Code Root Purge: 0.0 ms]
   [Clear CT: 7.0 ms]
   [Other: 13.0 ms]
      [Choose CSet: 0.0 ms]
      [Ref Proc: 5.1 ms]
      [Ref Enq: 0.0 ms]
      [Redirty Cards: 5.3 ms]
      [Humongous Register: 0.9 ms]
      [Humongous Reclaim: 0.0 ms]
      [Free CSet: 0.5 ms]
   [Eden: 24576.0K(24576.0K)->0.0B(24576.0K) Survivors: 1024.0K->1024.0K Heap: 31636.8K(512.0M)->7056.7K(512.0M)]
 [Times: user=0.21 sys=0.00, real=0.02 secs] 
2023-07-04T10:29:59.812+0000: 1793819.437: [GC pause (G1 Evacuation Pause) (young), 0.0254940 secs]
   [Parallel Time: 6.5 ms, GC Workers: 43]
      [GC Worker Start (ms): Min: 1793819439.0, Avg: 1793819441.0, Max: 1793819443.8, Diff: 4.9]
      [Ext Root Scanning (ms): Min: 0.0, Avg: 0.5, Max: 2.0, Diff: 2.0, Sum: 19.4]
      [Update RS (ms): Min: 0.0, Avg: 0.2, Max: 0.5, Diff: 0.5, Sum: 7.4]
         [Processed Buffers: Min: 0, Avg: 2.8, Max: 13, Diff: 13, Sum: 122]
      [Scan RS (ms): Min: 0.0, Avg: 0.0, Max: 0.0, Diff: 0.0, Sum: 0.2]
      [Code Root Scanning (ms): Min: 0.0, Avg: 0.0, Max: 0.0, Diff: 0.0, Sum: 0.0]
      [Object Copy (ms): Min: 0.0, Avg: 0.0, Max: 0.1, Diff: 0.1, Sum: 1.9]
      [Termination (ms): Min: 0.0, Avg: 2.2, Max: 2.8, Diff: 2.8, Sum: 95.5]
         [Termination Attempts: Min: 1, Avg: 1.0, Max: 1, Diff: 0, Sum: 43]
      [GC Worker Other (ms): Min: 0.0, Avg: 0.0, Max: 0.1, Diff: 0.0, Sum: 1.3]
      [GC Worker Total (ms): Min: 0.1, Avg: 2.9, Max: 5.0, Diff: 5.0, Sum: 125.7]
      [GC Worker End (ms): Min: 1793819443.9, Avg: 1793819444.0, Max: 1793819444.1, Diff: 0.2]
   [Code Root Fixup: 0.0 ms]
   [Code Root Purge: 0.0 ms]
   [Clear CT: 6.6 ms]
   [Other: 12.4 ms]
      [Choose CSet: 0.0 ms]
      [Ref Proc: 5.3 ms]
      [Ref Enq: 0.0 ms]
      [Redirty Cards: 5.0 ms]
      [Humongous Register: 0.9 ms]
      [Humongous Reclaim: 0.0 ms]
      [Free CSet: 0.2 ms]
   [Eden: 24576.0K(24576.0K)->0.0B(24576.0K) Survivors: 1024.0K->1024.0K Heap: 31632.7K(512.0M)->7054.7K(512.0M)]
 [Times: user=0.24 sys=0.00, real=0.02 secs] 
2023-07-04T19:00:19.089+0000: 1824438.714: [GC pause (G1 Evacuation Pause) (young), 0.0234872 secs]
   [Parallel Time: 5.9 ms, GC Workers: 43]
      [GC Worker Start (ms): Min: 1824438716.2, Avg: 1824438718.1, Max: 1824438720.2, Diff: 4.0]
      [Ext Root Scanning (ms): Min: 0.0, Avg: 0.4, Max: 2.1, Diff: 2.1, Sum: 18.5]
      [Update RS (ms): Min: 0.0, Avg: 0.2, Max: 0.5, Diff: 0.5, Sum: 7.4]
         [Processed Buffers: Min: 0, Avg: 2.8, Max: 18, Diff: 18, Sum: 121]
      [Scan RS (ms): Min: 0.0, Avg: 0.0, Max: 0.0, Diff: 0.0, Sum: 0.2]
      [Code Root Scanning (ms): Min: 0.0, Avg: 0.0, Max: 0.0, Diff: 0.0, Sum: 0.0]
      [Object Copy (ms): Min: 0.0, Avg: 0.0, Max: 0.1, Diff: 0.1, Sum: 1.5]
      [Termination (ms): Min: 0.0, Avg: 1.6, Max: 2.1, Diff: 2.1, Sum: 67.1]
         [Termination Attempts: Min: 1, Avg: 1.0, Max: 1, Diff: 0, Sum: 43]
      [GC Worker Other (ms): Min: 0.0, Avg: 0.0, Max: 0.0, Diff: 0.0, Sum: 1.3]
      [GC Worker Total (ms): Min: 0.1, Avg: 2.2, Max: 4.2, Diff: 4.1, Sum: 96.1]
      [GC Worker End (ms): Min: 1824438720.3, Avg: 1824438720.3, Max: 1824438720.5, Diff: 0.2]
   [Code Root Fixup: 0.0 ms]
   [Code Root Purge: 0.0 ms]
   [Clear CT: 5.4 ms]
   [Other: 12.2 ms]
      [Choose CSet: 0.0 ms]
      [Ref Proc: 4.6 ms]
      [Ref Enq: 0.0 ms]
      [Redirty Cards: 5.6 ms]
      [Humongous Register: 0.9 ms]
      [Humongous Reclaim: 0.0 ms]
      [Free CSet: 0.2 ms]
   [Eden: 24576.0K(24576.0K)->0.0B(24576.0K) Survivors: 1024.0K->1024.0K Heap: 31630.7K(512.0M)->7052.7K(512.0M)]
 [Times: user=0.14 sys=0.06, real=0.02 secs] 
2023-07-05T03:31:32.632+0000: 1855112.258: [GC pause (G1 Evacuation Pause) (young), 0.0237677 secs]
   [Parallel Time: 7.3 ms, GC Workers: 43]
      [GC Worker Start (ms): Min: 1855112259.3, Avg: 1855112261.4, Max: 1855112264.0, Diff: 4.6]
      [Ext Root Scanning (ms): Min: 0.0, Avg: 0.4, Max: 1.9, Diff: 1.9, Sum: 18.8]
      [Update RS (ms): Min: 0.0, Avg: 0.1, Max: 0.4, Diff: 0.4, Sum: 6.2]
         [Processed Buffers: Min: 0, Avg: 2.8, Max: 19, Diff: 19, Sum: 120]
      [Scan RS (ms): Min: 0.0, Avg: 0.0, Max: 0.0, Diff: 0.0, Sum: 0.2]
      [Code Root Scanning (ms): Min: 0.0, Avg: 0.0, Max: 0.0, Diff: 0.0, Sum: 0.0]
      [Object Copy (ms): Min: 0.0, Avg: 0.1, Max: 0.2, Diff: 0.2, Sum: 3.0]
      [Termination (ms): Min: 0.0, Avg: 2.1, Max: 2.6, Diff: 2.6, Sum: 89.1]
         [Termination Attempts: Min: 1, Avg: 1.0, Max: 1, Diff: 0, Sum: 43]
      [GC Worker Other (ms): Min: 0.0, Avg: 0.0, Max: 0.1, Diff: 0.1, Sum: 1.5]
      [GC Worker Total (ms): Min: 0.1, Avg: 2.8, Max: 4.7, Diff: 4.7, Sum: 118.9]
      [GC Worker End (ms): Min: 1855112264.0, Avg: 1855112264.1, Max: 1855112264.2, Diff: 0.2]
   [Code Root Fixup: 0.0 ms]
   [Code Root Purge: 0.0 ms]
   [Clear CT: 5.3 ms]
   [Other: 11.2 ms]
      [Choose CSet: 0.0 ms]
      [Ref Proc: 3.7 ms]
      [Ref Enq: 0.0 ms]
      [Redirty Cards: 5.4 ms]
      [Humongous Register: 0.9 ms]
      [Humongous Reclaim: 0.0 ms]
      [Free CSet: 0.2 ms]
   [Eden: 24576.0K(24576.0K)->0.0B(24576.0K) Survivors: 1024.0K->1024.0K Heap: 31628.7K(512.0M)->7064.8K(512.0M)]
 [Times: user=0.17 sys=0.00, real=0.02 secs] 
2023-07-05T12:02:00.646+0000: 1885740.272: [GC pause (G1 Evacuation Pause) (young), 0.0265437 secs]
   [Parallel Time: 6.2 ms, GC Workers: 43]
      [GC Worker Start (ms): Min: 1885740273.5, Avg: 1885740275.5, Max: 1885740277.7, Diff: 4.2]
      [Ext Root Scanning (ms): Min: 0.0, Avg: 0.5, Max: 2.0, Diff: 2.0, Sum: 22.5]
      [Update RS (ms): Min: 0.0, Avg: 0.2, Max: 0.7, Diff: 0.7, Sum: 10.2]
         [Processed Buffers: Min: 0, Avg: 2.7, Max: 20, Diff: 20, Sum: 118]
      [Scan RS (ms): Min: 0.0, Avg: 0.0, Max: 0.0, Diff: 0.0, Sum: 0.2]
      [Code Root Scanning (ms): Min: 0.0, Avg: 0.0, Max: 0.0, Diff: 0.0, Sum: 0.0]
      [Object Copy (ms): Min: 0.0, Avg: 0.1, Max: 0.2, Diff: 0.2, Sum: 2.5]
      [Termination (ms): Min: 0.0, Avg: 1.4, Max: 1.9, Diff: 1.9, Sum: 61.7]
         [Termination Attempts: Min: 1, Avg: 1.0, Max: 1, Diff: 0, Sum: 43]
      [GC Worker Other (ms): Min: 0.0, Avg: 0.0, Max: 0.1, Diff: 0.1, Sum: 1.4]
      [GC Worker Total (ms): Min: 0.1, Avg: 2.3, Max: 4.3, Diff: 4.2, Sum: 98.5]
      [GC Worker End (ms): Min: 1885740277.7, Avg: 1885740277.8, Max: 1885740277.9, Diff: 0.2]
   [Code Root Fixup: 0.0 ms]
   [Code Root Purge: 0.0 ms]
   [Clear CT: 8.0 ms]
   [Other: 12.3 ms]
      [Choose CSet: 0.0 ms]
      [Ref Proc: 4.8 ms]
      [Ref Enq: 0.0 ms]
      [Redirty Cards: 5.4 ms]
      [Humongous Register: 0.9 ms]
      [Humongous Reclaim: 0.0 ms]
      [Free CSet: 0.2 ms]
   [Eden: 24576.0K(24576.0K)->0.0B(24576.0K) Survivors: 1024.0K->1024.0K Heap: 31640.8K(512.0M)->7056.7K(512.0M)]
 [Times: user=0.18 sys=0.00, real=0.03 secs] 
2023-07-05T20:31:54.646+0000: 1916334.271: [GC pause (G1 Evacuation Pause) (young), 0.0236896 secs]
   [Parallel Time: 6.1 ms, GC Workers: 43]
      [GC Worker Start (ms): Min: 1916334273.0, Avg: 1916334275.1, Max: 1916334276.9, Diff: 3.9]
      [Ext Root Scanning (ms): Min: 0.0, Avg: 0.5, Max: 2.1, Diff: 2.0, Sum: 22.1]
      [Update RS (ms): Min: 0.0, Avg: 0.4, Max: 2.8, Diff: 2.8, Sum: 19.1]
         [Processed Buffers: Min: 0, Avg: 2.8, Max: 16, Diff: 16, Sum: 120]
      [Scan RS (ms): Min: 0.0, Avg: 0.0, Max: 0.0, Diff: 0.0, Sum: 0.2]
      [Code Root Scanning (ms): Min: 0.0, Avg: 0.0, Max: 0.0, Diff: 0.0, Sum: 0.0]
      [Object Copy (ms): Min: 0.0, Avg: 0.1, Max: 0.2, Diff: 0.2, Sum: 2.3]
      [Termination (ms): Min: 0.0, Avg: 1.9, Max: 2.6, Diff: 2.6, Sum: 79.6]
         [Termination Attempts: Min: 1, Avg: 1.0, Max: 1, Diff: 0, Sum: 43]
      [GC Worker Other (ms): Min: 0.0, Avg: 0.0, Max: 0.1, Diff: 0.1, Sum: 1.4]
      [GC Worker Total (ms): Min: 1.2, Avg: 2.9, Max: 4.9, Diff: 3.7, Sum: 124.9]
      [GC Worker End (ms): Min: 1916334277.9, Avg: 1916334278.0, Max: 1916334278.1, Diff: 0.2]
   [Code Root Fixup: 0.0 ms]
   [Code Root Purge: 0.0 ms]
   [Clear CT: 5.6 ms]
   [Other: 12.0 ms]
      [Choose CSet: 0.0 ms]
      [Ref Proc: 4.3 ms]
      [Ref Enq: 0.0 ms]
      [Redirty Cards: 5.6 ms]
      [Humongous Register: 0.9 ms]
      [Humongous Reclaim: 0.0 ms]
      [Free CSet: 0.2 ms]
   [Eden: 24576.0K(24576.0K)->0.0B(24576.0K) Survivors: 1024.0K->1024.0K Heap: 31632.7K(512.0M)->7054.7K(512.0M)]
 [Times: user=0.08 sys=0.09, real=0.03 secs] 
2023-07-06T05:02:06.879+0000: 1946946.504: [GC pause (G1 Evacuation Pause) (young), 0.0237765 secs]
   [Parallel Time: 6.4 ms, GC Workers: 43]
      [GC Worker Start (ms): Min: 1946946506.1, Avg: 1946946508.2, Max: 1946946510.2, Diff: 4.1]
      [Ext Root Scanning (ms): Min: 0.0, Avg: 0.5, Max: 2.0, Diff: 2.0, Sum: 19.4]
      [Update RS (ms): Min: 0.0, Avg: 0.1, Max: 0.3, Diff: 0.3, Sum: 5.1]
         [Processed Buffers: Min: 0, Avg: 2.7, Max: 14, Diff: 14, Sum: 117]
      [Scan RS (ms): Min: 0.0, Avg: 0.0, Max: 0.0, Diff: 0.0, Sum: 0.2]
      [Code Root Scanning (ms): Min: 0.0, Avg: 0.0, Max: 0.0, Diff: 0.0, Sum: 0.0]
      [Object Copy (ms): Min: 0.0, Avg: 0.1, Max: 0.2, Diff: 0.2, Sum: 3.3]
      [Termination (ms): Min: 0.0, Avg: 1.4, Max: 1.9, Diff: 1.9, Sum: 59.9]
         [Termination Attempts: Min: 1, Avg: 1.0, Max: 1, Diff: 0, Sum: 43]
      [GC Worker Other (ms): Min: 0.0, Avg: 0.0, Max: 0.1, Diff: 0.0, Sum: 1.4]
      [GC Worker Total (ms): Min: 0.0, Avg: 2.1, Max: 4.2, Diff: 4.2, Sum: 89.3]
      [GC Worker End (ms): Min: 1946946510.2, Avg: 1946946510.3, Max: 1946946510.4, Diff: 0.2]
   [Code Root Fixup: 0.0 ms]
   [Code Root Purge: 0.0 ms]
   [Clear CT: 5.1 ms]
   [Other: 12.2 ms]
      [Choose CSet: 0.0 ms]
      [Ref Proc: 4.9 ms]
      [Ref Enq: 0.0 ms]
      [Redirty Cards: 5.3 ms]
      [Humongous Register: 0.9 ms]
      [Humongous Reclaim: 0.0 ms]
      [Free CSet: 0.2 ms]
   [Eden: 24576.0K(24576.0K)->0.0B(24576.0K) Survivors: 1024.0K->1024.0K Heap: 31630.7K(512.0M)->7056.7K(512.0M)]
 [Times: user=0.18 sys=0.00, real=0.03 secs] 
2023-07-06T13:33:21.166+0000: 1977620.791: [GC pause (G1 Evacuation Pause) (young), 0.0243357 secs]
   [Parallel Time: 6.5 ms, GC Workers: 43]
      [GC Worker Start (ms): Min: 1977620793.0, Avg: 1977620795.1, Max: 1977620797.6, Diff: 4.6]
      [Ext Root Scanning (ms): Min: 0.0, Avg: 0.5, Max: 2.0, Diff: 2.0, Sum: 19.7]
      [Update RS (ms): Min: 0.0, Avg: 0.2, Max: 0.6, Diff: 0.6, Sum: 9.5]
         [Processed Buffers: Min: 0, Avg: 2.8, Max: 20, Diff: 20, Sum: 120]
      [Scan RS (ms): Min: 0.0, Avg: 0.0, Max: 0.0, Diff: 0.0, Sum: 0.2]
      [Code Root Scanning (ms): Min: 0.0, Avg: 0.0, Max: 0.0, Diff: 0.0, Sum: 0.0]
      [Object Copy (ms): Min: 0.0, Avg: 0.0, Max: 0.1, Diff: 0.1, Sum: 1.5]
      [Termination (ms): Min: 0.0, Avg: 1.9, Max: 2.3, Diff: 2.3, Sum: 80.5]
         [Termination Attempts: Min: 1, Avg: 1.0, Max: 1, Diff: 0, Sum: 43]
      [GC Worker Other (ms): Min: 0.0, Avg: 0.0, Max: 0.1, Diff: 0.1, Sum: 1.4]
      [GC Worker Total (ms): Min: 0.1, Avg: 2.6, Max: 4.7, Diff: 4.6, Sum: 112.8]
      [GC Worker End (ms): Min: 1977620797.7, Avg: 1977620797.7, Max: 1977620797.9, Diff: 0.2]
   [Code Root Fixup: 0.0 ms]
   [Code Root Purge: 0.0 ms]
   [Clear CT: 5.6 ms]
   [Other: 12.2 ms]
      [Choose CSet: 0.0 ms]
      [Ref Proc: 4.4 ms]
      [Ref Enq: 0.0 ms]
      [Redirty Cards: 5.8 ms]
      [Humongous Register: 0.9 ms]
      [Humongous Reclaim: 0.0 ms]
      [Free CSet: 0.2 ms]
   [Eden: 24576.0K(24576.0K)->0.0B(24576.0K) Survivors: 1024.0K->1024.0K Heap: 31632.7K(512.0M)->7054.7K(512.0M)]
 [Times: user=0.16 sys=0.03, real=0.03 secs] 
2023-07-06T22:04:28.592+0000: 2008288.217: [GC pause (G1 Evacuation Pause) (young), 0.0224913 secs]
   [Parallel Time: 6.6 ms, GC Workers: 43]
      [GC Worker Start (ms): Min: 2008288218.6, Avg: 2008288220.5, Max: 2008288223.0, Diff: 4.4]
      [Ext Root Scanning (ms): Min: 0.0, Avg: 0.4, Max: 1.8, Diff: 1.8, Sum: 18.8]
      [Update RS (ms): Min: 0.0, Avg: 0.2, Max: 0.5, Diff: 0.5, Sum: 7.1]
         [Processed Buffers: Min: 0, Avg: 2.7, Max: 19, Diff: 19, Sum: 117]
      [Scan RS (ms): Min: 0.0, Avg: 0.0, Max: 0.0, Diff: 0.0, Sum: 0.2]
      [Code Root Scanning (ms): Min: 0.0, Avg: 0.0, Max: 0.0, Diff: 0.0, Sum: 0.0]
      [Object Copy (ms): Min: 0.0, Avg: 0.0, Max: 0.1, Diff: 0.1, Sum: 1.5]
      [Termination (ms): Min: 0.0, Avg: 1.9, Max: 2.5, Diff: 2.5, Sum: 83.4]
         [Termination Attempts: Min: 1, Avg: 1.0, Max: 1, Diff: 0, Sum: 43]
      [GC Worker Other (ms): Min: 0.0, Avg: 0.0, Max: 0.1, Diff: 0.1, Sum: 1.4]
      [GC Worker Total (ms): Min: 0.0, Avg: 2.6, Max: 4.5, Diff: 4.5, Sum: 112.5]
      [GC Worker End (ms): Min: 2008288223.0, Avg: 2008288223.1, Max: 2008288223.2, Diff: 0.2]
   [Code Root Fixup: 0.0 ms]
   [Code Root Purge: 0.0 ms]
   [Clear CT: 5.0 ms]
   [Other: 10.8 ms]
      [Choose CSet: 0.0 ms]
      [Ref Proc: 4.2 ms]
      [Ref Enq: 0.0 ms]
      [Redirty Cards: 4.8 ms]
      [Humongous Register: 0.9 ms]
      [Humongous Reclaim: 0.0 ms]
      [Free CSet: 0.2 ms]
   [Eden: 24576.0K(24576.0K)->0.0B(24576.0K) Survivors: 1024.0K->1024.0K Heap: 31630.7K(512.0M)->7050.7K(512.0M)]
 [Times: user=0.19 sys=0.00, real=0.02 secs] 
2023-07-07T06:35:30.106+0000: 2038949.732: [GC pause (G1 Evacuation Pause) (young), 0.0246114 secs]
   [Parallel Time: 7.0 ms, GC Workers: 43]
      [GC Worker Start (ms): Min: 2038949733.4, Avg: 2038949735.4, Max: 2038949739.0, Diff: 5.6]
      [Ext Root Scanning (ms): Min: 0.0, Avg: 0.5, Max: 1.9, Diff: 1.9, Sum: 21.4]
      [Update RS (ms): Min: 0.0, Avg: 0.2, Max: 0.5, Diff: 0.5, Sum: 7.6]
         [Processed Buffers: Min: 0, Avg: 2.7, Max: 26, Diff: 26, Sum: 117]
      [Scan RS (ms): Min: 0.0, Avg: 0.0, Max: 0.0, Diff: 0.0, Sum: 0.2]
      [Code Root Scanning (ms): Min: 0.0, Avg: 0.0, Max: 0.0, Diff: 0.0, Sum: 0.0]
      [Object Copy (ms): Min: 0.0, Avg: 0.0, Max: 0.1, Diff: 0.1, Sum: 2.0]
      [Termination (ms): Min: 0.0, Avg: 3.0, Max: 3.6, Diff: 3.6, Sum: 129.9]
         [Termination Attempts: Min: 1, Avg: 1.0, Max: 1, Diff: 0, Sum: 43]
      [GC Worker Other (ms): Min: 0.0, Avg: 0.0, Max: 0.1, Diff: 0.0, Sum: 1.4]
      [GC Worker Total (ms): Min: 0.0, Avg: 3.8, Max: 5.9, Diff: 5.8, Sum: 162.5]
      [GC Worker End (ms): Min: 2038949739.0, Avg: 2038949739.1, Max: 2038949739.3, Diff: 0.2]
   [Code Root Fixup: 0.0 ms]
   [Code Root Purge: 0.0 ms]
   [Clear CT: 6.1 ms]
   [Other: 11.5 ms]
      [Choose CSet: 0.0 ms]
      [Ref Proc: 3.9 ms]
      [Ref Enq: 0.0 ms]
      [Redirty Cards: 5.7 ms]
      [Humongous Register: 0.9 ms]
      [Humongous Reclaim: 0.0 ms]
      [Free CSet: 0.2 ms]
   [Eden: 24576.0K(24576.0K)->0.0B(24576.0K) Survivors: 1024.0K->1024.0K Heap: 31626.7K(512.0M)->7060.8K(512.0M)]
 [Times: user=0.23 sys=0.00, real=0.03 secs] 
2023-07-07T15:05:55.442+0000: 2069575.067: [GC pause (G1 Evacuation Pause) (young), 0.0277440 secs]
   [Parallel Time: 7.4 ms, GC Workers: 43]
      [GC Worker Start (ms): Min: 2069575068.8, Avg: 2069575070.8, Max: 2069575073.8, Diff: 5.0]
      [Ext Root Scanning (ms): Min: 0.0, Avg: 0.4, Max: 1.8, Diff: 1.8, Sum: 17.6]
      [Update RS (ms): Min: 0.0, Avg: 0.2, Max: 0.6, Diff: 0.6, Sum: 8.1]
         [Processed Buffers: Min: 0, Avg: 2.8, Max: 17, Diff: 17, Sum: 121]
      [Scan RS (ms): Min: 0.0, Avg: 0.0, Max: 0.0, Diff: 0.0, Sum: 0.2]
      [Code Root Scanning (ms): Min: 0.0, Avg: 0.0, Max: 0.0, Diff: 0.0, Sum: 0.0]
      [Object Copy (ms): Min: 0.0, Avg: 0.1, Max: 0.3, Diff: 0.3, Sum: 2.3]
      [Termination (ms): Min: 0.0, Avg: 2.3, Max: 2.8, Diff: 2.8, Sum: 100.6]
         [Termination Attempts: Min: 1, Avg: 1.0, Max: 1, Diff: 0, Sum: 43]
      [GC Worker Other (ms): Min: 0.0, Avg: 0.0, Max: 0.1, Diff: 0.1, Sum: 1.4]
      [GC Worker Total (ms): Min: 0.0, Avg: 3.0, Max: 5.2, Diff: 5.1, Sum: 130.2]
      [GC Worker End (ms): Min: 2069575073.8, Avg: 2069575073.9, Max: 2069575074.0, Diff: 0.2]
   [Code Root Fixup: 0.0 ms]
   [Code Root Purge: 0.0 ms]
   [Clear CT: 7.0 ms]
   [Other: 13.3 ms]
      [Choose CSet: 0.0 ms]
      [Ref Proc: 4.8 ms]
      [Ref Enq: 0.0 ms]
      [Redirty Cards: 5.7 ms]
      [Humongous Register: 0.9 ms]
      [Humongous Reclaim: 0.0 ms]
      [Free CSet: 0.6 ms]
   [Eden: 24576.0K(24576.0K)->0.0B(24576.0K) Survivors: 1024.0K->1024.0K Heap: 31636.8K(512.0M)->7056.7K(512.0M)]
 [Times: user=0.20 sys=0.02, real=0.03 secs] 
2023-07-07T23:35:32.838+0000: 2100152.464: [GC pause (G1 Evacuation Pause) (young), 0.0260637 secs]
   [Parallel Time: 6.6 ms, GC Workers: 43]
      [GC Worker Start (ms): Min: 2100152465.3, Avg: 2100152467.4, Max: 2100152469.3, Diff: 4.0]
      [Ext Root Scanning (ms): Min: 0.0, Avg: 0.4, Max: 1.8, Diff: 1.8, Sum: 16.6]
      [Update RS (ms): Min: 0.0, Avg: 0.8, Max: 3.1, Diff: 3.1, Sum: 34.7]
         [Processed Buffers: Min: 0, Avg: 2.7, Max: 25, Diff: 25, Sum: 118]
      [Scan RS (ms): Min: 0.0, Avg: 0.0, Max: 0.0, Diff: 0.0, Sum: 0.2]
      [Code Root Scanning (ms): Min: 0.0, Avg: 0.0, Max: 0.0, Diff: 0.0, Sum: 0.0]
      [Object Copy (ms): Min: 0.0, Avg: 0.0, Max: 0.2, Diff: 0.2, Sum: 1.8]
      [Termination (ms): Min: 0.0, Avg: 1.7, Max: 2.8, Diff: 2.8, Sum: 73.4]
         [Termination Attempts: Min: 1, Avg: 1.0, Max: 1, Diff: 0, Sum: 43]
      [GC Worker Other (ms): Min: 0.0, Avg: 0.0, Max: 0.1, Diff: 0.1, Sum: 1.4]
      [GC Worker Total (ms): Min: 1.2, Avg: 3.0, Max: 5.1, Diff: 3.9, Sum: 128.1]
      [GC Worker End (ms): Min: 2100152470.3, Avg: 2100152470.4, Max: 2100152470.5, Diff: 0.2]
   [Code Root Fixup: 0.0 ms]
   [Code Root Purge: 0.0 ms]
   [Clear CT: 7.7 ms]
   [Other: 11.7 ms]
      [Choose CSet: 0.0 ms]
      [Ref Proc: 4.3 ms]
      [Ref Enq: 0.0 ms]
      [Redirty Cards: 5.3 ms]
      [Humongous Register: 0.9 ms]
      [Humongous Reclaim: 0.0 ms]
      [Free CSet: 0.2 ms]
   [Eden: 24576.0K(24576.0K)->0.0B(24576.0K) Survivors: 1024.0K->1024.0K Heap: 31632.7K(512.0M)->7053.7K(512.0M)]
 [Times: user=0.16 sys=0.00, real=0.03 secs] 
2023-07-08T08:06:00.646+0000: 2130780.271: [GC pause (G1 Evacuation Pause) (young), 0.0275602 secs]
   [Parallel Time: 6.5 ms, GC Workers: 43]
      [GC Worker Start (ms): Min: 2130780272.9, Avg: 2130780274.8, Max: 2130780276.7, Diff: 3.7]
      [Ext Root Scanning (ms): Min: 0.0, Avg: 0.5, Max: 2.0, Diff: 2.0, Sum: 21.4]
      [Update RS (ms): Min: 0.0, Avg: 0.2, Max: 0.5, Diff: 0.5, Sum: 8.1]
         [Processed Buffers: Min: 0, Avg: 2.8, Max: 16, Diff: 16, Sum: 120]
      [Scan RS (ms): Min: 0.0, Avg: 0.0, Max: 0.0, Diff: 0.0, Sum: 0.2]
      [Code Root Scanning (ms): Min: 0.0, Avg: 0.0, Max: 0.0, Diff: 0.0, Sum: 0.0]
      [Object Copy (ms): Min: 0.0, Avg: 0.0, Max: 0.2, Diff: 0.2, Sum: 1.9]
      [Termination (ms): Min: 0.0, Avg: 1.2, Max: 1.6, Diff: 1.6, Sum: 51.7]
         [Termination Attempts: Min: 1, Avg: 1.0, Max: 1, Diff: 0, Sum: 43]
      [GC Worker Other (ms): Min: 0.0, Avg: 0.0, Max: 0.1, Diff: 0.0, Sum: 1.5]
      [GC Worker Total (ms): Min: 0.1, Avg: 2.0, Max: 3.9, Diff: 3.8, Sum: 84.9]
      [GC Worker End (ms): Min: 2130780276.7, Avg: 2130780276.8, Max: 2130780276.9, Diff: 0.2]
   [Code Root Fixup: 0.0 ms]
   [Code Root Purge: 0.0 ms]
   [Clear CT: 6.3 ms]
   [Other: 14.8 ms]
      [Choose CSet: 0.0 ms]
      [Ref Proc: 7.0 ms]
      [Ref Enq: 0.0 ms]
      [Redirty Cards: 5.7 ms]
      [Humongous Register: 0.9 ms]
      [Humongous Reclaim: 0.0 ms]
      [Free CSet: 0.2 ms]
   [Eden: 24576.0K(24576.0K)->0.0B(24576.0K) Survivors: 1024.0K->1024.0K Heap: 31629.7K(512.0M)->7056.7K(512.0M)]
 [Times: user=0.08 sys=0.06, real=0.03 secs] 
2023-07-08T16:35:29.724+0000: 2161349.349: [GC pause (G1 Evacuation Pause) (young), 0.0240732 secs]
   [Parallel Time: 6.8 ms, GC Workers: 43]
      [GC Worker Start (ms): Min: 2161349350.7, Avg: 2161349352.7, Max: 2161349354.6, Diff: 3.8]
      [Ext Root Scanning (ms): Min: 0.0, Avg: 0.5, Max: 1.9, Diff: 1.9, Sum: 20.3]
      [Update RS (ms): Min: 0.0, Avg: 0.2, Max: 0.7, Diff: 0.7, Sum: 8.6]
         [Processed Buffers: Min: 0, Avg: 2.7, Max: 16, Diff: 16, Sum: 118]
      [Scan RS (ms): Min: 0.0, Avg: 0.0, Max: 0.0, Diff: 0.0, Sum: 0.2]
      [Code Root Scanning (ms): Min: 0.0, Avg: 0.0, Max: 0.0, Diff: 0.0, Sum: 0.0]
      [Object Copy (ms): Min: 0.0, Avg: 0.1, Max: 0.1, Diff: 0.1, Sum: 2.3]
      [Termination (ms): Min: 0.0, Avg: 1.2, Max: 1.8, Diff: 1.8, Sum: 53.3]
         [Termination Attempts: Min: 1, Avg: 1.0, Max: 2, Diff: 1, Sum: 45]
      [GC Worker Other (ms): Min: 0.0, Avg: 0.0, Max: 0.1, Diff: 0.1, Sum: 1.6]
      [GC Worker Total (ms): Min: 0.1, Avg: 2.0, Max: 3.9, Diff: 3.9, Sum: 86.2]
      [GC Worker End (ms): Min: 2161349354.6, Avg: 2161349354.7, Max: 2161349354.8, Diff: 0.2]
   [Code Root Fixup: 0.0 ms]
   [Code Root Purge: 0.0 ms]
   [Clear CT: 5.7 ms]
   [Other: 11.6 ms]
      [Choose CSet: 0.0 ms]
      [Ref Proc: 3.8 ms]
      [Ref Enq: 0.0 ms]
      [Redirty Cards: 5.6 ms]
      [Humongous Register: 0.9 ms]
      [Humongous Reclaim: 0.0 ms]
      [Free CSet: 0.2 ms]
   [Eden: 24576.0K(24576.0K)->0.0B(24576.0K) Survivors: 1024.0K->1024.0K Heap: 31632.7K(512.0M)->7058.7K(512.0M)]
 [Times: user=0.15 sys=0.00, real=0.02 secs] 
2023-07-09T01:04:55.039+0000: 2191914.664: [GC pause (G1 Evacuation Pause) (young), 0.0231260 secs]
   [Parallel Time: 5.7 ms, GC Workers: 43]
      [GC Worker Start (ms): Min: 2191914665.6, Avg: 2191914667.6, Max: 2191914670.1, Diff: 4.4]
      [Ext Root Scanning (ms): Min: 0.0, Avg: 0.5, Max: 1.9, Diff: 1.9, Sum: 20.4]
      [Update RS (ms): Min: 0.0, Avg: 0.2, Max: 0.6, Diff: 0.6, Sum: 8.9]
         [Processed Buffers: Min: 0, Avg: 2.8, Max: 20, Diff: 20, Sum: 120]
      [Scan RS (ms): Min: 0.0, Avg: 0.0, Max: 0.0, Diff: 0.0, Sum: 0.2]
      [Code Root Scanning (ms): Min: 0.0, Avg: 0.0, Max: 0.0, Diff: 0.0, Sum: 0.0]
      [Object Copy (ms): Min: 0.0, Avg: 0.0, Max: 0.2, Diff: 0.1, Sum: 1.6]
      [Termination (ms): Min: 0.0, Avg: 1.9, Max: 2.4, Diff: 2.4, Sum: 80.4]
         [Termination Attempts: Min: 1, Avg: 1.0, Max: 1, Diff: 0, Sum: 43]
      [GC Worker Other (ms): Min: 0.0, Avg: 0.0, Max: 0.0, Diff: 0.0, Sum: 1.3]
      [GC Worker Total (ms): Min: 0.1, Avg: 2.6, Max: 4.6, Diff: 4.5, Sum: 112.9]
      [GC Worker End (ms): Min: 2191914670.2, Avg: 2191914670.2, Max: 2191914670.4, Diff: 0.2]
   [Code Root Fixup: 0.0 ms]
   [Code Root Purge: 0.0 ms]
   [Clear CT: 5.7 ms]
   [Other: 11.7 ms]
      [Choose CSet: 0.0 ms]
      [Ref Proc: 4.1 ms]
      [Ref Enq: 0.0 ms]
      [Redirty Cards: 5.5 ms]
      [Humongous Register: 0.9 ms]
      [Humongous Reclaim: 0.0 ms]
      [Free CSet: 0.2 ms]
   [Eden: 24576.0K(24576.0K)->0.0B(24576.0K) Survivors: 1024.0K->1024.0K Heap: 31634.7K(512.0M)->7046.6K(512.0M)]
 [Times: user=0.16 sys=0.00, real=0.03 secs] 
2023-07-09T09:34:32.415+0000: 2222492.041: [GC pause (G1 Evacuation Pause) (young), 0.0235895 secs]
   [Parallel Time: 5.6 ms, GC Workers: 43]
      [GC Worker Start (ms): Min: 2222492042.3, Avg: 2222492044.3, Max: 2222492046.1, Diff: 3.8]
      [Ext Root Scanning (ms): Min: 0.0, Avg: 0.5, Max: 2.0, Diff: 2.0, Sum: 22.1]
      [Update RS (ms): Min: 0.0, Avg: 0.2, Max: 0.5, Diff: 0.5, Sum: 7.7]
         [Processed Buffers: Min: 0, Avg: 2.8, Max: 19, Diff: 19, Sum: 119]
      [Scan RS (ms): Min: 0.0, Avg: 0.0, Max: 0.0, Diff: 0.0, Sum: 0.2]
      [Code Root Scanning (ms): Min: 0.0, Avg: 0.0, Max: 0.0, Diff: 0.0, Sum: 0.0]
      [Object Copy (ms): Min: 0.0, Avg: 0.1, Max: 0.2, Diff: 0.2, Sum: 4.0]
      [Termination (ms): Min: 0.0, Avg: 1.1, Max: 1.6, Diff: 1.6, Sum: 48.2]
         [Termination Attempts: Min: 1, Avg: 1.0, Max: 1, Diff: 0, Sum: 43]
      [GC Worker Other (ms): Min: 0.0, Avg: 0.0, Max: 0.1, Diff: 0.0, Sum: 1.5]
      [GC Worker Total (ms): Min: 0.1, Avg: 1.9, Max: 3.9, Diff: 3.8, Sum: 83.7]
      [GC Worker End (ms): Min: 2222492046.2, Avg: 2222492046.3, Max: 2222492046.4, Diff: 0.2]
   [Code Root Fixup: 0.0 ms]
   [Code Root Purge: 0.0 ms]
   [Clear CT: 6.1 ms]
   [Other: 11.9 ms]
      [Choose CSet: 0.0 ms]
      [Ref Proc: 3.8 ms]
      [Ref Enq: 0.0 ms]
      [Redirty Cards: 6.0 ms]
      [Humongous Register: 0.9 ms]
      [Humongous Reclaim: 0.0 ms]
      [Free CSet: 0.2 ms]
   [Eden: 24576.0K(24576.0K)->0.0B(24576.0K) Survivors: 1024.0K->1024.0K Heap: 31622.6K(512.0M)->7062.8K(512.0M)]
 [Times: user=0.15 sys=0.00, real=0.02 secs] 
2023-07-09T18:04:15.883+0000: 2253075.508: [GC pause (G1 Evacuation Pause) (young), 0.0262055 secs]
   [Parallel Time: 6.5 ms, GC Workers: 43]
      [GC Worker Start (ms): Min: 2253075510.0, Avg: 2253075511.8, Max: 2253075513.5, Diff: 3.5]
      [Ext Root Scanning (ms): Min: 0.0, Avg: 0.5, Max: 2.0, Diff: 2.0, Sum: 22.8]
      [Update RS (ms): Min: 0.0, Avg: 0.2, Max: 0.5, Diff: 0.5, Sum: 8.0]
         [Processed Buffers: Min: 0, Avg: 2.8, Max: 12, Diff: 12, Sum: 120]
      [Scan RS (ms): Min: 0.0, Avg: 0.0, Max: 0.0, Diff: 0.0, Sum: 0.2]
      [Code Root Scanning (ms): Min: 0.0, Avg: 0.0, Max: 0.0, Diff: 0.0, Sum: 0.0]
      [Object Copy (ms): Min: 0.0, Avg: 0.1, Max: 0.2, Diff: 0.2, Sum: 3.3]
      [Termination (ms): Min: 0.0, Avg: 1.0, Max: 1.4, Diff: 1.4, Sum: 42.6]
         [Termination Attempts: Min: 1, Avg: 1.0, Max: 2, Diff: 1, Sum: 44]
      [GC Worker Other (ms): Min: 0.0, Avg: 0.0, Max: 0.1, Diff: 0.0, Sum: 1.4]
      [GC Worker Total (ms): Min: 0.1, Avg: 1.8, Max: 3.7, Diff: 3.7, Sum: 78.3]
      [GC Worker End (ms): Min: 2253075513.6, Avg: 2253075513.7, Max: 2253075513.8, Diff: 0.2]
   [Code Root Fixup: 0.0 ms]
   [Code Root Purge: 0.0 ms]
   [Clear CT: 6.6 ms]
   [Other: 13.1 ms]
      [Choose CSet: 0.0 ms]
      [Ref Proc: 4.8 ms]
      [Ref Enq: 0.0 ms]
      [Redirty Cards: 5.6 ms]
      [Humongous Register: 0.9 ms]
      [Humongous Reclaim: 0.0 ms]
      [Free CSet: 0.6 ms]
   [Eden: 24576.0K(24576.0K)->0.0B(24576.0K) Survivors: 1024.0K->1024.0K Heap: 31638.8K(512.0M)->7064.8K(512.0M)]
 [Times: user=0.13 sys=0.00, real=0.03 secs] 
2023-07-10T02:33:41.304+0000: 2283640.929: [GC pause (G1 Evacuation Pause) (young), 0.0244052 secs]
   [Parallel Time: 6.4 ms, GC Workers: 43]
      [GC Worker Start (ms): Min: 2283640930.7, Avg: 2283640932.8, Max: 2283640934.8, Diff: 4.1]
      [Ext Root Scanning (ms): Min: 0.0, Avg: 0.5, Max: 2.1, Diff: 2.0, Sum: 20.9]
      [Update RS (ms): Min: 0.0, Avg: 0.2, Max: 0.6, Diff: 0.6, Sum: 8.6]
         [Processed Buffers: Min: 0, Avg: 2.8, Max: 23, Diff: 23, Sum: 120]
      [Scan RS (ms): Min: 0.0, Avg: 0.0, Max: 0.0, Diff: 0.0, Sum: 0.3]
      [Code Root Scanning (ms): Min: 0.0, Avg: 0.0, Max: 0.0, Diff: 0.0, Sum: 0.0]
      [Object Copy (ms): Min: 0.0, Avg: 0.1, Max: 0.2, Diff: 0.2, Sum: 2.3]
      [Termination (ms): Min: 0.0, Avg: 1.4, Max: 1.8, Diff: 1.8, Sum: 59.0]
         [Termination Attempts: Min: 1, Avg: 1.0, Max: 1, Diff: 0, Sum: 43]
      [GC Worker Other (ms): Min: 0.0, Avg: 0.0, Max: 0.1, Diff: 0.0, Sum: 1.5]
      [GC Worker Total (ms): Min: 0.1, Avg: 2.2, Max: 4.1, Diff: 4.1, Sum: 92.5]
      [GC Worker End (ms): Min: 2283640934.9, Avg: 2283640934.9, Max: 2283640935.1, Diff: 0.2]
   [Code Root Fixup: 0.0 ms]
   [Code Root Purge: 0.0 ms]
   [Clear CT: 5.6 ms]
   [Other: 12.4 ms]
      [Choose CSet: 0.0 ms]
      [Ref Proc: 4.4 ms]
      [Ref Enq: 0.0 ms]
      [Redirty Cards: 5.9 ms]
      [Humongous Register: 0.9 ms]
      [Humongous Reclaim: 0.0 ms]
      [Free CSet: 0.2 ms]
   [Eden: 24576.0K(24576.0K)->0.0B(24576.0K) Survivors: 1024.0K->1024.0K Heap: 31640.8K(512.0M)->7058.7K(512.0M)]
 [Times: user=0.15 sys=0.00, real=0.02 secs] 
2023-07-10T11:02:48.655+0000: 2314188.280: [GC pause (G1 Evacuation Pause) (young), 0.0197779 secs]
   [Parallel Time: 5.1 ms, GC Workers: 43]
      [GC Worker Start (ms): Min: 2314188282.0, Avg: 2314188284.2, Max: 2314188286.4, Diff: 4.3]
      [Ext Root Scanning (ms): Min: 0.0, Avg: 0.4, Max: 1.9, Diff: 1.9, Sum: 17.6]
      [Update RS (ms): Min: 0.0, Avg: 0.2, Max: 0.5, Diff: 0.5, Sum: 6.6]
         [Processed Buffers: Min: 0, Avg: 2.8, Max: 20, Diff: 20, Sum: 122]
      [Scan RS (ms): Min: 0.0, Avg: 0.0, Max: 0.0, Diff: 0.0, Sum: 0.3]
      [Code Root Scanning (ms): Min: 0.0, Avg: 0.0, Max: 0.0, Diff: 0.0, Sum: 0.0]
      [Object Copy (ms): Min: 0.0, Avg: 0.0, Max: 0.1, Diff: 0.1, Sum: 2.1]
      [Termination (ms): Min: 0.0, Avg: 1.7, Max: 2.2, Diff: 2.2, Sum: 72.6]
         [Termination Attempts: Min: 1, Avg: 1.0, Max: 1, Diff: 0, Sum: 43]
      [GC Worker Other (ms): Min: 0.0, Avg: 0.0, Max: 0.1, Diff: 0.0, Sum: 1.5]
      [GC Worker Total (ms): Min: 0.0, Avg: 2.3, Max: 4.5, Diff: 4.4, Sum: 100.7]
      [GC Worker End (ms): Min: 2314188286.4, Avg: 2314188286.5, Max: 2314188286.6, Diff: 0.2]
   [Code Root Fixup: 0.0 ms]
   [Code Root Purge: 0.0 ms]
   [Clear CT: 6.3 ms]
   [Other: 8.4 ms]
      [Choose CSet: 0.0 ms]
      [Ref Proc: 1.5 ms]
      [Ref Enq: 0.0 ms]
      [Redirty Cards: 5.0 ms]
      [Humongous Register: 0.9 ms]
      [Humongous Reclaim: 0.0 ms]
      [Free CSet: 0.2 ms]
   [Eden: 24576.0K(24576.0K)->0.0B(24576.0K) Survivors: 1024.0K->1024.0K Heap: 31634.7K(512.0M)->7058.7K(512.0M)]
 [Times: user=0.14 sys=0.00, real=0.02 secs] 
2023-07-10T19:32:45.646+0000: 2344785.272: [GC pause (G1 Evacuation Pause) (young), 0.0259218 secs]
   [Parallel Time: 6.2 ms, GC Workers: 43]
      [GC Worker Start (ms): Min: 2344785273.4, Avg: 2344785275.4, Max: 2344785277.8, Diff: 4.4]
      [Ext Root Scanning (ms): Min: 0.0, Avg: 0.5, Max: 2.0, Diff: 2.0, Sum: 23.5]
      [Update RS (ms): Min: 0.0, Avg: 0.2, Max: 0.5, Diff: 0.5, Sum: 8.4]
         [Processed Buffers: Min: 0, Avg: 2.8, Max: 17, Diff: 17, Sum: 120]
      [Scan RS (ms): Min: 0.0, Avg: 0.0, Max: 0.0, Diff: 0.0, Sum: 0.2]
      [Code Root Scanning (ms): Min: 0.0, Avg: 0.0, Max: 0.0, Diff: 0.0, Sum: 0.0]
      [Object Copy (ms): Min: 0.0, Avg: 0.0, Max: 0.2, Diff: 0.2, Sum: 2.1]
      [Termination (ms): Min: 0.0, Avg: 1.7, Max: 2.1, Diff: 2.1, Sum: 72.0]
         [Termination Attempts: Min: 1, Avg: 1.0, Max: 1, Diff: 0, Sum: 43]
      [GC Worker Other (ms): Min: 0.0, Avg: 0.0, Max: 0.1, Diff: 0.0, Sum: 1.4]
      [GC Worker Total (ms): Min: 0.0, Avg: 2.5, Max: 4.4, Diff: 4.4, Sum: 107.8]
      [GC Worker End (ms): Min: 2344785277.8, Avg: 2344785277.9, Max: 2344785278.1, Diff: 0.2]
   [Code Root Fixup: 0.0 ms]
   [Code Root Purge: 0.0 ms]
   [Clear CT: 6.1 ms]
   [Other: 13.6 ms]
      [Choose CSet: 0.0 ms]
      [Ref Proc: 5.3 ms]
      [Ref Enq: 0.0 ms]
      [Redirty Cards: 6.2 ms]
      [Humongous Register: 0.9 ms]
      [Humongous Reclaim: 0.0 ms]
      [Free CSet: 0.2 ms]
   [Eden: 24576.0K(24576.0K)->0.0B(24576.0K) Survivors: 1024.0K->1024.0K Heap: 31634.7K(512.0M)->7058.7K(512.0M)]
 [Times: user=0.19 sys=0.00, real=0.03 secs] 
2023-07-11T04:00:56.987+0000: 2375276.612: [GC pause (G1 Evacuation Pause) (young), 0.0221139 secs]
   [Parallel Time: 5.3 ms, GC Workers: 43]
      [GC Worker Start (ms): Min: 2375276614.0, Avg: 2375276616.1, Max: 2375276618.4, Diff: 4.3]
      [Ext Root Scanning (ms): Min: 0.0, Avg: 0.5, Max: 2.0, Diff: 2.0, Sum: 20.0]
      [Update RS (ms): Min: 0.0, Avg: 0.2, Max: 0.5, Diff: 0.5, Sum: 7.8]
         [Processed Buffers: Min: 0, Avg: 2.7, Max: 12, Diff: 12, Sum: 116]
      [Scan RS (ms): Min: 0.0, Avg: 0.0, Max: 0.0, Diff: 0.0, Sum: 0.2]
      [Code Root Scanning (ms): Min: 0.0, Avg: 0.0, Max: 0.0, Diff: 0.0, Sum: 0.0]
      [Object Copy (ms): Min: 0.0, Avg: 0.1, Max: 0.2, Diff: 0.2, Sum: 3.0]
      [Termination (ms): Min: 0.0, Avg: 1.7, Max: 2.1, Diff: 2.1, Sum: 71.3]
         [Termination Attempts: Min: 1, Avg: 1.0, Max: 1, Diff: 0, Sum: 43]
      [GC Worker Other (ms): Min: 0.0, Avg: 0.0, Max: 0.1, Diff: 0.0, Sum: 1.5]
      [GC Worker Total (ms): Min: 0.0, Avg: 2.4, Max: 4.5, Diff: 4.5, Sum: 103.8]
      [GC Worker End (ms): Min: 2375276618.4, Avg: 2375276618.5, Max: 2375276618.6, Diff: 0.2]
   [Code Root Fixup: 0.0 ms]
   [Code Root Purge: 0.0 ms]
   [Clear CT: 6.0 ms]
   [Other: 10.9 ms]
      [Choose CSet: 0.0 ms]
      [Ref Proc: 3.0 ms]
      [Ref Enq: 0.0 ms]
      [Redirty Cards: 5.8 ms]
      [Humongous Register: 0.9 ms]
      [Humongous Reclaim: 0.0 ms]
      [Free CSet: 0.2 ms]
   [Eden: 24576.0K(24576.0K)->0.0B(24576.0K) Survivors: 1024.0K->1024.0K Heap: 31634.7K(512.0M)->7058.7K(512.0M)]
 [Times: user=0.16 sys=0.00, real=0.03 secs] 
